[[1;34mINFO[m] Scanning for projects...
[[1;34mINFO[m] 
[[1;34mINFO[m] [1m------------------------< [0;36mpt.ua.sd:sd-projeto[0;1m >-------------------------[m
[[1;34mINFO[m] [1mBuilding sd-projeto 1.0-SNAPSHOT[m
[[1;34mINFO[m] [1m--------------------------------[ jar ]---------------------------------[m
[[1;34mINFO[m] 
[[1;34mINFO[m] [1m--- [0;32mmaven-resources-plugin:2.6:resources[m [1m(default-resources)[m @ [36msd-projeto[0;1m ---[m
[[1;34mINFO[m] Using 'UTF-8' encoding to copy filtered resources.
[[1;34mINFO[m] skip non existing resourceDirectory /home/beatriz-freitas/3ano/1SEM/SD/Projeto/SD/src/main/resources
[[1;34mINFO[m] 
[[1;34mINFO[m] [1m--- [0;32mmaven-compiler-plugin:3.11.0:compile[m [1m(default-compile)[m @ [36msd-projeto[0;1m ---[m
[[1;34mINFO[m] Changes detected - recompiling the module! :input tree
[[1;34mINFO[m] Compiling 66 source files with javac [debug target 17] to target/classes
[[1;33mWARNING[m] location of system modules is not set in conjunction with -source 17
  not setting the location of system modules may lead to class files that cannot run on JDK 17
    --release 17 is recommended instead of -source 17 -target 17 because it sets the location of system modules automatically
[[1;34mINFO[m] 
[[1;34mINFO[m] [1m--- [0;32mmaven-resources-plugin:2.6:testResources[m [1m(default-testResources)[m @ [36msd-projeto[0;1m ---[m
[[1;34mINFO[m] Using 'UTF-8' encoding to copy filtered resources.
[[1;34mINFO[m] skip non existing resourceDirectory /home/beatriz-freitas/3ano/1SEM/SD/Projeto/SD/src/test/resources
[[1;34mINFO[m] 
[[1;34mINFO[m] [1m--- [0;32mmaven-compiler-plugin:3.11.0:testCompile[m [1m(default-testCompile)[m @ [36msd-projeto[0;1m ---[m
[[1;34mINFO[m] Changes detected - recompiling the module! :dependency
[[1;34mINFO[m] Compiling 10 source files with javac [debug target 17] to target/test-classes
[[1;33mWARNING[m] location of system modules is not set in conjunction with -source 17
  not setting the location of system modules may lead to class files that cannot run on JDK 17
    --release 17 is recommended instead of -source 17 -target 17 because it sets the location of system modules automatically
[[1;34mINFO[m] 
[[1;34mINFO[m] [1m--- [0;32mmaven-surefire-plugin:3.2.5:test[m [1m(default-test)[m @ [36msd-projeto[0;1m ---[m
[[1;34mINFO[m] Using auto detected provider org.apache.maven.surefire.junitplatform.JUnitPlatformProvider
[[1;34mINFO[m] 
[[1;34mINFO[m] -------------------------------------------------------
[[1;34mINFO[m]  T E S T S
[[1;34mINFO[m] -------------------------------------------------------
[[1;34mINFO[m] Running testes.[1mShutdownTest[m
ServicoEventos iniciado no dia: 8 (Janela D=30)
RequestDispatcher criado com D=30 e S=5
==================================================
  SERVIÇO DE GESTÃO DE VENDAS
==================================================
Porta: 5557
Dias (D): 30
Séries (S): 5

Thread Pools:
  - Client Handlers: 20 threads
  - Request Workers: 50 threads
==================================================
Aguardando conexões...

DeadlockMonitor iniciado (intervalo: 30s)
ClienteMiddleware configurado com conexão dedicada
[Server] Cliente conectado: /127.0.0.1 (Total: 1)
Conectado ao servidor localhost:5557 (dedicado)
Cliente conectado: /127.0.0.1
Novo utilizador registado: shutdown11767984671269
Utilizador autenticado: shutdown11767984671269

==================================================
  ENCERRANDO SERVIDOR
==================================================

[0/4] Notificando clientes...

========================================
Notificando 1 clientes sobre shutdown...
========================================
Notificados 1 clientes

========================================
         SERVIDOR ENCERRADO
========================================
Razão: Servidor sendo encerrado
========================================

ServerSocket fechado.

[1/4] Fechando sockets de clientes...
Fechados 1 socket(s) de cliente(s).

[2/4] Encerrando client handlers...
  Chamando shutdown em Client Handler Pool...
  Aguardando término de Client Handler Pool (timeout: 5s)...
[ERRO] 2026-01-09 18:51:11.876 - ClientHandler[cliente=/127.0.0.1]
  Exceção: java.net.SocketException: Socket closed
java.net.SocketException: Socket closed
	at java.base/sun.nio.ch.NioSocketImpl.endRead(NioSocketImpl.java:243)
	at java.base/sun.nio.ch.NioSocketImpl.implRead(NioSocketImpl.java:323)
	at java.base/sun.nio.ch.NioSocketImpl.read(NioSocketImpl.java:346)
	at java.base/sun.nio.ch.NioSocketImpl$1.read(NioSocketImpl.java:796)
	at java.base/java.net.Socket$SocketInputStream.implRead(Socket.java:1116)
	at java.base/java.net.Socket$SocketInputStream.read(Socket.java:1103)
	at java.base/java.io.DataInputStream.readFully(DataInputStream.java:208)
	at java.base/java.io.DataInputStream.readInt(DataInputStream.java:385)
	at middleware.Protocolo.receber(Protocolo.java:26)
	at server.presentation.handlers.ClientHandler.run(ClientHandler.java:46)
	at common.concurrency.ThreadPoolImpl.runWorkerLoop(ThreadPoolImpl.java:229)
	at java.base/java.lang.Thread.run(Thread.java:1575)

  ✓ Client Handler Pool encerrada com sucesso.

[3/5] Processando requests pendentes...
✓ Todas requests pendentes foram processadas.

[4/4] Cleanup concluído.
==================================================
  SERVIDOR ENCERRADO COM SUCESSO
==================================================

DeadlockMonitor parado
Encerrando RequestDispatcher...
RequestDispatcher encerrado
Desconectado do servidor

==================================================
  ENCERRANDO SERVIDOR
==================================================

[0/4] Notificando clientes...

========================================
Notificando 0 clientes sobre shutdown...
========================================
Notificados 0 clientes

[1/4] Fechando sockets de clientes...
Nenhum socket de cliente para fechar.

[2/4] Encerrando client handlers...
  Chamando shutdown em Client Handler Pool...
  Aguardando término de Client Handler Pool (timeout: 5s)...
  ✓ Client Handler Pool encerrada com sucesso.

[3/5] Processando requests pendentes...
✓ Todas requests pendentes foram processadas.

[4/4] Cleanup concluído.
==================================================
  SERVIDOR ENCERRADO COM SUCESSO
==================================================

Encerrando RequestDispatcher...
RequestDispatcher encerrado

==================================================
  ENCERRANDO SERVIDOR
==================================================

[0/4] Notificando clientes...

========================================
Notificando 0 clientes sobre shutdown...
========================================
Notificados 0 clientes

[1/4] Fechando sockets de clientes...
Nenhum socket de cliente para fechar.

[2/4] Encerrando client handlers...
  Chamando shutdown em Client Handler Pool...
  Aguardando término de Client Handler Pool (timeout: 5s)...
  ✓ Client Handler Pool encerrada com sucesso.

[3/5] Processando requests pendentes...
✓ Todas requests pendentes foram processadas.

[4/4] Cleanup concluído.
==================================================
  SERVIDOR ENCERRADO COM SUCESSO
==================================================

Encerrando RequestDispatcher...
RequestDispatcher encerrado
ServicoEventos iniciado no dia: 8 (Janela D=30)
RequestDispatcher criado com D=30 e S=5
==================================================
  SERVIÇO DE GESTÃO DE VENDAS
==================================================
Porta: 5557
Dias (D): 30
Séries (S): 5

Thread Pools:
  - Client Handlers: 20 threads
  - Request Workers: 50 threads
==================================================
Aguardando conexões...

DeadlockMonitor iniciado (intervalo: 30s)
ClienteMiddleware configurado com conexão dedicada
[Server] Cliente conectado: /127.0.0.1 (Total: 1)
Conectado ao servidor localhost:5557 (dedicado)
Cliente conectado: /127.0.0.1
Novo utilizador registado: shutdown21767984676407
Utilizador autenticado: shutdown21767984676407

==================================================
  ENCERRANDO SERVIDOR
==================================================

[0/4] Notificando clientes...

========================================
Notificando 1 clientes sobre shutdown...
========================================
Notificados 1 clientes

========================================
         SERVIDOR ENCERRADO
========================================
Razão: Servidor sendo encerrado
========================================

ServerSocket fechado.

[1/4] Fechando sockets de clientes...
Fechados 1 socket(s) de cliente(s).

[2/4] Encerrando client handlers...
  Chamando shutdown em Client Handler Pool...
  Aguardando término de Client Handler Pool (timeout: 5s)...
[ERRO] 2026-01-09 18:51:16.952 - ClientHandler[cliente=/127.0.0.1]
  Exceção: java.net.SocketException: Socket closed
java.net.SocketException: Socket closed
	at java.base/sun.nio.ch.NioSocketImpl.endRead(NioSocketImpl.java:243)
	at java.base/sun.nio.ch.NioSocketImpl.implRead(NioSocketImpl.java:323)
	at java.base/sun.nio.ch.NioSocketImpl.read(NioSocketImpl.java:346)
	at java.base/sun.nio.ch.NioSocketImpl$1.read(NioSocketImpl.java:796)
	at java.base/java.net.Socket$SocketInputStream.implRead(Socket.java:1116)
	at java.base/java.net.Socket$SocketInputStream.read(Socket.java:1103)
	at java.base/java.io.DataInputStream.readFully(DataInputStream.java:208)
	at java.base/java.io.DataInputStream.readInt(DataInputStream.java:385)
	at middleware.Protocolo.receber(Protocolo.java:26)
	at server.presentation.handlers.ClientHandler.run(ClientHandler.java:46)
	at common.concurrency.ThreadPoolImpl.runWorkerLoop(ThreadPoolImpl.java:229)
	at java.base/java.lang.Thread.run(Thread.java:1575)

  ✓ Client Handler Pool encerrada com sucesso.

[3/5] Processando requests pendentes...
✓ Todas requests pendentes foram processadas.

[4/4] Cleanup concluído.
==================================================
  SERVIDOR ENCERRADO COM SUCESSO
==================================================

DeadlockMonitor parado
Encerrando RequestDispatcher...
RequestDispatcher encerrado
Desconectado do servidor

==================================================
  ENCERRANDO SERVIDOR
==================================================

[0/4] Notificando clientes...

========================================
Notificando 0 clientes sobre shutdown...
========================================
Notificados 0 clientes

[1/4] Fechando sockets de clientes...
Nenhum socket de cliente para fechar.

[2/4] Encerrando client handlers...
  Chamando shutdown em Client Handler Pool...
  Aguardando término de Client Handler Pool (timeout: 5s)...
  ✓ Client Handler Pool encerrada com sucesso.

[3/5] Processando requests pendentes...
✓ Todas requests pendentes foram processadas.

[4/4] Cleanup concluído.
==================================================
  SERVIDOR ENCERRADO COM SUCESSO
==================================================

Encerrando RequestDispatcher...
RequestDispatcher encerrado

==================================================
  ENCERRANDO SERVIDOR
==================================================

[0/4] Notificando clientes...

========================================
Notificando 0 clientes sobre shutdown...
========================================
Notificados 0 clientes

[1/4] Fechando sockets de clientes...
Nenhum socket de cliente para fechar.

[2/4] Encerrando client handlers...
  Chamando shutdown em Client Handler Pool...
  Aguardando término de Client Handler Pool (timeout: 5s)...
  ✓ Client Handler Pool encerrada com sucesso.

[3/5] Processando requests pendentes...
✓ Todas requests pendentes foram processadas.

[4/4] Cleanup concluído.
==================================================
  SERVIDOR ENCERRADO COM SUCESSO
==================================================

Encerrando RequestDispatcher...
RequestDispatcher encerrado
ServicoEventos iniciado no dia: 8 (Janela D=30)
RequestDispatcher criado com D=30 e S=5
==================================================
  SERVIÇO DE GESTÃO DE VENDAS
==================================================
Porta: 5557
Dias (D): 30
Séries (S): 5

Thread Pools:
  - Client Handlers: 20 threads
  - Request Workers: 50 threads
==================================================
Aguardando conexões...

DeadlockMonitor iniciado (intervalo: 30s)
ClienteMiddleware configurado com conexão dedicada
ClienteMiddleware configurado com conexão dedicada
ClienteMiddleware configurado com conexão dedicada
ClienteMiddleware configurado com conexão dedicada
ClienteMiddleware configurado com conexão dedicada
[Server] Cliente conectado: /127.0.0.1 (Total: 1)
ClienteMiddleware configurado com conexão dedicada
Conectado ao servidor localhost:5557 (dedicado)
Conectado ao servidor localhost:5557 (dedicado)
ClienteMiddleware configurado com conexão dedicada
[Server] Cliente conectado: /127.0.0.1 (Total: 2)
Cliente conectado: /127.0.0.1
Conectado ao servidor localhost:5557 (dedicado)
Conectado ao servidor localhost:5557 (dedicado)
Conectado ao servidor localhost:5557 (dedicado)
ClienteMiddleware configurado com conexão dedicada
Conectado ao servidor localhost:5557 (dedicado)
[Server] Cliente conectado: /127.0.0.1 (Total: 3)
Conectado ao servidor localhost:5557 (dedicado)
Cliente conectado: /127.0.0.1
[Server] Cliente conectado: /127.0.0.1 (Total: 4)
Cliente conectado: /127.0.0.1
[Server] Cliente conectado: /127.0.0.1 (Total: 5)
ClienteMiddleware configurado com conexão dedicada
Conectado ao servidor localhost:5557 (dedicado)
ClienteMiddleware configurado com conexão dedicada
Conectado ao servidor localhost:5557 (dedicado)
Conectado ao servidor localhost:5557 (dedicado)
Cliente conectado: /127.0.0.1
[Server] Cliente conectado: /127.0.0.1 (Total: 6)
[Server] Cliente conectado: /127.0.0.1 (Total: 7)
Cliente conectado: /127.0.0.1
Cliente conectado: /127.0.0.1
Cliente conectado: /127.0.0.1
[Server] Cliente conectado: /127.0.0.1 (Total: 8)
[Server] Cliente conectado: /127.0.0.1 (Total: 9)
Cliente conectado: /127.0.0.1
Cliente conectado: /127.0.0.1
[Server] Cliente conectado: /127.0.0.1 (Total: 10)
Cliente conectado: /127.0.0.1

==================================================
  ENCERRANDO SERVIDOR
==================================================

[0/4] Notificando clientes...

========================================
Notificando 10 clientes sobre shutdown...
========================================

========================================
         SERVIDOR ENCERRADO
========================================
Razão: Servidor sendo encerrado
========================================


========================================
         SERVIDOR ENCERRADO
========================================
Razão: Servidor sendo encerrado
========================================


========================================
         SERVIDOR ENCERRADO
========================================
Razão: Servidor sendo encerrado
========================================


========================================
         SERVIDOR ENCERRADO
========================================
Razão: Servidor sendo encerrado
========================================


========================================
         SERVIDOR ENCERRADO
========================================
Razão: Servidor sendo encerrado
========================================


========================================
         SERVIDOR ENCERRADO
========================================
Razão: Servidor sendo encerrado
========================================


========================================
         SERVIDOR ENCERRADO
========================================
Razão: Servidor sendo encerrado
========================================


========================================
         SERVIDOR ENCERRADO
========================================
Razão: Servidor sendo encerrado
========================================

Notificados 10 clientes

========================================
         SERVIDOR ENCERRADO
========================================
Razão: Servidor sendo encerrado
========================================


========================================
         SERVIDOR ENCERRADO
========================================
Razão: Servidor sendo encerrado
========================================

ServerSocket fechado.

[1/4] Fechando sockets de clientes...
Fechados 10 socket(s) de cliente(s).

[2/4] Encerrando client handlers...
  Chamando shutdown em Client Handler Pool...
  Aguardando término de Client Handler Pool (timeout: 5s)...
[ERRO] 2026-01-09 18:51:24.044 - ClientHandler[cliente=/127.0.0.1]
  Exceção: java.net.SocketException: Socket closed
java.net.SocketException: Socket closed
	at java.base/sun.nio.ch.NioSocketImpl.endRead(NioSocketImpl.java:243)
	at java.base/sun.nio.ch.NioSocketImpl.implRead(NioSocketImpl.java:323)
	at java.base/sun.nio.ch.NioSocketImpl.read(NioSocketImpl.java:346)
	at java.base/sun.nio.ch.NioSocketImpl$1.read(NioSocketImpl.java:796)
	at java.base/java.net.Socket$SocketInputStream.implRead(Socket.java:1116)
	at java.base/java.net.Socket$SocketInputStream.read(Socket.java:1103)
	at java.base/java.io.DataInputStream.readFully(DataInputStream.java:208)
	at java.base/java.io.DataInputStream.readInt(DataInputStream.java:385)
	at middleware.Protocolo.receber(Protocolo.java:26)
	at server.presentation.handlers.ClientHandler.run(ClientHandler.java:46)
	at common.concurrency.ThreadPoolImpl.runWorkerLoop(ThreadPoolImpl.java:229)
	at java.base/java.lang.Thread.run(Thread.java:1575)

[ERRO] 2026-01-09 18:51:24.044 - ClientHandler[cliente=/127.0.0.1]
  Exceção: java.net.SocketException: Socket closed
java.net.SocketException: Socket closed
	at java.base/sun.nio.ch.NioSocketImpl.endRead(NioSocketImpl.java:243)
	at java.base/sun.nio.ch.NioSocketImpl.implRead(NioSocketImpl.java:323)
	at java.base/sun.nio.ch.NioSocketImpl.read(NioSocketImpl.java:346)
	at java.base/sun.nio.ch.NioSocketImpl$1.read(NioSocketImpl.java:796)
	at java.base/java.net.Socket$SocketInputStream.implRead(Socket.java:1116)
	at java.base/java.net.Socket$SocketInputStream.read(Socket.java:1103)
	at java.base/java.io.DataInputStream.readFully(DataInputStream.java:208)
	at java.base/java.io.DataInputStream.readInt(DataInputStream.java:385)
	at middleware.Protocolo.receber(Protocolo.java:26)
	at server.presentation.handlers.ClientHandler.run(ClientHandler.java:46)
	at common.concurrency.ThreadPoolImpl.runWorkerLoop(ThreadPoolImpl.java:229)
	at java.base/java.lang.Thread.run(Thread.java:1575)

[ERRO] 2026-01-09 18:51:24.045 - ClientHandler[cliente=/127.0.0.1]
  Exceção: java.net.SocketException: Socket closed
java.net.SocketException: Socket closed
	at java.base/sun.nio.ch.NioSocketImpl.endRead(NioSocketImpl.java:243)
	at java.base/sun.nio.ch.NioSocketImpl.implRead(NioSocketImpl.java:323)
	at java.base/sun.nio.ch.NioSocketImpl.read(NioSocketImpl.java:346)
	at java.base/sun.nio.ch.NioSocketImpl$1.read(NioSocketImpl.java:796)
	at java.base/java.net.Socket$SocketInputStream.implRead(Socket.java:1116)
	at java.base/java.net.Socket$SocketInputStream.read(Socket.java:1103)
	at java.base/java.io.DataInputStream.readFully(DataInputStream.java:208)
	at java.base/java.io.DataInputStream.readInt(DataInputStream.java:385)
	at middleware.Protocolo.receber(Protocolo.java:26)
	at server.presentation.handlers.ClientHandler.run(ClientHandler.java:46)
	at common.concurrency.ThreadPoolImpl.runWorkerLoop(ThreadPoolImpl.java:229)
	at java.base/java.lang.Thread.run(Thread.java:1575)

[ERRO] 2026-01-09 18:51:24.045 - ClientHandler[cliente=/127.0.0.1]
  Exceção: java.net.SocketException: Socket closed
java.net.SocketException: Socket closed
	at java.base/sun.nio.ch.NioSocketImpl.endRead(NioSocketImpl.java:243)
	at java.base/sun.nio.ch.NioSocketImpl.implRead(NioSocketImpl.java:323)
	at java.base/sun.nio.ch.NioSocketImpl.read(NioSocketImpl.java:346)
	at java.base/sun.nio.ch.NioSocketImpl$1.read(NioSocketImpl.java:796)
	at java.base/java.net.Socket$SocketInputStream.implRead(Socket.java:1116)
	at java.base/java.net.Socket$SocketInputStream.read(Socket.java:1103)
	at java.base/java.io.DataInputStream.readFully(DataInputStream.java:208)
	at java.base/java.io.DataInputStream.readInt(DataInputStream.java:385)
	at middleware.Protocolo.receber(Protocolo.java:26)
	at server.presentation.handlers.ClientHandler.run(ClientHandler.java:46)
	at common.concurrency.ThreadPoolImpl.runWorkerLoop(ThreadPoolImpl.java:229)
	at java.base/java.lang.Thread.run(Thread.java:1575)

[ERRO] 2026-01-09 18:51:24.046 - ClientHandler[cliente=/127.0.0.1]
  Exceção: java.net.SocketException: Socket closed
java.net.SocketException: Socket closed
	at java.base/sun.nio.ch.NioSocketImpl.endRead(NioSocketImpl.java:243)
	at java.base/sun.nio.ch.NioSocketImpl.implRead(NioSocketImpl.java:323)
	at java.base/sun.nio.ch.NioSocketImpl.read(NioSocketImpl.java:346)
	at java.base/sun.nio.ch.NioSocketImpl$1.read(NioSocketImpl.java:796)
	at java.base/java.net.Socket$SocketInputStream.implRead(Socket.java:1116)
	at java.base/java.net.Socket$SocketInputStream.read(Socket.java:1103)
	at java.base/java.io.DataInputStream.readFully(DataInputStream.java:208)
	at java.base/java.io.DataInputStream.readInt(DataInputStream.java:385)
	at middleware.Protocolo.receber(Protocolo.java:26)
	at server.presentation.handlers.ClientHandler.run(ClientHandler.java:46)
	at common.concurrency.ThreadPoolImpl.runWorkerLoop(ThreadPoolImpl.java:229)
	at java.base/java.lang.Thread.run(Thread.java:1575)

[ERRO] 2026-01-09 18:51:24.046 - ClientHandler[cliente=/127.0.0.1]
  Exceção: java.net.SocketException: Socket closed
java.net.SocketException: Socket closed
	at java.base/sun.nio.ch.NioSocketImpl.endRead(NioSocketImpl.java:243)
	at java.base/sun.nio.ch.NioSocketImpl.implRead(NioSocketImpl.java:323)
	at java.base/sun.nio.ch.NioSocketImpl.read(NioSocketImpl.java:346)
	at java.base/sun.nio.ch.NioSocketImpl$1.read(NioSocketImpl.java:796)
	at java.base/java.net.Socket$SocketInputStream.implRead(Socket.java:1116)
	at java.base/java.net.Socket$SocketInputStream.read(Socket.java:1103)
	at java.base/java.io.DataInputStream.readFully(DataInputStream.java:208)
	at java.base/java.io.DataInputStream.readInt(DataInputStream.java:385)
	at middleware.Protocolo.receber(Protocolo.java:26)
	at server.presentation.handlers.ClientHandler.run(ClientHandler.java:46)
	at common.concurrency.ThreadPoolImpl.runWorkerLoop(ThreadPoolImpl.java:229)
	at java.base/java.lang.Thread.run(Thread.java:1575)

[ERRO] 2026-01-09 18:51:24.047 - ClientHandler[cliente=/127.0.0.1]
  Exceção: java.net.SocketException: Socket closed
java.net.SocketException: Socket closed
	at java.base/sun.nio.ch.NioSocketImpl.endRead(NioSocketImpl.java:243)
	at java.base/sun.nio.ch.NioSocketImpl.implRead(NioSocketImpl.java:323)
	at java.base/sun.nio.ch.NioSocketImpl.read(NioSocketImpl.java:346)
	at java.base/sun.nio.ch.NioSocketImpl$1.read(NioSocketImpl.java:796)
	at java.base/java.net.Socket$SocketInputStream.implRead(Socket.java:1116)
	at java.base/java.net.Socket$SocketInputStream.read(Socket.java:1103)
	at java.base/java.io.DataInputStream.readFully(DataInputStream.java:208)
	at java.base/java.io.DataInputStream.readInt(DataInputStream.java:385)
	at middleware.Protocolo.receber(Protocolo.java:26)
	at server.presentation.handlers.ClientHandler.run(ClientHandler.java:46)
	at common.concurrency.ThreadPoolImpl.runWorkerLoop(ThreadPoolImpl.java:229)
	at java.base/java.lang.Thread.run(Thread.java:1575)

[ERRO] 2026-01-09 18:51:24.047 - ClientHandler[cliente=/127.0.0.1]
  Exceção: java.net.SocketException: Socket closed
java.net.SocketException: Socket closed
	at java.base/sun.nio.ch.NioSocketImpl.endRead(NioSocketImpl.java:243)
	at java.base/sun.nio.ch.NioSocketImpl.implRead(NioSocketImpl.java:323)
	at java.base/sun.nio.ch.NioSocketImpl.read(NioSocketImpl.java:346)
	at java.base/sun.nio.ch.NioSocketImpl$1.read(NioSocketImpl.java:796)
	at java.base/java.net.Socket$SocketInputStream.implRead(Socket.java:1116)
	at java.base/java.net.Socket$SocketInputStream.read(Socket.java:1103)
	at java.base/java.io.DataInputStream.readFully(DataInputStream.java:208)
	at java.base/java.io.DataInputStream.readInt(DataInputStream.java:385)
	at middleware.Protocolo.receber(Protocolo.java:26)
	at server.presentation.handlers.ClientHandler.run(ClientHandler.java:46)
	at common.concurrency.ThreadPoolImpl.runWorkerLoop(ThreadPoolImpl.java:229)
	at java.base/java.lang.Thread.run(Thread.java:1575)

[ERRO] 2026-01-09 18:51:24.048 - ClientHandler[cliente=/127.0.0.1]
  Exceção: java.net.SocketException: Socket closed
java.net.SocketException: Socket closed
	at java.base/sun.nio.ch.NioSocketImpl.endRead(NioSocketImpl.java:243)
	at java.base/sun.nio.ch.NioSocketImpl.implRead(NioSocketImpl.java:323)
	at java.base/sun.nio.ch.NioSocketImpl.read(NioSocketImpl.java:346)
	at java.base/sun.nio.ch.NioSocketImpl$1.read(NioSocketImpl.java:796)
	at java.base/java.net.Socket$SocketInputStream.implRead(Socket.java:1116)
	at java.base/java.net.Socket$SocketInputStream.read(Socket.java:1103)
	at java.base/java.io.DataInputStream.readFully(DataInputStream.java:208)
	at java.base/java.io.DataInputStream.readInt(DataInputStream.java:385)
	at middleware.Protocolo.receber(Protocolo.java:26)
	at server.presentation.handlers.ClientHandler.run(ClientHandler.java:46)
	at common.concurrency.ThreadPoolImpl.runWorkerLoop(ThreadPoolImpl.java:229)
	at java.base/java.lang.Thread.run(Thread.java:1575)

[ERRO] 2026-01-09 18:51:24.048 - ClientHandler[cliente=/127.0.0.1]
  Exceção: java.net.SocketException: Socket closed
java.net.SocketException: Socket closed
	at java.base/sun.nio.ch.NioSocketImpl.endRead(NioSocketImpl.java:243)
	at java.base/sun.nio.ch.NioSocketImpl.implRead(NioSocketImpl.java:323)
	at java.base/sun.nio.ch.NioSocketImpl.read(NioSocketImpl.java:346)
	at java.base/sun.nio.ch.NioSocketImpl$1.read(NioSocketImpl.java:796)
	at java.base/java.net.Socket$SocketInputStream.implRead(Socket.java:1116)
	at java.base/java.net.Socket$SocketInputStream.read(Socket.java:1103)
	at java.base/java.io.DataInputStream.readFully(DataInputStream.java:208)
	at java.base/java.io.DataInputStream.readInt(DataInputStream.java:385)
	at middleware.Protocolo.receber(Protocolo.java:26)
	at server.presentation.handlers.ClientHandler.run(ClientHandler.java:46)
	at common.concurrency.ThreadPoolImpl.runWorkerLoop(ThreadPoolImpl.java:229)
	at java.base/java.lang.Thread.run(Thread.java:1575)

  ✓ Client Handler Pool encerrada com sucesso.

[3/5] Processando requests pendentes...
✓ Todas requests pendentes foram processadas.

[4/4] Cleanup concluído.
==================================================
  SERVIDOR ENCERRADO COM SUCESSO
==================================================

DeadlockMonitor parado
Encerrando RequestDispatcher...
RequestDispatcher encerrado
Desconectado do servidor
Desconectado do servidor
Desconectado do servidor
Desconectado do servidor
Desconectado do servidor
Desconectado do servidor
Desconectado do servidor
Desconectado do servidor
Desconectado do servidor
Desconectado do servidor

==================================================
  ENCERRANDO SERVIDOR
==================================================

[0/4] Notificando clientes...

========================================
Notificando 0 clientes sobre shutdown...
========================================
Notificados 0 clientes

[1/4] Fechando sockets de clientes...
Nenhum socket de cliente para fechar.

[2/4] Encerrando client handlers...
  Chamando shutdown em Client Handler Pool...
  Aguardando término de Client Handler Pool (timeout: 5s)...
  ✓ Client Handler Pool encerrada com sucesso.

[3/5] Processando requests pendentes...
✓ Todas requests pendentes foram processadas.

[4/4] Cleanup concluído.
==================================================
  SERVIDOR ENCERRADO COM SUCESSO
==================================================

Encerrando RequestDispatcher...
RequestDispatcher encerrado

==================================================
  ENCERRANDO SERVIDOR
==================================================

[0/4] Notificando clientes...

========================================
Notificando 0 clientes sobre shutdown...
========================================
Notificados 0 clientes

[1/4] Fechando sockets de clientes...
Nenhum socket de cliente para fechar.

[2/4] Encerrando client handlers...
  Chamando shutdown em Client Handler Pool...
  Aguardando término de Client Handler Pool (timeout: 5s)...
  ✓ Client Handler Pool encerrada com sucesso.

[3/5] Processando requests pendentes...
✓ Todas requests pendentes foram processadas.

[4/4] Cleanup concluído.
==================================================
  SERVIDOR ENCERRADO COM SUCESSO
==================================================

Encerrando RequestDispatcher...
RequestDispatcher encerrado
ServicoEventos iniciado no dia: 8 (Janela D=30)
RequestDispatcher criado com D=30 e S=5
==================================================
  SERVIÇO DE GESTÃO DE VENDAS
==================================================
Porta: 5557
Dias (D): 30
Séries (S): 5

Thread Pools:
  - Client Handlers: 20 threads
  - Request Workers: 50 threads
==================================================
Aguardando conexões...

DeadlockMonitor iniciado (intervalo: 30s)
ClienteMiddleware configurado com conexão dedicada
[Server] Cliente conectado: /127.0.0.1 (Total: 1)
Conectado ao servidor localhost:5557 (dedicado)
Cliente conectado: /127.0.0.1
Novo utilizador registado: shutdown41767984690563
Utilizador autenticado: shutdown41767984690563
Evento registrado: Produto=1, Qtd=10, Preço=50.00 (Dia 8)
Evento registrado: Produto=2, Qtd=10, Preço=50.00 (Dia 8)

==================================================
  ENCERRANDO SERVIDOR
==================================================

[0/4] Notificando clientes...

========================================
Notificando 1 clientes sobre shutdown...
========================================
Notificados 1 clientes

========================================
         SERVIDOR ENCERRADO
========================================
Razão: Servidor sendo encerrado
========================================

ServerSocket fechado.

[1/4] Fechando sockets de clientes...
Fechados 1 socket(s) de cliente(s).

[2/4] Encerrando client handlers...
  Chamando shutdown em Client Handler Pool...
  Aguardando término de Client Handler Pool (timeout: 5s)...
[ERRO] 2026-01-09 18:51:31.612 - ClientHandler[cliente=/127.0.0.1]
  Exceção: java.net.SocketException: Socket closed
java.net.SocketException: Socket closed
	at java.base/sun.nio.ch.NioSocketImpl.endRead(NioSocketImpl.java:243)
	at java.base/sun.nio.ch.NioSocketImpl.implRead(NioSocketImpl.java:323)
	at java.base/sun.nio.ch.NioSocketImpl.read(NioSocketImpl.java:346)
	at java.base/sun.nio.ch.NioSocketImpl$1.read(NioSocketImpl.java:796)
	at java.base/java.net.Socket$SocketInputStream.implRead(Socket.java:1116)
	at java.base/java.net.Socket$SocketInputStream.read(Socket.java:1103)
	at java.base/java.io.DataInputStream.readFully(DataInputStream.java:208)
	at java.base/java.io.DataInputStream.readInt(DataInputStream.java:385)
	at middleware.Protocolo.receber(Protocolo.java:26)
	at server.presentation.handlers.ClientHandler.run(ClientHandler.java:46)
	at common.concurrency.ThreadPoolImpl.runWorkerLoop(ThreadPoolImpl.java:229)
	at java.base/java.lang.Thread.run(Thread.java:1575)

  ✓ Client Handler Pool encerrada com sucesso.

[3/5] Processando requests pendentes...
✓ Todas requests pendentes foram processadas.

[4/4] Cleanup concluído.
==================================================
  SERVIDOR ENCERRADO COM SUCESSO
==================================================

DeadlockMonitor parado
Encerrando RequestDispatcher...
RequestDispatcher encerrado
Desconectado do servidor

==================================================
  ENCERRANDO SERVIDOR
==================================================

[0/4] Notificando clientes...

========================================
Notificando 0 clientes sobre shutdown...
========================================
Notificados 0 clientes

[1/4] Fechando sockets de clientes...
Nenhum socket de cliente para fechar.

[2/4] Encerrando client handlers...
  Chamando shutdown em Client Handler Pool...
  Aguardando término de Client Handler Pool (timeout: 5s)...
  ✓ Client Handler Pool encerrada com sucesso.

[3/5] Processando requests pendentes...
✓ Todas requests pendentes foram processadas.

[4/4] Cleanup concluído.
==================================================
  SERVIDOR ENCERRADO COM SUCESSO
==================================================

Encerrando RequestDispatcher...
RequestDispatcher encerrado

==================================================
  ENCERRANDO SERVIDOR
==================================================

[0/4] Notificando clientes...

========================================
Notificando 0 clientes sobre shutdown...
========================================
Notificados 0 clientes

[1/4] Fechando sockets de clientes...
Nenhum socket de cliente para fechar.

[2/4] Encerrando client handlers...
  Chamando shutdown em Client Handler Pool...
  Aguardando término de Client Handler Pool (timeout: 5s)...
  ✓ Client Handler Pool encerrada com sucesso.

[3/5] Processando requests pendentes...
✓ Todas requests pendentes foram processadas.

[4/4] Cleanup concluído.
==================================================
  SERVIDOR ENCERRADO COM SUCESSO
==================================================

Encerrando RequestDispatcher...
RequestDispatcher encerrado
ServicoEventos iniciado no dia: 8 (Janela D=30)
RequestDispatcher criado com D=30 e S=5
==================================================
  SERVIÇO DE GESTÃO DE VENDAS
==================================================
Porta: 5557
Dias (D): 30
Séries (S): 5

Thread Pools:
  - Client Handlers: 20 threads
  - Request Workers: 50 threads
==================================================
Aguardando conexões...

DeadlockMonitor iniciado (intervalo: 30s)
ClienteMiddleware configurado com conexão dedicada
[Server] Cliente conectado: /127.0.0.1 (Total: 1)
Conectado ao servidor localhost:5557 (dedicado)
Cliente conectado: /127.0.0.1
ClienteMiddleware configurado com conexão dedicada
[Server] Cliente conectado: /127.0.0.1 (Total: 2)
Conectado ao servidor localhost:5557 (dedicado)
Cliente conectado: /127.0.0.1
ClienteMiddleware configurado com conexão dedicada
[Server] Cliente conectado: /127.0.0.1 (Total: 3)
Conectado ao servidor localhost:5557 (dedicado)
Cliente conectado: /127.0.0.1
ClienteMiddleware configurado com conexão dedicada
[Server] Cliente conectado: /127.0.0.1 (Total: 4)
Conectado ao servidor localhost:5557 (dedicado)
Cliente conectado: /127.0.0.1
ClienteMiddleware configurado com conexão dedicada
[Server] Cliente conectado: /127.0.0.1 (Total: 5)
Conectado ao servidor localhost:5557 (dedicado)
Cliente conectado: /127.0.0.1

==================================================
  ENCERRANDO SERVIDOR
==================================================

[0/4] Notificando clientes...

========================================
Notificando 5 clientes sobre shutdown...
========================================

========================================
         SERVIDOR ENCERRADO
========================================
Razão: Servidor sendo encerrado
========================================


========================================
         SERVIDOR ENCERRADO

========================================
========================================
         SERVIDOR ENCERRADO
Razão: Servidor sendo encerrado
========================================
========================================

Notificados 5 clientes
Razão: Servidor sendo encerrado
========================================


========================================
         SERVIDOR ENCERRADO
========================================
Razão: Servidor sendo encerrado
========================================


========================================
         SERVIDOR ENCERRADO
========================================
Razão: Servidor sendo encerrado
========================================

ServerSocket fechado.

[1/4] Fechando sockets de clientes...
Fechados 5 socket(s) de cliente(s).

[2/4] Encerrando client handlers...
  Chamando shutdown em Client Handler Pool...
  Aguardando término de Client Handler Pool (timeout: 5s)...
[ERRO] 2026-01-09 18:51:36.846 - ClientHandler[cliente=/127.0.0.1]
  Exceção: java.net.SocketException: Socket closed
java.net.SocketException: Socket closed
	at java.base/sun.nio.ch.NioSocketImpl.endRead(NioSocketImpl.java:243)
	at java.base/sun.nio.ch.NioSocketImpl.implRead(NioSocketImpl.java:323)
	at java.base/sun.nio.ch.NioSocketImpl.read(NioSocketImpl.java:346)
	at java.base/sun.nio.ch.NioSocketImpl$1.read(NioSocketImpl.java:796)
	at java.base/java.net.Socket$SocketInputStream.implRead(Socket.java:1116)
	at java.base/java.net.Socket$SocketInputStream.read(Socket.java:1103)
	at java.base/java.io.DataInputStream.readFully(DataInputStream.java:208)
	at java.base/java.io.DataInputStream.readInt(DataInputStream.java:385)
	at middleware.Protocolo.receber(Protocolo.java:26)
	at server.presentation.handlers.ClientHandler.run(ClientHandler.java:46)
	at common.concurrency.ThreadPoolImpl.runWorkerLoop(ThreadPoolImpl.java:229)
	at java.base/java.lang.Thread.run(Thread.java:1575)

[ERRO] 2026-01-09 18:51:36.847 - ClientHandler[cliente=/127.0.0.1]
  Exceção: java.net.SocketException: Socket closed
java.net.SocketException: Socket closed
	at java.base/sun.nio.ch.NioSocketImpl.endRead(NioSocketImpl.java:243)
	at java.base/sun.nio.ch.NioSocketImpl.implRead(NioSocketImpl.java:323)
	at java.base/sun.nio.ch.NioSocketImpl.read(NioSocketImpl.java:346)
	at java.base/sun.nio.ch.NioSocketImpl$1.read(NioSocketImpl.java:796)
	at java.base/java.net.Socket$SocketInputStream.implRead(Socket.java:1116)
	at java.base/java.net.Socket$SocketInputStream.read(Socket.java:1103)
	at java.base/java.io.DataInputStream.readFully(DataInputStream.java:208)
	at java.base/java.io.DataInputStream.readInt(DataInputStream.java:385)
	at middleware.Protocolo.receber(Protocolo.java:26)
	at server.presentation.handlers.ClientHandler.run(ClientHandler.java:46)
	at common.concurrency.ThreadPoolImpl.runWorkerLoop(ThreadPoolImpl.java:229)
	at java.base/java.lang.Thread.run(Thread.java:1575)

[ERRO] 2026-01-09 18:51:36.847 - ClientHandler[cliente=/127.0.0.1]
  Exceção: java.net.SocketException: Socket closed
java.net.SocketException: Socket closed
	at java.base/sun.nio.ch.NioSocketImpl.endRead(NioSocketImpl.java:243)
	at java.base/sun.nio.ch.NioSocketImpl.implRead(NioSocketImpl.java:323)
	at java.base/sun.nio.ch.NioSocketImpl.read(NioSocketImpl.java:346)
	at java.base/sun.nio.ch.NioSocketImpl$1.read(NioSocketImpl.java:796)
	at java.base/java.net.Socket$SocketInputStream.implRead(Socket.java:1116)
	at java.base/java.net.Socket$SocketInputStream.read(Socket.java:1103)
	at java.base/java.io.DataInputStream.readFully(DataInputStream.java:208)
	at java.base/java.io.DataInputStream.readInt(DataInputStream.java:385)
	at middleware.Protocolo.receber(Protocolo.java:26)
	at server.presentation.handlers.ClientHandler.run(ClientHandler.java:46)
	at common.concurrency.ThreadPoolImpl.runWorkerLoop(ThreadPoolImpl.java:229)
	at java.base/java.lang.Thread.run(Thread.java:1575)

[ERRO] 2026-01-09 18:51:36.848 - ClientHandler[cliente=/127.0.0.1]
  Exceção: java.net.SocketException: Socket closed
java.net.SocketException: Socket closed
	at java.base/sun.nio.ch.NioSocketImpl.endRead(NioSocketImpl.java:243)
	at java.base/sun.nio.ch.NioSocketImpl.implRead(NioSocketImpl.java:323)
	at java.base/sun.nio.ch.NioSocketImpl.read(NioSocketImpl.java:346)
	at java.base/sun.nio.ch.NioSocketImpl$1.read(NioSocketImpl.java:796)
	at java.base/java.net.Socket$SocketInputStream.implRead(Socket.java:1116)
	at java.base/java.net.Socket$SocketInputStream.read(Socket.java:1103)
	at java.base/java.io.DataInputStream.readFully(DataInputStream.java:208)
	at java.base/java.io.DataInputStream.readInt(DataInputStream.java:385)
	at middleware.Protocolo.receber(Protocolo.java:26)
	at server.presentation.handlers.ClientHandler.run(ClientHandler.java:46)
	at common.concurrency.ThreadPoolImpl.runWorkerLoop(ThreadPoolImpl.java:229)
	at java.base/java.lang.Thread.run(Thread.java:1575)

[ERRO] 2026-01-09 18:51:36.848 - ClientHandler[cliente=/127.0.0.1]
  Exceção: java.net.SocketException: Socket closed
java.net.SocketException: Socket closed
	at java.base/sun.nio.ch.NioSocketImpl.endRead(NioSocketImpl.java:243)
	at java.base/sun.nio.ch.NioSocketImpl.implRead(NioSocketImpl.java:323)
	at java.base/sun.nio.ch.NioSocketImpl.read(NioSocketImpl.java:346)
	at java.base/sun.nio.ch.NioSocketImpl$1.read(NioSocketImpl.java:796)
	at java.base/java.net.Socket$SocketInputStream.implRead(Socket.java:1116)
	at java.base/java.net.Socket$SocketInputStream.read(Socket.java:1103)
	at java.base/java.io.DataInputStream.readFully(DataInputStream.java:208)
	at java.base/java.io.DataInputStream.readInt(DataInputStream.java:385)
	at middleware.Protocolo.receber(Protocolo.java:26)
	at server.presentation.handlers.ClientHandler.run(ClientHandler.java:46)
	at common.concurrency.ThreadPoolImpl.runWorkerLoop(ThreadPoolImpl.java:229)
	at java.base/java.lang.Thread.run(Thread.java:1575)

  ✓ Client Handler Pool encerrada com sucesso.

[3/5] Processando requests pendentes...
✓ Todas requests pendentes foram processadas.

[4/4] Cleanup concluído.
==================================================
  SERVIDOR ENCERRADO COM SUCESSO
==================================================

DeadlockMonitor parado
Encerrando RequestDispatcher...
RequestDispatcher encerrado
Desconectado do servidor
Desconectado do servidor
Desconectado do servidor
Desconectado do servidor
Desconectado do servidor

==================================================
  ENCERRANDO SERVIDOR
==================================================

[0/4] Notificando clientes...

========================================
Notificando 0 clientes sobre shutdown...
========================================
Notificados 0 clientes

[1/4] Fechando sockets de clientes...
Nenhum socket de cliente para fechar.

[2/4] Encerrando client handlers...
  Chamando shutdown em Client Handler Pool...
  Aguardando término de Client Handler Pool (timeout: 5s)...
  ✓ Client Handler Pool encerrada com sucesso.

[3/5] Processando requests pendentes...
✓ Todas requests pendentes foram processadas.

[4/4] Cleanup concluído.
==================================================
  SERVIDOR ENCERRADO COM SUCESSO
==================================================

Encerrando RequestDispatcher...
RequestDispatcher encerrado
[[1;34mINFO[m] [1;32mTests run: [0;1;32m5[m, Failures: 0, Errors: 0, Skipped: 0, Time elapsed: 31.67 s -- in testes.[1mShutdownTest[m
[[1;34mINFO[m] Running testes.[1mIntegrationTest[m
ServicoEventos iniciado no dia: 8 (Janela D=30)
RequestDispatcher criado com D=30 e S=5
==================================================
  SERVIÇO DE GESTÃO DE VENDAS
==================================================
Porta: 5555
Dias (D): 30
Séries (S): 5

Thread Pools:
  - Client Handlers: 20 threads
  - Request Workers: 50 threads
==================================================
Aguardando conexões...

DeadlockMonitor iniciado (intervalo: 30s)
ClienteMiddleware configurado com conexão dedicada
[Server] Cliente conectado: /127.0.0.1 (Total: 1)
Conectado ao servidor localhost:5555 (dedicado)
Cliente conectado: /127.0.0.1
Novo utilizador registado: testuser11767984701367
Utilizador autenticado: testuser11767984701367
Desconectado do servidor
Cliente desconectado: /127.0.0.1
[Server] Cliente removido: /127.0.0.1 (Restantes: 0)
ClienteMiddleware configurado com conexão dedicada
[Server] Cliente conectado: /127.0.0.1 (Total: 1)
Conectado ao servidor localhost:5555 (dedicado)
Cliente conectado: /127.0.0.1
Novo utilizador registado: testuser21767984701416
Utilizador autenticado: testuser21767984701416
Evento registrado: Produto=1, Qtd=10, Preço=50.00 (Dia 8)
Evento registrado: Produto=1, Qtd=10, Preço=50.00 (Dia 8)
Evento registrado: Produto=1, Qtd=10, Preço=50.00 (Dia 8)
Evento registrado: Produto=1, Qtd=10, Preço=50.00 (Dia 8)
Evento registrado: Produto=1, Qtd=10, Preço=50.00 (Dia 8)
Desconectado do servidor
Cliente desconectado: /127.0.0.1
[Server] Cliente removido: /127.0.0.1 (Restantes: 0)
ClienteMiddleware configurado com conexão dedicada
[Server] Cliente conectado: /127.0.0.1 (Total: 1)
Conectado ao servidor localhost:5555 (dedicado)
Cliente conectado: /127.0.0.1
Novo utilizador registado: testuser31767984701684
Utilizador autenticado: testuser31767984701684
Evento registrado: Produto=2, Qtd=5, Preço=100.00 (Dia 8)
Evento registrado: Produto=2, Qtd=5, Preço=100.00 (Dia 8)
Evento registrado: Produto=2, Qtd=5, Preço=100.00 (Dia 8)
Dia 8 salvo: 2 produtos
Eventos do dia 8 persistidos
========================================
Novo dia iniciado: 9
========================================
Dia 8 carregado: 2 produtos
Carregada série dia 8 para memória (1/5)
Desconectado do servidor
Cliente desconectado: /127.0.0.1
[Server] Cliente removido: /127.0.0.1 (Restantes: 0)
ClienteMiddleware configurado com conexão dedicada
ClienteMiddleware configurado com conexão dedicada
ClienteMiddleware configurado com conexão dedicada
[Server] Cliente conectado: /127.0.0.1 (Total: 1)
ClienteMiddleware configurado com conexão dedicada
ClienteMiddleware configurado com conexão dedicada
Conectado ao servidor localhost:5555 (dedicado)
ClienteMiddleware configurado com conexão dedicada
[Server] Cliente conectado: /127.0.0.1 (Total: 2)
Cliente conectado: /127.0.0.1
Conectado ao servidor localhost:5555 (dedicado)
Conectado ao servidor localhost:5555 (dedicado)
Conectado ao servidor localhost:5555 (dedicado)
Conectado ao servidor localhost:5555 (dedicado)
[Server] Cliente conectado: /127.0.0.1 (Total: 3)
Conectado ao servidor localhost:5555 (dedicado)
ClienteMiddleware configurado com conexão dedicada
Cliente conectado: /127.0.0.1
[Server] Cliente conectado: /127.0.0.1 (Total: 4)
Cliente conectado: /127.0.0.1
ClienteMiddleware configurado com conexão dedicada
[Server] Cliente conectado: /127.0.0.1 (Total: 5)
ClienteMiddleware configurado com conexão dedicada
Conectado ao servidor localhost:5555 (dedicado)
Novo utilizador registado: concurrent094313683855969
Cliente conectado: /127.0.0.1
[Server] Cliente conectado: /127.0.0.1 (Total: 6)
ClienteMiddleware configurado com conexão dedicada
Conectado ao servidor localhost:5555 (dedicado)
Cliente conectado: /127.0.0.1
[Server] Cliente conectado: /127.0.0.1 (Total: 7)
Conectado ao servidor localhost:5555 (dedicado)
[Server] Cliente conectado: /127.0.0.1 (Total: 8)
Novo utilizador registado: concurrent294313685205426
Novo utilizador registado: concurrent194313684264586
[Server] Cliente conectado: /127.0.0.1 (Total: 9)
Conectado ao servidor localhost:5555 (dedicado)
Cliente conectado: /127.0.0.1
Novo utilizador registado: concurrent394313684816196
Cliente conectado: /127.0.0.1
[Server] Cliente conectado: /127.0.0.1 (Total: 10)
Cliente conectado: /127.0.0.1
Cliente conectado: /127.0.0.1
Cliente conectado: /127.0.0.1
Utilizador autenticado: concurrent094313683855969
Utilizador autenticado: concurrent294313685205426
Utilizador autenticado: concurrent394313684816196
Novo utilizador registado: concurrent494313684382165
Novo utilizador registado: concurrent594313684658987
Novo utilizador registado: concurrent694313686323364
Novo utilizador registado: concurrent794313687470897
Utilizador autenticado: concurrent194313684264586
Novo utilizador registado: concurrent894313688037737
Utilizador autenticado: concurrent494313684382165
Utilizador autenticado: concurrent694313686323364
Novo utilizador registado: concurrent994313694720489
Utilizador autenticado: concurrent794313687470897
Utilizador autenticado: concurrent594313684658987
Utilizador autenticado: concurrent894313688037737
Utilizador autenticado: concurrent994313694720489
Evento registrado: Produto=3, Qtd=1, Preço=10.00 (Dia 9)
Evento registrado: Produto=2, Qtd=1, Preço=10.00 (Dia 9)
Evento registrado: Produto=1, Qtd=1, Preço=10.00 (Dia 9)
Evento registrado: Produto=4, Qtd=1, Preço=10.00 (Dia 9)
Evento registrado: Produto=6, Qtd=1, Preço=10.00 (Dia 9)
Evento registrado: Produto=8, Qtd=1, Preço=10.00 (Dia 9)
Evento registrado: Produto=7, Qtd=1, Preço=10.00 (Dia 9)
Evento registrado: Produto=9, Qtd=1, Preço=10.00 (Dia 9)
Evento registrado: Produto=5, Qtd=1, Preço=10.00 (Dia 9)
Evento registrado: Produto=3, Qtd=1, Preço=10.00 (Dia 9)
Evento registrado: Produto=2, Qtd=1, Preço=10.00 (Dia 9)
Evento registrado: Produto=1, Qtd=1, Preço=10.00 (Dia 9)
Evento registrado: Produto=4, Qtd=1, Preço=10.00 (Dia 9)
Evento registrado: Produto=6, Qtd=1, Preço=10.00 (Dia 9)
Evento registrado: Produto=8, Qtd=1, Preço=10.00 (Dia 9)
Evento registrado: Produto=5, Qtd=1, Preço=10.00 (Dia 9)
Evento registrado: Produto=9, Qtd=1, Preço=10.00 (Dia 9)
Evento registrado: Produto=7, Qtd=1, Preço=10.00 (Dia 9)
Evento registrado: Produto=3, Qtd=1, Preço=10.00 (Dia 9)
Evento registrado: Produto=1, Qtd=1, Preço=10.00 (Dia 9)
Evento registrado: Produto=2, Qtd=1, Preço=10.00 (Dia 9)
Evento registrado: Produto=4, Qtd=1, Preço=10.00 (Dia 9)
Evento registrado: Produto=6, Qtd=1, Preço=10.00 (Dia 9)
Evento registrado: Produto=8, Qtd=1, Preço=10.00 (Dia 9)
Evento registrado: Produto=9, Qtd=1, Preço=10.00 (Dia 9)
Evento registrado: Produto=7, Qtd=1, Preço=10.00 (Dia 9)
Evento registrado: Produto=5, Qtd=1, Preço=10.00 (Dia 9)
Desconectado do servidor
Desconectado do servidor
Cliente desconectado: /127.0.0.1
Cliente desconectado: /127.0.0.1
Desconectado do servidor
[Server] Cliente removido: /127.0.0.1 (Restantes: 9)
[Server] Cliente removido: /127.0.0.1 (Restantes: 8)
Cliente desconectado: /127.0.0.1
[Server] Cliente removido: /127.0.0.1 (Restantes: 7)
Desconectado do servidor
Desconectado do servidor
Cliente desconectado: /127.0.0.1
[Server] Cliente removido: /127.0.0.1 (Restantes: 6)
Cliente desconectado: /127.0.0.1
[Server] Cliente removido: /127.0.0.1 (Restantes: 5)
Desconectado do servidor
Cliente desconectado: /127.0.0.1
[Server] Cliente removido: /127.0.0.1 (Restantes: 4)
Desconectado do servidor
Desconectado do servidor
Desconectado do servidor
Desconectado do servidor
Cliente desconectado: /127.0.0.1
[Server] Cliente removido: /127.0.0.1 (Restantes: 3)
Cliente desconectado: /127.0.0.1
Cliente desconectado: /127.0.0.1
[Server] Cliente removido: /127.0.0.1 (Restantes: 2)
[Server] Cliente removido: /127.0.0.1 (Restantes: 1)
Cliente desconectado: /127.0.0.1
[Server] Cliente removido: /127.0.0.1 (Restantes: 0)
ClienteMiddleware configurado com conexão dedicada
[Server] Cliente conectado: /127.0.0.1 (Total: 1)
Cliente conectado: /127.0.0.1
Conectado ao servidor localhost:5555 (dedicado)
Novo utilizador registado: filtrotest1767984702159
Utilizador autenticado: filtrotest1767984702159
Evento registrado: Produto=1, Qtd=10, Preço=50.00 (Dia 9)
Evento registrado: Produto=2, Qtd=20, Preço=60.00 (Dia 9)
Evento registrado: Produto=3, Qtd=30, Preço=70.00 (Dia 9)
Evento registrado: Produto=4, Qtd=40, Preço=80.00 (Dia 9)
Dia 9 salvo: 9 produtos
Eventos do dia 9 persistidos
========================================
Novo dia iniciado: 10
========================================
Dia 9 carregado: 9 produtos
Desconectado do servidor
Cliente desconectado: /127.0.0.1
[Server] Cliente removido: /127.0.0.1 (Restantes: 0)
ClienteMiddleware configurado com conexão dedicada
[Server] Cliente conectado: /127.0.0.1 (Total: 1)
Conectado ao servidor localhost:5555 (dedicado)
Cliente conectado: /127.0.0.1
Novo utilizador registado: notiftest1767984702471
Utilizador autenticado: notiftest1767984702471
Evento registrado: Produto=10, Qtd=1, Preço=100.00 (Dia 10)
Evento registrado: Produto=11, Qtd=1, Preço=100.00 (Dia 10)
Desconectado do servidor
Cliente desconectado: /127.0.0.1
[Server] Cliente removido: /127.0.0.1 (Restantes: 0)

==================================================
  ENCERRANDO SERVIDOR
==================================================

[0/4] Notificando clientes...

========================================
Notificando 0 clientes sobre shutdown...
========================================
Notificados 0 clientes
ServerSocket fechado.

[1/4] Fechando sockets de clientes...
Nenhum socket de cliente para fechar.

[2/4] Encerrando client handlers...
  Chamando shutdown em Client Handler Pool...
  Aguardando término de Client Handler Pool (timeout: 5s)...
  ✓ Client Handler Pool encerrada com sucesso.

[3/5] Processando requests pendentes...
✓ Todas requests pendentes foram processadas.

[4/4] Cleanup concluído.
==================================================
  SERVIDOR ENCERRADO COM SUCESSO
==================================================

DeadlockMonitor parado
Encerrando RequestDispatcher...
RequestDispatcher encerrado
[[1;34mINFO[m] [1;32mTests run: [0;1;32m6[m, Failures: 0, Errors: 0, Skipped: 0, Time elapsed: 3.911 s -- in testes.[1mIntegrationTest[m
[[1;34mINFO[m] Running testes.[1mNotificationManagerTest[m
Erro ao processar callback: Erro no callback 1
[[1;34mINFO[m] [1;32mTests run: [0;1;32m10[m, Failures: 0, Errors: 0, Skipped: 0, Time elapsed: 2.051 s -- in testes.[1mNotificationManagerTest[m
[[1;34mINFO[m] Running testes.[1mRepositoryTest[m
Dia 0 salvo: 1 produtos
Dia 1 salvo: 1 produtos
Dia 2 salvo: 1 produtos
Dia 7 salvo: 1 produtos
Dia 3 salvo: 1 produtos
Dia 4 salvo: 1 produtos
Dia 4 carregado: 1 produtos
Dia 0 carregado: 1 produtos
Dia 5 salvo: 1 produtos
Dia 5 carregado: 1 produtos
Dia 1 carregado: 1 produtos
Dia 6 salvo: 1 produtos
Dia 6 carregado: 1 produtos
Dia 2 carregado: 1 produtos
Dia 8 salvo: 1 produtos
Dia 8 carregado: 1 produtos
Dia 7 carregado: 1 produtos
Dia 9 salvo: 1 produtos
Dia 9 carregado: 1 produtos
Dia 3 carregado: 1 produtos
Dia 0 salvo: 1 produtos
Dia 1 salvo: 1 produtos
Dia 2 salvo: 1 produtos
Dia 1 salvo: 1 produtos
Dia 0 salvo: 2 produtos
Dia 0 carregado: 2 produtos
[[1;34mINFO[m] [1;32mTests run: [0;1;32m8[m, Failures: 0, Errors: 0, Skipped: 0, Time elapsed: 0.036 s -- in testes.[1mRepositoryTest[m
[[1;34mINFO[m] Running testes.[1mErrorLoggerTest[m
[ERRO] 2026-01-09 18:51:45.870 - TesteBasico
  Exceção: java.lang.RuntimeException: Erro de teste
java.lang.RuntimeException: Erro de teste
	at testes.ErrorLoggerTest.testeLoggingBasico(ErrorLoggerTest.java:33)
	at java.base/jdk.internal.reflect.DirectMethodHandleAccessor.invoke(DirectMethodHandleAccessor.java:103)
	at java.base/java.lang.reflect.Method.invoke(Method.java:580)
	at org.junit.platform.commons.util.ReflectionUtils.invokeMethod(ReflectionUtils.java:728)
	at org.junit.jupiter.engine.execution.MethodInvocation.proceed(MethodInvocation.java:60)
	at org.junit.jupiter.engine.execution.InvocationInterceptorChain$ValidatingInvocation.proceed(InvocationInterceptorChain.java:131)
	at org.junit.jupiter.engine.extension.TimeoutExtension.intercept(TimeoutExtension.java:156)
	at org.junit.jupiter.engine.extension.TimeoutExtension.interceptTestableMethod(TimeoutExtension.java:147)
	at org.junit.jupiter.engine.extension.TimeoutExtension.interceptTestMethod(TimeoutExtension.java:86)
	at org.junit.jupiter.engine.execution.InterceptingExecutableInvoker$ReflectiveInterceptorCall.lambda$ofVoidMethod$0(InterceptingExecutableInvoker.java:103)
	at org.junit.jupiter.engine.execution.InterceptingExecutableInvoker.lambda$invoke$0(InterceptingExecutableInvoker.java:93)
	at org.junit.jupiter.engine.execution.InvocationInterceptorChain$InterceptedInvocation.proceed(InvocationInterceptorChain.java:106)
	at org.junit.jupiter.engine.execution.InvocationInterceptorChain.proceed(InvocationInterceptorChain.java:64)
	at org.junit.jupiter.engine.execution.InvocationInterceptorChain.chainAndInvoke(InvocationInterceptorChain.java:45)
	at org.junit.jupiter.engine.execution.InvocationInterceptorChain.invoke(InvocationInterceptorChain.java:37)
	at org.junit.jupiter.engine.execution.InterceptingExecutableInvoker.invoke(InterceptingExecutableInvoker.java:92)
	at org.junit.jupiter.engine.execution.InterceptingExecutableInvoker.invoke(InterceptingExecutableInvoker.java:86)
	at org.junit.jupiter.engine.descriptor.TestMethodTestDescriptor.lambda$invokeTestMethod$7(TestMethodTestDescriptor.java:218)
	at org.junit.platform.engine.support.hierarchical.ThrowableCollector.execute(ThrowableCollector.java:73)
	at org.junit.jupiter.engine.descriptor.TestMethodTestDescriptor.invokeTestMethod(TestMethodTestDescriptor.java:214)
	at org.junit.jupiter.engine.descriptor.TestMethodTestDescriptor.execute(TestMethodTestDescriptor.java:139)
	at org.junit.jupiter.engine.descriptor.TestMethodTestDescriptor.execute(TestMethodTestDescriptor.java:69)
	at org.junit.platform.engine.support.hierarchical.NodeTestTask.lambda$executeRecursively$6(NodeTestTask.java:151)
	at org.junit.platform.engine.support.hierarchical.ThrowableCollector.execute(ThrowableCollector.java:73)
	at org.junit.platform.engine.support.hierarchical.NodeTestTask.lambda$executeRecursively$8(NodeTestTask.java:141)
	at org.junit.platform.engine.support.hierarchical.Node.around(Node.java:137)
	at org.junit.platform.engine.support.hierarchical.NodeTestTask.lambda$executeRecursively$9(NodeTestTask.java:139)
	at org.junit.platform.engine.support.hierarchical.ThrowableCollector.execute(ThrowableCollector.java:73)
	at org.junit.platform.engine.support.hierarchical.NodeTestTask.executeRecursively(NodeTestTask.java:138)
	at org.junit.platform.engine.support.hierarchical.NodeTestTask.execute(NodeTestTask.java:95)
	at java.base/java.util.ArrayList.forEach(ArrayList.java:1597)
	at org.junit.platform.engine.support.hierarchical.SameThreadHierarchicalTestExecutorService.invokeAll(SameThreadHierarchicalTestExecutorService.java:41)
	at org.junit.platform.engine.support.hierarchical.NodeTestTask.lambda$executeRecursively$6(NodeTestTask.java:155)
	at org.junit.platform.engine.support.hierarchical.ThrowableCollector.execute(ThrowableCollector.java:73)
	at org.junit.platform.engine.support.hierarchical.NodeTestTask.lambda$executeRecursively$8(NodeTestTask.java:141)
	at org.junit.platform.engine.support.hierarchical.Node.around(Node.java:137)
	at org.junit.platform.engine.support.hierarchical.NodeTestTask.lambda$executeRecursively$9(NodeTestTask.java:139)
	at org.junit.platform.engine.support.hierarchical.ThrowableCollector.execute(ThrowableCollector.java:73)
	at org.junit.platform.engine.support.hierarchical.NodeTestTask.executeRecursively(NodeTestTask.java:138)
	at org.junit.platform.engine.support.hierarchical.NodeTestTask.execute(NodeTestTask.java:95)
	at java.base/java.util.ArrayList.forEach(ArrayList.java:1597)
	at org.junit.platform.engine.support.hierarchical.SameThreadHierarchicalTestExecutorService.invokeAll(SameThreadHierarchicalTestExecutorService.java:41)
	at org.junit.platform.engine.support.hierarchical.NodeTestTask.lambda$executeRecursively$6(NodeTestTask.java:155)
	at org.junit.platform.engine.support.hierarchical.ThrowableCollector.execute(ThrowableCollector.java:73)
	at org.junit.platform.engine.support.hierarchical.NodeTestTask.lambda$executeRecursively$8(NodeTestTask.java:141)
	at org.junit.platform.engine.support.hierarchical.Node.around(Node.java:137)
	at org.junit.platform.engine.support.hierarchical.NodeTestTask.lambda$executeRecursively$9(NodeTestTask.java:139)
	at org.junit.platform.engine.support.hierarchical.ThrowableCollector.execute(ThrowableCollector.java:73)
	at org.junit.platform.engine.support.hierarchical.NodeTestTask.executeRecursively(NodeTestTask.java:138)
	at org.junit.platform.engine.support.hierarchical.NodeTestTask.execute(NodeTestTask.java:95)
	at org.junit.platform.engine.support.hierarchical.SameThreadHierarchicalTestExecutorService.submit(SameThreadHierarchicalTestExecutorService.java:35)
	at org.junit.platform.engine.support.hierarchical.HierarchicalTestExecutor.execute(HierarchicalTestExecutor.java:57)
	at org.junit.platform.engine.support.hierarchical.HierarchicalTestEngine.execute(HierarchicalTestEngine.java:54)
	at org.junit.platform.launcher.core.EngineExecutionOrchestrator.execute(EngineExecutionOrchestrator.java:198)
	at org.junit.platform.launcher.core.EngineExecutionOrchestrator.execute(EngineExecutionOrchestrator.java:169)
	at org.junit.platform.launcher.core.EngineExecutionOrchestrator.execute(EngineExecutionOrchestrator.java:93)
	at org.junit.platform.launcher.core.EngineExecutionOrchestrator.lambda$execute$0(EngineExecutionOrchestrator.java:58)
	at org.junit.platform.launcher.core.EngineExecutionOrchestrator.withInterceptedStreams(EngineExecutionOrchestrator.java:141)
	at org.junit.platform.launcher.core.EngineExecutionOrchestrator.execute(EngineExecutionOrchestrator.java:57)
	at org.junit.platform.launcher.core.DefaultLauncher.execute(DefaultLauncher.java:103)
	at org.junit.platform.launcher.core.DefaultLauncher.execute(DefaultLauncher.java:85)
	at org.junit.platform.launcher.core.DelegatingLauncher.execute(DelegatingLauncher.java:47)
	at org.apache.maven.surefire.junitplatform.LazyLauncher.execute(LazyLauncher.java:56)
	at org.apache.maven.surefire.junitplatform.JUnitPlatformProvider.execute(JUnitPlatformProvider.java:184)
	at org.apache.maven.surefire.junitplatform.JUnitPlatformProvider.invokeAllTests(JUnitPlatformProvider.java:148)
	at org.apache.maven.surefire.junitplatform.JUnitPlatformProvider.invoke(JUnitPlatformProvider.java:122)
	at org.apache.maven.surefire.booter.ForkedBooter.runSuitesInProcess(ForkedBooter.java:385)
	at org.apache.maven.surefire.booter.ForkedBooter.execute(ForkedBooter.java:162)
	at org.apache.maven.surefire.booter.ForkedBooter.run(ForkedBooter.java:507)
	at org.apache.maven.surefire.booter.ForkedBooter.main(ForkedBooter.java:495)

[ERRO] 2026-01-09 18:51:45.876 - TesteStackTrace
  Exceção: java.lang.IllegalStateException: Erro no método
java.lang.IllegalStateException: Erro no método
	at testes.ErrorLoggerTest.metodoComErro(ErrorLoggerTest.java:71)
	at testes.ErrorLoggerTest.testeStackTraceCompleto(ErrorLoggerTest.java:53)
	at java.base/jdk.internal.reflect.DirectMethodHandleAccessor.invoke(DirectMethodHandleAccessor.java:103)
	at java.base/java.lang.reflect.Method.invoke(Method.java:580)
	at org.junit.platform.commons.util.ReflectionUtils.invokeMethod(ReflectionUtils.java:728)
	at org.junit.jupiter.engine.execution.MethodInvocation.proceed(MethodInvocation.java:60)
	at org.junit.jupiter.engine.execution.InvocationInterceptorChain$ValidatingInvocation.proceed(InvocationInterceptorChain.java:131)
	at org.junit.jupiter.engine.extension.TimeoutExtension.intercept(TimeoutExtension.java:156)
	at org.junit.jupiter.engine.extension.TimeoutExtension.interceptTestableMethod(TimeoutExtension.java:147)
	at org.junit.jupiter.engine.extension.TimeoutExtension.interceptTestMethod(TimeoutExtension.java:86)
	at org.junit.jupiter.engine.execution.InterceptingExecutableInvoker$ReflectiveInterceptorCall.lambda$ofVoidMethod$0(InterceptingExecutableInvoker.java:103)
	at org.junit.jupiter.engine.execution.InterceptingExecutableInvoker.lambda$invoke$0(InterceptingExecutableInvoker.java:93)
	at org.junit.jupiter.engine.execution.InvocationInterceptorChain$InterceptedInvocation.proceed(InvocationInterceptorChain.java:106)
	at org.junit.jupiter.engine.execution.InvocationInterceptorChain.proceed(InvocationInterceptorChain.java:64)
	at org.junit.jupiter.engine.execution.InvocationInterceptorChain.chainAndInvoke(InvocationInterceptorChain.java:45)
	at org.junit.jupiter.engine.execution.InvocationInterceptorChain.invoke(InvocationInterceptorChain.java:37)
	at org.junit.jupiter.engine.execution.InterceptingExecutableInvoker.invoke(InterceptingExecutableInvoker.java:92)
	at org.junit.jupiter.engine.execution.InterceptingExecutableInvoker.invoke(InterceptingExecutableInvoker.java:86)
	at org.junit.jupiter.engine.descriptor.TestMethodTestDescriptor.lambda$invokeTestMethod$7(TestMethodTestDescriptor.java:218)
	at org.junit.platform.engine.support.hierarchical.ThrowableCollector.execute(ThrowableCollector.java:73)
	at org.junit.jupiter.engine.descriptor.TestMethodTestDescriptor.invokeTestMethod(TestMethodTestDescriptor.java:214)
	at org.junit.jupiter.engine.descriptor.TestMethodTestDescriptor.execute(TestMethodTestDescriptor.java:139)
	at org.junit.jupiter.engine.descriptor.TestMethodTestDescriptor.execute(TestMethodTestDescriptor.java:69)
	at org.junit.platform.engine.support.hierarchical.NodeTestTask.lambda$executeRecursively$6(NodeTestTask.java:151)
	at org.junit.platform.engine.support.hierarchical.ThrowableCollector.execute(ThrowableCollector.java:73)
	at org.junit.platform.engine.support.hierarchical.NodeTestTask.lambda$executeRecursively$8(NodeTestTask.java:141)
	at org.junit.platform.engine.support.hierarchical.Node.around(Node.java:137)
	at org.junit.platform.engine.support.hierarchical.NodeTestTask.lambda$executeRecursively$9(NodeTestTask.java:139)
	at org.junit.platform.engine.support.hierarchical.ThrowableCollector.execute(ThrowableCollector.java:73)
	at org.junit.platform.engine.support.hierarchical.NodeTestTask.executeRecursively(NodeTestTask.java:138)
	at org.junit.platform.engine.support.hierarchical.NodeTestTask.execute(NodeTestTask.java:95)
	at java.base/java.util.ArrayList.forEach(ArrayList.java:1597)
	at org.junit.platform.engine.support.hierarchical.SameThreadHierarchicalTestExecutorService.invokeAll(SameThreadHierarchicalTestExecutorService.java:41)
	at org.junit.platform.engine.support.hierarchical.NodeTestTask.lambda$executeRecursively$6(NodeTestTask.java:155)
	at org.junit.platform.engine.support.hierarchical.ThrowableCollector.execute(ThrowableCollector.java:73)
	at org.junit.platform.engine.support.hierarchical.NodeTestTask.lambda$executeRecursively$8(NodeTestTask.java:141)
	at org.junit.platform.engine.support.hierarchical.Node.around(Node.java:137)
	at org.junit.platform.engine.support.hierarchical.NodeTestTask.lambda$executeRecursively$9(NodeTestTask.java:139)
	at org.junit.platform.engine.support.hierarchical.ThrowableCollector.execute(ThrowableCollector.java:73)
	at org.junit.platform.engine.support.hierarchical.NodeTestTask.executeRecursively(NodeTestTask.java:138)
	at org.junit.platform.engine.support.hierarchical.NodeTestTask.execute(NodeTestTask.java:95)
	at java.base/java.util.ArrayList.forEach(ArrayList.java:1597)
	at org.junit.platform.engine.support.hierarchical.SameThreadHierarchicalTestExecutorService.invokeAll(SameThreadHierarchicalTestExecutorService.java:41)
	at org.junit.platform.engine.support.hierarchical.NodeTestTask.lambda$executeRecursively$6(NodeTestTask.java:155)
	at org.junit.platform.engine.support.hierarchical.ThrowableCollector.execute(ThrowableCollector.java:73)
	at org.junit.platform.engine.support.hierarchical.NodeTestTask.lambda$executeRecursively$8(NodeTestTask.java:141)
	at org.junit.platform.engine.support.hierarchical.Node.around(Node.java:137)
	at org.junit.platform.engine.support.hierarchical.NodeTestTask.lambda$executeRecursively$9(NodeTestTask.java:139)
	at org.junit.platform.engine.support.hierarchical.ThrowableCollector.execute(ThrowableCollector.java:73)
	at org.junit.platform.engine.support.hierarchical.NodeTestTask.executeRecursively(NodeTestTask.java:138)
	at org.junit.platform.engine.support.hierarchical.NodeTestTask.execute(NodeTestTask.java:95)
	at org.junit.platform.engine.support.hierarchical.SameThreadHierarchicalTestExecutorService.submit(SameThreadHierarchicalTestExecutorService.java:35)
	at org.junit.platform.engine.support.hierarchical.HierarchicalTestExecutor.execute(HierarchicalTestExecutor.java:57)
	at org.junit.platform.engine.support.hierarchical.HierarchicalTestEngine.execute(HierarchicalTestEngine.java:54)
	at org.junit.platform.launcher.core.EngineExecutionOrchestrator.execute(EngineExecutionOrchestrator.java:198)
	at org.junit.platform.launcher.core.EngineExecutionOrchestrator.execute(EngineExecutionOrchestrator.java:169)
	at org.junit.platform.launcher.core.EngineExecutionOrchestrator.execute(EngineExecutionOrchestrator.java:93)
	at org.junit.platform.launcher.core.EngineExecutionOrchestrator.lambda$execute$0(EngineExecutionOrchestrator.java:58)
	at org.junit.platform.launcher.core.EngineExecutionOrchestrator.withInterceptedStreams(EngineExecutionOrchestrator.java:141)
	at org.junit.platform.launcher.core.EngineExecutionOrchestrator.execute(EngineExecutionOrchestrator.java:57)
	at org.junit.platform.launcher.core.DefaultLauncher.execute(DefaultLauncher.java:103)
	at org.junit.platform.launcher.core.DefaultLauncher.execute(DefaultLauncher.java:85)
	at org.junit.platform.launcher.core.DelegatingLauncher.execute(DelegatingLauncher.java:47)
	at org.apache.maven.surefire.junitplatform.LazyLauncher.execute(LazyLauncher.java:56)
	at org.apache.maven.surefire.junitplatform.JUnitPlatformProvider.execute(JUnitPlatformProvider.java:184)
	at org.apache.maven.surefire.junitplatform.JUnitPlatformProvider.invokeAllTests(JUnitPlatformProvider.java:148)
	at org.apache.maven.surefire.junitplatform.JUnitPlatformProvider.invoke(JUnitPlatformProvider.java:122)
	at org.apache.maven.surefire.booter.ForkedBooter.runSuitesInProcess(ForkedBooter.java:385)
	at org.apache.maven.surefire.booter.ForkedBooter.execute(ForkedBooter.java:162)
	at org.apache.maven.surefire.booter.ForkedBooter.run(ForkedBooter.java:507)
	at org.apache.maven.surefire.booter.ForkedBooter.main(ForkedBooter.java:495)

[ERRO] 2026-01-09 18:51:45.879 - IO
  Exceção: java.io.IOException: Erro de IO
java.io.IOException: Erro de IO
	at testes.ErrorLoggerTest.testeDiferentesTiposExcecoes(ErrorLoggerTest.java:79)
	at java.base/jdk.internal.reflect.DirectMethodHandleAccessor.invoke(DirectMethodHandleAccessor.java:103)
	at java.base/java.lang.reflect.Method.invoke(Method.java:580)
	at org.junit.platform.commons.util.ReflectionUtils.invokeMethod(ReflectionUtils.java:728)
	at org.junit.jupiter.engine.execution.MethodInvocation.proceed(MethodInvocation.java:60)
	at org.junit.jupiter.engine.execution.InvocationInterceptorChain$ValidatingInvocation.proceed(InvocationInterceptorChain.java:131)
	at org.junit.jupiter.engine.extension.TimeoutExtension.intercept(TimeoutExtension.java:156)
	at org.junit.jupiter.engine.extension.TimeoutExtension.interceptTestableMethod(TimeoutExtension.java:147)
	at org.junit.jupiter.engine.extension.TimeoutExtension.interceptTestMethod(TimeoutExtension.java:86)
	at org.junit.jupiter.engine.execution.InterceptingExecutableInvoker$ReflectiveInterceptorCall.lambda$ofVoidMethod$0(InterceptingExecutableInvoker.java:103)
	at org.junit.jupiter.engine.execution.InterceptingExecutableInvoker.lambda$invoke$0(InterceptingExecutableInvoker.java:93)
	at org.junit.jupiter.engine.execution.InvocationInterceptorChain$InterceptedInvocation.proceed(InvocationInterceptorChain.java:106)
	at org.junit.jupiter.engine.execution.InvocationInterceptorChain.proceed(InvocationInterceptorChain.java:64)
	at org.junit.jupiter.engine.execution.InvocationInterceptorChain.chainAndInvoke(InvocationInterceptorChain.java:45)
	at org.junit.jupiter.engine.execution.InvocationInterceptorChain.invoke(InvocationInterceptorChain.java:37)
	at org.junit.jupiter.engine.execution.InterceptingExecutableInvoker.invoke(InterceptingExecutableInvoker.java:92)
	at org.junit.jupiter.engine.execution.InterceptingExecutableInvoker.invoke(InterceptingExecutableInvoker.java:86)
	at org.junit.jupiter.engine.descriptor.TestMethodTestDescriptor.lambda$invokeTestMethod$7(TestMethodTestDescriptor.java:218)
	at org.junit.platform.engine.support.hierarchical.ThrowableCollector.execute(ThrowableCollector.java:73)
	at org.junit.jupiter.engine.descriptor.TestMethodTestDescriptor.invokeTestMethod(TestMethodTestDescriptor.java:214)
	at org.junit.jupiter.engine.descriptor.TestMethodTestDescriptor.execute(TestMethodTestDescriptor.java:139)
	at org.junit.jupiter.engine.descriptor.TestMethodTestDescriptor.execute(TestMethodTestDescriptor.java:69)
	at org.junit.platform.engine.support.hierarchical.NodeTestTask.lambda$executeRecursively$6(NodeTestTask.java:151)
	at org.junit.platform.engine.support.hierarchical.ThrowableCollector.execute(ThrowableCollector.java:73)
	at org.junit.platform.engine.support.hierarchical.NodeTestTask.lambda$executeRecursively$8(NodeTestTask.java:141)
	at org.junit.platform.engine.support.hierarchical.Node.around(Node.java:137)
	at org.junit.platform.engine.support.hierarchical.NodeTestTask.lambda$executeRecursively$9(NodeTestTask.java:139)
	at org.junit.platform.engine.support.hierarchical.ThrowableCollector.execute(ThrowableCollector.java:73)
	at org.junit.platform.engine.support.hierarchical.NodeTestTask.executeRecursively(NodeTestTask.java:138)
	at org.junit.platform.engine.support.hierarchical.NodeTestTask.execute(NodeTestTask.java:95)
	at java.base/java.util.ArrayList.forEach(ArrayList.java:1597)
	at org.junit.platform.engine.support.hierarchical.SameThreadHierarchicalTestExecutorService.invokeAll(SameThreadHierarchicalTestExecutorService.java:41)
	at org.junit.platform.engine.support.hierarchical.NodeTestTask.lambda$executeRecursively$6(NodeTestTask.java:155)
	at org.junit.platform.engine.support.hierarchical.ThrowableCollector.execute(ThrowableCollector.java:73)
	at org.junit.platform.engine.support.hierarchical.NodeTestTask.lambda$executeRecursively$8(NodeTestTask.java:141)
	at org.junit.platform.engine.support.hierarchical.Node.around(Node.java:137)
	at org.junit.platform.engine.support.hierarchical.NodeTestTask.lambda$executeRecursively$9(NodeTestTask.java:139)
	at org.junit.platform.engine.support.hierarchical.ThrowableCollector.execute(ThrowableCollector.java:73)
	at org.junit.platform.engine.support.hierarchical.NodeTestTask.executeRecursively(NodeTestTask.java:138)
	at org.junit.platform.engine.support.hierarchical.NodeTestTask.execute(NodeTestTask.java:95)
	at java.base/java.util.ArrayList.forEach(ArrayList.java:1597)
	at org.junit.platform.engine.support.hierarchical.SameThreadHierarchicalTestExecutorService.invokeAll(SameThreadHierarchicalTestExecutorService.java:41)
	at org.junit.platform.engine.support.hierarchical.NodeTestTask.lambda$executeRecursively$6(NodeTestTask.java:155)
	at org.junit.platform.engine.support.hierarchical.ThrowableCollector.execute(ThrowableCollector.java:73)
	at org.junit.platform.engine.support.hierarchical.NodeTestTask.lambda$executeRecursively$8(NodeTestTask.java:141)
	at org.junit.platform.engine.support.hierarchical.Node.around(Node.java:137)
	at org.junit.platform.engine.support.hierarchical.NodeTestTask.lambda$executeRecursively$9(NodeTestTask.java:139)
	at org.junit.platform.engine.support.hierarchical.ThrowableCollector.execute(ThrowableCollector.java:73)
	at org.junit.platform.engine.support.hierarchical.NodeTestTask.executeRecursively(NodeTestTask.java:138)
	at org.junit.platform.engine.support.hierarchical.NodeTestTask.execute(NodeTestTask.java:95)
	at org.junit.platform.engine.support.hierarchical.SameThreadHierarchicalTestExecutorService.submit(SameThreadHierarchicalTestExecutorService.java:35)
	at org.junit.platform.engine.support.hierarchical.HierarchicalTestExecutor.execute(HierarchicalTestExecutor.java:57)
	at org.junit.platform.engine.support.hierarchical.HierarchicalTestEngine.execute(HierarchicalTestEngine.java:54)
	at org.junit.platform.launcher.core.EngineExecutionOrchestrator.execute(EngineExecutionOrchestrator.java:198)
	at org.junit.platform.launcher.core.EngineExecutionOrchestrator.execute(EngineExecutionOrchestrator.java:169)
	at org.junit.platform.launcher.core.EngineExecutionOrchestrator.execute(EngineExecutionOrchestrator.java:93)
	at org.junit.platform.launcher.core.EngineExecutionOrchestrator.lambda$execute$0(EngineExecutionOrchestrator.java:58)
	at org.junit.platform.launcher.core.EngineExecutionOrchestrator.withInterceptedStreams(EngineExecutionOrchestrator.java:141)
	at org.junit.platform.launcher.core.EngineExecutionOrchestrator.execute(EngineExecutionOrchestrator.java:57)
	at org.junit.platform.launcher.core.DefaultLauncher.execute(DefaultLauncher.java:103)
	at org.junit.platform.launcher.core.DefaultLauncher.execute(DefaultLauncher.java:85)
	at org.junit.platform.launcher.core.DelegatingLauncher.execute(DelegatingLauncher.java:47)
	at org.apache.maven.surefire.junitplatform.LazyLauncher.execute(LazyLauncher.java:56)
	at org.apache.maven.surefire.junitplatform.JUnitPlatformProvider.execute(JUnitPlatformProvider.java:184)
	at org.apache.maven.surefire.junitplatform.JUnitPlatformProvider.invokeAllTests(JUnitPlatformProvider.java:148)
	at org.apache.maven.surefire.junitplatform.JUnitPlatformProvider.invoke(JUnitPlatformProvider.java:122)
	at org.apache.maven.surefire.booter.ForkedBooter.runSuitesInProcess(ForkedBooter.java:385)
	at org.apache.maven.surefire.booter.ForkedBooter.execute(ForkedBooter.java:162)
	at org.apache.maven.surefire.booter.ForkedBooter.run(ForkedBooter.java:507)
	at org.apache.maven.surefire.booter.ForkedBooter.main(ForkedBooter.java:495)

[ERRO] 2026-01-09 18:51:45.880 - NPE
  Exceção: java.lang.NullPointerException: Ponteiro nulo
java.lang.NullPointerException: Ponteiro nulo
	at testes.ErrorLoggerTest.testeDiferentesTiposExcecoes(ErrorLoggerTest.java:82)
	at java.base/jdk.internal.reflect.DirectMethodHandleAccessor.invoke(DirectMethodHandleAccessor.java:103)
	at java.base/java.lang.reflect.Method.invoke(Method.java:580)
	at org.junit.platform.commons.util.ReflectionUtils.invokeMethod(ReflectionUtils.java:728)
	at org.junit.jupiter.engine.execution.MethodInvocation.proceed(MethodInvocation.java:60)
	at org.junit.jupiter.engine.execution.InvocationInterceptorChain$ValidatingInvocation.proceed(InvocationInterceptorChain.java:131)
	at org.junit.jupiter.engine.extension.TimeoutExtension.intercept(TimeoutExtension.java:156)
	at org.junit.jupiter.engine.extension.TimeoutExtension.interceptTestableMethod(TimeoutExtension.java:147)
	at org.junit.jupiter.engine.extension.TimeoutExtension.interceptTestMethod(TimeoutExtension.java:86)
	at org.junit.jupiter.engine.execution.InterceptingExecutableInvoker$ReflectiveInterceptorCall.lambda$ofVoidMethod$0(InterceptingExecutableInvoker.java:103)
	at org.junit.jupiter.engine.execution.InterceptingExecutableInvoker.lambda$invoke$0(InterceptingExecutableInvoker.java:93)
	at org.junit.jupiter.engine.execution.InvocationInterceptorChain$InterceptedInvocation.proceed(InvocationInterceptorChain.java:106)
	at org.junit.jupiter.engine.execution.InvocationInterceptorChain.proceed(InvocationInterceptorChain.java:64)
	at org.junit.jupiter.engine.execution.InvocationInterceptorChain.chainAndInvoke(InvocationInterceptorChain.java:45)
	at org.junit.jupiter.engine.execution.InvocationInterceptorChain.invoke(InvocationInterceptorChain.java:37)
	at org.junit.jupiter.engine.execution.InterceptingExecutableInvoker.invoke(InterceptingExecutableInvoker.java:92)
	at org.junit.jupiter.engine.execution.InterceptingExecutableInvoker.invoke(InterceptingExecutableInvoker.java:86)
	at org.junit.jupiter.engine.descriptor.TestMethodTestDescriptor.lambda$invokeTestMethod$7(TestMethodTestDescriptor.java:218)
	at org.junit.platform.engine.support.hierarchical.ThrowableCollector.execute(ThrowableCollector.java:73)
	at org.junit.jupiter.engine.descriptor.TestMethodTestDescriptor.invokeTestMethod(TestMethodTestDescriptor.java:214)
	at org.junit.jupiter.engine.descriptor.TestMethodTestDescriptor.execute(TestMethodTestDescriptor.java:139)
	at org.junit.jupiter.engine.descriptor.TestMethodTestDescriptor.execute(TestMethodTestDescriptor.java:69)
	at org.junit.platform.engine.support.hierarchical.NodeTestTask.lambda$executeRecursively$6(NodeTestTask.java:151)
	at org.junit.platform.engine.support.hierarchical.ThrowableCollector.execute(ThrowableCollector.java:73)
	at org.junit.platform.engine.support.hierarchical.NodeTestTask.lambda$executeRecursively$8(NodeTestTask.java:141)
	at org.junit.platform.engine.support.hierarchical.Node.around(Node.java:137)
	at org.junit.platform.engine.support.hierarchical.NodeTestTask.lambda$executeRecursively$9(NodeTestTask.java:139)
	at org.junit.platform.engine.support.hierarchical.ThrowableCollector.execute(ThrowableCollector.java:73)
	at org.junit.platform.engine.support.hierarchical.NodeTestTask.executeRecursively(NodeTestTask.java:138)
	at org.junit.platform.engine.support.hierarchical.NodeTestTask.execute(NodeTestTask.java:95)
	at java.base/java.util.ArrayList.forEach(ArrayList.java:1597)
	at org.junit.platform.engine.support.hierarchical.SameThreadHierarchicalTestExecutorService.invokeAll(SameThreadHierarchicalTestExecutorService.java:41)
	at org.junit.platform.engine.support.hierarchical.NodeTestTask.lambda$executeRecursively$6(NodeTestTask.java:155)
	at org.junit.platform.engine.support.hierarchical.ThrowableCollector.execute(ThrowableCollector.java:73)
	at org.junit.platform.engine.support.hierarchical.NodeTestTask.lambda$executeRecursively$8(NodeTestTask.java:141)
	at org.junit.platform.engine.support.hierarchical.Node.around(Node.java:137)
	at org.junit.platform.engine.support.hierarchical.NodeTestTask.lambda$executeRecursively$9(NodeTestTask.java:139)
	at org.junit.platform.engine.support.hierarchical.ThrowableCollector.execute(ThrowableCollector.java:73)
	at org.junit.platform.engine.support.hierarchical.NodeTestTask.executeRecursively(NodeTestTask.java:138)
	at org.junit.platform.engine.support.hierarchical.NodeTestTask.execute(NodeTestTask.java:95)
	at java.base/java.util.ArrayList.forEach(ArrayList.java:1597)
	at org.junit.platform.engine.support.hierarchical.SameThreadHierarchicalTestExecutorService.invokeAll(SameThreadHierarchicalTestExecutorService.java:41)
	at org.junit.platform.engine.support.hierarchical.NodeTestTask.lambda$executeRecursively$6(NodeTestTask.java:155)
	at org.junit.platform.engine.support.hierarchical.ThrowableCollector.execute(ThrowableCollector.java:73)
	at org.junit.platform.engine.support.hierarchical.NodeTestTask.lambda$executeRecursively$8(NodeTestTask.java:141)
	at org.junit.platform.engine.support.hierarchical.Node.around(Node.java:137)
	at org.junit.platform.engine.support.hierarchical.NodeTestTask.lambda$executeRecursively$9(NodeTestTask.java:139)
	at org.junit.platform.engine.support.hierarchical.ThrowableCollector.execute(ThrowableCollector.java:73)
	at org.junit.platform.engine.support.hierarchical.NodeTestTask.executeRecursively(NodeTestTask.java:138)
	at org.junit.platform.engine.support.hierarchical.NodeTestTask.execute(NodeTestTask.java:95)
	at org.junit.platform.engine.support.hierarchical.SameThreadHierarchicalTestExecutorService.submit(SameThreadHierarchicalTestExecutorService.java:35)
	at org.junit.platform.engine.support.hierarchical.HierarchicalTestExecutor.execute(HierarchicalTestExecutor.java:57)
	at org.junit.platform.engine.support.hierarchical.HierarchicalTestEngine.execute(HierarchicalTestEngine.java:54)
	at org.junit.platform.launcher.core.EngineExecutionOrchestrator.execute(EngineExecutionOrchestrator.java:198)
	at org.junit.platform.launcher.core.EngineExecutionOrchestrator.execute(EngineExecutionOrchestrator.java:169)
	at org.junit.platform.launcher.core.EngineExecutionOrchestrator.execute(EngineExecutionOrchestrator.java:93)
	at org.junit.platform.launcher.core.EngineExecutionOrchestrator.lambda$execute$0(EngineExecutionOrchestrator.java:58)
	at org.junit.platform.launcher.core.EngineExecutionOrchestrator.withInterceptedStreams(EngineExecutionOrchestrator.java:141)
	at org.junit.platform.launcher.core.EngineExecutionOrchestrator.execute(EngineExecutionOrchestrator.java:57)
	at org.junit.platform.launcher.core.DefaultLauncher.execute(DefaultLauncher.java:103)
	at org.junit.platform.launcher.core.DefaultLauncher.execute(DefaultLauncher.java:85)
	at org.junit.platform.launcher.core.DelegatingLauncher.execute(DelegatingLauncher.java:47)
	at org.apache.maven.surefire.junitplatform.LazyLauncher.execute(LazyLauncher.java:56)
	at org.apache.maven.surefire.junitplatform.JUnitPlatformProvider.execute(JUnitPlatformProvider.java:184)
	at org.apache.maven.surefire.junitplatform.JUnitPlatformProvider.invokeAllTests(JUnitPlatformProvider.java:148)
	at org.apache.maven.surefire.junitplatform.JUnitPlatformProvider.invoke(JUnitPlatformProvider.java:122)
	at org.apache.maven.surefire.booter.ForkedBooter.runSuitesInProcess(ForkedBooter.java:385)
	at org.apache.maven.surefire.booter.ForkedBooter.execute(ForkedBooter.java:162)
	at org.apache.maven.surefire.booter.ForkedBooter.run(ForkedBooter.java:507)
	at org.apache.maven.surefire.booter.ForkedBooter.main(ForkedBooter.java:495)

[ERRO] 2026-01-09 18:51:45.881 - Custom
  Exceção: java.lang.IllegalArgumentException: Argumento inválido
java.lang.IllegalArgumentException: Argumento inválido
	at testes.ErrorLoggerTest.testeDiferentesTiposExcecoes(ErrorLoggerTest.java:85)
	at java.base/jdk.internal.reflect.DirectMethodHandleAccessor.invoke(DirectMethodHandleAccessor.java:103)
	at java.base/java.lang.reflect.Method.invoke(Method.java:580)
	at org.junit.platform.commons.util.ReflectionUtils.invokeMethod(ReflectionUtils.java:728)
	at org.junit.jupiter.engine.execution.MethodInvocation.proceed(MethodInvocation.java:60)
	at org.junit.jupiter.engine.execution.InvocationInterceptorChain$ValidatingInvocation.proceed(InvocationInterceptorChain.java:131)
	at org.junit.jupiter.engine.extension.TimeoutExtension.intercept(TimeoutExtension.java:156)
	at org.junit.jupiter.engine.extension.TimeoutExtension.interceptTestableMethod(TimeoutExtension.java:147)
	at org.junit.jupiter.engine.extension.TimeoutExtension.interceptTestMethod(TimeoutExtension.java:86)
	at org.junit.jupiter.engine.execution.InterceptingExecutableInvoker$ReflectiveInterceptorCall.lambda$ofVoidMethod$0(InterceptingExecutableInvoker.java:103)
	at org.junit.jupiter.engine.execution.InterceptingExecutableInvoker.lambda$invoke$0(InterceptingExecutableInvoker.java:93)
	at org.junit.jupiter.engine.execution.InvocationInterceptorChain$InterceptedInvocation.proceed(InvocationInterceptorChain.java:106)
	at org.junit.jupiter.engine.execution.InvocationInterceptorChain.proceed(InvocationInterceptorChain.java:64)
	at org.junit.jupiter.engine.execution.InvocationInterceptorChain.chainAndInvoke(InvocationInterceptorChain.java:45)
	at org.junit.jupiter.engine.execution.InvocationInterceptorChain.invoke(InvocationInterceptorChain.java:37)
	at org.junit.jupiter.engine.execution.InterceptingExecutableInvoker.invoke(InterceptingExecutableInvoker.java:92)
	at org.junit.jupiter.engine.execution.InterceptingExecutableInvoker.invoke(InterceptingExecutableInvoker.java:86)
	at org.junit.jupiter.engine.descriptor.TestMethodTestDescriptor.lambda$invokeTestMethod$7(TestMethodTestDescriptor.java:218)
	at org.junit.platform.engine.support.hierarchical.ThrowableCollector.execute(ThrowableCollector.java:73)
	at org.junit.jupiter.engine.descriptor.TestMethodTestDescriptor.invokeTestMethod(TestMethodTestDescriptor.java:214)
	at org.junit.jupiter.engine.descriptor.TestMethodTestDescriptor.execute(TestMethodTestDescriptor.java:139)
	at org.junit.jupiter.engine.descriptor.TestMethodTestDescriptor.execute(TestMethodTestDescriptor.java:69)
	at org.junit.platform.engine.support.hierarchical.NodeTestTask.lambda$executeRecursively$6(NodeTestTask.java:151)
	at org.junit.platform.engine.support.hierarchical.ThrowableCollector.execute(ThrowableCollector.java:73)
	at org.junit.platform.engine.support.hierarchical.NodeTestTask.lambda$executeRecursively$8(NodeTestTask.java:141)
	at org.junit.platform.engine.support.hierarchical.Node.around(Node.java:137)
	at org.junit.platform.engine.support.hierarchical.NodeTestTask.lambda$executeRecursively$9(NodeTestTask.java:139)
	at org.junit.platform.engine.support.hierarchical.ThrowableCollector.execute(ThrowableCollector.java:73)
	at org.junit.platform.engine.support.hierarchical.NodeTestTask.executeRecursively(NodeTestTask.java:138)
	at org.junit.platform.engine.support.hierarchical.NodeTestTask.execute(NodeTestTask.java:95)
	at java.base/java.util.ArrayList.forEach(ArrayList.java:1597)
	at org.junit.platform.engine.support.hierarchical.SameThreadHierarchicalTestExecutorService.invokeAll(SameThreadHierarchicalTestExecutorService.java:41)
	at org.junit.platform.engine.support.hierarchical.NodeTestTask.lambda$executeRecursively$6(NodeTestTask.java:155)
	at org.junit.platform.engine.support.hierarchical.ThrowableCollector.execute(ThrowableCollector.java:73)
	at org.junit.platform.engine.support.hierarchical.NodeTestTask.lambda$executeRecursively$8(NodeTestTask.java:141)
	at org.junit.platform.engine.support.hierarchical.Node.around(Node.java:137)
	at org.junit.platform.engine.support.hierarchical.NodeTestTask.lambda$executeRecursively$9(NodeTestTask.java:139)
	at org.junit.platform.engine.support.hierarchical.ThrowableCollector.execute(ThrowableCollector.java:73)
	at org.junit.platform.engine.support.hierarchical.NodeTestTask.executeRecursively(NodeTestTask.java:138)
	at org.junit.platform.engine.support.hierarchical.NodeTestTask.execute(NodeTestTask.java:95)
	at java.base/java.util.ArrayList.forEach(ArrayList.java:1597)
	at org.junit.platform.engine.support.hierarchical.SameThreadHierarchicalTestExecutorService.invokeAll(SameThreadHierarchicalTestExecutorService.java:41)
	at org.junit.platform.engine.support.hierarchical.NodeTestTask.lambda$executeRecursively$6(NodeTestTask.java:155)
	at org.junit.platform.engine.support.hierarchical.ThrowableCollector.execute(ThrowableCollector.java:73)
	at org.junit.platform.engine.support.hierarchical.NodeTestTask.lambda$executeRecursively$8(NodeTestTask.java:141)
	at org.junit.platform.engine.support.hierarchical.Node.around(Node.java:137)
	at org.junit.platform.engine.support.hierarchical.NodeTestTask.lambda$executeRecursively$9(NodeTestTask.java:139)
	at org.junit.platform.engine.support.hierarchical.ThrowableCollector.execute(ThrowableCollector.java:73)
	at org.junit.platform.engine.support.hierarchical.NodeTestTask.executeRecursively(NodeTestTask.java:138)
	at org.junit.platform.engine.support.hierarchical.NodeTestTask.execute(NodeTestTask.java:95)
	at org.junit.platform.engine.support.hierarchical.SameThreadHierarchicalTestExecutorService.submit(SameThreadHierarchicalTestExecutorService.java:35)
	at org.junit.platform.engine.support.hierarchical.HierarchicalTestExecutor.execute(HierarchicalTestExecutor.java:57)
	at org.junit.platform.engine.support.hierarchical.HierarchicalTestEngine.execute(HierarchicalTestEngine.java:54)
	at org.junit.platform.launcher.core.EngineExecutionOrchestrator.execute(EngineExecutionOrchestrator.java:198)
	at org.junit.platform.launcher.core.EngineExecutionOrchestrator.execute(EngineExecutionOrchestrator.java:169)
	at org.junit.platform.launcher.core.EngineExecutionOrchestrator.execute(EngineExecutionOrchestrator.java:93)
	at org.junit.platform.launcher.core.EngineExecutionOrchestrator.lambda$execute$0(EngineExecutionOrchestrator.java:58)
	at org.junit.platform.launcher.core.EngineExecutionOrchestrator.withInterceptedStreams(EngineExecutionOrchestrator.java:141)
	at org.junit.platform.launcher.core.EngineExecutionOrchestrator.execute(EngineExecutionOrchestrator.java:57)
	at org.junit.platform.launcher.core.DefaultLauncher.execute(DefaultLauncher.java:103)
	at org.junit.platform.launcher.core.DefaultLauncher.execute(DefaultLauncher.java:85)
	at org.junit.platform.launcher.core.DelegatingLauncher.execute(DelegatingLauncher.java:47)
	at org.apache.maven.surefire.junitplatform.LazyLauncher.execute(LazyLauncher.java:56)
	at org.apache.maven.surefire.junitplatform.JUnitPlatformProvider.execute(JUnitPlatformProvider.java:184)
	at org.apache.maven.surefire.junitplatform.JUnitPlatformProvider.invokeAllTests(JUnitPlatformProvider.java:148)
	at org.apache.maven.surefire.junitplatform.JUnitPlatformProvider.invoke(JUnitPlatformProvider.java:122)
	at org.apache.maven.surefire.booter.ForkedBooter.runSuitesInProcess(ForkedBooter.java:385)
	at org.apache.maven.surefire.booter.ForkedBooter.execute(ForkedBooter.java:162)
	at org.apache.maven.surefire.booter.ForkedBooter.run(ForkedBooter.java:507)
	at org.apache.maven.surefire.booter.ForkedBooter.main(ForkedBooter.java:495)

[ERRO] 2026-01-09 18:51:45.885 - Encadeado
  Exceção: java.lang.RuntimeException: Erro principal
java.lang.RuntimeException: Erro principal
	at testes.ErrorLoggerTest.testeExcecoesEncadeadas(ErrorLoggerTest.java:104)
	at java.base/jdk.internal.reflect.DirectMethodHandleAccessor.invoke(DirectMethodHandleAccessor.java:103)
	at java.base/java.lang.reflect.Method.invoke(Method.java:580)
	at org.junit.platform.commons.util.ReflectionUtils.invokeMethod(ReflectionUtils.java:728)
	at org.junit.jupiter.engine.execution.MethodInvocation.proceed(MethodInvocation.java:60)
	at org.junit.jupiter.engine.execution.InvocationInterceptorChain$ValidatingInvocation.proceed(InvocationInterceptorChain.java:131)
	at org.junit.jupiter.engine.extension.TimeoutExtension.intercept(TimeoutExtension.java:156)
	at org.junit.jupiter.engine.extension.TimeoutExtension.interceptTestableMethod(TimeoutExtension.java:147)
	at org.junit.jupiter.engine.extension.TimeoutExtension.interceptTestMethod(TimeoutExtension.java:86)
	at org.junit.jupiter.engine.execution.InterceptingExecutableInvoker$ReflectiveInterceptorCall.lambda$ofVoidMethod$0(InterceptingExecutableInvoker.java:103)
	at org.junit.jupiter.engine.execution.InterceptingExecutableInvoker.lambda$invoke$0(InterceptingExecutableInvoker.java:93)
	at org.junit.jupiter.engine.execution.InvocationInterceptorChain$InterceptedInvocation.proceed(InvocationInterceptorChain.java:106)
	at org.junit.jupiter.engine.execution.InvocationInterceptorChain.proceed(InvocationInterceptorChain.java:64)
	at org.junit.jupiter.engine.execution.InvocationInterceptorChain.chainAndInvoke(InvocationInterceptorChain.java:45)
	at org.junit.jupiter.engine.execution.InvocationInterceptorChain.invoke(InvocationInterceptorChain.java:37)
	at org.junit.jupiter.engine.execution.InterceptingExecutableInvoker.invoke(InterceptingExecutableInvoker.java:92)
	at org.junit.jupiter.engine.execution.InterceptingExecutableInvoker.invoke(InterceptingExecutableInvoker.java:86)
	at org.junit.jupiter.engine.descriptor.TestMethodTestDescriptor.lambda$invokeTestMethod$7(TestMethodTestDescriptor.java:218)
	at org.junit.platform.engine.support.hierarchical.ThrowableCollector.execute(ThrowableCollector.java:73)
	at org.junit.jupiter.engine.descriptor.TestMethodTestDescriptor.invokeTestMethod(TestMethodTestDescriptor.java:214)
	at org.junit.jupiter.engine.descriptor.TestMethodTestDescriptor.execute(TestMethodTestDescriptor.java:139)
	at org.junit.jupiter.engine.descriptor.TestMethodTestDescriptor.execute(TestMethodTestDescriptor.java:69)
	at org.junit.platform.engine.support.hierarchical.NodeTestTask.lambda$executeRecursively$6(NodeTestTask.java:151)
	at org.junit.platform.engine.support.hierarchical.ThrowableCollector.execute(ThrowableCollector.java:73)
	at org.junit.platform.engine.support.hierarchical.NodeTestTask.lambda$executeRecursively$8(NodeTestTask.java:141)
	at org.junit.platform.engine.support.hierarchical.Node.around(Node.java:137)
	at org.junit.platform.engine.support.hierarchical.NodeTestTask.lambda$executeRecursively$9(NodeTestTask.java:139)
	at org.junit.platform.engine.support.hierarchical.ThrowableCollector.execute(ThrowableCollector.java:73)
	at org.junit.platform.engine.support.hierarchical.NodeTestTask.executeRecursively(NodeTestTask.java:138)
	at org.junit.platform.engine.support.hierarchical.NodeTestTask.execute(NodeTestTask.java:95)
	at java.base/java.util.ArrayList.forEach(ArrayList.java:1597)
	at org.junit.platform.engine.support.hierarchical.SameThreadHierarchicalTestExecutorService.invokeAll(SameThreadHierarchicalTestExecutorService.java:41)
	at org.junit.platform.engine.support.hierarchical.NodeTestTask.lambda$executeRecursively$6(NodeTestTask.java:155)
	at org.junit.platform.engine.support.hierarchical.ThrowableCollector.execute(ThrowableCollector.java:73)
	at org.junit.platform.engine.support.hierarchical.NodeTestTask.lambda$executeRecursively$8(NodeTestTask.java:141)
	at org.junit.platform.engine.support.hierarchical.Node.around(Node.java:137)
	at org.junit.platform.engine.support.hierarchical.NodeTestTask.lambda$executeRecursively$9(NodeTestTask.java:139)
	at org.junit.platform.engine.support.hierarchical.ThrowableCollector.execute(ThrowableCollector.java:73)
	at org.junit.platform.engine.support.hierarchical.NodeTestTask.executeRecursively(NodeTestTask.java:138)
	at org.junit.platform.engine.support.hierarchical.NodeTestTask.execute(NodeTestTask.java:95)
	at java.base/java.util.ArrayList.forEach(ArrayList.java:1597)
	at org.junit.platform.engine.support.hierarchical.SameThreadHierarchicalTestExecutorService.invokeAll(SameThreadHierarchicalTestExecutorService.java:41)
	at org.junit.platform.engine.support.hierarchical.NodeTestTask.lambda$executeRecursively$6(NodeTestTask.java:155)
	at org.junit.platform.engine.support.hierarchical.ThrowableCollector.execute(ThrowableCollector.java:73)
	at org.junit.platform.engine.support.hierarchical.NodeTestTask.lambda$executeRecursively$8(NodeTestTask.java:141)
	at org.junit.platform.engine.support.hierarchical.Node.around(Node.java:137)
	at org.junit.platform.engine.support.hierarchical.NodeTestTask.lambda$executeRecursively$9(NodeTestTask.java:139)
	at org.junit.platform.engine.support.hierarchical.ThrowableCollector.execute(ThrowableCollector.java:73)
	at org.junit.platform.engine.support.hierarchical.NodeTestTask.executeRecursively(NodeTestTask.java:138)
	at org.junit.platform.engine.support.hierarchical.NodeTestTask.execute(NodeTestTask.java:95)
	at org.junit.platform.engine.support.hierarchical.SameThreadHierarchicalTestExecutorService.submit(SameThreadHierarchicalTestExecutorService.java:35)
	at org.junit.platform.engine.support.hierarchical.HierarchicalTestExecutor.execute(HierarchicalTestExecutor.java:57)
	at org.junit.platform.engine.support.hierarchical.HierarchicalTestEngine.execute(HierarchicalTestEngine.java:54)
	at org.junit.platform.launcher.core.EngineExecutionOrchestrator.execute(EngineExecutionOrchestrator.java:198)
	at org.junit.platform.launcher.core.EngineExecutionOrchestrator.execute(EngineExecutionOrchestrator.java:169)
	at org.junit.platform.launcher.core.EngineExecutionOrchestrator.execute(EngineExecutionOrchestrator.java:93)
	at org.junit.platform.launcher.core.EngineExecutionOrchestrator.lambda$execute$0(EngineExecutionOrchestrator.java:58)
	at org.junit.platform.launcher.core.EngineExecutionOrchestrator.withInterceptedStreams(EngineExecutionOrchestrator.java:141)
	at org.junit.platform.launcher.core.EngineExecutionOrchestrator.execute(EngineExecutionOrchestrator.java:57)
	at org.junit.platform.launcher.core.DefaultLauncher.execute(DefaultLauncher.java:103)
	at org.junit.platform.launcher.core.DefaultLauncher.execute(DefaultLauncher.java:85)
	at org.junit.platform.launcher.core.DelegatingLauncher.execute(DelegatingLauncher.java:47)
	at org.apache.maven.surefire.junitplatform.LazyLauncher.execute(LazyLauncher.java:56)
	at org.apache.maven.surefire.junitplatform.JUnitPlatformProvider.execute(JUnitPlatformProvider.java:184)
	at org.apache.maven.surefire.junitplatform.JUnitPlatformProvider.invokeAllTests(JUnitPlatformProvider.java:148)
	at org.apache.maven.surefire.junitplatform.JUnitPlatformProvider.invoke(JUnitPlatformProvider.java:122)
	at org.apache.maven.surefire.booter.ForkedBooter.runSuitesInProcess(ForkedBooter.java:385)
	at org.apache.maven.surefire.booter.ForkedBooter.execute(ForkedBooter.java:162)
	at org.apache.maven.surefire.booter.ForkedBooter.run(ForkedBooter.java:507)
	at org.apache.maven.surefire.booter.ForkedBooter.main(ForkedBooter.java:495)
Caused by: java.lang.IllegalStateException: Causa raiz
	at testes.ErrorLoggerTest.testeExcecoesEncadeadas(ErrorLoggerTest.java:103)
	... 69 more

[AVISO] 2026-01-09 18:51:45.889 - TesteWarning: Este é um aviso

[ERRO] 2026-01-09 18:51:45.898 - Erro-0
  Exceção: java.lang.RuntimeException: Exceção 0
java.lang.RuntimeException: Exceção 0
	at testes.ErrorLoggerTest.testeMultiplosErros(ErrorLoggerTest.java:138)
	at java.base/jdk.internal.reflect.DirectMethodHandleAccessor.invoke(DirectMethodHandleAccessor.java:103)
	at java.base/java.lang.reflect.Method.invoke(Method.java:580)
	at org.junit.platform.commons.util.ReflectionUtils.invokeMethod(ReflectionUtils.java:728)
	at org.junit.jupiter.engine.execution.MethodInvocation.proceed(MethodInvocation.java:60)
	at org.junit.jupiter.engine.execution.InvocationInterceptorChain$ValidatingInvocation.proceed(InvocationInterceptorChain.java:131)
	at org.junit.jupiter.engine.extension.TimeoutExtension.intercept(TimeoutExtension.java:156)
	at org.junit.jupiter.engine.extension.TimeoutExtension.interceptTestableMethod(TimeoutExtension.java:147)
	at org.junit.jupiter.engine.extension.TimeoutExtension.interceptTestMethod(TimeoutExtension.java:86)
	at org.junit.jupiter.engine.execution.InterceptingExecutableInvoker$ReflectiveInterceptorCall.lambda$ofVoidMethod$0(InterceptingExecutableInvoker.java:103)
	at org.junit.jupiter.engine.execution.InterceptingExecutableInvoker.lambda$invoke$0(InterceptingExecutableInvoker.java:93)
	at org.junit.jupiter.engine.execution.InvocationInterceptorChain$InterceptedInvocation.proceed(InvocationInterceptorChain.java:106)
	at org.junit.jupiter.engine.execution.InvocationInterceptorChain.proceed(InvocationInterceptorChain.java:64)
	at org.junit.jupiter.engine.execution.InvocationInterceptorChain.chainAndInvoke(InvocationInterceptorChain.java:45)
	at org.junit.jupiter.engine.execution.InvocationInterceptorChain.invoke(InvocationInterceptorChain.java:37)
	at org.junit.jupiter.engine.execution.InterceptingExecutableInvoker.invoke(InterceptingExecutableInvoker.java:92)
	at org.junit.jupiter.engine.execution.InterceptingExecutableInvoker.invoke(InterceptingExecutableInvoker.java:86)
	at org.junit.jupiter.engine.descriptor.TestMethodTestDescriptor.lambda$invokeTestMethod$7(TestMethodTestDescriptor.java:218)
	at org.junit.platform.engine.support.hierarchical.ThrowableCollector.execute(ThrowableCollector.java:73)
	at org.junit.jupiter.engine.descriptor.TestMethodTestDescriptor.invokeTestMethod(TestMethodTestDescriptor.java:214)
	at org.junit.jupiter.engine.descriptor.TestMethodTestDescriptor.execute(TestMethodTestDescriptor.java:139)
	at org.junit.jupiter.engine.descriptor.TestMethodTestDescriptor.execute(TestMethodTestDescriptor.java:69)
	at org.junit.platform.engine.support.hierarchical.NodeTestTask.lambda$executeRecursively$6(NodeTestTask.java:151)
	at org.junit.platform.engine.support.hierarchical.ThrowableCollector.execute(ThrowableCollector.java:73)
	at org.junit.platform.engine.support.hierarchical.NodeTestTask.lambda$executeRecursively$8(NodeTestTask.java:141)
	at org.junit.platform.engine.support.hierarchical.Node.around(Node.java:137)
	at org.junit.platform.engine.support.hierarchical.NodeTestTask.lambda$executeRecursively$9(NodeTestTask.java:139)
	at org.junit.platform.engine.support.hierarchical.ThrowableCollector.execute(ThrowableCollector.java:73)
	at org.junit.platform.engine.support.hierarchical.NodeTestTask.executeRecursively(NodeTestTask.java:138)
	at org.junit.platform.engine.support.hierarchical.NodeTestTask.execute(NodeTestTask.java:95)
	at java.base/java.util.ArrayList.forEach(ArrayList.java:1597)
	at org.junit.platform.engine.support.hierarchical.SameThreadHierarchicalTestExecutorService.invokeAll(SameThreadHierarchicalTestExecutorService.java:41)
	at org.junit.platform.engine.support.hierarchical.NodeTestTask.lambda$executeRecursively$6(NodeTestTask.java:155)
	at org.junit.platform.engine.support.hierarchical.ThrowableCollector.execute(ThrowableCollector.java:73)
	at org.junit.platform.engine.support.hierarchical.NodeTestTask.lambda$executeRecursively$8(NodeTestTask.java:141)
	at org.junit.platform.engine.support.hierarchical.Node.around(Node.java:137)
	at org.junit.platform.engine.support.hierarchical.NodeTestTask.lambda$executeRecursively$9(NodeTestTask.java:139)
	at org.junit.platform.engine.support.hierarchical.ThrowableCollector.execute(ThrowableCollector.java:73)
	at org.junit.platform.engine.support.hierarchical.NodeTestTask.executeRecursively(NodeTestTask.java:138)
	at org.junit.platform.engine.support.hierarchical.NodeTestTask.execute(NodeTestTask.java:95)
	at java.base/java.util.ArrayList.forEach(ArrayList.java:1597)
	at org.junit.platform.engine.support.hierarchical.SameThreadHierarchicalTestExecutorService.invokeAll(SameThreadHierarchicalTestExecutorService.java:41)
	at org.junit.platform.engine.support.hierarchical.NodeTestTask.lambda$executeRecursively$6(NodeTestTask.java:155)
	at org.junit.platform.engine.support.hierarchical.ThrowableCollector.execute(ThrowableCollector.java:73)
	at org.junit.platform.engine.support.hierarchical.NodeTestTask.lambda$executeRecursively$8(NodeTestTask.java:141)
	at org.junit.platform.engine.support.hierarchical.Node.around(Node.java:137)
	at org.junit.platform.engine.support.hierarchical.NodeTestTask.lambda$executeRecursively$9(NodeTestTask.java:139)
	at org.junit.platform.engine.support.hierarchical.ThrowableCollector.execute(ThrowableCollector.java:73)
	at org.junit.platform.engine.support.hierarchical.NodeTestTask.executeRecursively(NodeTestTask.java:138)
	at org.junit.platform.engine.support.hierarchical.NodeTestTask.execute(NodeTestTask.java:95)
	at org.junit.platform.engine.support.hierarchical.SameThreadHierarchicalTestExecutorService.submit(SameThreadHierarchicalTestExecutorService.java:35)
	at org.junit.platform.engine.support.hierarchical.HierarchicalTestExecutor.execute(HierarchicalTestExecutor.java:57)
	at org.junit.platform.engine.support.hierarchical.HierarchicalTestEngine.execute(HierarchicalTestEngine.java:54)
	at org.junit.platform.launcher.core.EngineExecutionOrchestrator.execute(EngineExecutionOrchestrator.java:198)
	at org.junit.platform.launcher.core.EngineExecutionOrchestrator.execute(EngineExecutionOrchestrator.java:169)
	at org.junit.platform.launcher.core.EngineExecutionOrchestrator.execute(EngineExecutionOrchestrator.java:93)
	at org.junit.platform.launcher.core.EngineExecutionOrchestrator.lambda$execute$0(EngineExecutionOrchestrator.java:58)
	at org.junit.platform.launcher.core.EngineExecutionOrchestrator.withInterceptedStreams(EngineExecutionOrchestrator.java:141)
	at org.junit.platform.launcher.core.EngineExecutionOrchestrator.execute(EngineExecutionOrchestrator.java:57)
	at org.junit.platform.launcher.core.DefaultLauncher.execute(DefaultLauncher.java:103)
	at org.junit.platform.launcher.core.DefaultLauncher.execute(DefaultLauncher.java:85)
	at org.junit.platform.launcher.core.DelegatingLauncher.execute(DelegatingLauncher.java:47)
	at org.apache.maven.surefire.junitplatform.LazyLauncher.execute(LazyLauncher.java:56)
	at org.apache.maven.surefire.junitplatform.JUnitPlatformProvider.execute(JUnitPlatformProvider.java:184)
	at org.apache.maven.surefire.junitplatform.JUnitPlatformProvider.invokeAllTests(JUnitPlatformProvider.java:148)
	at org.apache.maven.surefire.junitplatform.JUnitPlatformProvider.invoke(JUnitPlatformProvider.java:122)
	at org.apache.maven.surefire.booter.ForkedBooter.runSuitesInProcess(ForkedBooter.java:385)
	at org.apache.maven.surefire.booter.ForkedBooter.execute(ForkedBooter.java:162)
	at org.apache.maven.surefire.booter.ForkedBooter.run(ForkedBooter.java:507)
	at org.apache.maven.surefire.booter.ForkedBooter.main(ForkedBooter.java:495)

[ERRO] 2026-01-09 18:51:45.899 - Erro-1
  Exceção: java.lang.RuntimeException: Exceção 1
java.lang.RuntimeException: Exceção 1
	at testes.ErrorLoggerTest.testeMultiplosErros(ErrorLoggerTest.java:138)
	at java.base/jdk.internal.reflect.DirectMethodHandleAccessor.invoke(DirectMethodHandleAccessor.java:103)
	at java.base/java.lang.reflect.Method.invoke(Method.java:580)
	at org.junit.platform.commons.util.ReflectionUtils.invokeMethod(ReflectionUtils.java:728)
	at org.junit.jupiter.engine.execution.MethodInvocation.proceed(MethodInvocation.java:60)
	at org.junit.jupiter.engine.execution.InvocationInterceptorChain$ValidatingInvocation.proceed(InvocationInterceptorChain.java:131)
	at org.junit.jupiter.engine.extension.TimeoutExtension.intercept(TimeoutExtension.java:156)
	at org.junit.jupiter.engine.extension.TimeoutExtension.interceptTestableMethod(TimeoutExtension.java:147)
	at org.junit.jupiter.engine.extension.TimeoutExtension.interceptTestMethod(TimeoutExtension.java:86)
	at org.junit.jupiter.engine.execution.InterceptingExecutableInvoker$ReflectiveInterceptorCall.lambda$ofVoidMethod$0(InterceptingExecutableInvoker.java:103)
	at org.junit.jupiter.engine.execution.InterceptingExecutableInvoker.lambda$invoke$0(InterceptingExecutableInvoker.java:93)
	at org.junit.jupiter.engine.execution.InvocationInterceptorChain$InterceptedInvocation.proceed(InvocationInterceptorChain.java:106)
	at org.junit.jupiter.engine.execution.InvocationInterceptorChain.proceed(InvocationInterceptorChain.java:64)
	at org.junit.jupiter.engine.execution.InvocationInterceptorChain.chainAndInvoke(InvocationInterceptorChain.java:45)
	at org.junit.jupiter.engine.execution.InvocationInterceptorChain.invoke(InvocationInterceptorChain.java:37)
	at org.junit.jupiter.engine.execution.InterceptingExecutableInvoker.invoke(InterceptingExecutableInvoker.java:92)
	at org.junit.jupiter.engine.execution.InterceptingExecutableInvoker.invoke(InterceptingExecutableInvoker.java:86)
	at org.junit.jupiter.engine.descriptor.TestMethodTestDescriptor.lambda$invokeTestMethod$7(TestMethodTestDescriptor.java:218)
	at org.junit.platform.engine.support.hierarchical.ThrowableCollector.execute(ThrowableCollector.java:73)
	at org.junit.jupiter.engine.descriptor.TestMethodTestDescriptor.invokeTestMethod(TestMethodTestDescriptor.java:214)
	at org.junit.jupiter.engine.descriptor.TestMethodTestDescriptor.execute(TestMethodTestDescriptor.java:139)
	at org.junit.jupiter.engine.descriptor.TestMethodTestDescriptor.execute(TestMethodTestDescriptor.java:69)
	at org.junit.platform.engine.support.hierarchical.NodeTestTask.lambda$executeRecursively$6(NodeTestTask.java:151)
	at org.junit.platform.engine.support.hierarchical.ThrowableCollector.execute(ThrowableCollector.java:73)
	at org.junit.platform.engine.support.hierarchical.NodeTestTask.lambda$executeRecursively$8(NodeTestTask.java:141)
	at org.junit.platform.engine.support.hierarchical.Node.around(Node.java:137)
	at org.junit.platform.engine.support.hierarchical.NodeTestTask.lambda$executeRecursively$9(NodeTestTask.java:139)
	at org.junit.platform.engine.support.hierarchical.ThrowableCollector.execute(ThrowableCollector.java:73)
	at org.junit.platform.engine.support.hierarchical.NodeTestTask.executeRecursively(NodeTestTask.java:138)
	at org.junit.platform.engine.support.hierarchical.NodeTestTask.execute(NodeTestTask.java:95)
	at java.base/java.util.ArrayList.forEach(ArrayList.java:1597)
	at org.junit.platform.engine.support.hierarchical.SameThreadHierarchicalTestExecutorService.invokeAll(SameThreadHierarchicalTestExecutorService.java:41)
	at org.junit.platform.engine.support.hierarchical.NodeTestTask.lambda$executeRecursively$6(NodeTestTask.java:155)
	at org.junit.platform.engine.support.hierarchical.ThrowableCollector.execute(ThrowableCollector.java:73)
	at org.junit.platform.engine.support.hierarchical.NodeTestTask.lambda$executeRecursively$8(NodeTestTask.java:141)
	at org.junit.platform.engine.support.hierarchical.Node.around(Node.java:137)
	at org.junit.platform.engine.support.hierarchical.NodeTestTask.lambda$executeRecursively$9(NodeTestTask.java:139)
	at org.junit.platform.engine.support.hierarchical.ThrowableCollector.execute(ThrowableCollector.java:73)
	at org.junit.platform.engine.support.hierarchical.NodeTestTask.executeRecursively(NodeTestTask.java:138)
	at org.junit.platform.engine.support.hierarchical.NodeTestTask.execute(NodeTestTask.java:95)
	at java.base/java.util.ArrayList.forEach(ArrayList.java:1597)
	at org.junit.platform.engine.support.hierarchical.SameThreadHierarchicalTestExecutorService.invokeAll(SameThreadHierarchicalTestExecutorService.java:41)
	at org.junit.platform.engine.support.hierarchical.NodeTestTask.lambda$executeRecursively$6(NodeTestTask.java:155)
	at org.junit.platform.engine.support.hierarchical.ThrowableCollector.execute(ThrowableCollector.java:73)
	at org.junit.platform.engine.support.hierarchical.NodeTestTask.lambda$executeRecursively$8(NodeTestTask.java:141)
	at org.junit.platform.engine.support.hierarchical.Node.around(Node.java:137)
	at org.junit.platform.engine.support.hierarchical.NodeTestTask.lambda$executeRecursively$9(NodeTestTask.java:139)
	at org.junit.platform.engine.support.hierarchical.ThrowableCollector.execute(ThrowableCollector.java:73)
	at org.junit.platform.engine.support.hierarchical.NodeTestTask.executeRecursively(NodeTestTask.java:138)
	at org.junit.platform.engine.support.hierarchical.NodeTestTask.execute(NodeTestTask.java:95)
	at org.junit.platform.engine.support.hierarchical.SameThreadHierarchicalTestExecutorService.submit(SameThreadHierarchicalTestExecutorService.java:35)
	at org.junit.platform.engine.support.hierarchical.HierarchicalTestExecutor.execute(HierarchicalTestExecutor.java:57)
	at org.junit.platform.engine.support.hierarchical.HierarchicalTestEngine.execute(HierarchicalTestEngine.java:54)
	at org.junit.platform.launcher.core.EngineExecutionOrchestrator.execute(EngineExecutionOrchestrator.java:198)
	at org.junit.platform.launcher.core.EngineExecutionOrchestrator.execute(EngineExecutionOrchestrator.java:169)
	at org.junit.platform.launcher.core.EngineExecutionOrchestrator.execute(EngineExecutionOrchestrator.java:93)
	at org.junit.platform.launcher.core.EngineExecutionOrchestrator.lambda$execute$0(EngineExecutionOrchestrator.java:58)
	at org.junit.platform.launcher.core.EngineExecutionOrchestrator.withInterceptedStreams(EngineExecutionOrchestrator.java:141)
	at org.junit.platform.launcher.core.EngineExecutionOrchestrator.execute(EngineExecutionOrchestrator.java:57)
	at org.junit.platform.launcher.core.DefaultLauncher.execute(DefaultLauncher.java:103)
	at org.junit.platform.launcher.core.DefaultLauncher.execute(DefaultLauncher.java:85)
	at org.junit.platform.launcher.core.DelegatingLauncher.execute(DelegatingLauncher.java:47)
	at org.apache.maven.surefire.junitplatform.LazyLauncher.execute(LazyLauncher.java:56)
	at org.apache.maven.surefire.junitplatform.JUnitPlatformProvider.execute(JUnitPlatformProvider.java:184)
	at org.apache.maven.surefire.junitplatform.JUnitPlatformProvider.invokeAllTests(JUnitPlatformProvider.java:148)
	at org.apache.maven.surefire.junitplatform.JUnitPlatformProvider.invoke(JUnitPlatformProvider.java:122)
	at org.apache.maven.surefire.booter.ForkedBooter.runSuitesInProcess(ForkedBooter.java:385)
	at org.apache.maven.surefire.booter.ForkedBooter.execute(ForkedBooter.java:162)
	at org.apache.maven.surefire.booter.ForkedBooter.run(ForkedBooter.java:507)
	at org.apache.maven.surefire.booter.ForkedBooter.main(ForkedBooter.java:495)

[ERRO] 2026-01-09 18:51:45.899 - Erro-2
  Exceção: java.lang.RuntimeException: Exceção 2
java.lang.RuntimeException: Exceção 2
	at testes.ErrorLoggerTest.testeMultiplosErros(ErrorLoggerTest.java:138)
	at java.base/jdk.internal.reflect.DirectMethodHandleAccessor.invoke(DirectMethodHandleAccessor.java:103)
	at java.base/java.lang.reflect.Method.invoke(Method.java:580)
	at org.junit.platform.commons.util.ReflectionUtils.invokeMethod(ReflectionUtils.java:728)
	at org.junit.jupiter.engine.execution.MethodInvocation.proceed(MethodInvocation.java:60)
	at org.junit.jupiter.engine.execution.InvocationInterceptorChain$ValidatingInvocation.proceed(InvocationInterceptorChain.java:131)
	at org.junit.jupiter.engine.extension.TimeoutExtension.intercept(TimeoutExtension.java:156)
	at org.junit.jupiter.engine.extension.TimeoutExtension.interceptTestableMethod(TimeoutExtension.java:147)
	at org.junit.jupiter.engine.extension.TimeoutExtension.interceptTestMethod(TimeoutExtension.java:86)
	at org.junit.jupiter.engine.execution.InterceptingExecutableInvoker$ReflectiveInterceptorCall.lambda$ofVoidMethod$0(InterceptingExecutableInvoker.java:103)
	at org.junit.jupiter.engine.execution.InterceptingExecutableInvoker.lambda$invoke$0(InterceptingExecutableInvoker.java:93)
	at org.junit.jupiter.engine.execution.InvocationInterceptorChain$InterceptedInvocation.proceed(InvocationInterceptorChain.java:106)
	at org.junit.jupiter.engine.execution.InvocationInterceptorChain.proceed(InvocationInterceptorChain.java:64)
	at org.junit.jupiter.engine.execution.InvocationInterceptorChain.chainAndInvoke(InvocationInterceptorChain.java:45)
	at org.junit.jupiter.engine.execution.InvocationInterceptorChain.invoke(InvocationInterceptorChain.java:37)
	at org.junit.jupiter.engine.execution.InterceptingExecutableInvoker.invoke(InterceptingExecutableInvoker.java:92)
	at org.junit.jupiter.engine.execution.InterceptingExecutableInvoker.invoke(InterceptingExecutableInvoker.java:86)
	at org.junit.jupiter.engine.descriptor.TestMethodTestDescriptor.lambda$invokeTestMethod$7(TestMethodTestDescriptor.java:218)
	at org.junit.platform.engine.support.hierarchical.ThrowableCollector.execute(ThrowableCollector.java:73)
	at org.junit.jupiter.engine.descriptor.TestMethodTestDescriptor.invokeTestMethod(TestMethodTestDescriptor.java:214)
	at org.junit.jupiter.engine.descriptor.TestMethodTestDescriptor.execute(TestMethodTestDescriptor.java:139)
	at org.junit.jupiter.engine.descriptor.TestMethodTestDescriptor.execute(TestMethodTestDescriptor.java:69)
	at org.junit.platform.engine.support.hierarchical.NodeTestTask.lambda$executeRecursively$6(NodeTestTask.java:151)
	at org.junit.platform.engine.support.hierarchical.ThrowableCollector.execute(ThrowableCollector.java:73)
	at org.junit.platform.engine.support.hierarchical.NodeTestTask.lambda$executeRecursively$8(NodeTestTask.java:141)
	at org.junit.platform.engine.support.hierarchical.Node.around(Node.java:137)
	at org.junit.platform.engine.support.hierarchical.NodeTestTask.lambda$executeRecursively$9(NodeTestTask.java:139)
	at org.junit.platform.engine.support.hierarchical.ThrowableCollector.execute(ThrowableCollector.java:73)
	at org.junit.platform.engine.support.hierarchical.NodeTestTask.executeRecursively(NodeTestTask.java:138)
	at org.junit.platform.engine.support.hierarchical.NodeTestTask.execute(NodeTestTask.java:95)
	at java.base/java.util.ArrayList.forEach(ArrayList.java:1597)
	at org.junit.platform.engine.support.hierarchical.SameThreadHierarchicalTestExecutorService.invokeAll(SameThreadHierarchicalTestExecutorService.java:41)
	at org.junit.platform.engine.support.hierarchical.NodeTestTask.lambda$executeRecursively$6(NodeTestTask.java:155)
	at org.junit.platform.engine.support.hierarchical.ThrowableCollector.execute(ThrowableCollector.java:73)
	at org.junit.platform.engine.support.hierarchical.NodeTestTask.lambda$executeRecursively$8(NodeTestTask.java:141)
	at org.junit.platform.engine.support.hierarchical.Node.around(Node.java:137)
	at org.junit.platform.engine.support.hierarchical.NodeTestTask.lambda$executeRecursively$9(NodeTestTask.java:139)
	at org.junit.platform.engine.support.hierarchical.ThrowableCollector.execute(ThrowableCollector.java:73)
	at org.junit.platform.engine.support.hierarchical.NodeTestTask.executeRecursively(NodeTestTask.java:138)
	at org.junit.platform.engine.support.hierarchical.NodeTestTask.execute(NodeTestTask.java:95)
	at java.base/java.util.ArrayList.forEach(ArrayList.java:1597)
	at org.junit.platform.engine.support.hierarchical.SameThreadHierarchicalTestExecutorService.invokeAll(SameThreadHierarchicalTestExecutorService.java:41)
	at org.junit.platform.engine.support.hierarchical.NodeTestTask.lambda$executeRecursively$6(NodeTestTask.java:155)
	at org.junit.platform.engine.support.hierarchical.ThrowableCollector.execute(ThrowableCollector.java:73)
	at org.junit.platform.engine.support.hierarchical.NodeTestTask.lambda$executeRecursively$8(NodeTestTask.java:141)
	at org.junit.platform.engine.support.hierarchical.Node.around(Node.java:137)
	at org.junit.platform.engine.support.hierarchical.NodeTestTask.lambda$executeRecursively$9(NodeTestTask.java:139)
	at org.junit.platform.engine.support.hierarchical.ThrowableCollector.execute(ThrowableCollector.java:73)
	at org.junit.platform.engine.support.hierarchical.NodeTestTask.executeRecursively(NodeTestTask.java:138)
	at org.junit.platform.engine.support.hierarchical.NodeTestTask.execute(NodeTestTask.java:95)
	at org.junit.platform.engine.support.hierarchical.SameThreadHierarchicalTestExecutorService.submit(SameThreadHierarchicalTestExecutorService.java:35)
	at org.junit.platform.engine.support.hierarchical.HierarchicalTestExecutor.execute(HierarchicalTestExecutor.java:57)
	at org.junit.platform.engine.support.hierarchical.HierarchicalTestEngine.execute(HierarchicalTestEngine.java:54)
	at org.junit.platform.launcher.core.EngineExecutionOrchestrator.execute(EngineExecutionOrchestrator.java:198)
	at org.junit.platform.launcher.core.EngineExecutionOrchestrator.execute(EngineExecutionOrchestrator.java:169)
	at org.junit.platform.launcher.core.EngineExecutionOrchestrator.execute(EngineExecutionOrchestrator.java:93)
	at org.junit.platform.launcher.core.EngineExecutionOrchestrator.lambda$execute$0(EngineExecutionOrchestrator.java:58)
	at org.junit.platform.launcher.core.EngineExecutionOrchestrator.withInterceptedStreams(EngineExecutionOrchestrator.java:141)
	at org.junit.platform.launcher.core.EngineExecutionOrchestrator.execute(EngineExecutionOrchestrator.java:57)
	at org.junit.platform.launcher.core.DefaultLauncher.execute(DefaultLauncher.java:103)
	at org.junit.platform.launcher.core.DefaultLauncher.execute(DefaultLauncher.java:85)
	at org.junit.platform.launcher.core.DelegatingLauncher.execute(DelegatingLauncher.java:47)
	at org.apache.maven.surefire.junitplatform.LazyLauncher.execute(LazyLauncher.java:56)
	at org.apache.maven.surefire.junitplatform.JUnitPlatformProvider.execute(JUnitPlatformProvider.java:184)
	at org.apache.maven.surefire.junitplatform.JUnitPlatformProvider.invokeAllTests(JUnitPlatformProvider.java:148)
	at org.apache.maven.surefire.junitplatform.JUnitPlatformProvider.invoke(JUnitPlatformProvider.java:122)
	at org.apache.maven.surefire.booter.ForkedBooter.runSuitesInProcess(ForkedBooter.java:385)
	at org.apache.maven.surefire.booter.ForkedBooter.execute(ForkedBooter.java:162)
	at org.apache.maven.surefire.booter.ForkedBooter.run(ForkedBooter.java:507)
	at org.apache.maven.surefire.booter.ForkedBooter.main(ForkedBooter.java:495)

[ERRO] 2026-01-09 18:51:45.900 - Erro-3
  Exceção: java.lang.RuntimeException: Exceção 3
java.lang.RuntimeException: Exceção 3
	at testes.ErrorLoggerTest.testeMultiplosErros(ErrorLoggerTest.java:138)
	at java.base/jdk.internal.reflect.DirectMethodHandleAccessor.invoke(DirectMethodHandleAccessor.java:103)
	at java.base/java.lang.reflect.Method.invoke(Method.java:580)
	at org.junit.platform.commons.util.ReflectionUtils.invokeMethod(ReflectionUtils.java:728)
	at org.junit.jupiter.engine.execution.MethodInvocation.proceed(MethodInvocation.java:60)
	at org.junit.jupiter.engine.execution.InvocationInterceptorChain$ValidatingInvocation.proceed(InvocationInterceptorChain.java:131)
	at org.junit.jupiter.engine.extension.TimeoutExtension.intercept(TimeoutExtension.java:156)
	at org.junit.jupiter.engine.extension.TimeoutExtension.interceptTestableMethod(TimeoutExtension.java:147)
	at org.junit.jupiter.engine.extension.TimeoutExtension.interceptTestMethod(TimeoutExtension.java:86)
	at org.junit.jupiter.engine.execution.InterceptingExecutableInvoker$ReflectiveInterceptorCall.lambda$ofVoidMethod$0(InterceptingExecutableInvoker.java:103)
	at org.junit.jupiter.engine.execution.InterceptingExecutableInvoker.lambda$invoke$0(InterceptingExecutableInvoker.java:93)
	at org.junit.jupiter.engine.execution.InvocationInterceptorChain$InterceptedInvocation.proceed(InvocationInterceptorChain.java:106)
	at org.junit.jupiter.engine.execution.InvocationInterceptorChain.proceed(InvocationInterceptorChain.java:64)
	at org.junit.jupiter.engine.execution.InvocationInterceptorChain.chainAndInvoke(InvocationInterceptorChain.java:45)
	at org.junit.jupiter.engine.execution.InvocationInterceptorChain.invoke(InvocationInterceptorChain.java:37)
	at org.junit.jupiter.engine.execution.InterceptingExecutableInvoker.invoke(InterceptingExecutableInvoker.java:92)
	at org.junit.jupiter.engine.execution.InterceptingExecutableInvoker.invoke(InterceptingExecutableInvoker.java:86)
	at org.junit.jupiter.engine.descriptor.TestMethodTestDescriptor.lambda$invokeTestMethod$7(TestMethodTestDescriptor.java:218)
	at org.junit.platform.engine.support.hierarchical.ThrowableCollector.execute(ThrowableCollector.java:73)
	at org.junit.jupiter.engine.descriptor.TestMethodTestDescriptor.invokeTestMethod(TestMethodTestDescriptor.java:214)
	at org.junit.jupiter.engine.descriptor.TestMethodTestDescriptor.execute(TestMethodTestDescriptor.java:139)
	at org.junit.jupiter.engine.descriptor.TestMethodTestDescriptor.execute(TestMethodTestDescriptor.java:69)
	at org.junit.platform.engine.support.hierarchical.NodeTestTask.lambda$executeRecursively$6(NodeTestTask.java:151)
	at org.junit.platform.engine.support.hierarchical.ThrowableCollector.execute(ThrowableCollector.java:73)
	at org.junit.platform.engine.support.hierarchical.NodeTestTask.lambda$executeRecursively$8(NodeTestTask.java:141)
	at org.junit.platform.engine.support.hierarchical.Node.around(Node.java:137)
	at org.junit.platform.engine.support.hierarchical.NodeTestTask.lambda$executeRecursively$9(NodeTestTask.java:139)
	at org.junit.platform.engine.support.hierarchical.ThrowableCollector.execute(ThrowableCollector.java:73)
	at org.junit.platform.engine.support.hierarchical.NodeTestTask.executeRecursively(NodeTestTask.java:138)
	at org.junit.platform.engine.support.hierarchical.NodeTestTask.execute(NodeTestTask.java:95)
	at java.base/java.util.ArrayList.forEach(ArrayList.java:1597)
	at org.junit.platform.engine.support.hierarchical.SameThreadHierarchicalTestExecutorService.invokeAll(SameThreadHierarchicalTestExecutorService.java:41)
	at org.junit.platform.engine.support.hierarchical.NodeTestTask.lambda$executeRecursively$6(NodeTestTask.java:155)
	at org.junit.platform.engine.support.hierarchical.ThrowableCollector.execute(ThrowableCollector.java:73)
	at org.junit.platform.engine.support.hierarchical.NodeTestTask.lambda$executeRecursively$8(NodeTestTask.java:141)
	at org.junit.platform.engine.support.hierarchical.Node.around(Node.java:137)
	at org.junit.platform.engine.support.hierarchical.NodeTestTask.lambda$executeRecursively$9(NodeTestTask.java:139)
	at org.junit.platform.engine.support.hierarchical.ThrowableCollector.execute(ThrowableCollector.java:73)
	at org.junit.platform.engine.support.hierarchical.NodeTestTask.executeRecursively(NodeTestTask.java:138)
	at org.junit.platform.engine.support.hierarchical.NodeTestTask.execute(NodeTestTask.java:95)
	at java.base/java.util.ArrayList.forEach(ArrayList.java:1597)
	at org.junit.platform.engine.support.hierarchical.SameThreadHierarchicalTestExecutorService.invokeAll(SameThreadHierarchicalTestExecutorService.java:41)
	at org.junit.platform.engine.support.hierarchical.NodeTestTask.lambda$executeRecursively$6(NodeTestTask.java:155)
	at org.junit.platform.engine.support.hierarchical.ThrowableCollector.execute(ThrowableCollector.java:73)
	at org.junit.platform.engine.support.hierarchical.NodeTestTask.lambda$executeRecursively$8(NodeTestTask.java:141)
	at org.junit.platform.engine.support.hierarchical.Node.around(Node.java:137)
	at org.junit.platform.engine.support.hierarchical.NodeTestTask.lambda$executeRecursively$9(NodeTestTask.java:139)
	at org.junit.platform.engine.support.hierarchical.ThrowableCollector.execute(ThrowableCollector.java:73)
	at org.junit.platform.engine.support.hierarchical.NodeTestTask.executeRecursively(NodeTestTask.java:138)
	at org.junit.platform.engine.support.hierarchical.NodeTestTask.execute(NodeTestTask.java:95)
	at org.junit.platform.engine.support.hierarchical.SameThreadHierarchicalTestExecutorService.submit(SameThreadHierarchicalTestExecutorService.java:35)
	at org.junit.platform.engine.support.hierarchical.HierarchicalTestExecutor.execute(HierarchicalTestExecutor.java:57)
	at org.junit.platform.engine.support.hierarchical.HierarchicalTestEngine.execute(HierarchicalTestEngine.java:54)
	at org.junit.platform.launcher.core.EngineExecutionOrchestrator.execute(EngineExecutionOrchestrator.java:198)
	at org.junit.platform.launcher.core.EngineExecutionOrchestrator.execute(EngineExecutionOrchestrator.java:169)
	at org.junit.platform.launcher.core.EngineExecutionOrchestrator.execute(EngineExecutionOrchestrator.java:93)
	at org.junit.platform.launcher.core.EngineExecutionOrchestrator.lambda$execute$0(EngineExecutionOrchestrator.java:58)
	at org.junit.platform.launcher.core.EngineExecutionOrchestrator.withInterceptedStreams(EngineExecutionOrchestrator.java:141)
	at org.junit.platform.launcher.core.EngineExecutionOrchestrator.execute(EngineExecutionOrchestrator.java:57)
	at org.junit.platform.launcher.core.DefaultLauncher.execute(DefaultLauncher.java:103)
	at org.junit.platform.launcher.core.DefaultLauncher.execute(DefaultLauncher.java:85)
	at org.junit.platform.launcher.core.DelegatingLauncher.execute(DelegatingLauncher.java:47)
	at org.apache.maven.surefire.junitplatform.LazyLauncher.execute(LazyLauncher.java:56)
	at org.apache.maven.surefire.junitplatform.JUnitPlatformProvider.execute(JUnitPlatformProvider.java:184)
	at org.apache.maven.surefire.junitplatform.JUnitPlatformProvider.invokeAllTests(JUnitPlatformProvider.java:148)
	at org.apache.maven.surefire.junitplatform.JUnitPlatformProvider.invoke(JUnitPlatformProvider.java:122)
	at org.apache.maven.surefire.booter.ForkedBooter.runSuitesInProcess(ForkedBooter.java:385)
	at org.apache.maven.surefire.booter.ForkedBooter.execute(ForkedBooter.java:162)
	at org.apache.maven.surefire.booter.ForkedBooter.run(ForkedBooter.java:507)
	at org.apache.maven.surefire.booter.ForkedBooter.main(ForkedBooter.java:495)

[ERRO] 2026-01-09 18:51:45.900 - Erro-4
  Exceção: java.lang.RuntimeException: Exceção 4
java.lang.RuntimeException: Exceção 4
	at testes.ErrorLoggerTest.testeMultiplosErros(ErrorLoggerTest.java:138)
	at java.base/jdk.internal.reflect.DirectMethodHandleAccessor.invoke(DirectMethodHandleAccessor.java:103)
	at java.base/java.lang.reflect.Method.invoke(Method.java:580)
	at org.junit.platform.commons.util.ReflectionUtils.invokeMethod(ReflectionUtils.java:728)
	at org.junit.jupiter.engine.execution.MethodInvocation.proceed(MethodInvocation.java:60)
	at org.junit.jupiter.engine.execution.InvocationInterceptorChain$ValidatingInvocation.proceed(InvocationInterceptorChain.java:131)
	at org.junit.jupiter.engine.extension.TimeoutExtension.intercept(TimeoutExtension.java:156)
	at org.junit.jupiter.engine.extension.TimeoutExtension.interceptTestableMethod(TimeoutExtension.java:147)
	at org.junit.jupiter.engine.extension.TimeoutExtension.interceptTestMethod(TimeoutExtension.java:86)
	at org.junit.jupiter.engine.execution.InterceptingExecutableInvoker$ReflectiveInterceptorCall.lambda$ofVoidMethod$0(InterceptingExecutableInvoker.java:103)
	at org.junit.jupiter.engine.execution.InterceptingExecutableInvoker.lambda$invoke$0(InterceptingExecutableInvoker.java:93)
	at org.junit.jupiter.engine.execution.InvocationInterceptorChain$InterceptedInvocation.proceed(InvocationInterceptorChain.java:106)
	at org.junit.jupiter.engine.execution.InvocationInterceptorChain.proceed(InvocationInterceptorChain.java:64)
	at org.junit.jupiter.engine.execution.InvocationInterceptorChain.chainAndInvoke(InvocationInterceptorChain.java:45)
	at org.junit.jupiter.engine.execution.InvocationInterceptorChain.invoke(InvocationInterceptorChain.java:37)
	at org.junit.jupiter.engine.execution.InterceptingExecutableInvoker.invoke(InterceptingExecutableInvoker.java:92)
	at org.junit.jupiter.engine.execution.InterceptingExecutableInvoker.invoke(InterceptingExecutableInvoker.java:86)
	at org.junit.jupiter.engine.descriptor.TestMethodTestDescriptor.lambda$invokeTestMethod$7(TestMethodTestDescriptor.java:218)
	at org.junit.platform.engine.support.hierarchical.ThrowableCollector.execute(ThrowableCollector.java:73)
	at org.junit.jupiter.engine.descriptor.TestMethodTestDescriptor.invokeTestMethod(TestMethodTestDescriptor.java:214)
	at org.junit.jupiter.engine.descriptor.TestMethodTestDescriptor.execute(TestMethodTestDescriptor.java:139)
	at org.junit.jupiter.engine.descriptor.TestMethodTestDescriptor.execute(TestMethodTestDescriptor.java:69)
	at org.junit.platform.engine.support.hierarchical.NodeTestTask.lambda$executeRecursively$6(NodeTestTask.java:151)
	at org.junit.platform.engine.support.hierarchical.ThrowableCollector.execute(ThrowableCollector.java:73)
	at org.junit.platform.engine.support.hierarchical.NodeTestTask.lambda$executeRecursively$8(NodeTestTask.java:141)
	at org.junit.platform.engine.support.hierarchical.Node.around(Node.java:137)
	at org.junit.platform.engine.support.hierarchical.NodeTestTask.lambda$executeRecursively$9(NodeTestTask.java:139)
	at org.junit.platform.engine.support.hierarchical.ThrowableCollector.execute(ThrowableCollector.java:73)
	at org.junit.platform.engine.support.hierarchical.NodeTestTask.executeRecursively(NodeTestTask.java:138)
	at org.junit.platform.engine.support.hierarchical.NodeTestTask.execute(NodeTestTask.java:95)
	at java.base/java.util.ArrayList.forEach(ArrayList.java:1597)
	at org.junit.platform.engine.support.hierarchical.SameThreadHierarchicalTestExecutorService.invokeAll(SameThreadHierarchicalTestExecutorService.java:41)
	at org.junit.platform.engine.support.hierarchical.NodeTestTask.lambda$executeRecursively$6(NodeTestTask.java:155)
	at org.junit.platform.engine.support.hierarchical.ThrowableCollector.execute(ThrowableCollector.java:73)
	at org.junit.platform.engine.support.hierarchical.NodeTestTask.lambda$executeRecursively$8(NodeTestTask.java:141)
	at org.junit.platform.engine.support.hierarchical.Node.around(Node.java:137)
	at org.junit.platform.engine.support.hierarchical.NodeTestTask.lambda$executeRecursively$9(NodeTestTask.java:139)
	at org.junit.platform.engine.support.hierarchical.ThrowableCollector.execute(ThrowableCollector.java:73)
	at org.junit.platform.engine.support.hierarchical.NodeTestTask.executeRecursively(NodeTestTask.java:138)
	at org.junit.platform.engine.support.hierarchical.NodeTestTask.execute(NodeTestTask.java:95)
	at java.base/java.util.ArrayList.forEach(ArrayList.java:1597)
	at org.junit.platform.engine.support.hierarchical.SameThreadHierarchicalTestExecutorService.invokeAll(SameThreadHierarchicalTestExecutorService.java:41)
	at org.junit.platform.engine.support.hierarchical.NodeTestTask.lambda$executeRecursively$6(NodeTestTask.java:155)
	at org.junit.platform.engine.support.hierarchical.ThrowableCollector.execute(ThrowableCollector.java:73)
	at org.junit.platform.engine.support.hierarchical.NodeTestTask.lambda$executeRecursively$8(NodeTestTask.java:141)
	at org.junit.platform.engine.support.hierarchical.Node.around(Node.java:137)
	at org.junit.platform.engine.support.hierarchical.NodeTestTask.lambda$executeRecursively$9(NodeTestTask.java:139)
	at org.junit.platform.engine.support.hierarchical.ThrowableCollector.execute(ThrowableCollector.java:73)
	at org.junit.platform.engine.support.hierarchical.NodeTestTask.executeRecursively(NodeTestTask.java:138)
	at org.junit.platform.engine.support.hierarchical.NodeTestTask.execute(NodeTestTask.java:95)
	at org.junit.platform.engine.support.hierarchical.SameThreadHierarchicalTestExecutorService.submit(SameThreadHierarchicalTestExecutorService.java:35)
	at org.junit.platform.engine.support.hierarchical.HierarchicalTestExecutor.execute(HierarchicalTestExecutor.java:57)
	at org.junit.platform.engine.support.hierarchical.HierarchicalTestEngine.execute(HierarchicalTestEngine.java:54)
	at org.junit.platform.launcher.core.EngineExecutionOrchestrator.execute(EngineExecutionOrchestrator.java:198)
	at org.junit.platform.launcher.core.EngineExecutionOrchestrator.execute(EngineExecutionOrchestrator.java:169)
	at org.junit.platform.launcher.core.EngineExecutionOrchestrator.execute(EngineExecutionOrchestrator.java:93)
	at org.junit.platform.launcher.core.EngineExecutionOrchestrator.lambda$execute$0(EngineExecutionOrchestrator.java:58)
	at org.junit.platform.launcher.core.EngineExecutionOrchestrator.withInterceptedStreams(EngineExecutionOrchestrator.java:141)
	at org.junit.platform.launcher.core.EngineExecutionOrchestrator.execute(EngineExecutionOrchestrator.java:57)
	at org.junit.platform.launcher.core.DefaultLauncher.execute(DefaultLauncher.java:103)
	at org.junit.platform.launcher.core.DefaultLauncher.execute(DefaultLauncher.java:85)
	at org.junit.platform.launcher.core.DelegatingLauncher.execute(DelegatingLauncher.java:47)
	at org.apache.maven.surefire.junitplatform.LazyLauncher.execute(LazyLauncher.java:56)
	at org.apache.maven.surefire.junitplatform.JUnitPlatformProvider.execute(JUnitPlatformProvider.java:184)
	at org.apache.maven.surefire.junitplatform.JUnitPlatformProvider.invokeAllTests(JUnitPlatformProvider.java:148)
	at org.apache.maven.surefire.junitplatform.JUnitPlatformProvider.invoke(JUnitPlatformProvider.java:122)
	at org.apache.maven.surefire.booter.ForkedBooter.runSuitesInProcess(ForkedBooter.java:385)
	at org.apache.maven.surefire.booter.ForkedBooter.execute(ForkedBooter.java:162)
	at org.apache.maven.surefire.booter.ForkedBooter.run(ForkedBooter.java:507)
	at org.apache.maven.surefire.booter.ForkedBooter.main(ForkedBooter.java:495)

[ERRO] 2026-01-09 18:51:45.905 - Teste
  Exceção: java.lang.RuntimeException: Erro
java.lang.RuntimeException: Erro
	at testes.ErrorLoggerTest.testeClear(ErrorLoggerTest.java:157)
	at java.base/jdk.internal.reflect.DirectMethodHandleAccessor.invoke(DirectMethodHandleAccessor.java:103)
	at java.base/java.lang.reflect.Method.invoke(Method.java:580)
	at org.junit.platform.commons.util.ReflectionUtils.invokeMethod(ReflectionUtils.java:728)
	at org.junit.jupiter.engine.execution.MethodInvocation.proceed(MethodInvocation.java:60)
	at org.junit.jupiter.engine.execution.InvocationInterceptorChain$ValidatingInvocation.proceed(InvocationInterceptorChain.java:131)
	at org.junit.jupiter.engine.extension.TimeoutExtension.intercept(TimeoutExtension.java:156)
	at org.junit.jupiter.engine.extension.TimeoutExtension.interceptTestableMethod(TimeoutExtension.java:147)
	at org.junit.jupiter.engine.extension.TimeoutExtension.interceptTestMethod(TimeoutExtension.java:86)
	at org.junit.jupiter.engine.execution.InterceptingExecutableInvoker$ReflectiveInterceptorCall.lambda$ofVoidMethod$0(InterceptingExecutableInvoker.java:103)
	at org.junit.jupiter.engine.execution.InterceptingExecutableInvoker.lambda$invoke$0(InterceptingExecutableInvoker.java:93)
	at org.junit.jupiter.engine.execution.InvocationInterceptorChain$InterceptedInvocation.proceed(InvocationInterceptorChain.java:106)
	at org.junit.jupiter.engine.execution.InvocationInterceptorChain.proceed(InvocationInterceptorChain.java:64)
	at org.junit.jupiter.engine.execution.InvocationInterceptorChain.chainAndInvoke(InvocationInterceptorChain.java:45)
	at org.junit.jupiter.engine.execution.InvocationInterceptorChain.invoke(InvocationInterceptorChain.java:37)
	at org.junit.jupiter.engine.execution.InterceptingExecutableInvoker.invoke(InterceptingExecutableInvoker.java:92)
	at org.junit.jupiter.engine.execution.InterceptingExecutableInvoker.invoke(InterceptingExecutableInvoker.java:86)
	at org.junit.jupiter.engine.descriptor.TestMethodTestDescriptor.lambda$invokeTestMethod$7(TestMethodTestDescriptor.java:218)
	at org.junit.platform.engine.support.hierarchical.ThrowableCollector.execute(ThrowableCollector.java:73)
	at org.junit.jupiter.engine.descriptor.TestMethodTestDescriptor.invokeTestMethod(TestMethodTestDescriptor.java:214)
	at org.junit.jupiter.engine.descriptor.TestMethodTestDescriptor.execute(TestMethodTestDescriptor.java:139)
	at org.junit.jupiter.engine.descriptor.TestMethodTestDescriptor.execute(TestMethodTestDescriptor.java:69)
	at org.junit.platform.engine.support.hierarchical.NodeTestTask.lambda$executeRecursively$6(NodeTestTask.java:151)
	at org.junit.platform.engine.support.hierarchical.ThrowableCollector.execute(ThrowableCollector.java:73)
	at org.junit.platform.engine.support.hierarchical.NodeTestTask.lambda$executeRecursively$8(NodeTestTask.java:141)
	at org.junit.platform.engine.support.hierarchical.Node.around(Node.java:137)
	at org.junit.platform.engine.support.hierarchical.NodeTestTask.lambda$executeRecursively$9(NodeTestTask.java:139)
	at org.junit.platform.engine.support.hierarchical.ThrowableCollector.execute(ThrowableCollector.java:73)
	at org.junit.platform.engine.support.hierarchical.NodeTestTask.executeRecursively(NodeTestTask.java:138)
	at org.junit.platform.engine.support.hierarchical.NodeTestTask.execute(NodeTestTask.java:95)
	at java.base/java.util.ArrayList.forEach(ArrayList.java:1597)
	at org.junit.platform.engine.support.hierarchical.SameThreadHierarchicalTestExecutorService.invokeAll(SameThreadHierarchicalTestExecutorService.java:41)
	at org.junit.platform.engine.support.hierarchical.NodeTestTask.lambda$executeRecursively$6(NodeTestTask.java:155)
	at org.junit.platform.engine.support.hierarchical.ThrowableCollector.execute(ThrowableCollector.java:73)
	at org.junit.platform.engine.support.hierarchical.NodeTestTask.lambda$executeRecursively$8(NodeTestTask.java:141)
	at org.junit.platform.engine.support.hierarchical.Node.around(Node.java:137)
	at org.junit.platform.engine.support.hierarchical.NodeTestTask.lambda$executeRecursively$9(NodeTestTask.java:139)
	at org.junit.platform.engine.support.hierarchical.ThrowableCollector.execute(ThrowableCollector.java:73)
	at org.junit.platform.engine.support.hierarchical.NodeTestTask.executeRecursively(NodeTestTask.java:138)
	at org.junit.platform.engine.support.hierarchical.NodeTestTask.execute(NodeTestTask.java:95)
	at java.base/java.util.ArrayList.forEach(ArrayList.java:1597)
	at org.junit.platform.engine.support.hierarchical.SameThreadHierarchicalTestExecutorService.invokeAll(SameThreadHierarchicalTestExecutorService.java:41)
	at org.junit.platform.engine.support.hierarchical.NodeTestTask.lambda$executeRecursively$6(NodeTestTask.java:155)
	at org.junit.platform.engine.support.hierarchical.ThrowableCollector.execute(ThrowableCollector.java:73)
	at org.junit.platform.engine.support.hierarchical.NodeTestTask.lambda$executeRecursively$8(NodeTestTask.java:141)
	at org.junit.platform.engine.support.hierarchical.Node.around(Node.java:137)
	at org.junit.platform.engine.support.hierarchical.NodeTestTask.lambda$executeRecursively$9(NodeTestTask.java:139)
	at org.junit.platform.engine.support.hierarchical.ThrowableCollector.execute(ThrowableCollector.java:73)
	at org.junit.platform.engine.support.hierarchical.NodeTestTask.executeRecursively(NodeTestTask.java:138)
	at org.junit.platform.engine.support.hierarchical.NodeTestTask.execute(NodeTestTask.java:95)
	at org.junit.platform.engine.support.hierarchical.SameThreadHierarchicalTestExecutorService.submit(SameThreadHierarchicalTestExecutorService.java:35)
	at org.junit.platform.engine.support.hierarchical.HierarchicalTestExecutor.execute(HierarchicalTestExecutor.java:57)
	at org.junit.platform.engine.support.hierarchical.HierarchicalTestEngine.execute(HierarchicalTestEngine.java:54)
	at org.junit.platform.launcher.core.EngineExecutionOrchestrator.execute(EngineExecutionOrchestrator.java:198)
	at org.junit.platform.launcher.core.EngineExecutionOrchestrator.execute(EngineExecutionOrchestrator.java:169)
	at org.junit.platform.launcher.core.EngineExecutionOrchestrator.execute(EngineExecutionOrchestrator.java:93)
	at org.junit.platform.launcher.core.EngineExecutionOrchestrator.lambda$execute$0(EngineExecutionOrchestrator.java:58)
	at org.junit.platform.launcher.core.EngineExecutionOrchestrator.withInterceptedStreams(EngineExecutionOrchestrator.java:141)
	at org.junit.platform.launcher.core.EngineExecutionOrchestrator.execute(EngineExecutionOrchestrator.java:57)
	at org.junit.platform.launcher.core.DefaultLauncher.execute(DefaultLauncher.java:103)
	at org.junit.platform.launcher.core.DefaultLauncher.execute(DefaultLauncher.java:85)
	at org.junit.platform.launcher.core.DelegatingLauncher.execute(DelegatingLauncher.java:47)
	at org.apache.maven.surefire.junitplatform.LazyLauncher.execute(LazyLauncher.java:56)
	at org.apache.maven.surefire.junitplatform.JUnitPlatformProvider.execute(JUnitPlatformProvider.java:184)
	at org.apache.maven.surefire.junitplatform.JUnitPlatformProvider.invokeAllTests(JUnitPlatformProvider.java:148)
	at org.apache.maven.surefire.junitplatform.JUnitPlatformProvider.invoke(JUnitPlatformProvider.java:122)
	at org.apache.maven.surefire.booter.ForkedBooter.runSuitesInProcess(ForkedBooter.java:385)
	at org.apache.maven.surefire.booter.ForkedBooter.execute(ForkedBooter.java:162)
	at org.apache.maven.surefire.booter.ForkedBooter.run(ForkedBooter.java:507)
	at org.apache.maven.surefire.booter.ForkedBooter.main(ForkedBooter.java:495)

[ERRO] 2026-01-09 18:51:45.908 - Timestamp1
  Exceção: java.lang.RuntimeException: Erro 1
java.lang.RuntimeException: Erro 1
	at testes.ErrorLoggerTest.testeTimestamps(ErrorLoggerTest.java:172)
	at java.base/jdk.internal.reflect.DirectMethodHandleAccessor.invoke(DirectMethodHandleAccessor.java:103)
	at java.base/java.lang.reflect.Method.invoke(Method.java:580)
	at org.junit.platform.commons.util.ReflectionUtils.invokeMethod(ReflectionUtils.java:728)
	at org.junit.jupiter.engine.execution.MethodInvocation.proceed(MethodInvocation.java:60)
	at org.junit.jupiter.engine.execution.InvocationInterceptorChain$ValidatingInvocation.proceed(InvocationInterceptorChain.java:131)
	at org.junit.jupiter.engine.extension.TimeoutExtension.intercept(TimeoutExtension.java:156)
	at org.junit.jupiter.engine.extension.TimeoutExtension.interceptTestableMethod(TimeoutExtension.java:147)
	at org.junit.jupiter.engine.extension.TimeoutExtension.interceptTestMethod(TimeoutExtension.java:86)
	at org.junit.jupiter.engine.execution.InterceptingExecutableInvoker$ReflectiveInterceptorCall.lambda$ofVoidMethod$0(InterceptingExecutableInvoker.java:103)
	at org.junit.jupiter.engine.execution.InterceptingExecutableInvoker.lambda$invoke$0(InterceptingExecutableInvoker.java:93)
	at org.junit.jupiter.engine.execution.InvocationInterceptorChain$InterceptedInvocation.proceed(InvocationInterceptorChain.java:106)
	at org.junit.jupiter.engine.execution.InvocationInterceptorChain.proceed(InvocationInterceptorChain.java:64)
	at org.junit.jupiter.engine.execution.InvocationInterceptorChain.chainAndInvoke(InvocationInterceptorChain.java:45)
	at org.junit.jupiter.engine.execution.InvocationInterceptorChain.invoke(InvocationInterceptorChain.java:37)
	at org.junit.jupiter.engine.execution.InterceptingExecutableInvoker.invoke(InterceptingExecutableInvoker.java:92)
	at org.junit.jupiter.engine.execution.InterceptingExecutableInvoker.invoke(InterceptingExecutableInvoker.java:86)
	at org.junit.jupiter.engine.descriptor.TestMethodTestDescriptor.lambda$invokeTestMethod$7(TestMethodTestDescriptor.java:218)
	at org.junit.platform.engine.support.hierarchical.ThrowableCollector.execute(ThrowableCollector.java:73)
	at org.junit.jupiter.engine.descriptor.TestMethodTestDescriptor.invokeTestMethod(TestMethodTestDescriptor.java:214)
	at org.junit.jupiter.engine.descriptor.TestMethodTestDescriptor.execute(TestMethodTestDescriptor.java:139)
	at org.junit.jupiter.engine.descriptor.TestMethodTestDescriptor.execute(TestMethodTestDescriptor.java:69)
	at org.junit.platform.engine.support.hierarchical.NodeTestTask.lambda$executeRecursively$6(NodeTestTask.java:151)
	at org.junit.platform.engine.support.hierarchical.ThrowableCollector.execute(ThrowableCollector.java:73)
	at org.junit.platform.engine.support.hierarchical.NodeTestTask.lambda$executeRecursively$8(NodeTestTask.java:141)
	at org.junit.platform.engine.support.hierarchical.Node.around(Node.java:137)
	at org.junit.platform.engine.support.hierarchical.NodeTestTask.lambda$executeRecursively$9(NodeTestTask.java:139)
	at org.junit.platform.engine.support.hierarchical.ThrowableCollector.execute(ThrowableCollector.java:73)
	at org.junit.platform.engine.support.hierarchical.NodeTestTask.executeRecursively(NodeTestTask.java:138)
	at org.junit.platform.engine.support.hierarchical.NodeTestTask.execute(NodeTestTask.java:95)
	at java.base/java.util.ArrayList.forEach(ArrayList.java:1597)
	at org.junit.platform.engine.support.hierarchical.SameThreadHierarchicalTestExecutorService.invokeAll(SameThreadHierarchicalTestExecutorService.java:41)
	at org.junit.platform.engine.support.hierarchical.NodeTestTask.lambda$executeRecursively$6(NodeTestTask.java:155)
	at org.junit.platform.engine.support.hierarchical.ThrowableCollector.execute(ThrowableCollector.java:73)
	at org.junit.platform.engine.support.hierarchical.NodeTestTask.lambda$executeRecursively$8(NodeTestTask.java:141)
	at org.junit.platform.engine.support.hierarchical.Node.around(Node.java:137)
	at org.junit.platform.engine.support.hierarchical.NodeTestTask.lambda$executeRecursively$9(NodeTestTask.java:139)
	at org.junit.platform.engine.support.hierarchical.ThrowableCollector.execute(ThrowableCollector.java:73)
	at org.junit.platform.engine.support.hierarchical.NodeTestTask.executeRecursively(NodeTestTask.java:138)
	at org.junit.platform.engine.support.hierarchical.NodeTestTask.execute(NodeTestTask.java:95)
	at java.base/java.util.ArrayList.forEach(ArrayList.java:1597)
	at org.junit.platform.engine.support.hierarchical.SameThreadHierarchicalTestExecutorService.invokeAll(SameThreadHierarchicalTestExecutorService.java:41)
	at org.junit.platform.engine.support.hierarchical.NodeTestTask.lambda$executeRecursively$6(NodeTestTask.java:155)
	at org.junit.platform.engine.support.hierarchical.ThrowableCollector.execute(ThrowableCollector.java:73)
	at org.junit.platform.engine.support.hierarchical.NodeTestTask.lambda$executeRecursively$8(NodeTestTask.java:141)
	at org.junit.platform.engine.support.hierarchical.Node.around(Node.java:137)
	at org.junit.platform.engine.support.hierarchical.NodeTestTask.lambda$executeRecursively$9(NodeTestTask.java:139)
	at org.junit.platform.engine.support.hierarchical.ThrowableCollector.execute(ThrowableCollector.java:73)
	at org.junit.platform.engine.support.hierarchical.NodeTestTask.executeRecursively(NodeTestTask.java:138)
	at org.junit.platform.engine.support.hierarchical.NodeTestTask.execute(NodeTestTask.java:95)
	at org.junit.platform.engine.support.hierarchical.SameThreadHierarchicalTestExecutorService.submit(SameThreadHierarchicalTestExecutorService.java:35)
	at org.junit.platform.engine.support.hierarchical.HierarchicalTestExecutor.execute(HierarchicalTestExecutor.java:57)
	at org.junit.platform.engine.support.hierarchical.HierarchicalTestEngine.execute(HierarchicalTestEngine.java:54)
	at org.junit.platform.launcher.core.EngineExecutionOrchestrator.execute(EngineExecutionOrchestrator.java:198)
	at org.junit.platform.launcher.core.EngineExecutionOrchestrator.execute(EngineExecutionOrchestrator.java:169)
	at org.junit.platform.launcher.core.EngineExecutionOrchestrator.execute(EngineExecutionOrchestrator.java:93)
	at org.junit.platform.launcher.core.EngineExecutionOrchestrator.lambda$execute$0(EngineExecutionOrchestrator.java:58)
	at org.junit.platform.launcher.core.EngineExecutionOrchestrator.withInterceptedStreams(EngineExecutionOrchestrator.java:141)
	at org.junit.platform.launcher.core.EngineExecutionOrchestrator.execute(EngineExecutionOrchestrator.java:57)
	at org.junit.platform.launcher.core.DefaultLauncher.execute(DefaultLauncher.java:103)
	at org.junit.platform.launcher.core.DefaultLauncher.execute(DefaultLauncher.java:85)
	at org.junit.platform.launcher.core.DelegatingLauncher.execute(DelegatingLauncher.java:47)
	at org.apache.maven.surefire.junitplatform.LazyLauncher.execute(LazyLauncher.java:56)
	at org.apache.maven.surefire.junitplatform.JUnitPlatformProvider.execute(JUnitPlatformProvider.java:184)
	at org.apache.maven.surefire.junitplatform.JUnitPlatformProvider.invokeAllTests(JUnitPlatformProvider.java:148)
	at org.apache.maven.surefire.junitplatform.JUnitPlatformProvider.invoke(JUnitPlatformProvider.java:122)
	at org.apache.maven.surefire.booter.ForkedBooter.runSuitesInProcess(ForkedBooter.java:385)
	at org.apache.maven.surefire.booter.ForkedBooter.execute(ForkedBooter.java:162)
	at org.apache.maven.surefire.booter.ForkedBooter.run(ForkedBooter.java:507)
	at org.apache.maven.surefire.booter.ForkedBooter.main(ForkedBooter.java:495)

[ERRO] 2026-01-09 18:51:46.009 - Timestamp2
  Exceção: java.lang.RuntimeException: Erro 2
java.lang.RuntimeException: Erro 2
	at testes.ErrorLoggerTest.testeTimestamps(ErrorLoggerTest.java:180)
	at java.base/jdk.internal.reflect.DirectMethodHandleAccessor.invoke(DirectMethodHandleAccessor.java:103)
	at java.base/java.lang.reflect.Method.invoke(Method.java:580)
	at org.junit.platform.commons.util.ReflectionUtils.invokeMethod(ReflectionUtils.java:728)
	at org.junit.jupiter.engine.execution.MethodInvocation.proceed(MethodInvocation.java:60)
	at org.junit.jupiter.engine.execution.InvocationInterceptorChain$ValidatingInvocation.proceed(InvocationInterceptorChain.java:131)
	at org.junit.jupiter.engine.extension.TimeoutExtension.intercept(TimeoutExtension.java:156)
	at org.junit.jupiter.engine.extension.TimeoutExtension.interceptTestableMethod(TimeoutExtension.java:147)
	at org.junit.jupiter.engine.extension.TimeoutExtension.interceptTestMethod(TimeoutExtension.java:86)
	at org.junit.jupiter.engine.execution.InterceptingExecutableInvoker$ReflectiveInterceptorCall.lambda$ofVoidMethod$0(InterceptingExecutableInvoker.java:103)
	at org.junit.jupiter.engine.execution.InterceptingExecutableInvoker.lambda$invoke$0(InterceptingExecutableInvoker.java:93)
	at org.junit.jupiter.engine.execution.InvocationInterceptorChain$InterceptedInvocation.proceed(InvocationInterceptorChain.java:106)
	at org.junit.jupiter.engine.execution.InvocationInterceptorChain.proceed(InvocationInterceptorChain.java:64)
	at org.junit.jupiter.engine.execution.InvocationInterceptorChain.chainAndInvoke(InvocationInterceptorChain.java:45)
	at org.junit.jupiter.engine.execution.InvocationInterceptorChain.invoke(InvocationInterceptorChain.java:37)
	at org.junit.jupiter.engine.execution.InterceptingExecutableInvoker.invoke(InterceptingExecutableInvoker.java:92)
	at org.junit.jupiter.engine.execution.InterceptingExecutableInvoker.invoke(InterceptingExecutableInvoker.java:86)
	at org.junit.jupiter.engine.descriptor.TestMethodTestDescriptor.lambda$invokeTestMethod$7(TestMethodTestDescriptor.java:218)
	at org.junit.platform.engine.support.hierarchical.ThrowableCollector.execute(ThrowableCollector.java:73)
	at org.junit.jupiter.engine.descriptor.TestMethodTestDescriptor.invokeTestMethod(TestMethodTestDescriptor.java:214)
	at org.junit.jupiter.engine.descriptor.TestMethodTestDescriptor.execute(TestMethodTestDescriptor.java:139)
	at org.junit.jupiter.engine.descriptor.TestMethodTestDescriptor.execute(TestMethodTestDescriptor.java:69)
	at org.junit.platform.engine.support.hierarchical.NodeTestTask.lambda$executeRecursively$6(NodeTestTask.java:151)
	at org.junit.platform.engine.support.hierarchical.ThrowableCollector.execute(ThrowableCollector.java:73)
	at org.junit.platform.engine.support.hierarchical.NodeTestTask.lambda$executeRecursively$8(NodeTestTask.java:141)
	at org.junit.platform.engine.support.hierarchical.Node.around(Node.java:137)
	at org.junit.platform.engine.support.hierarchical.NodeTestTask.lambda$executeRecursively$9(NodeTestTask.java:139)
	at org.junit.platform.engine.support.hierarchical.ThrowableCollector.execute(ThrowableCollector.java:73)
	at org.junit.platform.engine.support.hierarchical.NodeTestTask.executeRecursively(NodeTestTask.java:138)
	at org.junit.platform.engine.support.hierarchical.NodeTestTask.execute(NodeTestTask.java:95)
	at java.base/java.util.ArrayList.forEach(ArrayList.java:1597)
	at org.junit.platform.engine.support.hierarchical.SameThreadHierarchicalTestExecutorService.invokeAll(SameThreadHierarchicalTestExecutorService.java:41)
	at org.junit.platform.engine.support.hierarchical.NodeTestTask.lambda$executeRecursively$6(NodeTestTask.java:155)
	at org.junit.platform.engine.support.hierarchical.ThrowableCollector.execute(ThrowableCollector.java:73)
	at org.junit.platform.engine.support.hierarchical.NodeTestTask.lambda$executeRecursively$8(NodeTestTask.java:141)
	at org.junit.platform.engine.support.hierarchical.Node.around(Node.java:137)
	at org.junit.platform.engine.support.hierarchical.NodeTestTask.lambda$executeRecursively$9(NodeTestTask.java:139)
	at org.junit.platform.engine.support.hierarchical.ThrowableCollector.execute(ThrowableCollector.java:73)
	at org.junit.platform.engine.support.hierarchical.NodeTestTask.executeRecursively(NodeTestTask.java:138)
	at org.junit.platform.engine.support.hierarchical.NodeTestTask.execute(NodeTestTask.java:95)
	at java.base/java.util.ArrayList.forEach(ArrayList.java:1597)
	at org.junit.platform.engine.support.hierarchical.SameThreadHierarchicalTestExecutorService.invokeAll(SameThreadHierarchicalTestExecutorService.java:41)
	at org.junit.platform.engine.support.hierarchical.NodeTestTask.lambda$executeRecursively$6(NodeTestTask.java:155)
	at org.junit.platform.engine.support.hierarchical.ThrowableCollector.execute(ThrowableCollector.java:73)
	at org.junit.platform.engine.support.hierarchical.NodeTestTask.lambda$executeRecursively$8(NodeTestTask.java:141)
	at org.junit.platform.engine.support.hierarchical.Node.around(Node.java:137)
	at org.junit.platform.engine.support.hierarchical.NodeTestTask.lambda$executeRecursively$9(NodeTestTask.java:139)
	at org.junit.platform.engine.support.hierarchical.ThrowableCollector.execute(ThrowableCollector.java:73)
	at org.junit.platform.engine.support.hierarchical.NodeTestTask.executeRecursively(NodeTestTask.java:138)
	at org.junit.platform.engine.support.hierarchical.NodeTestTask.execute(NodeTestTask.java:95)
	at org.junit.platform.engine.support.hierarchical.SameThreadHierarchicalTestExecutorService.submit(SameThreadHierarchicalTestExecutorService.java:35)
	at org.junit.platform.engine.support.hierarchical.HierarchicalTestExecutor.execute(HierarchicalTestExecutor.java:57)
	at org.junit.platform.engine.support.hierarchical.HierarchicalTestEngine.execute(HierarchicalTestEngine.java:54)
	at org.junit.platform.launcher.core.EngineExecutionOrchestrator.execute(EngineExecutionOrchestrator.java:198)
	at org.junit.platform.launcher.core.EngineExecutionOrchestrator.execute(EngineExecutionOrchestrator.java:169)
	at org.junit.platform.launcher.core.EngineExecutionOrchestrator.execute(EngineExecutionOrchestrator.java:93)
	at org.junit.platform.launcher.core.EngineExecutionOrchestrator.lambda$execute$0(EngineExecutionOrchestrator.java:58)
	at org.junit.platform.launcher.core.EngineExecutionOrchestrator.withInterceptedStreams(EngineExecutionOrchestrator.java:141)
	at org.junit.platform.launcher.core.EngineExecutionOrchestrator.execute(EngineExecutionOrchestrator.java:57)
	at org.junit.platform.launcher.core.DefaultLauncher.execute(DefaultLauncher.java:103)
	at org.junit.platform.launcher.core.DefaultLauncher.execute(DefaultLauncher.java:85)
	at org.junit.platform.launcher.core.DelegatingLauncher.execute(DelegatingLauncher.java:47)
	at org.apache.maven.surefire.junitplatform.LazyLauncher.execute(LazyLauncher.java:56)
	at org.apache.maven.surefire.junitplatform.JUnitPlatformProvider.execute(JUnitPlatformProvider.java:184)
	at org.apache.maven.surefire.junitplatform.JUnitPlatformProvider.invokeAllTests(JUnitPlatformProvider.java:148)
	at org.apache.maven.surefire.junitplatform.JUnitPlatformProvider.invoke(JUnitPlatformProvider.java:122)
	at org.apache.maven.surefire.booter.ForkedBooter.runSuitesInProcess(ForkedBooter.java:385)
	at org.apache.maven.surefire.booter.ForkedBooter.execute(ForkedBooter.java:162)
	at org.apache.maven.surefire.booter.ForkedBooter.run(ForkedBooter.java:507)
	at org.apache.maven.surefire.booter.ForkedBooter.main(ForkedBooter.java:495)

[ERRO] 2026-01-09 18:51:46.016 - Thread-0-Erro-0
  Exceção: java.lang.RuntimeException: Erro da thread 0, iteração 0
java.lang.RuntimeException: Erro da thread 0, iteração 0
	at testes.ErrorLoggerTest.lambda$testeThreadSafety$20(ErrorLoggerTest.java:204)
	at java.base/java.lang.Thread.run(Thread.java:1575)

[ERRO] 2026-01-09 18:51:46.016 - Thread-5-Erro-0
  Exceção: java.lang.RuntimeException: Erro da thread 5, iteração 0
java.lang.RuntimeException: Erro da thread 5, iteração 0
	at testes.ErrorLoggerTest.lambda$testeThreadSafety$20(ErrorLoggerTest.java:204)
	at java.base/java.lang.Thread.run(Thread.java:1575)

[ERRO] 2026-01-09 18:51:46.016 - Thread-7-Erro-0
  Exceção: java.lang.RuntimeException: Erro da thread 7, iteração 0
java.lang.RuntimeException: Erro da thread 7, iteração 0
	at testes.ErrorLoggerTest.lambda$testeThreadSafety$20(ErrorLoggerTest.java:204)
	at java.base/java.lang.Thread.run(Thread.java:1575)

[ERRO] 2026-01-09 18:51:46.016 - Thread-1-Erro-0
  Exceção: java.lang.RuntimeException: Erro da thread 1, iteração 0
java.lang.RuntimeException: Erro da thread 1, iteração 0
	at testes.ErrorLoggerTest.lambda$testeThreadSafety$20(ErrorLoggerTest.java:204)
	at java.base/java.lang.Thread.run(Thread.java:1575)

[ERRO] 2026-01-09 18:51:46.016 - Thread-2-Erro-0
  Exceção: java.lang.RuntimeException: Erro da thread 2, iteração 0
java.lang.RuntimeException: Erro da thread 2, iteração 0
	at testes.ErrorLoggerTest.lambda$testeThreadSafety$20(ErrorLoggerTest.java:204)
	at java.base/java.lang.Thread.run(Thread.java:1575)

[ERRO] 2026-01-09 18:51:46.016 - Thread-3-Erro-0
  Exceção: java.lang.RuntimeException: Erro da thread 3, iteração 0
java.lang.RuntimeException: Erro da thread 3, iteração 0
	at testes.ErrorLoggerTest.lambda$testeThreadSafety$20(ErrorLoggerTest.java:204)
	at java.base/java.lang.Thread.run(Thread.java:1575)

[ERRO] 2026-01-09 18:51:46.016 - Thread-4-Erro-0
  Exceção: java.lang.RuntimeException: Erro da thread 4, iteração 0
java.lang.RuntimeException: Erro da thread 4, iteração 0
	at testes.ErrorLoggerTest.lambda$testeThreadSafety$20(ErrorLoggerTest.java:204)
	at java.base/java.lang.Thread.run(Thread.java:1575)

[ERRO] 2026-01-09 18:51:46.017 - Thread-0-Erro-1
  Exceção: java.lang.RuntimeException: Erro da thread 0, iteração 1
java.lang.RuntimeException: Erro da thread 0, iteração 1
	at testes.ErrorLoggerTest.lambda$testeThreadSafety$20(ErrorLoggerTest.java:204)
	at java.base/java.lang.Thread.run(Thread.java:1575)

[ERRO] 2026-01-09 18:51:46.017 - Thread-6-Erro-0
  Exceção: java.lang.RuntimeException: Erro da thread 6, iteração 0
java.lang.RuntimeException: Erro da thread 6, iteração 0
	at testes.ErrorLoggerTest.lambda$testeThreadSafety$20(ErrorLoggerTest.java:204)
	at java.base/java.lang.Thread.run(Thread.java:1575)

[ERRO] 2026-01-09 18:51:46.017 - Thread-17-Erro-0
  Exceção: java.lang.RuntimeException: Erro da thread 17, iteração 0
java.lang.RuntimeException: Erro da thread 17, iteração 0
	at testes.ErrorLoggerTest.lambda$testeThreadSafety$20(ErrorLoggerTest.java:204)
	at java.base/java.lang.Thread.run(Thread.java:1575)

[ERRO] 2026-01-09 18:51:46.017 - Thread-18-Erro-0
  Exceção: java.lang.RuntimeException: Erro da thread 18, iteração 0
java.lang.RuntimeException: Erro da thread 18, iteração 0
	at testes.ErrorLoggerTest.lambda$testeThreadSafety$20(ErrorLoggerTest.java:204)
	at java.base/java.lang.Thread.run(Thread.java:1575)

[ERRO] 2026-01-09 18:51:46.017 - Thread-18-Erro-1
  Exceção: java.lang.RuntimeException: Erro da thread 18, iteração 1
java.lang.RuntimeException: Erro da thread 18, iteração 1
	at testes.ErrorLoggerTest.lambda$testeThreadSafety$20(ErrorLoggerTest.java:204)
	at java.base/java.lang.Thread.run(Thread.java:1575)

[ERRO] 2026-01-09 18:51:46.017 - Thread-18-Erro-2
  Exceção: java.lang.RuntimeException: Erro da thread 18, iteração 2
java.lang.RuntimeException: Erro da thread 18, iteração 2
	at testes.ErrorLoggerTest.lambda$testeThreadSafety$20(ErrorLoggerTest.java:204)
	at java.base/java.lang.Thread.run(Thread.java:1575)

[ERRO] 2026-01-09 18:51:46.017 - Thread-18-Erro-3
  Exceção: java.lang.RuntimeException: Erro da thread 18, iteração 3
java.lang.RuntimeException: Erro da thread 18, iteração 3
	at testes.ErrorLoggerTest.lambda$testeThreadSafety$20(ErrorLoggerTest.java:204)
	at java.base/java.lang.Thread.run(Thread.java:1575)

[ERRO] 2026-01-09 18:51:46.017 - Thread-18-Erro-4
  Exceção: java.lang.RuntimeException: Erro da thread 18, iteração 4
java.lang.RuntimeException: Erro da thread 18, iteração 4
	at testes.ErrorLoggerTest.lambda$testeThreadSafety$20(ErrorLoggerTest.java:204)
	at java.base/java.lang.Thread.run(Thread.java:1575)

[ERRO] 2026-01-09 18:51:46.017 - Thread-18-Erro-5
  Exceção: java.lang.RuntimeException: Erro da thread 18, iteração 5
java.lang.RuntimeException: Erro da thread 18, iteração 5
	at testes.ErrorLoggerTest.lambda$testeThreadSafety$20(ErrorLoggerTest.java:204)
	at java.base/java.lang.Thread.run(Thread.java:1575)

[ERRO] 2026-01-09 18:51:46.017 - Thread-18-Erro-6
  Exceção: java.lang.RuntimeException: Erro da thread 18, iteração 6
java.lang.RuntimeException: Erro da thread 18, iteração 6
	at testes.ErrorLoggerTest.lambda$testeThreadSafety$20(ErrorLoggerTest.java:204)
	at java.base/java.lang.Thread.run(Thread.java:1575)

[ERRO] 2026-01-09 18:51:46.017 - Thread-18-Erro-7
  Exceção: java.lang.RuntimeException: Erro da thread 18, iteração 7
java.lang.RuntimeException: Erro da thread 18, iteração 7
	at testes.ErrorLoggerTest.lambda$testeThreadSafety$20(ErrorLoggerTest.java:204)
	at java.base/java.lang.Thread.run(Thread.java:1575)

[ERRO] 2026-01-09 18:51:46.017 - Thread-18-Erro-8
  Exceção: java.lang.RuntimeException: Erro da thread 18, iteração 8
java.lang.RuntimeException: Erro da thread 18, iteração 8
	at testes.ErrorLoggerTest.lambda$testeThreadSafety$20(ErrorLoggerTest.java:204)
	at java.base/java.lang.Thread.run(Thread.java:1575)

[ERRO] 2026-01-09 18:51:46.017 - Thread-18-Erro-9
  Exceção: java.lang.RuntimeException: Erro da thread 18, iteração 9
java.lang.RuntimeException: Erro da thread 18, iteração 9
	at testes.ErrorLoggerTest.lambda$testeThreadSafety$20(ErrorLoggerTest.java:204)
	at java.base/java.lang.Thread.run(Thread.java:1575)

[ERRO] 2026-01-09 18:51:46.018 - Thread-5-Erro-1
  Exceção: java.lang.RuntimeException: Erro da thread 5, iteração 1
java.lang.RuntimeException: Erro da thread 5, iteração 1
	at testes.ErrorLoggerTest.lambda$testeThreadSafety$20(ErrorLoggerTest.java:204)
	at java.base/java.lang.Thread.run(Thread.java:1575)

[ERRO] 2026-01-09 18:51:46.018 - Thread-8-Erro-0
  Exceção: java.lang.RuntimeException: Erro da thread 8, iteração 0
java.lang.RuntimeException: Erro da thread 8, iteração 0
	at testes.ErrorLoggerTest.lambda$testeThreadSafety$20(ErrorLoggerTest.java:204)
	at java.base/java.lang.Thread.run(Thread.java:1575)

[ERRO] 2026-01-09 18:51:46.018 - Thread-7-Erro-1
  Exceção: java.lang.RuntimeException: Erro da thread 7, iteração 1
java.lang.RuntimeException: Erro da thread 7, iteração 1
	at testes.ErrorLoggerTest.lambda$testeThreadSafety$20(ErrorLoggerTest.java:204)
	at java.base/java.lang.Thread.run(Thread.java:1575)

[ERRO] 2026-01-09 18:51:46.018 - Thread-7-Erro-2
  Exceção: java.lang.RuntimeException: Erro da thread 7, iteração 2
java.lang.RuntimeException: Erro da thread 7, iteração 2
	at testes.ErrorLoggerTest.lambda$testeThreadSafety$20(ErrorLoggerTest.java:204)
	at java.base/java.lang.Thread.run(Thread.java:1575)

[ERRO] 2026-01-09 18:51:46.018 - Thread-7-Erro-3
  Exceção: java.lang.RuntimeException: Erro da thread 7, iteração 3
java.lang.RuntimeException: Erro da thread 7, iteração 3
	at testes.ErrorLoggerTest.lambda$testeThreadSafety$20(ErrorLoggerTest.java:204)
	at java.base/java.lang.Thread.run(Thread.java:1575)

[ERRO] 2026-01-09 18:51:46.018 - Thread-9-Erro-0
  Exceção: java.lang.RuntimeException: Erro da thread 9, iteração 0
java.lang.RuntimeException: Erro da thread 9, iteração 0
	at testes.ErrorLoggerTest.lambda$testeThreadSafety$20(ErrorLoggerTest.java:204)
	at java.base/java.lang.Thread.run(Thread.java:1575)

[ERRO] 2026-01-09 18:51:46.018 - Thread-10-Erro-0
  Exceção: java.lang.RuntimeException: Erro da thread 10, iteração 0
java.lang.RuntimeException: Erro da thread 10, iteração 0
	at testes.ErrorLoggerTest.lambda$testeThreadSafety$20(ErrorLoggerTest.java:204)
	at java.base/java.lang.Thread.run(Thread.java:1575)

[ERRO] 2026-01-09 18:51:46.018 - Thread-10-Erro-1
  Exceção: java.lang.RuntimeException: Erro da thread 10, iteração 1
java.lang.RuntimeException: Erro da thread 10, iteração 1
	at testes.ErrorLoggerTest.lambda$testeThreadSafety$20(ErrorLoggerTest.java:204)
	at java.base/java.lang.Thread.run(Thread.java:1575)

[ERRO] 2026-01-09 18:51:46.018 - Thread-1-Erro-1
  Exceção: java.lang.RuntimeException: Erro da thread 1, iteração 1
java.lang.RuntimeException: Erro da thread 1, iteração 1
	at testes.ErrorLoggerTest.lambda$testeThreadSafety$20(ErrorLoggerTest.java:204)
	at java.base/java.lang.Thread.run(Thread.java:1575)

[ERRO] 2026-01-09 18:51:46.018 - Thread-11-Erro-0
  Exceção: java.lang.RuntimeException: Erro da thread 11, iteração 0
java.lang.RuntimeException: Erro da thread 11, iteração 0
	at testes.ErrorLoggerTest.lambda$testeThreadSafety$20(ErrorLoggerTest.java:204)
	at java.base/java.lang.Thread.run(Thread.java:1575)

[ERRO] 2026-01-09 18:51:46.018 - Thread-12-Erro-0
  Exceção: java.lang.RuntimeException: Erro da thread 12, iteração 0
java.lang.RuntimeException: Erro da thread 12, iteração 0
	at testes.ErrorLoggerTest.lambda$testeThreadSafety$20(ErrorLoggerTest.java:204)
	at java.base/java.lang.Thread.run(Thread.java:1575)

[ERRO] 2026-01-09 18:51:46.018 - Thread-2-Erro-1
  Exceção: java.lang.RuntimeException: Erro da thread 2, iteração 1
java.lang.RuntimeException: Erro da thread 2, iteração 1
	at testes.ErrorLoggerTest.lambda$testeThreadSafety$20(ErrorLoggerTest.java:204)
	at java.base/java.lang.Thread.run(Thread.java:1575)

[ERRO] 2026-01-09 18:51:46.018 - Thread-2-Erro-2
  Exceção: java.lang.RuntimeException: Erro da thread 2, iteração 2
java.lang.RuntimeException: Erro da thread 2, iteração 2
	at testes.ErrorLoggerTest.lambda$testeThreadSafety$20(ErrorLoggerTest.java:204)
	at java.base/java.lang.Thread.run(Thread.java:1575)

[ERRO] 2026-01-09 18:51:46.018 - Thread-2-Erro-3
  Exceção: java.lang.RuntimeException: Erro da thread 2, iteração 3
java.lang.RuntimeException: Erro da thread 2, iteração 3
	at testes.ErrorLoggerTest.lambda$testeThreadSafety$20(ErrorLoggerTest.java:204)
	at java.base/java.lang.Thread.run(Thread.java:1575)

[ERRO] 2026-01-09 18:51:46.018 - Thread-2-Erro-4
  Exceção: java.lang.RuntimeException: Erro da thread 2, iteração 4
java.lang.RuntimeException: Erro da thread 2, iteração 4
	at testes.ErrorLoggerTest.lambda$testeThreadSafety$20(ErrorLoggerTest.java:204)
	at java.base/java.lang.Thread.run(Thread.java:1575)

[ERRO] 2026-01-09 18:51:46.018 - Thread-2-Erro-5
  Exceção: java.lang.RuntimeException: Erro da thread 2, iteração 5
java.lang.RuntimeException: Erro da thread 2, iteração 5
	at testes.ErrorLoggerTest.lambda$testeThreadSafety$20(ErrorLoggerTest.java:204)
	at java.base/java.lang.Thread.run(Thread.java:1575)

[ERRO] 2026-01-09 18:51:46.019 - Thread-2-Erro-6
  Exceção: java.lang.RuntimeException: Erro da thread 2, iteração 6
java.lang.RuntimeException: Erro da thread 2, iteração 6
	at testes.ErrorLoggerTest.lambda$testeThreadSafety$20(ErrorLoggerTest.java:204)
	at java.base/java.lang.Thread.run(Thread.java:1575)

[ERRO] 2026-01-09 18:51:46.019 - Thread-13-Erro-0
  Exceção: java.lang.RuntimeException: Erro da thread 13, iteração 0
java.lang.RuntimeException: Erro da thread 13, iteração 0
	at testes.ErrorLoggerTest.lambda$testeThreadSafety$20(ErrorLoggerTest.java:204)
	at java.base/java.lang.Thread.run(Thread.java:1575)

[ERRO] 2026-01-09 18:51:46.019 - Thread-14-Erro-0
  Exceção: java.lang.RuntimeException: Erro da thread 14, iteração 0
java.lang.RuntimeException: Erro da thread 14, iteração 0
	at testes.ErrorLoggerTest.lambda$testeThreadSafety$20(ErrorLoggerTest.java:204)
	at java.base/java.lang.Thread.run(Thread.java:1575)

[ERRO] 2026-01-09 18:51:46.019 - Thread-14-Erro-1
  Exceção: java.lang.RuntimeException: Erro da thread 14, iteração 1
java.lang.RuntimeException: Erro da thread 14, iteração 1
	at testes.ErrorLoggerTest.lambda$testeThreadSafety$20(ErrorLoggerTest.java:204)
	at java.base/java.lang.Thread.run(Thread.java:1575)

[ERRO] 2026-01-09 18:51:46.019 - Thread-3-Erro-1
  Exceção: java.lang.RuntimeException: Erro da thread 3, iteração 1
java.lang.RuntimeException: Erro da thread 3, iteração 1
	at testes.ErrorLoggerTest.lambda$testeThreadSafety$20(ErrorLoggerTest.java:204)
	at java.base/java.lang.Thread.run(Thread.java:1575)

[ERRO] 2026-01-09 18:51:46.019 - Thread-15-Erro-0
  Exceção: java.lang.RuntimeException: Erro da thread 15, iteração 0
java.lang.RuntimeException: Erro da thread 15, iteração 0
	at testes.ErrorLoggerTest.lambda$testeThreadSafety$20(ErrorLoggerTest.java:204)
	at java.base/java.lang.Thread.run(Thread.java:1575)

[ERRO] 2026-01-09 18:51:46.019 - Thread-4-Erro-1
  Exceção: java.lang.RuntimeException: Erro da thread 4, iteração 1
java.lang.RuntimeException: Erro da thread 4, iteração 1
	at testes.ErrorLoggerTest.lambda$testeThreadSafety$20(ErrorLoggerTest.java:204)
	at java.base/java.lang.Thread.run(Thread.java:1575)

[ERRO] 2026-01-09 18:51:46.019 - Thread-4-Erro-2
  Exceção: java.lang.RuntimeException: Erro da thread 4, iteração 2
java.lang.RuntimeException: Erro da thread 4, iteração 2
	at testes.ErrorLoggerTest.lambda$testeThreadSafety$20(ErrorLoggerTest.java:204)
	at java.base/java.lang.Thread.run(Thread.java:1575)

[ERRO] 2026-01-09 18:51:46.019 - Thread-0-Erro-2
  Exceção: java.lang.RuntimeException: Erro da thread 0, iteração 2
java.lang.RuntimeException: Erro da thread 0, iteração 2
	at testes.ErrorLoggerTest.lambda$testeThreadSafety$20(ErrorLoggerTest.java:204)
	at java.base/java.lang.Thread.run(Thread.java:1575)

[ERRO] 2026-01-09 18:51:46.019 - Thread-16-Erro-0
  Exceção: java.lang.RuntimeException: Erro da thread 16, iteração 0
java.lang.RuntimeException: Erro da thread 16, iteração 0
	at testes.ErrorLoggerTest.lambda$testeThreadSafety$20(ErrorLoggerTest.java:204)
	at java.base/java.lang.Thread.run(Thread.java:1575)

[ERRO] 2026-01-09 18:51:46.019 - Thread-16-Erro-1
  Exceção: java.lang.RuntimeException: Erro da thread 16, iteração 1
java.lang.RuntimeException: Erro da thread 16, iteração 1
	at testes.ErrorLoggerTest.lambda$testeThreadSafety$20(ErrorLoggerTest.java:204)
	at java.base/java.lang.Thread.run(Thread.java:1575)

[ERRO] 2026-01-09 18:51:46.019 - Thread-16-Erro-2
  Exceção: java.lang.RuntimeException: Erro da thread 16, iteração 2
java.lang.RuntimeException: Erro da thread 16, iteração 2
	at testes.ErrorLoggerTest.lambda$testeThreadSafety$20(ErrorLoggerTest.java:204)
	at java.base/java.lang.Thread.run(Thread.java:1575)

[ERRO] 2026-01-09 18:51:46.019 - Thread-16-Erro-3
  Exceção: java.lang.RuntimeException: Erro da thread 16, iteração 3
java.lang.RuntimeException: Erro da thread 16, iteração 3
	at testes.ErrorLoggerTest.lambda$testeThreadSafety$20(ErrorLoggerTest.java:204)
	at java.base/java.lang.Thread.run(Thread.java:1575)

[ERRO] 2026-01-09 18:51:46.019 - Thread-6-Erro-1
  Exceção: java.lang.RuntimeException: Erro da thread 6, iteração 1
java.lang.RuntimeException: Erro da thread 6, iteração 1
	at testes.ErrorLoggerTest.lambda$testeThreadSafety$20(ErrorLoggerTest.java:204)
	at java.base/java.lang.Thread.run(Thread.java:1575)

[ERRO] 2026-01-09 18:51:46.019 - Thread-17-Erro-1
  Exceção: java.lang.RuntimeException: Erro da thread 17, iteração 1
java.lang.RuntimeException: Erro da thread 17, iteração 1
	at testes.ErrorLoggerTest.lambda$testeThreadSafety$20(ErrorLoggerTest.java:204)
	at java.base/java.lang.Thread.run(Thread.java:1575)

[ERRO] 2026-01-09 18:51:46.019 - Thread-17-Erro-2
  Exceção: java.lang.RuntimeException: Erro da thread 17, iteração 2
java.lang.RuntimeException: Erro da thread 17, iteração 2
	at testes.ErrorLoggerTest.lambda$testeThreadSafety$20(ErrorLoggerTest.java:204)
	at java.base/java.lang.Thread.run(Thread.java:1575)

[ERRO] 2026-01-09 18:51:46.019 - Thread-19-Erro-0
  Exceção: java.lang.RuntimeException: Erro da thread 19, iteração 0
java.lang.RuntimeException: Erro da thread 19, iteração 0
	at testes.ErrorLoggerTest.lambda$testeThreadSafety$20(ErrorLoggerTest.java:204)
	at java.base/java.lang.Thread.run(Thread.java:1575)

[ERRO] 2026-01-09 18:51:46.020 - Thread-19-Erro-1
  Exceção: java.lang.RuntimeException: Erro da thread 19, iteração 1
java.lang.RuntimeException: Erro da thread 19, iteração 1
	at testes.ErrorLoggerTest.lambda$testeThreadSafety$20(ErrorLoggerTest.java:204)
	at java.base/java.lang.Thread.run(Thread.java:1575)

[ERRO] 2026-01-09 18:51:46.020 - Thread-5-Erro-2
  Exceção: java.lang.RuntimeException: Erro da thread 5, iteração 2
java.lang.RuntimeException: Erro da thread 5, iteração 2
	at testes.ErrorLoggerTest.lambda$testeThreadSafety$20(ErrorLoggerTest.java:204)
	at java.base/java.lang.Thread.run(Thread.java:1575)

[ERRO] 2026-01-09 18:51:46.020 - Thread-8-Erro-1
  Exceção: java.lang.RuntimeException: Erro da thread 8, iteração 1
java.lang.RuntimeException: Erro da thread 8, iteração 1
	at testes.ErrorLoggerTest.lambda$testeThreadSafety$20(ErrorLoggerTest.java:204)
	at java.base/java.lang.Thread.run(Thread.java:1575)

[ERRO] 2026-01-09 18:51:46.020 - Thread-8-Erro-2
  Exceção: java.lang.RuntimeException: Erro da thread 8, iteração 2
java.lang.RuntimeException: Erro da thread 8, iteração 2
	at testes.ErrorLoggerTest.lambda$testeThreadSafety$20(ErrorLoggerTest.java:204)
	at java.base/java.lang.Thread.run(Thread.java:1575)

[ERRO] 2026-01-09 18:51:46.020 - Thread-7-Erro-4
  Exceção: java.lang.RuntimeException: Erro da thread 7, iteração 4
java.lang.RuntimeException: Erro da thread 7, iteração 4
	at testes.ErrorLoggerTest.lambda$testeThreadSafety$20(ErrorLoggerTest.java:204)
	at java.base/java.lang.Thread.run(Thread.java:1575)

[ERRO] 2026-01-09 18:51:46.020 - Thread-7-Erro-5
  Exceção: java.lang.RuntimeException: Erro da thread 7, iteração 5
java.lang.RuntimeException: Erro da thread 7, iteração 5
	at testes.ErrorLoggerTest.lambda$testeThreadSafety$20(ErrorLoggerTest.java:204)
	at java.base/java.lang.Thread.run(Thread.java:1575)

[ERRO] 2026-01-09 18:51:46.020 - Thread-7-Erro-6
  Exceção: java.lang.RuntimeException: Erro da thread 7, iteração 6
java.lang.RuntimeException: Erro da thread 7, iteração 6
	at testes.ErrorLoggerTest.lambda$testeThreadSafety$20(ErrorLoggerTest.java:204)
	at java.base/java.lang.Thread.run(Thread.java:1575)

[ERRO] 2026-01-09 18:51:46.020 - Thread-7-Erro-7
  Exceção: java.lang.RuntimeException: Erro da thread 7, iteração 7
java.lang.RuntimeException: Erro da thread 7, iteração 7
	at testes.ErrorLoggerTest.lambda$testeThreadSafety$20(ErrorLoggerTest.java:204)
	at java.base/java.lang.Thread.run(Thread.java:1575)

[ERRO] 2026-01-09 18:51:46.020 - Thread-7-Erro-8
  Exceção: java.lang.RuntimeException: Erro da thread 7, iteração 8
java.lang.RuntimeException: Erro da thread 7, iteração 8
	at testes.ErrorLoggerTest.lambda$testeThreadSafety$20(ErrorLoggerTest.java:204)
	at java.base/java.lang.Thread.run(Thread.java:1575)

[ERRO] 2026-01-09 18:51:46.020 - Thread-7-Erro-9
  Exceção: java.lang.RuntimeException: Erro da thread 7, iteração 9
java.lang.RuntimeException: Erro da thread 7, iteração 9
	at testes.ErrorLoggerTest.lambda$testeThreadSafety$20(ErrorLoggerTest.java:204)
	at java.base/java.lang.Thread.run(Thread.java:1575)

[ERRO] 2026-01-09 18:51:46.020 - Thread-9-Erro-1
  Exceção: java.lang.RuntimeException: Erro da thread 9, iteração 1
java.lang.RuntimeException: Erro da thread 9, iteração 1
	at testes.ErrorLoggerTest.lambda$testeThreadSafety$20(ErrorLoggerTest.java:204)
	at java.base/java.lang.Thread.run(Thread.java:1575)

[ERRO] 2026-01-09 18:51:46.020 - Thread-9-Erro-2
  Exceção: java.lang.RuntimeException: Erro da thread 9, iteração 2
java.lang.RuntimeException: Erro da thread 9, iteração 2
	at testes.ErrorLoggerTest.lambda$testeThreadSafety$20(ErrorLoggerTest.java:204)
	at java.base/java.lang.Thread.run(Thread.java:1575)

[ERRO] 2026-01-09 18:51:46.020 - Thread-9-Erro-3
  Exceção: java.lang.RuntimeException: Erro da thread 9, iteração 3
java.lang.RuntimeException: Erro da thread 9, iteração 3
	at testes.ErrorLoggerTest.lambda$testeThreadSafety$20(ErrorLoggerTest.java:204)
	at java.base/java.lang.Thread.run(Thread.java:1575)

[ERRO] 2026-01-09 18:51:46.020 - Thread-9-Erro-4
  Exceção: java.lang.RuntimeException: Erro da thread 9, iteração 4
java.lang.RuntimeException: Erro da thread 9, iteração 4
	at testes.ErrorLoggerTest.lambda$testeThreadSafety$20(ErrorLoggerTest.java:204)
	at java.base/java.lang.Thread.run(Thread.java:1575)

[ERRO] 2026-01-09 18:51:46.020 - Thread-9-Erro-5
  Exceção: java.lang.RuntimeException: Erro da thread 9, iteração 5
java.lang.RuntimeException: Erro da thread 9, iteração 5
	at testes.ErrorLoggerTest.lambda$testeThreadSafety$20(ErrorLoggerTest.java:204)
	at java.base/java.lang.Thread.run(Thread.java:1575)

[ERRO] 2026-01-09 18:51:46.020 - Thread-9-Erro-6
  Exceção: java.lang.RuntimeException: Erro da thread 9, iteração 6
java.lang.RuntimeException: Erro da thread 9, iteração 6
	at testes.ErrorLoggerTest.lambda$testeThreadSafety$20(ErrorLoggerTest.java:204)
	at java.base/java.lang.Thread.run(Thread.java:1575)

[ERRO] 2026-01-09 18:51:46.020 - Thread-9-Erro-7
  Exceção: java.lang.RuntimeException: Erro da thread 9, iteração 7
java.lang.RuntimeException: Erro da thread 9, iteração 7
	at testes.ErrorLoggerTest.lambda$testeThreadSafety$20(ErrorLoggerTest.java:204)
	at java.base/java.lang.Thread.run(Thread.java:1575)

[ERRO] 2026-01-09 18:51:46.020 - Thread-9-Erro-8
  Exceção: java.lang.RuntimeException: Erro da thread 9, iteração 8
java.lang.RuntimeException: Erro da thread 9, iteração 8
	at testes.ErrorLoggerTest.lambda$testeThreadSafety$20(ErrorLoggerTest.java:204)
	at java.base/java.lang.Thread.run(Thread.java:1575)

[ERRO] 2026-01-09 18:51:46.020 - Thread-9-Erro-9
  Exceção: java.lang.RuntimeException: Erro da thread 9, iteração 9
java.lang.RuntimeException: Erro da thread 9, iteração 9
	at testes.ErrorLoggerTest.lambda$testeThreadSafety$20(ErrorLoggerTest.java:204)
	at java.base/java.lang.Thread.run(Thread.java:1575)

[ERRO] 2026-01-09 18:51:46.020 - Thread-10-Erro-2
  Exceção: java.lang.RuntimeException: Erro da thread 10, iteração 2
java.lang.RuntimeException: Erro da thread 10, iteração 2
	at testes.ErrorLoggerTest.lambda$testeThreadSafety$20(ErrorLoggerTest.java:204)
	at java.base/java.lang.Thread.run(Thread.java:1575)

[ERRO] 2026-01-09 18:51:46.021 - Thread-1-Erro-2
  Exceção: java.lang.RuntimeException: Erro da thread 1, iteração 2
java.lang.RuntimeException: Erro da thread 1, iteração 2
	at testes.ErrorLoggerTest.lambda$testeThreadSafety$20(ErrorLoggerTest.java:204)
	at java.base/java.lang.Thread.run(Thread.java:1575)

[ERRO] 2026-01-09 18:51:46.021 - Thread-11-Erro-1
  Exceção: java.lang.RuntimeException: Erro da thread 11, iteração 1
java.lang.RuntimeException: Erro da thread 11, iteração 1
	at testes.ErrorLoggerTest.lambda$testeThreadSafety$20(ErrorLoggerTest.java:204)
	at java.base/java.lang.Thread.run(Thread.java:1575)

[ERRO] 2026-01-09 18:51:46.021 - Thread-12-Erro-1
  Exceção: java.lang.RuntimeException: Erro da thread 12, iteração 1
java.lang.RuntimeException: Erro da thread 12, iteração 1
	at testes.ErrorLoggerTest.lambda$testeThreadSafety$20(ErrorLoggerTest.java:204)
	at java.base/java.lang.Thread.run(Thread.java:1575)

[ERRO] 2026-01-09 18:51:46.021 - Thread-2-Erro-7
  Exceção: java.lang.RuntimeException: Erro da thread 2, iteração 7
java.lang.RuntimeException: Erro da thread 2, iteração 7
	at testes.ErrorLoggerTest.lambda$testeThreadSafety$20(ErrorLoggerTest.java:204)
	at java.base/java.lang.Thread.run(Thread.java:1575)

[ERRO] 2026-01-09 18:51:46.021 - Thread-2-Erro-8
  Exceção: java.lang.RuntimeException: Erro da thread 2, iteração 8
java.lang.RuntimeException: Erro da thread 2, iteração 8
	at testes.ErrorLoggerTest.lambda$testeThreadSafety$20(ErrorLoggerTest.java:204)
	at java.base/java.lang.Thread.run(Thread.java:1575)

[ERRO] 2026-01-09 18:51:46.021 - Thread-2-Erro-9
  Exceção: java.lang.RuntimeException: Erro da thread 2, iteração 9
java.lang.RuntimeException: Erro da thread 2, iteração 9
	at testes.ErrorLoggerTest.lambda$testeThreadSafety$20(ErrorLoggerTest.java:204)
	at java.base/java.lang.Thread.run(Thread.java:1575)

[ERRO] 2026-01-09 18:51:46.021 - Thread-13-Erro-1
  Exceção: java.lang.RuntimeException: Erro da thread 13, iteração 1
java.lang.RuntimeException: Erro da thread 13, iteração 1
	at testes.ErrorLoggerTest.lambda$testeThreadSafety$20(ErrorLoggerTest.java:204)
	at java.base/java.lang.Thread.run(Thread.java:1575)

[ERRO] 2026-01-09 18:51:46.021 - Thread-14-Erro-2
  Exceção: java.lang.RuntimeException: Erro da thread 14, iteração 2
java.lang.RuntimeException: Erro da thread 14, iteração 2
	at testes.ErrorLoggerTest.lambda$testeThreadSafety$20(ErrorLoggerTest.java:204)
	at java.base/java.lang.Thread.run(Thread.java:1575)

[ERRO] 2026-01-09 18:51:46.021 - Thread-3-Erro-2
  Exceção: java.lang.RuntimeException: Erro da thread 3, iteração 2
java.lang.RuntimeException: Erro da thread 3, iteração 2
	at testes.ErrorLoggerTest.lambda$testeThreadSafety$20(ErrorLoggerTest.java:204)
	at java.base/java.lang.Thread.run(Thread.java:1575)

[ERRO] 2026-01-09 18:51:46.021 - Thread-15-Erro-1
  Exceção: java.lang.RuntimeException: Erro da thread 15, iteração 1
java.lang.RuntimeException: Erro da thread 15, iteração 1
	at testes.ErrorLoggerTest.lambda$testeThreadSafety$20(ErrorLoggerTest.java:204)
	at java.base/java.lang.Thread.run(Thread.java:1575)

[ERRO] 2026-01-09 18:51:46.021 - Thread-4-Erro-3
  Exceção: java.lang.RuntimeException: Erro da thread 4, iteração 3
java.lang.RuntimeException: Erro da thread 4, iteração 3
	at testes.ErrorLoggerTest.lambda$testeThreadSafety$20(ErrorLoggerTest.java:204)
	at java.base/java.lang.Thread.run(Thread.java:1575)

[ERRO] 2026-01-09 18:51:46.021 - Thread-4-Erro-4
  Exceção: java.lang.RuntimeException: Erro da thread 4, iteração 4
java.lang.RuntimeException: Erro da thread 4, iteração 4
	at testes.ErrorLoggerTest.lambda$testeThreadSafety$20(ErrorLoggerTest.java:204)
	at java.base/java.lang.Thread.run(Thread.java:1575)

[ERRO] 2026-01-09 18:51:46.021 - Thread-0-Erro-3
  Exceção: java.lang.RuntimeException: Erro da thread 0, iteração 3
java.lang.RuntimeException: Erro da thread 0, iteração 3
	at testes.ErrorLoggerTest.lambda$testeThreadSafety$20(ErrorLoggerTest.java:204)
	at java.base/java.lang.Thread.run(Thread.java:1575)

[ERRO] 2026-01-09 18:51:46.021 - Thread-16-Erro-4
  Exceção: java.lang.RuntimeException: Erro da thread 16, iteração 4
java.lang.RuntimeException: Erro da thread 16, iteração 4
	at testes.ErrorLoggerTest.lambda$testeThreadSafety$20(ErrorLoggerTest.java:204)
	at java.base/java.lang.Thread.run(Thread.java:1575)

[ERRO] 2026-01-09 18:51:46.021 - Thread-16-Erro-5
  Exceção: java.lang.RuntimeException: Erro da thread 16, iteração 5
java.lang.RuntimeException: Erro da thread 16, iteração 5
	at testes.ErrorLoggerTest.lambda$testeThreadSafety$20(ErrorLoggerTest.java:204)
	at java.base/java.lang.Thread.run(Thread.java:1575)

[ERRO] 2026-01-09 18:51:46.021 - Thread-6-Erro-2
  Exceção: java.lang.RuntimeException: Erro da thread 6, iteração 2
java.lang.RuntimeException: Erro da thread 6, iteração 2
	at testes.ErrorLoggerTest.lambda$testeThreadSafety$20(ErrorLoggerTest.java:204)
	at java.base/java.lang.Thread.run(Thread.java:1575)

[ERRO] 2026-01-09 18:51:46.021 - Thread-17-Erro-3
  Exceção: java.lang.RuntimeException: Erro da thread 17, iteração 3
java.lang.RuntimeException: Erro da thread 17, iteração 3
	at testes.ErrorLoggerTest.lambda$testeThreadSafety$20(ErrorLoggerTest.java:204)
	at java.base/java.lang.Thread.run(Thread.java:1575)

[ERRO] 2026-01-09 18:51:46.022 - Thread-17-Erro-4
  Exceção: java.lang.RuntimeException: Erro da thread 17, iteração 4
java.lang.RuntimeException: Erro da thread 17, iteração 4
	at testes.ErrorLoggerTest.lambda$testeThreadSafety$20(ErrorLoggerTest.java:204)
	at java.base/java.lang.Thread.run(Thread.java:1575)

[ERRO] 2026-01-09 18:51:46.022 - Thread-17-Erro-5
  Exceção: java.lang.RuntimeException: Erro da thread 17, iteração 5
java.lang.RuntimeException: Erro da thread 17, iteração 5
	at testes.ErrorLoggerTest.lambda$testeThreadSafety$20(ErrorLoggerTest.java:204)
	at java.base/java.lang.Thread.run(Thread.java:1575)

[ERRO] 2026-01-09 18:51:46.022 - Thread-17-Erro-6
  Exceção: java.lang.RuntimeException: Erro da thread 17, iteração 6
java.lang.RuntimeException: Erro da thread 17, iteração 6
	at testes.ErrorLoggerTest.lambda$testeThreadSafety$20(ErrorLoggerTest.java:204)
	at java.base/java.lang.Thread.run(Thread.java:1575)

[ERRO] 2026-01-09 18:51:46.022 - Thread-17-Erro-7
  Exceção: java.lang.RuntimeException: Erro da thread 17, iteração 7
java.lang.RuntimeException: Erro da thread 17, iteração 7
	at testes.ErrorLoggerTest.lambda$testeThreadSafety$20(ErrorLoggerTest.java:204)
	at java.base/java.lang.Thread.run(Thread.java:1575)

[ERRO] 2026-01-09 18:51:46.022 - Thread-19-Erro-2
  Exceção: java.lang.RuntimeException: Erro da thread 19, iteração 2
java.lang.RuntimeException: Erro da thread 19, iteração 2
	at testes.ErrorLoggerTest.lambda$testeThreadSafety$20(ErrorLoggerTest.java:204)
	at java.base/java.lang.Thread.run(Thread.java:1575)

[ERRO] 2026-01-09 18:51:46.022 - Thread-5-Erro-3
  Exceção: java.lang.RuntimeException: Erro da thread 5, iteração 3
java.lang.RuntimeException: Erro da thread 5, iteração 3
	at testes.ErrorLoggerTest.lambda$testeThreadSafety$20(ErrorLoggerTest.java:204)
	at java.base/java.lang.Thread.run(Thread.java:1575)

[ERRO] 2026-01-09 18:51:46.022 - Thread-8-Erro-3
  Exceção: java.lang.RuntimeException: Erro da thread 8, iteração 3
java.lang.RuntimeException: Erro da thread 8, iteração 3
	at testes.ErrorLoggerTest.lambda$testeThreadSafety$20(ErrorLoggerTest.java:204)
	at java.base/java.lang.Thread.run(Thread.java:1575)

[ERRO] 2026-01-09 18:51:46.022 - Thread-8-Erro-4
  Exceção: java.lang.RuntimeException: Erro da thread 8, iteração 4
java.lang.RuntimeException: Erro da thread 8, iteração 4
	at testes.ErrorLoggerTest.lambda$testeThreadSafety$20(ErrorLoggerTest.java:204)
	at java.base/java.lang.Thread.run(Thread.java:1575)

[ERRO] 2026-01-09 18:51:46.022 - Thread-10-Erro-3
  Exceção: java.lang.RuntimeException: Erro da thread 10, iteração 3
java.lang.RuntimeException: Erro da thread 10, iteração 3
	at testes.ErrorLoggerTest.lambda$testeThreadSafety$20(ErrorLoggerTest.java:204)
	at java.base/java.lang.Thread.run(Thread.java:1575)

[ERRO] 2026-01-09 18:51:46.022 - Thread-1-Erro-3
  Exceção: java.lang.RuntimeException: Erro da thread 1, iteração 3
java.lang.RuntimeException: Erro da thread 1, iteração 3
	at testes.ErrorLoggerTest.lambda$testeThreadSafety$20(ErrorLoggerTest.java:204)
	at java.base/java.lang.Thread.run(Thread.java:1575)

[ERRO] 2026-01-09 18:51:46.022 - Thread-11-Erro-2
  Exceção: java.lang.RuntimeException: Erro da thread 11, iteração 2
java.lang.RuntimeException: Erro da thread 11, iteração 2
	at testes.ErrorLoggerTest.lambda$testeThreadSafety$20(ErrorLoggerTest.java:204)
	at java.base/java.lang.Thread.run(Thread.java:1575)

[ERRO] 2026-01-09 18:51:46.022 - Thread-12-Erro-2
  Exceção: java.lang.RuntimeException: Erro da thread 12, iteração 2
java.lang.RuntimeException: Erro da thread 12, iteração 2
	at testes.ErrorLoggerTest.lambda$testeThreadSafety$20(ErrorLoggerTest.java:204)
	at java.base/java.lang.Thread.run(Thread.java:1575)

[ERRO] 2026-01-09 18:51:46.022 - Thread-12-Erro-3
  Exceção: java.lang.RuntimeException: Erro da thread 12, iteração 3
java.lang.RuntimeException: Erro da thread 12, iteração 3
	at testes.ErrorLoggerTest.lambda$testeThreadSafety$20(ErrorLoggerTest.java:204)
	at java.base/java.lang.Thread.run(Thread.java:1575)

[ERRO] 2026-01-09 18:51:46.022 - Thread-12-Erro-4
  Exceção: java.lang.RuntimeException: Erro da thread 12, iteração 4
java.lang.RuntimeException: Erro da thread 12, iteração 4
	at testes.ErrorLoggerTest.lambda$testeThreadSafety$20(ErrorLoggerTest.java:204)
	at java.base/java.lang.Thread.run(Thread.java:1575)

[ERRO] 2026-01-09 18:51:46.022 - Thread-12-Erro-5
  Exceção: java.lang.RuntimeException: Erro da thread 12, iteração 5
java.lang.RuntimeException: Erro da thread 12, iteração 5
	at testes.ErrorLoggerTest.lambda$testeThreadSafety$20(ErrorLoggerTest.java:204)
	at java.base/java.lang.Thread.run(Thread.java:1575)

[ERRO] 2026-01-09 18:51:46.022 - Thread-12-Erro-6
  Exceção: java.lang.RuntimeException: Erro da thread 12, iteração 6
java.lang.RuntimeException: Erro da thread 12, iteração 6
	at testes.ErrorLoggerTest.lambda$testeThreadSafety$20(ErrorLoggerTest.java:204)
	at java.base/java.lang.Thread.run(Thread.java:1575)

[ERRO] 2026-01-09 18:51:46.022 - Thread-13-Erro-2
  Exceção: java.lang.RuntimeException: Erro da thread 13, iteração 2
java.lang.RuntimeException: Erro da thread 13, iteração 2
	at testes.ErrorLoggerTest.lambda$testeThreadSafety$20(ErrorLoggerTest.java:204)
	at java.base/java.lang.Thread.run(Thread.java:1575)

[ERRO] 2026-01-09 18:51:46.022 - Thread-14-Erro-3
  Exceção: java.lang.RuntimeException: Erro da thread 14, iteração 3
java.lang.RuntimeException: Erro da thread 14, iteração 3
	at testes.ErrorLoggerTest.lambda$testeThreadSafety$20(ErrorLoggerTest.java:204)
	at java.base/java.lang.Thread.run(Thread.java:1575)

[ERRO] 2026-01-09 18:51:46.022 - Thread-14-Erro-4
  Exceção: java.lang.RuntimeException: Erro da thread 14, iteração 4
java.lang.RuntimeException: Erro da thread 14, iteração 4
	at testes.ErrorLoggerTest.lambda$testeThreadSafety$20(ErrorLoggerTest.java:204)
	at java.base/java.lang.Thread.run(Thread.java:1575)

[ERRO] 2026-01-09 18:51:46.023 - Thread-14-Erro-5
  Exceção: java.lang.RuntimeException: Erro da thread 14, iteração 5
java.lang.RuntimeException: Erro da thread 14, iteração 5
	at testes.ErrorLoggerTest.lambda$testeThreadSafety$20(ErrorLoggerTest.java:204)
	at java.base/java.lang.Thread.run(Thread.java:1575)

[ERRO] 2026-01-09 18:51:46.023 - Thread-14-Erro-6
  Exceção: java.lang.RuntimeException: Erro da thread 14, iteração 6
java.lang.RuntimeException: Erro da thread 14, iteração 6
	at testes.ErrorLoggerTest.lambda$testeThreadSafety$20(ErrorLoggerTest.java:204)
	at java.base/java.lang.Thread.run(Thread.java:1575)

[ERRO] 2026-01-09 18:51:46.023 - Thread-14-Erro-7
  Exceção: java.lang.RuntimeException: Erro da thread 14, iteração 7
java.lang.RuntimeException: Erro da thread 14, iteração 7
	at testes.ErrorLoggerTest.lambda$testeThreadSafety$20(ErrorLoggerTest.java:204)
	at java.base/java.lang.Thread.run(Thread.java:1575)

[ERRO] 2026-01-09 18:51:46.023 - Thread-14-Erro-8
  Exceção: java.lang.RuntimeException: Erro da thread 14, iteração 8
java.lang.RuntimeException: Erro da thread 14, iteração 8
	at testes.ErrorLoggerTest.lambda$testeThreadSafety$20(ErrorLoggerTest.java:204)
	at java.base/java.lang.Thread.run(Thread.java:1575)

[ERRO] 2026-01-09 18:51:46.023 - Thread-3-Erro-3
  Exceção: java.lang.RuntimeException: Erro da thread 3, iteração 3
java.lang.RuntimeException: Erro da thread 3, iteração 3
	at testes.ErrorLoggerTest.lambda$testeThreadSafety$20(ErrorLoggerTest.java:204)
	at java.base/java.lang.Thread.run(Thread.java:1575)

[ERRO] 2026-01-09 18:51:46.023 - Thread-15-Erro-2
  Exceção: java.lang.RuntimeException: Erro da thread 15, iteração 2
java.lang.RuntimeException: Erro da thread 15, iteração 2
	at testes.ErrorLoggerTest.lambda$testeThreadSafety$20(ErrorLoggerTest.java:204)
	at java.base/java.lang.Thread.run(Thread.java:1575)

[ERRO] 2026-01-09 18:51:46.023 - Thread-4-Erro-5
  Exceção: java.lang.RuntimeException: Erro da thread 4, iteração 5
java.lang.RuntimeException: Erro da thread 4, iteração 5
	at testes.ErrorLoggerTest.lambda$testeThreadSafety$20(ErrorLoggerTest.java:204)
	at java.base/java.lang.Thread.run(Thread.java:1575)

[ERRO] 2026-01-09 18:51:46.023 - Thread-4-Erro-6
  Exceção: java.lang.RuntimeException: Erro da thread 4, iteração 6
java.lang.RuntimeException: Erro da thread 4, iteração 6
	at testes.ErrorLoggerTest.lambda$testeThreadSafety$20(ErrorLoggerTest.java:204)
	at java.base/java.lang.Thread.run(Thread.java:1575)

[ERRO] 2026-01-09 18:51:46.023 - Thread-0-Erro-4
  Exceção: java.lang.RuntimeException: Erro da thread 0, iteração 4
java.lang.RuntimeException: Erro da thread 0, iteração 4
	at testes.ErrorLoggerTest.lambda$testeThreadSafety$20(ErrorLoggerTest.java:204)
	at java.base/java.lang.Thread.run(Thread.java:1575)

[ERRO] 2026-01-09 18:51:46.023 - Thread-16-Erro-6
  Exceção: java.lang.RuntimeException: Erro da thread 16, iteração 6
java.lang.RuntimeException: Erro da thread 16, iteração 6
	at testes.ErrorLoggerTest.lambda$testeThreadSafety$20(ErrorLoggerTest.java:204)
	at java.base/java.lang.Thread.run(Thread.java:1575)

[ERRO] 2026-01-09 18:51:46.023 - Thread-16-Erro-7
  Exceção: java.lang.RuntimeException: Erro da thread 16, iteração 7
java.lang.RuntimeException: Erro da thread 16, iteração 7
	at testes.ErrorLoggerTest.lambda$testeThreadSafety$20(ErrorLoggerTest.java:204)
	at java.base/java.lang.Thread.run(Thread.java:1575)

[ERRO] 2026-01-09 18:51:46.023 - Thread-16-Erro-8
  Exceção: java.lang.RuntimeException: Erro da thread 16, iteração 8
java.lang.RuntimeException: Erro da thread 16, iteração 8
	at testes.ErrorLoggerTest.lambda$testeThreadSafety$20(ErrorLoggerTest.java:204)
	at java.base/java.lang.Thread.run(Thread.java:1575)

[ERRO] 2026-01-09 18:51:46.023 - Thread-16-Erro-9
  Exceção: java.lang.RuntimeException: Erro da thread 16, iteração 9
java.lang.RuntimeException: Erro da thread 16, iteração 9
	at testes.ErrorLoggerTest.lambda$testeThreadSafety$20(ErrorLoggerTest.java:204)
	at java.base/java.lang.Thread.run(Thread.java:1575)

[ERRO] 2026-01-09 18:51:46.023 - Thread-6-Erro-3
  Exceção: java.lang.RuntimeException: Erro da thread 6, iteração 3
java.lang.RuntimeException: Erro da thread 6, iteração 3
	at testes.ErrorLoggerTest.lambda$testeThreadSafety$20(ErrorLoggerTest.java:204)
	at java.base/java.lang.Thread.run(Thread.java:1575)

[ERRO] 2026-01-09 18:51:46.023 - Thread-17-Erro-8
  Exceção: java.lang.RuntimeException: Erro da thread 17, iteração 8
java.lang.RuntimeException: Erro da thread 17, iteração 8
	at testes.ErrorLoggerTest.lambda$testeThreadSafety$20(ErrorLoggerTest.java:204)
	at java.base/java.lang.Thread.run(Thread.java:1575)

[ERRO] 2026-01-09 18:51:46.023 - Thread-17-Erro-9
  Exceção: java.lang.RuntimeException: Erro da thread 17, iteração 9
java.lang.RuntimeException: Erro da thread 17, iteração 9
	at testes.ErrorLoggerTest.lambda$testeThreadSafety$20(ErrorLoggerTest.java:204)
	at java.base/java.lang.Thread.run(Thread.java:1575)

[ERRO] 2026-01-09 18:51:46.023 - Thread-19-Erro-3
  Exceção: java.lang.RuntimeException: Erro da thread 19, iteração 3
java.lang.RuntimeException: Erro da thread 19, iteração 3
	at testes.ErrorLoggerTest.lambda$testeThreadSafety$20(ErrorLoggerTest.java:204)
	at java.base/java.lang.Thread.run(Thread.java:1575)

[ERRO] 2026-01-09 18:51:46.023 - Thread-5-Erro-4
  Exceção: java.lang.RuntimeException: Erro da thread 5, iteração 4
java.lang.RuntimeException: Erro da thread 5, iteração 4
	at testes.ErrorLoggerTest.lambda$testeThreadSafety$20(ErrorLoggerTest.java:204)
	at java.base/java.lang.Thread.run(Thread.java:1575)

[ERRO] 2026-01-09 18:51:46.023 - Thread-8-Erro-5
  Exceção: java.lang.RuntimeException: Erro da thread 8, iteração 5
java.lang.RuntimeException: Erro da thread 8, iteração 5
	at testes.ErrorLoggerTest.lambda$testeThreadSafety$20(ErrorLoggerTest.java:204)
	at java.base/java.lang.Thread.run(Thread.java:1575)

[ERRO] 2026-01-09 18:51:46.023 - Thread-8-Erro-6
  Exceção: java.lang.RuntimeException: Erro da thread 8, iteração 6
java.lang.RuntimeException: Erro da thread 8, iteração 6
	at testes.ErrorLoggerTest.lambda$testeThreadSafety$20(ErrorLoggerTest.java:204)
	at java.base/java.lang.Thread.run(Thread.java:1575)

[ERRO] 2026-01-09 18:51:46.023 - Thread-8-Erro-7
  Exceção: java.lang.RuntimeException: Erro da thread 8, iteração 7
java.lang.RuntimeException: Erro da thread 8, iteração 7
	at testes.ErrorLoggerTest.lambda$testeThreadSafety$20(ErrorLoggerTest.java:204)
	at java.base/java.lang.Thread.run(Thread.java:1575)

[ERRO] 2026-01-09 18:51:46.023 - Thread-8-Erro-8
  Exceção: java.lang.RuntimeException: Erro da thread 8, iteração 8
java.lang.RuntimeException: Erro da thread 8, iteração 8
	at testes.ErrorLoggerTest.lambda$testeThreadSafety$20(ErrorLoggerTest.java:204)
	at java.base/java.lang.Thread.run(Thread.java:1575)

[ERRO] 2026-01-09 18:51:46.024 - Thread-10-Erro-4
  Exceção: java.lang.RuntimeException: Erro da thread 10, iteração 4
java.lang.RuntimeException: Erro da thread 10, iteração 4
	at testes.ErrorLoggerTest.lambda$testeThreadSafety$20(ErrorLoggerTest.java:204)
	at java.base/java.lang.Thread.run(Thread.java:1575)

[ERRO] 2026-01-09 18:51:46.024 - Thread-1-Erro-4
  Exceção: java.lang.RuntimeException: Erro da thread 1, iteração 4
java.lang.RuntimeException: Erro da thread 1, iteração 4
	at testes.ErrorLoggerTest.lambda$testeThreadSafety$20(ErrorLoggerTest.java:204)
	at java.base/java.lang.Thread.run(Thread.java:1575)

[ERRO] 2026-01-09 18:51:46.024 - Thread-11-Erro-3
  Exceção: java.lang.RuntimeException: Erro da thread 11, iteração 3
java.lang.RuntimeException: Erro da thread 11, iteração 3
	at testes.ErrorLoggerTest.lambda$testeThreadSafety$20(ErrorLoggerTest.java:204)
	at java.base/java.lang.Thread.run(Thread.java:1575)

[ERRO] 2026-01-09 18:51:46.024 - Thread-12-Erro-7
  Exceção: java.lang.RuntimeException: Erro da thread 12, iteração 7
java.lang.RuntimeException: Erro da thread 12, iteração 7
	at testes.ErrorLoggerTest.lambda$testeThreadSafety$20(ErrorLoggerTest.java:204)
	at java.base/java.lang.Thread.run(Thread.java:1575)

[ERRO] 2026-01-09 18:51:46.024 - Thread-12-Erro-8
  Exceção: java.lang.RuntimeException: Erro da thread 12, iteração 8
java.lang.RuntimeException: Erro da thread 12, iteração 8
	at testes.ErrorLoggerTest.lambda$testeThreadSafety$20(ErrorLoggerTest.java:204)
	at java.base/java.lang.Thread.run(Thread.java:1575)

[ERRO] 2026-01-09 18:51:46.024 - Thread-12-Erro-9
  Exceção: java.lang.RuntimeException: Erro da thread 12, iteração 9
java.lang.RuntimeException: Erro da thread 12, iteração 9
	at testes.ErrorLoggerTest.lambda$testeThreadSafety$20(ErrorLoggerTest.java:204)
	at java.base/java.lang.Thread.run(Thread.java:1575)

[ERRO] 2026-01-09 18:51:46.024 - Thread-13-Erro-3
  Exceção: java.lang.RuntimeException: Erro da thread 13, iteração 3
java.lang.RuntimeException: Erro da thread 13, iteração 3
	at testes.ErrorLoggerTest.lambda$testeThreadSafety$20(ErrorLoggerTest.java:204)
	at java.base/java.lang.Thread.run(Thread.java:1575)

[ERRO] 2026-01-09 18:51:46.024 - Thread-14-Erro-9
  Exceção: java.lang.RuntimeException: Erro da thread 14, iteração 9
java.lang.RuntimeException: Erro da thread 14, iteração 9
	at testes.ErrorLoggerTest.lambda$testeThreadSafety$20(ErrorLoggerTest.java:204)
	at java.base/java.lang.Thread.run(Thread.java:1575)

[ERRO] 2026-01-09 18:51:46.024 - Thread-3-Erro-4
  Exceção: java.lang.RuntimeException: Erro da thread 3, iteração 4
java.lang.RuntimeException: Erro da thread 3, iteração 4
	at testes.ErrorLoggerTest.lambda$testeThreadSafety$20(ErrorLoggerTest.java:204)
	at java.base/java.lang.Thread.run(Thread.java:1575)

[ERRO] 2026-01-09 18:51:46.024 - Thread-15-Erro-3
  Exceção: java.lang.RuntimeException: Erro da thread 15, iteração 3
java.lang.RuntimeException: Erro da thread 15, iteração 3
	at testes.ErrorLoggerTest.lambda$testeThreadSafety$20(ErrorLoggerTest.java:204)
	at java.base/java.lang.Thread.run(Thread.java:1575)

[ERRO] 2026-01-09 18:51:46.024 - Thread-4-Erro-7
  Exceção: java.lang.RuntimeException: Erro da thread 4, iteração 7
java.lang.RuntimeException: Erro da thread 4, iteração 7
	at testes.ErrorLoggerTest.lambda$testeThreadSafety$20(ErrorLoggerTest.java:204)
	at java.base/java.lang.Thread.run(Thread.java:1575)

[ERRO] 2026-01-09 18:51:46.024 - Thread-0-Erro-5
  Exceção: java.lang.RuntimeException: Erro da thread 0, iteração 5
java.lang.RuntimeException: Erro da thread 0, iteração 5
	at testes.ErrorLoggerTest.lambda$testeThreadSafety$20(ErrorLoggerTest.java:204)
	at java.base/java.lang.Thread.run(Thread.java:1575)

[ERRO] 2026-01-09 18:51:46.024 - Thread-6-Erro-4
  Exceção: java.lang.RuntimeException: Erro da thread 6, iteração 4
java.lang.RuntimeException: Erro da thread 6, iteração 4
	at testes.ErrorLoggerTest.lambda$testeThreadSafety$20(ErrorLoggerTest.java:204)
	at java.base/java.lang.Thread.run(Thread.java:1575)

[ERRO] 2026-01-09 18:51:46.024 - Thread-19-Erro-4
  Exceção: java.lang.RuntimeException: Erro da thread 19, iteração 4
java.lang.RuntimeException: Erro da thread 19, iteração 4
	at testes.ErrorLoggerTest.lambda$testeThreadSafety$20(ErrorLoggerTest.java:204)
	at java.base/java.lang.Thread.run(Thread.java:1575)

[ERRO] 2026-01-09 18:51:46.024 - Thread-19-Erro-5
  Exceção: java.lang.RuntimeException: Erro da thread 19, iteração 5
java.lang.RuntimeException: Erro da thread 19, iteração 5
	at testes.ErrorLoggerTest.lambda$testeThreadSafety$20(ErrorLoggerTest.java:204)
	at java.base/java.lang.Thread.run(Thread.java:1575)

[ERRO] 2026-01-09 18:51:46.024 - Thread-5-Erro-5
  Exceção: java.lang.RuntimeException: Erro da thread 5, iteração 5
java.lang.RuntimeException: Erro da thread 5, iteração 5
	at testes.ErrorLoggerTest.lambda$testeThreadSafety$20(ErrorLoggerTest.java:204)
	at java.base/java.lang.Thread.run(Thread.java:1575)

[ERRO] 2026-01-09 18:51:46.024 - Thread-8-Erro-9
  Exceção: java.lang.RuntimeException: Erro da thread 8, iteração 9
java.lang.RuntimeException: Erro da thread 8, iteração 9
	at testes.ErrorLoggerTest.lambda$testeThreadSafety$20(ErrorLoggerTest.java:204)
	at java.base/java.lang.Thread.run(Thread.java:1575)

[ERRO] 2026-01-09 18:51:46.024 - Thread-10-Erro-5
  Exceção: java.lang.RuntimeException: Erro da thread 10, iteração 5
java.lang.RuntimeException: Erro da thread 10, iteração 5
	at testes.ErrorLoggerTest.lambda$testeThreadSafety$20(ErrorLoggerTest.java:204)
	at java.base/java.lang.Thread.run(Thread.java:1575)

[ERRO] 2026-01-09 18:51:46.024 - Thread-10-Erro-6
  Exceção: java.lang.RuntimeException: Erro da thread 10, iteração 6
java.lang.RuntimeException: Erro da thread 10, iteração 6
	at testes.ErrorLoggerTest.lambda$testeThreadSafety$20(ErrorLoggerTest.java:204)
	at java.base/java.lang.Thread.run(Thread.java:1575)

[ERRO] 2026-01-09 18:51:46.024 - Thread-10-Erro-7
  Exceção: java.lang.RuntimeException: Erro da thread 10, iteração 7
java.lang.RuntimeException: Erro da thread 10, iteração 7
	at testes.ErrorLoggerTest.lambda$testeThreadSafety$20(ErrorLoggerTest.java:204)
	at java.base/java.lang.Thread.run(Thread.java:1575)

[ERRO] 2026-01-09 18:51:46.025 - Thread-10-Erro-8
  Exceção: java.lang.RuntimeException: Erro da thread 10, iteração 8
java.lang.RuntimeException: Erro da thread 10, iteração 8
	at testes.ErrorLoggerTest.lambda$testeThreadSafety$20(ErrorLoggerTest.java:204)
	at java.base/java.lang.Thread.run(Thread.java:1575)

[ERRO] 2026-01-09 18:51:46.025 - Thread-10-Erro-9
  Exceção: java.lang.RuntimeException: Erro da thread 10, iteração 9
java.lang.RuntimeException: Erro da thread 10, iteração 9
	at testes.ErrorLoggerTest.lambda$testeThreadSafety$20(ErrorLoggerTest.java:204)
	at java.base/java.lang.Thread.run(Thread.java:1575)

[ERRO] 2026-01-09 18:51:46.025 - Thread-1-Erro-5
  Exceção: java.lang.RuntimeException: Erro da thread 1, iteração 5
java.lang.RuntimeException: Erro da thread 1, iteração 5
	at testes.ErrorLoggerTest.lambda$testeThreadSafety$20(ErrorLoggerTest.java:204)
	at java.base/java.lang.Thread.run(Thread.java:1575)

[ERRO] 2026-01-09 18:51:46.025 - Thread-11-Erro-4
  Exceção: java.lang.RuntimeException: Erro da thread 11, iteração 4
java.lang.RuntimeException: Erro da thread 11, iteração 4
	at testes.ErrorLoggerTest.lambda$testeThreadSafety$20(ErrorLoggerTest.java:204)
	at java.base/java.lang.Thread.run(Thread.java:1575)

[ERRO] 2026-01-09 18:51:46.025 - Thread-13-Erro-4
  Exceção: java.lang.RuntimeException: Erro da thread 13, iteração 4
java.lang.RuntimeException: Erro da thread 13, iteração 4
	at testes.ErrorLoggerTest.lambda$testeThreadSafety$20(ErrorLoggerTest.java:204)
	at java.base/java.lang.Thread.run(Thread.java:1575)

[ERRO] 2026-01-09 18:51:46.025 - Thread-3-Erro-5
  Exceção: java.lang.RuntimeException: Erro da thread 3, iteração 5
java.lang.RuntimeException: Erro da thread 3, iteração 5
	at testes.ErrorLoggerTest.lambda$testeThreadSafety$20(ErrorLoggerTest.java:204)
	at java.base/java.lang.Thread.run(Thread.java:1575)

[ERRO] 2026-01-09 18:51:46.025 - Thread-15-Erro-4
  Exceção: java.lang.RuntimeException: Erro da thread 15, iteração 4
java.lang.RuntimeException: Erro da thread 15, iteração 4
	at testes.ErrorLoggerTest.lambda$testeThreadSafety$20(ErrorLoggerTest.java:204)
	at java.base/java.lang.Thread.run(Thread.java:1575)

[ERRO] 2026-01-09 18:51:46.025 - Thread-15-Erro-5
  Exceção: java.lang.RuntimeException: Erro da thread 15, iteração 5
java.lang.RuntimeException: Erro da thread 15, iteração 5
	at testes.ErrorLoggerTest.lambda$testeThreadSafety$20(ErrorLoggerTest.java:204)
	at java.base/java.lang.Thread.run(Thread.java:1575)

[ERRO] 2026-01-09 18:51:46.025 - Thread-4-Erro-8
  Exceção: java.lang.RuntimeException: Erro da thread 4, iteração 8
java.lang.RuntimeException: Erro da thread 4, iteração 8
	at testes.ErrorLoggerTest.lambda$testeThreadSafety$20(ErrorLoggerTest.java:204)
	at java.base/java.lang.Thread.run(Thread.java:1575)

[ERRO] 2026-01-09 18:51:46.025 - Thread-0-Erro-6
  Exceção: java.lang.RuntimeException: Erro da thread 0, iteração 6
java.lang.RuntimeException: Erro da thread 0, iteração 6
	at testes.ErrorLoggerTest.lambda$testeThreadSafety$20(ErrorLoggerTest.java:204)
	at java.base/java.lang.Thread.run(Thread.java:1575)

[ERRO] 2026-01-09 18:51:46.025 - Thread-6-Erro-5
  Exceção: java.lang.RuntimeException: Erro da thread 6, iteração 5
java.lang.RuntimeException: Erro da thread 6, iteração 5
	at testes.ErrorLoggerTest.lambda$testeThreadSafety$20(ErrorLoggerTest.java:204)
	at java.base/java.lang.Thread.run(Thread.java:1575)

[ERRO] 2026-01-09 18:51:46.025 - Thread-19-Erro-6
  Exceção: java.lang.RuntimeException: Erro da thread 19, iteração 6
java.lang.RuntimeException: Erro da thread 19, iteração 6
	at testes.ErrorLoggerTest.lambda$testeThreadSafety$20(ErrorLoggerTest.java:204)
	at java.base/java.lang.Thread.run(Thread.java:1575)

[ERRO] 2026-01-09 18:51:46.025 - Thread-19-Erro-7
  Exceção: java.lang.RuntimeException: Erro da thread 19, iteração 7
java.lang.RuntimeException: Erro da thread 19, iteração 7
	at testes.ErrorLoggerTest.lambda$testeThreadSafety$20(ErrorLoggerTest.java:204)
	at java.base/java.lang.Thread.run(Thread.java:1575)

[ERRO] 2026-01-09 18:51:46.025 - Thread-19-Erro-8
  Exceção: java.lang.RuntimeException: Erro da thread 19, iteração 8
java.lang.RuntimeException: Erro da thread 19, iteração 8
	at testes.ErrorLoggerTest.lambda$testeThreadSafety$20(ErrorLoggerTest.java:204)
	at java.base/java.lang.Thread.run(Thread.java:1575)

[ERRO] 2026-01-09 18:51:46.025 - Thread-19-Erro-9
  Exceção: java.lang.RuntimeException: Erro da thread 19, iteração 9
java.lang.RuntimeException: Erro da thread 19, iteração 9
	at testes.ErrorLoggerTest.lambda$testeThreadSafety$20(ErrorLoggerTest.java:204)
	at java.base/java.lang.Thread.run(Thread.java:1575)

[ERRO] 2026-01-09 18:51:46.025 - Thread-5-Erro-6
  Exceção: java.lang.RuntimeException: Erro da thread 5, iteração 6
java.lang.RuntimeException: Erro da thread 5, iteração 6
	at testes.ErrorLoggerTest.lambda$testeThreadSafety$20(ErrorLoggerTest.java:204)
	at java.base/java.lang.Thread.run(Thread.java:1575)

[ERRO] 2026-01-09 18:51:46.025 - Thread-1-Erro-6
  Exceção: java.lang.RuntimeException: Erro da thread 1, iteração 6
java.lang.RuntimeException: Erro da thread 1, iteração 6
	at testes.ErrorLoggerTest.lambda$testeThreadSafety$20(ErrorLoggerTest.java:204)
	at java.base/java.lang.Thread.run(Thread.java:1575)

[ERRO] 2026-01-09 18:51:46.025 - Thread-11-Erro-5
  Exceção: java.lang.RuntimeException: Erro da thread 11, iteração 5
java.lang.RuntimeException: Erro da thread 11, iteração 5
	at testes.ErrorLoggerTest.lambda$testeThreadSafety$20(ErrorLoggerTest.java:204)
	at java.base/java.lang.Thread.run(Thread.java:1575)

[ERRO] 2026-01-09 18:51:46.025 - Thread-13-Erro-5
  Exceção: java.lang.RuntimeException: Erro da thread 13, iteração 5
java.lang.RuntimeException: Erro da thread 13, iteração 5
	at testes.ErrorLoggerTest.lambda$testeThreadSafety$20(ErrorLoggerTest.java:204)
	at java.base/java.lang.Thread.run(Thread.java:1575)

[ERRO] 2026-01-09 18:51:46.025 - Thread-13-Erro-6
  Exceção: java.lang.RuntimeException: Erro da thread 13, iteração 6
java.lang.RuntimeException: Erro da thread 13, iteração 6
	at testes.ErrorLoggerTest.lambda$testeThreadSafety$20(ErrorLoggerTest.java:204)
	at java.base/java.lang.Thread.run(Thread.java:1575)

[ERRO] 2026-01-09 18:51:46.025 - Thread-3-Erro-6
  Exceção: java.lang.RuntimeException: Erro da thread 3, iteração 6
java.lang.RuntimeException: Erro da thread 3, iteração 6
	at testes.ErrorLoggerTest.lambda$testeThreadSafety$20(ErrorLoggerTest.java:204)
	at java.base/java.lang.Thread.run(Thread.java:1575)

[ERRO] 2026-01-09 18:51:46.025 - Thread-15-Erro-6
  Exceção: java.lang.RuntimeException: Erro da thread 15, iteração 6
java.lang.RuntimeException: Erro da thread 15, iteração 6
	at testes.ErrorLoggerTest.lambda$testeThreadSafety$20(ErrorLoggerTest.java:204)
	at java.base/java.lang.Thread.run(Thread.java:1575)

[ERRO] 2026-01-09 18:51:46.025 - Thread-4-Erro-9
  Exceção: java.lang.RuntimeException: Erro da thread 4, iteração 9
java.lang.RuntimeException: Erro da thread 4, iteração 9
	at testes.ErrorLoggerTest.lambda$testeThreadSafety$20(ErrorLoggerTest.java:204)
	at java.base/java.lang.Thread.run(Thread.java:1575)

[ERRO] 2026-01-09 18:51:46.026 - Thread-0-Erro-7
  Exceção: java.lang.RuntimeException: Erro da thread 0, iteração 7
java.lang.RuntimeException: Erro da thread 0, iteração 7
	at testes.ErrorLoggerTest.lambda$testeThreadSafety$20(ErrorLoggerTest.java:204)
	at java.base/java.lang.Thread.run(Thread.java:1575)

[ERRO] 2026-01-09 18:51:46.026 - Thread-6-Erro-6
  Exceção: java.lang.RuntimeException: Erro da thread 6, iteração 6
java.lang.RuntimeException: Erro da thread 6, iteração 6
	at testes.ErrorLoggerTest.lambda$testeThreadSafety$20(ErrorLoggerTest.java:204)
	at java.base/java.lang.Thread.run(Thread.java:1575)

[ERRO] 2026-01-09 18:51:46.026 - Thread-5-Erro-7
  Exceção: java.lang.RuntimeException: Erro da thread 5, iteração 7
java.lang.RuntimeException: Erro da thread 5, iteração 7
	at testes.ErrorLoggerTest.lambda$testeThreadSafety$20(ErrorLoggerTest.java:204)
	at java.base/java.lang.Thread.run(Thread.java:1575)

[ERRO] 2026-01-09 18:51:46.026 - Thread-1-Erro-7
  Exceção: java.lang.RuntimeException: Erro da thread 1, iteração 7
java.lang.RuntimeException: Erro da thread 1, iteração 7
	at testes.ErrorLoggerTest.lambda$testeThreadSafety$20(ErrorLoggerTest.java:204)
	at java.base/java.lang.Thread.run(Thread.java:1575)

[ERRO] 2026-01-09 18:51:46.026 - Thread-1-Erro-8
  Exceção: java.lang.RuntimeException: Erro da thread 1, iteração 8
java.lang.RuntimeException: Erro da thread 1, iteração 8
	at testes.ErrorLoggerTest.lambda$testeThreadSafety$20(ErrorLoggerTest.java:204)
	at java.base/java.lang.Thread.run(Thread.java:1575)

[ERRO] 2026-01-09 18:51:46.026 - Thread-1-Erro-9
  Exceção: java.lang.RuntimeException: Erro da thread 1, iteração 9
java.lang.RuntimeException: Erro da thread 1, iteração 9
	at testes.ErrorLoggerTest.lambda$testeThreadSafety$20(ErrorLoggerTest.java:204)
	at java.base/java.lang.Thread.run(Thread.java:1575)

[ERRO] 2026-01-09 18:51:46.026 - Thread-11-Erro-6
  Exceção: java.lang.RuntimeException: Erro da thread 11, iteração 6
java.lang.RuntimeException: Erro da thread 11, iteração 6
	at testes.ErrorLoggerTest.lambda$testeThreadSafety$20(ErrorLoggerTest.java:204)
	at java.base/java.lang.Thread.run(Thread.java:1575)

[ERRO] 2026-01-09 18:51:46.026 - Thread-11-Erro-7
  Exceção: java.lang.RuntimeException: Erro da thread 11, iteração 7
java.lang.RuntimeException: Erro da thread 11, iteração 7
	at testes.ErrorLoggerTest.lambda$testeThreadSafety$20(ErrorLoggerTest.java:204)
	at java.base/java.lang.Thread.run(Thread.java:1575)

[ERRO] 2026-01-09 18:51:46.026 - Thread-11-Erro-8
  Exceção: java.lang.RuntimeException: Erro da thread 11, iteração 8
java.lang.RuntimeException: Erro da thread 11, iteração 8
	at testes.ErrorLoggerTest.lambda$testeThreadSafety$20(ErrorLoggerTest.java:204)
	at java.base/java.lang.Thread.run(Thread.java:1575)

[ERRO] 2026-01-09 18:51:46.026 - Thread-11-Erro-9
  Exceção: java.lang.RuntimeException: Erro da thread 11, iteração 9
java.lang.RuntimeException: Erro da thread 11, iteração 9
	at testes.ErrorLoggerTest.lambda$testeThreadSafety$20(ErrorLoggerTest.java:204)
	at java.base/java.lang.Thread.run(Thread.java:1575)

[ERRO] 2026-01-09 18:51:46.026 - Thread-13-Erro-7
  Exceção: java.lang.RuntimeException: Erro da thread 13, iteração 7
java.lang.RuntimeException: Erro da thread 13, iteração 7
	at testes.ErrorLoggerTest.lambda$testeThreadSafety$20(ErrorLoggerTest.java:204)
	at java.base/java.lang.Thread.run(Thread.java:1575)

[ERRO] 2026-01-09 18:51:46.026 - Thread-3-Erro-7
  Exceção: java.lang.RuntimeException: Erro da thread 3, iteração 7
java.lang.RuntimeException: Erro da thread 3, iteração 7
	at testes.ErrorLoggerTest.lambda$testeThreadSafety$20(ErrorLoggerTest.java:204)
	at java.base/java.lang.Thread.run(Thread.java:1575)

[ERRO] 2026-01-09 18:51:46.026 - Thread-3-Erro-8
  Exceção: java.lang.RuntimeException: Erro da thread 3, iteração 8
java.lang.RuntimeException: Erro da thread 3, iteração 8
	at testes.ErrorLoggerTest.lambda$testeThreadSafety$20(ErrorLoggerTest.java:204)
	at java.base/java.lang.Thread.run(Thread.java:1575)

[ERRO] 2026-01-09 18:51:46.026 - Thread-15-Erro-7
  Exceção: java.lang.RuntimeException: Erro da thread 15, iteração 7
java.lang.RuntimeException: Erro da thread 15, iteração 7
	at testes.ErrorLoggerTest.lambda$testeThreadSafety$20(ErrorLoggerTest.java:204)
	at java.base/java.lang.Thread.run(Thread.java:1575)

[ERRO] 2026-01-09 18:51:46.027 - Thread-0-Erro-8
  Exceção: java.lang.RuntimeException: Erro da thread 0, iteração 8
java.lang.RuntimeException: Erro da thread 0, iteração 8
	at testes.ErrorLoggerTest.lambda$testeThreadSafety$20(ErrorLoggerTest.java:204)
	at java.base/java.lang.Thread.run(Thread.java:1575)

[ERRO] 2026-01-09 18:51:46.027 - Thread-0-Erro-9
  Exceção: java.lang.RuntimeException: Erro da thread 0, iteração 9
java.lang.RuntimeException: Erro da thread 0, iteração 9
	at testes.ErrorLoggerTest.lambda$testeThreadSafety$20(ErrorLoggerTest.java:204)
	at java.base/java.lang.Thread.run(Thread.java:1575)

[ERRO] 2026-01-09 18:51:46.027 - Thread-6-Erro-7
  Exceção: java.lang.RuntimeException: Erro da thread 6, iteração 7
java.lang.RuntimeException: Erro da thread 6, iteração 7
	at testes.ErrorLoggerTest.lambda$testeThreadSafety$20(ErrorLoggerTest.java:204)
	at java.base/java.lang.Thread.run(Thread.java:1575)

[ERRO] 2026-01-09 18:51:46.027 - Thread-6-Erro-8
  Exceção: java.lang.RuntimeException: Erro da thread 6, iteração 8
java.lang.RuntimeException: Erro da thread 6, iteração 8
	at testes.ErrorLoggerTest.lambda$testeThreadSafety$20(ErrorLoggerTest.java:204)
	at java.base/java.lang.Thread.run(Thread.java:1575)

[ERRO] 2026-01-09 18:51:46.027 - Thread-6-Erro-9
  Exceção: java.lang.RuntimeException: Erro da thread 6, iteração 9
java.lang.RuntimeException: Erro da thread 6, iteração 9
	at testes.ErrorLoggerTest.lambda$testeThreadSafety$20(ErrorLoggerTest.java:204)
	at java.base/java.lang.Thread.run(Thread.java:1575)

[ERRO] 2026-01-09 18:51:46.027 - Thread-5-Erro-8
  Exceção: java.lang.RuntimeException: Erro da thread 5, iteração 8
java.lang.RuntimeException: Erro da thread 5, iteração 8
	at testes.ErrorLoggerTest.lambda$testeThreadSafety$20(ErrorLoggerTest.java:204)
	at java.base/java.lang.Thread.run(Thread.java:1575)

[ERRO] 2026-01-09 18:51:46.027 - Thread-13-Erro-8
  Exceção: java.lang.RuntimeException: Erro da thread 13, iteração 8
java.lang.RuntimeException: Erro da thread 13, iteração 8
	at testes.ErrorLoggerTest.lambda$testeThreadSafety$20(ErrorLoggerTest.java:204)
	at java.base/java.lang.Thread.run(Thread.java:1575)

[ERRO] 2026-01-09 18:51:46.027 - Thread-13-Erro-9
  Exceção: java.lang.RuntimeException: Erro da thread 13, iteração 9
java.lang.RuntimeException: Erro da thread 13, iteração 9
	at testes.ErrorLoggerTest.lambda$testeThreadSafety$20(ErrorLoggerTest.java:204)
	at java.base/java.lang.Thread.run(Thread.java:1575)

[ERRO] 2026-01-09 18:51:46.027 - Thread-3-Erro-9
  Exceção: java.lang.RuntimeException: Erro da thread 3, iteração 9
java.lang.RuntimeException: Erro da thread 3, iteração 9
	at testes.ErrorLoggerTest.lambda$testeThreadSafety$20(ErrorLoggerTest.java:204)
	at java.base/java.lang.Thread.run(Thread.java:1575)

[ERRO] 2026-01-09 18:51:46.027 - Thread-15-Erro-8
  Exceção: java.lang.RuntimeException: Erro da thread 15, iteração 8
java.lang.RuntimeException: Erro da thread 15, iteração 8
	at testes.ErrorLoggerTest.lambda$testeThreadSafety$20(ErrorLoggerTest.java:204)
	at java.base/java.lang.Thread.run(Thread.java:1575)

[ERRO] 2026-01-09 18:51:46.027 - Thread-15-Erro-9
  Exceção: java.lang.RuntimeException: Erro da thread 15, iteração 9
java.lang.RuntimeException: Erro da thread 15, iteração 9
	at testes.ErrorLoggerTest.lambda$testeThreadSafety$20(ErrorLoggerTest.java:204)
	at java.base/java.lang.Thread.run(Thread.java:1575)

[ERRO] 2026-01-09 18:51:46.027 - Thread-5-Erro-9
  Exceção: java.lang.RuntimeException: Erro da thread 5, iteração 9
java.lang.RuntimeException: Erro da thread 5, iteração 9
	at testes.ErrorLoggerTest.lambda$testeThreadSafety$20(ErrorLoggerTest.java:204)
	at java.base/java.lang.Thread.run(Thread.java:1575)

[ERRO] 2026-01-09 18:51:46.531 - Setup-0
  Exceção: java.lang.RuntimeException: Erro 0
java.lang.RuntimeException: Erro 0
	at testes.ErrorLoggerTest.testeThreadSafetyLeituras(ErrorLoggerTest.java:244)
	at java.base/jdk.internal.reflect.DirectMethodHandleAccessor.invoke(DirectMethodHandleAccessor.java:103)
	at java.base/java.lang.reflect.Method.invoke(Method.java:580)
	at org.junit.platform.commons.util.ReflectionUtils.invokeMethod(ReflectionUtils.java:728)
	at org.junit.jupiter.engine.execution.MethodInvocation.proceed(MethodInvocation.java:60)
	at org.junit.jupiter.engine.execution.InvocationInterceptorChain$ValidatingInvocation.proceed(InvocationInterceptorChain.java:131)
	at org.junit.jupiter.engine.extension.SameThreadTimeoutInvocation.proceed(SameThreadTimeoutInvocation.java:45)
	at org.junit.jupiter.engine.extension.TimeoutExtension.intercept(TimeoutExtension.java:156)
	at org.junit.jupiter.engine.extension.TimeoutExtension.interceptTestableMethod(TimeoutExtension.java:147)
	at org.junit.jupiter.engine.extension.TimeoutExtension.interceptTestMethod(TimeoutExtension.java:86)
	at org.junit.jupiter.engine.execution.InterceptingExecutableInvoker$ReflectiveInterceptorCall.lambda$ofVoidMethod$0(InterceptingExecutableInvoker.java:103)
	at org.junit.jupiter.engine.execution.InterceptingExecutableInvoker.lambda$invoke$0(InterceptingExecutableInvoker.java:93)
	at org.junit.jupiter.engine.execution.InvocationInterceptorChain$InterceptedInvocation.proceed(InvocationInterceptorChain.java:106)
	at org.junit.jupiter.engine.execution.InvocationInterceptorChain.proceed(InvocationInterceptorChain.java:64)
	at org.junit.jupiter.engine.execution.InvocationInterceptorChain.chainAndInvoke(InvocationInterceptorChain.java:45)
	at org.junit.jupiter.engine.execution.InvocationInterceptorChain.invoke(InvocationInterceptorChain.java:37)
	at org.junit.jupiter.engine.execution.InterceptingExecutableInvoker.invoke(InterceptingExecutableInvoker.java:92)
	at org.junit.jupiter.engine.execution.InterceptingExecutableInvoker.invoke(InterceptingExecutableInvoker.java:86)
	at org.junit.jupiter.engine.descriptor.TestMethodTestDescriptor.lambda$invokeTestMethod$7(TestMethodTestDescriptor.java:218)
	at org.junit.platform.engine.support.hierarchical.ThrowableCollector.execute(ThrowableCollector.java:73)
	at org.junit.jupiter.engine.descriptor.TestMethodTestDescriptor.invokeTestMethod(TestMethodTestDescriptor.java:214)
	at org.junit.jupiter.engine.descriptor.TestMethodTestDescriptor.execute(TestMethodTestDescriptor.java:139)
	at org.junit.jupiter.engine.descriptor.TestMethodTestDescriptor.execute(TestMethodTestDescriptor.java:69)
	at org.junit.platform.engine.support.hierarchical.NodeTestTask.lambda$executeRecursively$6(NodeTestTask.java:151)
	at org.junit.platform.engine.support.hierarchical.ThrowableCollector.execute(ThrowableCollector.java:73)
	at org.junit.platform.engine.support.hierarchical.NodeTestTask.lambda$executeRecursively$8(NodeTestTask.java:141)
	at org.junit.platform.engine.support.hierarchical.Node.around(Node.java:137)
	at org.junit.platform.engine.support.hierarchical.NodeTestTask.lambda$executeRecursively$9(NodeTestTask.java:139)
	at org.junit.platform.engine.support.hierarchical.ThrowableCollector.execute(ThrowableCollector.java:73)
	at org.junit.platform.engine.support.hierarchical.NodeTestTask.executeRecursively(NodeTestTask.java:138)
	at org.junit.platform.engine.support.hierarchical.NodeTestTask.execute(NodeTestTask.java:95)
	at java.base/java.util.ArrayList.forEach(ArrayList.java:1597)
	at org.junit.platform.engine.support.hierarchical.SameThreadHierarchicalTestExecutorService.invokeAll(SameThreadHierarchicalTestExecutorService.java:41)
	at org.junit.platform.engine.support.hierarchical.NodeTestTask.lambda$executeRecursively$6(NodeTestTask.java:155)
	at org.junit.platform.engine.support.hierarchical.ThrowableCollector.execute(ThrowableCollector.java:73)
	at org.junit.platform.engine.support.hierarchical.NodeTestTask.lambda$executeRecursively$8(NodeTestTask.java:141)
	at org.junit.platform.engine.support.hierarchical.Node.around(Node.java:137)
	at org.junit.platform.engine.support.hierarchical.NodeTestTask.lambda$executeRecursively$9(NodeTestTask.java:139)
	at org.junit.platform.engine.support.hierarchical.ThrowableCollector.execute(ThrowableCollector.java:73)
	at org.junit.platform.engine.support.hierarchical.NodeTestTask.executeRecursively(NodeTestTask.java:138)
	at org.junit.platform.engine.support.hierarchical.NodeTestTask.execute(NodeTestTask.java:95)
	at java.base/java.util.ArrayList.forEach(ArrayList.java:1597)
	at org.junit.platform.engine.support.hierarchical.SameThreadHierarchicalTestExecutorService.invokeAll(SameThreadHierarchicalTestExecutorService.java:41)
	at org.junit.platform.engine.support.hierarchical.NodeTestTask.lambda$executeRecursively$6(NodeTestTask.java:155)
	at org.junit.platform.engine.support.hierarchical.ThrowableCollector.execute(ThrowableCollector.java:73)
	at org.junit.platform.engine.support.hierarchical.NodeTestTask.lambda$executeRecursively$8(NodeTestTask.java:141)
	at org.junit.platform.engine.support.hierarchical.Node.around(Node.java:137)
	at org.junit.platform.engine.support.hierarchical.NodeTestTask.lambda$executeRecursively$9(NodeTestTask.java:139)
	at org.junit.platform.engine.support.hierarchical.ThrowableCollector.execute(ThrowableCollector.java:73)
	at org.junit.platform.engine.support.hierarchical.NodeTestTask.executeRecursively(NodeTestTask.java:138)
	at org.junit.platform.engine.support.hierarchical.NodeTestTask.execute(NodeTestTask.java:95)
	at org.junit.platform.engine.support.hierarchical.SameThreadHierarchicalTestExecutorService.submit(SameThreadHierarchicalTestExecutorService.java:35)
	at org.junit.platform.engine.support.hierarchical.HierarchicalTestExecutor.execute(HierarchicalTestExecutor.java:57)
	at org.junit.platform.engine.support.hierarchical.HierarchicalTestEngine.execute(HierarchicalTestEngine.java:54)
	at org.junit.platform.launcher.core.EngineExecutionOrchestrator.execute(EngineExecutionOrchestrator.java:198)
	at org.junit.platform.launcher.core.EngineExecutionOrchestrator.execute(EngineExecutionOrchestrator.java:169)
	at org.junit.platform.launcher.core.EngineExecutionOrchestrator.execute(EngineExecutionOrchestrator.java:93)
	at org.junit.platform.launcher.core.EngineExecutionOrchestrator.lambda$execute$0(EngineExecutionOrchestrator.java:58)
	at org.junit.platform.launcher.core.EngineExecutionOrchestrator.withInterceptedStreams(EngineExecutionOrchestrator.java:141)
	at org.junit.platform.launcher.core.EngineExecutionOrchestrator.execute(EngineExecutionOrchestrator.java:57)
	at org.junit.platform.launcher.core.DefaultLauncher.execute(DefaultLauncher.java:103)
	at org.junit.platform.launcher.core.DefaultLauncher.execute(DefaultLauncher.java:85)
	at org.junit.platform.launcher.core.DelegatingLauncher.execute(DelegatingLauncher.java:47)
	at org.apache.maven.surefire.junitplatform.LazyLauncher.execute(LazyLauncher.java:56)
	at org.apache.maven.surefire.junitplatform.JUnitPlatformProvider.execute(JUnitPlatformProvider.java:184)
	at org.apache.maven.surefire.junitplatform.JUnitPlatformProvider.invokeAllTests(JUnitPlatformProvider.java:148)
	at org.apache.maven.surefire.junitplatform.JUnitPlatformProvider.invoke(JUnitPlatformProvider.java:122)
	at org.apache.maven.surefire.booter.ForkedBooter.runSuitesInProcess(ForkedBooter.java:385)
	at org.apache.maven.surefire.booter.ForkedBooter.execute(ForkedBooter.java:162)
	at org.apache.maven.surefire.booter.ForkedBooter.run(ForkedBooter.java:507)
	at org.apache.maven.surefire.booter.ForkedBooter.main(ForkedBooter.java:495)

[ERRO] 2026-01-09 18:51:46.532 - Setup-1
  Exceção: java.lang.RuntimeException: Erro 1
java.lang.RuntimeException: Erro 1
	at testes.ErrorLoggerTest.testeThreadSafetyLeituras(ErrorLoggerTest.java:244)
	at java.base/jdk.internal.reflect.DirectMethodHandleAccessor.invoke(DirectMethodHandleAccessor.java:103)
	at java.base/java.lang.reflect.Method.invoke(Method.java:580)
	at org.junit.platform.commons.util.ReflectionUtils.invokeMethod(ReflectionUtils.java:728)
	at org.junit.jupiter.engine.execution.MethodInvocation.proceed(MethodInvocation.java:60)
	at org.junit.jupiter.engine.execution.InvocationInterceptorChain$ValidatingInvocation.proceed(InvocationInterceptorChain.java:131)
	at org.junit.jupiter.engine.extension.SameThreadTimeoutInvocation.proceed(SameThreadTimeoutInvocation.java:45)
	at org.junit.jupiter.engine.extension.TimeoutExtension.intercept(TimeoutExtension.java:156)
	at org.junit.jupiter.engine.extension.TimeoutExtension.interceptTestableMethod(TimeoutExtension.java:147)
	at org.junit.jupiter.engine.extension.TimeoutExtension.interceptTestMethod(TimeoutExtension.java:86)
	at org.junit.jupiter.engine.execution.InterceptingExecutableInvoker$ReflectiveInterceptorCall.lambda$ofVoidMethod$0(InterceptingExecutableInvoker.java:103)
	at org.junit.jupiter.engine.execution.InterceptingExecutableInvoker.lambda$invoke$0(InterceptingExecutableInvoker.java:93)
	at org.junit.jupiter.engine.execution.InvocationInterceptorChain$InterceptedInvocation.proceed(InvocationInterceptorChain.java:106)
	at org.junit.jupiter.engine.execution.InvocationInterceptorChain.proceed(InvocationInterceptorChain.java:64)
	at org.junit.jupiter.engine.execution.InvocationInterceptorChain.chainAndInvoke(InvocationInterceptorChain.java:45)
	at org.junit.jupiter.engine.execution.InvocationInterceptorChain.invoke(InvocationInterceptorChain.java:37)
	at org.junit.jupiter.engine.execution.InterceptingExecutableInvoker.invoke(InterceptingExecutableInvoker.java:92)
	at org.junit.jupiter.engine.execution.InterceptingExecutableInvoker.invoke(InterceptingExecutableInvoker.java:86)
	at org.junit.jupiter.engine.descriptor.TestMethodTestDescriptor.lambda$invokeTestMethod$7(TestMethodTestDescriptor.java:218)
	at org.junit.platform.engine.support.hierarchical.ThrowableCollector.execute(ThrowableCollector.java:73)
	at org.junit.jupiter.engine.descriptor.TestMethodTestDescriptor.invokeTestMethod(TestMethodTestDescriptor.java:214)
	at org.junit.jupiter.engine.descriptor.TestMethodTestDescriptor.execute(TestMethodTestDescriptor.java:139)
	at org.junit.jupiter.engine.descriptor.TestMethodTestDescriptor.execute(TestMethodTestDescriptor.java:69)
	at org.junit.platform.engine.support.hierarchical.NodeTestTask.lambda$executeRecursively$6(NodeTestTask.java:151)
	at org.junit.platform.engine.support.hierarchical.ThrowableCollector.execute(ThrowableCollector.java:73)
	at org.junit.platform.engine.support.hierarchical.NodeTestTask.lambda$executeRecursively$8(NodeTestTask.java:141)
	at org.junit.platform.engine.support.hierarchical.Node.around(Node.java:137)
	at org.junit.platform.engine.support.hierarchical.NodeTestTask.lambda$executeRecursively$9(NodeTestTask.java:139)
	at org.junit.platform.engine.support.hierarchical.ThrowableCollector.execute(ThrowableCollector.java:73)
	at org.junit.platform.engine.support.hierarchical.NodeTestTask.executeRecursively(NodeTestTask.java:138)
	at org.junit.platform.engine.support.hierarchical.NodeTestTask.execute(NodeTestTask.java:95)
	at java.base/java.util.ArrayList.forEach(ArrayList.java:1597)
	at org.junit.platform.engine.support.hierarchical.SameThreadHierarchicalTestExecutorService.invokeAll(SameThreadHierarchicalTestExecutorService.java:41)
	at org.junit.platform.engine.support.hierarchical.NodeTestTask.lambda$executeRecursively$6(NodeTestTask.java:155)
	at org.junit.platform.engine.support.hierarchical.ThrowableCollector.execute(ThrowableCollector.java:73)
	at org.junit.platform.engine.support.hierarchical.NodeTestTask.lambda$executeRecursively$8(NodeTestTask.java:141)
	at org.junit.platform.engine.support.hierarchical.Node.around(Node.java:137)
	at org.junit.platform.engine.support.hierarchical.NodeTestTask.lambda$executeRecursively$9(NodeTestTask.java:139)
	at org.junit.platform.engine.support.hierarchical.ThrowableCollector.execute(ThrowableCollector.java:73)
	at org.junit.platform.engine.support.hierarchical.NodeTestTask.executeRecursively(NodeTestTask.java:138)
	at org.junit.platform.engine.support.hierarchical.NodeTestTask.execute(NodeTestTask.java:95)
	at java.base/java.util.ArrayList.forEach(ArrayList.java:1597)
	at org.junit.platform.engine.support.hierarchical.SameThreadHierarchicalTestExecutorService.invokeAll(SameThreadHierarchicalTestExecutorService.java:41)
	at org.junit.platform.engine.support.hierarchical.NodeTestTask.lambda$executeRecursively$6(NodeTestTask.java:155)
	at org.junit.platform.engine.support.hierarchical.ThrowableCollector.execute(ThrowableCollector.java:73)
	at org.junit.platform.engine.support.hierarchical.NodeTestTask.lambda$executeRecursively$8(NodeTestTask.java:141)
	at org.junit.platform.engine.support.hierarchical.Node.around(Node.java:137)
	at org.junit.platform.engine.support.hierarchical.NodeTestTask.lambda$executeRecursively$9(NodeTestTask.java:139)
	at org.junit.platform.engine.support.hierarchical.ThrowableCollector.execute(ThrowableCollector.java:73)
	at org.junit.platform.engine.support.hierarchical.NodeTestTask.executeRecursively(NodeTestTask.java:138)
	at org.junit.platform.engine.support.hierarchical.NodeTestTask.execute(NodeTestTask.java:95)
	at org.junit.platform.engine.support.hierarchical.SameThreadHierarchicalTestExecutorService.submit(SameThreadHierarchicalTestExecutorService.java:35)
	at org.junit.platform.engine.support.hierarchical.HierarchicalTestExecutor.execute(HierarchicalTestExecutor.java:57)
	at org.junit.platform.engine.support.hierarchical.HierarchicalTestEngine.execute(HierarchicalTestEngine.java:54)
	at org.junit.platform.launcher.core.EngineExecutionOrchestrator.execute(EngineExecutionOrchestrator.java:198)
	at org.junit.platform.launcher.core.EngineExecutionOrchestrator.execute(EngineExecutionOrchestrator.java:169)
	at org.junit.platform.launcher.core.EngineExecutionOrchestrator.execute(EngineExecutionOrchestrator.java:93)
	at org.junit.platform.launcher.core.EngineExecutionOrchestrator.lambda$execute$0(EngineExecutionOrchestrator.java:58)
	at org.junit.platform.launcher.core.EngineExecutionOrchestrator.withInterceptedStreams(EngineExecutionOrchestrator.java:141)
	at org.junit.platform.launcher.core.EngineExecutionOrchestrator.execute(EngineExecutionOrchestrator.java:57)
	at org.junit.platform.launcher.core.DefaultLauncher.execute(DefaultLauncher.java:103)
	at org.junit.platform.launcher.core.DefaultLauncher.execute(DefaultLauncher.java:85)
	at org.junit.platform.launcher.core.DelegatingLauncher.execute(DelegatingLauncher.java:47)
	at org.apache.maven.surefire.junitplatform.LazyLauncher.execute(LazyLauncher.java:56)
	at org.apache.maven.surefire.junitplatform.JUnitPlatformProvider.execute(JUnitPlatformProvider.java:184)
	at org.apache.maven.surefire.junitplatform.JUnitPlatformProvider.invokeAllTests(JUnitPlatformProvider.java:148)
	at org.apache.maven.surefire.junitplatform.JUnitPlatformProvider.invoke(JUnitPlatformProvider.java:122)
	at org.apache.maven.surefire.booter.ForkedBooter.runSuitesInProcess(ForkedBooter.java:385)
	at org.apache.maven.surefire.booter.ForkedBooter.execute(ForkedBooter.java:162)
	at org.apache.maven.surefire.booter.ForkedBooter.run(ForkedBooter.java:507)
	at org.apache.maven.surefire.booter.ForkedBooter.main(ForkedBooter.java:495)

[ERRO] 2026-01-09 18:51:46.532 - Setup-2
  Exceção: java.lang.RuntimeException: Erro 2
java.lang.RuntimeException: Erro 2
	at testes.ErrorLoggerTest.testeThreadSafetyLeituras(ErrorLoggerTest.java:244)
	at java.base/jdk.internal.reflect.DirectMethodHandleAccessor.invoke(DirectMethodHandleAccessor.java:103)
	at java.base/java.lang.reflect.Method.invoke(Method.java:580)
	at org.junit.platform.commons.util.ReflectionUtils.invokeMethod(ReflectionUtils.java:728)
	at org.junit.jupiter.engine.execution.MethodInvocation.proceed(MethodInvocation.java:60)
	at org.junit.jupiter.engine.execution.InvocationInterceptorChain$ValidatingInvocation.proceed(InvocationInterceptorChain.java:131)
	at org.junit.jupiter.engine.extension.SameThreadTimeoutInvocation.proceed(SameThreadTimeoutInvocation.java:45)
	at org.junit.jupiter.engine.extension.TimeoutExtension.intercept(TimeoutExtension.java:156)
	at org.junit.jupiter.engine.extension.TimeoutExtension.interceptTestableMethod(TimeoutExtension.java:147)
	at org.junit.jupiter.engine.extension.TimeoutExtension.interceptTestMethod(TimeoutExtension.java:86)
	at org.junit.jupiter.engine.execution.InterceptingExecutableInvoker$ReflectiveInterceptorCall.lambda$ofVoidMethod$0(InterceptingExecutableInvoker.java:103)
	at org.junit.jupiter.engine.execution.InterceptingExecutableInvoker.lambda$invoke$0(InterceptingExecutableInvoker.java:93)
	at org.junit.jupiter.engine.execution.InvocationInterceptorChain$InterceptedInvocation.proceed(InvocationInterceptorChain.java:106)
	at org.junit.jupiter.engine.execution.InvocationInterceptorChain.proceed(InvocationInterceptorChain.java:64)
	at org.junit.jupiter.engine.execution.InvocationInterceptorChain.chainAndInvoke(InvocationInterceptorChain.java:45)
	at org.junit.jupiter.engine.execution.InvocationInterceptorChain.invoke(InvocationInterceptorChain.java:37)
	at org.junit.jupiter.engine.execution.InterceptingExecutableInvoker.invoke(InterceptingExecutableInvoker.java:92)
	at org.junit.jupiter.engine.execution.InterceptingExecutableInvoker.invoke(InterceptingExecutableInvoker.java:86)
	at org.junit.jupiter.engine.descriptor.TestMethodTestDescriptor.lambda$invokeTestMethod$7(TestMethodTestDescriptor.java:218)
	at org.junit.platform.engine.support.hierarchical.ThrowableCollector.execute(ThrowableCollector.java:73)
	at org.junit.jupiter.engine.descriptor.TestMethodTestDescriptor.invokeTestMethod(TestMethodTestDescriptor.java:214)
	at org.junit.jupiter.engine.descriptor.TestMethodTestDescriptor.execute(TestMethodTestDescriptor.java:139)
	at org.junit.jupiter.engine.descriptor.TestMethodTestDescriptor.execute(TestMethodTestDescriptor.java:69)
	at org.junit.platform.engine.support.hierarchical.NodeTestTask.lambda$executeRecursively$6(NodeTestTask.java:151)
	at org.junit.platform.engine.support.hierarchical.ThrowableCollector.execute(ThrowableCollector.java:73)
	at org.junit.platform.engine.support.hierarchical.NodeTestTask.lambda$executeRecursively$8(NodeTestTask.java:141)
	at org.junit.platform.engine.support.hierarchical.Node.around(Node.java:137)
	at org.junit.platform.engine.support.hierarchical.NodeTestTask.lambda$executeRecursively$9(NodeTestTask.java:139)
	at org.junit.platform.engine.support.hierarchical.ThrowableCollector.execute(ThrowableCollector.java:73)
	at org.junit.platform.engine.support.hierarchical.NodeTestTask.executeRecursively(NodeTestTask.java:138)
	at org.junit.platform.engine.support.hierarchical.NodeTestTask.execute(NodeTestTask.java:95)
	at java.base/java.util.ArrayList.forEach(ArrayList.java:1597)
	at org.junit.platform.engine.support.hierarchical.SameThreadHierarchicalTestExecutorService.invokeAll(SameThreadHierarchicalTestExecutorService.java:41)
	at org.junit.platform.engine.support.hierarchical.NodeTestTask.lambda$executeRecursively$6(NodeTestTask.java:155)
	at org.junit.platform.engine.support.hierarchical.ThrowableCollector.execute(ThrowableCollector.java:73)
	at org.junit.platform.engine.support.hierarchical.NodeTestTask.lambda$executeRecursively$8(NodeTestTask.java:141)
	at org.junit.platform.engine.support.hierarchical.Node.around(Node.java:137)
	at org.junit.platform.engine.support.hierarchical.NodeTestTask.lambda$executeRecursively$9(NodeTestTask.java:139)
	at org.junit.platform.engine.support.hierarchical.ThrowableCollector.execute(ThrowableCollector.java:73)
	at org.junit.platform.engine.support.hierarchical.NodeTestTask.executeRecursively(NodeTestTask.java:138)
	at org.junit.platform.engine.support.hierarchical.NodeTestTask.execute(NodeTestTask.java:95)
	at java.base/java.util.ArrayList.forEach(ArrayList.java:1597)
	at org.junit.platform.engine.support.hierarchical.SameThreadHierarchicalTestExecutorService.invokeAll(SameThreadHierarchicalTestExecutorService.java:41)
	at org.junit.platform.engine.support.hierarchical.NodeTestTask.lambda$executeRecursively$6(NodeTestTask.java:155)
	at org.junit.platform.engine.support.hierarchical.ThrowableCollector.execute(ThrowableCollector.java:73)
	at org.junit.platform.engine.support.hierarchical.NodeTestTask.lambda$executeRecursively$8(NodeTestTask.java:141)
	at org.junit.platform.engine.support.hierarchical.Node.around(Node.java:137)
	at org.junit.platform.engine.support.hierarchical.NodeTestTask.lambda$executeRecursively$9(NodeTestTask.java:139)
	at org.junit.platform.engine.support.hierarchical.ThrowableCollector.execute(ThrowableCollector.java:73)
	at org.junit.platform.engine.support.hierarchical.NodeTestTask.executeRecursively(NodeTestTask.java:138)
	at org.junit.platform.engine.support.hierarchical.NodeTestTask.execute(NodeTestTask.java:95)
	at org.junit.platform.engine.support.hierarchical.SameThreadHierarchicalTestExecutorService.submit(SameThreadHierarchicalTestExecutorService.java:35)
	at org.junit.platform.engine.support.hierarchical.HierarchicalTestExecutor.execute(HierarchicalTestExecutor.java:57)
	at org.junit.platform.engine.support.hierarchical.HierarchicalTestEngine.execute(HierarchicalTestEngine.java:54)
	at org.junit.platform.launcher.core.EngineExecutionOrchestrator.execute(EngineExecutionOrchestrator.java:198)
	at org.junit.platform.launcher.core.EngineExecutionOrchestrator.execute(EngineExecutionOrchestrator.java:169)
	at org.junit.platform.launcher.core.EngineExecutionOrchestrator.execute(EngineExecutionOrchestrator.java:93)
	at org.junit.platform.launcher.core.EngineExecutionOrchestrator.lambda$execute$0(EngineExecutionOrchestrator.java:58)
	at org.junit.platform.launcher.core.EngineExecutionOrchestrator.withInterceptedStreams(EngineExecutionOrchestrator.java:141)
	at org.junit.platform.launcher.core.EngineExecutionOrchestrator.execute(EngineExecutionOrchestrator.java:57)
	at org.junit.platform.launcher.core.DefaultLauncher.execute(DefaultLauncher.java:103)
	at org.junit.platform.launcher.core.DefaultLauncher.execute(DefaultLauncher.java:85)
	at org.junit.platform.launcher.core.DelegatingLauncher.execute(DelegatingLauncher.java:47)
	at org.apache.maven.surefire.junitplatform.LazyLauncher.execute(LazyLauncher.java:56)
	at org.apache.maven.surefire.junitplatform.JUnitPlatformProvider.execute(JUnitPlatformProvider.java:184)
	at org.apache.maven.surefire.junitplatform.JUnitPlatformProvider.invokeAllTests(JUnitPlatformProvider.java:148)
	at org.apache.maven.surefire.junitplatform.JUnitPlatformProvider.invoke(JUnitPlatformProvider.java:122)
	at org.apache.maven.surefire.booter.ForkedBooter.runSuitesInProcess(ForkedBooter.java:385)
	at org.apache.maven.surefire.booter.ForkedBooter.execute(ForkedBooter.java:162)
	at org.apache.maven.surefire.booter.ForkedBooter.run(ForkedBooter.java:507)
	at org.apache.maven.surefire.booter.ForkedBooter.main(ForkedBooter.java:495)

[ERRO] 2026-01-09 18:51:46.533 - Setup-3
  Exceção: java.lang.RuntimeException: Erro 3
java.lang.RuntimeException: Erro 3
	at testes.ErrorLoggerTest.testeThreadSafetyLeituras(ErrorLoggerTest.java:244)
	at java.base/jdk.internal.reflect.DirectMethodHandleAccessor.invoke(DirectMethodHandleAccessor.java:103)
	at java.base/java.lang.reflect.Method.invoke(Method.java:580)
	at org.junit.platform.commons.util.ReflectionUtils.invokeMethod(ReflectionUtils.java:728)
	at org.junit.jupiter.engine.execution.MethodInvocation.proceed(MethodInvocation.java:60)
	at org.junit.jupiter.engine.execution.InvocationInterceptorChain$ValidatingInvocation.proceed(InvocationInterceptorChain.java:131)
	at org.junit.jupiter.engine.extension.SameThreadTimeoutInvocation.proceed(SameThreadTimeoutInvocation.java:45)
	at org.junit.jupiter.engine.extension.TimeoutExtension.intercept(TimeoutExtension.java:156)
	at org.junit.jupiter.engine.extension.TimeoutExtension.interceptTestableMethod(TimeoutExtension.java:147)
	at org.junit.jupiter.engine.extension.TimeoutExtension.interceptTestMethod(TimeoutExtension.java:86)
	at org.junit.jupiter.engine.execution.InterceptingExecutableInvoker$ReflectiveInterceptorCall.lambda$ofVoidMethod$0(InterceptingExecutableInvoker.java:103)
	at org.junit.jupiter.engine.execution.InterceptingExecutableInvoker.lambda$invoke$0(InterceptingExecutableInvoker.java:93)
	at org.junit.jupiter.engine.execution.InvocationInterceptorChain$InterceptedInvocation.proceed(InvocationInterceptorChain.java:106)
	at org.junit.jupiter.engine.execution.InvocationInterceptorChain.proceed(InvocationInterceptorChain.java:64)
	at org.junit.jupiter.engine.execution.InvocationInterceptorChain.chainAndInvoke(InvocationInterceptorChain.java:45)
	at org.junit.jupiter.engine.execution.InvocationInterceptorChain.invoke(InvocationInterceptorChain.java:37)
	at org.junit.jupiter.engine.execution.InterceptingExecutableInvoker.invoke(InterceptingExecutableInvoker.java:92)
	at org.junit.jupiter.engine.execution.InterceptingExecutableInvoker.invoke(InterceptingExecutableInvoker.java:86)
	at org.junit.jupiter.engine.descriptor.TestMethodTestDescriptor.lambda$invokeTestMethod$7(TestMethodTestDescriptor.java:218)
	at org.junit.platform.engine.support.hierarchical.ThrowableCollector.execute(ThrowableCollector.java:73)
	at org.junit.jupiter.engine.descriptor.TestMethodTestDescriptor.invokeTestMethod(TestMethodTestDescriptor.java:214)
	at org.junit.jupiter.engine.descriptor.TestMethodTestDescriptor.execute(TestMethodTestDescriptor.java:139)
	at org.junit.jupiter.engine.descriptor.TestMethodTestDescriptor.execute(TestMethodTestDescriptor.java:69)
	at org.junit.platform.engine.support.hierarchical.NodeTestTask.lambda$executeRecursively$6(NodeTestTask.java:151)
	at org.junit.platform.engine.support.hierarchical.ThrowableCollector.execute(ThrowableCollector.java:73)
	at org.junit.platform.engine.support.hierarchical.NodeTestTask.lambda$executeRecursively$8(NodeTestTask.java:141)
	at org.junit.platform.engine.support.hierarchical.Node.around(Node.java:137)
	at org.junit.platform.engine.support.hierarchical.NodeTestTask.lambda$executeRecursively$9(NodeTestTask.java:139)
	at org.junit.platform.engine.support.hierarchical.ThrowableCollector.execute(ThrowableCollector.java:73)
	at org.junit.platform.engine.support.hierarchical.NodeTestTask.executeRecursively(NodeTestTask.java:138)
	at org.junit.platform.engine.support.hierarchical.NodeTestTask.execute(NodeTestTask.java:95)
	at java.base/java.util.ArrayList.forEach(ArrayList.java:1597)
	at org.junit.platform.engine.support.hierarchical.SameThreadHierarchicalTestExecutorService.invokeAll(SameThreadHierarchicalTestExecutorService.java:41)
	at org.junit.platform.engine.support.hierarchical.NodeTestTask.lambda$executeRecursively$6(NodeTestTask.java:155)
	at org.junit.platform.engine.support.hierarchical.ThrowableCollector.execute(ThrowableCollector.java:73)
	at org.junit.platform.engine.support.hierarchical.NodeTestTask.lambda$executeRecursively$8(NodeTestTask.java:141)
	at org.junit.platform.engine.support.hierarchical.Node.around(Node.java:137)
	at org.junit.platform.engine.support.hierarchical.NodeTestTask.lambda$executeRecursively$9(NodeTestTask.java:139)
	at org.junit.platform.engine.support.hierarchical.ThrowableCollector.execute(ThrowableCollector.java:73)
	at org.junit.platform.engine.support.hierarchical.NodeTestTask.executeRecursively(NodeTestTask.java:138)
	at org.junit.platform.engine.support.hierarchical.NodeTestTask.execute(NodeTestTask.java:95)
	at java.base/java.util.ArrayList.forEach(ArrayList.java:1597)
	at org.junit.platform.engine.support.hierarchical.SameThreadHierarchicalTestExecutorService.invokeAll(SameThreadHierarchicalTestExecutorService.java:41)
	at org.junit.platform.engine.support.hierarchical.NodeTestTask.lambda$executeRecursively$6(NodeTestTask.java:155)
	at org.junit.platform.engine.support.hierarchical.ThrowableCollector.execute(ThrowableCollector.java:73)
	at org.junit.platform.engine.support.hierarchical.NodeTestTask.lambda$executeRecursively$8(NodeTestTask.java:141)
	at org.junit.platform.engine.support.hierarchical.Node.around(Node.java:137)
	at org.junit.platform.engine.support.hierarchical.NodeTestTask.lambda$executeRecursively$9(NodeTestTask.java:139)
	at org.junit.platform.engine.support.hierarchical.ThrowableCollector.execute(ThrowableCollector.java:73)
	at org.junit.platform.engine.support.hierarchical.NodeTestTask.executeRecursively(NodeTestTask.java:138)
	at org.junit.platform.engine.support.hierarchical.NodeTestTask.execute(NodeTestTask.java:95)
	at org.junit.platform.engine.support.hierarchical.SameThreadHierarchicalTestExecutorService.submit(SameThreadHierarchicalTestExecutorService.java:35)
	at org.junit.platform.engine.support.hierarchical.HierarchicalTestExecutor.execute(HierarchicalTestExecutor.java:57)
	at org.junit.platform.engine.support.hierarchical.HierarchicalTestEngine.execute(HierarchicalTestEngine.java:54)
	at org.junit.platform.launcher.core.EngineExecutionOrchestrator.execute(EngineExecutionOrchestrator.java:198)
	at org.junit.platform.launcher.core.EngineExecutionOrchestrator.execute(EngineExecutionOrchestrator.java:169)
	at org.junit.platform.launcher.core.EngineExecutionOrchestrator.execute(EngineExecutionOrchestrator.java:93)
	at org.junit.platform.launcher.core.EngineExecutionOrchestrator.lambda$execute$0(EngineExecutionOrchestrator.java:58)
	at org.junit.platform.launcher.core.EngineExecutionOrchestrator.withInterceptedStreams(EngineExecutionOrchestrator.java:141)
	at org.junit.platform.launcher.core.EngineExecutionOrchestrator.execute(EngineExecutionOrchestrator.java:57)
	at org.junit.platform.launcher.core.DefaultLauncher.execute(DefaultLauncher.java:103)
	at org.junit.platform.launcher.core.DefaultLauncher.execute(DefaultLauncher.java:85)
	at org.junit.platform.launcher.core.DelegatingLauncher.execute(DelegatingLauncher.java:47)
	at org.apache.maven.surefire.junitplatform.LazyLauncher.execute(LazyLauncher.java:56)
	at org.apache.maven.surefire.junitplatform.JUnitPlatformProvider.execute(JUnitPlatformProvider.java:184)
	at org.apache.maven.surefire.junitplatform.JUnitPlatformProvider.invokeAllTests(JUnitPlatformProvider.java:148)
	at org.apache.maven.surefire.junitplatform.JUnitPlatformProvider.invoke(JUnitPlatformProvider.java:122)
	at org.apache.maven.surefire.booter.ForkedBooter.runSuitesInProcess(ForkedBooter.java:385)
	at org.apache.maven.surefire.booter.ForkedBooter.execute(ForkedBooter.java:162)
	at org.apache.maven.surefire.booter.ForkedBooter.run(ForkedBooter.java:507)
	at org.apache.maven.surefire.booter.ForkedBooter.main(ForkedBooter.java:495)

[ERRO] 2026-01-09 18:51:46.533 - Setup-4
  Exceção: java.lang.RuntimeException: Erro 4
java.lang.RuntimeException: Erro 4
	at testes.ErrorLoggerTest.testeThreadSafetyLeituras(ErrorLoggerTest.java:244)
	at java.base/jdk.internal.reflect.DirectMethodHandleAccessor.invoke(DirectMethodHandleAccessor.java:103)
	at java.base/java.lang.reflect.Method.invoke(Method.java:580)
	at org.junit.platform.commons.util.ReflectionUtils.invokeMethod(ReflectionUtils.java:728)
	at org.junit.jupiter.engine.execution.MethodInvocation.proceed(MethodInvocation.java:60)
	at org.junit.jupiter.engine.execution.InvocationInterceptorChain$ValidatingInvocation.proceed(InvocationInterceptorChain.java:131)
	at org.junit.jupiter.engine.extension.SameThreadTimeoutInvocation.proceed(SameThreadTimeoutInvocation.java:45)
	at org.junit.jupiter.engine.extension.TimeoutExtension.intercept(TimeoutExtension.java:156)
	at org.junit.jupiter.engine.extension.TimeoutExtension.interceptTestableMethod(TimeoutExtension.java:147)
	at org.junit.jupiter.engine.extension.TimeoutExtension.interceptTestMethod(TimeoutExtension.java:86)
	at org.junit.jupiter.engine.execution.InterceptingExecutableInvoker$ReflectiveInterceptorCall.lambda$ofVoidMethod$0(InterceptingExecutableInvoker.java:103)
	at org.junit.jupiter.engine.execution.InterceptingExecutableInvoker.lambda$invoke$0(InterceptingExecutableInvoker.java:93)
	at org.junit.jupiter.engine.execution.InvocationInterceptorChain$InterceptedInvocation.proceed(InvocationInterceptorChain.java:106)
	at org.junit.jupiter.engine.execution.InvocationInterceptorChain.proceed(InvocationInterceptorChain.java:64)
	at org.junit.jupiter.engine.execution.InvocationInterceptorChain.chainAndInvoke(InvocationInterceptorChain.java:45)
	at org.junit.jupiter.engine.execution.InvocationInterceptorChain.invoke(InvocationInterceptorChain.java:37)
	at org.junit.jupiter.engine.execution.InterceptingExecutableInvoker.invoke(InterceptingExecutableInvoker.java:92)
	at org.junit.jupiter.engine.execution.InterceptingExecutableInvoker.invoke(InterceptingExecutableInvoker.java:86)
	at org.junit.jupiter.engine.descriptor.TestMethodTestDescriptor.lambda$invokeTestMethod$7(TestMethodTestDescriptor.java:218)
	at org.junit.platform.engine.support.hierarchical.ThrowableCollector.execute(ThrowableCollector.java:73)
	at org.junit.jupiter.engine.descriptor.TestMethodTestDescriptor.invokeTestMethod(TestMethodTestDescriptor.java:214)
	at org.junit.jupiter.engine.descriptor.TestMethodTestDescriptor.execute(TestMethodTestDescriptor.java:139)
	at org.junit.jupiter.engine.descriptor.TestMethodTestDescriptor.execute(TestMethodTestDescriptor.java:69)
	at org.junit.platform.engine.support.hierarchical.NodeTestTask.lambda$executeRecursively$6(NodeTestTask.java:151)
	at org.junit.platform.engine.support.hierarchical.ThrowableCollector.execute(ThrowableCollector.java:73)
	at org.junit.platform.engine.support.hierarchical.NodeTestTask.lambda$executeRecursively$8(NodeTestTask.java:141)
	at org.junit.platform.engine.support.hierarchical.Node.around(Node.java:137)
	at org.junit.platform.engine.support.hierarchical.NodeTestTask.lambda$executeRecursively$9(NodeTestTask.java:139)
	at org.junit.platform.engine.support.hierarchical.ThrowableCollector.execute(ThrowableCollector.java:73)
	at org.junit.platform.engine.support.hierarchical.NodeTestTask.executeRecursively(NodeTestTask.java:138)
	at org.junit.platform.engine.support.hierarchical.NodeTestTask.execute(NodeTestTask.java:95)
	at java.base/java.util.ArrayList.forEach(ArrayList.java:1597)
	at org.junit.platform.engine.support.hierarchical.SameThreadHierarchicalTestExecutorService.invokeAll(SameThreadHierarchicalTestExecutorService.java:41)
	at org.junit.platform.engine.support.hierarchical.NodeTestTask.lambda$executeRecursively$6(NodeTestTask.java:155)
	at org.junit.platform.engine.support.hierarchical.ThrowableCollector.execute(ThrowableCollector.java:73)
	at org.junit.platform.engine.support.hierarchical.NodeTestTask.lambda$executeRecursively$8(NodeTestTask.java:141)
	at org.junit.platform.engine.support.hierarchical.Node.around(Node.java:137)
	at org.junit.platform.engine.support.hierarchical.NodeTestTask.lambda$executeRecursively$9(NodeTestTask.java:139)
	at org.junit.platform.engine.support.hierarchical.ThrowableCollector.execute(ThrowableCollector.java:73)
	at org.junit.platform.engine.support.hierarchical.NodeTestTask.executeRecursively(NodeTestTask.java:138)
	at org.junit.platform.engine.support.hierarchical.NodeTestTask.execute(NodeTestTask.java:95)
	at java.base/java.util.ArrayList.forEach(ArrayList.java:1597)
	at org.junit.platform.engine.support.hierarchical.SameThreadHierarchicalTestExecutorService.invokeAll(SameThreadHierarchicalTestExecutorService.java:41)
	at org.junit.platform.engine.support.hierarchical.NodeTestTask.lambda$executeRecursively$6(NodeTestTask.java:155)
	at org.junit.platform.engine.support.hierarchical.ThrowableCollector.execute(ThrowableCollector.java:73)
	at org.junit.platform.engine.support.hierarchical.NodeTestTask.lambda$executeRecursively$8(NodeTestTask.java:141)
	at org.junit.platform.engine.support.hierarchical.Node.around(Node.java:137)
	at org.junit.platform.engine.support.hierarchical.NodeTestTask.lambda$executeRecursively$9(NodeTestTask.java:139)
	at org.junit.platform.engine.support.hierarchical.ThrowableCollector.execute(ThrowableCollector.java:73)
	at org.junit.platform.engine.support.hierarchical.NodeTestTask.executeRecursively(NodeTestTask.java:138)
	at org.junit.platform.engine.support.hierarchical.NodeTestTask.execute(NodeTestTask.java:95)
	at org.junit.platform.engine.support.hierarchical.SameThreadHierarchicalTestExecutorService.submit(SameThreadHierarchicalTestExecutorService.java:35)
	at org.junit.platform.engine.support.hierarchical.HierarchicalTestExecutor.execute(HierarchicalTestExecutor.java:57)
	at org.junit.platform.engine.support.hierarchical.HierarchicalTestEngine.execute(HierarchicalTestEngine.java:54)
	at org.junit.platform.launcher.core.EngineExecutionOrchestrator.execute(EngineExecutionOrchestrator.java:198)
	at org.junit.platform.launcher.core.EngineExecutionOrchestrator.execute(EngineExecutionOrchestrator.java:169)
	at org.junit.platform.launcher.core.EngineExecutionOrchestrator.execute(EngineExecutionOrchestrator.java:93)
	at org.junit.platform.launcher.core.EngineExecutionOrchestrator.lambda$execute$0(EngineExecutionOrchestrator.java:58)
	at org.junit.platform.launcher.core.EngineExecutionOrchestrator.withInterceptedStreams(EngineExecutionOrchestrator.java:141)
	at org.junit.platform.launcher.core.EngineExecutionOrchestrator.execute(EngineExecutionOrchestrator.java:57)
	at org.junit.platform.launcher.core.DefaultLauncher.execute(DefaultLauncher.java:103)
	at org.junit.platform.launcher.core.DefaultLauncher.execute(DefaultLauncher.java:85)
	at org.junit.platform.launcher.core.DelegatingLauncher.execute(DelegatingLauncher.java:47)
	at org.apache.maven.surefire.junitplatform.LazyLauncher.execute(LazyLauncher.java:56)
	at org.apache.maven.surefire.junitplatform.JUnitPlatformProvider.execute(JUnitPlatformProvider.java:184)
	at org.apache.maven.surefire.junitplatform.JUnitPlatformProvider.invokeAllTests(JUnitPlatformProvider.java:148)
	at org.apache.maven.surefire.junitplatform.JUnitPlatformProvider.invoke(JUnitPlatformProvider.java:122)
	at org.apache.maven.surefire.booter.ForkedBooter.runSuitesInProcess(ForkedBooter.java:385)
	at org.apache.maven.surefire.booter.ForkedBooter.execute(ForkedBooter.java:162)
	at org.apache.maven.surefire.booter.ForkedBooter.run(ForkedBooter.java:507)
	at org.apache.maven.surefire.booter.ForkedBooter.main(ForkedBooter.java:495)

[ERRO] 2026-01-09 18:51:46.533 - Setup-5
  Exceção: java.lang.RuntimeException: Erro 5
java.lang.RuntimeException: Erro 5
	at testes.ErrorLoggerTest.testeThreadSafetyLeituras(ErrorLoggerTest.java:244)
	at java.base/jdk.internal.reflect.DirectMethodHandleAccessor.invoke(DirectMethodHandleAccessor.java:103)
	at java.base/java.lang.reflect.Method.invoke(Method.java:580)
	at org.junit.platform.commons.util.ReflectionUtils.invokeMethod(ReflectionUtils.java:728)
	at org.junit.jupiter.engine.execution.MethodInvocation.proceed(MethodInvocation.java:60)
	at org.junit.jupiter.engine.execution.InvocationInterceptorChain$ValidatingInvocation.proceed(InvocationInterceptorChain.java:131)
	at org.junit.jupiter.engine.extension.SameThreadTimeoutInvocation.proceed(SameThreadTimeoutInvocation.java:45)
	at org.junit.jupiter.engine.extension.TimeoutExtension.intercept(TimeoutExtension.java:156)
	at org.junit.jupiter.engine.extension.TimeoutExtension.interceptTestableMethod(TimeoutExtension.java:147)
	at org.junit.jupiter.engine.extension.TimeoutExtension.interceptTestMethod(TimeoutExtension.java:86)
	at org.junit.jupiter.engine.execution.InterceptingExecutableInvoker$ReflectiveInterceptorCall.lambda$ofVoidMethod$0(InterceptingExecutableInvoker.java:103)
	at org.junit.jupiter.engine.execution.InterceptingExecutableInvoker.lambda$invoke$0(InterceptingExecutableInvoker.java:93)
	at org.junit.jupiter.engine.execution.InvocationInterceptorChain$InterceptedInvocation.proceed(InvocationInterceptorChain.java:106)
	at org.junit.jupiter.engine.execution.InvocationInterceptorChain.proceed(InvocationInterceptorChain.java:64)
	at org.junit.jupiter.engine.execution.InvocationInterceptorChain.chainAndInvoke(InvocationInterceptorChain.java:45)
	at org.junit.jupiter.engine.execution.InvocationInterceptorChain.invoke(InvocationInterceptorChain.java:37)
	at org.junit.jupiter.engine.execution.InterceptingExecutableInvoker.invoke(InterceptingExecutableInvoker.java:92)
	at org.junit.jupiter.engine.execution.InterceptingExecutableInvoker.invoke(InterceptingExecutableInvoker.java:86)
	at org.junit.jupiter.engine.descriptor.TestMethodTestDescriptor.lambda$invokeTestMethod$7(TestMethodTestDescriptor.java:218)
	at org.junit.platform.engine.support.hierarchical.ThrowableCollector.execute(ThrowableCollector.java:73)
	at org.junit.jupiter.engine.descriptor.TestMethodTestDescriptor.invokeTestMethod(TestMethodTestDescriptor.java:214)
	at org.junit.jupiter.engine.descriptor.TestMethodTestDescriptor.execute(TestMethodTestDescriptor.java:139)
	at org.junit.jupiter.engine.descriptor.TestMethodTestDescriptor.execute(TestMethodTestDescriptor.java:69)
	at org.junit.platform.engine.support.hierarchical.NodeTestTask.lambda$executeRecursively$6(NodeTestTask.java:151)
	at org.junit.platform.engine.support.hierarchical.ThrowableCollector.execute(ThrowableCollector.java:73)
	at org.junit.platform.engine.support.hierarchical.NodeTestTask.lambda$executeRecursively$8(NodeTestTask.java:141)
	at org.junit.platform.engine.support.hierarchical.Node.around(Node.java:137)
	at org.junit.platform.engine.support.hierarchical.NodeTestTask.lambda$executeRecursively$9(NodeTestTask.java:139)
	at org.junit.platform.engine.support.hierarchical.ThrowableCollector.execute(ThrowableCollector.java:73)
	at org.junit.platform.engine.support.hierarchical.NodeTestTask.executeRecursively(NodeTestTask.java:138)
	at org.junit.platform.engine.support.hierarchical.NodeTestTask.execute(NodeTestTask.java:95)
	at java.base/java.util.ArrayList.forEach(ArrayList.java:1597)
	at org.junit.platform.engine.support.hierarchical.SameThreadHierarchicalTestExecutorService.invokeAll(SameThreadHierarchicalTestExecutorService.java:41)
	at org.junit.platform.engine.support.hierarchical.NodeTestTask.lambda$executeRecursively$6(NodeTestTask.java:155)
	at org.junit.platform.engine.support.hierarchical.ThrowableCollector.execute(ThrowableCollector.java:73)
	at org.junit.platform.engine.support.hierarchical.NodeTestTask.lambda$executeRecursively$8(NodeTestTask.java:141)
	at org.junit.platform.engine.support.hierarchical.Node.around(Node.java:137)
	at org.junit.platform.engine.support.hierarchical.NodeTestTask.lambda$executeRecursively$9(NodeTestTask.java:139)
	at org.junit.platform.engine.support.hierarchical.ThrowableCollector.execute(ThrowableCollector.java:73)
	at org.junit.platform.engine.support.hierarchical.NodeTestTask.executeRecursively(NodeTestTask.java:138)
	at org.junit.platform.engine.support.hierarchical.NodeTestTask.execute(NodeTestTask.java:95)
	at java.base/java.util.ArrayList.forEach(ArrayList.java:1597)
	at org.junit.platform.engine.support.hierarchical.SameThreadHierarchicalTestExecutorService.invokeAll(SameThreadHierarchicalTestExecutorService.java:41)
	at org.junit.platform.engine.support.hierarchical.NodeTestTask.lambda$executeRecursively$6(NodeTestTask.java:155)
	at org.junit.platform.engine.support.hierarchical.ThrowableCollector.execute(ThrowableCollector.java:73)
	at org.junit.platform.engine.support.hierarchical.NodeTestTask.lambda$executeRecursively$8(NodeTestTask.java:141)
	at org.junit.platform.engine.support.hierarchical.Node.around(Node.java:137)
	at org.junit.platform.engine.support.hierarchical.NodeTestTask.lambda$executeRecursively$9(NodeTestTask.java:139)
	at org.junit.platform.engine.support.hierarchical.ThrowableCollector.execute(ThrowableCollector.java:73)
	at org.junit.platform.engine.support.hierarchical.NodeTestTask.executeRecursively(NodeTestTask.java:138)
	at org.junit.platform.engine.support.hierarchical.NodeTestTask.execute(NodeTestTask.java:95)
	at org.junit.platform.engine.support.hierarchical.SameThreadHierarchicalTestExecutorService.submit(SameThreadHierarchicalTestExecutorService.java:35)
	at org.junit.platform.engine.support.hierarchical.HierarchicalTestExecutor.execute(HierarchicalTestExecutor.java:57)
	at org.junit.platform.engine.support.hierarchical.HierarchicalTestEngine.execute(HierarchicalTestEngine.java:54)
	at org.junit.platform.launcher.core.EngineExecutionOrchestrator.execute(EngineExecutionOrchestrator.java:198)
	at org.junit.platform.launcher.core.EngineExecutionOrchestrator.execute(EngineExecutionOrchestrator.java:169)
	at org.junit.platform.launcher.core.EngineExecutionOrchestrator.execute(EngineExecutionOrchestrator.java:93)
	at org.junit.platform.launcher.core.EngineExecutionOrchestrator.lambda$execute$0(EngineExecutionOrchestrator.java:58)
	at org.junit.platform.launcher.core.EngineExecutionOrchestrator.withInterceptedStreams(EngineExecutionOrchestrator.java:141)
	at org.junit.platform.launcher.core.EngineExecutionOrchestrator.execute(EngineExecutionOrchestrator.java:57)
	at org.junit.platform.launcher.core.DefaultLauncher.execute(DefaultLauncher.java:103)
	at org.junit.platform.launcher.core.DefaultLauncher.execute(DefaultLauncher.java:85)
	at org.junit.platform.launcher.core.DelegatingLauncher.execute(DelegatingLauncher.java:47)
	at org.apache.maven.surefire.junitplatform.LazyLauncher.execute(LazyLauncher.java:56)
	at org.apache.maven.surefire.junitplatform.JUnitPlatformProvider.execute(JUnitPlatformProvider.java:184)
	at org.apache.maven.surefire.junitplatform.JUnitPlatformProvider.invokeAllTests(JUnitPlatformProvider.java:148)
	at org.apache.maven.surefire.junitplatform.JUnitPlatformProvider.invoke(JUnitPlatformProvider.java:122)
	at org.apache.maven.surefire.booter.ForkedBooter.runSuitesInProcess(ForkedBooter.java:385)
	at org.apache.maven.surefire.booter.ForkedBooter.execute(ForkedBooter.java:162)
	at org.apache.maven.surefire.booter.ForkedBooter.run(ForkedBooter.java:507)
	at org.apache.maven.surefire.booter.ForkedBooter.main(ForkedBooter.java:495)

[ERRO] 2026-01-09 18:51:46.533 - Setup-6
  Exceção: java.lang.RuntimeException: Erro 6
java.lang.RuntimeException: Erro 6
	at testes.ErrorLoggerTest.testeThreadSafetyLeituras(ErrorLoggerTest.java:244)
	at java.base/jdk.internal.reflect.DirectMethodHandleAccessor.invoke(DirectMethodHandleAccessor.java:103)
	at java.base/java.lang.reflect.Method.invoke(Method.java:580)
	at org.junit.platform.commons.util.ReflectionUtils.invokeMethod(ReflectionUtils.java:728)
	at org.junit.jupiter.engine.execution.MethodInvocation.proceed(MethodInvocation.java:60)
	at org.junit.jupiter.engine.execution.InvocationInterceptorChain$ValidatingInvocation.proceed(InvocationInterceptorChain.java:131)
	at org.junit.jupiter.engine.extension.SameThreadTimeoutInvocation.proceed(SameThreadTimeoutInvocation.java:45)
	at org.junit.jupiter.engine.extension.TimeoutExtension.intercept(TimeoutExtension.java:156)
	at org.junit.jupiter.engine.extension.TimeoutExtension.interceptTestableMethod(TimeoutExtension.java:147)
	at org.junit.jupiter.engine.extension.TimeoutExtension.interceptTestMethod(TimeoutExtension.java:86)
	at org.junit.jupiter.engine.execution.InterceptingExecutableInvoker$ReflectiveInterceptorCall.lambda$ofVoidMethod$0(InterceptingExecutableInvoker.java:103)
	at org.junit.jupiter.engine.execution.InterceptingExecutableInvoker.lambda$invoke$0(InterceptingExecutableInvoker.java:93)
	at org.junit.jupiter.engine.execution.InvocationInterceptorChain$InterceptedInvocation.proceed(InvocationInterceptorChain.java:106)
	at org.junit.jupiter.engine.execution.InvocationInterceptorChain.proceed(InvocationInterceptorChain.java:64)
	at org.junit.jupiter.engine.execution.InvocationInterceptorChain.chainAndInvoke(InvocationInterceptorChain.java:45)
	at org.junit.jupiter.engine.execution.InvocationInterceptorChain.invoke(InvocationInterceptorChain.java:37)
	at org.junit.jupiter.engine.execution.InterceptingExecutableInvoker.invoke(InterceptingExecutableInvoker.java:92)
	at org.junit.jupiter.engine.execution.InterceptingExecutableInvoker.invoke(InterceptingExecutableInvoker.java:86)
	at org.junit.jupiter.engine.descriptor.TestMethodTestDescriptor.lambda$invokeTestMethod$7(TestMethodTestDescriptor.java:218)
	at org.junit.platform.engine.support.hierarchical.ThrowableCollector.execute(ThrowableCollector.java:73)
	at org.junit.jupiter.engine.descriptor.TestMethodTestDescriptor.invokeTestMethod(TestMethodTestDescriptor.java:214)
	at org.junit.jupiter.engine.descriptor.TestMethodTestDescriptor.execute(TestMethodTestDescriptor.java:139)
	at org.junit.jupiter.engine.descriptor.TestMethodTestDescriptor.execute(TestMethodTestDescriptor.java:69)
	at org.junit.platform.engine.support.hierarchical.NodeTestTask.lambda$executeRecursively$6(NodeTestTask.java:151)
	at org.junit.platform.engine.support.hierarchical.ThrowableCollector.execute(ThrowableCollector.java:73)
	at org.junit.platform.engine.support.hierarchical.NodeTestTask.lambda$executeRecursively$8(NodeTestTask.java:141)
	at org.junit.platform.engine.support.hierarchical.Node.around(Node.java:137)
	at org.junit.platform.engine.support.hierarchical.NodeTestTask.lambda$executeRecursively$9(NodeTestTask.java:139)
	at org.junit.platform.engine.support.hierarchical.ThrowableCollector.execute(ThrowableCollector.java:73)
	at org.junit.platform.engine.support.hierarchical.NodeTestTask.executeRecursively(NodeTestTask.java:138)
	at org.junit.platform.engine.support.hierarchical.NodeTestTask.execute(NodeTestTask.java:95)
	at java.base/java.util.ArrayList.forEach(ArrayList.java:1597)
	at org.junit.platform.engine.support.hierarchical.SameThreadHierarchicalTestExecutorService.invokeAll(SameThreadHierarchicalTestExecutorService.java:41)
	at org.junit.platform.engine.support.hierarchical.NodeTestTask.lambda$executeRecursively$6(NodeTestTask.java:155)
	at org.junit.platform.engine.support.hierarchical.ThrowableCollector.execute(ThrowableCollector.java:73)
	at org.junit.platform.engine.support.hierarchical.NodeTestTask.lambda$executeRecursively$8(NodeTestTask.java:141)
	at org.junit.platform.engine.support.hierarchical.Node.around(Node.java:137)
	at org.junit.platform.engine.support.hierarchical.NodeTestTask.lambda$executeRecursively$9(NodeTestTask.java:139)
	at org.junit.platform.engine.support.hierarchical.ThrowableCollector.execute(ThrowableCollector.java:73)
	at org.junit.platform.engine.support.hierarchical.NodeTestTask.executeRecursively(NodeTestTask.java:138)
	at org.junit.platform.engine.support.hierarchical.NodeTestTask.execute(NodeTestTask.java:95)
	at java.base/java.util.ArrayList.forEach(ArrayList.java:1597)
	at org.junit.platform.engine.support.hierarchical.SameThreadHierarchicalTestExecutorService.invokeAll(SameThreadHierarchicalTestExecutorService.java:41)
	at org.junit.platform.engine.support.hierarchical.NodeTestTask.lambda$executeRecursively$6(NodeTestTask.java:155)
	at org.junit.platform.engine.support.hierarchical.ThrowableCollector.execute(ThrowableCollector.java:73)
	at org.junit.platform.engine.support.hierarchical.NodeTestTask.lambda$executeRecursively$8(NodeTestTask.java:141)
	at org.junit.platform.engine.support.hierarchical.Node.around(Node.java:137)
	at org.junit.platform.engine.support.hierarchical.NodeTestTask.lambda$executeRecursively$9(NodeTestTask.java:139)
	at org.junit.platform.engine.support.hierarchical.ThrowableCollector.execute(ThrowableCollector.java:73)
	at org.junit.platform.engine.support.hierarchical.NodeTestTask.executeRecursively(NodeTestTask.java:138)
	at org.junit.platform.engine.support.hierarchical.NodeTestTask.execute(NodeTestTask.java:95)
	at org.junit.platform.engine.support.hierarchical.SameThreadHierarchicalTestExecutorService.submit(SameThreadHierarchicalTestExecutorService.java:35)
	at org.junit.platform.engine.support.hierarchical.HierarchicalTestExecutor.execute(HierarchicalTestExecutor.java:57)
	at org.junit.platform.engine.support.hierarchical.HierarchicalTestEngine.execute(HierarchicalTestEngine.java:54)
	at org.junit.platform.launcher.core.EngineExecutionOrchestrator.execute(EngineExecutionOrchestrator.java:198)
	at org.junit.platform.launcher.core.EngineExecutionOrchestrator.execute(EngineExecutionOrchestrator.java:169)
	at org.junit.platform.launcher.core.EngineExecutionOrchestrator.execute(EngineExecutionOrchestrator.java:93)
	at org.junit.platform.launcher.core.EngineExecutionOrchestrator.lambda$execute$0(EngineExecutionOrchestrator.java:58)
	at org.junit.platform.launcher.core.EngineExecutionOrchestrator.withInterceptedStreams(EngineExecutionOrchestrator.java:141)
	at org.junit.platform.launcher.core.EngineExecutionOrchestrator.execute(EngineExecutionOrchestrator.java:57)
	at org.junit.platform.launcher.core.DefaultLauncher.execute(DefaultLauncher.java:103)
	at org.junit.platform.launcher.core.DefaultLauncher.execute(DefaultLauncher.java:85)
	at org.junit.platform.launcher.core.DelegatingLauncher.execute(DelegatingLauncher.java:47)
	at org.apache.maven.surefire.junitplatform.LazyLauncher.execute(LazyLauncher.java:56)
	at org.apache.maven.surefire.junitplatform.JUnitPlatformProvider.execute(JUnitPlatformProvider.java:184)
	at org.apache.maven.surefire.junitplatform.JUnitPlatformProvider.invokeAllTests(JUnitPlatformProvider.java:148)
	at org.apache.maven.surefire.junitplatform.JUnitPlatformProvider.invoke(JUnitPlatformProvider.java:122)
	at org.apache.maven.surefire.booter.ForkedBooter.runSuitesInProcess(ForkedBooter.java:385)
	at org.apache.maven.surefire.booter.ForkedBooter.execute(ForkedBooter.java:162)
	at org.apache.maven.surefire.booter.ForkedBooter.run(ForkedBooter.java:507)
	at org.apache.maven.surefire.booter.ForkedBooter.main(ForkedBooter.java:495)

[ERRO] 2026-01-09 18:51:46.534 - Setup-7
  Exceção: java.lang.RuntimeException: Erro 7
java.lang.RuntimeException: Erro 7
	at testes.ErrorLoggerTest.testeThreadSafetyLeituras(ErrorLoggerTest.java:244)
	at java.base/jdk.internal.reflect.DirectMethodHandleAccessor.invoke(DirectMethodHandleAccessor.java:103)
	at java.base/java.lang.reflect.Method.invoke(Method.java:580)
	at org.junit.platform.commons.util.ReflectionUtils.invokeMethod(ReflectionUtils.java:728)
	at org.junit.jupiter.engine.execution.MethodInvocation.proceed(MethodInvocation.java:60)
	at org.junit.jupiter.engine.execution.InvocationInterceptorChain$ValidatingInvocation.proceed(InvocationInterceptorChain.java:131)
	at org.junit.jupiter.engine.extension.SameThreadTimeoutInvocation.proceed(SameThreadTimeoutInvocation.java:45)
	at org.junit.jupiter.engine.extension.TimeoutExtension.intercept(TimeoutExtension.java:156)
	at org.junit.jupiter.engine.extension.TimeoutExtension.interceptTestableMethod(TimeoutExtension.java:147)
	at org.junit.jupiter.engine.extension.TimeoutExtension.interceptTestMethod(TimeoutExtension.java:86)
	at org.junit.jupiter.engine.execution.InterceptingExecutableInvoker$ReflectiveInterceptorCall.lambda$ofVoidMethod$0(InterceptingExecutableInvoker.java:103)
	at org.junit.jupiter.engine.execution.InterceptingExecutableInvoker.lambda$invoke$0(InterceptingExecutableInvoker.java:93)
	at org.junit.jupiter.engine.execution.InvocationInterceptorChain$InterceptedInvocation.proceed(InvocationInterceptorChain.java:106)
	at org.junit.jupiter.engine.execution.InvocationInterceptorChain.proceed(InvocationInterceptorChain.java:64)
	at org.junit.jupiter.engine.execution.InvocationInterceptorChain.chainAndInvoke(InvocationInterceptorChain.java:45)
	at org.junit.jupiter.engine.execution.InvocationInterceptorChain.invoke(InvocationInterceptorChain.java:37)
	at org.junit.jupiter.engine.execution.InterceptingExecutableInvoker.invoke(InterceptingExecutableInvoker.java:92)
	at org.junit.jupiter.engine.execution.InterceptingExecutableInvoker.invoke(InterceptingExecutableInvoker.java:86)
	at org.junit.jupiter.engine.descriptor.TestMethodTestDescriptor.lambda$invokeTestMethod$7(TestMethodTestDescriptor.java:218)
	at org.junit.platform.engine.support.hierarchical.ThrowableCollector.execute(ThrowableCollector.java:73)
	at org.junit.jupiter.engine.descriptor.TestMethodTestDescriptor.invokeTestMethod(TestMethodTestDescriptor.java:214)
	at org.junit.jupiter.engine.descriptor.TestMethodTestDescriptor.execute(TestMethodTestDescriptor.java:139)
	at org.junit.jupiter.engine.descriptor.TestMethodTestDescriptor.execute(TestMethodTestDescriptor.java:69)
	at org.junit.platform.engine.support.hierarchical.NodeTestTask.lambda$executeRecursively$6(NodeTestTask.java:151)
	at org.junit.platform.engine.support.hierarchical.ThrowableCollector.execute(ThrowableCollector.java:73)
	at org.junit.platform.engine.support.hierarchical.NodeTestTask.lambda$executeRecursively$8(NodeTestTask.java:141)
	at org.junit.platform.engine.support.hierarchical.Node.around(Node.java:137)
	at org.junit.platform.engine.support.hierarchical.NodeTestTask.lambda$executeRecursively$9(NodeTestTask.java:139)
	at org.junit.platform.engine.support.hierarchical.ThrowableCollector.execute(ThrowableCollector.java:73)
	at org.junit.platform.engine.support.hierarchical.NodeTestTask.executeRecursively(NodeTestTask.java:138)
	at org.junit.platform.engine.support.hierarchical.NodeTestTask.execute(NodeTestTask.java:95)
	at java.base/java.util.ArrayList.forEach(ArrayList.java:1597)
	at org.junit.platform.engine.support.hierarchical.SameThreadHierarchicalTestExecutorService.invokeAll(SameThreadHierarchicalTestExecutorService.java:41)
	at org.junit.platform.engine.support.hierarchical.NodeTestTask.lambda$executeRecursively$6(NodeTestTask.java:155)
	at org.junit.platform.engine.support.hierarchical.ThrowableCollector.execute(ThrowableCollector.java:73)
	at org.junit.platform.engine.support.hierarchical.NodeTestTask.lambda$executeRecursively$8(NodeTestTask.java:141)
	at org.junit.platform.engine.support.hierarchical.Node.around(Node.java:137)
	at org.junit.platform.engine.support.hierarchical.NodeTestTask.lambda$executeRecursively$9(NodeTestTask.java:139)
	at org.junit.platform.engine.support.hierarchical.ThrowableCollector.execute(ThrowableCollector.java:73)
	at org.junit.platform.engine.support.hierarchical.NodeTestTask.executeRecursively(NodeTestTask.java:138)
	at org.junit.platform.engine.support.hierarchical.NodeTestTask.execute(NodeTestTask.java:95)
	at java.base/java.util.ArrayList.forEach(ArrayList.java:1597)
	at org.junit.platform.engine.support.hierarchical.SameThreadHierarchicalTestExecutorService.invokeAll(SameThreadHierarchicalTestExecutorService.java:41)
	at org.junit.platform.engine.support.hierarchical.NodeTestTask.lambda$executeRecursively$6(NodeTestTask.java:155)
	at org.junit.platform.engine.support.hierarchical.ThrowableCollector.execute(ThrowableCollector.java:73)
	at org.junit.platform.engine.support.hierarchical.NodeTestTask.lambda$executeRecursively$8(NodeTestTask.java:141)
	at org.junit.platform.engine.support.hierarchical.Node.around(Node.java:137)
	at org.junit.platform.engine.support.hierarchical.NodeTestTask.lambda$executeRecursively$9(NodeTestTask.java:139)
	at org.junit.platform.engine.support.hierarchical.ThrowableCollector.execute(ThrowableCollector.java:73)
	at org.junit.platform.engine.support.hierarchical.NodeTestTask.executeRecursively(NodeTestTask.java:138)
	at org.junit.platform.engine.support.hierarchical.NodeTestTask.execute(NodeTestTask.java:95)
	at org.junit.platform.engine.support.hierarchical.SameThreadHierarchicalTestExecutorService.submit(SameThreadHierarchicalTestExecutorService.java:35)
	at org.junit.platform.engine.support.hierarchical.HierarchicalTestExecutor.execute(HierarchicalTestExecutor.java:57)
	at org.junit.platform.engine.support.hierarchical.HierarchicalTestEngine.execute(HierarchicalTestEngine.java:54)
	at org.junit.platform.launcher.core.EngineExecutionOrchestrator.execute(EngineExecutionOrchestrator.java:198)
	at org.junit.platform.launcher.core.EngineExecutionOrchestrator.execute(EngineExecutionOrchestrator.java:169)
	at org.junit.platform.launcher.core.EngineExecutionOrchestrator.execute(EngineExecutionOrchestrator.java:93)
	at org.junit.platform.launcher.core.EngineExecutionOrchestrator.lambda$execute$0(EngineExecutionOrchestrator.java:58)
	at org.junit.platform.launcher.core.EngineExecutionOrchestrator.withInterceptedStreams(EngineExecutionOrchestrator.java:141)
	at org.junit.platform.launcher.core.EngineExecutionOrchestrator.execute(EngineExecutionOrchestrator.java:57)
	at org.junit.platform.launcher.core.DefaultLauncher.execute(DefaultLauncher.java:103)
	at org.junit.platform.launcher.core.DefaultLauncher.execute(DefaultLauncher.java:85)
	at org.junit.platform.launcher.core.DelegatingLauncher.execute(DelegatingLauncher.java:47)
	at org.apache.maven.surefire.junitplatform.LazyLauncher.execute(LazyLauncher.java:56)
	at org.apache.maven.surefire.junitplatform.JUnitPlatformProvider.execute(JUnitPlatformProvider.java:184)
	at org.apache.maven.surefire.junitplatform.JUnitPlatformProvider.invokeAllTests(JUnitPlatformProvider.java:148)
	at org.apache.maven.surefire.junitplatform.JUnitPlatformProvider.invoke(JUnitPlatformProvider.java:122)
	at org.apache.maven.surefire.booter.ForkedBooter.runSuitesInProcess(ForkedBooter.java:385)
	at org.apache.maven.surefire.booter.ForkedBooter.execute(ForkedBooter.java:162)
	at org.apache.maven.surefire.booter.ForkedBooter.run(ForkedBooter.java:507)
	at org.apache.maven.surefire.booter.ForkedBooter.main(ForkedBooter.java:495)

[ERRO] 2026-01-09 18:51:46.534 - Setup-8
  Exceção: java.lang.RuntimeException: Erro 8
java.lang.RuntimeException: Erro 8
	at testes.ErrorLoggerTest.testeThreadSafetyLeituras(ErrorLoggerTest.java:244)
	at java.base/jdk.internal.reflect.DirectMethodHandleAccessor.invoke(DirectMethodHandleAccessor.java:103)
	at java.base/java.lang.reflect.Method.invoke(Method.java:580)
	at org.junit.platform.commons.util.ReflectionUtils.invokeMethod(ReflectionUtils.java:728)
	at org.junit.jupiter.engine.execution.MethodInvocation.proceed(MethodInvocation.java:60)
	at org.junit.jupiter.engine.execution.InvocationInterceptorChain$ValidatingInvocation.proceed(InvocationInterceptorChain.java:131)
	at org.junit.jupiter.engine.extension.SameThreadTimeoutInvocation.proceed(SameThreadTimeoutInvocation.java:45)
	at org.junit.jupiter.engine.extension.TimeoutExtension.intercept(TimeoutExtension.java:156)
	at org.junit.jupiter.engine.extension.TimeoutExtension.interceptTestableMethod(TimeoutExtension.java:147)
	at org.junit.jupiter.engine.extension.TimeoutExtension.interceptTestMethod(TimeoutExtension.java:86)
	at org.junit.jupiter.engine.execution.InterceptingExecutableInvoker$ReflectiveInterceptorCall.lambda$ofVoidMethod$0(InterceptingExecutableInvoker.java:103)
	at org.junit.jupiter.engine.execution.InterceptingExecutableInvoker.lambda$invoke$0(InterceptingExecutableInvoker.java:93)
	at org.junit.jupiter.engine.execution.InvocationInterceptorChain$InterceptedInvocation.proceed(InvocationInterceptorChain.java:106)
	at org.junit.jupiter.engine.execution.InvocationInterceptorChain.proceed(InvocationInterceptorChain.java:64)
	at org.junit.jupiter.engine.execution.InvocationInterceptorChain.chainAndInvoke(InvocationInterceptorChain.java:45)
	at org.junit.jupiter.engine.execution.InvocationInterceptorChain.invoke(InvocationInterceptorChain.java:37)
	at org.junit.jupiter.engine.execution.InterceptingExecutableInvoker.invoke(InterceptingExecutableInvoker.java:92)
	at org.junit.jupiter.engine.execution.InterceptingExecutableInvoker.invoke(InterceptingExecutableInvoker.java:86)
	at org.junit.jupiter.engine.descriptor.TestMethodTestDescriptor.lambda$invokeTestMethod$7(TestMethodTestDescriptor.java:218)
	at org.junit.platform.engine.support.hierarchical.ThrowableCollector.execute(ThrowableCollector.java:73)
	at org.junit.jupiter.engine.descriptor.TestMethodTestDescriptor.invokeTestMethod(TestMethodTestDescriptor.java:214)
	at org.junit.jupiter.engine.descriptor.TestMethodTestDescriptor.execute(TestMethodTestDescriptor.java:139)
	at org.junit.jupiter.engine.descriptor.TestMethodTestDescriptor.execute(TestMethodTestDescriptor.java:69)
	at org.junit.platform.engine.support.hierarchical.NodeTestTask.lambda$executeRecursively$6(NodeTestTask.java:151)
	at org.junit.platform.engine.support.hierarchical.ThrowableCollector.execute(ThrowableCollector.java:73)
	at org.junit.platform.engine.support.hierarchical.NodeTestTask.lambda$executeRecursively$8(NodeTestTask.java:141)
	at org.junit.platform.engine.support.hierarchical.Node.around(Node.java:137)
	at org.junit.platform.engine.support.hierarchical.NodeTestTask.lambda$executeRecursively$9(NodeTestTask.java:139)
	at org.junit.platform.engine.support.hierarchical.ThrowableCollector.execute(ThrowableCollector.java:73)
	at org.junit.platform.engine.support.hierarchical.NodeTestTask.executeRecursively(NodeTestTask.java:138)
	at org.junit.platform.engine.support.hierarchical.NodeTestTask.execute(NodeTestTask.java:95)
	at java.base/java.util.ArrayList.forEach(ArrayList.java:1597)
	at org.junit.platform.engine.support.hierarchical.SameThreadHierarchicalTestExecutorService.invokeAll(SameThreadHierarchicalTestExecutorService.java:41)
	at org.junit.platform.engine.support.hierarchical.NodeTestTask.lambda$executeRecursively$6(NodeTestTask.java:155)
	at org.junit.platform.engine.support.hierarchical.ThrowableCollector.execute(ThrowableCollector.java:73)
	at org.junit.platform.engine.support.hierarchical.NodeTestTask.lambda$executeRecursively$8(NodeTestTask.java:141)
	at org.junit.platform.engine.support.hierarchical.Node.around(Node.java:137)
	at org.junit.platform.engine.support.hierarchical.NodeTestTask.lambda$executeRecursively$9(NodeTestTask.java:139)
	at org.junit.platform.engine.support.hierarchical.ThrowableCollector.execute(ThrowableCollector.java:73)
	at org.junit.platform.engine.support.hierarchical.NodeTestTask.executeRecursively(NodeTestTask.java:138)
	at org.junit.platform.engine.support.hierarchical.NodeTestTask.execute(NodeTestTask.java:95)
	at java.base/java.util.ArrayList.forEach(ArrayList.java:1597)
	at org.junit.platform.engine.support.hierarchical.SameThreadHierarchicalTestExecutorService.invokeAll(SameThreadHierarchicalTestExecutorService.java:41)
	at org.junit.platform.engine.support.hierarchical.NodeTestTask.lambda$executeRecursively$6(NodeTestTask.java:155)
	at org.junit.platform.engine.support.hierarchical.ThrowableCollector.execute(ThrowableCollector.java:73)
	at org.junit.platform.engine.support.hierarchical.NodeTestTask.lambda$executeRecursively$8(NodeTestTask.java:141)
	at org.junit.platform.engine.support.hierarchical.Node.around(Node.java:137)
	at org.junit.platform.engine.support.hierarchical.NodeTestTask.lambda$executeRecursively$9(NodeTestTask.java:139)
	at org.junit.platform.engine.support.hierarchical.ThrowableCollector.execute(ThrowableCollector.java:73)
	at org.junit.platform.engine.support.hierarchical.NodeTestTask.executeRecursively(NodeTestTask.java:138)
	at org.junit.platform.engine.support.hierarchical.NodeTestTask.execute(NodeTestTask.java:95)
	at org.junit.platform.engine.support.hierarchical.SameThreadHierarchicalTestExecutorService.submit(SameThreadHierarchicalTestExecutorService.java:35)
	at org.junit.platform.engine.support.hierarchical.HierarchicalTestExecutor.execute(HierarchicalTestExecutor.java:57)
	at org.junit.platform.engine.support.hierarchical.HierarchicalTestEngine.execute(HierarchicalTestEngine.java:54)
	at org.junit.platform.launcher.core.EngineExecutionOrchestrator.execute(EngineExecutionOrchestrator.java:198)
	at org.junit.platform.launcher.core.EngineExecutionOrchestrator.execute(EngineExecutionOrchestrator.java:169)
	at org.junit.platform.launcher.core.EngineExecutionOrchestrator.execute(EngineExecutionOrchestrator.java:93)
	at org.junit.platform.launcher.core.EngineExecutionOrchestrator.lambda$execute$0(EngineExecutionOrchestrator.java:58)
	at org.junit.platform.launcher.core.EngineExecutionOrchestrator.withInterceptedStreams(EngineExecutionOrchestrator.java:141)
	at org.junit.platform.launcher.core.EngineExecutionOrchestrator.execute(EngineExecutionOrchestrator.java:57)
	at org.junit.platform.launcher.core.DefaultLauncher.execute(DefaultLauncher.java:103)
	at org.junit.platform.launcher.core.DefaultLauncher.execute(DefaultLauncher.java:85)
	at org.junit.platform.launcher.core.DelegatingLauncher.execute(DelegatingLauncher.java:47)
	at org.apache.maven.surefire.junitplatform.LazyLauncher.execute(LazyLauncher.java:56)
	at org.apache.maven.surefire.junitplatform.JUnitPlatformProvider.execute(JUnitPlatformProvider.java:184)
	at org.apache.maven.surefire.junitplatform.JUnitPlatformProvider.invokeAllTests(JUnitPlatformProvider.java:148)
	at org.apache.maven.surefire.junitplatform.JUnitPlatformProvider.invoke(JUnitPlatformProvider.java:122)
	at org.apache.maven.surefire.booter.ForkedBooter.runSuitesInProcess(ForkedBooter.java:385)
	at org.apache.maven.surefire.booter.ForkedBooter.execute(ForkedBooter.java:162)
	at org.apache.maven.surefire.booter.ForkedBooter.run(ForkedBooter.java:507)
	at org.apache.maven.surefire.booter.ForkedBooter.main(ForkedBooter.java:495)

[ERRO] 2026-01-09 18:51:46.535 - Setup-9
  Exceção: java.lang.RuntimeException: Erro 9
java.lang.RuntimeException: Erro 9
	at testes.ErrorLoggerTest.testeThreadSafetyLeituras(ErrorLoggerTest.java:244)
	at java.base/jdk.internal.reflect.DirectMethodHandleAccessor.invoke(DirectMethodHandleAccessor.java:103)
	at java.base/java.lang.reflect.Method.invoke(Method.java:580)
	at org.junit.platform.commons.util.ReflectionUtils.invokeMethod(ReflectionUtils.java:728)
	at org.junit.jupiter.engine.execution.MethodInvocation.proceed(MethodInvocation.java:60)
	at org.junit.jupiter.engine.execution.InvocationInterceptorChain$ValidatingInvocation.proceed(InvocationInterceptorChain.java:131)
	at org.junit.jupiter.engine.extension.SameThreadTimeoutInvocation.proceed(SameThreadTimeoutInvocation.java:45)
	at org.junit.jupiter.engine.extension.TimeoutExtension.intercept(TimeoutExtension.java:156)
	at org.junit.jupiter.engine.extension.TimeoutExtension.interceptTestableMethod(TimeoutExtension.java:147)
	at org.junit.jupiter.engine.extension.TimeoutExtension.interceptTestMethod(TimeoutExtension.java:86)
	at org.junit.jupiter.engine.execution.InterceptingExecutableInvoker$ReflectiveInterceptorCall.lambda$ofVoidMethod$0(InterceptingExecutableInvoker.java:103)
	at org.junit.jupiter.engine.execution.InterceptingExecutableInvoker.lambda$invoke$0(InterceptingExecutableInvoker.java:93)
	at org.junit.jupiter.engine.execution.InvocationInterceptorChain$InterceptedInvocation.proceed(InvocationInterceptorChain.java:106)
	at org.junit.jupiter.engine.execution.InvocationInterceptorChain.proceed(InvocationInterceptorChain.java:64)
	at org.junit.jupiter.engine.execution.InvocationInterceptorChain.chainAndInvoke(InvocationInterceptorChain.java:45)
	at org.junit.jupiter.engine.execution.InvocationInterceptorChain.invoke(InvocationInterceptorChain.java:37)
	at org.junit.jupiter.engine.execution.InterceptingExecutableInvoker.invoke(InterceptingExecutableInvoker.java:92)
	at org.junit.jupiter.engine.execution.InterceptingExecutableInvoker.invoke(InterceptingExecutableInvoker.java:86)
	at org.junit.jupiter.engine.descriptor.TestMethodTestDescriptor.lambda$invokeTestMethod$7(TestMethodTestDescriptor.java:218)
	at org.junit.platform.engine.support.hierarchical.ThrowableCollector.execute(ThrowableCollector.java:73)
	at org.junit.jupiter.engine.descriptor.TestMethodTestDescriptor.invokeTestMethod(TestMethodTestDescriptor.java:214)
	at org.junit.jupiter.engine.descriptor.TestMethodTestDescriptor.execute(TestMethodTestDescriptor.java:139)
	at org.junit.jupiter.engine.descriptor.TestMethodTestDescriptor.execute(TestMethodTestDescriptor.java:69)
	at org.junit.platform.engine.support.hierarchical.NodeTestTask.lambda$executeRecursively$6(NodeTestTask.java:151)
	at org.junit.platform.engine.support.hierarchical.ThrowableCollector.execute(ThrowableCollector.java:73)
	at org.junit.platform.engine.support.hierarchical.NodeTestTask.lambda$executeRecursively$8(NodeTestTask.java:141)
	at org.junit.platform.engine.support.hierarchical.Node.around(Node.java:137)
	at org.junit.platform.engine.support.hierarchical.NodeTestTask.lambda$executeRecursively$9(NodeTestTask.java:139)
	at org.junit.platform.engine.support.hierarchical.ThrowableCollector.execute(ThrowableCollector.java:73)
	at org.junit.platform.engine.support.hierarchical.NodeTestTask.executeRecursively(NodeTestTask.java:138)
	at org.junit.platform.engine.support.hierarchical.NodeTestTask.execute(NodeTestTask.java:95)
	at java.base/java.util.ArrayList.forEach(ArrayList.java:1597)
	at org.junit.platform.engine.support.hierarchical.SameThreadHierarchicalTestExecutorService.invokeAll(SameThreadHierarchicalTestExecutorService.java:41)
	at org.junit.platform.engine.support.hierarchical.NodeTestTask.lambda$executeRecursively$6(NodeTestTask.java:155)
	at org.junit.platform.engine.support.hierarchical.ThrowableCollector.execute(ThrowableCollector.java:73)
	at org.junit.platform.engine.support.hierarchical.NodeTestTask.lambda$executeRecursively$8(NodeTestTask.java:141)
	at org.junit.platform.engine.support.hierarchical.Node.around(Node.java:137)
	at org.junit.platform.engine.support.hierarchical.NodeTestTask.lambda$executeRecursively$9(NodeTestTask.java:139)
	at org.junit.platform.engine.support.hierarchical.ThrowableCollector.execute(ThrowableCollector.java:73)
	at org.junit.platform.engine.support.hierarchical.NodeTestTask.executeRecursively(NodeTestTask.java:138)
	at org.junit.platform.engine.support.hierarchical.NodeTestTask.execute(NodeTestTask.java:95)
	at java.base/java.util.ArrayList.forEach(ArrayList.java:1597)
	at org.junit.platform.engine.support.hierarchical.SameThreadHierarchicalTestExecutorService.invokeAll(SameThreadHierarchicalTestExecutorService.java:41)
	at org.junit.platform.engine.support.hierarchical.NodeTestTask.lambda$executeRecursively$6(NodeTestTask.java:155)
	at org.junit.platform.engine.support.hierarchical.ThrowableCollector.execute(ThrowableCollector.java:73)
	at org.junit.platform.engine.support.hierarchical.NodeTestTask.lambda$executeRecursively$8(NodeTestTask.java:141)
	at org.junit.platform.engine.support.hierarchical.Node.around(Node.java:137)
	at org.junit.platform.engine.support.hierarchical.NodeTestTask.lambda$executeRecursively$9(NodeTestTask.java:139)
	at org.junit.platform.engine.support.hierarchical.ThrowableCollector.execute(ThrowableCollector.java:73)
	at org.junit.platform.engine.support.hierarchical.NodeTestTask.executeRecursively(NodeTestTask.java:138)
	at org.junit.platform.engine.support.hierarchical.NodeTestTask.execute(NodeTestTask.java:95)
	at org.junit.platform.engine.support.hierarchical.SameThreadHierarchicalTestExecutorService.submit(SameThreadHierarchicalTestExecutorService.java:35)
	at org.junit.platform.engine.support.hierarchical.HierarchicalTestExecutor.execute(HierarchicalTestExecutor.java:57)
	at org.junit.platform.engine.support.hierarchical.HierarchicalTestEngine.execute(HierarchicalTestEngine.java:54)
	at org.junit.platform.launcher.core.EngineExecutionOrchestrator.execute(EngineExecutionOrchestrator.java:198)
	at org.junit.platform.launcher.core.EngineExecutionOrchestrator.execute(EngineExecutionOrchestrator.java:169)
	at org.junit.platform.launcher.core.EngineExecutionOrchestrator.execute(EngineExecutionOrchestrator.java:93)
	at org.junit.platform.launcher.core.EngineExecutionOrchestrator.lambda$execute$0(EngineExecutionOrchestrator.java:58)
	at org.junit.platform.launcher.core.EngineExecutionOrchestrator.withInterceptedStreams(EngineExecutionOrchestrator.java:141)
	at org.junit.platform.launcher.core.EngineExecutionOrchestrator.execute(EngineExecutionOrchestrator.java:57)
	at org.junit.platform.launcher.core.DefaultLauncher.execute(DefaultLauncher.java:103)
	at org.junit.platform.launcher.core.DefaultLauncher.execute(DefaultLauncher.java:85)
	at org.junit.platform.launcher.core.DelegatingLauncher.execute(DelegatingLauncher.java:47)
	at org.apache.maven.surefire.junitplatform.LazyLauncher.execute(LazyLauncher.java:56)
	at org.apache.maven.surefire.junitplatform.JUnitPlatformProvider.execute(JUnitPlatformProvider.java:184)
	at org.apache.maven.surefire.junitplatform.JUnitPlatformProvider.invokeAllTests(JUnitPlatformProvider.java:148)
	at org.apache.maven.surefire.junitplatform.JUnitPlatformProvider.invoke(JUnitPlatformProvider.java:122)
	at org.apache.maven.surefire.booter.ForkedBooter.runSuitesInProcess(ForkedBooter.java:385)
	at org.apache.maven.surefire.booter.ForkedBooter.execute(ForkedBooter.java:162)
	at org.apache.maven.surefire.booter.ForkedBooter.run(ForkedBooter.java:507)
	at org.apache.maven.surefire.booter.ForkedBooter.main(ForkedBooter.java:495)

[ERRO] 2026-01-09 18:51:46.573 - Writer-1
  Exceção: java.lang.RuntimeException: Erro 0
java.lang.RuntimeException: Erro 0
	at testes.ErrorLoggerTest.lambda$testeThreadSafetyEscritaLeitura$22(ErrorLoggerTest.java:290)
	at java.base/java.lang.Thread.run(Thread.java:1575)

[ERRO] 2026-01-09 18:51:46.574 - Writer-3
  Exceção: java.lang.RuntimeException: Erro 0
java.lang.RuntimeException: Erro 0
	at testes.ErrorLoggerTest.lambda$testeThreadSafetyEscritaLeitura$22(ErrorLoggerTest.java:290)
	at java.base/java.lang.Thread.run(Thread.java:1575)

[ERRO] 2026-01-09 18:51:46.574 - Writer-0
  Exceção: java.lang.RuntimeException: Erro 0
java.lang.RuntimeException: Erro 0
	at testes.ErrorLoggerTest.lambda$testeThreadSafetyEscritaLeitura$22(ErrorLoggerTest.java:290)
	at java.base/java.lang.Thread.run(Thread.java:1575)

[ERRO] 2026-01-09 18:51:46.574 - Writer-2
  Exceção: java.lang.RuntimeException: Erro 0
java.lang.RuntimeException: Erro 0
	at testes.ErrorLoggerTest.lambda$testeThreadSafetyEscritaLeitura$22(ErrorLoggerTest.java:290)
	at java.base/java.lang.Thread.run(Thread.java:1575)

[ERRO] 2026-01-09 18:51:46.574 - Writer-2
  Exceção: java.lang.RuntimeException: Erro 1
java.lang.RuntimeException: Erro 1
	at testes.ErrorLoggerTest.lambda$testeThreadSafetyEscritaLeitura$22(ErrorLoggerTest.java:290)
	at java.base/java.lang.Thread.run(Thread.java:1575)

[ERRO] 2026-01-09 18:51:46.574 - Writer-2
  Exceção: java.lang.RuntimeException: Erro 2
java.lang.RuntimeException: Erro 2
	at testes.ErrorLoggerTest.lambda$testeThreadSafetyEscritaLeitura$22(ErrorLoggerTest.java:290)
	at java.base/java.lang.Thread.run(Thread.java:1575)

[ERRO] 2026-01-09 18:51:46.574 - Writer-2
  Exceção: java.lang.RuntimeException: Erro 3
java.lang.RuntimeException: Erro 3
	at testes.ErrorLoggerTest.lambda$testeThreadSafetyEscritaLeitura$22(ErrorLoggerTest.java:290)
	at java.base/java.lang.Thread.run(Thread.java:1575)

[ERRO] 2026-01-09 18:51:46.574 - Writer-2
  Exceção: java.lang.RuntimeException: Erro 4
java.lang.RuntimeException: Erro 4
	at testes.ErrorLoggerTest.lambda$testeThreadSafetyEscritaLeitura$22(ErrorLoggerTest.java:290)
	at java.base/java.lang.Thread.run(Thread.java:1575)

[ERRO] 2026-01-09 18:51:46.574 - Writer-2
  Exceção: java.lang.RuntimeException: Erro 5
java.lang.RuntimeException: Erro 5
	at testes.ErrorLoggerTest.lambda$testeThreadSafetyEscritaLeitura$22(ErrorLoggerTest.java:290)
	at java.base/java.lang.Thread.run(Thread.java:1575)

[ERRO] 2026-01-09 18:51:46.574 - Writer-2
  Exceção: java.lang.RuntimeException: Erro 6
java.lang.RuntimeException: Erro 6
	at testes.ErrorLoggerTest.lambda$testeThreadSafetyEscritaLeitura$22(ErrorLoggerTest.java:290)
	at java.base/java.lang.Thread.run(Thread.java:1575)

[ERRO] 2026-01-09 18:51:46.575 - Writer-2
  Exceção: java.lang.RuntimeException: Erro 7
java.lang.RuntimeException: Erro 7
	at testes.ErrorLoggerTest.lambda$testeThreadSafetyEscritaLeitura$22(ErrorLoggerTest.java:290)
	at java.base/java.lang.Thread.run(Thread.java:1575)

[ERRO] 2026-01-09 18:51:46.575 - Writer-2
  Exceção: java.lang.RuntimeException: Erro 8
java.lang.RuntimeException: Erro 8
	at testes.ErrorLoggerTest.lambda$testeThreadSafetyEscritaLeitura$22(ErrorLoggerTest.java:290)
	at java.base/java.lang.Thread.run(Thread.java:1575)

[ERRO] 2026-01-09 18:51:46.575 - Writer-2
  Exceção: java.lang.RuntimeException: Erro 9
java.lang.RuntimeException: Erro 9
	at testes.ErrorLoggerTest.lambda$testeThreadSafetyEscritaLeitura$22(ErrorLoggerTest.java:290)
	at java.base/java.lang.Thread.run(Thread.java:1575)

[ERRO] 2026-01-09 18:51:46.575 - Writer-2
  Exceção: java.lang.RuntimeException: Erro 10
java.lang.RuntimeException: Erro 10
	at testes.ErrorLoggerTest.lambda$testeThreadSafetyEscritaLeitura$22(ErrorLoggerTest.java:290)
	at java.base/java.lang.Thread.run(Thread.java:1575)

[ERRO] 2026-01-09 18:51:46.575 - Writer-2
  Exceção: java.lang.RuntimeException: Erro 11
java.lang.RuntimeException: Erro 11
	at testes.ErrorLoggerTest.lambda$testeThreadSafetyEscritaLeitura$22(ErrorLoggerTest.java:290)
	at java.base/java.lang.Thread.run(Thread.java:1575)

[ERRO] 2026-01-09 18:51:46.575 - Writer-2
  Exceção: java.lang.RuntimeException: Erro 12
java.lang.RuntimeException: Erro 12
	at testes.ErrorLoggerTest.lambda$testeThreadSafetyEscritaLeitura$22(ErrorLoggerTest.java:290)
	at java.base/java.lang.Thread.run(Thread.java:1575)

[ERRO] 2026-01-09 18:51:46.575 - Writer-2
  Exceção: java.lang.RuntimeException: Erro 13
java.lang.RuntimeException: Erro 13
	at testes.ErrorLoggerTest.lambda$testeThreadSafetyEscritaLeitura$22(ErrorLoggerTest.java:290)
	at java.base/java.lang.Thread.run(Thread.java:1575)

[ERRO] 2026-01-09 18:51:46.575 - Writer-2
  Exceção: java.lang.RuntimeException: Erro 14
java.lang.RuntimeException: Erro 14
	at testes.ErrorLoggerTest.lambda$testeThreadSafetyEscritaLeitura$22(ErrorLoggerTest.java:290)
	at java.base/java.lang.Thread.run(Thread.java:1575)

[ERRO] 2026-01-09 18:51:46.575 - Writer-2
  Exceção: java.lang.RuntimeException: Erro 15
java.lang.RuntimeException: Erro 15
	at testes.ErrorLoggerTest.lambda$testeThreadSafetyEscritaLeitura$22(ErrorLoggerTest.java:290)
	at java.base/java.lang.Thread.run(Thread.java:1575)

[ERRO] 2026-01-09 18:51:46.575 - Writer-2
  Exceção: java.lang.RuntimeException: Erro 16
java.lang.RuntimeException: Erro 16
	at testes.ErrorLoggerTest.lambda$testeThreadSafetyEscritaLeitura$22(ErrorLoggerTest.java:290)
	at java.base/java.lang.Thread.run(Thread.java:1575)

[ERRO] 2026-01-09 18:51:46.575 - Writer-1
  Exceção: java.lang.RuntimeException: Erro 1
java.lang.RuntimeException: Erro 1
	at testes.ErrorLoggerTest.lambda$testeThreadSafetyEscritaLeitura$22(ErrorLoggerTest.java:290)
	at java.base/java.lang.Thread.run(Thread.java:1575)

[ERRO] 2026-01-09 18:51:46.576 - Writer-4
  Exceção: java.lang.RuntimeException: Erro 0
java.lang.RuntimeException: Erro 0
	at testes.ErrorLoggerTest.lambda$testeThreadSafetyEscritaLeitura$22(ErrorLoggerTest.java:290)
	at java.base/java.lang.Thread.run(Thread.java:1575)

[ERRO] 2026-01-09 18:51:46.576 - Writer-3
  Exceção: java.lang.RuntimeException: Erro 1
java.lang.RuntimeException: Erro 1
	at testes.ErrorLoggerTest.lambda$testeThreadSafetyEscritaLeitura$22(ErrorLoggerTest.java:290)
	at java.base/java.lang.Thread.run(Thread.java:1575)

[ERRO] 2026-01-09 18:51:46.576 - Writer-3
  Exceção: java.lang.RuntimeException: Erro 2
java.lang.RuntimeException: Erro 2
	at testes.ErrorLoggerTest.lambda$testeThreadSafetyEscritaLeitura$22(ErrorLoggerTest.java:290)
	at java.base/java.lang.Thread.run(Thread.java:1575)

[ERRO] 2026-01-09 18:51:46.576 - Writer-3
  Exceção: java.lang.RuntimeException: Erro 3
java.lang.RuntimeException: Erro 3
	at testes.ErrorLoggerTest.lambda$testeThreadSafetyEscritaLeitura$22(ErrorLoggerTest.java:290)
	at java.base/java.lang.Thread.run(Thread.java:1575)

[ERRO] 2026-01-09 18:51:46.576 - Writer-3
  Exceção: java.lang.RuntimeException: Erro 4
java.lang.RuntimeException: Erro 4
	at testes.ErrorLoggerTest.lambda$testeThreadSafetyEscritaLeitura$22(ErrorLoggerTest.java:290)
	at java.base/java.lang.Thread.run(Thread.java:1575)

[ERRO] 2026-01-09 18:51:46.576 - Writer-3
  Exceção: java.lang.RuntimeException: Erro 5
java.lang.RuntimeException: Erro 5
	at testes.ErrorLoggerTest.lambda$testeThreadSafetyEscritaLeitura$22(ErrorLoggerTest.java:290)
	at java.base/java.lang.Thread.run(Thread.java:1575)

[ERRO] 2026-01-09 18:51:46.576 - Writer-3
  Exceção: java.lang.RuntimeException: Erro 6
java.lang.RuntimeException: Erro 6
	at testes.ErrorLoggerTest.lambda$testeThreadSafetyEscritaLeitura$22(ErrorLoggerTest.java:290)
	at java.base/java.lang.Thread.run(Thread.java:1575)

[ERRO] 2026-01-09 18:51:46.576 - Writer-3
  Exceção: java.lang.RuntimeException: Erro 7
java.lang.RuntimeException: Erro 7
	at testes.ErrorLoggerTest.lambda$testeThreadSafetyEscritaLeitura$22(ErrorLoggerTest.java:290)
	at java.base/java.lang.Thread.run(Thread.java:1575)

[ERRO] 2026-01-09 18:51:46.577 - Writer-3
  Exceção: java.lang.RuntimeException: Erro 8
java.lang.RuntimeException: Erro 8
	at testes.ErrorLoggerTest.lambda$testeThreadSafetyEscritaLeitura$22(ErrorLoggerTest.java:290)
	at java.base/java.lang.Thread.run(Thread.java:1575)

[ERRO] 2026-01-09 18:51:46.577 - Writer-3
  Exceção: java.lang.RuntimeException: Erro 9
java.lang.RuntimeException: Erro 9
	at testes.ErrorLoggerTest.lambda$testeThreadSafetyEscritaLeitura$22(ErrorLoggerTest.java:290)
	at java.base/java.lang.Thread.run(Thread.java:1575)

[ERRO] 2026-01-09 18:51:46.577 - Writer-3
  Exceção: java.lang.RuntimeException: Erro 10
java.lang.RuntimeException: Erro 10
	at testes.ErrorLoggerTest.lambda$testeThreadSafetyEscritaLeitura$22(ErrorLoggerTest.java:290)
	at java.base/java.lang.Thread.run(Thread.java:1575)

[ERRO] 2026-01-09 18:51:46.577 - Writer-3
  Exceção: java.lang.RuntimeException: Erro 11
java.lang.RuntimeException: Erro 11
	at testes.ErrorLoggerTest.lambda$testeThreadSafetyEscritaLeitura$22(ErrorLoggerTest.java:290)
	at java.base/java.lang.Thread.run(Thread.java:1575)

[ERRO] 2026-01-09 18:51:46.577 - Writer-3
  Exceção: java.lang.RuntimeException: Erro 12
java.lang.RuntimeException: Erro 12
	at testes.ErrorLoggerTest.lambda$testeThreadSafetyEscritaLeitura$22(ErrorLoggerTest.java:290)
	at java.base/java.lang.Thread.run(Thread.java:1575)

[ERRO] 2026-01-09 18:51:46.577 - Writer-3
  Exceção: java.lang.RuntimeException: Erro 13
java.lang.RuntimeException: Erro 13
	at testes.ErrorLoggerTest.lambda$testeThreadSafetyEscritaLeitura$22(ErrorLoggerTest.java:290)
	at java.base/java.lang.Thread.run(Thread.java:1575)

[ERRO] 2026-01-09 18:51:46.577 - Writer-3
  Exceção: java.lang.RuntimeException: Erro 14
java.lang.RuntimeException: Erro 14
	at testes.ErrorLoggerTest.lambda$testeThreadSafetyEscritaLeitura$22(ErrorLoggerTest.java:290)
	at java.base/java.lang.Thread.run(Thread.java:1575)

[ERRO] 2026-01-09 18:51:46.577 - Writer-3
  Exceção: java.lang.RuntimeException: Erro 15
java.lang.RuntimeException: Erro 15
	at testes.ErrorLoggerTest.lambda$testeThreadSafetyEscritaLeitura$22(ErrorLoggerTest.java:290)
	at java.base/java.lang.Thread.run(Thread.java:1575)

[ERRO] 2026-01-09 18:51:46.577 - Writer-3
  Exceção: java.lang.RuntimeException: Erro 16
java.lang.RuntimeException: Erro 16
	at testes.ErrorLoggerTest.lambda$testeThreadSafetyEscritaLeitura$22(ErrorLoggerTest.java:290)
	at java.base/java.lang.Thread.run(Thread.java:1575)

[ERRO] 2026-01-09 18:51:46.577 - Writer-5
  Exceção: java.lang.RuntimeException: Erro 0
java.lang.RuntimeException: Erro 0
	at testes.ErrorLoggerTest.lambda$testeThreadSafetyEscritaLeitura$22(ErrorLoggerTest.java:290)
	at java.base/java.lang.Thread.run(Thread.java:1575)

[ERRO] 2026-01-09 18:51:46.577 - Writer-0
  Exceção: java.lang.RuntimeException: Erro 1
java.lang.RuntimeException: Erro 1
	at testes.ErrorLoggerTest.lambda$testeThreadSafetyEscritaLeitura$22(ErrorLoggerTest.java:290)
	at java.base/java.lang.Thread.run(Thread.java:1575)

[ERRO] 2026-01-09 18:51:46.577 - Writer-0
  Exceção: java.lang.RuntimeException: Erro 2
java.lang.RuntimeException: Erro 2
	at testes.ErrorLoggerTest.lambda$testeThreadSafetyEscritaLeitura$22(ErrorLoggerTest.java:290)
	at java.base/java.lang.Thread.run(Thread.java:1575)

[ERRO] 2026-01-09 18:51:46.577 - Writer-0
  Exceção: java.lang.RuntimeException: Erro 3
java.lang.RuntimeException: Erro 3
	at testes.ErrorLoggerTest.lambda$testeThreadSafetyEscritaLeitura$22(ErrorLoggerTest.java:290)
	at java.base/java.lang.Thread.run(Thread.java:1575)

[ERRO] 2026-01-09 18:51:46.577 - Writer-0
  Exceção: java.lang.RuntimeException: Erro 4
java.lang.RuntimeException: Erro 4
	at testes.ErrorLoggerTest.lambda$testeThreadSafetyEscritaLeitura$22(ErrorLoggerTest.java:290)
	at java.base/java.lang.Thread.run(Thread.java:1575)

[ERRO] 2026-01-09 18:51:46.577 - Writer-0
  Exceção: java.lang.RuntimeException: Erro 5
java.lang.RuntimeException: Erro 5
	at testes.ErrorLoggerTest.lambda$testeThreadSafetyEscritaLeitura$22(ErrorLoggerTest.java:290)
	at java.base/java.lang.Thread.run(Thread.java:1575)

[ERRO] 2026-01-09 18:51:46.578 - Writer-0
  Exceção: java.lang.RuntimeException: Erro 6
java.lang.RuntimeException: Erro 6
	at testes.ErrorLoggerTest.lambda$testeThreadSafetyEscritaLeitura$22(ErrorLoggerTest.java:290)
	at java.base/java.lang.Thread.run(Thread.java:1575)

[ERRO] 2026-01-09 18:51:46.578 - Writer-0
  Exceção: java.lang.RuntimeException: Erro 7
java.lang.RuntimeException: Erro 7
	at testes.ErrorLoggerTest.lambda$testeThreadSafetyEscritaLeitura$22(ErrorLoggerTest.java:290)
	at java.base/java.lang.Thread.run(Thread.java:1575)

[ERRO] 2026-01-09 18:51:46.578 - Writer-0
  Exceção: java.lang.RuntimeException: Erro 8
java.lang.RuntimeException: Erro 8
	at testes.ErrorLoggerTest.lambda$testeThreadSafetyEscritaLeitura$22(ErrorLoggerTest.java:290)
	at java.base/java.lang.Thread.run(Thread.java:1575)

[ERRO] 2026-01-09 18:51:46.578 - Writer-0
  Exceção: java.lang.RuntimeException: Erro 9
java.lang.RuntimeException: Erro 9
	at testes.ErrorLoggerTest.lambda$testeThreadSafetyEscritaLeitura$22(ErrorLoggerTest.java:290)
	at java.base/java.lang.Thread.run(Thread.java:1575)

[ERRO] 2026-01-09 18:51:46.578 - Writer-6
  Exceção: java.lang.RuntimeException: Erro 0
java.lang.RuntimeException: Erro 0
	at testes.ErrorLoggerTest.lambda$testeThreadSafetyEscritaLeitura$22(ErrorLoggerTest.java:290)
	at java.base/java.lang.Thread.run(Thread.java:1575)

[ERRO] 2026-01-09 18:51:46.578 - Writer-6
  Exceção: java.lang.RuntimeException: Erro 1
java.lang.RuntimeException: Erro 1
	at testes.ErrorLoggerTest.lambda$testeThreadSafetyEscritaLeitura$22(ErrorLoggerTest.java:290)
	at java.base/java.lang.Thread.run(Thread.java:1575)

[ERRO] 2026-01-09 18:51:46.578 - Writer-7
  Exceção: java.lang.RuntimeException: Erro 0
java.lang.RuntimeException: Erro 0
	at testes.ErrorLoggerTest.lambda$testeThreadSafetyEscritaLeitura$22(ErrorLoggerTest.java:290)
	at java.base/java.lang.Thread.run(Thread.java:1575)

[ERRO] 2026-01-09 18:51:46.578 - Writer-7
  Exceção: java.lang.RuntimeException: Erro 1
java.lang.RuntimeException: Erro 1
	at testes.ErrorLoggerTest.lambda$testeThreadSafetyEscritaLeitura$22(ErrorLoggerTest.java:290)
	at java.base/java.lang.Thread.run(Thread.java:1575)

[ERRO] 2026-01-09 18:51:46.578 - Writer-7
  Exceção: java.lang.RuntimeException: Erro 2
java.lang.RuntimeException: Erro 2
	at testes.ErrorLoggerTest.lambda$testeThreadSafetyEscritaLeitura$22(ErrorLoggerTest.java:290)
	at java.base/java.lang.Thread.run(Thread.java:1575)

[ERRO] 2026-01-09 18:51:46.578 - Writer-7
  Exceção: java.lang.RuntimeException: Erro 3
java.lang.RuntimeException: Erro 3
	at testes.ErrorLoggerTest.lambda$testeThreadSafetyEscritaLeitura$22(ErrorLoggerTest.java:290)
	at java.base/java.lang.Thread.run(Thread.java:1575)

[ERRO] 2026-01-09 18:51:46.578 - Writer-7
  Exceção: java.lang.RuntimeException: Erro 4
java.lang.RuntimeException: Erro 4
	at testes.ErrorLoggerTest.lambda$testeThreadSafetyEscritaLeitura$22(ErrorLoggerTest.java:290)
	at java.base/java.lang.Thread.run(Thread.java:1575)

[ERRO] 2026-01-09 18:51:46.578 - Writer-7
  Exceção: java.lang.RuntimeException: Erro 5
java.lang.RuntimeException: Erro 5
	at testes.ErrorLoggerTest.lambda$testeThreadSafetyEscritaLeitura$22(ErrorLoggerTest.java:290)
	at java.base/java.lang.Thread.run(Thread.java:1575)

[ERRO] 2026-01-09 18:51:46.578 - Writer-8
  Exceção: java.lang.RuntimeException: Erro 0
java.lang.RuntimeException: Erro 0
	at testes.ErrorLoggerTest.lambda$testeThreadSafetyEscritaLeitura$22(ErrorLoggerTest.java:290)
	at java.base/java.lang.Thread.run(Thread.java:1575)

[ERRO] 2026-01-09 18:51:46.579 - Writer-8
  Exceção: java.lang.RuntimeException: Erro 1
java.lang.RuntimeException: Erro 1
	at testes.ErrorLoggerTest.lambda$testeThreadSafetyEscritaLeitura$22(ErrorLoggerTest.java:290)
	at java.base/java.lang.Thread.run(Thread.java:1575)

[ERRO] 2026-01-09 18:51:46.579 - Writer-8
  Exceção: java.lang.RuntimeException: Erro 2
java.lang.RuntimeException: Erro 2
	at testes.ErrorLoggerTest.lambda$testeThreadSafetyEscritaLeitura$22(ErrorLoggerTest.java:290)
	at java.base/java.lang.Thread.run(Thread.java:1575)

[ERRO] 2026-01-09 18:51:46.579 - Writer-8
  Exceção: java.lang.RuntimeException: Erro 3
java.lang.RuntimeException: Erro 3
	at testes.ErrorLoggerTest.lambda$testeThreadSafetyEscritaLeitura$22(ErrorLoggerTest.java:290)
	at java.base/java.lang.Thread.run(Thread.java:1575)

[ERRO] 2026-01-09 18:51:46.579 - Writer-8
  Exceção: java.lang.RuntimeException: Erro 4
java.lang.RuntimeException: Erro 4
	at testes.ErrorLoggerTest.lambda$testeThreadSafetyEscritaLeitura$22(ErrorLoggerTest.java:290)
	at java.base/java.lang.Thread.run(Thread.java:1575)

[ERRO] 2026-01-09 18:51:46.579 - Writer-8
  Exceção: java.lang.RuntimeException: Erro 5
java.lang.RuntimeException: Erro 5
	at testes.ErrorLoggerTest.lambda$testeThreadSafetyEscritaLeitura$22(ErrorLoggerTest.java:290)
	at java.base/java.lang.Thread.run(Thread.java:1575)

[ERRO] 2026-01-09 18:51:46.579 - Writer-8
  Exceção: java.lang.RuntimeException: Erro 6
java.lang.RuntimeException: Erro 6
	at testes.ErrorLoggerTest.lambda$testeThreadSafetyEscritaLeitura$22(ErrorLoggerTest.java:290)
	at java.base/java.lang.Thread.run(Thread.java:1575)

[ERRO] 2026-01-09 18:51:46.579 - Writer-8
  Exceção: java.lang.RuntimeException: Erro 7
java.lang.RuntimeException: Erro 7
	at testes.ErrorLoggerTest.lambda$testeThreadSafetyEscritaLeitura$22(ErrorLoggerTest.java:290)
	at java.base/java.lang.Thread.run(Thread.java:1575)

[ERRO] 2026-01-09 18:51:46.579 - Writer-9
  Exceção: java.lang.RuntimeException: Erro 0
java.lang.RuntimeException: Erro 0
	at testes.ErrorLoggerTest.lambda$testeThreadSafetyEscritaLeitura$22(ErrorLoggerTest.java:290)
	at java.base/java.lang.Thread.run(Thread.java:1575)

[ERRO] 2026-01-09 18:51:46.579 - Writer-2
  Exceção: java.lang.RuntimeException: Erro 17
java.lang.RuntimeException: Erro 17
	at testes.ErrorLoggerTest.lambda$testeThreadSafetyEscritaLeitura$22(ErrorLoggerTest.java:290)
	at java.base/java.lang.Thread.run(Thread.java:1575)

[ERRO] 2026-01-09 18:51:46.580 - Writer-2
  Exceção: java.lang.RuntimeException: Erro 18
java.lang.RuntimeException: Erro 18
	at testes.ErrorLoggerTest.lambda$testeThreadSafetyEscritaLeitura$22(ErrorLoggerTest.java:290)
	at java.base/java.lang.Thread.run(Thread.java:1575)

[ERRO] 2026-01-09 18:51:46.580 - Writer-2
  Exceção: java.lang.RuntimeException: Erro 19
java.lang.RuntimeException: Erro 19
	at testes.ErrorLoggerTest.lambda$testeThreadSafetyEscritaLeitura$22(ErrorLoggerTest.java:290)
	at java.base/java.lang.Thread.run(Thread.java:1575)

[ERRO] 2026-01-09 18:51:46.580 - Writer-2
  Exceção: java.lang.RuntimeException: Erro 20
java.lang.RuntimeException: Erro 20
	at testes.ErrorLoggerTest.lambda$testeThreadSafetyEscritaLeitura$22(ErrorLoggerTest.java:290)
	at java.base/java.lang.Thread.run(Thread.java:1575)

[ERRO] 2026-01-09 18:51:46.580 - Writer-2
  Exceção: java.lang.RuntimeException: Erro 21
java.lang.RuntimeException: Erro 21
	at testes.ErrorLoggerTest.lambda$testeThreadSafetyEscritaLeitura$22(ErrorLoggerTest.java:290)
	at java.base/java.lang.Thread.run(Thread.java:1575)

[ERRO] 2026-01-09 18:51:46.580 - Writer-2
  Exceção: java.lang.RuntimeException: Erro 22
java.lang.RuntimeException: Erro 22
	at testes.ErrorLoggerTest.lambda$testeThreadSafetyEscritaLeitura$22(ErrorLoggerTest.java:290)
	at java.base/java.lang.Thread.run(Thread.java:1575)

[ERRO] 2026-01-09 18:51:46.580 - Writer-2
  Exceção: java.lang.RuntimeException: Erro 23
java.lang.RuntimeException: Erro 23
	at testes.ErrorLoggerTest.lambda$testeThreadSafetyEscritaLeitura$22(ErrorLoggerTest.java:290)
	at java.base/java.lang.Thread.run(Thread.java:1575)

[ERRO] 2026-01-09 18:51:46.580 - Writer-2
  Exceção: java.lang.RuntimeException: Erro 24
java.lang.RuntimeException: Erro 24
	at testes.ErrorLoggerTest.lambda$testeThreadSafetyEscritaLeitura$22(ErrorLoggerTest.java:290)
	at java.base/java.lang.Thread.run(Thread.java:1575)

[ERRO] 2026-01-09 18:51:46.580 - Writer-2
  Exceção: java.lang.RuntimeException: Erro 25
java.lang.RuntimeException: Erro 25
	at testes.ErrorLoggerTest.lambda$testeThreadSafetyEscritaLeitura$22(ErrorLoggerTest.java:290)
	at java.base/java.lang.Thread.run(Thread.java:1575)

[ERRO] 2026-01-09 18:51:46.580 - Writer-1
  Exceção: java.lang.RuntimeException: Erro 2
java.lang.RuntimeException: Erro 2
	at testes.ErrorLoggerTest.lambda$testeThreadSafetyEscritaLeitura$22(ErrorLoggerTest.java:290)
	at java.base/java.lang.Thread.run(Thread.java:1575)

[ERRO] 2026-01-09 18:51:46.580 - Writer-1
  Exceção: java.lang.RuntimeException: Erro 3
java.lang.RuntimeException: Erro 3
	at testes.ErrorLoggerTest.lambda$testeThreadSafetyEscritaLeitura$22(ErrorLoggerTest.java:290)
	at java.base/java.lang.Thread.run(Thread.java:1575)

[ERRO] 2026-01-09 18:51:46.580 - Writer-1
  Exceção: java.lang.RuntimeException: Erro 4
java.lang.RuntimeException: Erro 4
	at testes.ErrorLoggerTest.lambda$testeThreadSafetyEscritaLeitura$22(ErrorLoggerTest.java:290)
	at java.base/java.lang.Thread.run(Thread.java:1575)

[ERRO] 2026-01-09 18:51:46.580 - Writer-1
  Exceção: java.lang.RuntimeException: Erro 5
java.lang.RuntimeException: Erro 5
	at testes.ErrorLoggerTest.lambda$testeThreadSafetyEscritaLeitura$22(ErrorLoggerTest.java:290)
	at java.base/java.lang.Thread.run(Thread.java:1575)

[ERRO] 2026-01-09 18:51:46.580 - Writer-1
  Exceção: java.lang.RuntimeException: Erro 6
java.lang.RuntimeException: Erro 6
	at testes.ErrorLoggerTest.lambda$testeThreadSafetyEscritaLeitura$22(ErrorLoggerTest.java:290)
	at java.base/java.lang.Thread.run(Thread.java:1575)

[ERRO] 2026-01-09 18:51:46.580 - Writer-1
  Exceção: java.lang.RuntimeException: Erro 7
java.lang.RuntimeException: Erro 7
	at testes.ErrorLoggerTest.lambda$testeThreadSafetyEscritaLeitura$22(ErrorLoggerTest.java:290)
	at java.base/java.lang.Thread.run(Thread.java:1575)

[ERRO] 2026-01-09 18:51:46.580 - Writer-1
  Exceção: java.lang.RuntimeException: Erro 8
java.lang.RuntimeException: Erro 8
	at testes.ErrorLoggerTest.lambda$testeThreadSafetyEscritaLeitura$22(ErrorLoggerTest.java:290)
	at java.base/java.lang.Thread.run(Thread.java:1575)

[ERRO] 2026-01-09 18:51:46.581 - Writer-4
  Exceção: java.lang.RuntimeException: Erro 1
java.lang.RuntimeException: Erro 1
	at testes.ErrorLoggerTest.lambda$testeThreadSafetyEscritaLeitura$22(ErrorLoggerTest.java:290)
	at java.base/java.lang.Thread.run(Thread.java:1575)

[ERRO] 2026-01-09 18:51:46.581 - Writer-3
  Exceção: java.lang.RuntimeException: Erro 17
java.lang.RuntimeException: Erro 17
	at testes.ErrorLoggerTest.lambda$testeThreadSafetyEscritaLeitura$22(ErrorLoggerTest.java:290)
	at java.base/java.lang.Thread.run(Thread.java:1575)

[ERRO] 2026-01-09 18:51:46.581 - Writer-5
  Exceção: java.lang.RuntimeException: Erro 1
java.lang.RuntimeException: Erro 1
	at testes.ErrorLoggerTest.lambda$testeThreadSafetyEscritaLeitura$22(ErrorLoggerTest.java:290)
	at java.base/java.lang.Thread.run(Thread.java:1575)

[ERRO] 2026-01-09 18:51:46.581 - Writer-0
  Exceção: java.lang.RuntimeException: Erro 10
java.lang.RuntimeException: Erro 10
	at testes.ErrorLoggerTest.lambda$testeThreadSafetyEscritaLeitura$22(ErrorLoggerTest.java:290)
	at java.base/java.lang.Thread.run(Thread.java:1575)

[ERRO] 2026-01-09 18:51:46.581 - Writer-6
  Exceção: java.lang.RuntimeException: Erro 2
java.lang.RuntimeException: Erro 2
	at testes.ErrorLoggerTest.lambda$testeThreadSafetyEscritaLeitura$22(ErrorLoggerTest.java:290)
	at java.base/java.lang.Thread.run(Thread.java:1575)

[ERRO] 2026-01-09 18:51:46.581 - Writer-6
  Exceção: java.lang.RuntimeException: Erro 3
java.lang.RuntimeException: Erro 3
	at testes.ErrorLoggerTest.lambda$testeThreadSafetyEscritaLeitura$22(ErrorLoggerTest.java:290)
	at java.base/java.lang.Thread.run(Thread.java:1575)

[ERRO] 2026-01-09 18:51:46.581 - Writer-6
  Exceção: java.lang.RuntimeException: Erro 4
java.lang.RuntimeException: Erro 4
	at testes.ErrorLoggerTest.lambda$testeThreadSafetyEscritaLeitura$22(ErrorLoggerTest.java:290)
	at java.base/java.lang.Thread.run(Thread.java:1575)

[ERRO] 2026-01-09 18:51:46.581 - Writer-6
  Exceção: java.lang.RuntimeException: Erro 5
java.lang.RuntimeException: Erro 5
	at testes.ErrorLoggerTest.lambda$testeThreadSafetyEscritaLeitura$22(ErrorLoggerTest.java:290)
	at java.base/java.lang.Thread.run(Thread.java:1575)

[ERRO] 2026-01-09 18:51:46.581 - Writer-6
  Exceção: java.lang.RuntimeException: Erro 6
java.lang.RuntimeException: Erro 6
	at testes.ErrorLoggerTest.lambda$testeThreadSafetyEscritaLeitura$22(ErrorLoggerTest.java:290)
	at java.base/java.lang.Thread.run(Thread.java:1575)

[ERRO] 2026-01-09 18:51:46.582 - Writer-6
  Exceção: java.lang.RuntimeException: Erro 7
java.lang.RuntimeException: Erro 7
	at testes.ErrorLoggerTest.lambda$testeThreadSafetyEscritaLeitura$22(ErrorLoggerTest.java:290)
	at java.base/java.lang.Thread.run(Thread.java:1575)

[ERRO] 2026-01-09 18:51:46.582 - Writer-6
  Exceção: java.lang.RuntimeException: Erro 8
java.lang.RuntimeException: Erro 8
	at testes.ErrorLoggerTest.lambda$testeThreadSafetyEscritaLeitura$22(ErrorLoggerTest.java:290)
	at java.base/java.lang.Thread.run(Thread.java:1575)

[ERRO] 2026-01-09 18:51:46.582 - Writer-6
  Exceção: java.lang.RuntimeException: Erro 9
java.lang.RuntimeException: Erro 9
	at testes.ErrorLoggerTest.lambda$testeThreadSafetyEscritaLeitura$22(ErrorLoggerTest.java:290)
	at java.base/java.lang.Thread.run(Thread.java:1575)

[ERRO] 2026-01-09 18:51:46.582 - Writer-6
  Exceção: java.lang.RuntimeException: Erro 10
java.lang.RuntimeException: Erro 10
	at testes.ErrorLoggerTest.lambda$testeThreadSafetyEscritaLeitura$22(ErrorLoggerTest.java:290)
	at java.base/java.lang.Thread.run(Thread.java:1575)

[ERRO] 2026-01-09 18:51:46.582 - Writer-7
  Exceção: java.lang.RuntimeException: Erro 6
java.lang.RuntimeException: Erro 6
	at testes.ErrorLoggerTest.lambda$testeThreadSafetyEscritaLeitura$22(ErrorLoggerTest.java:290)
	at java.base/java.lang.Thread.run(Thread.java:1575)

[ERRO] 2026-01-09 18:51:46.582 - Writer-8
  Exceção: java.lang.RuntimeException: Erro 8
java.lang.RuntimeException: Erro 8
	at testes.ErrorLoggerTest.lambda$testeThreadSafetyEscritaLeitura$22(ErrorLoggerTest.java:290)
	at java.base/java.lang.Thread.run(Thread.java:1575)

[ERRO] 2026-01-09 18:51:46.582 - Writer-8
  Exceção: java.lang.RuntimeException: Erro 9
java.lang.RuntimeException: Erro 9
	at testes.ErrorLoggerTest.lambda$testeThreadSafetyEscritaLeitura$22(ErrorLoggerTest.java:290)
	at java.base/java.lang.Thread.run(Thread.java:1575)

[ERRO] 2026-01-09 18:51:46.582 - Writer-8
  Exceção: java.lang.RuntimeException: Erro 10
java.lang.RuntimeException: Erro 10
	at testes.ErrorLoggerTest.lambda$testeThreadSafetyEscritaLeitura$22(ErrorLoggerTest.java:290)
	at java.base/java.lang.Thread.run(Thread.java:1575)

[ERRO] 2026-01-09 18:51:46.582 - Writer-9
  Exceção: java.lang.RuntimeException: Erro 1
java.lang.RuntimeException: Erro 1
	at testes.ErrorLoggerTest.lambda$testeThreadSafetyEscritaLeitura$22(ErrorLoggerTest.java:290)
	at java.base/java.lang.Thread.run(Thread.java:1575)

[ERRO] 2026-01-09 18:51:46.582 - Writer-9
  Exceção: java.lang.RuntimeException: Erro 2
java.lang.RuntimeException: Erro 2
	at testes.ErrorLoggerTest.lambda$testeThreadSafetyEscritaLeitura$22(ErrorLoggerTest.java:290)
	at java.base/java.lang.Thread.run(Thread.java:1575)

[ERRO] 2026-01-09 18:51:46.582 - Writer-2
  Exceção: java.lang.RuntimeException: Erro 26
java.lang.RuntimeException: Erro 26
	at testes.ErrorLoggerTest.lambda$testeThreadSafetyEscritaLeitura$22(ErrorLoggerTest.java:290)
	at java.base/java.lang.Thread.run(Thread.java:1575)

[ERRO] 2026-01-09 18:51:46.582 - Writer-2
  Exceção: java.lang.RuntimeException: Erro 27
java.lang.RuntimeException: Erro 27
	at testes.ErrorLoggerTest.lambda$testeThreadSafetyEscritaLeitura$22(ErrorLoggerTest.java:290)
	at java.base/java.lang.Thread.run(Thread.java:1575)

[ERRO] 2026-01-09 18:51:46.582 - Writer-2
  Exceção: java.lang.RuntimeException: Erro 28
java.lang.RuntimeException: Erro 28
	at testes.ErrorLoggerTest.lambda$testeThreadSafetyEscritaLeitura$22(ErrorLoggerTest.java:290)
	at java.base/java.lang.Thread.run(Thread.java:1575)

[ERRO] 2026-01-09 18:51:46.582 - Writer-2
  Exceção: java.lang.RuntimeException: Erro 29
java.lang.RuntimeException: Erro 29
	at testes.ErrorLoggerTest.lambda$testeThreadSafetyEscritaLeitura$22(ErrorLoggerTest.java:290)
	at java.base/java.lang.Thread.run(Thread.java:1575)

[ERRO] 2026-01-09 18:51:46.582 - Writer-2
  Exceção: java.lang.RuntimeException: Erro 30
java.lang.RuntimeException: Erro 30
	at testes.ErrorLoggerTest.lambda$testeThreadSafetyEscritaLeitura$22(ErrorLoggerTest.java:290)
	at java.base/java.lang.Thread.run(Thread.java:1575)

[ERRO] 2026-01-09 18:51:46.582 - Writer-2
  Exceção: java.lang.RuntimeException: Erro 31
java.lang.RuntimeException: Erro 31
	at testes.ErrorLoggerTest.lambda$testeThreadSafetyEscritaLeitura$22(ErrorLoggerTest.java:290)
	at java.base/java.lang.Thread.run(Thread.java:1575)

[ERRO] 2026-01-09 18:51:46.583 - Writer-2
  Exceção: java.lang.RuntimeException: Erro 32
java.lang.RuntimeException: Erro 32
	at testes.ErrorLoggerTest.lambda$testeThreadSafetyEscritaLeitura$22(ErrorLoggerTest.java:290)
	at java.base/java.lang.Thread.run(Thread.java:1575)

[ERRO] 2026-01-09 18:51:46.583 - Writer-2
  Exceção: java.lang.RuntimeException: Erro 33
java.lang.RuntimeException: Erro 33
	at testes.ErrorLoggerTest.lambda$testeThreadSafetyEscritaLeitura$22(ErrorLoggerTest.java:290)
	at java.base/java.lang.Thread.run(Thread.java:1575)

[ERRO] 2026-01-09 18:51:46.583 - Writer-2
  Exceção: java.lang.RuntimeException: Erro 34
java.lang.RuntimeException: Erro 34
	at testes.ErrorLoggerTest.lambda$testeThreadSafetyEscritaLeitura$22(ErrorLoggerTest.java:290)
	at java.base/java.lang.Thread.run(Thread.java:1575)

[ERRO] 2026-01-09 18:51:46.583 - Writer-2
  Exceção: java.lang.RuntimeException: Erro 35
java.lang.RuntimeException: Erro 35
	at testes.ErrorLoggerTest.lambda$testeThreadSafetyEscritaLeitura$22(ErrorLoggerTest.java:290)
	at java.base/java.lang.Thread.run(Thread.java:1575)

[ERRO] 2026-01-09 18:51:46.583 - Writer-1
  Exceção: java.lang.RuntimeException: Erro 9
java.lang.RuntimeException: Erro 9
	at testes.ErrorLoggerTest.lambda$testeThreadSafetyEscritaLeitura$22(ErrorLoggerTest.java:290)
	at java.base/java.lang.Thread.run(Thread.java:1575)

[ERRO] 2026-01-09 18:51:46.583 - Writer-4
  Exceção: java.lang.RuntimeException: Erro 2
java.lang.RuntimeException: Erro 2
	at testes.ErrorLoggerTest.lambda$testeThreadSafetyEscritaLeitura$22(ErrorLoggerTest.java:290)
	at java.base/java.lang.Thread.run(Thread.java:1575)

[ERRO] 2026-01-09 18:51:46.583 - Writer-4
  Exceção: java.lang.RuntimeException: Erro 3
java.lang.RuntimeException: Erro 3
	at testes.ErrorLoggerTest.lambda$testeThreadSafetyEscritaLeitura$22(ErrorLoggerTest.java:290)
	at java.base/java.lang.Thread.run(Thread.java:1575)

[ERRO] 2026-01-09 18:51:46.583 - Writer-4
  Exceção: java.lang.RuntimeException: Erro 4
java.lang.RuntimeException: Erro 4
	at testes.ErrorLoggerTest.lambda$testeThreadSafetyEscritaLeitura$22(ErrorLoggerTest.java:290)
	at java.base/java.lang.Thread.run(Thread.java:1575)

[ERRO] 2026-01-09 18:51:46.583 - Writer-4
  Exceção: java.lang.RuntimeException: Erro 5
java.lang.RuntimeException: Erro 5
	at testes.ErrorLoggerTest.lambda$testeThreadSafetyEscritaLeitura$22(ErrorLoggerTest.java:290)
	at java.base/java.lang.Thread.run(Thread.java:1575)

[ERRO] 2026-01-09 18:51:46.583 - Writer-4
  Exceção: java.lang.RuntimeException: Erro 6
java.lang.RuntimeException: Erro 6
	at testes.ErrorLoggerTest.lambda$testeThreadSafetyEscritaLeitura$22(ErrorLoggerTest.java:290)
	at java.base/java.lang.Thread.run(Thread.java:1575)

[ERRO] 2026-01-09 18:51:46.583 - Writer-4
  Exceção: java.lang.RuntimeException: Erro 7
java.lang.RuntimeException: Erro 7
	at testes.ErrorLoggerTest.lambda$testeThreadSafetyEscritaLeitura$22(ErrorLoggerTest.java:290)
	at java.base/java.lang.Thread.run(Thread.java:1575)

[ERRO] 2026-01-09 18:51:46.583 - Writer-4
  Exceção: java.lang.RuntimeException: Erro 8
java.lang.RuntimeException: Erro 8
	at testes.ErrorLoggerTest.lambda$testeThreadSafetyEscritaLeitura$22(ErrorLoggerTest.java:290)
	at java.base/java.lang.Thread.run(Thread.java:1575)

[ERRO] 2026-01-09 18:51:46.583 - Writer-4
  Exceção: java.lang.RuntimeException: Erro 9
java.lang.RuntimeException: Erro 9
	at testes.ErrorLoggerTest.lambda$testeThreadSafetyEscritaLeitura$22(ErrorLoggerTest.java:290)
	at java.base/java.lang.Thread.run(Thread.java:1575)

[ERRO] 2026-01-09 18:51:46.583 - Writer-4
  Exceção: java.lang.RuntimeException: Erro 10
java.lang.RuntimeException: Erro 10
	at testes.ErrorLoggerTest.lambda$testeThreadSafetyEscritaLeitura$22(ErrorLoggerTest.java:290)
	at java.base/java.lang.Thread.run(Thread.java:1575)

[ERRO] 2026-01-09 18:51:46.583 - Writer-3
  Exceção: java.lang.RuntimeException: Erro 18
java.lang.RuntimeException: Erro 18
	at testes.ErrorLoggerTest.lambda$testeThreadSafetyEscritaLeitura$22(ErrorLoggerTest.java:290)
	at java.base/java.lang.Thread.run(Thread.java:1575)

[ERRO] 2026-01-09 18:51:46.584 - Writer-3
  Exceção: java.lang.RuntimeException: Erro 19
java.lang.RuntimeException: Erro 19
	at testes.ErrorLoggerTest.lambda$testeThreadSafetyEscritaLeitura$22(ErrorLoggerTest.java:290)
	at java.base/java.lang.Thread.run(Thread.java:1575)

[ERRO] 2026-01-09 18:51:46.584 - Writer-5
  Exceção: java.lang.RuntimeException: Erro 2
java.lang.RuntimeException: Erro 2
	at testes.ErrorLoggerTest.lambda$testeThreadSafetyEscritaLeitura$22(ErrorLoggerTest.java:290)
	at java.base/java.lang.Thread.run(Thread.java:1575)

[ERRO] 2026-01-09 18:51:46.584 - Writer-5
  Exceção: java.lang.RuntimeException: Erro 3
java.lang.RuntimeException: Erro 3
	at testes.ErrorLoggerTest.lambda$testeThreadSafetyEscritaLeitura$22(ErrorLoggerTest.java:290)
	at java.base/java.lang.Thread.run(Thread.java:1575)

[ERRO] 2026-01-09 18:51:46.584 - Writer-5
  Exceção: java.lang.RuntimeException: Erro 4
java.lang.RuntimeException: Erro 4
	at testes.ErrorLoggerTest.lambda$testeThreadSafetyEscritaLeitura$22(ErrorLoggerTest.java:290)
	at java.base/java.lang.Thread.run(Thread.java:1575)

[ERRO] 2026-01-09 18:51:46.584 - Writer-5
  Exceção: java.lang.RuntimeException: Erro 5
java.lang.RuntimeException: Erro 5
	at testes.ErrorLoggerTest.lambda$testeThreadSafetyEscritaLeitura$22(ErrorLoggerTest.java:290)
	at java.base/java.lang.Thread.run(Thread.java:1575)

[ERRO] 2026-01-09 18:51:46.584 - Writer-5
  Exceção: java.lang.RuntimeException: Erro 6
java.lang.RuntimeException: Erro 6
	at testes.ErrorLoggerTest.lambda$testeThreadSafetyEscritaLeitura$22(ErrorLoggerTest.java:290)
	at java.base/java.lang.Thread.run(Thread.java:1575)

[ERRO] 2026-01-09 18:51:46.584 - Writer-0
  Exceção: java.lang.RuntimeException: Erro 11
java.lang.RuntimeException: Erro 11
	at testes.ErrorLoggerTest.lambda$testeThreadSafetyEscritaLeitura$22(ErrorLoggerTest.java:290)
	at java.base/java.lang.Thread.run(Thread.java:1575)

[ERRO] 2026-01-09 18:51:46.584 - Writer-0
  Exceção: java.lang.RuntimeException: Erro 12
java.lang.RuntimeException: Erro 12
	at testes.ErrorLoggerTest.lambda$testeThreadSafetyEscritaLeitura$22(ErrorLoggerTest.java:290)
	at java.base/java.lang.Thread.run(Thread.java:1575)

[ERRO] 2026-01-09 18:51:46.584 - Writer-0
  Exceção: java.lang.RuntimeException: Erro 13
java.lang.RuntimeException: Erro 13
	at testes.ErrorLoggerTest.lambda$testeThreadSafetyEscritaLeitura$22(ErrorLoggerTest.java:290)
	at java.base/java.lang.Thread.run(Thread.java:1575)

[ERRO] 2026-01-09 18:51:46.584 - Writer-0
  Exceção: java.lang.RuntimeException: Erro 14
java.lang.RuntimeException: Erro 14
	at testes.ErrorLoggerTest.lambda$testeThreadSafetyEscritaLeitura$22(ErrorLoggerTest.java:290)
	at java.base/java.lang.Thread.run(Thread.java:1575)

[ERRO] 2026-01-09 18:51:46.584 - Writer-0
  Exceção: java.lang.RuntimeException: Erro 15
java.lang.RuntimeException: Erro 15
	at testes.ErrorLoggerTest.lambda$testeThreadSafetyEscritaLeitura$22(ErrorLoggerTest.java:290)
	at java.base/java.lang.Thread.run(Thread.java:1575)

[ERRO] 2026-01-09 18:51:46.584 - Writer-0
  Exceção: java.lang.RuntimeException: Erro 16
java.lang.RuntimeException: Erro 16
	at testes.ErrorLoggerTest.lambda$testeThreadSafetyEscritaLeitura$22(ErrorLoggerTest.java:290)
	at java.base/java.lang.Thread.run(Thread.java:1575)

[ERRO] 2026-01-09 18:51:46.584 - Writer-0
  Exceção: java.lang.RuntimeException: Erro 17
java.lang.RuntimeException: Erro 17
	at testes.ErrorLoggerTest.lambda$testeThreadSafetyEscritaLeitura$22(ErrorLoggerTest.java:290)
	at java.base/java.lang.Thread.run(Thread.java:1575)

[ERRO] 2026-01-09 18:51:46.584 - Writer-0
  Exceção: java.lang.RuntimeException: Erro 18
java.lang.RuntimeException: Erro 18
	at testes.ErrorLoggerTest.lambda$testeThreadSafetyEscritaLeitura$22(ErrorLoggerTest.java:290)
	at java.base/java.lang.Thread.run(Thread.java:1575)

[ERRO] 2026-01-09 18:51:46.584 - Writer-0
  Exceção: java.lang.RuntimeException: Erro 19
java.lang.RuntimeException: Erro 19
	at testes.ErrorLoggerTest.lambda$testeThreadSafetyEscritaLeitura$22(ErrorLoggerTest.java:290)
	at java.base/java.lang.Thread.run(Thread.java:1575)

[ERRO] 2026-01-09 18:51:46.584 - Writer-6
  Exceção: java.lang.RuntimeException: Erro 11
java.lang.RuntimeException: Erro 11
	at testes.ErrorLoggerTest.lambda$testeThreadSafetyEscritaLeitura$22(ErrorLoggerTest.java:290)
	at java.base/java.lang.Thread.run(Thread.java:1575)

[ERRO] 2026-01-09 18:51:46.585 - Writer-7
  Exceção: java.lang.RuntimeException: Erro 7
java.lang.RuntimeException: Erro 7
	at testes.ErrorLoggerTest.lambda$testeThreadSafetyEscritaLeitura$22(ErrorLoggerTest.java:290)
	at java.base/java.lang.Thread.run(Thread.java:1575)

[ERRO] 2026-01-09 18:51:46.585 - Writer-8
  Exceção: java.lang.RuntimeException: Erro 11
java.lang.RuntimeException: Erro 11
	at testes.ErrorLoggerTest.lambda$testeThreadSafetyEscritaLeitura$22(ErrorLoggerTest.java:290)
	at java.base/java.lang.Thread.run(Thread.java:1575)

[ERRO] 2026-01-09 18:51:46.585 - Writer-8
  Exceção: java.lang.RuntimeException: Erro 12
java.lang.RuntimeException: Erro 12
	at testes.ErrorLoggerTest.lambda$testeThreadSafetyEscritaLeitura$22(ErrorLoggerTest.java:290)
	at java.base/java.lang.Thread.run(Thread.java:1575)

[ERRO] 2026-01-09 18:51:46.585 - Writer-8
  Exceção: java.lang.RuntimeException: Erro 13
java.lang.RuntimeException: Erro 13
	at testes.ErrorLoggerTest.lambda$testeThreadSafetyEscritaLeitura$22(ErrorLoggerTest.java:290)
	at java.base/java.lang.Thread.run(Thread.java:1575)

[ERRO] 2026-01-09 18:51:46.585 - Writer-8
  Exceção: java.lang.RuntimeException: Erro 14
java.lang.RuntimeException: Erro 14
	at testes.ErrorLoggerTest.lambda$testeThreadSafetyEscritaLeitura$22(ErrorLoggerTest.java:290)
	at java.base/java.lang.Thread.run(Thread.java:1575)

[ERRO] 2026-01-09 18:51:46.585 - Writer-8
  Exceção: java.lang.RuntimeException: Erro 15
java.lang.RuntimeException: Erro 15
	at testes.ErrorLoggerTest.lambda$testeThreadSafetyEscritaLeitura$22(ErrorLoggerTest.java:290)
	at java.base/java.lang.Thread.run(Thread.java:1575)

[ERRO] 2026-01-09 18:51:46.585 - Writer-8
  Exceção: java.lang.RuntimeException: Erro 16
java.lang.RuntimeException: Erro 16
	at testes.ErrorLoggerTest.lambda$testeThreadSafetyEscritaLeitura$22(ErrorLoggerTest.java:290)
	at java.base/java.lang.Thread.run(Thread.java:1575)

[ERRO] 2026-01-09 18:51:46.585 - Writer-8
  Exceção: java.lang.RuntimeException: Erro 17
java.lang.RuntimeException: Erro 17
	at testes.ErrorLoggerTest.lambda$testeThreadSafetyEscritaLeitura$22(ErrorLoggerTest.java:290)
	at java.base/java.lang.Thread.run(Thread.java:1575)

[ERRO] 2026-01-09 18:51:46.585 - Writer-8
  Exceção: java.lang.RuntimeException: Erro 18
java.lang.RuntimeException: Erro 18
	at testes.ErrorLoggerTest.lambda$testeThreadSafetyEscritaLeitura$22(ErrorLoggerTest.java:290)
	at java.base/java.lang.Thread.run(Thread.java:1575)

[ERRO] 2026-01-09 18:51:46.585 - Writer-8
  Exceção: java.lang.RuntimeException: Erro 19
java.lang.RuntimeException: Erro 19
	at testes.ErrorLoggerTest.lambda$testeThreadSafetyEscritaLeitura$22(ErrorLoggerTest.java:290)
	at java.base/java.lang.Thread.run(Thread.java:1575)

[ERRO] 2026-01-09 18:51:46.585 - Writer-9
  Exceção: java.lang.RuntimeException: Erro 3
java.lang.RuntimeException: Erro 3
	at testes.ErrorLoggerTest.lambda$testeThreadSafetyEscritaLeitura$22(ErrorLoggerTest.java:290)
	at java.base/java.lang.Thread.run(Thread.java:1575)

[ERRO] 2026-01-09 18:51:46.585 - Writer-9
  Exceção: java.lang.RuntimeException: Erro 4
java.lang.RuntimeException: Erro 4
	at testes.ErrorLoggerTest.lambda$testeThreadSafetyEscritaLeitura$22(ErrorLoggerTest.java:290)
	at java.base/java.lang.Thread.run(Thread.java:1575)

[ERRO] 2026-01-09 18:51:46.585 - Writer-2
  Exceção: java.lang.RuntimeException: Erro 36
java.lang.RuntimeException: Erro 36
	at testes.ErrorLoggerTest.lambda$testeThreadSafetyEscritaLeitura$22(ErrorLoggerTest.java:290)
	at java.base/java.lang.Thread.run(Thread.java:1575)

[ERRO] 2026-01-09 18:51:46.586 - Writer-1
  Exceção: java.lang.RuntimeException: Erro 10
java.lang.RuntimeException: Erro 10
	at testes.ErrorLoggerTest.lambda$testeThreadSafetyEscritaLeitura$22(ErrorLoggerTest.java:290)
	at java.base/java.lang.Thread.run(Thread.java:1575)

[ERRO] 2026-01-09 18:51:46.586 - Writer-1
  Exceção: java.lang.RuntimeException: Erro 11
java.lang.RuntimeException: Erro 11
	at testes.ErrorLoggerTest.lambda$testeThreadSafetyEscritaLeitura$22(ErrorLoggerTest.java:290)
	at java.base/java.lang.Thread.run(Thread.java:1575)

[ERRO] 2026-01-09 18:51:46.586 - Writer-1
  Exceção: java.lang.RuntimeException: Erro 12
java.lang.RuntimeException: Erro 12
	at testes.ErrorLoggerTest.lambda$testeThreadSafetyEscritaLeitura$22(ErrorLoggerTest.java:290)
	at java.base/java.lang.Thread.run(Thread.java:1575)

[ERRO] 2026-01-09 18:51:46.586 - Writer-1
  Exceção: java.lang.RuntimeException: Erro 13
java.lang.RuntimeException: Erro 13
	at testes.ErrorLoggerTest.lambda$testeThreadSafetyEscritaLeitura$22(ErrorLoggerTest.java:290)
	at java.base/java.lang.Thread.run(Thread.java:1575)

[ERRO] 2026-01-09 18:51:46.586 - Writer-1
  Exceção: java.lang.RuntimeException: Erro 14
java.lang.RuntimeException: Erro 14
	at testes.ErrorLoggerTest.lambda$testeThreadSafetyEscritaLeitura$22(ErrorLoggerTest.java:290)
	at java.base/java.lang.Thread.run(Thread.java:1575)

[ERRO] 2026-01-09 18:51:46.586 - Writer-1
  Exceção: java.lang.RuntimeException: Erro 15
java.lang.RuntimeException: Erro 15
	at testes.ErrorLoggerTest.lambda$testeThreadSafetyEscritaLeitura$22(ErrorLoggerTest.java:290)
	at java.base/java.lang.Thread.run(Thread.java:1575)

[ERRO] 2026-01-09 18:51:46.586 - Writer-1
  Exceção: java.lang.RuntimeException: Erro 16
java.lang.RuntimeException: Erro 16
	at testes.ErrorLoggerTest.lambda$testeThreadSafetyEscritaLeitura$22(ErrorLoggerTest.java:290)
	at java.base/java.lang.Thread.run(Thread.java:1575)

[ERRO] 2026-01-09 18:51:46.586 - Writer-1
  Exceção: java.lang.RuntimeException: Erro 17
java.lang.RuntimeException: Erro 17
	at testes.ErrorLoggerTest.lambda$testeThreadSafetyEscritaLeitura$22(ErrorLoggerTest.java:290)
	at java.base/java.lang.Thread.run(Thread.java:1575)

[ERRO] 2026-01-09 18:51:46.586 - Writer-4
  Exceção: java.lang.RuntimeException: Erro 11
java.lang.RuntimeException: Erro 11
	at testes.ErrorLoggerTest.lambda$testeThreadSafetyEscritaLeitura$22(ErrorLoggerTest.java:290)
	at java.base/java.lang.Thread.run(Thread.java:1575)

[ERRO] 2026-01-09 18:51:46.586 - Writer-3
  Exceção: java.lang.RuntimeException: Erro 20
java.lang.RuntimeException: Erro 20
	at testes.ErrorLoggerTest.lambda$testeThreadSafetyEscritaLeitura$22(ErrorLoggerTest.java:290)
	at java.base/java.lang.Thread.run(Thread.java:1575)

[ERRO] 2026-01-09 18:51:46.586 - Writer-3
  Exceção: java.lang.RuntimeException: Erro 21
java.lang.RuntimeException: Erro 21
	at testes.ErrorLoggerTest.lambda$testeThreadSafetyEscritaLeitura$22(ErrorLoggerTest.java:290)
	at java.base/java.lang.Thread.run(Thread.java:1575)

[ERRO] 2026-01-09 18:51:46.586 - Writer-3
  Exceção: java.lang.RuntimeException: Erro 22
java.lang.RuntimeException: Erro 22
	at testes.ErrorLoggerTest.lambda$testeThreadSafetyEscritaLeitura$22(ErrorLoggerTest.java:290)
	at java.base/java.lang.Thread.run(Thread.java:1575)

[ERRO] 2026-01-09 18:51:46.586 - Writer-3
  Exceção: java.lang.RuntimeException: Erro 23
java.lang.RuntimeException: Erro 23
	at testes.ErrorLoggerTest.lambda$testeThreadSafetyEscritaLeitura$22(ErrorLoggerTest.java:290)
	at java.base/java.lang.Thread.run(Thread.java:1575)

[ERRO] 2026-01-09 18:51:46.586 - Writer-3
  Exceção: java.lang.RuntimeException: Erro 24
java.lang.RuntimeException: Erro 24
	at testes.ErrorLoggerTest.lambda$testeThreadSafetyEscritaLeitura$22(ErrorLoggerTest.java:290)
	at java.base/java.lang.Thread.run(Thread.java:1575)

[ERRO] 2026-01-09 18:51:46.586 - Writer-3
  Exceção: java.lang.RuntimeException: Erro 25
java.lang.RuntimeException: Erro 25
	at testes.ErrorLoggerTest.lambda$testeThreadSafetyEscritaLeitura$22(ErrorLoggerTest.java:290)
	at java.base/java.lang.Thread.run(Thread.java:1575)

[ERRO] 2026-01-09 18:51:46.586 - Writer-3
  Exceção: java.lang.RuntimeException: Erro 26
java.lang.RuntimeException: Erro 26
	at testes.ErrorLoggerTest.lambda$testeThreadSafetyEscritaLeitura$22(ErrorLoggerTest.java:290)
	at java.base/java.lang.Thread.run(Thread.java:1575)

[ERRO] 2026-01-09 18:51:46.586 - Writer-3
  Exceção: java.lang.RuntimeException: Erro 27
java.lang.RuntimeException: Erro 27
	at testes.ErrorLoggerTest.lambda$testeThreadSafetyEscritaLeitura$22(ErrorLoggerTest.java:290)
	at java.base/java.lang.Thread.run(Thread.java:1575)

[ERRO] 2026-01-09 18:51:46.586 - Writer-5
  Exceção: java.lang.RuntimeException: Erro 7
java.lang.RuntimeException: Erro 7
	at testes.ErrorLoggerTest.lambda$testeThreadSafetyEscritaLeitura$22(ErrorLoggerTest.java:290)
	at java.base/java.lang.Thread.run(Thread.java:1575)

[ERRO] 2026-01-09 18:51:46.587 - Writer-5
  Exceção: java.lang.RuntimeException: Erro 8
java.lang.RuntimeException: Erro 8
	at testes.ErrorLoggerTest.lambda$testeThreadSafetyEscritaLeitura$22(ErrorLoggerTest.java:290)
	at java.base/java.lang.Thread.run(Thread.java:1575)

[ERRO] 2026-01-09 18:51:46.587 - Writer-0
  Exceção: java.lang.RuntimeException: Erro 20
java.lang.RuntimeException: Erro 20
	at testes.ErrorLoggerTest.lambda$testeThreadSafetyEscritaLeitura$22(ErrorLoggerTest.java:290)
	at java.base/java.lang.Thread.run(Thread.java:1575)

[ERRO] 2026-01-09 18:51:46.587 - Writer-0
  Exceção: java.lang.RuntimeException: Erro 21
java.lang.RuntimeException: Erro 21
	at testes.ErrorLoggerTest.lambda$testeThreadSafetyEscritaLeitura$22(ErrorLoggerTest.java:290)
	at java.base/java.lang.Thread.run(Thread.java:1575)

[ERRO] 2026-01-09 18:51:46.587 - Writer-0
  Exceção: java.lang.RuntimeException: Erro 22
java.lang.RuntimeException: Erro 22
	at testes.ErrorLoggerTest.lambda$testeThreadSafetyEscritaLeitura$22(ErrorLoggerTest.java:290)
	at java.base/java.lang.Thread.run(Thread.java:1575)

[ERRO] 2026-01-09 18:51:46.587 - Writer-0
  Exceção: java.lang.RuntimeException: Erro 23
java.lang.RuntimeException: Erro 23
	at testes.ErrorLoggerTest.lambda$testeThreadSafetyEscritaLeitura$22(ErrorLoggerTest.java:290)
	at java.base/java.lang.Thread.run(Thread.java:1575)

[ERRO] 2026-01-09 18:51:46.587 - Writer-0
  Exceção: java.lang.RuntimeException: Erro 24
java.lang.RuntimeException: Erro 24
	at testes.ErrorLoggerTest.lambda$testeThreadSafetyEscritaLeitura$22(ErrorLoggerTest.java:290)
	at java.base/java.lang.Thread.run(Thread.java:1575)

[ERRO] 2026-01-09 18:51:46.587 - Writer-0
  Exceção: java.lang.RuntimeException: Erro 25
java.lang.RuntimeException: Erro 25
	at testes.ErrorLoggerTest.lambda$testeThreadSafetyEscritaLeitura$22(ErrorLoggerTest.java:290)
	at java.base/java.lang.Thread.run(Thread.java:1575)

[ERRO] 2026-01-09 18:51:46.587 - Writer-0
  Exceção: java.lang.RuntimeException: Erro 26
java.lang.RuntimeException: Erro 26
	at testes.ErrorLoggerTest.lambda$testeThreadSafetyEscritaLeitura$22(ErrorLoggerTest.java:290)
	at java.base/java.lang.Thread.run(Thread.java:1575)

[ERRO] 2026-01-09 18:51:46.587 - Writer-0
  Exceção: java.lang.RuntimeException: Erro 27
java.lang.RuntimeException: Erro 27
	at testes.ErrorLoggerTest.lambda$testeThreadSafetyEscritaLeitura$22(ErrorLoggerTest.java:290)
	at java.base/java.lang.Thread.run(Thread.java:1575)

[ERRO] 2026-01-09 18:51:46.587 - Writer-6
  Exceção: java.lang.RuntimeException: Erro 12
java.lang.RuntimeException: Erro 12
	at testes.ErrorLoggerTest.lambda$testeThreadSafetyEscritaLeitura$22(ErrorLoggerTest.java:290)
	at java.base/java.lang.Thread.run(Thread.java:1575)

[ERRO] 2026-01-09 18:51:46.587 - Writer-6
  Exceção: java.lang.RuntimeException: Erro 13
java.lang.RuntimeException: Erro 13
	at testes.ErrorLoggerTest.lambda$testeThreadSafetyEscritaLeitura$22(ErrorLoggerTest.java:290)
	at java.base/java.lang.Thread.run(Thread.java:1575)

[ERRO] 2026-01-09 18:51:46.587 - Writer-6
  Exceção: java.lang.RuntimeException: Erro 14
java.lang.RuntimeException: Erro 14
	at testes.ErrorLoggerTest.lambda$testeThreadSafetyEscritaLeitura$22(ErrorLoggerTest.java:290)
	at java.base/java.lang.Thread.run(Thread.java:1575)

[ERRO] 2026-01-09 18:51:46.587 - Writer-6
  Exceção: java.lang.RuntimeException: Erro 15
java.lang.RuntimeException: Erro 15
	at testes.ErrorLoggerTest.lambda$testeThreadSafetyEscritaLeitura$22(ErrorLoggerTest.java:290)
	at java.base/java.lang.Thread.run(Thread.java:1575)

[ERRO] 2026-01-09 18:51:46.587 - Writer-6
  Exceção: java.lang.RuntimeException: Erro 16
java.lang.RuntimeException: Erro 16
	at testes.ErrorLoggerTest.lambda$testeThreadSafetyEscritaLeitura$22(ErrorLoggerTest.java:290)
	at java.base/java.lang.Thread.run(Thread.java:1575)

[ERRO] 2026-01-09 18:51:46.587 - Writer-6
  Exceção: java.lang.RuntimeException: Erro 17
java.lang.RuntimeException: Erro 17
	at testes.ErrorLoggerTest.lambda$testeThreadSafetyEscritaLeitura$22(ErrorLoggerTest.java:290)
	at java.base/java.lang.Thread.run(Thread.java:1575)

[ERRO] 2026-01-09 18:51:46.587 - Writer-6
  Exceção: java.lang.RuntimeException: Erro 18
java.lang.RuntimeException: Erro 18
	at testes.ErrorLoggerTest.lambda$testeThreadSafetyEscritaLeitura$22(ErrorLoggerTest.java:290)
	at java.base/java.lang.Thread.run(Thread.java:1575)

[ERRO] 2026-01-09 18:51:46.587 - Writer-6
  Exceção: java.lang.RuntimeException: Erro 19
java.lang.RuntimeException: Erro 19
	at testes.ErrorLoggerTest.lambda$testeThreadSafetyEscritaLeitura$22(ErrorLoggerTest.java:290)
	at java.base/java.lang.Thread.run(Thread.java:1575)

[ERRO] 2026-01-09 18:51:46.588 - Writer-6
  Exceção: java.lang.RuntimeException: Erro 20
java.lang.RuntimeException: Erro 20
	at testes.ErrorLoggerTest.lambda$testeThreadSafetyEscritaLeitura$22(ErrorLoggerTest.java:290)
	at java.base/java.lang.Thread.run(Thread.java:1575)

[ERRO] 2026-01-09 18:51:46.588 - Writer-7
  Exceção: java.lang.RuntimeException: Erro 8
java.lang.RuntimeException: Erro 8
	at testes.ErrorLoggerTest.lambda$testeThreadSafetyEscritaLeitura$22(ErrorLoggerTest.java:290)
	at java.base/java.lang.Thread.run(Thread.java:1575)

[ERRO] 2026-01-09 18:51:46.588 - Writer-7
  Exceção: java.lang.RuntimeException: Erro 9
java.lang.RuntimeException: Erro 9
	at testes.ErrorLoggerTest.lambda$testeThreadSafetyEscritaLeitura$22(ErrorLoggerTest.java:290)
	at java.base/java.lang.Thread.run(Thread.java:1575)

[ERRO] 2026-01-09 18:51:46.588 - Writer-8
  Exceção: java.lang.RuntimeException: Erro 20
java.lang.RuntimeException: Erro 20
	at testes.ErrorLoggerTest.lambda$testeThreadSafetyEscritaLeitura$22(ErrorLoggerTest.java:290)
	at java.base/java.lang.Thread.run(Thread.java:1575)

[ERRO] 2026-01-09 18:51:46.588 - Writer-8
  Exceção: java.lang.RuntimeException: Erro 21
java.lang.RuntimeException: Erro 21
	at testes.ErrorLoggerTest.lambda$testeThreadSafetyEscritaLeitura$22(ErrorLoggerTest.java:290)
	at java.base/java.lang.Thread.run(Thread.java:1575)

[ERRO] 2026-01-09 18:51:46.588 - Writer-8
  Exceção: java.lang.RuntimeException: Erro 22
java.lang.RuntimeException: Erro 22
	at testes.ErrorLoggerTest.lambda$testeThreadSafetyEscritaLeitura$22(ErrorLoggerTest.java:290)
	at java.base/java.lang.Thread.run(Thread.java:1575)

[ERRO] 2026-01-09 18:51:46.588 - Writer-8
  Exceção: java.lang.RuntimeException: Erro 23
java.lang.RuntimeException: Erro 23
	at testes.ErrorLoggerTest.lambda$testeThreadSafetyEscritaLeitura$22(ErrorLoggerTest.java:290)
	at java.base/java.lang.Thread.run(Thread.java:1575)

[ERRO] 2026-01-09 18:51:46.588 - Writer-8
  Exceção: java.lang.RuntimeException: Erro 24
java.lang.RuntimeException: Erro 24
	at testes.ErrorLoggerTest.lambda$testeThreadSafetyEscritaLeitura$22(ErrorLoggerTest.java:290)
	at java.base/java.lang.Thread.run(Thread.java:1575)

[ERRO] 2026-01-09 18:51:46.588 - Writer-8
  Exceção: java.lang.RuntimeException: Erro 25
java.lang.RuntimeException: Erro 25
	at testes.ErrorLoggerTest.lambda$testeThreadSafetyEscritaLeitura$22(ErrorLoggerTest.java:290)
	at java.base/java.lang.Thread.run(Thread.java:1575)

[ERRO] 2026-01-09 18:51:46.588 - Writer-8
  Exceção: java.lang.RuntimeException: Erro 26
java.lang.RuntimeException: Erro 26
	at testes.ErrorLoggerTest.lambda$testeThreadSafetyEscritaLeitura$22(ErrorLoggerTest.java:290)
	at java.base/java.lang.Thread.run(Thread.java:1575)

[ERRO] 2026-01-09 18:51:46.588 - Writer-8
  Exceção: java.lang.RuntimeException: Erro 27
java.lang.RuntimeException: Erro 27
	at testes.ErrorLoggerTest.lambda$testeThreadSafetyEscritaLeitura$22(ErrorLoggerTest.java:290)
	at java.base/java.lang.Thread.run(Thread.java:1575)

[ERRO] 2026-01-09 18:51:46.588 - Writer-9
  Exceção: java.lang.RuntimeException: Erro 5
java.lang.RuntimeException: Erro 5
	at testes.ErrorLoggerTest.lambda$testeThreadSafetyEscritaLeitura$22(ErrorLoggerTest.java:290)
	at java.base/java.lang.Thread.run(Thread.java:1575)

[ERRO] 2026-01-09 18:51:46.588 - Writer-9
  Exceção: java.lang.RuntimeException: Erro 6
java.lang.RuntimeException: Erro 6
	at testes.ErrorLoggerTest.lambda$testeThreadSafetyEscritaLeitura$22(ErrorLoggerTest.java:290)
	at java.base/java.lang.Thread.run(Thread.java:1575)

[ERRO] 2026-01-09 18:51:46.588 - Writer-9
  Exceção: java.lang.RuntimeException: Erro 7
java.lang.RuntimeException: Erro 7
	at testes.ErrorLoggerTest.lambda$testeThreadSafetyEscritaLeitura$22(ErrorLoggerTest.java:290)
	at java.base/java.lang.Thread.run(Thread.java:1575)

[ERRO] 2026-01-09 18:51:46.588 - Writer-9
  Exceção: java.lang.RuntimeException: Erro 8
java.lang.RuntimeException: Erro 8
	at testes.ErrorLoggerTest.lambda$testeThreadSafetyEscritaLeitura$22(ErrorLoggerTest.java:290)
	at java.base/java.lang.Thread.run(Thread.java:1575)

[ERRO] 2026-01-09 18:51:46.588 - Writer-9
  Exceção: java.lang.RuntimeException: Erro 9
java.lang.RuntimeException: Erro 9
	at testes.ErrorLoggerTest.lambda$testeThreadSafetyEscritaLeitura$22(ErrorLoggerTest.java:290)
	at java.base/java.lang.Thread.run(Thread.java:1575)

[ERRO] 2026-01-09 18:51:46.589 - Writer-9
  Exceção: java.lang.RuntimeException: Erro 10
java.lang.RuntimeException: Erro 10
	at testes.ErrorLoggerTest.lambda$testeThreadSafetyEscritaLeitura$22(ErrorLoggerTest.java:290)
	at java.base/java.lang.Thread.run(Thread.java:1575)

[ERRO] 2026-01-09 18:51:46.589 - Writer-2
  Exceção: java.lang.RuntimeException: Erro 37
java.lang.RuntimeException: Erro 37
	at testes.ErrorLoggerTest.lambda$testeThreadSafetyEscritaLeitura$22(ErrorLoggerTest.java:290)
	at java.base/java.lang.Thread.run(Thread.java:1575)

[ERRO] 2026-01-09 18:51:46.589 - Writer-2
  Exceção: java.lang.RuntimeException: Erro 38
java.lang.RuntimeException: Erro 38
	at testes.ErrorLoggerTest.lambda$testeThreadSafetyEscritaLeitura$22(ErrorLoggerTest.java:290)
	at java.base/java.lang.Thread.run(Thread.java:1575)

[ERRO] 2026-01-09 18:51:46.589 - Writer-2
  Exceção: java.lang.RuntimeException: Erro 39
java.lang.RuntimeException: Erro 39
	at testes.ErrorLoggerTest.lambda$testeThreadSafetyEscritaLeitura$22(ErrorLoggerTest.java:290)
	at java.base/java.lang.Thread.run(Thread.java:1575)

[ERRO] 2026-01-09 18:51:46.589 - Writer-2
  Exceção: java.lang.RuntimeException: Erro 40
java.lang.RuntimeException: Erro 40
	at testes.ErrorLoggerTest.lambda$testeThreadSafetyEscritaLeitura$22(ErrorLoggerTest.java:290)
	at java.base/java.lang.Thread.run(Thread.java:1575)

[ERRO] 2026-01-09 18:51:46.589 - Writer-2
  Exceção: java.lang.RuntimeException: Erro 41
java.lang.RuntimeException: Erro 41
	at testes.ErrorLoggerTest.lambda$testeThreadSafetyEscritaLeitura$22(ErrorLoggerTest.java:290)
	at java.base/java.lang.Thread.run(Thread.java:1575)

[ERRO] 2026-01-09 18:51:46.589 - Writer-2
  Exceção: java.lang.RuntimeException: Erro 42
java.lang.RuntimeException: Erro 42
	at testes.ErrorLoggerTest.lambda$testeThreadSafetyEscritaLeitura$22(ErrorLoggerTest.java:290)
	at java.base/java.lang.Thread.run(Thread.java:1575)

[ERRO] 2026-01-09 18:51:46.589 - Writer-2
  Exceção: java.lang.RuntimeException: Erro 43
java.lang.RuntimeException: Erro 43
	at testes.ErrorLoggerTest.lambda$testeThreadSafetyEscritaLeitura$22(ErrorLoggerTest.java:290)
	at java.base/java.lang.Thread.run(Thread.java:1575)

[ERRO] 2026-01-09 18:51:46.589 - Writer-2
  Exceção: java.lang.RuntimeException: Erro 44
java.lang.RuntimeException: Erro 44
	at testes.ErrorLoggerTest.lambda$testeThreadSafetyEscritaLeitura$22(ErrorLoggerTest.java:290)
	at java.base/java.lang.Thread.run(Thread.java:1575)

[ERRO] 2026-01-09 18:51:46.589 - Writer-2
  Exceção: java.lang.RuntimeException: Erro 45
java.lang.RuntimeException: Erro 45
	at testes.ErrorLoggerTest.lambda$testeThreadSafetyEscritaLeitura$22(ErrorLoggerTest.java:290)
	at java.base/java.lang.Thread.run(Thread.java:1575)

[ERRO] 2026-01-09 18:51:46.589 - Writer-2
  Exceção: java.lang.RuntimeException: Erro 46
java.lang.RuntimeException: Erro 46
	at testes.ErrorLoggerTest.lambda$testeThreadSafetyEscritaLeitura$22(ErrorLoggerTest.java:290)
	at java.base/java.lang.Thread.run(Thread.java:1575)

[ERRO] 2026-01-09 18:51:46.589 - Writer-2
  Exceção: java.lang.RuntimeException: Erro 47
java.lang.RuntimeException: Erro 47
	at testes.ErrorLoggerTest.lambda$testeThreadSafetyEscritaLeitura$22(ErrorLoggerTest.java:290)
	at java.base/java.lang.Thread.run(Thread.java:1575)

[ERRO] 2026-01-09 18:51:46.589 - Writer-2
  Exceção: java.lang.RuntimeException: Erro 48
java.lang.RuntimeException: Erro 48
	at testes.ErrorLoggerTest.lambda$testeThreadSafetyEscritaLeitura$22(ErrorLoggerTest.java:290)
	at java.base/java.lang.Thread.run(Thread.java:1575)

[ERRO] 2026-01-09 18:51:46.589 - Writer-2
  Exceção: java.lang.RuntimeException: Erro 49
java.lang.RuntimeException: Erro 49
	at testes.ErrorLoggerTest.lambda$testeThreadSafetyEscritaLeitura$22(ErrorLoggerTest.java:290)
	at java.base/java.lang.Thread.run(Thread.java:1575)

[ERRO] 2026-01-09 18:51:46.590 - Writer-1
  Exceção: java.lang.RuntimeException: Erro 18
java.lang.RuntimeException: Erro 18
	at testes.ErrorLoggerTest.lambda$testeThreadSafetyEscritaLeitura$22(ErrorLoggerTest.java:290)
	at java.base/java.lang.Thread.run(Thread.java:1575)

[ERRO] 2026-01-09 18:51:46.591 - Writer-1
  Exceção: java.lang.RuntimeException: Erro 19
java.lang.RuntimeException: Erro 19
	at testes.ErrorLoggerTest.lambda$testeThreadSafetyEscritaLeitura$22(ErrorLoggerTest.java:290)
	at java.base/java.lang.Thread.run(Thread.java:1575)

[ERRO] 2026-01-09 18:51:46.591 - Writer-1
  Exceção: java.lang.RuntimeException: Erro 20
java.lang.RuntimeException: Erro 20
	at testes.ErrorLoggerTest.lambda$testeThreadSafetyEscritaLeitura$22(ErrorLoggerTest.java:290)
	at java.base/java.lang.Thread.run(Thread.java:1575)

[ERRO] 2026-01-09 18:51:46.591 - Writer-1
  Exceção: java.lang.RuntimeException: Erro 21
java.lang.RuntimeException: Erro 21
	at testes.ErrorLoggerTest.lambda$testeThreadSafetyEscritaLeitura$22(ErrorLoggerTest.java:290)
	at java.base/java.lang.Thread.run(Thread.java:1575)

[ERRO] 2026-01-09 18:51:46.591 - Writer-1
  Exceção: java.lang.RuntimeException: Erro 22
java.lang.RuntimeException: Erro 22
	at testes.ErrorLoggerTest.lambda$testeThreadSafetyEscritaLeitura$22(ErrorLoggerTest.java:290)
	at java.base/java.lang.Thread.run(Thread.java:1575)

[ERRO] 2026-01-09 18:51:46.591 - Writer-4
  Exceção: java.lang.RuntimeException: Erro 12
java.lang.RuntimeException: Erro 12
	at testes.ErrorLoggerTest.lambda$testeThreadSafetyEscritaLeitura$22(ErrorLoggerTest.java:290)
	at java.base/java.lang.Thread.run(Thread.java:1575)

[ERRO] 2026-01-09 18:51:46.591 - Writer-4
  Exceção: java.lang.RuntimeException: Erro 13
java.lang.RuntimeException: Erro 13
	at testes.ErrorLoggerTest.lambda$testeThreadSafetyEscritaLeitura$22(ErrorLoggerTest.java:290)
	at java.base/java.lang.Thread.run(Thread.java:1575)

[ERRO] 2026-01-09 18:51:46.591 - Writer-4
  Exceção: java.lang.RuntimeException: Erro 14
java.lang.RuntimeException: Erro 14
	at testes.ErrorLoggerTest.lambda$testeThreadSafetyEscritaLeitura$22(ErrorLoggerTest.java:290)
	at java.base/java.lang.Thread.run(Thread.java:1575)

[ERRO] 2026-01-09 18:51:46.591 - Writer-4
  Exceção: java.lang.RuntimeException: Erro 15
java.lang.RuntimeException: Erro 15
	at testes.ErrorLoggerTest.lambda$testeThreadSafetyEscritaLeitura$22(ErrorLoggerTest.java:290)
	at java.base/java.lang.Thread.run(Thread.java:1575)

[ERRO] 2026-01-09 18:51:46.591 - Writer-4
  Exceção: java.lang.RuntimeException: Erro 16
java.lang.RuntimeException: Erro 16
	at testes.ErrorLoggerTest.lambda$testeThreadSafetyEscritaLeitura$22(ErrorLoggerTest.java:290)
	at java.base/java.lang.Thread.run(Thread.java:1575)

[ERRO] 2026-01-09 18:51:46.591 - Writer-4
  Exceção: java.lang.RuntimeException: Erro 17
java.lang.RuntimeException: Erro 17
	at testes.ErrorLoggerTest.lambda$testeThreadSafetyEscritaLeitura$22(ErrorLoggerTest.java:290)
	at java.base/java.lang.Thread.run(Thread.java:1575)

[ERRO] 2026-01-09 18:51:46.591 - Writer-4
  Exceção: java.lang.RuntimeException: Erro 18
java.lang.RuntimeException: Erro 18
	at testes.ErrorLoggerTest.lambda$testeThreadSafetyEscritaLeitura$22(ErrorLoggerTest.java:290)
	at java.base/java.lang.Thread.run(Thread.java:1575)

[ERRO] 2026-01-09 18:51:46.591 - Writer-4
  Exceção: java.lang.RuntimeException: Erro 19
java.lang.RuntimeException: Erro 19
	at testes.ErrorLoggerTest.lambda$testeThreadSafetyEscritaLeitura$22(ErrorLoggerTest.java:290)
	at java.base/java.lang.Thread.run(Thread.java:1575)

[ERRO] 2026-01-09 18:51:46.591 - Writer-4
  Exceção: java.lang.RuntimeException: Erro 20
java.lang.RuntimeException: Erro 20
	at testes.ErrorLoggerTest.lambda$testeThreadSafetyEscritaLeitura$22(ErrorLoggerTest.java:290)
	at java.base/java.lang.Thread.run(Thread.java:1575)

[ERRO] 2026-01-09 18:51:46.591 - Writer-3
  Exceção: java.lang.RuntimeException: Erro 28
java.lang.RuntimeException: Erro 28
	at testes.ErrorLoggerTest.lambda$testeThreadSafetyEscritaLeitura$22(ErrorLoggerTest.java:290)
	at java.base/java.lang.Thread.run(Thread.java:1575)

[ERRO] 2026-01-09 18:51:46.592 - Writer-5
  Exceção: java.lang.RuntimeException: Erro 9
java.lang.RuntimeException: Erro 9
	at testes.ErrorLoggerTest.lambda$testeThreadSafetyEscritaLeitura$22(ErrorLoggerTest.java:290)
	at java.base/java.lang.Thread.run(Thread.java:1575)

[ERRO] 2026-01-09 18:51:46.592 - Writer-5
  Exceção: java.lang.RuntimeException: Erro 10
java.lang.RuntimeException: Erro 10
	at testes.ErrorLoggerTest.lambda$testeThreadSafetyEscritaLeitura$22(ErrorLoggerTest.java:290)
	at java.base/java.lang.Thread.run(Thread.java:1575)

[ERRO] 2026-01-09 18:51:46.592 - Writer-5
  Exceção: java.lang.RuntimeException: Erro 11
java.lang.RuntimeException: Erro 11
	at testes.ErrorLoggerTest.lambda$testeThreadSafetyEscritaLeitura$22(ErrorLoggerTest.java:290)
	at java.base/java.lang.Thread.run(Thread.java:1575)

[ERRO] 2026-01-09 18:51:46.592 - Writer-5
  Exceção: java.lang.RuntimeException: Erro 12
java.lang.RuntimeException: Erro 12
	at testes.ErrorLoggerTest.lambda$testeThreadSafetyEscritaLeitura$22(ErrorLoggerTest.java:290)
	at java.base/java.lang.Thread.run(Thread.java:1575)

[ERRO] 2026-01-09 18:51:46.592 - Writer-5
  Exceção: java.lang.RuntimeException: Erro 13
java.lang.RuntimeException: Erro 13
	at testes.ErrorLoggerTest.lambda$testeThreadSafetyEscritaLeitura$22(ErrorLoggerTest.java:290)
	at java.base/java.lang.Thread.run(Thread.java:1575)

[ERRO] 2026-01-09 18:51:46.592 - Writer-5
  Exceção: java.lang.RuntimeException: Erro 14
java.lang.RuntimeException: Erro 14
	at testes.ErrorLoggerTest.lambda$testeThreadSafetyEscritaLeitura$22(ErrorLoggerTest.java:290)
	at java.base/java.lang.Thread.run(Thread.java:1575)

[ERRO] 2026-01-09 18:51:46.592 - Writer-5
  Exceção: java.lang.RuntimeException: Erro 15
java.lang.RuntimeException: Erro 15
	at testes.ErrorLoggerTest.lambda$testeThreadSafetyEscritaLeitura$22(ErrorLoggerTest.java:290)
	at java.base/java.lang.Thread.run(Thread.java:1575)

[ERRO] 2026-01-09 18:51:46.592 - Writer-5
  Exceção: java.lang.RuntimeException: Erro 16
java.lang.RuntimeException: Erro 16
	at testes.ErrorLoggerTest.lambda$testeThreadSafetyEscritaLeitura$22(ErrorLoggerTest.java:290)
	at java.base/java.lang.Thread.run(Thread.java:1575)

[ERRO] 2026-01-09 18:51:46.592 - Writer-5
  Exceção: java.lang.RuntimeException: Erro 17
java.lang.RuntimeException: Erro 17
	at testes.ErrorLoggerTest.lambda$testeThreadSafetyEscritaLeitura$22(ErrorLoggerTest.java:290)
	at java.base/java.lang.Thread.run(Thread.java:1575)

[ERRO] 2026-01-09 18:51:46.592 - Writer-5
  Exceção: java.lang.RuntimeException: Erro 18
java.lang.RuntimeException: Erro 18
	at testes.ErrorLoggerTest.lambda$testeThreadSafetyEscritaLeitura$22(ErrorLoggerTest.java:290)
	at java.base/java.lang.Thread.run(Thread.java:1575)

[ERRO] 2026-01-09 18:51:46.592 - Writer-5
  Exceção: java.lang.RuntimeException: Erro 19
java.lang.RuntimeException: Erro 19
	at testes.ErrorLoggerTest.lambda$testeThreadSafetyEscritaLeitura$22(ErrorLoggerTest.java:290)
	at java.base/java.lang.Thread.run(Thread.java:1575)

[ERRO] 2026-01-09 18:51:46.592 - Writer-5
  Exceção: java.lang.RuntimeException: Erro 20
java.lang.RuntimeException: Erro 20
	at testes.ErrorLoggerTest.lambda$testeThreadSafetyEscritaLeitura$22(ErrorLoggerTest.java:290)
	at java.base/java.lang.Thread.run(Thread.java:1575)

[ERRO] 2026-01-09 18:51:46.592 - Writer-5
  Exceção: java.lang.RuntimeException: Erro 21
java.lang.RuntimeException: Erro 21
	at testes.ErrorLoggerTest.lambda$testeThreadSafetyEscritaLeitura$22(ErrorLoggerTest.java:290)
	at java.base/java.lang.Thread.run(Thread.java:1575)

[ERRO] 2026-01-09 18:51:46.592 - Writer-5
  Exceção: java.lang.RuntimeException: Erro 22
java.lang.RuntimeException: Erro 22
	at testes.ErrorLoggerTest.lambda$testeThreadSafetyEscritaLeitura$22(ErrorLoggerTest.java:290)
	at java.base/java.lang.Thread.run(Thread.java:1575)

[ERRO] 2026-01-09 18:51:46.592 - Writer-5
  Exceção: java.lang.RuntimeException: Erro 23
java.lang.RuntimeException: Erro 23
	at testes.ErrorLoggerTest.lambda$testeThreadSafetyEscritaLeitura$22(ErrorLoggerTest.java:290)
	at java.base/java.lang.Thread.run(Thread.java:1575)

[ERRO] 2026-01-09 18:51:46.592 - Writer-5
  Exceção: java.lang.RuntimeException: Erro 24
java.lang.RuntimeException: Erro 24
	at testes.ErrorLoggerTest.lambda$testeThreadSafetyEscritaLeitura$22(ErrorLoggerTest.java:290)
	at java.base/java.lang.Thread.run(Thread.java:1575)

[ERRO] 2026-01-09 18:51:46.592 - Writer-5
  Exceção: java.lang.RuntimeException: Erro 25
java.lang.RuntimeException: Erro 25
	at testes.ErrorLoggerTest.lambda$testeThreadSafetyEscritaLeitura$22(ErrorLoggerTest.java:290)
	at java.base/java.lang.Thread.run(Thread.java:1575)

[ERRO] 2026-01-09 18:51:46.592 - Writer-5
  Exceção: java.lang.RuntimeException: Erro 26
java.lang.RuntimeException: Erro 26
	at testes.ErrorLoggerTest.lambda$testeThreadSafetyEscritaLeitura$22(ErrorLoggerTest.java:290)
	at java.base/java.lang.Thread.run(Thread.java:1575)

[ERRO] 2026-01-09 18:51:46.592 - Writer-5
  Exceção: java.lang.RuntimeException: Erro 27
java.lang.RuntimeException: Erro 27
	at testes.ErrorLoggerTest.lambda$testeThreadSafetyEscritaLeitura$22(ErrorLoggerTest.java:290)
	at java.base/java.lang.Thread.run(Thread.java:1575)

[ERRO] 2026-01-09 18:51:46.593 - Writer-5
  Exceção: java.lang.RuntimeException: Erro 28
java.lang.RuntimeException: Erro 28
	at testes.ErrorLoggerTest.lambda$testeThreadSafetyEscritaLeitura$22(ErrorLoggerTest.java:290)
	at java.base/java.lang.Thread.run(Thread.java:1575)

[ERRO] 2026-01-09 18:51:46.593 - Writer-5
  Exceção: java.lang.RuntimeException: Erro 29
java.lang.RuntimeException: Erro 29
	at testes.ErrorLoggerTest.lambda$testeThreadSafetyEscritaLeitura$22(ErrorLoggerTest.java:290)
	at java.base/java.lang.Thread.run(Thread.java:1575)

[ERRO] 2026-01-09 18:51:46.593 - Writer-5
  Exceção: java.lang.RuntimeException: Erro 30
java.lang.RuntimeException: Erro 30
	at testes.ErrorLoggerTest.lambda$testeThreadSafetyEscritaLeitura$22(ErrorLoggerTest.java:290)
	at java.base/java.lang.Thread.run(Thread.java:1575)

[ERRO] 2026-01-09 18:51:46.593 - Writer-5
  Exceção: java.lang.RuntimeException: Erro 31
java.lang.RuntimeException: Erro 31
	at testes.ErrorLoggerTest.lambda$testeThreadSafetyEscritaLeitura$22(ErrorLoggerTest.java:290)
	at java.base/java.lang.Thread.run(Thread.java:1575)

[ERRO] 2026-01-09 18:51:46.593 - Writer-5
  Exceção: java.lang.RuntimeException: Erro 32
java.lang.RuntimeException: Erro 32
	at testes.ErrorLoggerTest.lambda$testeThreadSafetyEscritaLeitura$22(ErrorLoggerTest.java:290)
	at java.base/java.lang.Thread.run(Thread.java:1575)

[ERRO] 2026-01-09 18:51:46.593 - Writer-5
  Exceção: java.lang.RuntimeException: Erro 33
java.lang.RuntimeException: Erro 33
	at testes.ErrorLoggerTest.lambda$testeThreadSafetyEscritaLeitura$22(ErrorLoggerTest.java:290)
	at java.base/java.lang.Thread.run(Thread.java:1575)

[ERRO] 2026-01-09 18:51:46.593 - Writer-5
  Exceção: java.lang.RuntimeException: Erro 34
java.lang.RuntimeException: Erro 34
	at testes.ErrorLoggerTest.lambda$testeThreadSafetyEscritaLeitura$22(ErrorLoggerTest.java:290)
	at java.base/java.lang.Thread.run(Thread.java:1575)

[ERRO] 2026-01-09 18:51:46.593 - Writer-5
  Exceção: java.lang.RuntimeException: Erro 35
java.lang.RuntimeException: Erro 35
	at testes.ErrorLoggerTest.lambda$testeThreadSafetyEscritaLeitura$22(ErrorLoggerTest.java:290)
	at java.base/java.lang.Thread.run(Thread.java:1575)

[ERRO] 2026-01-09 18:51:46.593 - Writer-5
  Exceção: java.lang.RuntimeException: Erro 36
java.lang.RuntimeException: Erro 36
	at testes.ErrorLoggerTest.lambda$testeThreadSafetyEscritaLeitura$22(ErrorLoggerTest.java:290)
	at java.base/java.lang.Thread.run(Thread.java:1575)

[ERRO] 2026-01-09 18:51:46.593 - Writer-5
  Exceção: java.lang.RuntimeException: Erro 37
java.lang.RuntimeException: Erro 37
	at testes.ErrorLoggerTest.lambda$testeThreadSafetyEscritaLeitura$22(ErrorLoggerTest.java:290)
	at java.base/java.lang.Thread.run(Thread.java:1575)

[ERRO] 2026-01-09 18:51:46.593 - Writer-5
  Exceção: java.lang.RuntimeException: Erro 38
java.lang.RuntimeException: Erro 38
	at testes.ErrorLoggerTest.lambda$testeThreadSafetyEscritaLeitura$22(ErrorLoggerTest.java:290)
	at java.base/java.lang.Thread.run(Thread.java:1575)

[ERRO] 2026-01-09 18:51:46.593 - Writer-0
  Exceção: java.lang.RuntimeException: Erro 28
java.lang.RuntimeException: Erro 28
	at testes.ErrorLoggerTest.lambda$testeThreadSafetyEscritaLeitura$22(ErrorLoggerTest.java:290)
	at java.base/java.lang.Thread.run(Thread.java:1575)

[ERRO] 2026-01-09 18:51:46.593 - Writer-0
  Exceção: java.lang.RuntimeException: Erro 29
java.lang.RuntimeException: Erro 29
	at testes.ErrorLoggerTest.lambda$testeThreadSafetyEscritaLeitura$22(ErrorLoggerTest.java:290)
	at java.base/java.lang.Thread.run(Thread.java:1575)

[ERRO] 2026-01-09 18:51:46.593 - Writer-0
  Exceção: java.lang.RuntimeException: Erro 30
java.lang.RuntimeException: Erro 30
	at testes.ErrorLoggerTest.lambda$testeThreadSafetyEscritaLeitura$22(ErrorLoggerTest.java:290)
	at java.base/java.lang.Thread.run(Thread.java:1575)

[ERRO] 2026-01-09 18:51:46.593 - Writer-0
  Exceção: java.lang.RuntimeException: Erro 31
java.lang.RuntimeException: Erro 31
	at testes.ErrorLoggerTest.lambda$testeThreadSafetyEscritaLeitura$22(ErrorLoggerTest.java:290)
	at java.base/java.lang.Thread.run(Thread.java:1575)

[ERRO] 2026-01-09 18:51:46.594 - Writer-6
  Exceção: java.lang.RuntimeException: Erro 21
java.lang.RuntimeException: Erro 21
	at testes.ErrorLoggerTest.lambda$testeThreadSafetyEscritaLeitura$22(ErrorLoggerTest.java:290)
	at java.base/java.lang.Thread.run(Thread.java:1575)

[ERRO] 2026-01-09 18:51:46.594 - Writer-6
  Exceção: java.lang.RuntimeException: Erro 22
java.lang.RuntimeException: Erro 22
	at testes.ErrorLoggerTest.lambda$testeThreadSafetyEscritaLeitura$22(ErrorLoggerTest.java:290)
	at java.base/java.lang.Thread.run(Thread.java:1575)

[ERRO] 2026-01-09 18:51:46.594 - Writer-6
  Exceção: java.lang.RuntimeException: Erro 23
java.lang.RuntimeException: Erro 23
	at testes.ErrorLoggerTest.lambda$testeThreadSafetyEscritaLeitura$22(ErrorLoggerTest.java:290)
	at java.base/java.lang.Thread.run(Thread.java:1575)

[ERRO] 2026-01-09 18:51:46.594 - Writer-6
  Exceção: java.lang.RuntimeException: Erro 24
java.lang.RuntimeException: Erro 24
	at testes.ErrorLoggerTest.lambda$testeThreadSafetyEscritaLeitura$22(ErrorLoggerTest.java:290)
	at java.base/java.lang.Thread.run(Thread.java:1575)

[ERRO] 2026-01-09 18:51:46.594 - Writer-6
  Exceção: java.lang.RuntimeException: Erro 25
java.lang.RuntimeException: Erro 25
	at testes.ErrorLoggerTest.lambda$testeThreadSafetyEscritaLeitura$22(ErrorLoggerTest.java:290)
	at java.base/java.lang.Thread.run(Thread.java:1575)

[ERRO] 2026-01-09 18:51:46.594 - Writer-6
  Exceção: java.lang.RuntimeException: Erro 26
java.lang.RuntimeException: Erro 26
	at testes.ErrorLoggerTest.lambda$testeThreadSafetyEscritaLeitura$22(ErrorLoggerTest.java:290)
	at java.base/java.lang.Thread.run(Thread.java:1575)

[ERRO] 2026-01-09 18:51:46.594 - Writer-6
  Exceção: java.lang.RuntimeException: Erro 27
java.lang.RuntimeException: Erro 27
	at testes.ErrorLoggerTest.lambda$testeThreadSafetyEscritaLeitura$22(ErrorLoggerTest.java:290)
	at java.base/java.lang.Thread.run(Thread.java:1575)

[ERRO] 2026-01-09 18:51:46.594 - Writer-6
  Exceção: java.lang.RuntimeException: Erro 28
java.lang.RuntimeException: Erro 28
	at testes.ErrorLoggerTest.lambda$testeThreadSafetyEscritaLeitura$22(ErrorLoggerTest.java:290)
	at java.base/java.lang.Thread.run(Thread.java:1575)

[ERRO] 2026-01-09 18:51:46.594 - Writer-7
  Exceção: java.lang.RuntimeException: Erro 10
java.lang.RuntimeException: Erro 10
	at testes.ErrorLoggerTest.lambda$testeThreadSafetyEscritaLeitura$22(ErrorLoggerTest.java:290)
	at java.base/java.lang.Thread.run(Thread.java:1575)

[ERRO] 2026-01-09 18:51:46.594 - Writer-8
  Exceção: java.lang.RuntimeException: Erro 28
java.lang.RuntimeException: Erro 28
	at testes.ErrorLoggerTest.lambda$testeThreadSafetyEscritaLeitura$22(ErrorLoggerTest.java:290)
	at java.base/java.lang.Thread.run(Thread.java:1575)

[ERRO] 2026-01-09 18:51:46.594 - Writer-8
  Exceção: java.lang.RuntimeException: Erro 29
java.lang.RuntimeException: Erro 29
	at testes.ErrorLoggerTest.lambda$testeThreadSafetyEscritaLeitura$22(ErrorLoggerTest.java:290)
	at java.base/java.lang.Thread.run(Thread.java:1575)

[ERRO] 2026-01-09 18:51:46.595 - Writer-8
  Exceção: java.lang.RuntimeException: Erro 30
java.lang.RuntimeException: Erro 30
	at testes.ErrorLoggerTest.lambda$testeThreadSafetyEscritaLeitura$22(ErrorLoggerTest.java:290)
	at java.base/java.lang.Thread.run(Thread.java:1575)

[ERRO] 2026-01-09 18:51:46.595 - Writer-8
  Exceção: java.lang.RuntimeException: Erro 31
java.lang.RuntimeException: Erro 31
	at testes.ErrorLoggerTest.lambda$testeThreadSafetyEscritaLeitura$22(ErrorLoggerTest.java:290)
	at java.base/java.lang.Thread.run(Thread.java:1575)

[ERRO] 2026-01-09 18:51:46.595 - Writer-8
  Exceção: java.lang.RuntimeException: Erro 32
java.lang.RuntimeException: Erro 32
	at testes.ErrorLoggerTest.lambda$testeThreadSafetyEscritaLeitura$22(ErrorLoggerTest.java:290)
	at java.base/java.lang.Thread.run(Thread.java:1575)

[ERRO] 2026-01-09 18:51:46.595 - Writer-8
  Exceção: java.lang.RuntimeException: Erro 33
java.lang.RuntimeException: Erro 33
	at testes.ErrorLoggerTest.lambda$testeThreadSafetyEscritaLeitura$22(ErrorLoggerTest.java:290)
	at java.base/java.lang.Thread.run(Thread.java:1575)

[ERRO] 2026-01-09 18:51:46.595 - Writer-8
  Exceção: java.lang.RuntimeException: Erro 34
java.lang.RuntimeException: Erro 34
	at testes.ErrorLoggerTest.lambda$testeThreadSafetyEscritaLeitura$22(ErrorLoggerTest.java:290)
	at java.base/java.lang.Thread.run(Thread.java:1575)

[ERRO] 2026-01-09 18:51:46.595 - Writer-8
  Exceção: java.lang.RuntimeException: Erro 35
java.lang.RuntimeException: Erro 35
	at testes.ErrorLoggerTest.lambda$testeThreadSafetyEscritaLeitura$22(ErrorLoggerTest.java:290)
	at java.base/java.lang.Thread.run(Thread.java:1575)

[ERRO] 2026-01-09 18:51:46.595 - Writer-9
  Exceção: java.lang.RuntimeException: Erro 11
java.lang.RuntimeException: Erro 11
	at testes.ErrorLoggerTest.lambda$testeThreadSafetyEscritaLeitura$22(ErrorLoggerTest.java:290)
	at java.base/java.lang.Thread.run(Thread.java:1575)

[ERRO] 2026-01-09 18:51:46.595 - Writer-9
  Exceção: java.lang.RuntimeException: Erro 12
java.lang.RuntimeException: Erro 12
	at testes.ErrorLoggerTest.lambda$testeThreadSafetyEscritaLeitura$22(ErrorLoggerTest.java:290)
	at java.base/java.lang.Thread.run(Thread.java:1575)

[ERRO] 2026-01-09 18:51:46.595 - Writer-9
  Exceção: java.lang.RuntimeException: Erro 13
java.lang.RuntimeException: Erro 13
	at testes.ErrorLoggerTest.lambda$testeThreadSafetyEscritaLeitura$22(ErrorLoggerTest.java:290)
	at java.base/java.lang.Thread.run(Thread.java:1575)

[ERRO] 2026-01-09 18:51:46.595 - Writer-9
  Exceção: java.lang.RuntimeException: Erro 14
java.lang.RuntimeException: Erro 14
	at testes.ErrorLoggerTest.lambda$testeThreadSafetyEscritaLeitura$22(ErrorLoggerTest.java:290)
	at java.base/java.lang.Thread.run(Thread.java:1575)

[ERRO] 2026-01-09 18:51:46.595 - Writer-9
  Exceção: java.lang.RuntimeException: Erro 15
java.lang.RuntimeException: Erro 15
	at testes.ErrorLoggerTest.lambda$testeThreadSafetyEscritaLeitura$22(ErrorLoggerTest.java:290)
	at java.base/java.lang.Thread.run(Thread.java:1575)

[ERRO] 2026-01-09 18:51:46.595 - Writer-4
  Exceção: java.lang.RuntimeException: Erro 21
java.lang.RuntimeException: Erro 21
	at testes.ErrorLoggerTest.lambda$testeThreadSafetyEscritaLeitura$22(ErrorLoggerTest.java:290)
	at java.base/java.lang.Thread.run(Thread.java:1575)

[ERRO] 2026-01-09 18:51:46.595 - Writer-1
  Exceção: java.lang.RuntimeException: Erro 23
java.lang.RuntimeException: Erro 23
	at testes.ErrorLoggerTest.lambda$testeThreadSafetyEscritaLeitura$22(ErrorLoggerTest.java:290)
	at java.base/java.lang.Thread.run(Thread.java:1575)

[ERRO] 2026-01-09 18:51:46.596 - Writer-1
  Exceção: java.lang.RuntimeException: Erro 24
java.lang.RuntimeException: Erro 24
	at testes.ErrorLoggerTest.lambda$testeThreadSafetyEscritaLeitura$22(ErrorLoggerTest.java:290)
	at java.base/java.lang.Thread.run(Thread.java:1575)

[ERRO] 2026-01-09 18:51:46.596 - Writer-1
  Exceção: java.lang.RuntimeException: Erro 25
java.lang.RuntimeException: Erro 25
	at testes.ErrorLoggerTest.lambda$testeThreadSafetyEscritaLeitura$22(ErrorLoggerTest.java:290)
	at java.base/java.lang.Thread.run(Thread.java:1575)

[ERRO] 2026-01-09 18:51:46.596 - Writer-1
  Exceção: java.lang.RuntimeException: Erro 26
java.lang.RuntimeException: Erro 26
	at testes.ErrorLoggerTest.lambda$testeThreadSafetyEscritaLeitura$22(ErrorLoggerTest.java:290)
	at java.base/java.lang.Thread.run(Thread.java:1575)

[ERRO] 2026-01-09 18:51:46.596 - Writer-1
  Exceção: java.lang.RuntimeException: Erro 27
java.lang.RuntimeException: Erro 27
	at testes.ErrorLoggerTest.lambda$testeThreadSafetyEscritaLeitura$22(ErrorLoggerTest.java:290)
	at java.base/java.lang.Thread.run(Thread.java:1575)

[ERRO] 2026-01-09 18:51:46.596 - Writer-1
  Exceção: java.lang.RuntimeException: Erro 28
java.lang.RuntimeException: Erro 28
	at testes.ErrorLoggerTest.lambda$testeThreadSafetyEscritaLeitura$22(ErrorLoggerTest.java:290)
	at java.base/java.lang.Thread.run(Thread.java:1575)

[ERRO] 2026-01-09 18:51:46.596 - Writer-1
  Exceção: java.lang.RuntimeException: Erro 29
java.lang.RuntimeException: Erro 29
	at testes.ErrorLoggerTest.lambda$testeThreadSafetyEscritaLeitura$22(ErrorLoggerTest.java:290)
	at java.base/java.lang.Thread.run(Thread.java:1575)

[ERRO] 2026-01-09 18:51:46.596 - Writer-1
  Exceção: java.lang.RuntimeException: Erro 30
java.lang.RuntimeException: Erro 30
	at testes.ErrorLoggerTest.lambda$testeThreadSafetyEscritaLeitura$22(ErrorLoggerTest.java:290)
	at java.base/java.lang.Thread.run(Thread.java:1575)

[ERRO] 2026-01-09 18:51:46.596 - Writer-1
  Exceção: java.lang.RuntimeException: Erro 31
java.lang.RuntimeException: Erro 31
	at testes.ErrorLoggerTest.lambda$testeThreadSafetyEscritaLeitura$22(ErrorLoggerTest.java:290)
	at java.base/java.lang.Thread.run(Thread.java:1575)

[ERRO] 2026-01-09 18:51:46.596 - Writer-3
  Exceção: java.lang.RuntimeException: Erro 29
java.lang.RuntimeException: Erro 29
	at testes.ErrorLoggerTest.lambda$testeThreadSafetyEscritaLeitura$22(ErrorLoggerTest.java:290)
	at java.base/java.lang.Thread.run(Thread.java:1575)

[ERRO] 2026-01-09 18:51:46.596 - Writer-3
  Exceção: java.lang.RuntimeException: Erro 30
java.lang.RuntimeException: Erro 30
	at testes.ErrorLoggerTest.lambda$testeThreadSafetyEscritaLeitura$22(ErrorLoggerTest.java:290)
	at java.base/java.lang.Thread.run(Thread.java:1575)

[ERRO] 2026-01-09 18:51:46.596 - Writer-3
  Exceção: java.lang.RuntimeException: Erro 31
java.lang.RuntimeException: Erro 31
	at testes.ErrorLoggerTest.lambda$testeThreadSafetyEscritaLeitura$22(ErrorLoggerTest.java:290)
	at java.base/java.lang.Thread.run(Thread.java:1575)

[ERRO] 2026-01-09 18:51:46.596 - Writer-3
  Exceção: java.lang.RuntimeException: Erro 32
java.lang.RuntimeException: Erro 32
	at testes.ErrorLoggerTest.lambda$testeThreadSafetyEscritaLeitura$22(ErrorLoggerTest.java:290)
	at java.base/java.lang.Thread.run(Thread.java:1575)

[ERRO] 2026-01-09 18:51:46.596 - Writer-3
  Exceção: java.lang.RuntimeException: Erro 33
java.lang.RuntimeException: Erro 33
	at testes.ErrorLoggerTest.lambda$testeThreadSafetyEscritaLeitura$22(ErrorLoggerTest.java:290)
	at java.base/java.lang.Thread.run(Thread.java:1575)

[ERRO] 2026-01-09 18:51:46.596 - Writer-3
  Exceção: java.lang.RuntimeException: Erro 34
java.lang.RuntimeException: Erro 34
	at testes.ErrorLoggerTest.lambda$testeThreadSafetyEscritaLeitura$22(ErrorLoggerTest.java:290)
	at java.base/java.lang.Thread.run(Thread.java:1575)

[ERRO] 2026-01-09 18:51:46.596 - Writer-3
  Exceção: java.lang.RuntimeException: Erro 35
java.lang.RuntimeException: Erro 35
	at testes.ErrorLoggerTest.lambda$testeThreadSafetyEscritaLeitura$22(ErrorLoggerTest.java:290)
	at java.base/java.lang.Thread.run(Thread.java:1575)

[ERRO] 2026-01-09 18:51:46.596 - Writer-3
  Exceção: java.lang.RuntimeException: Erro 36
java.lang.RuntimeException: Erro 36
	at testes.ErrorLoggerTest.lambda$testeThreadSafetyEscritaLeitura$22(ErrorLoggerTest.java:290)
	at java.base/java.lang.Thread.run(Thread.java:1575)

[ERRO] 2026-01-09 18:51:46.596 - Writer-3
  Exceção: java.lang.RuntimeException: Erro 37
java.lang.RuntimeException: Erro 37
	at testes.ErrorLoggerTest.lambda$testeThreadSafetyEscritaLeitura$22(ErrorLoggerTest.java:290)
	at java.base/java.lang.Thread.run(Thread.java:1575)

[ERRO] 2026-01-09 18:51:46.596 - Writer-5
  Exceção: java.lang.RuntimeException: Erro 39
java.lang.RuntimeException: Erro 39
	at testes.ErrorLoggerTest.lambda$testeThreadSafetyEscritaLeitura$22(ErrorLoggerTest.java:290)
	at java.base/java.lang.Thread.run(Thread.java:1575)

[ERRO] 2026-01-09 18:51:46.596 - Writer-5
  Exceção: java.lang.RuntimeException: Erro 40
java.lang.RuntimeException: Erro 40
	at testes.ErrorLoggerTest.lambda$testeThreadSafetyEscritaLeitura$22(ErrorLoggerTest.java:290)
	at java.base/java.lang.Thread.run(Thread.java:1575)

[ERRO] 2026-01-09 18:51:46.596 - Writer-5
  Exceção: java.lang.RuntimeException: Erro 41
java.lang.RuntimeException: Erro 41
	at testes.ErrorLoggerTest.lambda$testeThreadSafetyEscritaLeitura$22(ErrorLoggerTest.java:290)
	at java.base/java.lang.Thread.run(Thread.java:1575)

[ERRO] 2026-01-09 18:51:46.596 - Writer-5
  Exceção: java.lang.RuntimeException: Erro 42
java.lang.RuntimeException: Erro 42
	at testes.ErrorLoggerTest.lambda$testeThreadSafetyEscritaLeitura$22(ErrorLoggerTest.java:290)
	at java.base/java.lang.Thread.run(Thread.java:1575)

[ERRO] 2026-01-09 18:51:46.596 - Writer-5
  Exceção: java.lang.RuntimeException: Erro 43
java.lang.RuntimeException: Erro 43
	at testes.ErrorLoggerTest.lambda$testeThreadSafetyEscritaLeitura$22(ErrorLoggerTest.java:290)
	at java.base/java.lang.Thread.run(Thread.java:1575)

[ERRO] 2026-01-09 18:51:46.597 - Writer-5
  Exceção: java.lang.RuntimeException: Erro 44
java.lang.RuntimeException: Erro 44
	at testes.ErrorLoggerTest.lambda$testeThreadSafetyEscritaLeitura$22(ErrorLoggerTest.java:290)
	at java.base/java.lang.Thread.run(Thread.java:1575)

[ERRO] 2026-01-09 18:51:46.597 - Writer-5
  Exceção: java.lang.RuntimeException: Erro 45
java.lang.RuntimeException: Erro 45
	at testes.ErrorLoggerTest.lambda$testeThreadSafetyEscritaLeitura$22(ErrorLoggerTest.java:290)
	at java.base/java.lang.Thread.run(Thread.java:1575)

[ERRO] 2026-01-09 18:51:46.597 - Writer-5
  Exceção: java.lang.RuntimeException: Erro 46
java.lang.RuntimeException: Erro 46
	at testes.ErrorLoggerTest.lambda$testeThreadSafetyEscritaLeitura$22(ErrorLoggerTest.java:290)
	at java.base/java.lang.Thread.run(Thread.java:1575)

[ERRO] 2026-01-09 18:51:46.597 - Writer-0
  Exceção: java.lang.RuntimeException: Erro 32
java.lang.RuntimeException: Erro 32
	at testes.ErrorLoggerTest.lambda$testeThreadSafetyEscritaLeitura$22(ErrorLoggerTest.java:290)
	at java.base/java.lang.Thread.run(Thread.java:1575)

[ERRO] 2026-01-09 18:51:46.597 - Writer-6
  Exceção: java.lang.RuntimeException: Erro 29
java.lang.RuntimeException: Erro 29
	at testes.ErrorLoggerTest.lambda$testeThreadSafetyEscritaLeitura$22(ErrorLoggerTest.java:290)
	at java.base/java.lang.Thread.run(Thread.java:1575)

[ERRO] 2026-01-09 18:51:46.597 - Writer-6
  Exceção: java.lang.RuntimeException: Erro 30
java.lang.RuntimeException: Erro 30
	at testes.ErrorLoggerTest.lambda$testeThreadSafetyEscritaLeitura$22(ErrorLoggerTest.java:290)
	at java.base/java.lang.Thread.run(Thread.java:1575)

[ERRO] 2026-01-09 18:51:46.597 - Writer-6
  Exceção: java.lang.RuntimeException: Erro 31
java.lang.RuntimeException: Erro 31
	at testes.ErrorLoggerTest.lambda$testeThreadSafetyEscritaLeitura$22(ErrorLoggerTest.java:290)
	at java.base/java.lang.Thread.run(Thread.java:1575)

[ERRO] 2026-01-09 18:51:46.597 - Writer-6
  Exceção: java.lang.RuntimeException: Erro 32
java.lang.RuntimeException: Erro 32
	at testes.ErrorLoggerTest.lambda$testeThreadSafetyEscritaLeitura$22(ErrorLoggerTest.java:290)
	at java.base/java.lang.Thread.run(Thread.java:1575)

[ERRO] 2026-01-09 18:51:46.597 - Writer-6
  Exceção: java.lang.RuntimeException: Erro 33
java.lang.RuntimeException: Erro 33
	at testes.ErrorLoggerTest.lambda$testeThreadSafetyEscritaLeitura$22(ErrorLoggerTest.java:290)
	at java.base/java.lang.Thread.run(Thread.java:1575)

[ERRO] 2026-01-09 18:51:46.597 - Writer-6
  Exceção: java.lang.RuntimeException: Erro 34
java.lang.RuntimeException: Erro 34
	at testes.ErrorLoggerTest.lambda$testeThreadSafetyEscritaLeitura$22(ErrorLoggerTest.java:290)
	at java.base/java.lang.Thread.run(Thread.java:1575)

[ERRO] 2026-01-09 18:51:46.597 - Writer-6
  Exceção: java.lang.RuntimeException: Erro 35
java.lang.RuntimeException: Erro 35
	at testes.ErrorLoggerTest.lambda$testeThreadSafetyEscritaLeitura$22(ErrorLoggerTest.java:290)
	at java.base/java.lang.Thread.run(Thread.java:1575)

[ERRO] 2026-01-09 18:51:46.597 - Writer-6
  Exceção: java.lang.RuntimeException: Erro 36
java.lang.RuntimeException: Erro 36
	at testes.ErrorLoggerTest.lambda$testeThreadSafetyEscritaLeitura$22(ErrorLoggerTest.java:290)
	at java.base/java.lang.Thread.run(Thread.java:1575)

[ERRO] 2026-01-09 18:51:46.597 - Writer-6
  Exceção: java.lang.RuntimeException: Erro 37
java.lang.RuntimeException: Erro 37
	at testes.ErrorLoggerTest.lambda$testeThreadSafetyEscritaLeitura$22(ErrorLoggerTest.java:290)
	at java.base/java.lang.Thread.run(Thread.java:1575)

[ERRO] 2026-01-09 18:51:46.597 - Writer-7
  Exceção: java.lang.RuntimeException: Erro 11
java.lang.RuntimeException: Erro 11
	at testes.ErrorLoggerTest.lambda$testeThreadSafetyEscritaLeitura$22(ErrorLoggerTest.java:290)
	at java.base/java.lang.Thread.run(Thread.java:1575)

[ERRO] 2026-01-09 18:51:46.597 - Writer-7
  Exceção: java.lang.RuntimeException: Erro 12
java.lang.RuntimeException: Erro 12
	at testes.ErrorLoggerTest.lambda$testeThreadSafetyEscritaLeitura$22(ErrorLoggerTest.java:290)
	at java.base/java.lang.Thread.run(Thread.java:1575)

[ERRO] 2026-01-09 18:51:46.597 - Writer-7
  Exceção: java.lang.RuntimeException: Erro 13
java.lang.RuntimeException: Erro 13
	at testes.ErrorLoggerTest.lambda$testeThreadSafetyEscritaLeitura$22(ErrorLoggerTest.java:290)
	at java.base/java.lang.Thread.run(Thread.java:1575)

[ERRO] 2026-01-09 18:51:46.597 - Writer-7
  Exceção: java.lang.RuntimeException: Erro 14
java.lang.RuntimeException: Erro 14
	at testes.ErrorLoggerTest.lambda$testeThreadSafetyEscritaLeitura$22(ErrorLoggerTest.java:290)
	at java.base/java.lang.Thread.run(Thread.java:1575)

[ERRO] 2026-01-09 18:51:46.597 - Writer-7
  Exceção: java.lang.RuntimeException: Erro 15
java.lang.RuntimeException: Erro 15
	at testes.ErrorLoggerTest.lambda$testeThreadSafetyEscritaLeitura$22(ErrorLoggerTest.java:290)
	at java.base/java.lang.Thread.run(Thread.java:1575)

[ERRO] 2026-01-09 18:51:46.598 - Writer-7
  Exceção: java.lang.RuntimeException: Erro 16
java.lang.RuntimeException: Erro 16
	at testes.ErrorLoggerTest.lambda$testeThreadSafetyEscritaLeitura$22(ErrorLoggerTest.java:290)
	at java.base/java.lang.Thread.run(Thread.java:1575)

[ERRO] 2026-01-09 18:51:46.598 - Writer-7
  Exceção: java.lang.RuntimeException: Erro 17
java.lang.RuntimeException: Erro 17
	at testes.ErrorLoggerTest.lambda$testeThreadSafetyEscritaLeitura$22(ErrorLoggerTest.java:290)
	at java.base/java.lang.Thread.run(Thread.java:1575)

[ERRO] 2026-01-09 18:51:46.598 - Writer-8
  Exceção: java.lang.RuntimeException: Erro 36
java.lang.RuntimeException: Erro 36
	at testes.ErrorLoggerTest.lambda$testeThreadSafetyEscritaLeitura$22(ErrorLoggerTest.java:290)
	at java.base/java.lang.Thread.run(Thread.java:1575)

[ERRO] 2026-01-09 18:51:46.598 - Writer-8
  Exceção: java.lang.RuntimeException: Erro 37
java.lang.RuntimeException: Erro 37
	at testes.ErrorLoggerTest.lambda$testeThreadSafetyEscritaLeitura$22(ErrorLoggerTest.java:290)
	at java.base/java.lang.Thread.run(Thread.java:1575)

[ERRO] 2026-01-09 18:51:46.598 - Writer-8
  Exceção: java.lang.RuntimeException: Erro 38
java.lang.RuntimeException: Erro 38
	at testes.ErrorLoggerTest.lambda$testeThreadSafetyEscritaLeitura$22(ErrorLoggerTest.java:290)
	at java.base/java.lang.Thread.run(Thread.java:1575)

[ERRO] 2026-01-09 18:51:46.598 - Writer-8
  Exceção: java.lang.RuntimeException: Erro 39
java.lang.RuntimeException: Erro 39
	at testes.ErrorLoggerTest.lambda$testeThreadSafetyEscritaLeitura$22(ErrorLoggerTest.java:290)
	at java.base/java.lang.Thread.run(Thread.java:1575)

[ERRO] 2026-01-09 18:51:46.598 - Writer-8
  Exceção: java.lang.RuntimeException: Erro 40
java.lang.RuntimeException: Erro 40
	at testes.ErrorLoggerTest.lambda$testeThreadSafetyEscritaLeitura$22(ErrorLoggerTest.java:290)
	at java.base/java.lang.Thread.run(Thread.java:1575)

[ERRO] 2026-01-09 18:51:46.598 - Writer-9
  Exceção: java.lang.RuntimeException: Erro 16
java.lang.RuntimeException: Erro 16
	at testes.ErrorLoggerTest.lambda$testeThreadSafetyEscritaLeitura$22(ErrorLoggerTest.java:290)
	at java.base/java.lang.Thread.run(Thread.java:1575)

[ERRO] 2026-01-09 18:51:46.598 - Writer-9
  Exceção: java.lang.RuntimeException: Erro 17
java.lang.RuntimeException: Erro 17
	at testes.ErrorLoggerTest.lambda$testeThreadSafetyEscritaLeitura$22(ErrorLoggerTest.java:290)
	at java.base/java.lang.Thread.run(Thread.java:1575)

[ERRO] 2026-01-09 18:51:46.598 - Writer-9
  Exceção: java.lang.RuntimeException: Erro 18
java.lang.RuntimeException: Erro 18
	at testes.ErrorLoggerTest.lambda$testeThreadSafetyEscritaLeitura$22(ErrorLoggerTest.java:290)
	at java.base/java.lang.Thread.run(Thread.java:1575)

[ERRO] 2026-01-09 18:51:46.598 - Writer-9
  Exceção: java.lang.RuntimeException: Erro 19
java.lang.RuntimeException: Erro 19
	at testes.ErrorLoggerTest.lambda$testeThreadSafetyEscritaLeitura$22(ErrorLoggerTest.java:290)
	at java.base/java.lang.Thread.run(Thread.java:1575)

[ERRO] 2026-01-09 18:51:46.598 - Writer-9
  Exceção: java.lang.RuntimeException: Erro 20
java.lang.RuntimeException: Erro 20
	at testes.ErrorLoggerTest.lambda$testeThreadSafetyEscritaLeitura$22(ErrorLoggerTest.java:290)
	at java.base/java.lang.Thread.run(Thread.java:1575)

[ERRO] 2026-01-09 18:51:46.598 - Writer-9
  Exceção: java.lang.RuntimeException: Erro 21
java.lang.RuntimeException: Erro 21
	at testes.ErrorLoggerTest.lambda$testeThreadSafetyEscritaLeitura$22(ErrorLoggerTest.java:290)
	at java.base/java.lang.Thread.run(Thread.java:1575)

[ERRO] 2026-01-09 18:51:46.598 - Writer-9
  Exceção: java.lang.RuntimeException: Erro 22
java.lang.RuntimeException: Erro 22
	at testes.ErrorLoggerTest.lambda$testeThreadSafetyEscritaLeitura$22(ErrorLoggerTest.java:290)
	at java.base/java.lang.Thread.run(Thread.java:1575)

[ERRO] 2026-01-09 18:51:46.598 - Writer-9
  Exceção: java.lang.RuntimeException: Erro 23
java.lang.RuntimeException: Erro 23
	at testes.ErrorLoggerTest.lambda$testeThreadSafetyEscritaLeitura$22(ErrorLoggerTest.java:290)
	at java.base/java.lang.Thread.run(Thread.java:1575)

[ERRO] 2026-01-09 18:51:46.598 - Writer-9
  Exceção: java.lang.RuntimeException: Erro 24
java.lang.RuntimeException: Erro 24
	at testes.ErrorLoggerTest.lambda$testeThreadSafetyEscritaLeitura$22(ErrorLoggerTest.java:290)
	at java.base/java.lang.Thread.run(Thread.java:1575)

[ERRO] 2026-01-09 18:51:46.599 - Writer-4
  Exceção: java.lang.RuntimeException: Erro 22
java.lang.RuntimeException: Erro 22
	at testes.ErrorLoggerTest.lambda$testeThreadSafetyEscritaLeitura$22(ErrorLoggerTest.java:290)
	at java.base/java.lang.Thread.run(Thread.java:1575)

[ERRO] 2026-01-09 18:51:46.599 - Writer-4
  Exceção: java.lang.RuntimeException: Erro 23
java.lang.RuntimeException: Erro 23
	at testes.ErrorLoggerTest.lambda$testeThreadSafetyEscritaLeitura$22(ErrorLoggerTest.java:290)
	at java.base/java.lang.Thread.run(Thread.java:1575)

[ERRO] 2026-01-09 18:51:46.599 - Writer-4
  Exceção: java.lang.RuntimeException: Erro 24
java.lang.RuntimeException: Erro 24
	at testes.ErrorLoggerTest.lambda$testeThreadSafetyEscritaLeitura$22(ErrorLoggerTest.java:290)
	at java.base/java.lang.Thread.run(Thread.java:1575)

[ERRO] 2026-01-09 18:51:46.599 - Writer-4
  Exceção: java.lang.RuntimeException: Erro 25
java.lang.RuntimeException: Erro 25
	at testes.ErrorLoggerTest.lambda$testeThreadSafetyEscritaLeitura$22(ErrorLoggerTest.java:290)
	at java.base/java.lang.Thread.run(Thread.java:1575)

[ERRO] 2026-01-09 18:51:46.599 - Writer-4
  Exceção: java.lang.RuntimeException: Erro 26
java.lang.RuntimeException: Erro 26
	at testes.ErrorLoggerTest.lambda$testeThreadSafetyEscritaLeitura$22(ErrorLoggerTest.java:290)
	at java.base/java.lang.Thread.run(Thread.java:1575)

[ERRO] 2026-01-09 18:51:46.599 - Writer-4
  Exceção: java.lang.RuntimeException: Erro 27
java.lang.RuntimeException: Erro 27
	at testes.ErrorLoggerTest.lambda$testeThreadSafetyEscritaLeitura$22(ErrorLoggerTest.java:290)
	at java.base/java.lang.Thread.run(Thread.java:1575)

[ERRO] 2026-01-09 18:51:46.599 - Writer-4
  Exceção: java.lang.RuntimeException: Erro 28
java.lang.RuntimeException: Erro 28
	at testes.ErrorLoggerTest.lambda$testeThreadSafetyEscritaLeitura$22(ErrorLoggerTest.java:290)
	at java.base/java.lang.Thread.run(Thread.java:1575)

[ERRO] 2026-01-09 18:51:46.599 - Writer-4
  Exceção: java.lang.RuntimeException: Erro 29
java.lang.RuntimeException: Erro 29
	at testes.ErrorLoggerTest.lambda$testeThreadSafetyEscritaLeitura$22(ErrorLoggerTest.java:290)
	at java.base/java.lang.Thread.run(Thread.java:1575)

[ERRO] 2026-01-09 18:51:46.599 - Writer-1
  Exceção: java.lang.RuntimeException: Erro 32
java.lang.RuntimeException: Erro 32
	at testes.ErrorLoggerTest.lambda$testeThreadSafetyEscritaLeitura$22(ErrorLoggerTest.java:290)
	at java.base/java.lang.Thread.run(Thread.java:1575)

[ERRO] 2026-01-09 18:51:46.599 - Writer-1
  Exceção: java.lang.RuntimeException: Erro 33
java.lang.RuntimeException: Erro 33
	at testes.ErrorLoggerTest.lambda$testeThreadSafetyEscritaLeitura$22(ErrorLoggerTest.java:290)
	at java.base/java.lang.Thread.run(Thread.java:1575)

[ERRO] 2026-01-09 18:51:46.599 - Writer-1
  Exceção: java.lang.RuntimeException: Erro 34
java.lang.RuntimeException: Erro 34
	at testes.ErrorLoggerTest.lambda$testeThreadSafetyEscritaLeitura$22(ErrorLoggerTest.java:290)
	at java.base/java.lang.Thread.run(Thread.java:1575)

[ERRO] 2026-01-09 18:51:46.599 - Writer-1
  Exceção: java.lang.RuntimeException: Erro 35
java.lang.RuntimeException: Erro 35
	at testes.ErrorLoggerTest.lambda$testeThreadSafetyEscritaLeitura$22(ErrorLoggerTest.java:290)
	at java.base/java.lang.Thread.run(Thread.java:1575)

[ERRO] 2026-01-09 18:51:46.599 - Writer-1
  Exceção: java.lang.RuntimeException: Erro 36
java.lang.RuntimeException: Erro 36
	at testes.ErrorLoggerTest.lambda$testeThreadSafetyEscritaLeitura$22(ErrorLoggerTest.java:290)
	at java.base/java.lang.Thread.run(Thread.java:1575)

[ERRO] 2026-01-09 18:51:46.599 - Writer-1
  Exceção: java.lang.RuntimeException: Erro 37
java.lang.RuntimeException: Erro 37
	at testes.ErrorLoggerTest.lambda$testeThreadSafetyEscritaLeitura$22(ErrorLoggerTest.java:290)
	at java.base/java.lang.Thread.run(Thread.java:1575)

[ERRO] 2026-01-09 18:51:46.599 - Writer-1
  Exceção: java.lang.RuntimeException: Erro 38
java.lang.RuntimeException: Erro 38
	at testes.ErrorLoggerTest.lambda$testeThreadSafetyEscritaLeitura$22(ErrorLoggerTest.java:290)
	at java.base/java.lang.Thread.run(Thread.java:1575)

[ERRO] 2026-01-09 18:51:46.599 - Writer-1
  Exceção: java.lang.RuntimeException: Erro 39
java.lang.RuntimeException: Erro 39
	at testes.ErrorLoggerTest.lambda$testeThreadSafetyEscritaLeitura$22(ErrorLoggerTest.java:290)
	at java.base/java.lang.Thread.run(Thread.java:1575)

[ERRO] 2026-01-09 18:51:46.599 - Writer-1
  Exceção: java.lang.RuntimeException: Erro 40
java.lang.RuntimeException: Erro 40
	at testes.ErrorLoggerTest.lambda$testeThreadSafetyEscritaLeitura$22(ErrorLoggerTest.java:290)
	at java.base/java.lang.Thread.run(Thread.java:1575)

[ERRO] 2026-01-09 18:51:46.599 - Writer-3
  Exceção: java.lang.RuntimeException: Erro 38
java.lang.RuntimeException: Erro 38
	at testes.ErrorLoggerTest.lambda$testeThreadSafetyEscritaLeitura$22(ErrorLoggerTest.java:290)
	at java.base/java.lang.Thread.run(Thread.java:1575)

[ERRO] 2026-01-09 18:51:46.600 - Writer-3
  Exceção: java.lang.RuntimeException: Erro 39
java.lang.RuntimeException: Erro 39
	at testes.ErrorLoggerTest.lambda$testeThreadSafetyEscritaLeitura$22(ErrorLoggerTest.java:290)
	at java.base/java.lang.Thread.run(Thread.java:1575)

[ERRO] 2026-01-09 18:51:46.600 - Writer-3
  Exceção: java.lang.RuntimeException: Erro 40
java.lang.RuntimeException: Erro 40
	at testes.ErrorLoggerTest.lambda$testeThreadSafetyEscritaLeitura$22(ErrorLoggerTest.java:290)
	at java.base/java.lang.Thread.run(Thread.java:1575)

[ERRO] 2026-01-09 18:51:46.600 - Writer-3
  Exceção: java.lang.RuntimeException: Erro 41
java.lang.RuntimeException: Erro 41
	at testes.ErrorLoggerTest.lambda$testeThreadSafetyEscritaLeitura$22(ErrorLoggerTest.java:290)
	at java.base/java.lang.Thread.run(Thread.java:1575)

[ERRO] 2026-01-09 18:51:46.600 - Writer-3
  Exceção: java.lang.RuntimeException: Erro 42
java.lang.RuntimeException: Erro 42
	at testes.ErrorLoggerTest.lambda$testeThreadSafetyEscritaLeitura$22(ErrorLoggerTest.java:290)
	at java.base/java.lang.Thread.run(Thread.java:1575)

[ERRO] 2026-01-09 18:51:46.600 - Writer-3
  Exceção: java.lang.RuntimeException: Erro 43
java.lang.RuntimeException: Erro 43
	at testes.ErrorLoggerTest.lambda$testeThreadSafetyEscritaLeitura$22(ErrorLoggerTest.java:290)
	at java.base/java.lang.Thread.run(Thread.java:1575)

[ERRO] 2026-01-09 18:51:46.600 - Writer-3
  Exceção: java.lang.RuntimeException: Erro 44
java.lang.RuntimeException: Erro 44
	at testes.ErrorLoggerTest.lambda$testeThreadSafetyEscritaLeitura$22(ErrorLoggerTest.java:290)
	at java.base/java.lang.Thread.run(Thread.java:1575)

[ERRO] 2026-01-09 18:51:46.600 - Writer-3
  Exceção: java.lang.RuntimeException: Erro 45
java.lang.RuntimeException: Erro 45
	at testes.ErrorLoggerTest.lambda$testeThreadSafetyEscritaLeitura$22(ErrorLoggerTest.java:290)
	at java.base/java.lang.Thread.run(Thread.java:1575)

[ERRO] 2026-01-09 18:51:46.600 - Writer-3
  Exceção: java.lang.RuntimeException: Erro 46
java.lang.RuntimeException: Erro 46
	at testes.ErrorLoggerTest.lambda$testeThreadSafetyEscritaLeitura$22(ErrorLoggerTest.java:290)
	at java.base/java.lang.Thread.run(Thread.java:1575)

[ERRO] 2026-01-09 18:51:46.600 - Writer-5
  Exceção: java.lang.RuntimeException: Erro 47
java.lang.RuntimeException: Erro 47
	at testes.ErrorLoggerTest.lambda$testeThreadSafetyEscritaLeitura$22(ErrorLoggerTest.java:290)
	at java.base/java.lang.Thread.run(Thread.java:1575)

[ERRO] 2026-01-09 18:51:46.600 - Writer-5
  Exceção: java.lang.RuntimeException: Erro 48
java.lang.RuntimeException: Erro 48
	at testes.ErrorLoggerTest.lambda$testeThreadSafetyEscritaLeitura$22(ErrorLoggerTest.java:290)
	at java.base/java.lang.Thread.run(Thread.java:1575)

[ERRO] 2026-01-09 18:51:46.600 - Writer-5
  Exceção: java.lang.RuntimeException: Erro 49
java.lang.RuntimeException: Erro 49
	at testes.ErrorLoggerTest.lambda$testeThreadSafetyEscritaLeitura$22(ErrorLoggerTest.java:290)
	at java.base/java.lang.Thread.run(Thread.java:1575)

[ERRO] 2026-01-09 18:51:46.600 - Writer-0
  Exceção: java.lang.RuntimeException: Erro 33
java.lang.RuntimeException: Erro 33
	at testes.ErrorLoggerTest.lambda$testeThreadSafetyEscritaLeitura$22(ErrorLoggerTest.java:290)
	at java.base/java.lang.Thread.run(Thread.java:1575)

[ERRO] 2026-01-09 18:51:46.600 - Writer-6
  Exceção: java.lang.RuntimeException: Erro 38
java.lang.RuntimeException: Erro 38
	at testes.ErrorLoggerTest.lambda$testeThreadSafetyEscritaLeitura$22(ErrorLoggerTest.java:290)
	at java.base/java.lang.Thread.run(Thread.java:1575)

[ERRO] 2026-01-09 18:51:46.600 - Writer-6
  Exceção: java.lang.RuntimeException: Erro 39
java.lang.RuntimeException: Erro 39
	at testes.ErrorLoggerTest.lambda$testeThreadSafetyEscritaLeitura$22(ErrorLoggerTest.java:290)
	at java.base/java.lang.Thread.run(Thread.java:1575)

[ERRO] 2026-01-09 18:51:46.600 - Writer-6
  Exceção: java.lang.RuntimeException: Erro 40
java.lang.RuntimeException: Erro 40
	at testes.ErrorLoggerTest.lambda$testeThreadSafetyEscritaLeitura$22(ErrorLoggerTest.java:290)
	at java.base/java.lang.Thread.run(Thread.java:1575)

[ERRO] 2026-01-09 18:51:46.600 - Writer-6
  Exceção: java.lang.RuntimeException: Erro 41
java.lang.RuntimeException: Erro 41
	at testes.ErrorLoggerTest.lambda$testeThreadSafetyEscritaLeitura$22(ErrorLoggerTest.java:290)
	at java.base/java.lang.Thread.run(Thread.java:1575)

[ERRO] 2026-01-09 18:51:46.600 - Writer-6
  Exceção: java.lang.RuntimeException: Erro 42
java.lang.RuntimeException: Erro 42
	at testes.ErrorLoggerTest.lambda$testeThreadSafetyEscritaLeitura$22(ErrorLoggerTest.java:290)
	at java.base/java.lang.Thread.run(Thread.java:1575)

[ERRO] 2026-01-09 18:51:46.600 - Writer-6
  Exceção: java.lang.RuntimeException: Erro 43
java.lang.RuntimeException: Erro 43
	at testes.ErrorLoggerTest.lambda$testeThreadSafetyEscritaLeitura$22(ErrorLoggerTest.java:290)
	at java.base/java.lang.Thread.run(Thread.java:1575)

[ERRO] 2026-01-09 18:51:46.600 - Writer-6
  Exceção: java.lang.RuntimeException: Erro 44
java.lang.RuntimeException: Erro 44
	at testes.ErrorLoggerTest.lambda$testeThreadSafetyEscritaLeitura$22(ErrorLoggerTest.java:290)
	at java.base/java.lang.Thread.run(Thread.java:1575)

[ERRO] 2026-01-09 18:51:46.601 - Writer-6
  Exceção: java.lang.RuntimeException: Erro 45
java.lang.RuntimeException: Erro 45
	at testes.ErrorLoggerTest.lambda$testeThreadSafetyEscritaLeitura$22(ErrorLoggerTest.java:290)
	at java.base/java.lang.Thread.run(Thread.java:1575)

[ERRO] 2026-01-09 18:51:46.601 - Writer-6
  Exceção: java.lang.RuntimeException: Erro 46
java.lang.RuntimeException: Erro 46
	at testes.ErrorLoggerTest.lambda$testeThreadSafetyEscritaLeitura$22(ErrorLoggerTest.java:290)
	at java.base/java.lang.Thread.run(Thread.java:1575)

[ERRO] 2026-01-09 18:51:46.601 - Writer-6
  Exceção: java.lang.RuntimeException: Erro 47
java.lang.RuntimeException: Erro 47
	at testes.ErrorLoggerTest.lambda$testeThreadSafetyEscritaLeitura$22(ErrorLoggerTest.java:290)
	at java.base/java.lang.Thread.run(Thread.java:1575)

[ERRO] 2026-01-09 18:51:46.601 - Writer-7
  Exceção: java.lang.RuntimeException: Erro 18
java.lang.RuntimeException: Erro 18
	at testes.ErrorLoggerTest.lambda$testeThreadSafetyEscritaLeitura$22(ErrorLoggerTest.java:290)
	at java.base/java.lang.Thread.run(Thread.java:1575)

[ERRO] 2026-01-09 18:51:46.601 - Writer-7
  Exceção: java.lang.RuntimeException: Erro 19
java.lang.RuntimeException: Erro 19
	at testes.ErrorLoggerTest.lambda$testeThreadSafetyEscritaLeitura$22(ErrorLoggerTest.java:290)
	at java.base/java.lang.Thread.run(Thread.java:1575)

[ERRO] 2026-01-09 18:51:46.601 - Writer-7
  Exceção: java.lang.RuntimeException: Erro 20
java.lang.RuntimeException: Erro 20
	at testes.ErrorLoggerTest.lambda$testeThreadSafetyEscritaLeitura$22(ErrorLoggerTest.java:290)
	at java.base/java.lang.Thread.run(Thread.java:1575)

[ERRO] 2026-01-09 18:51:46.601 - Writer-7
  Exceção: java.lang.RuntimeException: Erro 21
java.lang.RuntimeException: Erro 21
	at testes.ErrorLoggerTest.lambda$testeThreadSafetyEscritaLeitura$22(ErrorLoggerTest.java:290)
	at java.base/java.lang.Thread.run(Thread.java:1575)

[ERRO] 2026-01-09 18:51:46.601 - Writer-7
  Exceção: java.lang.RuntimeException: Erro 22
java.lang.RuntimeException: Erro 22
	at testes.ErrorLoggerTest.lambda$testeThreadSafetyEscritaLeitura$22(ErrorLoggerTest.java:290)
	at java.base/java.lang.Thread.run(Thread.java:1575)

[ERRO] 2026-01-09 18:51:46.601 - Writer-7
  Exceção: java.lang.RuntimeException: Erro 23
java.lang.RuntimeException: Erro 23
	at testes.ErrorLoggerTest.lambda$testeThreadSafetyEscritaLeitura$22(ErrorLoggerTest.java:290)
	at java.base/java.lang.Thread.run(Thread.java:1575)

[ERRO] 2026-01-09 18:51:46.601 - Writer-7
  Exceção: java.lang.RuntimeException: Erro 24
java.lang.RuntimeException: Erro 24
	at testes.ErrorLoggerTest.lambda$testeThreadSafetyEscritaLeitura$22(ErrorLoggerTest.java:290)
	at java.base/java.lang.Thread.run(Thread.java:1575)

[ERRO] 2026-01-09 18:51:46.601 - Writer-7
  Exceção: java.lang.RuntimeException: Erro 25
java.lang.RuntimeException: Erro 25
	at testes.ErrorLoggerTest.lambda$testeThreadSafetyEscritaLeitura$22(ErrorLoggerTest.java:290)
	at java.base/java.lang.Thread.run(Thread.java:1575)

[ERRO] 2026-01-09 18:51:46.601 - Writer-7
  Exceção: java.lang.RuntimeException: Erro 26
java.lang.RuntimeException: Erro 26
	at testes.ErrorLoggerTest.lambda$testeThreadSafetyEscritaLeitura$22(ErrorLoggerTest.java:290)
	at java.base/java.lang.Thread.run(Thread.java:1575)

[ERRO] 2026-01-09 18:51:46.602 - Writer-7
  Exceção: java.lang.RuntimeException: Erro 27
java.lang.RuntimeException: Erro 27
	at testes.ErrorLoggerTest.lambda$testeThreadSafetyEscritaLeitura$22(ErrorLoggerTest.java:290)
	at java.base/java.lang.Thread.run(Thread.java:1575)

[ERRO] 2026-01-09 18:51:46.602 - Writer-7
  Exceção: java.lang.RuntimeException: Erro 28
java.lang.RuntimeException: Erro 28
	at testes.ErrorLoggerTest.lambda$testeThreadSafetyEscritaLeitura$22(ErrorLoggerTest.java:290)
	at java.base/java.lang.Thread.run(Thread.java:1575)

[ERRO] 2026-01-09 18:51:46.602 - Writer-7
  Exceção: java.lang.RuntimeException: Erro 29
java.lang.RuntimeException: Erro 29
	at testes.ErrorLoggerTest.lambda$testeThreadSafetyEscritaLeitura$22(ErrorLoggerTest.java:290)
	at java.base/java.lang.Thread.run(Thread.java:1575)

[ERRO] 2026-01-09 18:51:46.602 - Writer-7
  Exceção: java.lang.RuntimeException: Erro 30
java.lang.RuntimeException: Erro 30
	at testes.ErrorLoggerTest.lambda$testeThreadSafetyEscritaLeitura$22(ErrorLoggerTest.java:290)
	at java.base/java.lang.Thread.run(Thread.java:1575)

[ERRO] 2026-01-09 18:51:46.602 - Writer-7
  Exceção: java.lang.RuntimeException: Erro 31
java.lang.RuntimeException: Erro 31
	at testes.ErrorLoggerTest.lambda$testeThreadSafetyEscritaLeitura$22(ErrorLoggerTest.java:290)
	at java.base/java.lang.Thread.run(Thread.java:1575)

[ERRO] 2026-01-09 18:51:46.602 - Writer-7
  Exceção: java.lang.RuntimeException: Erro 32
java.lang.RuntimeException: Erro 32
	at testes.ErrorLoggerTest.lambda$testeThreadSafetyEscritaLeitura$22(ErrorLoggerTest.java:290)
	at java.base/java.lang.Thread.run(Thread.java:1575)

[ERRO] 2026-01-09 18:51:46.602 - Writer-7
  Exceção: java.lang.RuntimeException: Erro 33
java.lang.RuntimeException: Erro 33
	at testes.ErrorLoggerTest.lambda$testeThreadSafetyEscritaLeitura$22(ErrorLoggerTest.java:290)
	at java.base/java.lang.Thread.run(Thread.java:1575)

[ERRO] 2026-01-09 18:51:46.602 - Writer-7
  Exceção: java.lang.RuntimeException: Erro 34
java.lang.RuntimeException: Erro 34
	at testes.ErrorLoggerTest.lambda$testeThreadSafetyEscritaLeitura$22(ErrorLoggerTest.java:290)
	at java.base/java.lang.Thread.run(Thread.java:1575)

[ERRO] 2026-01-09 18:51:46.602 - Writer-7
  Exceção: java.lang.RuntimeException: Erro 35
java.lang.RuntimeException: Erro 35
	at testes.ErrorLoggerTest.lambda$testeThreadSafetyEscritaLeitura$22(ErrorLoggerTest.java:290)
	at java.base/java.lang.Thread.run(Thread.java:1575)

[ERRO] 2026-01-09 18:51:46.602 - Writer-7
  Exceção: java.lang.RuntimeException: Erro 36
java.lang.RuntimeException: Erro 36
	at testes.ErrorLoggerTest.lambda$testeThreadSafetyEscritaLeitura$22(ErrorLoggerTest.java:290)
	at java.base/java.lang.Thread.run(Thread.java:1575)

[ERRO] 2026-01-09 18:51:46.602 - Writer-7
  Exceção: java.lang.RuntimeException: Erro 37
java.lang.RuntimeException: Erro 37
	at testes.ErrorLoggerTest.lambda$testeThreadSafetyEscritaLeitura$22(ErrorLoggerTest.java:290)
	at java.base/java.lang.Thread.run(Thread.java:1575)

[ERRO] 2026-01-09 18:51:46.602 - Writer-7
  Exceção: java.lang.RuntimeException: Erro 38
java.lang.RuntimeException: Erro 38
	at testes.ErrorLoggerTest.lambda$testeThreadSafetyEscritaLeitura$22(ErrorLoggerTest.java:290)
	at java.base/java.lang.Thread.run(Thread.java:1575)

[ERRO] 2026-01-09 18:51:46.602 - Writer-7
  Exceção: java.lang.RuntimeException: Erro 39
java.lang.RuntimeException: Erro 39
	at testes.ErrorLoggerTest.lambda$testeThreadSafetyEscritaLeitura$22(ErrorLoggerTest.java:290)
	at java.base/java.lang.Thread.run(Thread.java:1575)

[ERRO] 2026-01-09 18:51:46.602 - Writer-7
  Exceção: java.lang.RuntimeException: Erro 40
java.lang.RuntimeException: Erro 40
	at testes.ErrorLoggerTest.lambda$testeThreadSafetyEscritaLeitura$22(ErrorLoggerTest.java:290)
	at java.base/java.lang.Thread.run(Thread.java:1575)

[ERRO] 2026-01-09 18:51:46.602 - Writer-7
  Exceção: java.lang.RuntimeException: Erro 41
java.lang.RuntimeException: Erro 41
	at testes.ErrorLoggerTest.lambda$testeThreadSafetyEscritaLeitura$22(ErrorLoggerTest.java:290)
	at java.base/java.lang.Thread.run(Thread.java:1575)

[ERRO] 2026-01-09 18:51:46.602 - Writer-7
  Exceção: java.lang.RuntimeException: Erro 42
java.lang.RuntimeException: Erro 42
	at testes.ErrorLoggerTest.lambda$testeThreadSafetyEscritaLeitura$22(ErrorLoggerTest.java:290)
	at java.base/java.lang.Thread.run(Thread.java:1575)

[ERRO] 2026-01-09 18:51:46.602 - Writer-7
  Exceção: java.lang.RuntimeException: Erro 43
java.lang.RuntimeException: Erro 43
	at testes.ErrorLoggerTest.lambda$testeThreadSafetyEscritaLeitura$22(ErrorLoggerTest.java:290)
	at java.base/java.lang.Thread.run(Thread.java:1575)

[ERRO] 2026-01-09 18:51:46.602 - Writer-7
  Exceção: java.lang.RuntimeException: Erro 44
java.lang.RuntimeException: Erro 44
	at testes.ErrorLoggerTest.lambda$testeThreadSafetyEscritaLeitura$22(ErrorLoggerTest.java:290)
	at java.base/java.lang.Thread.run(Thread.java:1575)

[ERRO] 2026-01-09 18:51:46.602 - Writer-7
  Exceção: java.lang.RuntimeException: Erro 45
java.lang.RuntimeException: Erro 45
	at testes.ErrorLoggerTest.lambda$testeThreadSafetyEscritaLeitura$22(ErrorLoggerTest.java:290)
	at java.base/java.lang.Thread.run(Thread.java:1575)

[ERRO] 2026-01-09 18:51:46.602 - Writer-7
  Exceção: java.lang.RuntimeException: Erro 46
java.lang.RuntimeException: Erro 46
	at testes.ErrorLoggerTest.lambda$testeThreadSafetyEscritaLeitura$22(ErrorLoggerTest.java:290)
	at java.base/java.lang.Thread.run(Thread.java:1575)

[ERRO] 2026-01-09 18:51:46.602 - Writer-7
  Exceção: java.lang.RuntimeException: Erro 47
java.lang.RuntimeException: Erro 47
	at testes.ErrorLoggerTest.lambda$testeThreadSafetyEscritaLeitura$22(ErrorLoggerTest.java:290)
	at java.base/java.lang.Thread.run(Thread.java:1575)

[ERRO] 2026-01-09 18:51:46.602 - Writer-7
  Exceção: java.lang.RuntimeException: Erro 48
java.lang.RuntimeException: Erro 48
	at testes.ErrorLoggerTest.lambda$testeThreadSafetyEscritaLeitura$22(ErrorLoggerTest.java:290)
	at java.base/java.lang.Thread.run(Thread.java:1575)

[ERRO] 2026-01-09 18:51:46.602 - Writer-7
  Exceção: java.lang.RuntimeException: Erro 49
java.lang.RuntimeException: Erro 49
	at testes.ErrorLoggerTest.lambda$testeThreadSafetyEscritaLeitura$22(ErrorLoggerTest.java:290)
	at java.base/java.lang.Thread.run(Thread.java:1575)

[ERRO] 2026-01-09 18:51:46.603 - Writer-8
  Exceção: java.lang.RuntimeException: Erro 41
java.lang.RuntimeException: Erro 41
	at testes.ErrorLoggerTest.lambda$testeThreadSafetyEscritaLeitura$22(ErrorLoggerTest.java:290)
	at java.base/java.lang.Thread.run(Thread.java:1575)

[ERRO] 2026-01-09 18:51:46.603 - Writer-8
  Exceção: java.lang.RuntimeException: Erro 42
java.lang.RuntimeException: Erro 42
	at testes.ErrorLoggerTest.lambda$testeThreadSafetyEscritaLeitura$22(ErrorLoggerTest.java:290)
	at java.base/java.lang.Thread.run(Thread.java:1575)

[ERRO] 2026-01-09 18:51:46.603 - Writer-8
  Exceção: java.lang.RuntimeException: Erro 43
java.lang.RuntimeException: Erro 43
	at testes.ErrorLoggerTest.lambda$testeThreadSafetyEscritaLeitura$22(ErrorLoggerTest.java:290)
	at java.base/java.lang.Thread.run(Thread.java:1575)

[ERRO] 2026-01-09 18:51:46.603 - Writer-8
  Exceção: java.lang.RuntimeException: Erro 44
java.lang.RuntimeException: Erro 44
	at testes.ErrorLoggerTest.lambda$testeThreadSafetyEscritaLeitura$22(ErrorLoggerTest.java:290)
	at java.base/java.lang.Thread.run(Thread.java:1575)

[ERRO] 2026-01-09 18:51:46.603 - Writer-8
  Exceção: java.lang.RuntimeException: Erro 45
java.lang.RuntimeException: Erro 45
	at testes.ErrorLoggerTest.lambda$testeThreadSafetyEscritaLeitura$22(ErrorLoggerTest.java:290)
	at java.base/java.lang.Thread.run(Thread.java:1575)

[ERRO] 2026-01-09 18:51:46.603 - Writer-8
  Exceção: java.lang.RuntimeException: Erro 46
java.lang.RuntimeException: Erro 46
	at testes.ErrorLoggerTest.lambda$testeThreadSafetyEscritaLeitura$22(ErrorLoggerTest.java:290)
	at java.base/java.lang.Thread.run(Thread.java:1575)

[ERRO] 2026-01-09 18:51:46.603 - Writer-8
  Exceção: java.lang.RuntimeException: Erro 47
java.lang.RuntimeException: Erro 47
	at testes.ErrorLoggerTest.lambda$testeThreadSafetyEscritaLeitura$22(ErrorLoggerTest.java:290)
	at java.base/java.lang.Thread.run(Thread.java:1575)

[ERRO] 2026-01-09 18:51:46.603 - Writer-8
  Exceção: java.lang.RuntimeException: Erro 48
java.lang.RuntimeException: Erro 48
	at testes.ErrorLoggerTest.lambda$testeThreadSafetyEscritaLeitura$22(ErrorLoggerTest.java:290)
	at java.base/java.lang.Thread.run(Thread.java:1575)

[ERRO] 2026-01-09 18:51:46.603 - Writer-8
  Exceção: java.lang.RuntimeException: Erro 49
java.lang.RuntimeException: Erro 49
	at testes.ErrorLoggerTest.lambda$testeThreadSafetyEscritaLeitura$22(ErrorLoggerTest.java:290)
	at java.base/java.lang.Thread.run(Thread.java:1575)

[ERRO] 2026-01-09 18:51:46.603 - Writer-9
  Exceção: java.lang.RuntimeException: Erro 25
java.lang.RuntimeException: Erro 25
	at testes.ErrorLoggerTest.lambda$testeThreadSafetyEscritaLeitura$22(ErrorLoggerTest.java:290)
	at java.base/java.lang.Thread.run(Thread.java:1575)

[ERRO] 2026-01-09 18:51:46.603 - Writer-9
  Exceção: java.lang.RuntimeException: Erro 26
java.lang.RuntimeException: Erro 26
	at testes.ErrorLoggerTest.lambda$testeThreadSafetyEscritaLeitura$22(ErrorLoggerTest.java:290)
	at java.base/java.lang.Thread.run(Thread.java:1575)

[ERRO] 2026-01-09 18:51:46.603 - Writer-9
  Exceção: java.lang.RuntimeException: Erro 27
java.lang.RuntimeException: Erro 27
	at testes.ErrorLoggerTest.lambda$testeThreadSafetyEscritaLeitura$22(ErrorLoggerTest.java:290)
	at java.base/java.lang.Thread.run(Thread.java:1575)

[ERRO] 2026-01-09 18:51:46.604 - Writer-4
  Exceção: java.lang.RuntimeException: Erro 30
java.lang.RuntimeException: Erro 30
	at testes.ErrorLoggerTest.lambda$testeThreadSafetyEscritaLeitura$22(ErrorLoggerTest.java:290)
	at java.base/java.lang.Thread.run(Thread.java:1575)

[ERRO] 2026-01-09 18:51:46.604 - Writer-4
  Exceção: java.lang.RuntimeException: Erro 31
java.lang.RuntimeException: Erro 31
	at testes.ErrorLoggerTest.lambda$testeThreadSafetyEscritaLeitura$22(ErrorLoggerTest.java:290)
	at java.base/java.lang.Thread.run(Thread.java:1575)

[ERRO] 2026-01-09 18:51:46.604 - Writer-4
  Exceção: java.lang.RuntimeException: Erro 32
java.lang.RuntimeException: Erro 32
	at testes.ErrorLoggerTest.lambda$testeThreadSafetyEscritaLeitura$22(ErrorLoggerTest.java:290)
	at java.base/java.lang.Thread.run(Thread.java:1575)

[ERRO] 2026-01-09 18:51:46.604 - Writer-4
  Exceção: java.lang.RuntimeException: Erro 33
java.lang.RuntimeException: Erro 33
	at testes.ErrorLoggerTest.lambda$testeThreadSafetyEscritaLeitura$22(ErrorLoggerTest.java:290)
	at java.base/java.lang.Thread.run(Thread.java:1575)

[ERRO] 2026-01-09 18:51:46.604 - Writer-1
  Exceção: java.lang.RuntimeException: Erro 41
java.lang.RuntimeException: Erro 41
	at testes.ErrorLoggerTest.lambda$testeThreadSafetyEscritaLeitura$22(ErrorLoggerTest.java:290)
	at java.base/java.lang.Thread.run(Thread.java:1575)

[ERRO] 2026-01-09 18:51:46.604 - Writer-1
  Exceção: java.lang.RuntimeException: Erro 42
java.lang.RuntimeException: Erro 42
	at testes.ErrorLoggerTest.lambda$testeThreadSafetyEscritaLeitura$22(ErrorLoggerTest.java:290)
	at java.base/java.lang.Thread.run(Thread.java:1575)

[ERRO] 2026-01-09 18:51:46.604 - Writer-1
  Exceção: java.lang.RuntimeException: Erro 43
java.lang.RuntimeException: Erro 43
	at testes.ErrorLoggerTest.lambda$testeThreadSafetyEscritaLeitura$22(ErrorLoggerTest.java:290)
	at java.base/java.lang.Thread.run(Thread.java:1575)

[ERRO] 2026-01-09 18:51:46.604 - Writer-1
  Exceção: java.lang.RuntimeException: Erro 44
java.lang.RuntimeException: Erro 44
	at testes.ErrorLoggerTest.lambda$testeThreadSafetyEscritaLeitura$22(ErrorLoggerTest.java:290)
	at java.base/java.lang.Thread.run(Thread.java:1575)

[ERRO] 2026-01-09 18:51:46.604 - Writer-1
  Exceção: java.lang.RuntimeException: Erro 45
java.lang.RuntimeException: Erro 45
	at testes.ErrorLoggerTest.lambda$testeThreadSafetyEscritaLeitura$22(ErrorLoggerTest.java:290)
	at java.base/java.lang.Thread.run(Thread.java:1575)

[ERRO] 2026-01-09 18:51:46.604 - Writer-1
  Exceção: java.lang.RuntimeException: Erro 46
java.lang.RuntimeException: Erro 46
	at testes.ErrorLoggerTest.lambda$testeThreadSafetyEscritaLeitura$22(ErrorLoggerTest.java:290)
	at java.base/java.lang.Thread.run(Thread.java:1575)

[ERRO] 2026-01-09 18:51:46.604 - Writer-1
  Exceção: java.lang.RuntimeException: Erro 47
java.lang.RuntimeException: Erro 47
	at testes.ErrorLoggerTest.lambda$testeThreadSafetyEscritaLeitura$22(ErrorLoggerTest.java:290)
	at java.base/java.lang.Thread.run(Thread.java:1575)

[ERRO] 2026-01-09 18:51:46.604 - Writer-1
  Exceção: java.lang.RuntimeException: Erro 48
java.lang.RuntimeException: Erro 48
	at testes.ErrorLoggerTest.lambda$testeThreadSafetyEscritaLeitura$22(ErrorLoggerTest.java:290)
	at java.base/java.lang.Thread.run(Thread.java:1575)

[ERRO] 2026-01-09 18:51:46.604 - Writer-1
  Exceção: java.lang.RuntimeException: Erro 49
java.lang.RuntimeException: Erro 49
	at testes.ErrorLoggerTest.lambda$testeThreadSafetyEscritaLeitura$22(ErrorLoggerTest.java:290)
	at java.base/java.lang.Thread.run(Thread.java:1575)

[ERRO] 2026-01-09 18:51:46.604 - Writer-3
  Exceção: java.lang.RuntimeException: Erro 47
java.lang.RuntimeException: Erro 47
	at testes.ErrorLoggerTest.lambda$testeThreadSafetyEscritaLeitura$22(ErrorLoggerTest.java:290)
	at java.base/java.lang.Thread.run(Thread.java:1575)

[ERRO] 2026-01-09 18:51:46.604 - Writer-3
  Exceção: java.lang.RuntimeException: Erro 48
java.lang.RuntimeException: Erro 48
	at testes.ErrorLoggerTest.lambda$testeThreadSafetyEscritaLeitura$22(ErrorLoggerTest.java:290)
	at java.base/java.lang.Thread.run(Thread.java:1575)

[ERRO] 2026-01-09 18:51:46.604 - Writer-3
  Exceção: java.lang.RuntimeException: Erro 49
java.lang.RuntimeException: Erro 49
	at testes.ErrorLoggerTest.lambda$testeThreadSafetyEscritaLeitura$22(ErrorLoggerTest.java:290)
	at java.base/java.lang.Thread.run(Thread.java:1575)

[ERRO] 2026-01-09 18:51:46.605 - Writer-0
  Exceção: java.lang.RuntimeException: Erro 34
java.lang.RuntimeException: Erro 34
	at testes.ErrorLoggerTest.lambda$testeThreadSafetyEscritaLeitura$22(ErrorLoggerTest.java:290)
	at java.base/java.lang.Thread.run(Thread.java:1575)

[ERRO] 2026-01-09 18:51:46.605 - Writer-6
  Exceção: java.lang.RuntimeException: Erro 48
java.lang.RuntimeException: Erro 48
	at testes.ErrorLoggerTest.lambda$testeThreadSafetyEscritaLeitura$22(ErrorLoggerTest.java:290)
	at java.base/java.lang.Thread.run(Thread.java:1575)

[ERRO] 2026-01-09 18:51:46.605 - Writer-6
  Exceção: java.lang.RuntimeException: Erro 49
java.lang.RuntimeException: Erro 49
	at testes.ErrorLoggerTest.lambda$testeThreadSafetyEscritaLeitura$22(ErrorLoggerTest.java:290)
	at java.base/java.lang.Thread.run(Thread.java:1575)

[ERRO] 2026-01-09 18:51:46.605 - Writer-9
  Exceção: java.lang.RuntimeException: Erro 28
java.lang.RuntimeException: Erro 28
	at testes.ErrorLoggerTest.lambda$testeThreadSafetyEscritaLeitura$22(ErrorLoggerTest.java:290)
	at java.base/java.lang.Thread.run(Thread.java:1575)

[ERRO] 2026-01-09 18:51:46.605 - Writer-9
  Exceção: java.lang.RuntimeException: Erro 29
java.lang.RuntimeException: Erro 29
	at testes.ErrorLoggerTest.lambda$testeThreadSafetyEscritaLeitura$22(ErrorLoggerTest.java:290)
	at java.base/java.lang.Thread.run(Thread.java:1575)

[ERRO] 2026-01-09 18:51:46.605 - Writer-9
  Exceção: java.lang.RuntimeException: Erro 30
java.lang.RuntimeException: Erro 30
	at testes.ErrorLoggerTest.lambda$testeThreadSafetyEscritaLeitura$22(ErrorLoggerTest.java:290)
	at java.base/java.lang.Thread.run(Thread.java:1575)

[ERRO] 2026-01-09 18:51:46.605 - Writer-9
  Exceção: java.lang.RuntimeException: Erro 31
java.lang.RuntimeException: Erro 31
	at testes.ErrorLoggerTest.lambda$testeThreadSafetyEscritaLeitura$22(ErrorLoggerTest.java:290)
	at java.base/java.lang.Thread.run(Thread.java:1575)

[ERRO] 2026-01-09 18:51:46.605 - Writer-9
  Exceção: java.lang.RuntimeException: Erro 32
java.lang.RuntimeException: Erro 32
	at testes.ErrorLoggerTest.lambda$testeThreadSafetyEscritaLeitura$22(ErrorLoggerTest.java:290)
	at java.base/java.lang.Thread.run(Thread.java:1575)

[ERRO] 2026-01-09 18:51:46.605 - Writer-9
  Exceção: java.lang.RuntimeException: Erro 33
java.lang.RuntimeException: Erro 33
	at testes.ErrorLoggerTest.lambda$testeThreadSafetyEscritaLeitura$22(ErrorLoggerTest.java:290)
	at java.base/java.lang.Thread.run(Thread.java:1575)

[ERRO] 2026-01-09 18:51:46.605 - Writer-9
  Exceção: java.lang.RuntimeException: Erro 34
java.lang.RuntimeException: Erro 34
	at testes.ErrorLoggerTest.lambda$testeThreadSafetyEscritaLeitura$22(ErrorLoggerTest.java:290)
	at java.base/java.lang.Thread.run(Thread.java:1575)

[ERRO] 2026-01-09 18:51:46.605 - Writer-4
  Exceção: java.lang.RuntimeException: Erro 34
java.lang.RuntimeException: Erro 34
	at testes.ErrorLoggerTest.lambda$testeThreadSafetyEscritaLeitura$22(ErrorLoggerTest.java:290)
	at java.base/java.lang.Thread.run(Thread.java:1575)

[ERRO] 2026-01-09 18:51:46.605 - Writer-4
  Exceção: java.lang.RuntimeException: Erro 35
java.lang.RuntimeException: Erro 35
	at testes.ErrorLoggerTest.lambda$testeThreadSafetyEscritaLeitura$22(ErrorLoggerTest.java:290)
	at java.base/java.lang.Thread.run(Thread.java:1575)

[ERRO] 2026-01-09 18:51:46.605 - Writer-4
  Exceção: java.lang.RuntimeException: Erro 36
java.lang.RuntimeException: Erro 36
	at testes.ErrorLoggerTest.lambda$testeThreadSafetyEscritaLeitura$22(ErrorLoggerTest.java:290)
	at java.base/java.lang.Thread.run(Thread.java:1575)

[ERRO] 2026-01-09 18:51:46.605 - Writer-4
  Exceção: java.lang.RuntimeException: Erro 37
java.lang.RuntimeException: Erro 37
	at testes.ErrorLoggerTest.lambda$testeThreadSafetyEscritaLeitura$22(ErrorLoggerTest.java:290)
	at java.base/java.lang.Thread.run(Thread.java:1575)

[ERRO] 2026-01-09 18:51:46.606 - Writer-4
  Exceção: java.lang.RuntimeException: Erro 38
java.lang.RuntimeException: Erro 38
	at testes.ErrorLoggerTest.lambda$testeThreadSafetyEscritaLeitura$22(ErrorLoggerTest.java:290)
	at java.base/java.lang.Thread.run(Thread.java:1575)

[ERRO] 2026-01-09 18:51:46.606 - Writer-4
  Exceção: java.lang.RuntimeException: Erro 39
java.lang.RuntimeException: Erro 39
	at testes.ErrorLoggerTest.lambda$testeThreadSafetyEscritaLeitura$22(ErrorLoggerTest.java:290)
	at java.base/java.lang.Thread.run(Thread.java:1575)

[ERRO] 2026-01-09 18:51:46.606 - Writer-4
  Exceção: java.lang.RuntimeException: Erro 40
java.lang.RuntimeException: Erro 40
	at testes.ErrorLoggerTest.lambda$testeThreadSafetyEscritaLeitura$22(ErrorLoggerTest.java:290)
	at java.base/java.lang.Thread.run(Thread.java:1575)

[ERRO] 2026-01-09 18:51:46.606 - Writer-4
  Exceção: java.lang.RuntimeException: Erro 41
java.lang.RuntimeException: Erro 41
	at testes.ErrorLoggerTest.lambda$testeThreadSafetyEscritaLeitura$22(ErrorLoggerTest.java:290)
	at java.base/java.lang.Thread.run(Thread.java:1575)

[ERRO] 2026-01-09 18:51:46.606 - Writer-4
  Exceção: java.lang.RuntimeException: Erro 42
java.lang.RuntimeException: Erro 42
	at testes.ErrorLoggerTest.lambda$testeThreadSafetyEscritaLeitura$22(ErrorLoggerTest.java:290)
	at java.base/java.lang.Thread.run(Thread.java:1575)

[ERRO] 2026-01-09 18:51:46.606 - Writer-4
  Exceção: java.lang.RuntimeException: Erro 43
java.lang.RuntimeException: Erro 43
	at testes.ErrorLoggerTest.lambda$testeThreadSafetyEscritaLeitura$22(ErrorLoggerTest.java:290)
	at java.base/java.lang.Thread.run(Thread.java:1575)

[ERRO] 2026-01-09 18:51:46.606 - Writer-4
  Exceção: java.lang.RuntimeException: Erro 44
java.lang.RuntimeException: Erro 44
	at testes.ErrorLoggerTest.lambda$testeThreadSafetyEscritaLeitura$22(ErrorLoggerTest.java:290)
	at java.base/java.lang.Thread.run(Thread.java:1575)

[ERRO] 2026-01-09 18:51:46.606 - Writer-4
  Exceção: java.lang.RuntimeException: Erro 45
java.lang.RuntimeException: Erro 45
	at testes.ErrorLoggerTest.lambda$testeThreadSafetyEscritaLeitura$22(ErrorLoggerTest.java:290)
	at java.base/java.lang.Thread.run(Thread.java:1575)

[ERRO] 2026-01-09 18:51:46.606 - Writer-0
  Exceção: java.lang.RuntimeException: Erro 35
java.lang.RuntimeException: Erro 35
	at testes.ErrorLoggerTest.lambda$testeThreadSafetyEscritaLeitura$22(ErrorLoggerTest.java:290)
	at java.base/java.lang.Thread.run(Thread.java:1575)

[ERRO] 2026-01-09 18:51:46.606 - Writer-9
  Exceção: java.lang.RuntimeException: Erro 35
java.lang.RuntimeException: Erro 35
	at testes.ErrorLoggerTest.lambda$testeThreadSafetyEscritaLeitura$22(ErrorLoggerTest.java:290)
	at java.base/java.lang.Thread.run(Thread.java:1575)

[ERRO] 2026-01-09 18:51:46.606 - Writer-9
  Exceção: java.lang.RuntimeException: Erro 36
java.lang.RuntimeException: Erro 36
	at testes.ErrorLoggerTest.lambda$testeThreadSafetyEscritaLeitura$22(ErrorLoggerTest.java:290)
	at java.base/java.lang.Thread.run(Thread.java:1575)

[ERRO] 2026-01-09 18:51:46.606 - Writer-9
  Exceção: java.lang.RuntimeException: Erro 37
java.lang.RuntimeException: Erro 37
	at testes.ErrorLoggerTest.lambda$testeThreadSafetyEscritaLeitura$22(ErrorLoggerTest.java:290)
	at java.base/java.lang.Thread.run(Thread.java:1575)

[ERRO] 2026-01-09 18:51:46.606 - Writer-9
  Exceção: java.lang.RuntimeException: Erro 38
java.lang.RuntimeException: Erro 38
	at testes.ErrorLoggerTest.lambda$testeThreadSafetyEscritaLeitura$22(ErrorLoggerTest.java:290)
	at java.base/java.lang.Thread.run(Thread.java:1575)

[ERRO] 2026-01-09 18:51:46.606 - Writer-9
  Exceção: java.lang.RuntimeException: Erro 39
java.lang.RuntimeException: Erro 39
	at testes.ErrorLoggerTest.lambda$testeThreadSafetyEscritaLeitura$22(ErrorLoggerTest.java:290)
	at java.base/java.lang.Thread.run(Thread.java:1575)

[ERRO] 2026-01-09 18:51:46.606 - Writer-9
  Exceção: java.lang.RuntimeException: Erro 40
java.lang.RuntimeException: Erro 40
	at testes.ErrorLoggerTest.lambda$testeThreadSafetyEscritaLeitura$22(ErrorLoggerTest.java:290)
	at java.base/java.lang.Thread.run(Thread.java:1575)

[ERRO] 2026-01-09 18:51:46.607 - Writer-9
  Exceção: java.lang.RuntimeException: Erro 41
java.lang.RuntimeException: Erro 41
	at testes.ErrorLoggerTest.lambda$testeThreadSafetyEscritaLeitura$22(ErrorLoggerTest.java:290)
	at java.base/java.lang.Thread.run(Thread.java:1575)

[ERRO] 2026-01-09 18:51:46.608 - Writer-4
  Exceção: java.lang.RuntimeException: Erro 46
java.lang.RuntimeException: Erro 46
	at testes.ErrorLoggerTest.lambda$testeThreadSafetyEscritaLeitura$22(ErrorLoggerTest.java:290)
	at java.base/java.lang.Thread.run(Thread.java:1575)

[ERRO] 2026-01-09 18:51:46.608 - Writer-4
  Exceção: java.lang.RuntimeException: Erro 47
java.lang.RuntimeException: Erro 47
	at testes.ErrorLoggerTest.lambda$testeThreadSafetyEscritaLeitura$22(ErrorLoggerTest.java:290)
	at java.base/java.lang.Thread.run(Thread.java:1575)

[ERRO] 2026-01-09 18:51:46.608 - Writer-4
  Exceção: java.lang.RuntimeException: Erro 48
java.lang.RuntimeException: Erro 48
	at testes.ErrorLoggerTest.lambda$testeThreadSafetyEscritaLeitura$22(ErrorLoggerTest.java:290)
	at java.base/java.lang.Thread.run(Thread.java:1575)

[ERRO] 2026-01-09 18:51:46.608 - Writer-4
  Exceção: java.lang.RuntimeException: Erro 49
java.lang.RuntimeException: Erro 49
	at testes.ErrorLoggerTest.lambda$testeThreadSafetyEscritaLeitura$22(ErrorLoggerTest.java:290)
	at java.base/java.lang.Thread.run(Thread.java:1575)

[ERRO] 2026-01-09 18:51:46.608 - Writer-0
  Exceção: java.lang.RuntimeException: Erro 36
java.lang.RuntimeException: Erro 36
	at testes.ErrorLoggerTest.lambda$testeThreadSafetyEscritaLeitura$22(ErrorLoggerTest.java:290)
	at java.base/java.lang.Thread.run(Thread.java:1575)

[ERRO] 2026-01-09 18:51:46.608 - Writer-0
  Exceção: java.lang.RuntimeException: Erro 37
java.lang.RuntimeException: Erro 37
	at testes.ErrorLoggerTest.lambda$testeThreadSafetyEscritaLeitura$22(ErrorLoggerTest.java:290)
	at java.base/java.lang.Thread.run(Thread.java:1575)

[ERRO] 2026-01-09 18:51:46.608 - Writer-0
  Exceção: java.lang.RuntimeException: Erro 38
java.lang.RuntimeException: Erro 38
	at testes.ErrorLoggerTest.lambda$testeThreadSafetyEscritaLeitura$22(ErrorLoggerTest.java:290)
	at java.base/java.lang.Thread.run(Thread.java:1575)

[ERRO] 2026-01-09 18:51:46.608 - Writer-0
  Exceção: java.lang.RuntimeException: Erro 39
java.lang.RuntimeException: Erro 39
	at testes.ErrorLoggerTest.lambda$testeThreadSafetyEscritaLeitura$22(ErrorLoggerTest.java:290)
	at java.base/java.lang.Thread.run(Thread.java:1575)

[ERRO] 2026-01-09 18:51:46.608 - Writer-0
  Exceção: java.lang.RuntimeException: Erro 40
java.lang.RuntimeException: Erro 40
	at testes.ErrorLoggerTest.lambda$testeThreadSafetyEscritaLeitura$22(ErrorLoggerTest.java:290)
	at java.base/java.lang.Thread.run(Thread.java:1575)

[ERRO] 2026-01-09 18:51:46.608 - Writer-0
  Exceção: java.lang.RuntimeException: Erro 41
java.lang.RuntimeException: Erro 41
	at testes.ErrorLoggerTest.lambda$testeThreadSafetyEscritaLeitura$22(ErrorLoggerTest.java:290)
	at java.base/java.lang.Thread.run(Thread.java:1575)

[ERRO] 2026-01-09 18:51:46.608 - Writer-9
  Exceção: java.lang.RuntimeException: Erro 42
java.lang.RuntimeException: Erro 42
	at testes.ErrorLoggerTest.lambda$testeThreadSafetyEscritaLeitura$22(ErrorLoggerTest.java:290)
	at java.base/java.lang.Thread.run(Thread.java:1575)

[ERRO] 2026-01-09 18:51:46.608 - Writer-0
  Exceção: java.lang.RuntimeException: Erro 42
java.lang.RuntimeException: Erro 42
	at testes.ErrorLoggerTest.lambda$testeThreadSafetyEscritaLeitura$22(ErrorLoggerTest.java:290)
	at java.base/java.lang.Thread.run(Thread.java:1575)

[ERRO] 2026-01-09 18:51:46.608 - Writer-0
  Exceção: java.lang.RuntimeException: Erro 43
java.lang.RuntimeException: Erro 43
	at testes.ErrorLoggerTest.lambda$testeThreadSafetyEscritaLeitura$22(ErrorLoggerTest.java:290)
	at java.base/java.lang.Thread.run(Thread.java:1575)

[ERRO] 2026-01-09 18:51:46.608 - Writer-0
  Exceção: java.lang.RuntimeException: Erro 44
java.lang.RuntimeException: Erro 44
	at testes.ErrorLoggerTest.lambda$testeThreadSafetyEscritaLeitura$22(ErrorLoggerTest.java:290)
	at java.base/java.lang.Thread.run(Thread.java:1575)

[ERRO] 2026-01-09 18:51:46.608 - Writer-0
  Exceção: java.lang.RuntimeException: Erro 45
java.lang.RuntimeException: Erro 45
	at testes.ErrorLoggerTest.lambda$testeThreadSafetyEscritaLeitura$22(ErrorLoggerTest.java:290)
	at java.base/java.lang.Thread.run(Thread.java:1575)

[ERRO] 2026-01-09 18:51:46.609 - Writer-0
  Exceção: java.lang.RuntimeException: Erro 46
java.lang.RuntimeException: Erro 46
	at testes.ErrorLoggerTest.lambda$testeThreadSafetyEscritaLeitura$22(ErrorLoggerTest.java:290)
	at java.base/java.lang.Thread.run(Thread.java:1575)

[ERRO] 2026-01-09 18:51:46.609 - Writer-0
  Exceção: java.lang.RuntimeException: Erro 47
java.lang.RuntimeException: Erro 47
	at testes.ErrorLoggerTest.lambda$testeThreadSafetyEscritaLeitura$22(ErrorLoggerTest.java:290)
	at java.base/java.lang.Thread.run(Thread.java:1575)

[ERRO] 2026-01-09 18:51:46.609 - Writer-0
  Exceção: java.lang.RuntimeException: Erro 48
java.lang.RuntimeException: Erro 48
	at testes.ErrorLoggerTest.lambda$testeThreadSafetyEscritaLeitura$22(ErrorLoggerTest.java:290)
	at java.base/java.lang.Thread.run(Thread.java:1575)

[ERRO] 2026-01-09 18:51:46.609 - Writer-0
  Exceção: java.lang.RuntimeException: Erro 49
java.lang.RuntimeException: Erro 49
	at testes.ErrorLoggerTest.lambda$testeThreadSafetyEscritaLeitura$22(ErrorLoggerTest.java:290)
	at java.base/java.lang.Thread.run(Thread.java:1575)

[ERRO] 2026-01-09 18:51:46.609 - Writer-9
  Exceção: java.lang.RuntimeException: Erro 43
java.lang.RuntimeException: Erro 43
	at testes.ErrorLoggerTest.lambda$testeThreadSafetyEscritaLeitura$22(ErrorLoggerTest.java:290)
	at java.base/java.lang.Thread.run(Thread.java:1575)

[ERRO] 2026-01-09 18:51:46.609 - Writer-9
  Exceção: java.lang.RuntimeException: Erro 44
java.lang.RuntimeException: Erro 44
	at testes.ErrorLoggerTest.lambda$testeThreadSafetyEscritaLeitura$22(ErrorLoggerTest.java:290)
	at java.base/java.lang.Thread.run(Thread.java:1575)

[ERRO] 2026-01-09 18:51:46.609 - Writer-9
  Exceção: java.lang.RuntimeException: Erro 45
java.lang.RuntimeException: Erro 45
	at testes.ErrorLoggerTest.lambda$testeThreadSafetyEscritaLeitura$22(ErrorLoggerTest.java:290)
	at java.base/java.lang.Thread.run(Thread.java:1575)

[ERRO] 2026-01-09 18:51:46.609 - Writer-9
  Exceção: java.lang.RuntimeException: Erro 46
java.lang.RuntimeException: Erro 46
	at testes.ErrorLoggerTest.lambda$testeThreadSafetyEscritaLeitura$22(ErrorLoggerTest.java:290)
	at java.base/java.lang.Thread.run(Thread.java:1575)

[ERRO] 2026-01-09 18:51:46.609 - Writer-9
  Exceção: java.lang.RuntimeException: Erro 47
java.lang.RuntimeException: Erro 47
	at testes.ErrorLoggerTest.lambda$testeThreadSafetyEscritaLeitura$22(ErrorLoggerTest.java:290)
	at java.base/java.lang.Thread.run(Thread.java:1575)

[ERRO] 2026-01-09 18:51:46.609 - Writer-9
  Exceção: java.lang.RuntimeException: Erro 48
java.lang.RuntimeException: Erro 48
	at testes.ErrorLoggerTest.lambda$testeThreadSafetyEscritaLeitura$22(ErrorLoggerTest.java:290)
	at java.base/java.lang.Thread.run(Thread.java:1575)

[ERRO] 2026-01-09 18:51:46.609 - Writer-9
  Exceção: java.lang.RuntimeException: Erro 49
java.lang.RuntimeException: Erro 49
	at testes.ErrorLoggerTest.lambda$testeThreadSafetyEscritaLeitura$22(ErrorLoggerTest.java:290)
	at java.base/java.lang.Thread.run(Thread.java:1575)

[ERRO] 2026-01-09 18:51:47.113 - Repositorio.salvar
  Exceção: java.lang.RuntimeException: Erro ao salvar
java.lang.RuntimeException: Erro ao salvar
	at testes.ErrorLoggerTest.testeContextoIdentificaOrigem(ErrorLoggerTest.java:370)
	at java.base/jdk.internal.reflect.DirectMethodHandleAccessor.invoke(DirectMethodHandleAccessor.java:103)
	at java.base/java.lang.reflect.Method.invoke(Method.java:580)
	at org.junit.platform.commons.util.ReflectionUtils.invokeMethod(ReflectionUtils.java:728)
	at org.junit.jupiter.engine.execution.MethodInvocation.proceed(MethodInvocation.java:60)
	at org.junit.jupiter.engine.execution.InvocationInterceptorChain$ValidatingInvocation.proceed(InvocationInterceptorChain.java:131)
	at org.junit.jupiter.engine.extension.TimeoutExtension.intercept(TimeoutExtension.java:156)
	at org.junit.jupiter.engine.extension.TimeoutExtension.interceptTestableMethod(TimeoutExtension.java:147)
	at org.junit.jupiter.engine.extension.TimeoutExtension.interceptTestMethod(TimeoutExtension.java:86)
	at org.junit.jupiter.engine.execution.InterceptingExecutableInvoker$ReflectiveInterceptorCall.lambda$ofVoidMethod$0(InterceptingExecutableInvoker.java:103)
	at org.junit.jupiter.engine.execution.InterceptingExecutableInvoker.lambda$invoke$0(InterceptingExecutableInvoker.java:93)
	at org.junit.jupiter.engine.execution.InvocationInterceptorChain$InterceptedInvocation.proceed(InvocationInterceptorChain.java:106)
	at org.junit.jupiter.engine.execution.InvocationInterceptorChain.proceed(InvocationInterceptorChain.java:64)
	at org.junit.jupiter.engine.execution.InvocationInterceptorChain.chainAndInvoke(InvocationInterceptorChain.java:45)
	at org.junit.jupiter.engine.execution.InvocationInterceptorChain.invoke(InvocationInterceptorChain.java:37)
	at org.junit.jupiter.engine.execution.InterceptingExecutableInvoker.invoke(InterceptingExecutableInvoker.java:92)
	at org.junit.jupiter.engine.execution.InterceptingExecutableInvoker.invoke(InterceptingExecutableInvoker.java:86)
	at org.junit.jupiter.engine.descriptor.TestMethodTestDescriptor.lambda$invokeTestMethod$7(TestMethodTestDescriptor.java:218)
	at org.junit.platform.engine.support.hierarchical.ThrowableCollector.execute(ThrowableCollector.java:73)
	at org.junit.jupiter.engine.descriptor.TestMethodTestDescriptor.invokeTestMethod(TestMethodTestDescriptor.java:214)
	at org.junit.jupiter.engine.descriptor.TestMethodTestDescriptor.execute(TestMethodTestDescriptor.java:139)
	at org.junit.jupiter.engine.descriptor.TestMethodTestDescriptor.execute(TestMethodTestDescriptor.java:69)
	at org.junit.platform.engine.support.hierarchical.NodeTestTask.lambda$executeRecursively$6(NodeTestTask.java:151)
	at org.junit.platform.engine.support.hierarchical.ThrowableCollector.execute(ThrowableCollector.java:73)
	at org.junit.platform.engine.support.hierarchical.NodeTestTask.lambda$executeRecursively$8(NodeTestTask.java:141)
	at org.junit.platform.engine.support.hierarchical.Node.around(Node.java:137)
	at org.junit.platform.engine.support.hierarchical.NodeTestTask.lambda$executeRecursively$9(NodeTestTask.java:139)
	at org.junit.platform.engine.support.hierarchical.ThrowableCollector.execute(ThrowableCollector.java:73)
	at org.junit.platform.engine.support.hierarchical.NodeTestTask.executeRecursively(NodeTestTask.java:138)
	at org.junit.platform.engine.support.hierarchical.NodeTestTask.execute(NodeTestTask.java:95)
	at java.base/java.util.ArrayList.forEach(ArrayList.java:1597)
	at org.junit.platform.engine.support.hierarchical.SameThreadHierarchicalTestExecutorService.invokeAll(SameThreadHierarchicalTestExecutorService.java:41)
	at org.junit.platform.engine.support.hierarchical.NodeTestTask.lambda$executeRecursively$6(NodeTestTask.java:155)
	at org.junit.platform.engine.support.hierarchical.ThrowableCollector.execute(ThrowableCollector.java:73)
	at org.junit.platform.engine.support.hierarchical.NodeTestTask.lambda$executeRecursively$8(NodeTestTask.java:141)
	at org.junit.platform.engine.support.hierarchical.Node.around(Node.java:137)
	at org.junit.platform.engine.support.hierarchical.NodeTestTask.lambda$executeRecursively$9(NodeTestTask.java:139)
	at org.junit.platform.engine.support.hierarchical.ThrowableCollector.execute(ThrowableCollector.java:73)
	at org.junit.platform.engine.support.hierarchical.NodeTestTask.executeRecursively(NodeTestTask.java:138)
	at org.junit.platform.engine.support.hierarchical.NodeTestTask.execute(NodeTestTask.java:95)
	at java.base/java.util.ArrayList.forEach(ArrayList.java:1597)
	at org.junit.platform.engine.support.hierarchical.SameThreadHierarchicalTestExecutorService.invokeAll(SameThreadHierarchicalTestExecutorService.java:41)
	at org.junit.platform.engine.support.hierarchical.NodeTestTask.lambda$executeRecursively$6(NodeTestTask.java:155)
	at org.junit.platform.engine.support.hierarchical.ThrowableCollector.execute(ThrowableCollector.java:73)
	at org.junit.platform.engine.support.hierarchical.NodeTestTask.lambda$executeRecursively$8(NodeTestTask.java:141)
	at org.junit.platform.engine.support.hierarchical.Node.around(Node.java:137)
	at org.junit.platform.engine.support.hierarchical.NodeTestTask.lambda$executeRecursively$9(NodeTestTask.java:139)
	at org.junit.platform.engine.support.hierarchical.ThrowableCollector.execute(ThrowableCollector.java:73)
	at org.junit.platform.engine.support.hierarchical.NodeTestTask.executeRecursively(NodeTestTask.java:138)
	at org.junit.platform.engine.support.hierarchical.NodeTestTask.execute(NodeTestTask.java:95)
	at org.junit.platform.engine.support.hierarchical.SameThreadHierarchicalTestExecutorService.submit(SameThreadHierarchicalTestExecutorService.java:35)
	at org.junit.platform.engine.support.hierarchical.HierarchicalTestExecutor.execute(HierarchicalTestExecutor.java:57)
	at org.junit.platform.engine.support.hierarchical.HierarchicalTestEngine.execute(HierarchicalTestEngine.java:54)
	at org.junit.platform.launcher.core.EngineExecutionOrchestrator.execute(EngineExecutionOrchestrator.java:198)
	at org.junit.platform.launcher.core.EngineExecutionOrchestrator.execute(EngineExecutionOrchestrator.java:169)
	at org.junit.platform.launcher.core.EngineExecutionOrchestrator.execute(EngineExecutionOrchestrator.java:93)
	at org.junit.platform.launcher.core.EngineExecutionOrchestrator.lambda$execute$0(EngineExecutionOrchestrator.java:58)
	at org.junit.platform.launcher.core.EngineExecutionOrchestrator.withInterceptedStreams(EngineExecutionOrchestrator.java:141)
	at org.junit.platform.launcher.core.EngineExecutionOrchestrator.execute(EngineExecutionOrchestrator.java:57)
	at org.junit.platform.launcher.core.DefaultLauncher.execute(DefaultLauncher.java:103)
	at org.junit.platform.launcher.core.DefaultLauncher.execute(DefaultLauncher.java:85)
	at org.junit.platform.launcher.core.DelegatingLauncher.execute(DelegatingLauncher.java:47)
	at org.apache.maven.surefire.junitplatform.LazyLauncher.execute(LazyLauncher.java:56)
	at org.apache.maven.surefire.junitplatform.JUnitPlatformProvider.execute(JUnitPlatformProvider.java:184)
	at org.apache.maven.surefire.junitplatform.JUnitPlatformProvider.invokeAllTests(JUnitPlatformProvider.java:148)
	at org.apache.maven.surefire.junitplatform.JUnitPlatformProvider.invoke(JUnitPlatformProvider.java:122)
	at org.apache.maven.surefire.booter.ForkedBooter.runSuitesInProcess(ForkedBooter.java:385)
	at org.apache.maven.surefire.booter.ForkedBooter.execute(ForkedBooter.java:162)
	at org.apache.maven.surefire.booter.ForkedBooter.run(ForkedBooter.java:507)
	at org.apache.maven.surefire.booter.ForkedBooter.main(ForkedBooter.java:495)

[ERRO] 2026-01-09 18:51:47.114 - ClientHandler.processar
  Exceção: java.lang.RuntimeException: Erro ao processar
java.lang.RuntimeException: Erro ao processar
	at testes.ErrorLoggerTest.testeContextoIdentificaOrigem(ErrorLoggerTest.java:371)
	at java.base/jdk.internal.reflect.DirectMethodHandleAccessor.invoke(DirectMethodHandleAccessor.java:103)
	at java.base/java.lang.reflect.Method.invoke(Method.java:580)
	at org.junit.platform.commons.util.ReflectionUtils.invokeMethod(ReflectionUtils.java:728)
	at org.junit.jupiter.engine.execution.MethodInvocation.proceed(MethodInvocation.java:60)
	at org.junit.jupiter.engine.execution.InvocationInterceptorChain$ValidatingInvocation.proceed(InvocationInterceptorChain.java:131)
	at org.junit.jupiter.engine.extension.TimeoutExtension.intercept(TimeoutExtension.java:156)
	at org.junit.jupiter.engine.extension.TimeoutExtension.interceptTestableMethod(TimeoutExtension.java:147)
	at org.junit.jupiter.engine.extension.TimeoutExtension.interceptTestMethod(TimeoutExtension.java:86)
	at org.junit.jupiter.engine.execution.InterceptingExecutableInvoker$ReflectiveInterceptorCall.lambda$ofVoidMethod$0(InterceptingExecutableInvoker.java:103)
	at org.junit.jupiter.engine.execution.InterceptingExecutableInvoker.lambda$invoke$0(InterceptingExecutableInvoker.java:93)
	at org.junit.jupiter.engine.execution.InvocationInterceptorChain$InterceptedInvocation.proceed(InvocationInterceptorChain.java:106)
	at org.junit.jupiter.engine.execution.InvocationInterceptorChain.proceed(InvocationInterceptorChain.java:64)
	at org.junit.jupiter.engine.execution.InvocationInterceptorChain.chainAndInvoke(InvocationInterceptorChain.java:45)
	at org.junit.jupiter.engine.execution.InvocationInterceptorChain.invoke(InvocationInterceptorChain.java:37)
	at org.junit.jupiter.engine.execution.InterceptingExecutableInvoker.invoke(InterceptingExecutableInvoker.java:92)
	at org.junit.jupiter.engine.execution.InterceptingExecutableInvoker.invoke(InterceptingExecutableInvoker.java:86)
	at org.junit.jupiter.engine.descriptor.TestMethodTestDescriptor.lambda$invokeTestMethod$7(TestMethodTestDescriptor.java:218)
	at org.junit.platform.engine.support.hierarchical.ThrowableCollector.execute(ThrowableCollector.java:73)
	at org.junit.jupiter.engine.descriptor.TestMethodTestDescriptor.invokeTestMethod(TestMethodTestDescriptor.java:214)
	at org.junit.jupiter.engine.descriptor.TestMethodTestDescriptor.execute(TestMethodTestDescriptor.java:139)
	at org.junit.jupiter.engine.descriptor.TestMethodTestDescriptor.execute(TestMethodTestDescriptor.java:69)
	at org.junit.platform.engine.support.hierarchical.NodeTestTask.lambda$executeRecursively$6(NodeTestTask.java:151)
	at org.junit.platform.engine.support.hierarchical.ThrowableCollector.execute(ThrowableCollector.java:73)
	at org.junit.platform.engine.support.hierarchical.NodeTestTask.lambda$executeRecursively$8(NodeTestTask.java:141)
	at org.junit.platform.engine.support.hierarchical.Node.around(Node.java:137)
	at org.junit.platform.engine.support.hierarchical.NodeTestTask.lambda$executeRecursively$9(NodeTestTask.java:139)
	at org.junit.platform.engine.support.hierarchical.ThrowableCollector.execute(ThrowableCollector.java:73)
	at org.junit.platform.engine.support.hierarchical.NodeTestTask.executeRecursively(NodeTestTask.java:138)
	at org.junit.platform.engine.support.hierarchical.NodeTestTask.execute(NodeTestTask.java:95)
	at java.base/java.util.ArrayList.forEach(ArrayList.java:1597)
	at org.junit.platform.engine.support.hierarchical.SameThreadHierarchicalTestExecutorService.invokeAll(SameThreadHierarchicalTestExecutorService.java:41)
	at org.junit.platform.engine.support.hierarchical.NodeTestTask.lambda$executeRecursively$6(NodeTestTask.java:155)
	at org.junit.platform.engine.support.hierarchical.ThrowableCollector.execute(ThrowableCollector.java:73)
	at org.junit.platform.engine.support.hierarchical.NodeTestTask.lambda$executeRecursively$8(NodeTestTask.java:141)
	at org.junit.platform.engine.support.hierarchical.Node.around(Node.java:137)
	at org.junit.platform.engine.support.hierarchical.NodeTestTask.lambda$executeRecursively$9(NodeTestTask.java:139)
	at org.junit.platform.engine.support.hierarchical.ThrowableCollector.execute(ThrowableCollector.java:73)
	at org.junit.platform.engine.support.hierarchical.NodeTestTask.executeRecursively(NodeTestTask.java:138)
	at org.junit.platform.engine.support.hierarchical.NodeTestTask.execute(NodeTestTask.java:95)
	at java.base/java.util.ArrayList.forEach(ArrayList.java:1597)
	at org.junit.platform.engine.support.hierarchical.SameThreadHierarchicalTestExecutorService.invokeAll(SameThreadHierarchicalTestExecutorService.java:41)
	at org.junit.platform.engine.support.hierarchical.NodeTestTask.lambda$executeRecursively$6(NodeTestTask.java:155)
	at org.junit.platform.engine.support.hierarchical.ThrowableCollector.execute(ThrowableCollector.java:73)
	at org.junit.platform.engine.support.hierarchical.NodeTestTask.lambda$executeRecursively$8(NodeTestTask.java:141)
	at org.junit.platform.engine.support.hierarchical.Node.around(Node.java:137)
	at org.junit.platform.engine.support.hierarchical.NodeTestTask.lambda$executeRecursively$9(NodeTestTask.java:139)
	at org.junit.platform.engine.support.hierarchical.ThrowableCollector.execute(ThrowableCollector.java:73)
	at org.junit.platform.engine.support.hierarchical.NodeTestTask.executeRecursively(NodeTestTask.java:138)
	at org.junit.platform.engine.support.hierarchical.NodeTestTask.execute(NodeTestTask.java:95)
	at org.junit.platform.engine.support.hierarchical.SameThreadHierarchicalTestExecutorService.submit(SameThreadHierarchicalTestExecutorService.java:35)
	at org.junit.platform.engine.support.hierarchical.HierarchicalTestExecutor.execute(HierarchicalTestExecutor.java:57)
	at org.junit.platform.engine.support.hierarchical.HierarchicalTestEngine.execute(HierarchicalTestEngine.java:54)
	at org.junit.platform.launcher.core.EngineExecutionOrchestrator.execute(EngineExecutionOrchestrator.java:198)
	at org.junit.platform.launcher.core.EngineExecutionOrchestrator.execute(EngineExecutionOrchestrator.java:169)
	at org.junit.platform.launcher.core.EngineExecutionOrchestrator.execute(EngineExecutionOrchestrator.java:93)
	at org.junit.platform.launcher.core.EngineExecutionOrchestrator.lambda$execute$0(EngineExecutionOrchestrator.java:58)
	at org.junit.platform.launcher.core.EngineExecutionOrchestrator.withInterceptedStreams(EngineExecutionOrchestrator.java:141)
	at org.junit.platform.launcher.core.EngineExecutionOrchestrator.execute(EngineExecutionOrchestrator.java:57)
	at org.junit.platform.launcher.core.DefaultLauncher.execute(DefaultLauncher.java:103)
	at org.junit.platform.launcher.core.DefaultLauncher.execute(DefaultLauncher.java:85)
	at org.junit.platform.launcher.core.DelegatingLauncher.execute(DelegatingLauncher.java:47)
	at org.apache.maven.surefire.junitplatform.LazyLauncher.execute(LazyLauncher.java:56)
	at org.apache.maven.surefire.junitplatform.JUnitPlatformProvider.execute(JUnitPlatformProvider.java:184)
	at org.apache.maven.surefire.junitplatform.JUnitPlatformProvider.invokeAllTests(JUnitPlatformProvider.java:148)
	at org.apache.maven.surefire.junitplatform.JUnitPlatformProvider.invoke(JUnitPlatformProvider.java:122)
	at org.apache.maven.surefire.booter.ForkedBooter.runSuitesInProcess(ForkedBooter.java:385)
	at org.apache.maven.surefire.booter.ForkedBooter.execute(ForkedBooter.java:162)
	at org.apache.maven.surefire.booter.ForkedBooter.run(ForkedBooter.java:507)
	at org.apache.maven.surefire.booter.ForkedBooter.main(ForkedBooter.java:495)

[ERRO] 2026-01-09 18:51:47.114 - ServicoEventos.novoDia
  Exceção: java.lang.RuntimeException: Erro ao avançar dia
java.lang.RuntimeException: Erro ao avançar dia
	at testes.ErrorLoggerTest.testeContextoIdentificaOrigem(ErrorLoggerTest.java:372)
	at java.base/jdk.internal.reflect.DirectMethodHandleAccessor.invoke(DirectMethodHandleAccessor.java:103)
	at java.base/java.lang.reflect.Method.invoke(Method.java:580)
	at org.junit.platform.commons.util.ReflectionUtils.invokeMethod(ReflectionUtils.java:728)
	at org.junit.jupiter.engine.execution.MethodInvocation.proceed(MethodInvocation.java:60)
	at org.junit.jupiter.engine.execution.InvocationInterceptorChain$ValidatingInvocation.proceed(InvocationInterceptorChain.java:131)
	at org.junit.jupiter.engine.extension.TimeoutExtension.intercept(TimeoutExtension.java:156)
	at org.junit.jupiter.engine.extension.TimeoutExtension.interceptTestableMethod(TimeoutExtension.java:147)
	at org.junit.jupiter.engine.extension.TimeoutExtension.interceptTestMethod(TimeoutExtension.java:86)
	at org.junit.jupiter.engine.execution.InterceptingExecutableInvoker$ReflectiveInterceptorCall.lambda$ofVoidMethod$0(InterceptingExecutableInvoker.java:103)
	at org.junit.jupiter.engine.execution.InterceptingExecutableInvoker.lambda$invoke$0(InterceptingExecutableInvoker.java:93)
	at org.junit.jupiter.engine.execution.InvocationInterceptorChain$InterceptedInvocation.proceed(InvocationInterceptorChain.java:106)
	at org.junit.jupiter.engine.execution.InvocationInterceptorChain.proceed(InvocationInterceptorChain.java:64)
	at org.junit.jupiter.engine.execution.InvocationInterceptorChain.chainAndInvoke(InvocationInterceptorChain.java:45)
	at org.junit.jupiter.engine.execution.InvocationInterceptorChain.invoke(InvocationInterceptorChain.java:37)
	at org.junit.jupiter.engine.execution.InterceptingExecutableInvoker.invoke(InterceptingExecutableInvoker.java:92)
	at org.junit.jupiter.engine.execution.InterceptingExecutableInvoker.invoke(InterceptingExecutableInvoker.java:86)
	at org.junit.jupiter.engine.descriptor.TestMethodTestDescriptor.lambda$invokeTestMethod$7(TestMethodTestDescriptor.java:218)
	at org.junit.platform.engine.support.hierarchical.ThrowableCollector.execute(ThrowableCollector.java:73)
	at org.junit.jupiter.engine.descriptor.TestMethodTestDescriptor.invokeTestMethod(TestMethodTestDescriptor.java:214)
	at org.junit.jupiter.engine.descriptor.TestMethodTestDescriptor.execute(TestMethodTestDescriptor.java:139)
	at org.junit.jupiter.engine.descriptor.TestMethodTestDescriptor.execute(TestMethodTestDescriptor.java:69)
	at org.junit.platform.engine.support.hierarchical.NodeTestTask.lambda$executeRecursively$6(NodeTestTask.java:151)
	at org.junit.platform.engine.support.hierarchical.ThrowableCollector.execute(ThrowableCollector.java:73)
	at org.junit.platform.engine.support.hierarchical.NodeTestTask.lambda$executeRecursively$8(NodeTestTask.java:141)
	at org.junit.platform.engine.support.hierarchical.Node.around(Node.java:137)
	at org.junit.platform.engine.support.hierarchical.NodeTestTask.lambda$executeRecursively$9(NodeTestTask.java:139)
	at org.junit.platform.engine.support.hierarchical.ThrowableCollector.execute(ThrowableCollector.java:73)
	at org.junit.platform.engine.support.hierarchical.NodeTestTask.executeRecursively(NodeTestTask.java:138)
	at org.junit.platform.engine.support.hierarchical.NodeTestTask.execute(NodeTestTask.java:95)
	at java.base/java.util.ArrayList.forEach(ArrayList.java:1597)
	at org.junit.platform.engine.support.hierarchical.SameThreadHierarchicalTestExecutorService.invokeAll(SameThreadHierarchicalTestExecutorService.java:41)
	at org.junit.platform.engine.support.hierarchical.NodeTestTask.lambda$executeRecursively$6(NodeTestTask.java:155)
	at org.junit.platform.engine.support.hierarchical.ThrowableCollector.execute(ThrowableCollector.java:73)
	at org.junit.platform.engine.support.hierarchical.NodeTestTask.lambda$executeRecursively$8(NodeTestTask.java:141)
	at org.junit.platform.engine.support.hierarchical.Node.around(Node.java:137)
	at org.junit.platform.engine.support.hierarchical.NodeTestTask.lambda$executeRecursively$9(NodeTestTask.java:139)
	at org.junit.platform.engine.support.hierarchical.ThrowableCollector.execute(ThrowableCollector.java:73)
	at org.junit.platform.engine.support.hierarchical.NodeTestTask.executeRecursively(NodeTestTask.java:138)
	at org.junit.platform.engine.support.hierarchical.NodeTestTask.execute(NodeTestTask.java:95)
	at java.base/java.util.ArrayList.forEach(ArrayList.java:1597)
	at org.junit.platform.engine.support.hierarchical.SameThreadHierarchicalTestExecutorService.invokeAll(SameThreadHierarchicalTestExecutorService.java:41)
	at org.junit.platform.engine.support.hierarchical.NodeTestTask.lambda$executeRecursively$6(NodeTestTask.java:155)
	at org.junit.platform.engine.support.hierarchical.ThrowableCollector.execute(ThrowableCollector.java:73)
	at org.junit.platform.engine.support.hierarchical.NodeTestTask.lambda$executeRecursively$8(NodeTestTask.java:141)
	at org.junit.platform.engine.support.hierarchical.Node.around(Node.java:137)
	at org.junit.platform.engine.support.hierarchical.NodeTestTask.lambda$executeRecursively$9(NodeTestTask.java:139)
	at org.junit.platform.engine.support.hierarchical.ThrowableCollector.execute(ThrowableCollector.java:73)
	at org.junit.platform.engine.support.hierarchical.NodeTestTask.executeRecursively(NodeTestTask.java:138)
	at org.junit.platform.engine.support.hierarchical.NodeTestTask.execute(NodeTestTask.java:95)
	at org.junit.platform.engine.support.hierarchical.SameThreadHierarchicalTestExecutorService.submit(SameThreadHierarchicalTestExecutorService.java:35)
	at org.junit.platform.engine.support.hierarchical.HierarchicalTestExecutor.execute(HierarchicalTestExecutor.java:57)
	at org.junit.platform.engine.support.hierarchical.HierarchicalTestEngine.execute(HierarchicalTestEngine.java:54)
	at org.junit.platform.launcher.core.EngineExecutionOrchestrator.execute(EngineExecutionOrchestrator.java:198)
	at org.junit.platform.launcher.core.EngineExecutionOrchestrator.execute(EngineExecutionOrchestrator.java:169)
	at org.junit.platform.launcher.core.EngineExecutionOrchestrator.execute(EngineExecutionOrchestrator.java:93)
	at org.junit.platform.launcher.core.EngineExecutionOrchestrator.lambda$execute$0(EngineExecutionOrchestrator.java:58)
	at org.junit.platform.launcher.core.EngineExecutionOrchestrator.withInterceptedStreams(EngineExecutionOrchestrator.java:141)
	at org.junit.platform.launcher.core.EngineExecutionOrchestrator.execute(EngineExecutionOrchestrator.java:57)
	at org.junit.platform.launcher.core.DefaultLauncher.execute(DefaultLauncher.java:103)
	at org.junit.platform.launcher.core.DefaultLauncher.execute(DefaultLauncher.java:85)
	at org.junit.platform.launcher.core.DelegatingLauncher.execute(DelegatingLauncher.java:47)
	at org.apache.maven.surefire.junitplatform.LazyLauncher.execute(LazyLauncher.java:56)
	at org.apache.maven.surefire.junitplatform.JUnitPlatformProvider.execute(JUnitPlatformProvider.java:184)
	at org.apache.maven.surefire.junitplatform.JUnitPlatformProvider.invokeAllTests(JUnitPlatformProvider.java:148)
	at org.apache.maven.surefire.junitplatform.JUnitPlatformProvider.invoke(JUnitPlatformProvider.java:122)
	at org.apache.maven.surefire.booter.ForkedBooter.runSuitesInProcess(ForkedBooter.java:385)
	at org.apache.maven.surefire.booter.ForkedBooter.execute(ForkedBooter.java:162)
	at org.apache.maven.surefire.booter.ForkedBooter.run(ForkedBooter.java:507)
	at org.apache.maven.surefire.booter.ForkedBooter.main(ForkedBooter.java:495)

[ERRO] 2026-01-09 18:51:47.118 - Erro-0
  Exceção: java.lang.RuntimeException: Erro 0
java.lang.RuntimeException: Erro 0
	at testes.ErrorLoggerTest.testeLogNaoCresceIndefinidamente(ErrorLoggerTest.java:389)
	at java.base/jdk.internal.reflect.DirectMethodHandleAccessor.invoke(DirectMethodHandleAccessor.java:103)
	at java.base/java.lang.reflect.Method.invoke(Method.java:580)
	at org.junit.platform.commons.util.ReflectionUtils.invokeMethod(ReflectionUtils.java:728)
	at org.junit.jupiter.engine.execution.MethodInvocation.proceed(MethodInvocation.java:60)
	at org.junit.jupiter.engine.execution.InvocationInterceptorChain$ValidatingInvocation.proceed(InvocationInterceptorChain.java:131)
	at org.junit.jupiter.engine.extension.TimeoutExtension.intercept(TimeoutExtension.java:156)
	at org.junit.jupiter.engine.extension.TimeoutExtension.interceptTestableMethod(TimeoutExtension.java:147)
	at org.junit.jupiter.engine.extension.TimeoutExtension.interceptTestMethod(TimeoutExtension.java:86)
	at org.junit.jupiter.engine.execution.InterceptingExecutableInvoker$ReflectiveInterceptorCall.lambda$ofVoidMethod$0(InterceptingExecutableInvoker.java:103)
	at org.junit.jupiter.engine.execution.InterceptingExecutableInvoker.lambda$invoke$0(InterceptingExecutableInvoker.java:93)
	at org.junit.jupiter.engine.execution.InvocationInterceptorChain$InterceptedInvocation.proceed(InvocationInterceptorChain.java:106)
	at org.junit.jupiter.engine.execution.InvocationInterceptorChain.proceed(InvocationInterceptorChain.java:64)
	at org.junit.jupiter.engine.execution.InvocationInterceptorChain.chainAndInvoke(InvocationInterceptorChain.java:45)
	at org.junit.jupiter.engine.execution.InvocationInterceptorChain.invoke(InvocationInterceptorChain.java:37)
	at org.junit.jupiter.engine.execution.InterceptingExecutableInvoker.invoke(InterceptingExecutableInvoker.java:92)
	at org.junit.jupiter.engine.execution.InterceptingExecutableInvoker.invoke(InterceptingExecutableInvoker.java:86)
	at org.junit.jupiter.engine.descriptor.TestMethodTestDescriptor.lambda$invokeTestMethod$7(TestMethodTestDescriptor.java:218)
	at org.junit.platform.engine.support.hierarchical.ThrowableCollector.execute(ThrowableCollector.java:73)
	at org.junit.jupiter.engine.descriptor.TestMethodTestDescriptor.invokeTestMethod(TestMethodTestDescriptor.java:214)
	at org.junit.jupiter.engine.descriptor.TestMethodTestDescriptor.execute(TestMethodTestDescriptor.java:139)
	at org.junit.jupiter.engine.descriptor.TestMethodTestDescriptor.execute(TestMethodTestDescriptor.java:69)
	at org.junit.platform.engine.support.hierarchical.NodeTestTask.lambda$executeRecursively$6(NodeTestTask.java:151)
	at org.junit.platform.engine.support.hierarchical.ThrowableCollector.execute(ThrowableCollector.java:73)
	at org.junit.platform.engine.support.hierarchical.NodeTestTask.lambda$executeRecursively$8(NodeTestTask.java:141)
	at org.junit.platform.engine.support.hierarchical.Node.around(Node.java:137)
	at org.junit.platform.engine.support.hierarchical.NodeTestTask.lambda$executeRecursively$9(NodeTestTask.java:139)
	at org.junit.platform.engine.support.hierarchical.ThrowableCollector.execute(ThrowableCollector.java:73)
	at org.junit.platform.engine.support.hierarchical.NodeTestTask.executeRecursively(NodeTestTask.java:138)
	at org.junit.platform.engine.support.hierarchical.NodeTestTask.execute(NodeTestTask.java:95)
	at java.base/java.util.ArrayList.forEach(ArrayList.java:1597)
	at org.junit.platform.engine.support.hierarchical.SameThreadHierarchicalTestExecutorService.invokeAll(SameThreadHierarchicalTestExecutorService.java:41)
	at org.junit.platform.engine.support.hierarchical.NodeTestTask.lambda$executeRecursively$6(NodeTestTask.java:155)
	at org.junit.platform.engine.support.hierarchical.ThrowableCollector.execute(ThrowableCollector.java:73)
	at org.junit.platform.engine.support.hierarchical.NodeTestTask.lambda$executeRecursively$8(NodeTestTask.java:141)
	at org.junit.platform.engine.support.hierarchical.Node.around(Node.java:137)
	at org.junit.platform.engine.support.hierarchical.NodeTestTask.lambda$executeRecursively$9(NodeTestTask.java:139)
	at org.junit.platform.engine.support.hierarchical.ThrowableCollector.execute(ThrowableCollector.java:73)
	at org.junit.platform.engine.support.hierarchical.NodeTestTask.executeRecursively(NodeTestTask.java:138)
	at org.junit.platform.engine.support.hierarchical.NodeTestTask.execute(NodeTestTask.java:95)
	at java.base/java.util.ArrayList.forEach(ArrayList.java:1597)
	at org.junit.platform.engine.support.hierarchical.SameThreadHierarchicalTestExecutorService.invokeAll(SameThreadHierarchicalTestExecutorService.java:41)
	at org.junit.platform.engine.support.hierarchical.NodeTestTask.lambda$executeRecursively$6(NodeTestTask.java:155)
	at org.junit.platform.engine.support.hierarchical.ThrowableCollector.execute(ThrowableCollector.java:73)
	at org.junit.platform.engine.support.hierarchical.NodeTestTask.lambda$executeRecursively$8(NodeTestTask.java:141)
	at org.junit.platform.engine.support.hierarchical.Node.around(Node.java:137)
	at org.junit.platform.engine.support.hierarchical.NodeTestTask.lambda$executeRecursively$9(NodeTestTask.java:139)
	at org.junit.platform.engine.support.hierarchical.ThrowableCollector.execute(ThrowableCollector.java:73)
	at org.junit.platform.engine.support.hierarchical.NodeTestTask.executeRecursively(NodeTestTask.java:138)
	at org.junit.platform.engine.support.hierarchical.NodeTestTask.execute(NodeTestTask.java:95)
	at org.junit.platform.engine.support.hierarchical.SameThreadHierarchicalTestExecutorService.submit(SameThreadHierarchicalTestExecutorService.java:35)
	at org.junit.platform.engine.support.hierarchical.HierarchicalTestExecutor.execute(HierarchicalTestExecutor.java:57)
	at org.junit.platform.engine.support.hierarchical.HierarchicalTestEngine.execute(HierarchicalTestEngine.java:54)
	at org.junit.platform.launcher.core.EngineExecutionOrchestrator.execute(EngineExecutionOrchestrator.java:198)
	at org.junit.platform.launcher.core.EngineExecutionOrchestrator.execute(EngineExecutionOrchestrator.java:169)
	at org.junit.platform.launcher.core.EngineExecutionOrchestrator.execute(EngineExecutionOrchestrator.java:93)
	at org.junit.platform.launcher.core.EngineExecutionOrchestrator.lambda$execute$0(EngineExecutionOrchestrator.java:58)
	at org.junit.platform.launcher.core.EngineExecutionOrchestrator.withInterceptedStreams(EngineExecutionOrchestrator.java:141)
	at org.junit.platform.launcher.core.EngineExecutionOrchestrator.execute(EngineExecutionOrchestrator.java:57)
	at org.junit.platform.launcher.core.DefaultLauncher.execute(DefaultLauncher.java:103)
	at org.junit.platform.launcher.core.DefaultLauncher.execute(DefaultLauncher.java:85)
	at org.junit.platform.launcher.core.DelegatingLauncher.execute(DelegatingLauncher.java:47)
	at org.apache.maven.surefire.junitplatform.LazyLauncher.execute(LazyLauncher.java:56)
	at org.apache.maven.surefire.junitplatform.JUnitPlatformProvider.execute(JUnitPlatformProvider.java:184)
	at org.apache.maven.surefire.junitplatform.JUnitPlatformProvider.invokeAllTests(JUnitPlatformProvider.java:148)
	at org.apache.maven.surefire.junitplatform.JUnitPlatformProvider.invoke(JUnitPlatformProvider.java:122)
	at org.apache.maven.surefire.booter.ForkedBooter.runSuitesInProcess(ForkedBooter.java:385)
	at org.apache.maven.surefire.booter.ForkedBooter.execute(ForkedBooter.java:162)
	at org.apache.maven.surefire.booter.ForkedBooter.run(ForkedBooter.java:507)
	at org.apache.maven.surefire.booter.ForkedBooter.main(ForkedBooter.java:495)

[ERRO] 2026-01-09 18:51:47.119 - Erro-1
  Exceção: java.lang.RuntimeException: Erro 1
java.lang.RuntimeException: Erro 1
	at testes.ErrorLoggerTest.testeLogNaoCresceIndefinidamente(ErrorLoggerTest.java:389)
	at java.base/jdk.internal.reflect.DirectMethodHandleAccessor.invoke(DirectMethodHandleAccessor.java:103)
	at java.base/java.lang.reflect.Method.invoke(Method.java:580)
	at org.junit.platform.commons.util.ReflectionUtils.invokeMethod(ReflectionUtils.java:728)
	at org.junit.jupiter.engine.execution.MethodInvocation.proceed(MethodInvocation.java:60)
	at org.junit.jupiter.engine.execution.InvocationInterceptorChain$ValidatingInvocation.proceed(InvocationInterceptorChain.java:131)
	at org.junit.jupiter.engine.extension.TimeoutExtension.intercept(TimeoutExtension.java:156)
	at org.junit.jupiter.engine.extension.TimeoutExtension.interceptTestableMethod(TimeoutExtension.java:147)
	at org.junit.jupiter.engine.extension.TimeoutExtension.interceptTestMethod(TimeoutExtension.java:86)
	at org.junit.jupiter.engine.execution.InterceptingExecutableInvoker$ReflectiveInterceptorCall.lambda$ofVoidMethod$0(InterceptingExecutableInvoker.java:103)
	at org.junit.jupiter.engine.execution.InterceptingExecutableInvoker.lambda$invoke$0(InterceptingExecutableInvoker.java:93)
	at org.junit.jupiter.engine.execution.InvocationInterceptorChain$InterceptedInvocation.proceed(InvocationInterceptorChain.java:106)
	at org.junit.jupiter.engine.execution.InvocationInterceptorChain.proceed(InvocationInterceptorChain.java:64)
	at org.junit.jupiter.engine.execution.InvocationInterceptorChain.chainAndInvoke(InvocationInterceptorChain.java:45)
	at org.junit.jupiter.engine.execution.InvocationInterceptorChain.invoke(InvocationInterceptorChain.java:37)
	at org.junit.jupiter.engine.execution.InterceptingExecutableInvoker.invoke(InterceptingExecutableInvoker.java:92)
	at org.junit.jupiter.engine.execution.InterceptingExecutableInvoker.invoke(InterceptingExecutableInvoker.java:86)
	at org.junit.jupiter.engine.descriptor.TestMethodTestDescriptor.lambda$invokeTestMethod$7(TestMethodTestDescriptor.java:218)
	at org.junit.platform.engine.support.hierarchical.ThrowableCollector.execute(ThrowableCollector.java:73)
	at org.junit.jupiter.engine.descriptor.TestMethodTestDescriptor.invokeTestMethod(TestMethodTestDescriptor.java:214)
	at org.junit.jupiter.engine.descriptor.TestMethodTestDescriptor.execute(TestMethodTestDescriptor.java:139)
	at org.junit.jupiter.engine.descriptor.TestMethodTestDescriptor.execute(TestMethodTestDescriptor.java:69)
	at org.junit.platform.engine.support.hierarchical.NodeTestTask.lambda$executeRecursively$6(NodeTestTask.java:151)
	at org.junit.platform.engine.support.hierarchical.ThrowableCollector.execute(ThrowableCollector.java:73)
	at org.junit.platform.engine.support.hierarchical.NodeTestTask.lambda$executeRecursively$8(NodeTestTask.java:141)
	at org.junit.platform.engine.support.hierarchical.Node.around(Node.java:137)
	at org.junit.platform.engine.support.hierarchical.NodeTestTask.lambda$executeRecursively$9(NodeTestTask.java:139)
	at org.junit.platform.engine.support.hierarchical.ThrowableCollector.execute(ThrowableCollector.java:73)
	at org.junit.platform.engine.support.hierarchical.NodeTestTask.executeRecursively(NodeTestTask.java:138)
	at org.junit.platform.engine.support.hierarchical.NodeTestTask.execute(NodeTestTask.java:95)
	at java.base/java.util.ArrayList.forEach(ArrayList.java:1597)
	at org.junit.platform.engine.support.hierarchical.SameThreadHierarchicalTestExecutorService.invokeAll(SameThreadHierarchicalTestExecutorService.java:41)
	at org.junit.platform.engine.support.hierarchical.NodeTestTask.lambda$executeRecursively$6(NodeTestTask.java:155)
	at org.junit.platform.engine.support.hierarchical.ThrowableCollector.execute(ThrowableCollector.java:73)
	at org.junit.platform.engine.support.hierarchical.NodeTestTask.lambda$executeRecursively$8(NodeTestTask.java:141)
	at org.junit.platform.engine.support.hierarchical.Node.around(Node.java:137)
	at org.junit.platform.engine.support.hierarchical.NodeTestTask.lambda$executeRecursively$9(NodeTestTask.java:139)
	at org.junit.platform.engine.support.hierarchical.ThrowableCollector.execute(ThrowableCollector.java:73)
	at org.junit.platform.engine.support.hierarchical.NodeTestTask.executeRecursively(NodeTestTask.java:138)
	at org.junit.platform.engine.support.hierarchical.NodeTestTask.execute(NodeTestTask.java:95)
	at java.base/java.util.ArrayList.forEach(ArrayList.java:1597)
	at org.junit.platform.engine.support.hierarchical.SameThreadHierarchicalTestExecutorService.invokeAll(SameThreadHierarchicalTestExecutorService.java:41)
	at org.junit.platform.engine.support.hierarchical.NodeTestTask.lambda$executeRecursively$6(NodeTestTask.java:155)
	at org.junit.platform.engine.support.hierarchical.ThrowableCollector.execute(ThrowableCollector.java:73)
	at org.junit.platform.engine.support.hierarchical.NodeTestTask.lambda$executeRecursively$8(NodeTestTask.java:141)
	at org.junit.platform.engine.support.hierarchical.Node.around(Node.java:137)
	at org.junit.platform.engine.support.hierarchical.NodeTestTask.lambda$executeRecursively$9(NodeTestTask.java:139)
	at org.junit.platform.engine.support.hierarchical.ThrowableCollector.execute(ThrowableCollector.java:73)
	at org.junit.platform.engine.support.hierarchical.NodeTestTask.executeRecursively(NodeTestTask.java:138)
	at org.junit.platform.engine.support.hierarchical.NodeTestTask.execute(NodeTestTask.java:95)
	at org.junit.platform.engine.support.hierarchical.SameThreadHierarchicalTestExecutorService.submit(SameThreadHierarchicalTestExecutorService.java:35)
	at org.junit.platform.engine.support.hierarchical.HierarchicalTestExecutor.execute(HierarchicalTestExecutor.java:57)
	at org.junit.platform.engine.support.hierarchical.HierarchicalTestEngine.execute(HierarchicalTestEngine.java:54)
	at org.junit.platform.launcher.core.EngineExecutionOrchestrator.execute(EngineExecutionOrchestrator.java:198)
	at org.junit.platform.launcher.core.EngineExecutionOrchestrator.execute(EngineExecutionOrchestrator.java:169)
	at org.junit.platform.launcher.core.EngineExecutionOrchestrator.execute(EngineExecutionOrchestrator.java:93)
	at org.junit.platform.launcher.core.EngineExecutionOrchestrator.lambda$execute$0(EngineExecutionOrchestrator.java:58)
	at org.junit.platform.launcher.core.EngineExecutionOrchestrator.withInterceptedStreams(EngineExecutionOrchestrator.java:141)
	at org.junit.platform.launcher.core.EngineExecutionOrchestrator.execute(EngineExecutionOrchestrator.java:57)
	at org.junit.platform.launcher.core.DefaultLauncher.execute(DefaultLauncher.java:103)
	at org.junit.platform.launcher.core.DefaultLauncher.execute(DefaultLauncher.java:85)
	at org.junit.platform.launcher.core.DelegatingLauncher.execute(DelegatingLauncher.java:47)
	at org.apache.maven.surefire.junitplatform.LazyLauncher.execute(LazyLauncher.java:56)
	at org.apache.maven.surefire.junitplatform.JUnitPlatformProvider.execute(JUnitPlatformProvider.java:184)
	at org.apache.maven.surefire.junitplatform.JUnitPlatformProvider.invokeAllTests(JUnitPlatformProvider.java:148)
	at org.apache.maven.surefire.junitplatform.JUnitPlatformProvider.invoke(JUnitPlatformProvider.java:122)
	at org.apache.maven.surefire.booter.ForkedBooter.runSuitesInProcess(ForkedBooter.java:385)
	at org.apache.maven.surefire.booter.ForkedBooter.execute(ForkedBooter.java:162)
	at org.apache.maven.surefire.booter.ForkedBooter.run(ForkedBooter.java:507)
	at org.apache.maven.surefire.booter.ForkedBooter.main(ForkedBooter.java:495)

[ERRO] 2026-01-09 18:51:47.122 - Erro-2
  Exceção: java.lang.RuntimeException: Erro 2
java.lang.RuntimeException: Erro 2
	at testes.ErrorLoggerTest.testeLogNaoCresceIndefinidamente(ErrorLoggerTest.java:389)
	at java.base/jdk.internal.reflect.DirectMethodHandleAccessor.invoke(DirectMethodHandleAccessor.java:103)
	at java.base/java.lang.reflect.Method.invoke(Method.java:580)
	at org.junit.platform.commons.util.ReflectionUtils.invokeMethod(ReflectionUtils.java:728)
	at org.junit.jupiter.engine.execution.MethodInvocation.proceed(MethodInvocation.java:60)
	at org.junit.jupiter.engine.execution.InvocationInterceptorChain$ValidatingInvocation.proceed(InvocationInterceptorChain.java:131)
	at org.junit.jupiter.engine.extension.TimeoutExtension.intercept(TimeoutExtension.java:156)
	at org.junit.jupiter.engine.extension.TimeoutExtension.interceptTestableMethod(TimeoutExtension.java:147)
	at org.junit.jupiter.engine.extension.TimeoutExtension.interceptTestMethod(TimeoutExtension.java:86)
	at org.junit.jupiter.engine.execution.InterceptingExecutableInvoker$ReflectiveInterceptorCall.lambda$ofVoidMethod$0(InterceptingExecutableInvoker.java:103)
	at org.junit.jupiter.engine.execution.InterceptingExecutableInvoker.lambda$invoke$0(InterceptingExecutableInvoker.java:93)
	at org.junit.jupiter.engine.execution.InvocationInterceptorChain$InterceptedInvocation.proceed(InvocationInterceptorChain.java:106)
	at org.junit.jupiter.engine.execution.InvocationInterceptorChain.proceed(InvocationInterceptorChain.java:64)
	at org.junit.jupiter.engine.execution.InvocationInterceptorChain.chainAndInvoke(InvocationInterceptorChain.java:45)
	at org.junit.jupiter.engine.execution.InvocationInterceptorChain.invoke(InvocationInterceptorChain.java:37)
	at org.junit.jupiter.engine.execution.InterceptingExecutableInvoker.invoke(InterceptingExecutableInvoker.java:92)
	at org.junit.jupiter.engine.execution.InterceptingExecutableInvoker.invoke(InterceptingExecutableInvoker.java:86)
	at org.junit.jupiter.engine.descriptor.TestMethodTestDescriptor.lambda$invokeTestMethod$7(TestMethodTestDescriptor.java:218)
	at org.junit.platform.engine.support.hierarchical.ThrowableCollector.execute(ThrowableCollector.java:73)
	at org.junit.jupiter.engine.descriptor.TestMethodTestDescriptor.invokeTestMethod(TestMethodTestDescriptor.java:214)
	at org.junit.jupiter.engine.descriptor.TestMethodTestDescriptor.execute(TestMethodTestDescriptor.java:139)
	at org.junit.jupiter.engine.descriptor.TestMethodTestDescriptor.execute(TestMethodTestDescriptor.java:69)
	at org.junit.platform.engine.support.hierarchical.NodeTestTask.lambda$executeRecursively$6(NodeTestTask.java:151)
	at org.junit.platform.engine.support.hierarchical.ThrowableCollector.execute(ThrowableCollector.java:73)
	at org.junit.platform.engine.support.hierarchical.NodeTestTask.lambda$executeRecursively$8(NodeTestTask.java:141)
	at org.junit.platform.engine.support.hierarchical.Node.around(Node.java:137)
	at org.junit.platform.engine.support.hierarchical.NodeTestTask.lambda$executeRecursively$9(NodeTestTask.java:139)
	at org.junit.platform.engine.support.hierarchical.ThrowableCollector.execute(ThrowableCollector.java:73)
	at org.junit.platform.engine.support.hierarchical.NodeTestTask.executeRecursively(NodeTestTask.java:138)
	at org.junit.platform.engine.support.hierarchical.NodeTestTask.execute(NodeTestTask.java:95)
	at java.base/java.util.ArrayList.forEach(ArrayList.java:1597)
	at org.junit.platform.engine.support.hierarchical.SameThreadHierarchicalTestExecutorService.invokeAll(SameThreadHierarchicalTestExecutorService.java:41)
	at org.junit.platform.engine.support.hierarchical.NodeTestTask.lambda$executeRecursively$6(NodeTestTask.java:155)
	at org.junit.platform.engine.support.hierarchical.ThrowableCollector.execute(ThrowableCollector.java:73)
	at org.junit.platform.engine.support.hierarchical.NodeTestTask.lambda$executeRecursively$8(NodeTestTask.java:141)
	at org.junit.platform.engine.support.hierarchical.Node.around(Node.java:137)
	at org.junit.platform.engine.support.hierarchical.NodeTestTask.lambda$executeRecursively$9(NodeTestTask.java:139)
	at org.junit.platform.engine.support.hierarchical.ThrowableCollector.execute(ThrowableCollector.java:73)
	at org.junit.platform.engine.support.hierarchical.NodeTestTask.executeRecursively(NodeTestTask.java:138)
	at org.junit.platform.engine.support.hierarchical.NodeTestTask.execute(NodeTestTask.java:95)
	at java.base/java.util.ArrayList.forEach(ArrayList.java:1597)
	at org.junit.platform.engine.support.hierarchical.SameThreadHierarchicalTestExecutorService.invokeAll(SameThreadHierarchicalTestExecutorService.java:41)
	at org.junit.platform.engine.support.hierarchical.NodeTestTask.lambda$executeRecursively$6(NodeTestTask.java:155)
	at org.junit.platform.engine.support.hierarchical.ThrowableCollector.execute(ThrowableCollector.java:73)
	at org.junit.platform.engine.support.hierarchical.NodeTestTask.lambda$executeRecursively$8(NodeTestTask.java:141)
	at org.junit.platform.engine.support.hierarchical.Node.around(Node.java:137)
	at org.junit.platform.engine.support.hierarchical.NodeTestTask.lambda$executeRecursively$9(NodeTestTask.java:139)
	at org.junit.platform.engine.support.hierarchical.ThrowableCollector.execute(ThrowableCollector.java:73)
	at org.junit.platform.engine.support.hierarchical.NodeTestTask.executeRecursively(NodeTestTask.java:138)
	at org.junit.platform.engine.support.hierarchical.NodeTestTask.execute(NodeTestTask.java:95)
	at org.junit.platform.engine.support.hierarchical.SameThreadHierarchicalTestExecutorService.submit(SameThreadHierarchicalTestExecutorService.java:35)
	at org.junit.platform.engine.support.hierarchical.HierarchicalTestExecutor.execute(HierarchicalTestExecutor.java:57)
	at org.junit.platform.engine.support.hierarchical.HierarchicalTestEngine.execute(HierarchicalTestEngine.java:54)
	at org.junit.platform.launcher.core.EngineExecutionOrchestrator.execute(EngineExecutionOrchestrator.java:198)
	at org.junit.platform.launcher.core.EngineExecutionOrchestrator.execute(EngineExecutionOrchestrator.java:169)
	at org.junit.platform.launcher.core.EngineExecutionOrchestrator.execute(EngineExecutionOrchestrator.java:93)
	at org.junit.platform.launcher.core.EngineExecutionOrchestrator.lambda$execute$0(EngineExecutionOrchestrator.java:58)
	at org.junit.platform.launcher.core.EngineExecutionOrchestrator.withInterceptedStreams(EngineExecutionOrchestrator.java:141)
	at org.junit.platform.launcher.core.EngineExecutionOrchestrator.execute(EngineExecutionOrchestrator.java:57)
	at org.junit.platform.launcher.core.DefaultLauncher.execute(DefaultLauncher.java:103)
	at org.junit.platform.launcher.core.DefaultLauncher.execute(DefaultLauncher.java:85)
	at org.junit.platform.launcher.core.DelegatingLauncher.execute(DelegatingLauncher.java:47)
	at org.apache.maven.surefire.junitplatform.LazyLauncher.execute(LazyLauncher.java:56)
	at org.apache.maven.surefire.junitplatform.JUnitPlatformProvider.execute(JUnitPlatformProvider.java:184)
	at org.apache.maven.surefire.junitplatform.JUnitPlatformProvider.invokeAllTests(JUnitPlatformProvider.java:148)
	at org.apache.maven.surefire.junitplatform.JUnitPlatformProvider.invoke(JUnitPlatformProvider.java:122)
	at org.apache.maven.surefire.booter.ForkedBooter.runSuitesInProcess(ForkedBooter.java:385)
	at org.apache.maven.surefire.booter.ForkedBooter.execute(ForkedBooter.java:162)
	at org.apache.maven.surefire.booter.ForkedBooter.run(ForkedBooter.java:507)
	at org.apache.maven.surefire.booter.ForkedBooter.main(ForkedBooter.java:495)

[ERRO] 2026-01-09 18:51:47.122 - Erro-3
  Exceção: java.lang.RuntimeException: Erro 3
java.lang.RuntimeException: Erro 3
	at testes.ErrorLoggerTest.testeLogNaoCresceIndefinidamente(ErrorLoggerTest.java:389)
	at java.base/jdk.internal.reflect.DirectMethodHandleAccessor.invoke(DirectMethodHandleAccessor.java:103)
	at java.base/java.lang.reflect.Method.invoke(Method.java:580)
	at org.junit.platform.commons.util.ReflectionUtils.invokeMethod(ReflectionUtils.java:728)
	at org.junit.jupiter.engine.execution.MethodInvocation.proceed(MethodInvocation.java:60)
	at org.junit.jupiter.engine.execution.InvocationInterceptorChain$ValidatingInvocation.proceed(InvocationInterceptorChain.java:131)
	at org.junit.jupiter.engine.extension.TimeoutExtension.intercept(TimeoutExtension.java:156)
	at org.junit.jupiter.engine.extension.TimeoutExtension.interceptTestableMethod(TimeoutExtension.java:147)
	at org.junit.jupiter.engine.extension.TimeoutExtension.interceptTestMethod(TimeoutExtension.java:86)
	at org.junit.jupiter.engine.execution.InterceptingExecutableInvoker$ReflectiveInterceptorCall.lambda$ofVoidMethod$0(InterceptingExecutableInvoker.java:103)
	at org.junit.jupiter.engine.execution.InterceptingExecutableInvoker.lambda$invoke$0(InterceptingExecutableInvoker.java:93)
	at org.junit.jupiter.engine.execution.InvocationInterceptorChain$InterceptedInvocation.proceed(InvocationInterceptorChain.java:106)
	at org.junit.jupiter.engine.execution.InvocationInterceptorChain.proceed(InvocationInterceptorChain.java:64)
	at org.junit.jupiter.engine.execution.InvocationInterceptorChain.chainAndInvoke(InvocationInterceptorChain.java:45)
	at org.junit.jupiter.engine.execution.InvocationInterceptorChain.invoke(InvocationInterceptorChain.java:37)
	at org.junit.jupiter.engine.execution.InterceptingExecutableInvoker.invoke(InterceptingExecutableInvoker.java:92)
	at org.junit.jupiter.engine.execution.InterceptingExecutableInvoker.invoke(InterceptingExecutableInvoker.java:86)
	at org.junit.jupiter.engine.descriptor.TestMethodTestDescriptor.lambda$invokeTestMethod$7(TestMethodTestDescriptor.java:218)
	at org.junit.platform.engine.support.hierarchical.ThrowableCollector.execute(ThrowableCollector.java:73)
	at org.junit.jupiter.engine.descriptor.TestMethodTestDescriptor.invokeTestMethod(TestMethodTestDescriptor.java:214)
	at org.junit.jupiter.engine.descriptor.TestMethodTestDescriptor.execute(TestMethodTestDescriptor.java:139)
	at org.junit.jupiter.engine.descriptor.TestMethodTestDescriptor.execute(TestMethodTestDescriptor.java:69)
	at org.junit.platform.engine.support.hierarchical.NodeTestTask.lambda$executeRecursively$6(NodeTestTask.java:151)
	at org.junit.platform.engine.support.hierarchical.ThrowableCollector.execute(ThrowableCollector.java:73)
	at org.junit.platform.engine.support.hierarchical.NodeTestTask.lambda$executeRecursively$8(NodeTestTask.java:141)
	at org.junit.platform.engine.support.hierarchical.Node.around(Node.java:137)
	at org.junit.platform.engine.support.hierarchical.NodeTestTask.lambda$executeRecursively$9(NodeTestTask.java:139)
	at org.junit.platform.engine.support.hierarchical.ThrowableCollector.execute(ThrowableCollector.java:73)
	at org.junit.platform.engine.support.hierarchical.NodeTestTask.executeRecursively(NodeTestTask.java:138)
	at org.junit.platform.engine.support.hierarchical.NodeTestTask.execute(NodeTestTask.java:95)
	at java.base/java.util.ArrayList.forEach(ArrayList.java:1597)
	at org.junit.platform.engine.support.hierarchical.SameThreadHierarchicalTestExecutorService.invokeAll(SameThreadHierarchicalTestExecutorService.java:41)
	at org.junit.platform.engine.support.hierarchical.NodeTestTask.lambda$executeRecursively$6(NodeTestTask.java:155)
	at org.junit.platform.engine.support.hierarchical.ThrowableCollector.execute(ThrowableCollector.java:73)
	at org.junit.platform.engine.support.hierarchical.NodeTestTask.lambda$executeRecursively$8(NodeTestTask.java:141)
	at org.junit.platform.engine.support.hierarchical.Node.around(Node.java:137)
	at org.junit.platform.engine.support.hierarchical.NodeTestTask.lambda$executeRecursively$9(NodeTestTask.java:139)
	at org.junit.platform.engine.support.hierarchical.ThrowableCollector.execute(ThrowableCollector.java:73)
	at org.junit.platform.engine.support.hierarchical.NodeTestTask.executeRecursively(NodeTestTask.java:138)
	at org.junit.platform.engine.support.hierarchical.NodeTestTask.execute(NodeTestTask.java:95)
	at java.base/java.util.ArrayList.forEach(ArrayList.java:1597)
	at org.junit.platform.engine.support.hierarchical.SameThreadHierarchicalTestExecutorService.invokeAll(SameThreadHierarchicalTestExecutorService.java:41)
	at org.junit.platform.engine.support.hierarchical.NodeTestTask.lambda$executeRecursively$6(NodeTestTask.java:155)
	at org.junit.platform.engine.support.hierarchical.ThrowableCollector.execute(ThrowableCollector.java:73)
	at org.junit.platform.engine.support.hierarchical.NodeTestTask.lambda$executeRecursively$8(NodeTestTask.java:141)
	at org.junit.platform.engine.support.hierarchical.Node.around(Node.java:137)
	at org.junit.platform.engine.support.hierarchical.NodeTestTask.lambda$executeRecursively$9(NodeTestTask.java:139)
	at org.junit.platform.engine.support.hierarchical.ThrowableCollector.execute(ThrowableCollector.java:73)
	at org.junit.platform.engine.support.hierarchical.NodeTestTask.executeRecursively(NodeTestTask.java:138)
	at org.junit.platform.engine.support.hierarchical.NodeTestTask.execute(NodeTestTask.java:95)
	at org.junit.platform.engine.support.hierarchical.SameThreadHierarchicalTestExecutorService.submit(SameThreadHierarchicalTestExecutorService.java:35)
	at org.junit.platform.engine.support.hierarchical.HierarchicalTestExecutor.execute(HierarchicalTestExecutor.java:57)
	at org.junit.platform.engine.support.hierarchical.HierarchicalTestEngine.execute(HierarchicalTestEngine.java:54)
	at org.junit.platform.launcher.core.EngineExecutionOrchestrator.execute(EngineExecutionOrchestrator.java:198)
	at org.junit.platform.launcher.core.EngineExecutionOrchestrator.execute(EngineExecutionOrchestrator.java:169)
	at org.junit.platform.launcher.core.EngineExecutionOrchestrator.execute(EngineExecutionOrchestrator.java:93)
	at org.junit.platform.launcher.core.EngineExecutionOrchestrator.lambda$execute$0(EngineExecutionOrchestrator.java:58)
	at org.junit.platform.launcher.core.EngineExecutionOrchestrator.withInterceptedStreams(EngineExecutionOrchestrator.java:141)
	at org.junit.platform.launcher.core.EngineExecutionOrchestrator.execute(EngineExecutionOrchestrator.java:57)
	at org.junit.platform.launcher.core.DefaultLauncher.execute(DefaultLauncher.java:103)
	at org.junit.platform.launcher.core.DefaultLauncher.execute(DefaultLauncher.java:85)
	at org.junit.platform.launcher.core.DelegatingLauncher.execute(DelegatingLauncher.java:47)
	at org.apache.maven.surefire.junitplatform.LazyLauncher.execute(LazyLauncher.java:56)
	at org.apache.maven.surefire.junitplatform.JUnitPlatformProvider.execute(JUnitPlatformProvider.java:184)
	at org.apache.maven.surefire.junitplatform.JUnitPlatformProvider.invokeAllTests(JUnitPlatformProvider.java:148)
	at org.apache.maven.surefire.junitplatform.JUnitPlatformProvider.invoke(JUnitPlatformProvider.java:122)
	at org.apache.maven.surefire.booter.ForkedBooter.runSuitesInProcess(ForkedBooter.java:385)
	at org.apache.maven.surefire.booter.ForkedBooter.execute(ForkedBooter.java:162)
	at org.apache.maven.surefire.booter.ForkedBooter.run(ForkedBooter.java:507)
	at org.apache.maven.surefire.booter.ForkedBooter.main(ForkedBooter.java:495)

[ERRO] 2026-01-09 18:51:47.123 - Erro-4
  Exceção: java.lang.RuntimeException: Erro 4
java.lang.RuntimeException: Erro 4
	at testes.ErrorLoggerTest.testeLogNaoCresceIndefinidamente(ErrorLoggerTest.java:389)
	at java.base/jdk.internal.reflect.DirectMethodHandleAccessor.invoke(DirectMethodHandleAccessor.java:103)
	at java.base/java.lang.reflect.Method.invoke(Method.java:580)
	at org.junit.platform.commons.util.ReflectionUtils.invokeMethod(ReflectionUtils.java:728)
	at org.junit.jupiter.engine.execution.MethodInvocation.proceed(MethodInvocation.java:60)
	at org.junit.jupiter.engine.execution.InvocationInterceptorChain$ValidatingInvocation.proceed(InvocationInterceptorChain.java:131)
	at org.junit.jupiter.engine.extension.TimeoutExtension.intercept(TimeoutExtension.java:156)
	at org.junit.jupiter.engine.extension.TimeoutExtension.interceptTestableMethod(TimeoutExtension.java:147)
	at org.junit.jupiter.engine.extension.TimeoutExtension.interceptTestMethod(TimeoutExtension.java:86)
	at org.junit.jupiter.engine.execution.InterceptingExecutableInvoker$ReflectiveInterceptorCall.lambda$ofVoidMethod$0(InterceptingExecutableInvoker.java:103)
	at org.junit.jupiter.engine.execution.InterceptingExecutableInvoker.lambda$invoke$0(InterceptingExecutableInvoker.java:93)
	at org.junit.jupiter.engine.execution.InvocationInterceptorChain$InterceptedInvocation.proceed(InvocationInterceptorChain.java:106)
	at org.junit.jupiter.engine.execution.InvocationInterceptorChain.proceed(InvocationInterceptorChain.java:64)
	at org.junit.jupiter.engine.execution.InvocationInterceptorChain.chainAndInvoke(InvocationInterceptorChain.java:45)
	at org.junit.jupiter.engine.execution.InvocationInterceptorChain.invoke(InvocationInterceptorChain.java:37)
	at org.junit.jupiter.engine.execution.InterceptingExecutableInvoker.invoke(InterceptingExecutableInvoker.java:92)
	at org.junit.jupiter.engine.execution.InterceptingExecutableInvoker.invoke(InterceptingExecutableInvoker.java:86)
	at org.junit.jupiter.engine.descriptor.TestMethodTestDescriptor.lambda$invokeTestMethod$7(TestMethodTestDescriptor.java:218)
	at org.junit.platform.engine.support.hierarchical.ThrowableCollector.execute(ThrowableCollector.java:73)
	at org.junit.jupiter.engine.descriptor.TestMethodTestDescriptor.invokeTestMethod(TestMethodTestDescriptor.java:214)
	at org.junit.jupiter.engine.descriptor.TestMethodTestDescriptor.execute(TestMethodTestDescriptor.java:139)
	at org.junit.jupiter.engine.descriptor.TestMethodTestDescriptor.execute(TestMethodTestDescriptor.java:69)
	at org.junit.platform.engine.support.hierarchical.NodeTestTask.lambda$executeRecursively$6(NodeTestTask.java:151)
	at org.junit.platform.engine.support.hierarchical.ThrowableCollector.execute(ThrowableCollector.java:73)
	at org.junit.platform.engine.support.hierarchical.NodeTestTask.lambda$executeRecursively$8(NodeTestTask.java:141)
	at org.junit.platform.engine.support.hierarchical.Node.around(Node.java:137)
	at org.junit.platform.engine.support.hierarchical.NodeTestTask.lambda$executeRecursively$9(NodeTestTask.java:139)
	at org.junit.platform.engine.support.hierarchical.ThrowableCollector.execute(ThrowableCollector.java:73)
	at org.junit.platform.engine.support.hierarchical.NodeTestTask.executeRecursively(NodeTestTask.java:138)
	at org.junit.platform.engine.support.hierarchical.NodeTestTask.execute(NodeTestTask.java:95)
	at java.base/java.util.ArrayList.forEach(ArrayList.java:1597)
	at org.junit.platform.engine.support.hierarchical.SameThreadHierarchicalTestExecutorService.invokeAll(SameThreadHierarchicalTestExecutorService.java:41)
	at org.junit.platform.engine.support.hierarchical.NodeTestTask.lambda$executeRecursively$6(NodeTestTask.java:155)
	at org.junit.platform.engine.support.hierarchical.ThrowableCollector.execute(ThrowableCollector.java:73)
	at org.junit.platform.engine.support.hierarchical.NodeTestTask.lambda$executeRecursively$8(NodeTestTask.java:141)
	at org.junit.platform.engine.support.hierarchical.Node.around(Node.java:137)
	at org.junit.platform.engine.support.hierarchical.NodeTestTask.lambda$executeRecursively$9(NodeTestTask.java:139)
	at org.junit.platform.engine.support.hierarchical.ThrowableCollector.execute(ThrowableCollector.java:73)
	at org.junit.platform.engine.support.hierarchical.NodeTestTask.executeRecursively(NodeTestTask.java:138)
	at org.junit.platform.engine.support.hierarchical.NodeTestTask.execute(NodeTestTask.java:95)
	at java.base/java.util.ArrayList.forEach(ArrayList.java:1597)
	at org.junit.platform.engine.support.hierarchical.SameThreadHierarchicalTestExecutorService.invokeAll(SameThreadHierarchicalTestExecutorService.java:41)
	at org.junit.platform.engine.support.hierarchical.NodeTestTask.lambda$executeRecursively$6(NodeTestTask.java:155)
	at org.junit.platform.engine.support.hierarchical.ThrowableCollector.execute(ThrowableCollector.java:73)
	at org.junit.platform.engine.support.hierarchical.NodeTestTask.lambda$executeRecursively$8(NodeTestTask.java:141)
	at org.junit.platform.engine.support.hierarchical.Node.around(Node.java:137)
	at org.junit.platform.engine.support.hierarchical.NodeTestTask.lambda$executeRecursively$9(NodeTestTask.java:139)
	at org.junit.platform.engine.support.hierarchical.ThrowableCollector.execute(ThrowableCollector.java:73)
	at org.junit.platform.engine.support.hierarchical.NodeTestTask.executeRecursively(NodeTestTask.java:138)
	at org.junit.platform.engine.support.hierarchical.NodeTestTask.execute(NodeTestTask.java:95)
	at org.junit.platform.engine.support.hierarchical.SameThreadHierarchicalTestExecutorService.submit(SameThreadHierarchicalTestExecutorService.java:35)
	at org.junit.platform.engine.support.hierarchical.HierarchicalTestExecutor.execute(HierarchicalTestExecutor.java:57)
	at org.junit.platform.engine.support.hierarchical.HierarchicalTestEngine.execute(HierarchicalTestEngine.java:54)
	at org.junit.platform.launcher.core.EngineExecutionOrchestrator.execute(EngineExecutionOrchestrator.java:198)
	at org.junit.platform.launcher.core.EngineExecutionOrchestrator.execute(EngineExecutionOrchestrator.java:169)
	at org.junit.platform.launcher.core.EngineExecutionOrchestrator.execute(EngineExecutionOrchestrator.java:93)
	at org.junit.platform.launcher.core.EngineExecutionOrchestrator.lambda$execute$0(EngineExecutionOrchestrator.java:58)
	at org.junit.platform.launcher.core.EngineExecutionOrchestrator.withInterceptedStreams(EngineExecutionOrchestrator.java:141)
	at org.junit.platform.launcher.core.EngineExecutionOrchestrator.execute(EngineExecutionOrchestrator.java:57)
	at org.junit.platform.launcher.core.DefaultLauncher.execute(DefaultLauncher.java:103)
	at org.junit.platform.launcher.core.DefaultLauncher.execute(DefaultLauncher.java:85)
	at org.junit.platform.launcher.core.DelegatingLauncher.execute(DelegatingLauncher.java:47)
	at org.apache.maven.surefire.junitplatform.LazyLauncher.execute(LazyLauncher.java:56)
	at org.apache.maven.surefire.junitplatform.JUnitPlatformProvider.execute(JUnitPlatformProvider.java:184)
	at org.apache.maven.surefire.junitplatform.JUnitPlatformProvider.invokeAllTests(JUnitPlatformProvider.java:148)
	at org.apache.maven.surefire.junitplatform.JUnitPlatformProvider.invoke(JUnitPlatformProvider.java:122)
	at org.apache.maven.surefire.booter.ForkedBooter.runSuitesInProcess(ForkedBooter.java:385)
	at org.apache.maven.surefire.booter.ForkedBooter.execute(ForkedBooter.java:162)
	at org.apache.maven.surefire.booter.ForkedBooter.run(ForkedBooter.java:507)
	at org.apache.maven.surefire.booter.ForkedBooter.main(ForkedBooter.java:495)

[ERRO] 2026-01-09 18:51:47.123 - Erro-5
  Exceção: java.lang.RuntimeException: Erro 5
java.lang.RuntimeException: Erro 5
	at testes.ErrorLoggerTest.testeLogNaoCresceIndefinidamente(ErrorLoggerTest.java:389)
	at java.base/jdk.internal.reflect.DirectMethodHandleAccessor.invoke(DirectMethodHandleAccessor.java:103)
	at java.base/java.lang.reflect.Method.invoke(Method.java:580)
	at org.junit.platform.commons.util.ReflectionUtils.invokeMethod(ReflectionUtils.java:728)
	at org.junit.jupiter.engine.execution.MethodInvocation.proceed(MethodInvocation.java:60)
	at org.junit.jupiter.engine.execution.InvocationInterceptorChain$ValidatingInvocation.proceed(InvocationInterceptorChain.java:131)
	at org.junit.jupiter.engine.extension.TimeoutExtension.intercept(TimeoutExtension.java:156)
	at org.junit.jupiter.engine.extension.TimeoutExtension.interceptTestableMethod(TimeoutExtension.java:147)
	at org.junit.jupiter.engine.extension.TimeoutExtension.interceptTestMethod(TimeoutExtension.java:86)
	at org.junit.jupiter.engine.execution.InterceptingExecutableInvoker$ReflectiveInterceptorCall.lambda$ofVoidMethod$0(InterceptingExecutableInvoker.java:103)
	at org.junit.jupiter.engine.execution.InterceptingExecutableInvoker.lambda$invoke$0(InterceptingExecutableInvoker.java:93)
	at org.junit.jupiter.engine.execution.InvocationInterceptorChain$InterceptedInvocation.proceed(InvocationInterceptorChain.java:106)
	at org.junit.jupiter.engine.execution.InvocationInterceptorChain.proceed(InvocationInterceptorChain.java:64)
	at org.junit.jupiter.engine.execution.InvocationInterceptorChain.chainAndInvoke(InvocationInterceptorChain.java:45)
	at org.junit.jupiter.engine.execution.InvocationInterceptorChain.invoke(InvocationInterceptorChain.java:37)
	at org.junit.jupiter.engine.execution.InterceptingExecutableInvoker.invoke(InterceptingExecutableInvoker.java:92)
	at org.junit.jupiter.engine.execution.InterceptingExecutableInvoker.invoke(InterceptingExecutableInvoker.java:86)
	at org.junit.jupiter.engine.descriptor.TestMethodTestDescriptor.lambda$invokeTestMethod$7(TestMethodTestDescriptor.java:218)
	at org.junit.platform.engine.support.hierarchical.ThrowableCollector.execute(ThrowableCollector.java:73)
	at org.junit.jupiter.engine.descriptor.TestMethodTestDescriptor.invokeTestMethod(TestMethodTestDescriptor.java:214)
	at org.junit.jupiter.engine.descriptor.TestMethodTestDescriptor.execute(TestMethodTestDescriptor.java:139)
	at org.junit.jupiter.engine.descriptor.TestMethodTestDescriptor.execute(TestMethodTestDescriptor.java:69)
	at org.junit.platform.engine.support.hierarchical.NodeTestTask.lambda$executeRecursively$6(NodeTestTask.java:151)
	at org.junit.platform.engine.support.hierarchical.ThrowableCollector.execute(ThrowableCollector.java:73)
	at org.junit.platform.engine.support.hierarchical.NodeTestTask.lambda$executeRecursively$8(NodeTestTask.java:141)
	at org.junit.platform.engine.support.hierarchical.Node.around(Node.java:137)
	at org.junit.platform.engine.support.hierarchical.NodeTestTask.lambda$executeRecursively$9(NodeTestTask.java:139)
	at org.junit.platform.engine.support.hierarchical.ThrowableCollector.execute(ThrowableCollector.java:73)
	at org.junit.platform.engine.support.hierarchical.NodeTestTask.executeRecursively(NodeTestTask.java:138)
	at org.junit.platform.engine.support.hierarchical.NodeTestTask.execute(NodeTestTask.java:95)
	at java.base/java.util.ArrayList.forEach(ArrayList.java:1597)
	at org.junit.platform.engine.support.hierarchical.SameThreadHierarchicalTestExecutorService.invokeAll(SameThreadHierarchicalTestExecutorService.java:41)
	at org.junit.platform.engine.support.hierarchical.NodeTestTask.lambda$executeRecursively$6(NodeTestTask.java:155)
	at org.junit.platform.engine.support.hierarchical.ThrowableCollector.execute(ThrowableCollector.java:73)
	at org.junit.platform.engine.support.hierarchical.NodeTestTask.lambda$executeRecursively$8(NodeTestTask.java:141)
	at org.junit.platform.engine.support.hierarchical.Node.around(Node.java:137)
	at org.junit.platform.engine.support.hierarchical.NodeTestTask.lambda$executeRecursively$9(NodeTestTask.java:139)
	at org.junit.platform.engine.support.hierarchical.ThrowableCollector.execute(ThrowableCollector.java:73)
	at org.junit.platform.engine.support.hierarchical.NodeTestTask.executeRecursively(NodeTestTask.java:138)
	at org.junit.platform.engine.support.hierarchical.NodeTestTask.execute(NodeTestTask.java:95)
	at java.base/java.util.ArrayList.forEach(ArrayList.java:1597)
	at org.junit.platform.engine.support.hierarchical.SameThreadHierarchicalTestExecutorService.invokeAll(SameThreadHierarchicalTestExecutorService.java:41)
	at org.junit.platform.engine.support.hierarchical.NodeTestTask.lambda$executeRecursively$6(NodeTestTask.java:155)
	at org.junit.platform.engine.support.hierarchical.ThrowableCollector.execute(ThrowableCollector.java:73)
	at org.junit.platform.engine.support.hierarchical.NodeTestTask.lambda$executeRecursively$8(NodeTestTask.java:141)
	at org.junit.platform.engine.support.hierarchical.Node.around(Node.java:137)
	at org.junit.platform.engine.support.hierarchical.NodeTestTask.lambda$executeRecursively$9(NodeTestTask.java:139)
	at org.junit.platform.engine.support.hierarchical.ThrowableCollector.execute(ThrowableCollector.java:73)
	at org.junit.platform.engine.support.hierarchical.NodeTestTask.executeRecursively(NodeTestTask.java:138)
	at org.junit.platform.engine.support.hierarchical.NodeTestTask.execute(NodeTestTask.java:95)
	at org.junit.platform.engine.support.hierarchical.SameThreadHierarchicalTestExecutorService.submit(SameThreadHierarchicalTestExecutorService.java:35)
	at org.junit.platform.engine.support.hierarchical.HierarchicalTestExecutor.execute(HierarchicalTestExecutor.java:57)
	at org.junit.platform.engine.support.hierarchical.HierarchicalTestEngine.execute(HierarchicalTestEngine.java:54)
	at org.junit.platform.launcher.core.EngineExecutionOrchestrator.execute(EngineExecutionOrchestrator.java:198)
	at org.junit.platform.launcher.core.EngineExecutionOrchestrator.execute(EngineExecutionOrchestrator.java:169)
	at org.junit.platform.launcher.core.EngineExecutionOrchestrator.execute(EngineExecutionOrchestrator.java:93)
	at org.junit.platform.launcher.core.EngineExecutionOrchestrator.lambda$execute$0(EngineExecutionOrchestrator.java:58)
	at org.junit.platform.launcher.core.EngineExecutionOrchestrator.withInterceptedStreams(EngineExecutionOrchestrator.java:141)
	at org.junit.platform.launcher.core.EngineExecutionOrchestrator.execute(EngineExecutionOrchestrator.java:57)
	at org.junit.platform.launcher.core.DefaultLauncher.execute(DefaultLauncher.java:103)
	at org.junit.platform.launcher.core.DefaultLauncher.execute(DefaultLauncher.java:85)
	at org.junit.platform.launcher.core.DelegatingLauncher.execute(DelegatingLauncher.java:47)
	at org.apache.maven.surefire.junitplatform.LazyLauncher.execute(LazyLauncher.java:56)
	at org.apache.maven.surefire.junitplatform.JUnitPlatformProvider.execute(JUnitPlatformProvider.java:184)
	at org.apache.maven.surefire.junitplatform.JUnitPlatformProvider.invokeAllTests(JUnitPlatformProvider.java:148)
	at org.apache.maven.surefire.junitplatform.JUnitPlatformProvider.invoke(JUnitPlatformProvider.java:122)
	at org.apache.maven.surefire.booter.ForkedBooter.runSuitesInProcess(ForkedBooter.java:385)
	at org.apache.maven.surefire.booter.ForkedBooter.execute(ForkedBooter.java:162)
	at org.apache.maven.surefire.booter.ForkedBooter.run(ForkedBooter.java:507)
	at org.apache.maven.surefire.booter.ForkedBooter.main(ForkedBooter.java:495)

[ERRO] 2026-01-09 18:51:47.123 - Erro-6
  Exceção: java.lang.RuntimeException: Erro 6
java.lang.RuntimeException: Erro 6
	at testes.ErrorLoggerTest.testeLogNaoCresceIndefinidamente(ErrorLoggerTest.java:389)
	at java.base/jdk.internal.reflect.DirectMethodHandleAccessor.invoke(DirectMethodHandleAccessor.java:103)
	at java.base/java.lang.reflect.Method.invoke(Method.java:580)
	at org.junit.platform.commons.util.ReflectionUtils.invokeMethod(ReflectionUtils.java:728)
	at org.junit.jupiter.engine.execution.MethodInvocation.proceed(MethodInvocation.java:60)
	at org.junit.jupiter.engine.execution.InvocationInterceptorChain$ValidatingInvocation.proceed(InvocationInterceptorChain.java:131)
	at org.junit.jupiter.engine.extension.TimeoutExtension.intercept(TimeoutExtension.java:156)
	at org.junit.jupiter.engine.extension.TimeoutExtension.interceptTestableMethod(TimeoutExtension.java:147)
	at org.junit.jupiter.engine.extension.TimeoutExtension.interceptTestMethod(TimeoutExtension.java:86)
	at org.junit.jupiter.engine.execution.InterceptingExecutableInvoker$ReflectiveInterceptorCall.lambda$ofVoidMethod$0(InterceptingExecutableInvoker.java:103)
	at org.junit.jupiter.engine.execution.InterceptingExecutableInvoker.lambda$invoke$0(InterceptingExecutableInvoker.java:93)
	at org.junit.jupiter.engine.execution.InvocationInterceptorChain$InterceptedInvocation.proceed(InvocationInterceptorChain.java:106)
	at org.junit.jupiter.engine.execution.InvocationInterceptorChain.proceed(InvocationInterceptorChain.java:64)
	at org.junit.jupiter.engine.execution.InvocationInterceptorChain.chainAndInvoke(InvocationInterceptorChain.java:45)
	at org.junit.jupiter.engine.execution.InvocationInterceptorChain.invoke(InvocationInterceptorChain.java:37)
	at org.junit.jupiter.engine.execution.InterceptingExecutableInvoker.invoke(InterceptingExecutableInvoker.java:92)
	at org.junit.jupiter.engine.execution.InterceptingExecutableInvoker.invoke(InterceptingExecutableInvoker.java:86)
	at org.junit.jupiter.engine.descriptor.TestMethodTestDescriptor.lambda$invokeTestMethod$7(TestMethodTestDescriptor.java:218)
	at org.junit.platform.engine.support.hierarchical.ThrowableCollector.execute(ThrowableCollector.java:73)
	at org.junit.jupiter.engine.descriptor.TestMethodTestDescriptor.invokeTestMethod(TestMethodTestDescriptor.java:214)
	at org.junit.jupiter.engine.descriptor.TestMethodTestDescriptor.execute(TestMethodTestDescriptor.java:139)
	at org.junit.jupiter.engine.descriptor.TestMethodTestDescriptor.execute(TestMethodTestDescriptor.java:69)
	at org.junit.platform.engine.support.hierarchical.NodeTestTask.lambda$executeRecursively$6(NodeTestTask.java:151)
	at org.junit.platform.engine.support.hierarchical.ThrowableCollector.execute(ThrowableCollector.java:73)
	at org.junit.platform.engine.support.hierarchical.NodeTestTask.lambda$executeRecursively$8(NodeTestTask.java:141)
	at org.junit.platform.engine.support.hierarchical.Node.around(Node.java:137)
	at org.junit.platform.engine.support.hierarchical.NodeTestTask.lambda$executeRecursively$9(NodeTestTask.java:139)
	at org.junit.platform.engine.support.hierarchical.ThrowableCollector.execute(ThrowableCollector.java:73)
	at org.junit.platform.engine.support.hierarchical.NodeTestTask.executeRecursively(NodeTestTask.java:138)
	at org.junit.platform.engine.support.hierarchical.NodeTestTask.execute(NodeTestTask.java:95)
	at java.base/java.util.ArrayList.forEach(ArrayList.java:1597)
	at org.junit.platform.engine.support.hierarchical.SameThreadHierarchicalTestExecutorService.invokeAll(SameThreadHierarchicalTestExecutorService.java:41)
	at org.junit.platform.engine.support.hierarchical.NodeTestTask.lambda$executeRecursively$6(NodeTestTask.java:155)
	at org.junit.platform.engine.support.hierarchical.ThrowableCollector.execute(ThrowableCollector.java:73)
	at org.junit.platform.engine.support.hierarchical.NodeTestTask.lambda$executeRecursively$8(NodeTestTask.java:141)
	at org.junit.platform.engine.support.hierarchical.Node.around(Node.java:137)
	at org.junit.platform.engine.support.hierarchical.NodeTestTask.lambda$executeRecursively$9(NodeTestTask.java:139)
	at org.junit.platform.engine.support.hierarchical.ThrowableCollector.execute(ThrowableCollector.java:73)
	at org.junit.platform.engine.support.hierarchical.NodeTestTask.executeRecursively(NodeTestTask.java:138)
	at org.junit.platform.engine.support.hierarchical.NodeTestTask.execute(NodeTestTask.java:95)
	at java.base/java.util.ArrayList.forEach(ArrayList.java:1597)
	at org.junit.platform.engine.support.hierarchical.SameThreadHierarchicalTestExecutorService.invokeAll(SameThreadHierarchicalTestExecutorService.java:41)
	at org.junit.platform.engine.support.hierarchical.NodeTestTask.lambda$executeRecursively$6(NodeTestTask.java:155)
	at org.junit.platform.engine.support.hierarchical.ThrowableCollector.execute(ThrowableCollector.java:73)
	at org.junit.platform.engine.support.hierarchical.NodeTestTask.lambda$executeRecursively$8(NodeTestTask.java:141)
	at org.junit.platform.engine.support.hierarchical.Node.around(Node.java:137)
	at org.junit.platform.engine.support.hierarchical.NodeTestTask.lambda$executeRecursively$9(NodeTestTask.java:139)
	at org.junit.platform.engine.support.hierarchical.ThrowableCollector.execute(ThrowableCollector.java:73)
	at org.junit.platform.engine.support.hierarchical.NodeTestTask.executeRecursively(NodeTestTask.java:138)
	at org.junit.platform.engine.support.hierarchical.NodeTestTask.execute(NodeTestTask.java:95)
	at org.junit.platform.engine.support.hierarchical.SameThreadHierarchicalTestExecutorService.submit(SameThreadHierarchicalTestExecutorService.java:35)
	at org.junit.platform.engine.support.hierarchical.HierarchicalTestExecutor.execute(HierarchicalTestExecutor.java:57)
	at org.junit.platform.engine.support.hierarchical.HierarchicalTestEngine.execute(HierarchicalTestEngine.java:54)
	at org.junit.platform.launcher.core.EngineExecutionOrchestrator.execute(EngineExecutionOrchestrator.java:198)
	at org.junit.platform.launcher.core.EngineExecutionOrchestrator.execute(EngineExecutionOrchestrator.java:169)
	at org.junit.platform.launcher.core.EngineExecutionOrchestrator.execute(EngineExecutionOrchestrator.java:93)
	at org.junit.platform.launcher.core.EngineExecutionOrchestrator.lambda$execute$0(EngineExecutionOrchestrator.java:58)
	at org.junit.platform.launcher.core.EngineExecutionOrchestrator.withInterceptedStreams(EngineExecutionOrchestrator.java:141)
	at org.junit.platform.launcher.core.EngineExecutionOrchestrator.execute(EngineExecutionOrchestrator.java:57)
	at org.junit.platform.launcher.core.DefaultLauncher.execute(DefaultLauncher.java:103)
	at org.junit.platform.launcher.core.DefaultLauncher.execute(DefaultLauncher.java:85)
	at org.junit.platform.launcher.core.DelegatingLauncher.execute(DelegatingLauncher.java:47)
	at org.apache.maven.surefire.junitplatform.LazyLauncher.execute(LazyLauncher.java:56)
	at org.apache.maven.surefire.junitplatform.JUnitPlatformProvider.execute(JUnitPlatformProvider.java:184)
	at org.apache.maven.surefire.junitplatform.JUnitPlatformProvider.invokeAllTests(JUnitPlatformProvider.java:148)
	at org.apache.maven.surefire.junitplatform.JUnitPlatformProvider.invoke(JUnitPlatformProvider.java:122)
	at org.apache.maven.surefire.booter.ForkedBooter.runSuitesInProcess(ForkedBooter.java:385)
	at org.apache.maven.surefire.booter.ForkedBooter.execute(ForkedBooter.java:162)
	at org.apache.maven.surefire.booter.ForkedBooter.run(ForkedBooter.java:507)
	at org.apache.maven.surefire.booter.ForkedBooter.main(ForkedBooter.java:495)

[ERRO] 2026-01-09 18:51:47.123 - Erro-7
  Exceção: java.lang.RuntimeException: Erro 7
java.lang.RuntimeException: Erro 7
	at testes.ErrorLoggerTest.testeLogNaoCresceIndefinidamente(ErrorLoggerTest.java:389)
	at java.base/jdk.internal.reflect.DirectMethodHandleAccessor.invoke(DirectMethodHandleAccessor.java:103)
	at java.base/java.lang.reflect.Method.invoke(Method.java:580)
	at org.junit.platform.commons.util.ReflectionUtils.invokeMethod(ReflectionUtils.java:728)
	at org.junit.jupiter.engine.execution.MethodInvocation.proceed(MethodInvocation.java:60)
	at org.junit.jupiter.engine.execution.InvocationInterceptorChain$ValidatingInvocation.proceed(InvocationInterceptorChain.java:131)
	at org.junit.jupiter.engine.extension.TimeoutExtension.intercept(TimeoutExtension.java:156)
	at org.junit.jupiter.engine.extension.TimeoutExtension.interceptTestableMethod(TimeoutExtension.java:147)
	at org.junit.jupiter.engine.extension.TimeoutExtension.interceptTestMethod(TimeoutExtension.java:86)
	at org.junit.jupiter.engine.execution.InterceptingExecutableInvoker$ReflectiveInterceptorCall.lambda$ofVoidMethod$0(InterceptingExecutableInvoker.java:103)
	at org.junit.jupiter.engine.execution.InterceptingExecutableInvoker.lambda$invoke$0(InterceptingExecutableInvoker.java:93)
	at org.junit.jupiter.engine.execution.InvocationInterceptorChain$InterceptedInvocation.proceed(InvocationInterceptorChain.java:106)
	at org.junit.jupiter.engine.execution.InvocationInterceptorChain.proceed(InvocationInterceptorChain.java:64)
	at org.junit.jupiter.engine.execution.InvocationInterceptorChain.chainAndInvoke(InvocationInterceptorChain.java:45)
	at org.junit.jupiter.engine.execution.InvocationInterceptorChain.invoke(InvocationInterceptorChain.java:37)
	at org.junit.jupiter.engine.execution.InterceptingExecutableInvoker.invoke(InterceptingExecutableInvoker.java:92)
	at org.junit.jupiter.engine.execution.InterceptingExecutableInvoker.invoke(InterceptingExecutableInvoker.java:86)
	at org.junit.jupiter.engine.descriptor.TestMethodTestDescriptor.lambda$invokeTestMethod$7(TestMethodTestDescriptor.java:218)
	at org.junit.platform.engine.support.hierarchical.ThrowableCollector.execute(ThrowableCollector.java:73)
	at org.junit.jupiter.engine.descriptor.TestMethodTestDescriptor.invokeTestMethod(TestMethodTestDescriptor.java:214)
	at org.junit.jupiter.engine.descriptor.TestMethodTestDescriptor.execute(TestMethodTestDescriptor.java:139)
	at org.junit.jupiter.engine.descriptor.TestMethodTestDescriptor.execute(TestMethodTestDescriptor.java:69)
	at org.junit.platform.engine.support.hierarchical.NodeTestTask.lambda$executeRecursively$6(NodeTestTask.java:151)
	at org.junit.platform.engine.support.hierarchical.ThrowableCollector.execute(ThrowableCollector.java:73)
	at org.junit.platform.engine.support.hierarchical.NodeTestTask.lambda$executeRecursively$8(NodeTestTask.java:141)
	at org.junit.platform.engine.support.hierarchical.Node.around(Node.java:137)
	at org.junit.platform.engine.support.hierarchical.NodeTestTask.lambda$executeRecursively$9(NodeTestTask.java:139)
	at org.junit.platform.engine.support.hierarchical.ThrowableCollector.execute(ThrowableCollector.java:73)
	at org.junit.platform.engine.support.hierarchical.NodeTestTask.executeRecursively(NodeTestTask.java:138)
	at org.junit.platform.engine.support.hierarchical.NodeTestTask.execute(NodeTestTask.java:95)
	at java.base/java.util.ArrayList.forEach(ArrayList.java:1597)
	at org.junit.platform.engine.support.hierarchical.SameThreadHierarchicalTestExecutorService.invokeAll(SameThreadHierarchicalTestExecutorService.java:41)
	at org.junit.platform.engine.support.hierarchical.NodeTestTask.lambda$executeRecursively$6(NodeTestTask.java:155)
	at org.junit.platform.engine.support.hierarchical.ThrowableCollector.execute(ThrowableCollector.java:73)
	at org.junit.platform.engine.support.hierarchical.NodeTestTask.lambda$executeRecursively$8(NodeTestTask.java:141)
	at org.junit.platform.engine.support.hierarchical.Node.around(Node.java:137)
	at org.junit.platform.engine.support.hierarchical.NodeTestTask.lambda$executeRecursively$9(NodeTestTask.java:139)
	at org.junit.platform.engine.support.hierarchical.ThrowableCollector.execute(ThrowableCollector.java:73)
	at org.junit.platform.engine.support.hierarchical.NodeTestTask.executeRecursively(NodeTestTask.java:138)
	at org.junit.platform.engine.support.hierarchical.NodeTestTask.execute(NodeTestTask.java:95)
	at java.base/java.util.ArrayList.forEach(ArrayList.java:1597)
	at org.junit.platform.engine.support.hierarchical.SameThreadHierarchicalTestExecutorService.invokeAll(SameThreadHierarchicalTestExecutorService.java:41)
	at org.junit.platform.engine.support.hierarchical.NodeTestTask.lambda$executeRecursively$6(NodeTestTask.java:155)
	at org.junit.platform.engine.support.hierarchical.ThrowableCollector.execute(ThrowableCollector.java:73)
	at org.junit.platform.engine.support.hierarchical.NodeTestTask.lambda$executeRecursively$8(NodeTestTask.java:141)
	at org.junit.platform.engine.support.hierarchical.Node.around(Node.java:137)
	at org.junit.platform.engine.support.hierarchical.NodeTestTask.lambda$executeRecursively$9(NodeTestTask.java:139)
	at org.junit.platform.engine.support.hierarchical.ThrowableCollector.execute(ThrowableCollector.java:73)
	at org.junit.platform.engine.support.hierarchical.NodeTestTask.executeRecursively(NodeTestTask.java:138)
	at org.junit.platform.engine.support.hierarchical.NodeTestTask.execute(NodeTestTask.java:95)
	at org.junit.platform.engine.support.hierarchical.SameThreadHierarchicalTestExecutorService.submit(SameThreadHierarchicalTestExecutorService.java:35)
	at org.junit.platform.engine.support.hierarchical.HierarchicalTestExecutor.execute(HierarchicalTestExecutor.java:57)
	at org.junit.platform.engine.support.hierarchical.HierarchicalTestEngine.execute(HierarchicalTestEngine.java:54)
	at org.junit.platform.launcher.core.EngineExecutionOrchestrator.execute(EngineExecutionOrchestrator.java:198)
	at org.junit.platform.launcher.core.EngineExecutionOrchestrator.execute(EngineExecutionOrchestrator.java:169)
	at org.junit.platform.launcher.core.EngineExecutionOrchestrator.execute(EngineExecutionOrchestrator.java:93)
	at org.junit.platform.launcher.core.EngineExecutionOrchestrator.lambda$execute$0(EngineExecutionOrchestrator.java:58)
	at org.junit.platform.launcher.core.EngineExecutionOrchestrator.withInterceptedStreams(EngineExecutionOrchestrator.java:141)
	at org.junit.platform.launcher.core.EngineExecutionOrchestrator.execute(EngineExecutionOrchestrator.java:57)
	at org.junit.platform.launcher.core.DefaultLauncher.execute(DefaultLauncher.java:103)
	at org.junit.platform.launcher.core.DefaultLauncher.execute(DefaultLauncher.java:85)
	at org.junit.platform.launcher.core.DelegatingLauncher.execute(DelegatingLauncher.java:47)
	at org.apache.maven.surefire.junitplatform.LazyLauncher.execute(LazyLauncher.java:56)
	at org.apache.maven.surefire.junitplatform.JUnitPlatformProvider.execute(JUnitPlatformProvider.java:184)
	at org.apache.maven.surefire.junitplatform.JUnitPlatformProvider.invokeAllTests(JUnitPlatformProvider.java:148)
	at org.apache.maven.surefire.junitplatform.JUnitPlatformProvider.invoke(JUnitPlatformProvider.java:122)
	at org.apache.maven.surefire.booter.ForkedBooter.runSuitesInProcess(ForkedBooter.java:385)
	at org.apache.maven.surefire.booter.ForkedBooter.execute(ForkedBooter.java:162)
	at org.apache.maven.surefire.booter.ForkedBooter.run(ForkedBooter.java:507)
	at org.apache.maven.surefire.booter.ForkedBooter.main(ForkedBooter.java:495)

[ERRO] 2026-01-09 18:51:47.124 - Erro-8
  Exceção: java.lang.RuntimeException: Erro 8
java.lang.RuntimeException: Erro 8
	at testes.ErrorLoggerTest.testeLogNaoCresceIndefinidamente(ErrorLoggerTest.java:389)
	at java.base/jdk.internal.reflect.DirectMethodHandleAccessor.invoke(DirectMethodHandleAccessor.java:103)
	at java.base/java.lang.reflect.Method.invoke(Method.java:580)
	at org.junit.platform.commons.util.ReflectionUtils.invokeMethod(ReflectionUtils.java:728)
	at org.junit.jupiter.engine.execution.MethodInvocation.proceed(MethodInvocation.java:60)
	at org.junit.jupiter.engine.execution.InvocationInterceptorChain$ValidatingInvocation.proceed(InvocationInterceptorChain.java:131)
	at org.junit.jupiter.engine.extension.TimeoutExtension.intercept(TimeoutExtension.java:156)
	at org.junit.jupiter.engine.extension.TimeoutExtension.interceptTestableMethod(TimeoutExtension.java:147)
	at org.junit.jupiter.engine.extension.TimeoutExtension.interceptTestMethod(TimeoutExtension.java:86)
	at org.junit.jupiter.engine.execution.InterceptingExecutableInvoker$ReflectiveInterceptorCall.lambda$ofVoidMethod$0(InterceptingExecutableInvoker.java:103)
	at org.junit.jupiter.engine.execution.InterceptingExecutableInvoker.lambda$invoke$0(InterceptingExecutableInvoker.java:93)
	at org.junit.jupiter.engine.execution.InvocationInterceptorChain$InterceptedInvocation.proceed(InvocationInterceptorChain.java:106)
	at org.junit.jupiter.engine.execution.InvocationInterceptorChain.proceed(InvocationInterceptorChain.java:64)
	at org.junit.jupiter.engine.execution.InvocationInterceptorChain.chainAndInvoke(InvocationInterceptorChain.java:45)
	at org.junit.jupiter.engine.execution.InvocationInterceptorChain.invoke(InvocationInterceptorChain.java:37)
	at org.junit.jupiter.engine.execution.InterceptingExecutableInvoker.invoke(InterceptingExecutableInvoker.java:92)
	at org.junit.jupiter.engine.execution.InterceptingExecutableInvoker.invoke(InterceptingExecutableInvoker.java:86)
	at org.junit.jupiter.engine.descriptor.TestMethodTestDescriptor.lambda$invokeTestMethod$7(TestMethodTestDescriptor.java:218)
	at org.junit.platform.engine.support.hierarchical.ThrowableCollector.execute(ThrowableCollector.java:73)
	at org.junit.jupiter.engine.descriptor.TestMethodTestDescriptor.invokeTestMethod(TestMethodTestDescriptor.java:214)
	at org.junit.jupiter.engine.descriptor.TestMethodTestDescriptor.execute(TestMethodTestDescriptor.java:139)
	at org.junit.jupiter.engine.descriptor.TestMethodTestDescriptor.execute(TestMethodTestDescriptor.java:69)
	at org.junit.platform.engine.support.hierarchical.NodeTestTask.lambda$executeRecursively$6(NodeTestTask.java:151)
	at org.junit.platform.engine.support.hierarchical.ThrowableCollector.execute(ThrowableCollector.java:73)
	at org.junit.platform.engine.support.hierarchical.NodeTestTask.lambda$executeRecursively$8(NodeTestTask.java:141)
	at org.junit.platform.engine.support.hierarchical.Node.around(Node.java:137)
	at org.junit.platform.engine.support.hierarchical.NodeTestTask.lambda$executeRecursively$9(NodeTestTask.java:139)
	at org.junit.platform.engine.support.hierarchical.ThrowableCollector.execute(ThrowableCollector.java:73)
	at org.junit.platform.engine.support.hierarchical.NodeTestTask.executeRecursively(NodeTestTask.java:138)
	at org.junit.platform.engine.support.hierarchical.NodeTestTask.execute(NodeTestTask.java:95)
	at java.base/java.util.ArrayList.forEach(ArrayList.java:1597)
	at org.junit.platform.engine.support.hierarchical.SameThreadHierarchicalTestExecutorService.invokeAll(SameThreadHierarchicalTestExecutorService.java:41)
	at org.junit.platform.engine.support.hierarchical.NodeTestTask.lambda$executeRecursively$6(NodeTestTask.java:155)
	at org.junit.platform.engine.support.hierarchical.ThrowableCollector.execute(ThrowableCollector.java:73)
	at org.junit.platform.engine.support.hierarchical.NodeTestTask.lambda$executeRecursively$8(NodeTestTask.java:141)
	at org.junit.platform.engine.support.hierarchical.Node.around(Node.java:137)
	at org.junit.platform.engine.support.hierarchical.NodeTestTask.lambda$executeRecursively$9(NodeTestTask.java:139)
	at org.junit.platform.engine.support.hierarchical.ThrowableCollector.execute(ThrowableCollector.java:73)
	at org.junit.platform.engine.support.hierarchical.NodeTestTask.executeRecursively(NodeTestTask.java:138)
	at org.junit.platform.engine.support.hierarchical.NodeTestTask.execute(NodeTestTask.java:95)
	at java.base/java.util.ArrayList.forEach(ArrayList.java:1597)
	at org.junit.platform.engine.support.hierarchical.SameThreadHierarchicalTestExecutorService.invokeAll(SameThreadHierarchicalTestExecutorService.java:41)
	at org.junit.platform.engine.support.hierarchical.NodeTestTask.lambda$executeRecursively$6(NodeTestTask.java:155)
	at org.junit.platform.engine.support.hierarchical.ThrowableCollector.execute(ThrowableCollector.java:73)
	at org.junit.platform.engine.support.hierarchical.NodeTestTask.lambda$executeRecursively$8(NodeTestTask.java:141)
	at org.junit.platform.engine.support.hierarchical.Node.around(Node.java:137)
	at org.junit.platform.engine.support.hierarchical.NodeTestTask.lambda$executeRecursively$9(NodeTestTask.java:139)
	at org.junit.platform.engine.support.hierarchical.ThrowableCollector.execute(ThrowableCollector.java:73)
	at org.junit.platform.engine.support.hierarchical.NodeTestTask.executeRecursively(NodeTestTask.java:138)
	at org.junit.platform.engine.support.hierarchical.NodeTestTask.execute(NodeTestTask.java:95)
	at org.junit.platform.engine.support.hierarchical.SameThreadHierarchicalTestExecutorService.submit(SameThreadHierarchicalTestExecutorService.java:35)
	at org.junit.platform.engine.support.hierarchical.HierarchicalTestExecutor.execute(HierarchicalTestExecutor.java:57)
	at org.junit.platform.engine.support.hierarchical.HierarchicalTestEngine.execute(HierarchicalTestEngine.java:54)
	at org.junit.platform.launcher.core.EngineExecutionOrchestrator.execute(EngineExecutionOrchestrator.java:198)
	at org.junit.platform.launcher.core.EngineExecutionOrchestrator.execute(EngineExecutionOrchestrator.java:169)
	at org.junit.platform.launcher.core.EngineExecutionOrchestrator.execute(EngineExecutionOrchestrator.java:93)
	at org.junit.platform.launcher.core.EngineExecutionOrchestrator.lambda$execute$0(EngineExecutionOrchestrator.java:58)
	at org.junit.platform.launcher.core.EngineExecutionOrchestrator.withInterceptedStreams(EngineExecutionOrchestrator.java:141)
	at org.junit.platform.launcher.core.EngineExecutionOrchestrator.execute(EngineExecutionOrchestrator.java:57)
	at org.junit.platform.launcher.core.DefaultLauncher.execute(DefaultLauncher.java:103)
	at org.junit.platform.launcher.core.DefaultLauncher.execute(DefaultLauncher.java:85)
	at org.junit.platform.launcher.core.DelegatingLauncher.execute(DelegatingLauncher.java:47)
	at org.apache.maven.surefire.junitplatform.LazyLauncher.execute(LazyLauncher.java:56)
	at org.apache.maven.surefire.junitplatform.JUnitPlatformProvider.execute(JUnitPlatformProvider.java:184)
	at org.apache.maven.surefire.junitplatform.JUnitPlatformProvider.invokeAllTests(JUnitPlatformProvider.java:148)
	at org.apache.maven.surefire.junitplatform.JUnitPlatformProvider.invoke(JUnitPlatformProvider.java:122)
	at org.apache.maven.surefire.booter.ForkedBooter.runSuitesInProcess(ForkedBooter.java:385)
	at org.apache.maven.surefire.booter.ForkedBooter.execute(ForkedBooter.java:162)
	at org.apache.maven.surefire.booter.ForkedBooter.run(ForkedBooter.java:507)
	at org.apache.maven.surefire.booter.ForkedBooter.main(ForkedBooter.java:495)

[ERRO] 2026-01-09 18:51:47.124 - Erro-9
  Exceção: java.lang.RuntimeException: Erro 9
java.lang.RuntimeException: Erro 9
	at testes.ErrorLoggerTest.testeLogNaoCresceIndefinidamente(ErrorLoggerTest.java:389)
	at java.base/jdk.internal.reflect.DirectMethodHandleAccessor.invoke(DirectMethodHandleAccessor.java:103)
	at java.base/java.lang.reflect.Method.invoke(Method.java:580)
	at org.junit.platform.commons.util.ReflectionUtils.invokeMethod(ReflectionUtils.java:728)
	at org.junit.jupiter.engine.execution.MethodInvocation.proceed(MethodInvocation.java:60)
	at org.junit.jupiter.engine.execution.InvocationInterceptorChain$ValidatingInvocation.proceed(InvocationInterceptorChain.java:131)
	at org.junit.jupiter.engine.extension.TimeoutExtension.intercept(TimeoutExtension.java:156)
	at org.junit.jupiter.engine.extension.TimeoutExtension.interceptTestableMethod(TimeoutExtension.java:147)
	at org.junit.jupiter.engine.extension.TimeoutExtension.interceptTestMethod(TimeoutExtension.java:86)
	at org.junit.jupiter.engine.execution.InterceptingExecutableInvoker$ReflectiveInterceptorCall.lambda$ofVoidMethod$0(InterceptingExecutableInvoker.java:103)
	at org.junit.jupiter.engine.execution.InterceptingExecutableInvoker.lambda$invoke$0(InterceptingExecutableInvoker.java:93)
	at org.junit.jupiter.engine.execution.InvocationInterceptorChain$InterceptedInvocation.proceed(InvocationInterceptorChain.java:106)
	at org.junit.jupiter.engine.execution.InvocationInterceptorChain.proceed(InvocationInterceptorChain.java:64)
	at org.junit.jupiter.engine.execution.InvocationInterceptorChain.chainAndInvoke(InvocationInterceptorChain.java:45)
	at org.junit.jupiter.engine.execution.InvocationInterceptorChain.invoke(InvocationInterceptorChain.java:37)
	at org.junit.jupiter.engine.execution.InterceptingExecutableInvoker.invoke(InterceptingExecutableInvoker.java:92)
	at org.junit.jupiter.engine.execution.InterceptingExecutableInvoker.invoke(InterceptingExecutableInvoker.java:86)
	at org.junit.jupiter.engine.descriptor.TestMethodTestDescriptor.lambda$invokeTestMethod$7(TestMethodTestDescriptor.java:218)
	at org.junit.platform.engine.support.hierarchical.ThrowableCollector.execute(ThrowableCollector.java:73)
	at org.junit.jupiter.engine.descriptor.TestMethodTestDescriptor.invokeTestMethod(TestMethodTestDescriptor.java:214)
	at org.junit.jupiter.engine.descriptor.TestMethodTestDescriptor.execute(TestMethodTestDescriptor.java:139)
	at org.junit.jupiter.engine.descriptor.TestMethodTestDescriptor.execute(TestMethodTestDescriptor.java:69)
	at org.junit.platform.engine.support.hierarchical.NodeTestTask.lambda$executeRecursively$6(NodeTestTask.java:151)
	at org.junit.platform.engine.support.hierarchical.ThrowableCollector.execute(ThrowableCollector.java:73)
	at org.junit.platform.engine.support.hierarchical.NodeTestTask.lambda$executeRecursively$8(NodeTestTask.java:141)
	at org.junit.platform.engine.support.hierarchical.Node.around(Node.java:137)
	at org.junit.platform.engine.support.hierarchical.NodeTestTask.lambda$executeRecursively$9(NodeTestTask.java:139)
	at org.junit.platform.engine.support.hierarchical.ThrowableCollector.execute(ThrowableCollector.java:73)
	at org.junit.platform.engine.support.hierarchical.NodeTestTask.executeRecursively(NodeTestTask.java:138)
	at org.junit.platform.engine.support.hierarchical.NodeTestTask.execute(NodeTestTask.java:95)
	at java.base/java.util.ArrayList.forEach(ArrayList.java:1597)
	at org.junit.platform.engine.support.hierarchical.SameThreadHierarchicalTestExecutorService.invokeAll(SameThreadHierarchicalTestExecutorService.java:41)
	at org.junit.platform.engine.support.hierarchical.NodeTestTask.lambda$executeRecursively$6(NodeTestTask.java:155)
	at org.junit.platform.engine.support.hierarchical.ThrowableCollector.execute(ThrowableCollector.java:73)
	at org.junit.platform.engine.support.hierarchical.NodeTestTask.lambda$executeRecursively$8(NodeTestTask.java:141)
	at org.junit.platform.engine.support.hierarchical.Node.around(Node.java:137)
	at org.junit.platform.engine.support.hierarchical.NodeTestTask.lambda$executeRecursively$9(NodeTestTask.java:139)
	at org.junit.platform.engine.support.hierarchical.ThrowableCollector.execute(ThrowableCollector.java:73)
	at org.junit.platform.engine.support.hierarchical.NodeTestTask.executeRecursively(NodeTestTask.java:138)
	at org.junit.platform.engine.support.hierarchical.NodeTestTask.execute(NodeTestTask.java:95)
	at java.base/java.util.ArrayList.forEach(ArrayList.java:1597)
	at org.junit.platform.engine.support.hierarchical.SameThreadHierarchicalTestExecutorService.invokeAll(SameThreadHierarchicalTestExecutorService.java:41)
	at org.junit.platform.engine.support.hierarchical.NodeTestTask.lambda$executeRecursively$6(NodeTestTask.java:155)
	at org.junit.platform.engine.support.hierarchical.ThrowableCollector.execute(ThrowableCollector.java:73)
	at org.junit.platform.engine.support.hierarchical.NodeTestTask.lambda$executeRecursively$8(NodeTestTask.java:141)
	at org.junit.platform.engine.support.hierarchical.Node.around(Node.java:137)
	at org.junit.platform.engine.support.hierarchical.NodeTestTask.lambda$executeRecursively$9(NodeTestTask.java:139)
	at org.junit.platform.engine.support.hierarchical.ThrowableCollector.execute(ThrowableCollector.java:73)
	at org.junit.platform.engine.support.hierarchical.NodeTestTask.executeRecursively(NodeTestTask.java:138)
	at org.junit.platform.engine.support.hierarchical.NodeTestTask.execute(NodeTestTask.java:95)
	at org.junit.platform.engine.support.hierarchical.SameThreadHierarchicalTestExecutorService.submit(SameThreadHierarchicalTestExecutorService.java:35)
	at org.junit.platform.engine.support.hierarchical.HierarchicalTestExecutor.execute(HierarchicalTestExecutor.java:57)
	at org.junit.platform.engine.support.hierarchical.HierarchicalTestEngine.execute(HierarchicalTestEngine.java:54)
	at org.junit.platform.launcher.core.EngineExecutionOrchestrator.execute(EngineExecutionOrchestrator.java:198)
	at org.junit.platform.launcher.core.EngineExecutionOrchestrator.execute(EngineExecutionOrchestrator.java:169)
	at org.junit.platform.launcher.core.EngineExecutionOrchestrator.execute(EngineExecutionOrchestrator.java:93)
	at org.junit.platform.launcher.core.EngineExecutionOrchestrator.lambda$execute$0(EngineExecutionOrchestrator.java:58)
	at org.junit.platform.launcher.core.EngineExecutionOrchestrator.withInterceptedStreams(EngineExecutionOrchestrator.java:141)
	at org.junit.platform.launcher.core.EngineExecutionOrchestrator.execute(EngineExecutionOrchestrator.java:57)
	at org.junit.platform.launcher.core.DefaultLauncher.execute(DefaultLauncher.java:103)
	at org.junit.platform.launcher.core.DefaultLauncher.execute(DefaultLauncher.java:85)
	at org.junit.platform.launcher.core.DelegatingLauncher.execute(DelegatingLauncher.java:47)
	at org.apache.maven.surefire.junitplatform.LazyLauncher.execute(LazyLauncher.java:56)
	at org.apache.maven.surefire.junitplatform.JUnitPlatformProvider.execute(JUnitPlatformProvider.java:184)
	at org.apache.maven.surefire.junitplatform.JUnitPlatformProvider.invokeAllTests(JUnitPlatformProvider.java:148)
	at org.apache.maven.surefire.junitplatform.JUnitPlatformProvider.invoke(JUnitPlatformProvider.java:122)
	at org.apache.maven.surefire.booter.ForkedBooter.runSuitesInProcess(ForkedBooter.java:385)
	at org.apache.maven.surefire.booter.ForkedBooter.execute(ForkedBooter.java:162)
	at org.apache.maven.surefire.booter.ForkedBooter.run(ForkedBooter.java:507)
	at org.apache.maven.surefire.booter.ForkedBooter.main(ForkedBooter.java:495)

[ERRO] 2026-01-09 18:51:47.124 - Erro-10
  Exceção: java.lang.RuntimeException: Erro 10
java.lang.RuntimeException: Erro 10
	at testes.ErrorLoggerTest.testeLogNaoCresceIndefinidamente(ErrorLoggerTest.java:389)
	at java.base/jdk.internal.reflect.DirectMethodHandleAccessor.invoke(DirectMethodHandleAccessor.java:103)
	at java.base/java.lang.reflect.Method.invoke(Method.java:580)
	at org.junit.platform.commons.util.ReflectionUtils.invokeMethod(ReflectionUtils.java:728)
	at org.junit.jupiter.engine.execution.MethodInvocation.proceed(MethodInvocation.java:60)
	at org.junit.jupiter.engine.execution.InvocationInterceptorChain$ValidatingInvocation.proceed(InvocationInterceptorChain.java:131)
	at org.junit.jupiter.engine.extension.TimeoutExtension.intercept(TimeoutExtension.java:156)
	at org.junit.jupiter.engine.extension.TimeoutExtension.interceptTestableMethod(TimeoutExtension.java:147)
	at org.junit.jupiter.engine.extension.TimeoutExtension.interceptTestMethod(TimeoutExtension.java:86)
	at org.junit.jupiter.engine.execution.InterceptingExecutableInvoker$ReflectiveInterceptorCall.lambda$ofVoidMethod$0(InterceptingExecutableInvoker.java:103)
	at org.junit.jupiter.engine.execution.InterceptingExecutableInvoker.lambda$invoke$0(InterceptingExecutableInvoker.java:93)
	at org.junit.jupiter.engine.execution.InvocationInterceptorChain$InterceptedInvocation.proceed(InvocationInterceptorChain.java:106)
	at org.junit.jupiter.engine.execution.InvocationInterceptorChain.proceed(InvocationInterceptorChain.java:64)
	at org.junit.jupiter.engine.execution.InvocationInterceptorChain.chainAndInvoke(InvocationInterceptorChain.java:45)
	at org.junit.jupiter.engine.execution.InvocationInterceptorChain.invoke(InvocationInterceptorChain.java:37)
	at org.junit.jupiter.engine.execution.InterceptingExecutableInvoker.invoke(InterceptingExecutableInvoker.java:92)
	at org.junit.jupiter.engine.execution.InterceptingExecutableInvoker.invoke(InterceptingExecutableInvoker.java:86)
	at org.junit.jupiter.engine.descriptor.TestMethodTestDescriptor.lambda$invokeTestMethod$7(TestMethodTestDescriptor.java:218)
	at org.junit.platform.engine.support.hierarchical.ThrowableCollector.execute(ThrowableCollector.java:73)
	at org.junit.jupiter.engine.descriptor.TestMethodTestDescriptor.invokeTestMethod(TestMethodTestDescriptor.java:214)
	at org.junit.jupiter.engine.descriptor.TestMethodTestDescriptor.execute(TestMethodTestDescriptor.java:139)
	at org.junit.jupiter.engine.descriptor.TestMethodTestDescriptor.execute(TestMethodTestDescriptor.java:69)
	at org.junit.platform.engine.support.hierarchical.NodeTestTask.lambda$executeRecursively$6(NodeTestTask.java:151)
	at org.junit.platform.engine.support.hierarchical.ThrowableCollector.execute(ThrowableCollector.java:73)
	at org.junit.platform.engine.support.hierarchical.NodeTestTask.lambda$executeRecursively$8(NodeTestTask.java:141)
	at org.junit.platform.engine.support.hierarchical.Node.around(Node.java:137)
	at org.junit.platform.engine.support.hierarchical.NodeTestTask.lambda$executeRecursively$9(NodeTestTask.java:139)
	at org.junit.platform.engine.support.hierarchical.ThrowableCollector.execute(ThrowableCollector.java:73)
	at org.junit.platform.engine.support.hierarchical.NodeTestTask.executeRecursively(NodeTestTask.java:138)
	at org.junit.platform.engine.support.hierarchical.NodeTestTask.execute(NodeTestTask.java:95)
	at java.base/java.util.ArrayList.forEach(ArrayList.java:1597)
	at org.junit.platform.engine.support.hierarchical.SameThreadHierarchicalTestExecutorService.invokeAll(SameThreadHierarchicalTestExecutorService.java:41)
	at org.junit.platform.engine.support.hierarchical.NodeTestTask.lambda$executeRecursively$6(NodeTestTask.java:155)
	at org.junit.platform.engine.support.hierarchical.ThrowableCollector.execute(ThrowableCollector.java:73)
	at org.junit.platform.engine.support.hierarchical.NodeTestTask.lambda$executeRecursively$8(NodeTestTask.java:141)
	at org.junit.platform.engine.support.hierarchical.Node.around(Node.java:137)
	at org.junit.platform.engine.support.hierarchical.NodeTestTask.lambda$executeRecursively$9(NodeTestTask.java:139)
	at org.junit.platform.engine.support.hierarchical.ThrowableCollector.execute(ThrowableCollector.java:73)
	at org.junit.platform.engine.support.hierarchical.NodeTestTask.executeRecursively(NodeTestTask.java:138)
	at org.junit.platform.engine.support.hierarchical.NodeTestTask.execute(NodeTestTask.java:95)
	at java.base/java.util.ArrayList.forEach(ArrayList.java:1597)
	at org.junit.platform.engine.support.hierarchical.SameThreadHierarchicalTestExecutorService.invokeAll(SameThreadHierarchicalTestExecutorService.java:41)
	at org.junit.platform.engine.support.hierarchical.NodeTestTask.lambda$executeRecursively$6(NodeTestTask.java:155)
	at org.junit.platform.engine.support.hierarchical.ThrowableCollector.execute(ThrowableCollector.java:73)
	at org.junit.platform.engine.support.hierarchical.NodeTestTask.lambda$executeRecursively$8(NodeTestTask.java:141)
	at org.junit.platform.engine.support.hierarchical.Node.around(Node.java:137)
	at org.junit.platform.engine.support.hierarchical.NodeTestTask.lambda$executeRecursively$9(NodeTestTask.java:139)
	at org.junit.platform.engine.support.hierarchical.ThrowableCollector.execute(ThrowableCollector.java:73)
	at org.junit.platform.engine.support.hierarchical.NodeTestTask.executeRecursively(NodeTestTask.java:138)
	at org.junit.platform.engine.support.hierarchical.NodeTestTask.execute(NodeTestTask.java:95)
	at org.junit.platform.engine.support.hierarchical.SameThreadHierarchicalTestExecutorService.submit(SameThreadHierarchicalTestExecutorService.java:35)
	at org.junit.platform.engine.support.hierarchical.HierarchicalTestExecutor.execute(HierarchicalTestExecutor.java:57)
	at org.junit.platform.engine.support.hierarchical.HierarchicalTestEngine.execute(HierarchicalTestEngine.java:54)
	at org.junit.platform.launcher.core.EngineExecutionOrchestrator.execute(EngineExecutionOrchestrator.java:198)
	at org.junit.platform.launcher.core.EngineExecutionOrchestrator.execute(EngineExecutionOrchestrator.java:169)
	at org.junit.platform.launcher.core.EngineExecutionOrchestrator.execute(EngineExecutionOrchestrator.java:93)
	at org.junit.platform.launcher.core.EngineExecutionOrchestrator.lambda$execute$0(EngineExecutionOrchestrator.java:58)
	at org.junit.platform.launcher.core.EngineExecutionOrchestrator.withInterceptedStreams(EngineExecutionOrchestrator.java:141)
	at org.junit.platform.launcher.core.EngineExecutionOrchestrator.execute(EngineExecutionOrchestrator.java:57)
	at org.junit.platform.launcher.core.DefaultLauncher.execute(DefaultLauncher.java:103)
	at org.junit.platform.launcher.core.DefaultLauncher.execute(DefaultLauncher.java:85)
	at org.junit.platform.launcher.core.DelegatingLauncher.execute(DelegatingLauncher.java:47)
	at org.apache.maven.surefire.junitplatform.LazyLauncher.execute(LazyLauncher.java:56)
	at org.apache.maven.surefire.junitplatform.JUnitPlatformProvider.execute(JUnitPlatformProvider.java:184)
	at org.apache.maven.surefire.junitplatform.JUnitPlatformProvider.invokeAllTests(JUnitPlatformProvider.java:148)
	at org.apache.maven.surefire.junitplatform.JUnitPlatformProvider.invoke(JUnitPlatformProvider.java:122)
	at org.apache.maven.surefire.booter.ForkedBooter.runSuitesInProcess(ForkedBooter.java:385)
	at org.apache.maven.surefire.booter.ForkedBooter.execute(ForkedBooter.java:162)
	at org.apache.maven.surefire.booter.ForkedBooter.run(ForkedBooter.java:507)
	at org.apache.maven.surefire.booter.ForkedBooter.main(ForkedBooter.java:495)

[ERRO] 2026-01-09 18:51:47.125 - Erro-11
  Exceção: java.lang.RuntimeException: Erro 11
java.lang.RuntimeException: Erro 11
	at testes.ErrorLoggerTest.testeLogNaoCresceIndefinidamente(ErrorLoggerTest.java:389)
	at java.base/jdk.internal.reflect.DirectMethodHandleAccessor.invoke(DirectMethodHandleAccessor.java:103)
	at java.base/java.lang.reflect.Method.invoke(Method.java:580)
	at org.junit.platform.commons.util.ReflectionUtils.invokeMethod(ReflectionUtils.java:728)
	at org.junit.jupiter.engine.execution.MethodInvocation.proceed(MethodInvocation.java:60)
	at org.junit.jupiter.engine.execution.InvocationInterceptorChain$ValidatingInvocation.proceed(InvocationInterceptorChain.java:131)
	at org.junit.jupiter.engine.extension.TimeoutExtension.intercept(TimeoutExtension.java:156)
	at org.junit.jupiter.engine.extension.TimeoutExtension.interceptTestableMethod(TimeoutExtension.java:147)
	at org.junit.jupiter.engine.extension.TimeoutExtension.interceptTestMethod(TimeoutExtension.java:86)
	at org.junit.jupiter.engine.execution.InterceptingExecutableInvoker$ReflectiveInterceptorCall.lambda$ofVoidMethod$0(InterceptingExecutableInvoker.java:103)
	at org.junit.jupiter.engine.execution.InterceptingExecutableInvoker.lambda$invoke$0(InterceptingExecutableInvoker.java:93)
	at org.junit.jupiter.engine.execution.InvocationInterceptorChain$InterceptedInvocation.proceed(InvocationInterceptorChain.java:106)
	at org.junit.jupiter.engine.execution.InvocationInterceptorChain.proceed(InvocationInterceptorChain.java:64)
	at org.junit.jupiter.engine.execution.InvocationInterceptorChain.chainAndInvoke(InvocationInterceptorChain.java:45)
	at org.junit.jupiter.engine.execution.InvocationInterceptorChain.invoke(InvocationInterceptorChain.java:37)
	at org.junit.jupiter.engine.execution.InterceptingExecutableInvoker.invoke(InterceptingExecutableInvoker.java:92)
	at org.junit.jupiter.engine.execution.InterceptingExecutableInvoker.invoke(InterceptingExecutableInvoker.java:86)
	at org.junit.jupiter.engine.descriptor.TestMethodTestDescriptor.lambda$invokeTestMethod$7(TestMethodTestDescriptor.java:218)
	at org.junit.platform.engine.support.hierarchical.ThrowableCollector.execute(ThrowableCollector.java:73)
	at org.junit.jupiter.engine.descriptor.TestMethodTestDescriptor.invokeTestMethod(TestMethodTestDescriptor.java:214)
	at org.junit.jupiter.engine.descriptor.TestMethodTestDescriptor.execute(TestMethodTestDescriptor.java:139)
	at org.junit.jupiter.engine.descriptor.TestMethodTestDescriptor.execute(TestMethodTestDescriptor.java:69)
	at org.junit.platform.engine.support.hierarchical.NodeTestTask.lambda$executeRecursively$6(NodeTestTask.java:151)
	at org.junit.platform.engine.support.hierarchical.ThrowableCollector.execute(ThrowableCollector.java:73)
	at org.junit.platform.engine.support.hierarchical.NodeTestTask.lambda$executeRecursively$8(NodeTestTask.java:141)
	at org.junit.platform.engine.support.hierarchical.Node.around(Node.java:137)
	at org.junit.platform.engine.support.hierarchical.NodeTestTask.lambda$executeRecursively$9(NodeTestTask.java:139)
	at org.junit.platform.engine.support.hierarchical.ThrowableCollector.execute(ThrowableCollector.java:73)
	at org.junit.platform.engine.support.hierarchical.NodeTestTask.executeRecursively(NodeTestTask.java:138)
	at org.junit.platform.engine.support.hierarchical.NodeTestTask.execute(NodeTestTask.java:95)
	at java.base/java.util.ArrayList.forEach(ArrayList.java:1597)
	at org.junit.platform.engine.support.hierarchical.SameThreadHierarchicalTestExecutorService.invokeAll(SameThreadHierarchicalTestExecutorService.java:41)
	at org.junit.platform.engine.support.hierarchical.NodeTestTask.lambda$executeRecursively$6(NodeTestTask.java:155)
	at org.junit.platform.engine.support.hierarchical.ThrowableCollector.execute(ThrowableCollector.java:73)
	at org.junit.platform.engine.support.hierarchical.NodeTestTask.lambda$executeRecursively$8(NodeTestTask.java:141)
	at org.junit.platform.engine.support.hierarchical.Node.around(Node.java:137)
	at org.junit.platform.engine.support.hierarchical.NodeTestTask.lambda$executeRecursively$9(NodeTestTask.java:139)
	at org.junit.platform.engine.support.hierarchical.ThrowableCollector.execute(ThrowableCollector.java:73)
	at org.junit.platform.engine.support.hierarchical.NodeTestTask.executeRecursively(NodeTestTask.java:138)
	at org.junit.platform.engine.support.hierarchical.NodeTestTask.execute(NodeTestTask.java:95)
	at java.base/java.util.ArrayList.forEach(ArrayList.java:1597)
	at org.junit.platform.engine.support.hierarchical.SameThreadHierarchicalTestExecutorService.invokeAll(SameThreadHierarchicalTestExecutorService.java:41)
	at org.junit.platform.engine.support.hierarchical.NodeTestTask.lambda$executeRecursively$6(NodeTestTask.java:155)
	at org.junit.platform.engine.support.hierarchical.ThrowableCollector.execute(ThrowableCollector.java:73)
	at org.junit.platform.engine.support.hierarchical.NodeTestTask.lambda$executeRecursively$8(NodeTestTask.java:141)
	at org.junit.platform.engine.support.hierarchical.Node.around(Node.java:137)
	at org.junit.platform.engine.support.hierarchical.NodeTestTask.lambda$executeRecursively$9(NodeTestTask.java:139)
	at org.junit.platform.engine.support.hierarchical.ThrowableCollector.execute(ThrowableCollector.java:73)
	at org.junit.platform.engine.support.hierarchical.NodeTestTask.executeRecursively(NodeTestTask.java:138)
	at org.junit.platform.engine.support.hierarchical.NodeTestTask.execute(NodeTestTask.java:95)
	at org.junit.platform.engine.support.hierarchical.SameThreadHierarchicalTestExecutorService.submit(SameThreadHierarchicalTestExecutorService.java:35)
	at org.junit.platform.engine.support.hierarchical.HierarchicalTestExecutor.execute(HierarchicalTestExecutor.java:57)
	at org.junit.platform.engine.support.hierarchical.HierarchicalTestEngine.execute(HierarchicalTestEngine.java:54)
	at org.junit.platform.launcher.core.EngineExecutionOrchestrator.execute(EngineExecutionOrchestrator.java:198)
	at org.junit.platform.launcher.core.EngineExecutionOrchestrator.execute(EngineExecutionOrchestrator.java:169)
	at org.junit.platform.launcher.core.EngineExecutionOrchestrator.execute(EngineExecutionOrchestrator.java:93)
	at org.junit.platform.launcher.core.EngineExecutionOrchestrator.lambda$execute$0(EngineExecutionOrchestrator.java:58)
	at org.junit.platform.launcher.core.EngineExecutionOrchestrator.withInterceptedStreams(EngineExecutionOrchestrator.java:141)
	at org.junit.platform.launcher.core.EngineExecutionOrchestrator.execute(EngineExecutionOrchestrator.java:57)
	at org.junit.platform.launcher.core.DefaultLauncher.execute(DefaultLauncher.java:103)
	at org.junit.platform.launcher.core.DefaultLauncher.execute(DefaultLauncher.java:85)
	at org.junit.platform.launcher.core.DelegatingLauncher.execute(DelegatingLauncher.java:47)
	at org.apache.maven.surefire.junitplatform.LazyLauncher.execute(LazyLauncher.java:56)
	at org.apache.maven.surefire.junitplatform.JUnitPlatformProvider.execute(JUnitPlatformProvider.java:184)
	at org.apache.maven.surefire.junitplatform.JUnitPlatformProvider.invokeAllTests(JUnitPlatformProvider.java:148)
	at org.apache.maven.surefire.junitplatform.JUnitPlatformProvider.invoke(JUnitPlatformProvider.java:122)
	at org.apache.maven.surefire.booter.ForkedBooter.runSuitesInProcess(ForkedBooter.java:385)
	at org.apache.maven.surefire.booter.ForkedBooter.execute(ForkedBooter.java:162)
	at org.apache.maven.surefire.booter.ForkedBooter.run(ForkedBooter.java:507)
	at org.apache.maven.surefire.booter.ForkedBooter.main(ForkedBooter.java:495)

[ERRO] 2026-01-09 18:51:47.125 - Erro-12
  Exceção: java.lang.RuntimeException: Erro 12
java.lang.RuntimeException: Erro 12
	at testes.ErrorLoggerTest.testeLogNaoCresceIndefinidamente(ErrorLoggerTest.java:389)
	at java.base/jdk.internal.reflect.DirectMethodHandleAccessor.invoke(DirectMethodHandleAccessor.java:103)
	at java.base/java.lang.reflect.Method.invoke(Method.java:580)
	at org.junit.platform.commons.util.ReflectionUtils.invokeMethod(ReflectionUtils.java:728)
	at org.junit.jupiter.engine.execution.MethodInvocation.proceed(MethodInvocation.java:60)
	at org.junit.jupiter.engine.execution.InvocationInterceptorChain$ValidatingInvocation.proceed(InvocationInterceptorChain.java:131)
	at org.junit.jupiter.engine.extension.TimeoutExtension.intercept(TimeoutExtension.java:156)
	at org.junit.jupiter.engine.extension.TimeoutExtension.interceptTestableMethod(TimeoutExtension.java:147)
	at org.junit.jupiter.engine.extension.TimeoutExtension.interceptTestMethod(TimeoutExtension.java:86)
	at org.junit.jupiter.engine.execution.InterceptingExecutableInvoker$ReflectiveInterceptorCall.lambda$ofVoidMethod$0(InterceptingExecutableInvoker.java:103)
	at org.junit.jupiter.engine.execution.InterceptingExecutableInvoker.lambda$invoke$0(InterceptingExecutableInvoker.java:93)
	at org.junit.jupiter.engine.execution.InvocationInterceptorChain$InterceptedInvocation.proceed(InvocationInterceptorChain.java:106)
	at org.junit.jupiter.engine.execution.InvocationInterceptorChain.proceed(InvocationInterceptorChain.java:64)
	at org.junit.jupiter.engine.execution.InvocationInterceptorChain.chainAndInvoke(InvocationInterceptorChain.java:45)
	at org.junit.jupiter.engine.execution.InvocationInterceptorChain.invoke(InvocationInterceptorChain.java:37)
	at org.junit.jupiter.engine.execution.InterceptingExecutableInvoker.invoke(InterceptingExecutableInvoker.java:92)
	at org.junit.jupiter.engine.execution.InterceptingExecutableInvoker.invoke(InterceptingExecutableInvoker.java:86)
	at org.junit.jupiter.engine.descriptor.TestMethodTestDescriptor.lambda$invokeTestMethod$7(TestMethodTestDescriptor.java:218)
	at org.junit.platform.engine.support.hierarchical.ThrowableCollector.execute(ThrowableCollector.java:73)
	at org.junit.jupiter.engine.descriptor.TestMethodTestDescriptor.invokeTestMethod(TestMethodTestDescriptor.java:214)
	at org.junit.jupiter.engine.descriptor.TestMethodTestDescriptor.execute(TestMethodTestDescriptor.java:139)
	at org.junit.jupiter.engine.descriptor.TestMethodTestDescriptor.execute(TestMethodTestDescriptor.java:69)
	at org.junit.platform.engine.support.hierarchical.NodeTestTask.lambda$executeRecursively$6(NodeTestTask.java:151)
	at org.junit.platform.engine.support.hierarchical.ThrowableCollector.execute(ThrowableCollector.java:73)
	at org.junit.platform.engine.support.hierarchical.NodeTestTask.lambda$executeRecursively$8(NodeTestTask.java:141)
	at org.junit.platform.engine.support.hierarchical.Node.around(Node.java:137)
	at org.junit.platform.engine.support.hierarchical.NodeTestTask.lambda$executeRecursively$9(NodeTestTask.java:139)
	at org.junit.platform.engine.support.hierarchical.ThrowableCollector.execute(ThrowableCollector.java:73)
	at org.junit.platform.engine.support.hierarchical.NodeTestTask.executeRecursively(NodeTestTask.java:138)
	at org.junit.platform.engine.support.hierarchical.NodeTestTask.execute(NodeTestTask.java:95)
	at java.base/java.util.ArrayList.forEach(ArrayList.java:1597)
	at org.junit.platform.engine.support.hierarchical.SameThreadHierarchicalTestExecutorService.invokeAll(SameThreadHierarchicalTestExecutorService.java:41)
	at org.junit.platform.engine.support.hierarchical.NodeTestTask.lambda$executeRecursively$6(NodeTestTask.java:155)
	at org.junit.platform.engine.support.hierarchical.ThrowableCollector.execute(ThrowableCollector.java:73)
	at org.junit.platform.engine.support.hierarchical.NodeTestTask.lambda$executeRecursively$8(NodeTestTask.java:141)
	at org.junit.platform.engine.support.hierarchical.Node.around(Node.java:137)
	at org.junit.platform.engine.support.hierarchical.NodeTestTask.lambda$executeRecursively$9(NodeTestTask.java:139)
	at org.junit.platform.engine.support.hierarchical.ThrowableCollector.execute(ThrowableCollector.java:73)
	at org.junit.platform.engine.support.hierarchical.NodeTestTask.executeRecursively(NodeTestTask.java:138)
	at org.junit.platform.engine.support.hierarchical.NodeTestTask.execute(NodeTestTask.java:95)
	at java.base/java.util.ArrayList.forEach(ArrayList.java:1597)
	at org.junit.platform.engine.support.hierarchical.SameThreadHierarchicalTestExecutorService.invokeAll(SameThreadHierarchicalTestExecutorService.java:41)
	at org.junit.platform.engine.support.hierarchical.NodeTestTask.lambda$executeRecursively$6(NodeTestTask.java:155)
	at org.junit.platform.engine.support.hierarchical.ThrowableCollector.execute(ThrowableCollector.java:73)
	at org.junit.platform.engine.support.hierarchical.NodeTestTask.lambda$executeRecursively$8(NodeTestTask.java:141)
	at org.junit.platform.engine.support.hierarchical.Node.around(Node.java:137)
	at org.junit.platform.engine.support.hierarchical.NodeTestTask.lambda$executeRecursively$9(NodeTestTask.java:139)
	at org.junit.platform.engine.support.hierarchical.ThrowableCollector.execute(ThrowableCollector.java:73)
	at org.junit.platform.engine.support.hierarchical.NodeTestTask.executeRecursively(NodeTestTask.java:138)
	at org.junit.platform.engine.support.hierarchical.NodeTestTask.execute(NodeTestTask.java:95)
	at org.junit.platform.engine.support.hierarchical.SameThreadHierarchicalTestExecutorService.submit(SameThreadHierarchicalTestExecutorService.java:35)
	at org.junit.platform.engine.support.hierarchical.HierarchicalTestExecutor.execute(HierarchicalTestExecutor.java:57)
	at org.junit.platform.engine.support.hierarchical.HierarchicalTestEngine.execute(HierarchicalTestEngine.java:54)
	at org.junit.platform.launcher.core.EngineExecutionOrchestrator.execute(EngineExecutionOrchestrator.java:198)
	at org.junit.platform.launcher.core.EngineExecutionOrchestrator.execute(EngineExecutionOrchestrator.java:169)
	at org.junit.platform.launcher.core.EngineExecutionOrchestrator.execute(EngineExecutionOrchestrator.java:93)
	at org.junit.platform.launcher.core.EngineExecutionOrchestrator.lambda$execute$0(EngineExecutionOrchestrator.java:58)
	at org.junit.platform.launcher.core.EngineExecutionOrchestrator.withInterceptedStreams(EngineExecutionOrchestrator.java:141)
	at org.junit.platform.launcher.core.EngineExecutionOrchestrator.execute(EngineExecutionOrchestrator.java:57)
	at org.junit.platform.launcher.core.DefaultLauncher.execute(DefaultLauncher.java:103)
	at org.junit.platform.launcher.core.DefaultLauncher.execute(DefaultLauncher.java:85)
	at org.junit.platform.launcher.core.DelegatingLauncher.execute(DelegatingLauncher.java:47)
	at org.apache.maven.surefire.junitplatform.LazyLauncher.execute(LazyLauncher.java:56)
	at org.apache.maven.surefire.junitplatform.JUnitPlatformProvider.execute(JUnitPlatformProvider.java:184)
	at org.apache.maven.surefire.junitplatform.JUnitPlatformProvider.invokeAllTests(JUnitPlatformProvider.java:148)
	at org.apache.maven.surefire.junitplatform.JUnitPlatformProvider.invoke(JUnitPlatformProvider.java:122)
	at org.apache.maven.surefire.booter.ForkedBooter.runSuitesInProcess(ForkedBooter.java:385)
	at org.apache.maven.surefire.booter.ForkedBooter.execute(ForkedBooter.java:162)
	at org.apache.maven.surefire.booter.ForkedBooter.run(ForkedBooter.java:507)
	at org.apache.maven.surefire.booter.ForkedBooter.main(ForkedBooter.java:495)

[ERRO] 2026-01-09 18:51:47.125 - Erro-13
  Exceção: java.lang.RuntimeException: Erro 13
java.lang.RuntimeException: Erro 13
	at testes.ErrorLoggerTest.testeLogNaoCresceIndefinidamente(ErrorLoggerTest.java:389)
	at java.base/jdk.internal.reflect.DirectMethodHandleAccessor.invoke(DirectMethodHandleAccessor.java:103)
	at java.base/java.lang.reflect.Method.invoke(Method.java:580)
	at org.junit.platform.commons.util.ReflectionUtils.invokeMethod(ReflectionUtils.java:728)
	at org.junit.jupiter.engine.execution.MethodInvocation.proceed(MethodInvocation.java:60)
	at org.junit.jupiter.engine.execution.InvocationInterceptorChain$ValidatingInvocation.proceed(InvocationInterceptorChain.java:131)
	at org.junit.jupiter.engine.extension.TimeoutExtension.intercept(TimeoutExtension.java:156)
	at org.junit.jupiter.engine.extension.TimeoutExtension.interceptTestableMethod(TimeoutExtension.java:147)
	at org.junit.jupiter.engine.extension.TimeoutExtension.interceptTestMethod(TimeoutExtension.java:86)
	at org.junit.jupiter.engine.execution.InterceptingExecutableInvoker$ReflectiveInterceptorCall.lambda$ofVoidMethod$0(InterceptingExecutableInvoker.java:103)
	at org.junit.jupiter.engine.execution.InterceptingExecutableInvoker.lambda$invoke$0(InterceptingExecutableInvoker.java:93)
	at org.junit.jupiter.engine.execution.InvocationInterceptorChain$InterceptedInvocation.proceed(InvocationInterceptorChain.java:106)
	at org.junit.jupiter.engine.execution.InvocationInterceptorChain.proceed(InvocationInterceptorChain.java:64)
	at org.junit.jupiter.engine.execution.InvocationInterceptorChain.chainAndInvoke(InvocationInterceptorChain.java:45)
	at org.junit.jupiter.engine.execution.InvocationInterceptorChain.invoke(InvocationInterceptorChain.java:37)
	at org.junit.jupiter.engine.execution.InterceptingExecutableInvoker.invoke(InterceptingExecutableInvoker.java:92)
	at org.junit.jupiter.engine.execution.InterceptingExecutableInvoker.invoke(InterceptingExecutableInvoker.java:86)
	at org.junit.jupiter.engine.descriptor.TestMethodTestDescriptor.lambda$invokeTestMethod$7(TestMethodTestDescriptor.java:218)
	at org.junit.platform.engine.support.hierarchical.ThrowableCollector.execute(ThrowableCollector.java:73)
	at org.junit.jupiter.engine.descriptor.TestMethodTestDescriptor.invokeTestMethod(TestMethodTestDescriptor.java:214)
	at org.junit.jupiter.engine.descriptor.TestMethodTestDescriptor.execute(TestMethodTestDescriptor.java:139)
	at org.junit.jupiter.engine.descriptor.TestMethodTestDescriptor.execute(TestMethodTestDescriptor.java:69)
	at org.junit.platform.engine.support.hierarchical.NodeTestTask.lambda$executeRecursively$6(NodeTestTask.java:151)
	at org.junit.platform.engine.support.hierarchical.ThrowableCollector.execute(ThrowableCollector.java:73)
	at org.junit.platform.engine.support.hierarchical.NodeTestTask.lambda$executeRecursively$8(NodeTestTask.java:141)
	at org.junit.platform.engine.support.hierarchical.Node.around(Node.java:137)
	at org.junit.platform.engine.support.hierarchical.NodeTestTask.lambda$executeRecursively$9(NodeTestTask.java:139)
	at org.junit.platform.engine.support.hierarchical.ThrowableCollector.execute(ThrowableCollector.java:73)
	at org.junit.platform.engine.support.hierarchical.NodeTestTask.executeRecursively(NodeTestTask.java:138)
	at org.junit.platform.engine.support.hierarchical.NodeTestTask.execute(NodeTestTask.java:95)
	at java.base/java.util.ArrayList.forEach(ArrayList.java:1597)
	at org.junit.platform.engine.support.hierarchical.SameThreadHierarchicalTestExecutorService.invokeAll(SameThreadHierarchicalTestExecutorService.java:41)
	at org.junit.platform.engine.support.hierarchical.NodeTestTask.lambda$executeRecursively$6(NodeTestTask.java:155)
	at org.junit.platform.engine.support.hierarchical.ThrowableCollector.execute(ThrowableCollector.java:73)
	at org.junit.platform.engine.support.hierarchical.NodeTestTask.lambda$executeRecursively$8(NodeTestTask.java:141)
	at org.junit.platform.engine.support.hierarchical.Node.around(Node.java:137)
	at org.junit.platform.engine.support.hierarchical.NodeTestTask.lambda$executeRecursively$9(NodeTestTask.java:139)
	at org.junit.platform.engine.support.hierarchical.ThrowableCollector.execute(ThrowableCollector.java:73)
	at org.junit.platform.engine.support.hierarchical.NodeTestTask.executeRecursively(NodeTestTask.java:138)
	at org.junit.platform.engine.support.hierarchical.NodeTestTask.execute(NodeTestTask.java:95)
	at java.base/java.util.ArrayList.forEach(ArrayList.java:1597)
	at org.junit.platform.engine.support.hierarchical.SameThreadHierarchicalTestExecutorService.invokeAll(SameThreadHierarchicalTestExecutorService.java:41)
	at org.junit.platform.engine.support.hierarchical.NodeTestTask.lambda$executeRecursively$6(NodeTestTask.java:155)
	at org.junit.platform.engine.support.hierarchical.ThrowableCollector.execute(ThrowableCollector.java:73)
	at org.junit.platform.engine.support.hierarchical.NodeTestTask.lambda$executeRecursively$8(NodeTestTask.java:141)
	at org.junit.platform.engine.support.hierarchical.Node.around(Node.java:137)
	at org.junit.platform.engine.support.hierarchical.NodeTestTask.lambda$executeRecursively$9(NodeTestTask.java:139)
	at org.junit.platform.engine.support.hierarchical.ThrowableCollector.execute(ThrowableCollector.java:73)
	at org.junit.platform.engine.support.hierarchical.NodeTestTask.executeRecursively(NodeTestTask.java:138)
	at org.junit.platform.engine.support.hierarchical.NodeTestTask.execute(NodeTestTask.java:95)
	at org.junit.platform.engine.support.hierarchical.SameThreadHierarchicalTestExecutorService.submit(SameThreadHierarchicalTestExecutorService.java:35)
	at org.junit.platform.engine.support.hierarchical.HierarchicalTestExecutor.execute(HierarchicalTestExecutor.java:57)
	at org.junit.platform.engine.support.hierarchical.HierarchicalTestEngine.execute(HierarchicalTestEngine.java:54)
	at org.junit.platform.launcher.core.EngineExecutionOrchestrator.execute(EngineExecutionOrchestrator.java:198)
	at org.junit.platform.launcher.core.EngineExecutionOrchestrator.execute(EngineExecutionOrchestrator.java:169)
	at org.junit.platform.launcher.core.EngineExecutionOrchestrator.execute(EngineExecutionOrchestrator.java:93)
	at org.junit.platform.launcher.core.EngineExecutionOrchestrator.lambda$execute$0(EngineExecutionOrchestrator.java:58)
	at org.junit.platform.launcher.core.EngineExecutionOrchestrator.withInterceptedStreams(EngineExecutionOrchestrator.java:141)
	at org.junit.platform.launcher.core.EngineExecutionOrchestrator.execute(EngineExecutionOrchestrator.java:57)
	at org.junit.platform.launcher.core.DefaultLauncher.execute(DefaultLauncher.java:103)
	at org.junit.platform.launcher.core.DefaultLauncher.execute(DefaultLauncher.java:85)
	at org.junit.platform.launcher.core.DelegatingLauncher.execute(DelegatingLauncher.java:47)
	at org.apache.maven.surefire.junitplatform.LazyLauncher.execute(LazyLauncher.java:56)
	at org.apache.maven.surefire.junitplatform.JUnitPlatformProvider.execute(JUnitPlatformProvider.java:184)
	at org.apache.maven.surefire.junitplatform.JUnitPlatformProvider.invokeAllTests(JUnitPlatformProvider.java:148)
	at org.apache.maven.surefire.junitplatform.JUnitPlatformProvider.invoke(JUnitPlatformProvider.java:122)
	at org.apache.maven.surefire.booter.ForkedBooter.runSuitesInProcess(ForkedBooter.java:385)
	at org.apache.maven.surefire.booter.ForkedBooter.execute(ForkedBooter.java:162)
	at org.apache.maven.surefire.booter.ForkedBooter.run(ForkedBooter.java:507)
	at org.apache.maven.surefire.booter.ForkedBooter.main(ForkedBooter.java:495)

[ERRO] 2026-01-09 18:51:47.125 - Erro-14
  Exceção: java.lang.RuntimeException: Erro 14
java.lang.RuntimeException: Erro 14
	at testes.ErrorLoggerTest.testeLogNaoCresceIndefinidamente(ErrorLoggerTest.java:389)
	at java.base/jdk.internal.reflect.DirectMethodHandleAccessor.invoke(DirectMethodHandleAccessor.java:103)
	at java.base/java.lang.reflect.Method.invoke(Method.java:580)
	at org.junit.platform.commons.util.ReflectionUtils.invokeMethod(ReflectionUtils.java:728)
	at org.junit.jupiter.engine.execution.MethodInvocation.proceed(MethodInvocation.java:60)
	at org.junit.jupiter.engine.execution.InvocationInterceptorChain$ValidatingInvocation.proceed(InvocationInterceptorChain.java:131)
	at org.junit.jupiter.engine.extension.TimeoutExtension.intercept(TimeoutExtension.java:156)
	at org.junit.jupiter.engine.extension.TimeoutExtension.interceptTestableMethod(TimeoutExtension.java:147)
	at org.junit.jupiter.engine.extension.TimeoutExtension.interceptTestMethod(TimeoutExtension.java:86)
	at org.junit.jupiter.engine.execution.InterceptingExecutableInvoker$ReflectiveInterceptorCall.lambda$ofVoidMethod$0(InterceptingExecutableInvoker.java:103)
	at org.junit.jupiter.engine.execution.InterceptingExecutableInvoker.lambda$invoke$0(InterceptingExecutableInvoker.java:93)
	at org.junit.jupiter.engine.execution.InvocationInterceptorChain$InterceptedInvocation.proceed(InvocationInterceptorChain.java:106)
	at org.junit.jupiter.engine.execution.InvocationInterceptorChain.proceed(InvocationInterceptorChain.java:64)
	at org.junit.jupiter.engine.execution.InvocationInterceptorChain.chainAndInvoke(InvocationInterceptorChain.java:45)
	at org.junit.jupiter.engine.execution.InvocationInterceptorChain.invoke(InvocationInterceptorChain.java:37)
	at org.junit.jupiter.engine.execution.InterceptingExecutableInvoker.invoke(InterceptingExecutableInvoker.java:92)
	at org.junit.jupiter.engine.execution.InterceptingExecutableInvoker.invoke(InterceptingExecutableInvoker.java:86)
	at org.junit.jupiter.engine.descriptor.TestMethodTestDescriptor.lambda$invokeTestMethod$7(TestMethodTestDescriptor.java:218)
	at org.junit.platform.engine.support.hierarchical.ThrowableCollector.execute(ThrowableCollector.java:73)
	at org.junit.jupiter.engine.descriptor.TestMethodTestDescriptor.invokeTestMethod(TestMethodTestDescriptor.java:214)
	at org.junit.jupiter.engine.descriptor.TestMethodTestDescriptor.execute(TestMethodTestDescriptor.java:139)
	at org.junit.jupiter.engine.descriptor.TestMethodTestDescriptor.execute(TestMethodTestDescriptor.java:69)
	at org.junit.platform.engine.support.hierarchical.NodeTestTask.lambda$executeRecursively$6(NodeTestTask.java:151)
	at org.junit.platform.engine.support.hierarchical.ThrowableCollector.execute(ThrowableCollector.java:73)
	at org.junit.platform.engine.support.hierarchical.NodeTestTask.lambda$executeRecursively$8(NodeTestTask.java:141)
	at org.junit.platform.engine.support.hierarchical.Node.around(Node.java:137)
	at org.junit.platform.engine.support.hierarchical.NodeTestTask.lambda$executeRecursively$9(NodeTestTask.java:139)
	at org.junit.platform.engine.support.hierarchical.ThrowableCollector.execute(ThrowableCollector.java:73)
	at org.junit.platform.engine.support.hierarchical.NodeTestTask.executeRecursively(NodeTestTask.java:138)
	at org.junit.platform.engine.support.hierarchical.NodeTestTask.execute(NodeTestTask.java:95)
	at java.base/java.util.ArrayList.forEach(ArrayList.java:1597)
	at org.junit.platform.engine.support.hierarchical.SameThreadHierarchicalTestExecutorService.invokeAll(SameThreadHierarchicalTestExecutorService.java:41)
	at org.junit.platform.engine.support.hierarchical.NodeTestTask.lambda$executeRecursively$6(NodeTestTask.java:155)
	at org.junit.platform.engine.support.hierarchical.ThrowableCollector.execute(ThrowableCollector.java:73)
	at org.junit.platform.engine.support.hierarchical.NodeTestTask.lambda$executeRecursively$8(NodeTestTask.java:141)
	at org.junit.platform.engine.support.hierarchical.Node.around(Node.java:137)
	at org.junit.platform.engine.support.hierarchical.NodeTestTask.lambda$executeRecursively$9(NodeTestTask.java:139)
	at org.junit.platform.engine.support.hierarchical.ThrowableCollector.execute(ThrowableCollector.java:73)
	at org.junit.platform.engine.support.hierarchical.NodeTestTask.executeRecursively(NodeTestTask.java:138)
	at org.junit.platform.engine.support.hierarchical.NodeTestTask.execute(NodeTestTask.java:95)
	at java.base/java.util.ArrayList.forEach(ArrayList.java:1597)
	at org.junit.platform.engine.support.hierarchical.SameThreadHierarchicalTestExecutorService.invokeAll(SameThreadHierarchicalTestExecutorService.java:41)
	at org.junit.platform.engine.support.hierarchical.NodeTestTask.lambda$executeRecursively$6(NodeTestTask.java:155)
	at org.junit.platform.engine.support.hierarchical.ThrowableCollector.execute(ThrowableCollector.java:73)
	at org.junit.platform.engine.support.hierarchical.NodeTestTask.lambda$executeRecursively$8(NodeTestTask.java:141)
	at org.junit.platform.engine.support.hierarchical.Node.around(Node.java:137)
	at org.junit.platform.engine.support.hierarchical.NodeTestTask.lambda$executeRecursively$9(NodeTestTask.java:139)
	at org.junit.platform.engine.support.hierarchical.ThrowableCollector.execute(ThrowableCollector.java:73)
	at org.junit.platform.engine.support.hierarchical.NodeTestTask.executeRecursively(NodeTestTask.java:138)
	at org.junit.platform.engine.support.hierarchical.NodeTestTask.execute(NodeTestTask.java:95)
	at org.junit.platform.engine.support.hierarchical.SameThreadHierarchicalTestExecutorService.submit(SameThreadHierarchicalTestExecutorService.java:35)
	at org.junit.platform.engine.support.hierarchical.HierarchicalTestExecutor.execute(HierarchicalTestExecutor.java:57)
	at org.junit.platform.engine.support.hierarchical.HierarchicalTestEngine.execute(HierarchicalTestEngine.java:54)
	at org.junit.platform.launcher.core.EngineExecutionOrchestrator.execute(EngineExecutionOrchestrator.java:198)
	at org.junit.platform.launcher.core.EngineExecutionOrchestrator.execute(EngineExecutionOrchestrator.java:169)
	at org.junit.platform.launcher.core.EngineExecutionOrchestrator.execute(EngineExecutionOrchestrator.java:93)
	at org.junit.platform.launcher.core.EngineExecutionOrchestrator.lambda$execute$0(EngineExecutionOrchestrator.java:58)
	at org.junit.platform.launcher.core.EngineExecutionOrchestrator.withInterceptedStreams(EngineExecutionOrchestrator.java:141)
	at org.junit.platform.launcher.core.EngineExecutionOrchestrator.execute(EngineExecutionOrchestrator.java:57)
	at org.junit.platform.launcher.core.DefaultLauncher.execute(DefaultLauncher.java:103)
	at org.junit.platform.launcher.core.DefaultLauncher.execute(DefaultLauncher.java:85)
	at org.junit.platform.launcher.core.DelegatingLauncher.execute(DelegatingLauncher.java:47)
	at org.apache.maven.surefire.junitplatform.LazyLauncher.execute(LazyLauncher.java:56)
	at org.apache.maven.surefire.junitplatform.JUnitPlatformProvider.execute(JUnitPlatformProvider.java:184)
	at org.apache.maven.surefire.junitplatform.JUnitPlatformProvider.invokeAllTests(JUnitPlatformProvider.java:148)
	at org.apache.maven.surefire.junitplatform.JUnitPlatformProvider.invoke(JUnitPlatformProvider.java:122)
	at org.apache.maven.surefire.booter.ForkedBooter.runSuitesInProcess(ForkedBooter.java:385)
	at org.apache.maven.surefire.booter.ForkedBooter.execute(ForkedBooter.java:162)
	at org.apache.maven.surefire.booter.ForkedBooter.run(ForkedBooter.java:507)
	at org.apache.maven.surefire.booter.ForkedBooter.main(ForkedBooter.java:495)

[ERRO] 2026-01-09 18:51:47.126 - Erro-15
  Exceção: java.lang.RuntimeException: Erro 15
java.lang.RuntimeException: Erro 15
	at testes.ErrorLoggerTest.testeLogNaoCresceIndefinidamente(ErrorLoggerTest.java:389)
	at java.base/jdk.internal.reflect.DirectMethodHandleAccessor.invoke(DirectMethodHandleAccessor.java:103)
	at java.base/java.lang.reflect.Method.invoke(Method.java:580)
	at org.junit.platform.commons.util.ReflectionUtils.invokeMethod(ReflectionUtils.java:728)
	at org.junit.jupiter.engine.execution.MethodInvocation.proceed(MethodInvocation.java:60)
	at org.junit.jupiter.engine.execution.InvocationInterceptorChain$ValidatingInvocation.proceed(InvocationInterceptorChain.java:131)
	at org.junit.jupiter.engine.extension.TimeoutExtension.intercept(TimeoutExtension.java:156)
	at org.junit.jupiter.engine.extension.TimeoutExtension.interceptTestableMethod(TimeoutExtension.java:147)
	at org.junit.jupiter.engine.extension.TimeoutExtension.interceptTestMethod(TimeoutExtension.java:86)
	at org.junit.jupiter.engine.execution.InterceptingExecutableInvoker$ReflectiveInterceptorCall.lambda$ofVoidMethod$0(InterceptingExecutableInvoker.java:103)
	at org.junit.jupiter.engine.execution.InterceptingExecutableInvoker.lambda$invoke$0(InterceptingExecutableInvoker.java:93)
	at org.junit.jupiter.engine.execution.InvocationInterceptorChain$InterceptedInvocation.proceed(InvocationInterceptorChain.java:106)
	at org.junit.jupiter.engine.execution.InvocationInterceptorChain.proceed(InvocationInterceptorChain.java:64)
	at org.junit.jupiter.engine.execution.InvocationInterceptorChain.chainAndInvoke(InvocationInterceptorChain.java:45)
	at org.junit.jupiter.engine.execution.InvocationInterceptorChain.invoke(InvocationInterceptorChain.java:37)
	at org.junit.jupiter.engine.execution.InterceptingExecutableInvoker.invoke(InterceptingExecutableInvoker.java:92)
	at org.junit.jupiter.engine.execution.InterceptingExecutableInvoker.invoke(InterceptingExecutableInvoker.java:86)
	at org.junit.jupiter.engine.descriptor.TestMethodTestDescriptor.lambda$invokeTestMethod$7(TestMethodTestDescriptor.java:218)
	at org.junit.platform.engine.support.hierarchical.ThrowableCollector.execute(ThrowableCollector.java:73)
	at org.junit.jupiter.engine.descriptor.TestMethodTestDescriptor.invokeTestMethod(TestMethodTestDescriptor.java:214)
	at org.junit.jupiter.engine.descriptor.TestMethodTestDescriptor.execute(TestMethodTestDescriptor.java:139)
	at org.junit.jupiter.engine.descriptor.TestMethodTestDescriptor.execute(TestMethodTestDescriptor.java:69)
	at org.junit.platform.engine.support.hierarchical.NodeTestTask.lambda$executeRecursively$6(NodeTestTask.java:151)
	at org.junit.platform.engine.support.hierarchical.ThrowableCollector.execute(ThrowableCollector.java:73)
	at org.junit.platform.engine.support.hierarchical.NodeTestTask.lambda$executeRecursively$8(NodeTestTask.java:141)
	at org.junit.platform.engine.support.hierarchical.Node.around(Node.java:137)
	at org.junit.platform.engine.support.hierarchical.NodeTestTask.lambda$executeRecursively$9(NodeTestTask.java:139)
	at org.junit.platform.engine.support.hierarchical.ThrowableCollector.execute(ThrowableCollector.java:73)
	at org.junit.platform.engine.support.hierarchical.NodeTestTask.executeRecursively(NodeTestTask.java:138)
	at org.junit.platform.engine.support.hierarchical.NodeTestTask.execute(NodeTestTask.java:95)
	at java.base/java.util.ArrayList.forEach(ArrayList.java:1597)
	at org.junit.platform.engine.support.hierarchical.SameThreadHierarchicalTestExecutorService.invokeAll(SameThreadHierarchicalTestExecutorService.java:41)
	at org.junit.platform.engine.support.hierarchical.NodeTestTask.lambda$executeRecursively$6(NodeTestTask.java:155)
	at org.junit.platform.engine.support.hierarchical.ThrowableCollector.execute(ThrowableCollector.java:73)
	at org.junit.platform.engine.support.hierarchical.NodeTestTask.lambda$executeRecursively$8(NodeTestTask.java:141)
	at org.junit.platform.engine.support.hierarchical.Node.around(Node.java:137)
	at org.junit.platform.engine.support.hierarchical.NodeTestTask.lambda$executeRecursively$9(NodeTestTask.java:139)
	at org.junit.platform.engine.support.hierarchical.ThrowableCollector.execute(ThrowableCollector.java:73)
	at org.junit.platform.engine.support.hierarchical.NodeTestTask.executeRecursively(NodeTestTask.java:138)
	at org.junit.platform.engine.support.hierarchical.NodeTestTask.execute(NodeTestTask.java:95)
	at java.base/java.util.ArrayList.forEach(ArrayList.java:1597)
	at org.junit.platform.engine.support.hierarchical.SameThreadHierarchicalTestExecutorService.invokeAll(SameThreadHierarchicalTestExecutorService.java:41)
	at org.junit.platform.engine.support.hierarchical.NodeTestTask.lambda$executeRecursively$6(NodeTestTask.java:155)
	at org.junit.platform.engine.support.hierarchical.ThrowableCollector.execute(ThrowableCollector.java:73)
	at org.junit.platform.engine.support.hierarchical.NodeTestTask.lambda$executeRecursively$8(NodeTestTask.java:141)
	at org.junit.platform.engine.support.hierarchical.Node.around(Node.java:137)
	at org.junit.platform.engine.support.hierarchical.NodeTestTask.lambda$executeRecursively$9(NodeTestTask.java:139)
	at org.junit.platform.engine.support.hierarchical.ThrowableCollector.execute(ThrowableCollector.java:73)
	at org.junit.platform.engine.support.hierarchical.NodeTestTask.executeRecursively(NodeTestTask.java:138)
	at org.junit.platform.engine.support.hierarchical.NodeTestTask.execute(NodeTestTask.java:95)
	at org.junit.platform.engine.support.hierarchical.SameThreadHierarchicalTestExecutorService.submit(SameThreadHierarchicalTestExecutorService.java:35)
	at org.junit.platform.engine.support.hierarchical.HierarchicalTestExecutor.execute(HierarchicalTestExecutor.java:57)
	at org.junit.platform.engine.support.hierarchical.HierarchicalTestEngine.execute(HierarchicalTestEngine.java:54)
	at org.junit.platform.launcher.core.EngineExecutionOrchestrator.execute(EngineExecutionOrchestrator.java:198)
	at org.junit.platform.launcher.core.EngineExecutionOrchestrator.execute(EngineExecutionOrchestrator.java:169)
	at org.junit.platform.launcher.core.EngineExecutionOrchestrator.execute(EngineExecutionOrchestrator.java:93)
	at org.junit.platform.launcher.core.EngineExecutionOrchestrator.lambda$execute$0(EngineExecutionOrchestrator.java:58)
	at org.junit.platform.launcher.core.EngineExecutionOrchestrator.withInterceptedStreams(EngineExecutionOrchestrator.java:141)
	at org.junit.platform.launcher.core.EngineExecutionOrchestrator.execute(EngineExecutionOrchestrator.java:57)
	at org.junit.platform.launcher.core.DefaultLauncher.execute(DefaultLauncher.java:103)
	at org.junit.platform.launcher.core.DefaultLauncher.execute(DefaultLauncher.java:85)
	at org.junit.platform.launcher.core.DelegatingLauncher.execute(DelegatingLauncher.java:47)
	at org.apache.maven.surefire.junitplatform.LazyLauncher.execute(LazyLauncher.java:56)
	at org.apache.maven.surefire.junitplatform.JUnitPlatformProvider.execute(JUnitPlatformProvider.java:184)
	at org.apache.maven.surefire.junitplatform.JUnitPlatformProvider.invokeAllTests(JUnitPlatformProvider.java:148)
	at org.apache.maven.surefire.junitplatform.JUnitPlatformProvider.invoke(JUnitPlatformProvider.java:122)
	at org.apache.maven.surefire.booter.ForkedBooter.runSuitesInProcess(ForkedBooter.java:385)
	at org.apache.maven.surefire.booter.ForkedBooter.execute(ForkedBooter.java:162)
	at org.apache.maven.surefire.booter.ForkedBooter.run(ForkedBooter.java:507)
	at org.apache.maven.surefire.booter.ForkedBooter.main(ForkedBooter.java:495)

[ERRO] 2026-01-09 18:51:47.126 - Erro-16
  Exceção: java.lang.RuntimeException: Erro 16
java.lang.RuntimeException: Erro 16
	at testes.ErrorLoggerTest.testeLogNaoCresceIndefinidamente(ErrorLoggerTest.java:389)
	at java.base/jdk.internal.reflect.DirectMethodHandleAccessor.invoke(DirectMethodHandleAccessor.java:103)
	at java.base/java.lang.reflect.Method.invoke(Method.java:580)
	at org.junit.platform.commons.util.ReflectionUtils.invokeMethod(ReflectionUtils.java:728)
	at org.junit.jupiter.engine.execution.MethodInvocation.proceed(MethodInvocation.java:60)
	at org.junit.jupiter.engine.execution.InvocationInterceptorChain$ValidatingInvocation.proceed(InvocationInterceptorChain.java:131)
	at org.junit.jupiter.engine.extension.TimeoutExtension.intercept(TimeoutExtension.java:156)
	at org.junit.jupiter.engine.extension.TimeoutExtension.interceptTestableMethod(TimeoutExtension.java:147)
	at org.junit.jupiter.engine.extension.TimeoutExtension.interceptTestMethod(TimeoutExtension.java:86)
	at org.junit.jupiter.engine.execution.InterceptingExecutableInvoker$ReflectiveInterceptorCall.lambda$ofVoidMethod$0(InterceptingExecutableInvoker.java:103)
	at org.junit.jupiter.engine.execution.InterceptingExecutableInvoker.lambda$invoke$0(InterceptingExecutableInvoker.java:93)
	at org.junit.jupiter.engine.execution.InvocationInterceptorChain$InterceptedInvocation.proceed(InvocationInterceptorChain.java:106)
	at org.junit.jupiter.engine.execution.InvocationInterceptorChain.proceed(InvocationInterceptorChain.java:64)
	at org.junit.jupiter.engine.execution.InvocationInterceptorChain.chainAndInvoke(InvocationInterceptorChain.java:45)
	at org.junit.jupiter.engine.execution.InvocationInterceptorChain.invoke(InvocationInterceptorChain.java:37)
	at org.junit.jupiter.engine.execution.InterceptingExecutableInvoker.invoke(InterceptingExecutableInvoker.java:92)
	at org.junit.jupiter.engine.execution.InterceptingExecutableInvoker.invoke(InterceptingExecutableInvoker.java:86)
	at org.junit.jupiter.engine.descriptor.TestMethodTestDescriptor.lambda$invokeTestMethod$7(TestMethodTestDescriptor.java:218)
	at org.junit.platform.engine.support.hierarchical.ThrowableCollector.execute(ThrowableCollector.java:73)
	at org.junit.jupiter.engine.descriptor.TestMethodTestDescriptor.invokeTestMethod(TestMethodTestDescriptor.java:214)
	at org.junit.jupiter.engine.descriptor.TestMethodTestDescriptor.execute(TestMethodTestDescriptor.java:139)
	at org.junit.jupiter.engine.descriptor.TestMethodTestDescriptor.execute(TestMethodTestDescriptor.java:69)
	at org.junit.platform.engine.support.hierarchical.NodeTestTask.lambda$executeRecursively$6(NodeTestTask.java:151)
	at org.junit.platform.engine.support.hierarchical.ThrowableCollector.execute(ThrowableCollector.java:73)
	at org.junit.platform.engine.support.hierarchical.NodeTestTask.lambda$executeRecursively$8(NodeTestTask.java:141)
	at org.junit.platform.engine.support.hierarchical.Node.around(Node.java:137)
	at org.junit.platform.engine.support.hierarchical.NodeTestTask.lambda$executeRecursively$9(NodeTestTask.java:139)
	at org.junit.platform.engine.support.hierarchical.ThrowableCollector.execute(ThrowableCollector.java:73)
	at org.junit.platform.engine.support.hierarchical.NodeTestTask.executeRecursively(NodeTestTask.java:138)
	at org.junit.platform.engine.support.hierarchical.NodeTestTask.execute(NodeTestTask.java:95)
	at java.base/java.util.ArrayList.forEach(ArrayList.java:1597)
	at org.junit.platform.engine.support.hierarchical.SameThreadHierarchicalTestExecutorService.invokeAll(SameThreadHierarchicalTestExecutorService.java:41)
	at org.junit.platform.engine.support.hierarchical.NodeTestTask.lambda$executeRecursively$6(NodeTestTask.java:155)
	at org.junit.platform.engine.support.hierarchical.ThrowableCollector.execute(ThrowableCollector.java:73)
	at org.junit.platform.engine.support.hierarchical.NodeTestTask.lambda$executeRecursively$8(NodeTestTask.java:141)
	at org.junit.platform.engine.support.hierarchical.Node.around(Node.java:137)
	at org.junit.platform.engine.support.hierarchical.NodeTestTask.lambda$executeRecursively$9(NodeTestTask.java:139)
	at org.junit.platform.engine.support.hierarchical.ThrowableCollector.execute(ThrowableCollector.java:73)
	at org.junit.platform.engine.support.hierarchical.NodeTestTask.executeRecursively(NodeTestTask.java:138)
	at org.junit.platform.engine.support.hierarchical.NodeTestTask.execute(NodeTestTask.java:95)
	at java.base/java.util.ArrayList.forEach(ArrayList.java:1597)
	at org.junit.platform.engine.support.hierarchical.SameThreadHierarchicalTestExecutorService.invokeAll(SameThreadHierarchicalTestExecutorService.java:41)
	at org.junit.platform.engine.support.hierarchical.NodeTestTask.lambda$executeRecursively$6(NodeTestTask.java:155)
	at org.junit.platform.engine.support.hierarchical.ThrowableCollector.execute(ThrowableCollector.java:73)
	at org.junit.platform.engine.support.hierarchical.NodeTestTask.lambda$executeRecursively$8(NodeTestTask.java:141)
	at org.junit.platform.engine.support.hierarchical.Node.around(Node.java:137)
	at org.junit.platform.engine.support.hierarchical.NodeTestTask.lambda$executeRecursively$9(NodeTestTask.java:139)
	at org.junit.platform.engine.support.hierarchical.ThrowableCollector.execute(ThrowableCollector.java:73)
	at org.junit.platform.engine.support.hierarchical.NodeTestTask.executeRecursively(NodeTestTask.java:138)
	at org.junit.platform.engine.support.hierarchical.NodeTestTask.execute(NodeTestTask.java:95)
	at org.junit.platform.engine.support.hierarchical.SameThreadHierarchicalTestExecutorService.submit(SameThreadHierarchicalTestExecutorService.java:35)
	at org.junit.platform.engine.support.hierarchical.HierarchicalTestExecutor.execute(HierarchicalTestExecutor.java:57)
	at org.junit.platform.engine.support.hierarchical.HierarchicalTestEngine.execute(HierarchicalTestEngine.java:54)
	at org.junit.platform.launcher.core.EngineExecutionOrchestrator.execute(EngineExecutionOrchestrator.java:198)
	at org.junit.platform.launcher.core.EngineExecutionOrchestrator.execute(EngineExecutionOrchestrator.java:169)
	at org.junit.platform.launcher.core.EngineExecutionOrchestrator.execute(EngineExecutionOrchestrator.java:93)
	at org.junit.platform.launcher.core.EngineExecutionOrchestrator.lambda$execute$0(EngineExecutionOrchestrator.java:58)
	at org.junit.platform.launcher.core.EngineExecutionOrchestrator.withInterceptedStreams(EngineExecutionOrchestrator.java:141)
	at org.junit.platform.launcher.core.EngineExecutionOrchestrator.execute(EngineExecutionOrchestrator.java:57)
	at org.junit.platform.launcher.core.DefaultLauncher.execute(DefaultLauncher.java:103)
	at org.junit.platform.launcher.core.DefaultLauncher.execute(DefaultLauncher.java:85)
	at org.junit.platform.launcher.core.DelegatingLauncher.execute(DelegatingLauncher.java:47)
	at org.apache.maven.surefire.junitplatform.LazyLauncher.execute(LazyLauncher.java:56)
	at org.apache.maven.surefire.junitplatform.JUnitPlatformProvider.execute(JUnitPlatformProvider.java:184)
	at org.apache.maven.surefire.junitplatform.JUnitPlatformProvider.invokeAllTests(JUnitPlatformProvider.java:148)
	at org.apache.maven.surefire.junitplatform.JUnitPlatformProvider.invoke(JUnitPlatformProvider.java:122)
	at org.apache.maven.surefire.booter.ForkedBooter.runSuitesInProcess(ForkedBooter.java:385)
	at org.apache.maven.surefire.booter.ForkedBooter.execute(ForkedBooter.java:162)
	at org.apache.maven.surefire.booter.ForkedBooter.run(ForkedBooter.java:507)
	at org.apache.maven.surefire.booter.ForkedBooter.main(ForkedBooter.java:495)

[ERRO] 2026-01-09 18:51:47.126 - Erro-17
  Exceção: java.lang.RuntimeException: Erro 17
java.lang.RuntimeException: Erro 17
	at testes.ErrorLoggerTest.testeLogNaoCresceIndefinidamente(ErrorLoggerTest.java:389)
	at java.base/jdk.internal.reflect.DirectMethodHandleAccessor.invoke(DirectMethodHandleAccessor.java:103)
	at java.base/java.lang.reflect.Method.invoke(Method.java:580)
	at org.junit.platform.commons.util.ReflectionUtils.invokeMethod(ReflectionUtils.java:728)
	at org.junit.jupiter.engine.execution.MethodInvocation.proceed(MethodInvocation.java:60)
	at org.junit.jupiter.engine.execution.InvocationInterceptorChain$ValidatingInvocation.proceed(InvocationInterceptorChain.java:131)
	at org.junit.jupiter.engine.extension.TimeoutExtension.intercept(TimeoutExtension.java:156)
	at org.junit.jupiter.engine.extension.TimeoutExtension.interceptTestableMethod(TimeoutExtension.java:147)
	at org.junit.jupiter.engine.extension.TimeoutExtension.interceptTestMethod(TimeoutExtension.java:86)
	at org.junit.jupiter.engine.execution.InterceptingExecutableInvoker$ReflectiveInterceptorCall.lambda$ofVoidMethod$0(InterceptingExecutableInvoker.java:103)
	at org.junit.jupiter.engine.execution.InterceptingExecutableInvoker.lambda$invoke$0(InterceptingExecutableInvoker.java:93)
	at org.junit.jupiter.engine.execution.InvocationInterceptorChain$InterceptedInvocation.proceed(InvocationInterceptorChain.java:106)
	at org.junit.jupiter.engine.execution.InvocationInterceptorChain.proceed(InvocationInterceptorChain.java:64)
	at org.junit.jupiter.engine.execution.InvocationInterceptorChain.chainAndInvoke(InvocationInterceptorChain.java:45)
	at org.junit.jupiter.engine.execution.InvocationInterceptorChain.invoke(InvocationInterceptorChain.java:37)
	at org.junit.jupiter.engine.execution.InterceptingExecutableInvoker.invoke(InterceptingExecutableInvoker.java:92)
	at org.junit.jupiter.engine.execution.InterceptingExecutableInvoker.invoke(InterceptingExecutableInvoker.java:86)
	at org.junit.jupiter.engine.descriptor.TestMethodTestDescriptor.lambda$invokeTestMethod$7(TestMethodTestDescriptor.java:218)
	at org.junit.platform.engine.support.hierarchical.ThrowableCollector.execute(ThrowableCollector.java:73)
	at org.junit.jupiter.engine.descriptor.TestMethodTestDescriptor.invokeTestMethod(TestMethodTestDescriptor.java:214)
	at org.junit.jupiter.engine.descriptor.TestMethodTestDescriptor.execute(TestMethodTestDescriptor.java:139)
	at org.junit.jupiter.engine.descriptor.TestMethodTestDescriptor.execute(TestMethodTestDescriptor.java:69)
	at org.junit.platform.engine.support.hierarchical.NodeTestTask.lambda$executeRecursively$6(NodeTestTask.java:151)
	at org.junit.platform.engine.support.hierarchical.ThrowableCollector.execute(ThrowableCollector.java:73)
	at org.junit.platform.engine.support.hierarchical.NodeTestTask.lambda$executeRecursively$8(NodeTestTask.java:141)
	at org.junit.platform.engine.support.hierarchical.Node.around(Node.java:137)
	at org.junit.platform.engine.support.hierarchical.NodeTestTask.lambda$executeRecursively$9(NodeTestTask.java:139)
	at org.junit.platform.engine.support.hierarchical.ThrowableCollector.execute(ThrowableCollector.java:73)
	at org.junit.platform.engine.support.hierarchical.NodeTestTask.executeRecursively(NodeTestTask.java:138)
	at org.junit.platform.engine.support.hierarchical.NodeTestTask.execute(NodeTestTask.java:95)
	at java.base/java.util.ArrayList.forEach(ArrayList.java:1597)
	at org.junit.platform.engine.support.hierarchical.SameThreadHierarchicalTestExecutorService.invokeAll(SameThreadHierarchicalTestExecutorService.java:41)
	at org.junit.platform.engine.support.hierarchical.NodeTestTask.lambda$executeRecursively$6(NodeTestTask.java:155)
	at org.junit.platform.engine.support.hierarchical.ThrowableCollector.execute(ThrowableCollector.java:73)
	at org.junit.platform.engine.support.hierarchical.NodeTestTask.lambda$executeRecursively$8(NodeTestTask.java:141)
	at org.junit.platform.engine.support.hierarchical.Node.around(Node.java:137)
	at org.junit.platform.engine.support.hierarchical.NodeTestTask.lambda$executeRecursively$9(NodeTestTask.java:139)
	at org.junit.platform.engine.support.hierarchical.ThrowableCollector.execute(ThrowableCollector.java:73)
	at org.junit.platform.engine.support.hierarchical.NodeTestTask.executeRecursively(NodeTestTask.java:138)
	at org.junit.platform.engine.support.hierarchical.NodeTestTask.execute(NodeTestTask.java:95)
	at java.base/java.util.ArrayList.forEach(ArrayList.java:1597)
	at org.junit.platform.engine.support.hierarchical.SameThreadHierarchicalTestExecutorService.invokeAll(SameThreadHierarchicalTestExecutorService.java:41)
	at org.junit.platform.engine.support.hierarchical.NodeTestTask.lambda$executeRecursively$6(NodeTestTask.java:155)
	at org.junit.platform.engine.support.hierarchical.ThrowableCollector.execute(ThrowableCollector.java:73)
	at org.junit.platform.engine.support.hierarchical.NodeTestTask.lambda$executeRecursively$8(NodeTestTask.java:141)
	at org.junit.platform.engine.support.hierarchical.Node.around(Node.java:137)
	at org.junit.platform.engine.support.hierarchical.NodeTestTask.lambda$executeRecursively$9(NodeTestTask.java:139)
	at org.junit.platform.engine.support.hierarchical.ThrowableCollector.execute(ThrowableCollector.java:73)
	at org.junit.platform.engine.support.hierarchical.NodeTestTask.executeRecursively(NodeTestTask.java:138)
	at org.junit.platform.engine.support.hierarchical.NodeTestTask.execute(NodeTestTask.java:95)
	at org.junit.platform.engine.support.hierarchical.SameThreadHierarchicalTestExecutorService.submit(SameThreadHierarchicalTestExecutorService.java:35)
	at org.junit.platform.engine.support.hierarchical.HierarchicalTestExecutor.execute(HierarchicalTestExecutor.java:57)
	at org.junit.platform.engine.support.hierarchical.HierarchicalTestEngine.execute(HierarchicalTestEngine.java:54)
	at org.junit.platform.launcher.core.EngineExecutionOrchestrator.execute(EngineExecutionOrchestrator.java:198)
	at org.junit.platform.launcher.core.EngineExecutionOrchestrator.execute(EngineExecutionOrchestrator.java:169)
	at org.junit.platform.launcher.core.EngineExecutionOrchestrator.execute(EngineExecutionOrchestrator.java:93)
	at org.junit.platform.launcher.core.EngineExecutionOrchestrator.lambda$execute$0(EngineExecutionOrchestrator.java:58)
	at org.junit.platform.launcher.core.EngineExecutionOrchestrator.withInterceptedStreams(EngineExecutionOrchestrator.java:141)
	at org.junit.platform.launcher.core.EngineExecutionOrchestrator.execute(EngineExecutionOrchestrator.java:57)
	at org.junit.platform.launcher.core.DefaultLauncher.execute(DefaultLauncher.java:103)
	at org.junit.platform.launcher.core.DefaultLauncher.execute(DefaultLauncher.java:85)
	at org.junit.platform.launcher.core.DelegatingLauncher.execute(DelegatingLauncher.java:47)
	at org.apache.maven.surefire.junitplatform.LazyLauncher.execute(LazyLauncher.java:56)
	at org.apache.maven.surefire.junitplatform.JUnitPlatformProvider.execute(JUnitPlatformProvider.java:184)
	at org.apache.maven.surefire.junitplatform.JUnitPlatformProvider.invokeAllTests(JUnitPlatformProvider.java:148)
	at org.apache.maven.surefire.junitplatform.JUnitPlatformProvider.invoke(JUnitPlatformProvider.java:122)
	at org.apache.maven.surefire.booter.ForkedBooter.runSuitesInProcess(ForkedBooter.java:385)
	at org.apache.maven.surefire.booter.ForkedBooter.execute(ForkedBooter.java:162)
	at org.apache.maven.surefire.booter.ForkedBooter.run(ForkedBooter.java:507)
	at org.apache.maven.surefire.booter.ForkedBooter.main(ForkedBooter.java:495)

[ERRO] 2026-01-09 18:51:47.126 - Erro-18
  Exceção: java.lang.RuntimeException: Erro 18
java.lang.RuntimeException: Erro 18
	at testes.ErrorLoggerTest.testeLogNaoCresceIndefinidamente(ErrorLoggerTest.java:389)
	at java.base/jdk.internal.reflect.DirectMethodHandleAccessor.invoke(DirectMethodHandleAccessor.java:103)
	at java.base/java.lang.reflect.Method.invoke(Method.java:580)
	at org.junit.platform.commons.util.ReflectionUtils.invokeMethod(ReflectionUtils.java:728)
	at org.junit.jupiter.engine.execution.MethodInvocation.proceed(MethodInvocation.java:60)
	at org.junit.jupiter.engine.execution.InvocationInterceptorChain$ValidatingInvocation.proceed(InvocationInterceptorChain.java:131)
	at org.junit.jupiter.engine.extension.TimeoutExtension.intercept(TimeoutExtension.java:156)
	at org.junit.jupiter.engine.extension.TimeoutExtension.interceptTestableMethod(TimeoutExtension.java:147)
	at org.junit.jupiter.engine.extension.TimeoutExtension.interceptTestMethod(TimeoutExtension.java:86)
	at org.junit.jupiter.engine.execution.InterceptingExecutableInvoker$ReflectiveInterceptorCall.lambda$ofVoidMethod$0(InterceptingExecutableInvoker.java:103)
	at org.junit.jupiter.engine.execution.InterceptingExecutableInvoker.lambda$invoke$0(InterceptingExecutableInvoker.java:93)
	at org.junit.jupiter.engine.execution.InvocationInterceptorChain$InterceptedInvocation.proceed(InvocationInterceptorChain.java:106)
	at org.junit.jupiter.engine.execution.InvocationInterceptorChain.proceed(InvocationInterceptorChain.java:64)
	at org.junit.jupiter.engine.execution.InvocationInterceptorChain.chainAndInvoke(InvocationInterceptorChain.java:45)
	at org.junit.jupiter.engine.execution.InvocationInterceptorChain.invoke(InvocationInterceptorChain.java:37)
	at org.junit.jupiter.engine.execution.InterceptingExecutableInvoker.invoke(InterceptingExecutableInvoker.java:92)
	at org.junit.jupiter.engine.execution.InterceptingExecutableInvoker.invoke(InterceptingExecutableInvoker.java:86)
	at org.junit.jupiter.engine.descriptor.TestMethodTestDescriptor.lambda$invokeTestMethod$7(TestMethodTestDescriptor.java:218)
	at org.junit.platform.engine.support.hierarchical.ThrowableCollector.execute(ThrowableCollector.java:73)
	at org.junit.jupiter.engine.descriptor.TestMethodTestDescriptor.invokeTestMethod(TestMethodTestDescriptor.java:214)
	at org.junit.jupiter.engine.descriptor.TestMethodTestDescriptor.execute(TestMethodTestDescriptor.java:139)
	at org.junit.jupiter.engine.descriptor.TestMethodTestDescriptor.execute(TestMethodTestDescriptor.java:69)
	at org.junit.platform.engine.support.hierarchical.NodeTestTask.lambda$executeRecursively$6(NodeTestTask.java:151)
	at org.junit.platform.engine.support.hierarchical.ThrowableCollector.execute(ThrowableCollector.java:73)
	at org.junit.platform.engine.support.hierarchical.NodeTestTask.lambda$executeRecursively$8(NodeTestTask.java:141)
	at org.junit.platform.engine.support.hierarchical.Node.around(Node.java:137)
	at org.junit.platform.engine.support.hierarchical.NodeTestTask.lambda$executeRecursively$9(NodeTestTask.java:139)
	at org.junit.platform.engine.support.hierarchical.ThrowableCollector.execute(ThrowableCollector.java:73)
	at org.junit.platform.engine.support.hierarchical.NodeTestTask.executeRecursively(NodeTestTask.java:138)
	at org.junit.platform.engine.support.hierarchical.NodeTestTask.execute(NodeTestTask.java:95)
	at java.base/java.util.ArrayList.forEach(ArrayList.java:1597)
	at org.junit.platform.engine.support.hierarchical.SameThreadHierarchicalTestExecutorService.invokeAll(SameThreadHierarchicalTestExecutorService.java:41)
	at org.junit.platform.engine.support.hierarchical.NodeTestTask.lambda$executeRecursively$6(NodeTestTask.java:155)
	at org.junit.platform.engine.support.hierarchical.ThrowableCollector.execute(ThrowableCollector.java:73)
	at org.junit.platform.engine.support.hierarchical.NodeTestTask.lambda$executeRecursively$8(NodeTestTask.java:141)
	at org.junit.platform.engine.support.hierarchical.Node.around(Node.java:137)
	at org.junit.platform.engine.support.hierarchical.NodeTestTask.lambda$executeRecursively$9(NodeTestTask.java:139)
	at org.junit.platform.engine.support.hierarchical.ThrowableCollector.execute(ThrowableCollector.java:73)
	at org.junit.platform.engine.support.hierarchical.NodeTestTask.executeRecursively(NodeTestTask.java:138)
	at org.junit.platform.engine.support.hierarchical.NodeTestTask.execute(NodeTestTask.java:95)
	at java.base/java.util.ArrayList.forEach(ArrayList.java:1597)
	at org.junit.platform.engine.support.hierarchical.SameThreadHierarchicalTestExecutorService.invokeAll(SameThreadHierarchicalTestExecutorService.java:41)
	at org.junit.platform.engine.support.hierarchical.NodeTestTask.lambda$executeRecursively$6(NodeTestTask.java:155)
	at org.junit.platform.engine.support.hierarchical.ThrowableCollector.execute(ThrowableCollector.java:73)
	at org.junit.platform.engine.support.hierarchical.NodeTestTask.lambda$executeRecursively$8(NodeTestTask.java:141)
	at org.junit.platform.engine.support.hierarchical.Node.around(Node.java:137)
	at org.junit.platform.engine.support.hierarchical.NodeTestTask.lambda$executeRecursively$9(NodeTestTask.java:139)
	at org.junit.platform.engine.support.hierarchical.ThrowableCollector.execute(ThrowableCollector.java:73)
	at org.junit.platform.engine.support.hierarchical.NodeTestTask.executeRecursively(NodeTestTask.java:138)
	at org.junit.platform.engine.support.hierarchical.NodeTestTask.execute(NodeTestTask.java:95)
	at org.junit.platform.engine.support.hierarchical.SameThreadHierarchicalTestExecutorService.submit(SameThreadHierarchicalTestExecutorService.java:35)
	at org.junit.platform.engine.support.hierarchical.HierarchicalTestExecutor.execute(HierarchicalTestExecutor.java:57)
	at org.junit.platform.engine.support.hierarchical.HierarchicalTestEngine.execute(HierarchicalTestEngine.java:54)
	at org.junit.platform.launcher.core.EngineExecutionOrchestrator.execute(EngineExecutionOrchestrator.java:198)
	at org.junit.platform.launcher.core.EngineExecutionOrchestrator.execute(EngineExecutionOrchestrator.java:169)
	at org.junit.platform.launcher.core.EngineExecutionOrchestrator.execute(EngineExecutionOrchestrator.java:93)
	at org.junit.platform.launcher.core.EngineExecutionOrchestrator.lambda$execute$0(EngineExecutionOrchestrator.java:58)
	at org.junit.platform.launcher.core.EngineExecutionOrchestrator.withInterceptedStreams(EngineExecutionOrchestrator.java:141)
	at org.junit.platform.launcher.core.EngineExecutionOrchestrator.execute(EngineExecutionOrchestrator.java:57)
	at org.junit.platform.launcher.core.DefaultLauncher.execute(DefaultLauncher.java:103)
	at org.junit.platform.launcher.core.DefaultLauncher.execute(DefaultLauncher.java:85)
	at org.junit.platform.launcher.core.DelegatingLauncher.execute(DelegatingLauncher.java:47)
	at org.apache.maven.surefire.junitplatform.LazyLauncher.execute(LazyLauncher.java:56)
	at org.apache.maven.surefire.junitplatform.JUnitPlatformProvider.execute(JUnitPlatformProvider.java:184)
	at org.apache.maven.surefire.junitplatform.JUnitPlatformProvider.invokeAllTests(JUnitPlatformProvider.java:148)
	at org.apache.maven.surefire.junitplatform.JUnitPlatformProvider.invoke(JUnitPlatformProvider.java:122)
	at org.apache.maven.surefire.booter.ForkedBooter.runSuitesInProcess(ForkedBooter.java:385)
	at org.apache.maven.surefire.booter.ForkedBooter.execute(ForkedBooter.java:162)
	at org.apache.maven.surefire.booter.ForkedBooter.run(ForkedBooter.java:507)
	at org.apache.maven.surefire.booter.ForkedBooter.main(ForkedBooter.java:495)

[ERRO] 2026-01-09 18:51:47.127 - Erro-19
  Exceção: java.lang.RuntimeException: Erro 19
java.lang.RuntimeException: Erro 19
	at testes.ErrorLoggerTest.testeLogNaoCresceIndefinidamente(ErrorLoggerTest.java:389)
	at java.base/jdk.internal.reflect.DirectMethodHandleAccessor.invoke(DirectMethodHandleAccessor.java:103)
	at java.base/java.lang.reflect.Method.invoke(Method.java:580)
	at org.junit.platform.commons.util.ReflectionUtils.invokeMethod(ReflectionUtils.java:728)
	at org.junit.jupiter.engine.execution.MethodInvocation.proceed(MethodInvocation.java:60)
	at org.junit.jupiter.engine.execution.InvocationInterceptorChain$ValidatingInvocation.proceed(InvocationInterceptorChain.java:131)
	at org.junit.jupiter.engine.extension.TimeoutExtension.intercept(TimeoutExtension.java:156)
	at org.junit.jupiter.engine.extension.TimeoutExtension.interceptTestableMethod(TimeoutExtension.java:147)
	at org.junit.jupiter.engine.extension.TimeoutExtension.interceptTestMethod(TimeoutExtension.java:86)
	at org.junit.jupiter.engine.execution.InterceptingExecutableInvoker$ReflectiveInterceptorCall.lambda$ofVoidMethod$0(InterceptingExecutableInvoker.java:103)
	at org.junit.jupiter.engine.execution.InterceptingExecutableInvoker.lambda$invoke$0(InterceptingExecutableInvoker.java:93)
	at org.junit.jupiter.engine.execution.InvocationInterceptorChain$InterceptedInvocation.proceed(InvocationInterceptorChain.java:106)
	at org.junit.jupiter.engine.execution.InvocationInterceptorChain.proceed(InvocationInterceptorChain.java:64)
	at org.junit.jupiter.engine.execution.InvocationInterceptorChain.chainAndInvoke(InvocationInterceptorChain.java:45)
	at org.junit.jupiter.engine.execution.InvocationInterceptorChain.invoke(InvocationInterceptorChain.java:37)
	at org.junit.jupiter.engine.execution.InterceptingExecutableInvoker.invoke(InterceptingExecutableInvoker.java:92)
	at org.junit.jupiter.engine.execution.InterceptingExecutableInvoker.invoke(InterceptingExecutableInvoker.java:86)
	at org.junit.jupiter.engine.descriptor.TestMethodTestDescriptor.lambda$invokeTestMethod$7(TestMethodTestDescriptor.java:218)
	at org.junit.platform.engine.support.hierarchical.ThrowableCollector.execute(ThrowableCollector.java:73)
	at org.junit.jupiter.engine.descriptor.TestMethodTestDescriptor.invokeTestMethod(TestMethodTestDescriptor.java:214)
	at org.junit.jupiter.engine.descriptor.TestMethodTestDescriptor.execute(TestMethodTestDescriptor.java:139)
	at org.junit.jupiter.engine.descriptor.TestMethodTestDescriptor.execute(TestMethodTestDescriptor.java:69)
	at org.junit.platform.engine.support.hierarchical.NodeTestTask.lambda$executeRecursively$6(NodeTestTask.java:151)
	at org.junit.platform.engine.support.hierarchical.ThrowableCollector.execute(ThrowableCollector.java:73)
	at org.junit.platform.engine.support.hierarchical.NodeTestTask.lambda$executeRecursively$8(NodeTestTask.java:141)
	at org.junit.platform.engine.support.hierarchical.Node.around(Node.java:137)
	at org.junit.platform.engine.support.hierarchical.NodeTestTask.lambda$executeRecursively$9(NodeTestTask.java:139)
	at org.junit.platform.engine.support.hierarchical.ThrowableCollector.execute(ThrowableCollector.java:73)
	at org.junit.platform.engine.support.hierarchical.NodeTestTask.executeRecursively(NodeTestTask.java:138)
	at org.junit.platform.engine.support.hierarchical.NodeTestTask.execute(NodeTestTask.java:95)
	at java.base/java.util.ArrayList.forEach(ArrayList.java:1597)
	at org.junit.platform.engine.support.hierarchical.SameThreadHierarchicalTestExecutorService.invokeAll(SameThreadHierarchicalTestExecutorService.java:41)
	at org.junit.platform.engine.support.hierarchical.NodeTestTask.lambda$executeRecursively$6(NodeTestTask.java:155)
	at org.junit.platform.engine.support.hierarchical.ThrowableCollector.execute(ThrowableCollector.java:73)
	at org.junit.platform.engine.support.hierarchical.NodeTestTask.lambda$executeRecursively$8(NodeTestTask.java:141)
	at org.junit.platform.engine.support.hierarchical.Node.around(Node.java:137)
	at org.junit.platform.engine.support.hierarchical.NodeTestTask.lambda$executeRecursively$9(NodeTestTask.java:139)
	at org.junit.platform.engine.support.hierarchical.ThrowableCollector.execute(ThrowableCollector.java:73)
	at org.junit.platform.engine.support.hierarchical.NodeTestTask.executeRecursively(NodeTestTask.java:138)
	at org.junit.platform.engine.support.hierarchical.NodeTestTask.execute(NodeTestTask.java:95)
	at java.base/java.util.ArrayList.forEach(ArrayList.java:1597)
	at org.junit.platform.engine.support.hierarchical.SameThreadHierarchicalTestExecutorService.invokeAll(SameThreadHierarchicalTestExecutorService.java:41)
	at org.junit.platform.engine.support.hierarchical.NodeTestTask.lambda$executeRecursively$6(NodeTestTask.java:155)
	at org.junit.platform.engine.support.hierarchical.ThrowableCollector.execute(ThrowableCollector.java:73)
	at org.junit.platform.engine.support.hierarchical.NodeTestTask.lambda$executeRecursively$8(NodeTestTask.java:141)
	at org.junit.platform.engine.support.hierarchical.Node.around(Node.java:137)
	at org.junit.platform.engine.support.hierarchical.NodeTestTask.lambda$executeRecursively$9(NodeTestTask.java:139)
	at org.junit.platform.engine.support.hierarchical.ThrowableCollector.execute(ThrowableCollector.java:73)
	at org.junit.platform.engine.support.hierarchical.NodeTestTask.executeRecursively(NodeTestTask.java:138)
	at org.junit.platform.engine.support.hierarchical.NodeTestTask.execute(NodeTestTask.java:95)
	at org.junit.platform.engine.support.hierarchical.SameThreadHierarchicalTestExecutorService.submit(SameThreadHierarchicalTestExecutorService.java:35)
	at org.junit.platform.engine.support.hierarchical.HierarchicalTestExecutor.execute(HierarchicalTestExecutor.java:57)
	at org.junit.platform.engine.support.hierarchical.HierarchicalTestEngine.execute(HierarchicalTestEngine.java:54)
	at org.junit.platform.launcher.core.EngineExecutionOrchestrator.execute(EngineExecutionOrchestrator.java:198)
	at org.junit.platform.launcher.core.EngineExecutionOrchestrator.execute(EngineExecutionOrchestrator.java:169)
	at org.junit.platform.launcher.core.EngineExecutionOrchestrator.execute(EngineExecutionOrchestrator.java:93)
	at org.junit.platform.launcher.core.EngineExecutionOrchestrator.lambda$execute$0(EngineExecutionOrchestrator.java:58)
	at org.junit.platform.launcher.core.EngineExecutionOrchestrator.withInterceptedStreams(EngineExecutionOrchestrator.java:141)
	at org.junit.platform.launcher.core.EngineExecutionOrchestrator.execute(EngineExecutionOrchestrator.java:57)
	at org.junit.platform.launcher.core.DefaultLauncher.execute(DefaultLauncher.java:103)
	at org.junit.platform.launcher.core.DefaultLauncher.execute(DefaultLauncher.java:85)
	at org.junit.platform.launcher.core.DelegatingLauncher.execute(DelegatingLauncher.java:47)
	at org.apache.maven.surefire.junitplatform.LazyLauncher.execute(LazyLauncher.java:56)
	at org.apache.maven.surefire.junitplatform.JUnitPlatformProvider.execute(JUnitPlatformProvider.java:184)
	at org.apache.maven.surefire.junitplatform.JUnitPlatformProvider.invokeAllTests(JUnitPlatformProvider.java:148)
	at org.apache.maven.surefire.junitplatform.JUnitPlatformProvider.invoke(JUnitPlatformProvider.java:122)
	at org.apache.maven.surefire.booter.ForkedBooter.runSuitesInProcess(ForkedBooter.java:385)
	at org.apache.maven.surefire.booter.ForkedBooter.execute(ForkedBooter.java:162)
	at org.apache.maven.surefire.booter.ForkedBooter.run(ForkedBooter.java:507)
	at org.apache.maven.surefire.booter.ForkedBooter.main(ForkedBooter.java:495)

[ERRO] 2026-01-09 18:51:47.127 - Erro-20
  Exceção: java.lang.RuntimeException: Erro 20
java.lang.RuntimeException: Erro 20
	at testes.ErrorLoggerTest.testeLogNaoCresceIndefinidamente(ErrorLoggerTest.java:389)
	at java.base/jdk.internal.reflect.DirectMethodHandleAccessor.invoke(DirectMethodHandleAccessor.java:103)
	at java.base/java.lang.reflect.Method.invoke(Method.java:580)
	at org.junit.platform.commons.util.ReflectionUtils.invokeMethod(ReflectionUtils.java:728)
	at org.junit.jupiter.engine.execution.MethodInvocation.proceed(MethodInvocation.java:60)
	at org.junit.jupiter.engine.execution.InvocationInterceptorChain$ValidatingInvocation.proceed(InvocationInterceptorChain.java:131)
	at org.junit.jupiter.engine.extension.TimeoutExtension.intercept(TimeoutExtension.java:156)
	at org.junit.jupiter.engine.extension.TimeoutExtension.interceptTestableMethod(TimeoutExtension.java:147)
	at org.junit.jupiter.engine.extension.TimeoutExtension.interceptTestMethod(TimeoutExtension.java:86)
	at org.junit.jupiter.engine.execution.InterceptingExecutableInvoker$ReflectiveInterceptorCall.lambda$ofVoidMethod$0(InterceptingExecutableInvoker.java:103)
	at org.junit.jupiter.engine.execution.InterceptingExecutableInvoker.lambda$invoke$0(InterceptingExecutableInvoker.java:93)
	at org.junit.jupiter.engine.execution.InvocationInterceptorChain$InterceptedInvocation.proceed(InvocationInterceptorChain.java:106)
	at org.junit.jupiter.engine.execution.InvocationInterceptorChain.proceed(InvocationInterceptorChain.java:64)
	at org.junit.jupiter.engine.execution.InvocationInterceptorChain.chainAndInvoke(InvocationInterceptorChain.java:45)
	at org.junit.jupiter.engine.execution.InvocationInterceptorChain.invoke(InvocationInterceptorChain.java:37)
	at org.junit.jupiter.engine.execution.InterceptingExecutableInvoker.invoke(InterceptingExecutableInvoker.java:92)
	at org.junit.jupiter.engine.execution.InterceptingExecutableInvoker.invoke(InterceptingExecutableInvoker.java:86)
	at org.junit.jupiter.engine.descriptor.TestMethodTestDescriptor.lambda$invokeTestMethod$7(TestMethodTestDescriptor.java:218)
	at org.junit.platform.engine.support.hierarchical.ThrowableCollector.execute(ThrowableCollector.java:73)
	at org.junit.jupiter.engine.descriptor.TestMethodTestDescriptor.invokeTestMethod(TestMethodTestDescriptor.java:214)
	at org.junit.jupiter.engine.descriptor.TestMethodTestDescriptor.execute(TestMethodTestDescriptor.java:139)
	at org.junit.jupiter.engine.descriptor.TestMethodTestDescriptor.execute(TestMethodTestDescriptor.java:69)
	at org.junit.platform.engine.support.hierarchical.NodeTestTask.lambda$executeRecursively$6(NodeTestTask.java:151)
	at org.junit.platform.engine.support.hierarchical.ThrowableCollector.execute(ThrowableCollector.java:73)
	at org.junit.platform.engine.support.hierarchical.NodeTestTask.lambda$executeRecursively$8(NodeTestTask.java:141)
	at org.junit.platform.engine.support.hierarchical.Node.around(Node.java:137)
	at org.junit.platform.engine.support.hierarchical.NodeTestTask.lambda$executeRecursively$9(NodeTestTask.java:139)
	at org.junit.platform.engine.support.hierarchical.ThrowableCollector.execute(ThrowableCollector.java:73)
	at org.junit.platform.engine.support.hierarchical.NodeTestTask.executeRecursively(NodeTestTask.java:138)
	at org.junit.platform.engine.support.hierarchical.NodeTestTask.execute(NodeTestTask.java:95)
	at java.base/java.util.ArrayList.forEach(ArrayList.java:1597)
	at org.junit.platform.engine.support.hierarchical.SameThreadHierarchicalTestExecutorService.invokeAll(SameThreadHierarchicalTestExecutorService.java:41)
	at org.junit.platform.engine.support.hierarchical.NodeTestTask.lambda$executeRecursively$6(NodeTestTask.java:155)
	at org.junit.platform.engine.support.hierarchical.ThrowableCollector.execute(ThrowableCollector.java:73)
	at org.junit.platform.engine.support.hierarchical.NodeTestTask.lambda$executeRecursively$8(NodeTestTask.java:141)
	at org.junit.platform.engine.support.hierarchical.Node.around(Node.java:137)
	at org.junit.platform.engine.support.hierarchical.NodeTestTask.lambda$executeRecursively$9(NodeTestTask.java:139)
	at org.junit.platform.engine.support.hierarchical.ThrowableCollector.execute(ThrowableCollector.java:73)
	at org.junit.platform.engine.support.hierarchical.NodeTestTask.executeRecursively(NodeTestTask.java:138)
	at org.junit.platform.engine.support.hierarchical.NodeTestTask.execute(NodeTestTask.java:95)
	at java.base/java.util.ArrayList.forEach(ArrayList.java:1597)
	at org.junit.platform.engine.support.hierarchical.SameThreadHierarchicalTestExecutorService.invokeAll(SameThreadHierarchicalTestExecutorService.java:41)
	at org.junit.platform.engine.support.hierarchical.NodeTestTask.lambda$executeRecursively$6(NodeTestTask.java:155)
	at org.junit.platform.engine.support.hierarchical.ThrowableCollector.execute(ThrowableCollector.java:73)
	at org.junit.platform.engine.support.hierarchical.NodeTestTask.lambda$executeRecursively$8(NodeTestTask.java:141)
	at org.junit.platform.engine.support.hierarchical.Node.around(Node.java:137)
	at org.junit.platform.engine.support.hierarchical.NodeTestTask.lambda$executeRecursively$9(NodeTestTask.java:139)
	at org.junit.platform.engine.support.hierarchical.ThrowableCollector.execute(ThrowableCollector.java:73)
	at org.junit.platform.engine.support.hierarchical.NodeTestTask.executeRecursively(NodeTestTask.java:138)
	at org.junit.platform.engine.support.hierarchical.NodeTestTask.execute(NodeTestTask.java:95)
	at org.junit.platform.engine.support.hierarchical.SameThreadHierarchicalTestExecutorService.submit(SameThreadHierarchicalTestExecutorService.java:35)
	at org.junit.platform.engine.support.hierarchical.HierarchicalTestExecutor.execute(HierarchicalTestExecutor.java:57)
	at org.junit.platform.engine.support.hierarchical.HierarchicalTestEngine.execute(HierarchicalTestEngine.java:54)
	at org.junit.platform.launcher.core.EngineExecutionOrchestrator.execute(EngineExecutionOrchestrator.java:198)
	at org.junit.platform.launcher.core.EngineExecutionOrchestrator.execute(EngineExecutionOrchestrator.java:169)
	at org.junit.platform.launcher.core.EngineExecutionOrchestrator.execute(EngineExecutionOrchestrator.java:93)
	at org.junit.platform.launcher.core.EngineExecutionOrchestrator.lambda$execute$0(EngineExecutionOrchestrator.java:58)
	at org.junit.platform.launcher.core.EngineExecutionOrchestrator.withInterceptedStreams(EngineExecutionOrchestrator.java:141)
	at org.junit.platform.launcher.core.EngineExecutionOrchestrator.execute(EngineExecutionOrchestrator.java:57)
	at org.junit.platform.launcher.core.DefaultLauncher.execute(DefaultLauncher.java:103)
	at org.junit.platform.launcher.core.DefaultLauncher.execute(DefaultLauncher.java:85)
	at org.junit.platform.launcher.core.DelegatingLauncher.execute(DelegatingLauncher.java:47)
	at org.apache.maven.surefire.junitplatform.LazyLauncher.execute(LazyLauncher.java:56)
	at org.apache.maven.surefire.junitplatform.JUnitPlatformProvider.execute(JUnitPlatformProvider.java:184)
	at org.apache.maven.surefire.junitplatform.JUnitPlatformProvider.invokeAllTests(JUnitPlatformProvider.java:148)
	at org.apache.maven.surefire.junitplatform.JUnitPlatformProvider.invoke(JUnitPlatformProvider.java:122)
	at org.apache.maven.surefire.booter.ForkedBooter.runSuitesInProcess(ForkedBooter.java:385)
	at org.apache.maven.surefire.booter.ForkedBooter.execute(ForkedBooter.java:162)
	at org.apache.maven.surefire.booter.ForkedBooter.run(ForkedBooter.java:507)
	at org.apache.maven.surefire.booter.ForkedBooter.main(ForkedBooter.java:495)

[ERRO] 2026-01-09 18:51:47.128 - Erro-21
  Exceção: java.lang.RuntimeException: Erro 21
java.lang.RuntimeException: Erro 21
	at testes.ErrorLoggerTest.testeLogNaoCresceIndefinidamente(ErrorLoggerTest.java:389)
	at java.base/jdk.internal.reflect.DirectMethodHandleAccessor.invoke(DirectMethodHandleAccessor.java:103)
	at java.base/java.lang.reflect.Method.invoke(Method.java:580)
	at org.junit.platform.commons.util.ReflectionUtils.invokeMethod(ReflectionUtils.java:728)
	at org.junit.jupiter.engine.execution.MethodInvocation.proceed(MethodInvocation.java:60)
	at org.junit.jupiter.engine.execution.InvocationInterceptorChain$ValidatingInvocation.proceed(InvocationInterceptorChain.java:131)
	at org.junit.jupiter.engine.extension.TimeoutExtension.intercept(TimeoutExtension.java:156)
	at org.junit.jupiter.engine.extension.TimeoutExtension.interceptTestableMethod(TimeoutExtension.java:147)
	at org.junit.jupiter.engine.extension.TimeoutExtension.interceptTestMethod(TimeoutExtension.java:86)
	at org.junit.jupiter.engine.execution.InterceptingExecutableInvoker$ReflectiveInterceptorCall.lambda$ofVoidMethod$0(InterceptingExecutableInvoker.java:103)
	at org.junit.jupiter.engine.execution.InterceptingExecutableInvoker.lambda$invoke$0(InterceptingExecutableInvoker.java:93)
	at org.junit.jupiter.engine.execution.InvocationInterceptorChain$InterceptedInvocation.proceed(InvocationInterceptorChain.java:106)
	at org.junit.jupiter.engine.execution.InvocationInterceptorChain.proceed(InvocationInterceptorChain.java:64)
	at org.junit.jupiter.engine.execution.InvocationInterceptorChain.chainAndInvoke(InvocationInterceptorChain.java:45)
	at org.junit.jupiter.engine.execution.InvocationInterceptorChain.invoke(InvocationInterceptorChain.java:37)
	at org.junit.jupiter.engine.execution.InterceptingExecutableInvoker.invoke(InterceptingExecutableInvoker.java:92)
	at org.junit.jupiter.engine.execution.InterceptingExecutableInvoker.invoke(InterceptingExecutableInvoker.java:86)
	at org.junit.jupiter.engine.descriptor.TestMethodTestDescriptor.lambda$invokeTestMethod$7(TestMethodTestDescriptor.java:218)
	at org.junit.platform.engine.support.hierarchical.ThrowableCollector.execute(ThrowableCollector.java:73)
	at org.junit.jupiter.engine.descriptor.TestMethodTestDescriptor.invokeTestMethod(TestMethodTestDescriptor.java:214)
	at org.junit.jupiter.engine.descriptor.TestMethodTestDescriptor.execute(TestMethodTestDescriptor.java:139)
	at org.junit.jupiter.engine.descriptor.TestMethodTestDescriptor.execute(TestMethodTestDescriptor.java:69)
	at org.junit.platform.engine.support.hierarchical.NodeTestTask.lambda$executeRecursively$6(NodeTestTask.java:151)
	at org.junit.platform.engine.support.hierarchical.ThrowableCollector.execute(ThrowableCollector.java:73)
	at org.junit.platform.engine.support.hierarchical.NodeTestTask.lambda$executeRecursively$8(NodeTestTask.java:141)
	at org.junit.platform.engine.support.hierarchical.Node.around(Node.java:137)
	at org.junit.platform.engine.support.hierarchical.NodeTestTask.lambda$executeRecursively$9(NodeTestTask.java:139)
	at org.junit.platform.engine.support.hierarchical.ThrowableCollector.execute(ThrowableCollector.java:73)
	at org.junit.platform.engine.support.hierarchical.NodeTestTask.executeRecursively(NodeTestTask.java:138)
	at org.junit.platform.engine.support.hierarchical.NodeTestTask.execute(NodeTestTask.java:95)
	at java.base/java.util.ArrayList.forEach(ArrayList.java:1597)
	at org.junit.platform.engine.support.hierarchical.SameThreadHierarchicalTestExecutorService.invokeAll(SameThreadHierarchicalTestExecutorService.java:41)
	at org.junit.platform.engine.support.hierarchical.NodeTestTask.lambda$executeRecursively$6(NodeTestTask.java:155)
	at org.junit.platform.engine.support.hierarchical.ThrowableCollector.execute(ThrowableCollector.java:73)
	at org.junit.platform.engine.support.hierarchical.NodeTestTask.lambda$executeRecursively$8(NodeTestTask.java:141)
	at org.junit.platform.engine.support.hierarchical.Node.around(Node.java:137)
	at org.junit.platform.engine.support.hierarchical.NodeTestTask.lambda$executeRecursively$9(NodeTestTask.java:139)
	at org.junit.platform.engine.support.hierarchical.ThrowableCollector.execute(ThrowableCollector.java:73)
	at org.junit.platform.engine.support.hierarchical.NodeTestTask.executeRecursively(NodeTestTask.java:138)
	at org.junit.platform.engine.support.hierarchical.NodeTestTask.execute(NodeTestTask.java:95)
	at java.base/java.util.ArrayList.forEach(ArrayList.java:1597)
	at org.junit.platform.engine.support.hierarchical.SameThreadHierarchicalTestExecutorService.invokeAll(SameThreadHierarchicalTestExecutorService.java:41)
	at org.junit.platform.engine.support.hierarchical.NodeTestTask.lambda$executeRecursively$6(NodeTestTask.java:155)
	at org.junit.platform.engine.support.hierarchical.ThrowableCollector.execute(ThrowableCollector.java:73)
	at org.junit.platform.engine.support.hierarchical.NodeTestTask.lambda$executeRecursively$8(NodeTestTask.java:141)
	at org.junit.platform.engine.support.hierarchical.Node.around(Node.java:137)
	at org.junit.platform.engine.support.hierarchical.NodeTestTask.lambda$executeRecursively$9(NodeTestTask.java:139)
	at org.junit.platform.engine.support.hierarchical.ThrowableCollector.execute(ThrowableCollector.java:73)
	at org.junit.platform.engine.support.hierarchical.NodeTestTask.executeRecursively(NodeTestTask.java:138)
	at org.junit.platform.engine.support.hierarchical.NodeTestTask.execute(NodeTestTask.java:95)
	at org.junit.platform.engine.support.hierarchical.SameThreadHierarchicalTestExecutorService.submit(SameThreadHierarchicalTestExecutorService.java:35)
	at org.junit.platform.engine.support.hierarchical.HierarchicalTestExecutor.execute(HierarchicalTestExecutor.java:57)
	at org.junit.platform.engine.support.hierarchical.HierarchicalTestEngine.execute(HierarchicalTestEngine.java:54)
	at org.junit.platform.launcher.core.EngineExecutionOrchestrator.execute(EngineExecutionOrchestrator.java:198)
	at org.junit.platform.launcher.core.EngineExecutionOrchestrator.execute(EngineExecutionOrchestrator.java:169)
	at org.junit.platform.launcher.core.EngineExecutionOrchestrator.execute(EngineExecutionOrchestrator.java:93)
	at org.junit.platform.launcher.core.EngineExecutionOrchestrator.lambda$execute$0(EngineExecutionOrchestrator.java:58)
	at org.junit.platform.launcher.core.EngineExecutionOrchestrator.withInterceptedStreams(EngineExecutionOrchestrator.java:141)
	at org.junit.platform.launcher.core.EngineExecutionOrchestrator.execute(EngineExecutionOrchestrator.java:57)
	at org.junit.platform.launcher.core.DefaultLauncher.execute(DefaultLauncher.java:103)
	at org.junit.platform.launcher.core.DefaultLauncher.execute(DefaultLauncher.java:85)
	at org.junit.platform.launcher.core.DelegatingLauncher.execute(DelegatingLauncher.java:47)
	at org.apache.maven.surefire.junitplatform.LazyLauncher.execute(LazyLauncher.java:56)
	at org.apache.maven.surefire.junitplatform.JUnitPlatformProvider.execute(JUnitPlatformProvider.java:184)
	at org.apache.maven.surefire.junitplatform.JUnitPlatformProvider.invokeAllTests(JUnitPlatformProvider.java:148)
	at org.apache.maven.surefire.junitplatform.JUnitPlatformProvider.invoke(JUnitPlatformProvider.java:122)
	at org.apache.maven.surefire.booter.ForkedBooter.runSuitesInProcess(ForkedBooter.java:385)
	at org.apache.maven.surefire.booter.ForkedBooter.execute(ForkedBooter.java:162)
	at org.apache.maven.surefire.booter.ForkedBooter.run(ForkedBooter.java:507)
	at org.apache.maven.surefire.booter.ForkedBooter.main(ForkedBooter.java:495)

[ERRO] 2026-01-09 18:51:47.128 - Erro-22
  Exceção: java.lang.RuntimeException: Erro 22
java.lang.RuntimeException: Erro 22
	at testes.ErrorLoggerTest.testeLogNaoCresceIndefinidamente(ErrorLoggerTest.java:389)
	at java.base/jdk.internal.reflect.DirectMethodHandleAccessor.invoke(DirectMethodHandleAccessor.java:103)
	at java.base/java.lang.reflect.Method.invoke(Method.java:580)
	at org.junit.platform.commons.util.ReflectionUtils.invokeMethod(ReflectionUtils.java:728)
	at org.junit.jupiter.engine.execution.MethodInvocation.proceed(MethodInvocation.java:60)
	at org.junit.jupiter.engine.execution.InvocationInterceptorChain$ValidatingInvocation.proceed(InvocationInterceptorChain.java:131)
	at org.junit.jupiter.engine.extension.TimeoutExtension.intercept(TimeoutExtension.java:156)
	at org.junit.jupiter.engine.extension.TimeoutExtension.interceptTestableMethod(TimeoutExtension.java:147)
	at org.junit.jupiter.engine.extension.TimeoutExtension.interceptTestMethod(TimeoutExtension.java:86)
	at org.junit.jupiter.engine.execution.InterceptingExecutableInvoker$ReflectiveInterceptorCall.lambda$ofVoidMethod$0(InterceptingExecutableInvoker.java:103)
	at org.junit.jupiter.engine.execution.InterceptingExecutableInvoker.lambda$invoke$0(InterceptingExecutableInvoker.java:93)
	at org.junit.jupiter.engine.execution.InvocationInterceptorChain$InterceptedInvocation.proceed(InvocationInterceptorChain.java:106)
	at org.junit.jupiter.engine.execution.InvocationInterceptorChain.proceed(InvocationInterceptorChain.java:64)
	at org.junit.jupiter.engine.execution.InvocationInterceptorChain.chainAndInvoke(InvocationInterceptorChain.java:45)
	at org.junit.jupiter.engine.execution.InvocationInterceptorChain.invoke(InvocationInterceptorChain.java:37)
	at org.junit.jupiter.engine.execution.InterceptingExecutableInvoker.invoke(InterceptingExecutableInvoker.java:92)
	at org.junit.jupiter.engine.execution.InterceptingExecutableInvoker.invoke(InterceptingExecutableInvoker.java:86)
	at org.junit.jupiter.engine.descriptor.TestMethodTestDescriptor.lambda$invokeTestMethod$7(TestMethodTestDescriptor.java:218)
	at org.junit.platform.engine.support.hierarchical.ThrowableCollector.execute(ThrowableCollector.java:73)
	at org.junit.jupiter.engine.descriptor.TestMethodTestDescriptor.invokeTestMethod(TestMethodTestDescriptor.java:214)
	at org.junit.jupiter.engine.descriptor.TestMethodTestDescriptor.execute(TestMethodTestDescriptor.java:139)
	at org.junit.jupiter.engine.descriptor.TestMethodTestDescriptor.execute(TestMethodTestDescriptor.java:69)
	at org.junit.platform.engine.support.hierarchical.NodeTestTask.lambda$executeRecursively$6(NodeTestTask.java:151)
	at org.junit.platform.engine.support.hierarchical.ThrowableCollector.execute(ThrowableCollector.java:73)
	at org.junit.platform.engine.support.hierarchical.NodeTestTask.lambda$executeRecursively$8(NodeTestTask.java:141)
	at org.junit.platform.engine.support.hierarchical.Node.around(Node.java:137)
	at org.junit.platform.engine.support.hierarchical.NodeTestTask.lambda$executeRecursively$9(NodeTestTask.java:139)
	at org.junit.platform.engine.support.hierarchical.ThrowableCollector.execute(ThrowableCollector.java:73)
	at org.junit.platform.engine.support.hierarchical.NodeTestTask.executeRecursively(NodeTestTask.java:138)
	at org.junit.platform.engine.support.hierarchical.NodeTestTask.execute(NodeTestTask.java:95)
	at java.base/java.util.ArrayList.forEach(ArrayList.java:1597)
	at org.junit.platform.engine.support.hierarchical.SameThreadHierarchicalTestExecutorService.invokeAll(SameThreadHierarchicalTestExecutorService.java:41)
	at org.junit.platform.engine.support.hierarchical.NodeTestTask.lambda$executeRecursively$6(NodeTestTask.java:155)
	at org.junit.platform.engine.support.hierarchical.ThrowableCollector.execute(ThrowableCollector.java:73)
	at org.junit.platform.engine.support.hierarchical.NodeTestTask.lambda$executeRecursively$8(NodeTestTask.java:141)
	at org.junit.platform.engine.support.hierarchical.Node.around(Node.java:137)
	at org.junit.platform.engine.support.hierarchical.NodeTestTask.lambda$executeRecursively$9(NodeTestTask.java:139)
	at org.junit.platform.engine.support.hierarchical.ThrowableCollector.execute(ThrowableCollector.java:73)
	at org.junit.platform.engine.support.hierarchical.NodeTestTask.executeRecursively(NodeTestTask.java:138)
	at org.junit.platform.engine.support.hierarchical.NodeTestTask.execute(NodeTestTask.java:95)
	at java.base/java.util.ArrayList.forEach(ArrayList.java:1597)
	at org.junit.platform.engine.support.hierarchical.SameThreadHierarchicalTestExecutorService.invokeAll(SameThreadHierarchicalTestExecutorService.java:41)
	at org.junit.platform.engine.support.hierarchical.NodeTestTask.lambda$executeRecursively$6(NodeTestTask.java:155)
	at org.junit.platform.engine.support.hierarchical.ThrowableCollector.execute(ThrowableCollector.java:73)
	at org.junit.platform.engine.support.hierarchical.NodeTestTask.lambda$executeRecursively$8(NodeTestTask.java:141)
	at org.junit.platform.engine.support.hierarchical.Node.around(Node.java:137)
	at org.junit.platform.engine.support.hierarchical.NodeTestTask.lambda$executeRecursively$9(NodeTestTask.java:139)
	at org.junit.platform.engine.support.hierarchical.ThrowableCollector.execute(ThrowableCollector.java:73)
	at org.junit.platform.engine.support.hierarchical.NodeTestTask.executeRecursively(NodeTestTask.java:138)
	at org.junit.platform.engine.support.hierarchical.NodeTestTask.execute(NodeTestTask.java:95)
	at org.junit.platform.engine.support.hierarchical.SameThreadHierarchicalTestExecutorService.submit(SameThreadHierarchicalTestExecutorService.java:35)
	at org.junit.platform.engine.support.hierarchical.HierarchicalTestExecutor.execute(HierarchicalTestExecutor.java:57)
	at org.junit.platform.engine.support.hierarchical.HierarchicalTestEngine.execute(HierarchicalTestEngine.java:54)
	at org.junit.platform.launcher.core.EngineExecutionOrchestrator.execute(EngineExecutionOrchestrator.java:198)
	at org.junit.platform.launcher.core.EngineExecutionOrchestrator.execute(EngineExecutionOrchestrator.java:169)
	at org.junit.platform.launcher.core.EngineExecutionOrchestrator.execute(EngineExecutionOrchestrator.java:93)
	at org.junit.platform.launcher.core.EngineExecutionOrchestrator.lambda$execute$0(EngineExecutionOrchestrator.java:58)
	at org.junit.platform.launcher.core.EngineExecutionOrchestrator.withInterceptedStreams(EngineExecutionOrchestrator.java:141)
	at org.junit.platform.launcher.core.EngineExecutionOrchestrator.execute(EngineExecutionOrchestrator.java:57)
	at org.junit.platform.launcher.core.DefaultLauncher.execute(DefaultLauncher.java:103)
	at org.junit.platform.launcher.core.DefaultLauncher.execute(DefaultLauncher.java:85)
	at org.junit.platform.launcher.core.DelegatingLauncher.execute(DelegatingLauncher.java:47)
	at org.apache.maven.surefire.junitplatform.LazyLauncher.execute(LazyLauncher.java:56)
	at org.apache.maven.surefire.junitplatform.JUnitPlatformProvider.execute(JUnitPlatformProvider.java:184)
	at org.apache.maven.surefire.junitplatform.JUnitPlatformProvider.invokeAllTests(JUnitPlatformProvider.java:148)
	at org.apache.maven.surefire.junitplatform.JUnitPlatformProvider.invoke(JUnitPlatformProvider.java:122)
	at org.apache.maven.surefire.booter.ForkedBooter.runSuitesInProcess(ForkedBooter.java:385)
	at org.apache.maven.surefire.booter.ForkedBooter.execute(ForkedBooter.java:162)
	at org.apache.maven.surefire.booter.ForkedBooter.run(ForkedBooter.java:507)
	at org.apache.maven.surefire.booter.ForkedBooter.main(ForkedBooter.java:495)

[ERRO] 2026-01-09 18:51:47.129 - Erro-23
  Exceção: java.lang.RuntimeException: Erro 23
java.lang.RuntimeException: Erro 23
	at testes.ErrorLoggerTest.testeLogNaoCresceIndefinidamente(ErrorLoggerTest.java:389)
	at java.base/jdk.internal.reflect.DirectMethodHandleAccessor.invoke(DirectMethodHandleAccessor.java:103)
	at java.base/java.lang.reflect.Method.invoke(Method.java:580)
	at org.junit.platform.commons.util.ReflectionUtils.invokeMethod(ReflectionUtils.java:728)
	at org.junit.jupiter.engine.execution.MethodInvocation.proceed(MethodInvocation.java:60)
	at org.junit.jupiter.engine.execution.InvocationInterceptorChain$ValidatingInvocation.proceed(InvocationInterceptorChain.java:131)
	at org.junit.jupiter.engine.extension.TimeoutExtension.intercept(TimeoutExtension.java:156)
	at org.junit.jupiter.engine.extension.TimeoutExtension.interceptTestableMethod(TimeoutExtension.java:147)
	at org.junit.jupiter.engine.extension.TimeoutExtension.interceptTestMethod(TimeoutExtension.java:86)
	at org.junit.jupiter.engine.execution.InterceptingExecutableInvoker$ReflectiveInterceptorCall.lambda$ofVoidMethod$0(InterceptingExecutableInvoker.java:103)
	at org.junit.jupiter.engine.execution.InterceptingExecutableInvoker.lambda$invoke$0(InterceptingExecutableInvoker.java:93)
	at org.junit.jupiter.engine.execution.InvocationInterceptorChain$InterceptedInvocation.proceed(InvocationInterceptorChain.java:106)
	at org.junit.jupiter.engine.execution.InvocationInterceptorChain.proceed(InvocationInterceptorChain.java:64)
	at org.junit.jupiter.engine.execution.InvocationInterceptorChain.chainAndInvoke(InvocationInterceptorChain.java:45)
	at org.junit.jupiter.engine.execution.InvocationInterceptorChain.invoke(InvocationInterceptorChain.java:37)
	at org.junit.jupiter.engine.execution.InterceptingExecutableInvoker.invoke(InterceptingExecutableInvoker.java:92)
	at org.junit.jupiter.engine.execution.InterceptingExecutableInvoker.invoke(InterceptingExecutableInvoker.java:86)
	at org.junit.jupiter.engine.descriptor.TestMethodTestDescriptor.lambda$invokeTestMethod$7(TestMethodTestDescriptor.java:218)
	at org.junit.platform.engine.support.hierarchical.ThrowableCollector.execute(ThrowableCollector.java:73)
	at org.junit.jupiter.engine.descriptor.TestMethodTestDescriptor.invokeTestMethod(TestMethodTestDescriptor.java:214)
	at org.junit.jupiter.engine.descriptor.TestMethodTestDescriptor.execute(TestMethodTestDescriptor.java:139)
	at org.junit.jupiter.engine.descriptor.TestMethodTestDescriptor.execute(TestMethodTestDescriptor.java:69)
	at org.junit.platform.engine.support.hierarchical.NodeTestTask.lambda$executeRecursively$6(NodeTestTask.java:151)
	at org.junit.platform.engine.support.hierarchical.ThrowableCollector.execute(ThrowableCollector.java:73)
	at org.junit.platform.engine.support.hierarchical.NodeTestTask.lambda$executeRecursively$8(NodeTestTask.java:141)
	at org.junit.platform.engine.support.hierarchical.Node.around(Node.java:137)
	at org.junit.platform.engine.support.hierarchical.NodeTestTask.lambda$executeRecursively$9(NodeTestTask.java:139)
	at org.junit.platform.engine.support.hierarchical.ThrowableCollector.execute(ThrowableCollector.java:73)
	at org.junit.platform.engine.support.hierarchical.NodeTestTask.executeRecursively(NodeTestTask.java:138)
	at org.junit.platform.engine.support.hierarchical.NodeTestTask.execute(NodeTestTask.java:95)
	at java.base/java.util.ArrayList.forEach(ArrayList.java:1597)
	at org.junit.platform.engine.support.hierarchical.SameThreadHierarchicalTestExecutorService.invokeAll(SameThreadHierarchicalTestExecutorService.java:41)
	at org.junit.platform.engine.support.hierarchical.NodeTestTask.lambda$executeRecursively$6(NodeTestTask.java:155)
	at org.junit.platform.engine.support.hierarchical.ThrowableCollector.execute(ThrowableCollector.java:73)
	at org.junit.platform.engine.support.hierarchical.NodeTestTask.lambda$executeRecursively$8(NodeTestTask.java:141)
	at org.junit.platform.engine.support.hierarchical.Node.around(Node.java:137)
	at org.junit.platform.engine.support.hierarchical.NodeTestTask.lambda$executeRecursively$9(NodeTestTask.java:139)
	at org.junit.platform.engine.support.hierarchical.ThrowableCollector.execute(ThrowableCollector.java:73)
	at org.junit.platform.engine.support.hierarchical.NodeTestTask.executeRecursively(NodeTestTask.java:138)
	at org.junit.platform.engine.support.hierarchical.NodeTestTask.execute(NodeTestTask.java:95)
	at java.base/java.util.ArrayList.forEach(ArrayList.java:1597)
	at org.junit.platform.engine.support.hierarchical.SameThreadHierarchicalTestExecutorService.invokeAll(SameThreadHierarchicalTestExecutorService.java:41)
	at org.junit.platform.engine.support.hierarchical.NodeTestTask.lambda$executeRecursively$6(NodeTestTask.java:155)
	at org.junit.platform.engine.support.hierarchical.ThrowableCollector.execute(ThrowableCollector.java:73)
	at org.junit.platform.engine.support.hierarchical.NodeTestTask.lambda$executeRecursively$8(NodeTestTask.java:141)
	at org.junit.platform.engine.support.hierarchical.Node.around(Node.java:137)
	at org.junit.platform.engine.support.hierarchical.NodeTestTask.lambda$executeRecursively$9(NodeTestTask.java:139)
	at org.junit.platform.engine.support.hierarchical.ThrowableCollector.execute(ThrowableCollector.java:73)
	at org.junit.platform.engine.support.hierarchical.NodeTestTask.executeRecursively(NodeTestTask.java:138)
	at org.junit.platform.engine.support.hierarchical.NodeTestTask.execute(NodeTestTask.java:95)
	at org.junit.platform.engine.support.hierarchical.SameThreadHierarchicalTestExecutorService.submit(SameThreadHierarchicalTestExecutorService.java:35)
	at org.junit.platform.engine.support.hierarchical.HierarchicalTestExecutor.execute(HierarchicalTestExecutor.java:57)
	at org.junit.platform.engine.support.hierarchical.HierarchicalTestEngine.execute(HierarchicalTestEngine.java:54)
	at org.junit.platform.launcher.core.EngineExecutionOrchestrator.execute(EngineExecutionOrchestrator.java:198)
	at org.junit.platform.launcher.core.EngineExecutionOrchestrator.execute(EngineExecutionOrchestrator.java:169)
	at org.junit.platform.launcher.core.EngineExecutionOrchestrator.execute(EngineExecutionOrchestrator.java:93)
	at org.junit.platform.launcher.core.EngineExecutionOrchestrator.lambda$execute$0(EngineExecutionOrchestrator.java:58)
	at org.junit.platform.launcher.core.EngineExecutionOrchestrator.withInterceptedStreams(EngineExecutionOrchestrator.java:141)
	at org.junit.platform.launcher.core.EngineExecutionOrchestrator.execute(EngineExecutionOrchestrator.java:57)
	at org.junit.platform.launcher.core.DefaultLauncher.execute(DefaultLauncher.java:103)
	at org.junit.platform.launcher.core.DefaultLauncher.execute(DefaultLauncher.java:85)
	at org.junit.platform.launcher.core.DelegatingLauncher.execute(DelegatingLauncher.java:47)
	at org.apache.maven.surefire.junitplatform.LazyLauncher.execute(LazyLauncher.java:56)
	at org.apache.maven.surefire.junitplatform.JUnitPlatformProvider.execute(JUnitPlatformProvider.java:184)
	at org.apache.maven.surefire.junitplatform.JUnitPlatformProvider.invokeAllTests(JUnitPlatformProvider.java:148)
	at org.apache.maven.surefire.junitplatform.JUnitPlatformProvider.invoke(JUnitPlatformProvider.java:122)
	at org.apache.maven.surefire.booter.ForkedBooter.runSuitesInProcess(ForkedBooter.java:385)
	at org.apache.maven.surefire.booter.ForkedBooter.execute(ForkedBooter.java:162)
	at org.apache.maven.surefire.booter.ForkedBooter.run(ForkedBooter.java:507)
	at org.apache.maven.surefire.booter.ForkedBooter.main(ForkedBooter.java:495)

[ERRO] 2026-01-09 18:51:47.129 - Erro-24
  Exceção: java.lang.RuntimeException: Erro 24
java.lang.RuntimeException: Erro 24
	at testes.ErrorLoggerTest.testeLogNaoCresceIndefinidamente(ErrorLoggerTest.java:389)
	at java.base/jdk.internal.reflect.DirectMethodHandleAccessor.invoke(DirectMethodHandleAccessor.java:103)
	at java.base/java.lang.reflect.Method.invoke(Method.java:580)
	at org.junit.platform.commons.util.ReflectionUtils.invokeMethod(ReflectionUtils.java:728)
	at org.junit.jupiter.engine.execution.MethodInvocation.proceed(MethodInvocation.java:60)
	at org.junit.jupiter.engine.execution.InvocationInterceptorChain$ValidatingInvocation.proceed(InvocationInterceptorChain.java:131)
	at org.junit.jupiter.engine.extension.TimeoutExtension.intercept(TimeoutExtension.java:156)
	at org.junit.jupiter.engine.extension.TimeoutExtension.interceptTestableMethod(TimeoutExtension.java:147)
	at org.junit.jupiter.engine.extension.TimeoutExtension.interceptTestMethod(TimeoutExtension.java:86)
	at org.junit.jupiter.engine.execution.InterceptingExecutableInvoker$ReflectiveInterceptorCall.lambda$ofVoidMethod$0(InterceptingExecutableInvoker.java:103)
	at org.junit.jupiter.engine.execution.InterceptingExecutableInvoker.lambda$invoke$0(InterceptingExecutableInvoker.java:93)
	at org.junit.jupiter.engine.execution.InvocationInterceptorChain$InterceptedInvocation.proceed(InvocationInterceptorChain.java:106)
	at org.junit.jupiter.engine.execution.InvocationInterceptorChain.proceed(InvocationInterceptorChain.java:64)
	at org.junit.jupiter.engine.execution.InvocationInterceptorChain.chainAndInvoke(InvocationInterceptorChain.java:45)
	at org.junit.jupiter.engine.execution.InvocationInterceptorChain.invoke(InvocationInterceptorChain.java:37)
	at org.junit.jupiter.engine.execution.InterceptingExecutableInvoker.invoke(InterceptingExecutableInvoker.java:92)
	at org.junit.jupiter.engine.execution.InterceptingExecutableInvoker.invoke(InterceptingExecutableInvoker.java:86)
	at org.junit.jupiter.engine.descriptor.TestMethodTestDescriptor.lambda$invokeTestMethod$7(TestMethodTestDescriptor.java:218)
	at org.junit.platform.engine.support.hierarchical.ThrowableCollector.execute(ThrowableCollector.java:73)
	at org.junit.jupiter.engine.descriptor.TestMethodTestDescriptor.invokeTestMethod(TestMethodTestDescriptor.java:214)
	at org.junit.jupiter.engine.descriptor.TestMethodTestDescriptor.execute(TestMethodTestDescriptor.java:139)
	at org.junit.jupiter.engine.descriptor.TestMethodTestDescriptor.execute(TestMethodTestDescriptor.java:69)
	at org.junit.platform.engine.support.hierarchical.NodeTestTask.lambda$executeRecursively$6(NodeTestTask.java:151)
	at org.junit.platform.engine.support.hierarchical.ThrowableCollector.execute(ThrowableCollector.java:73)
	at org.junit.platform.engine.support.hierarchical.NodeTestTask.lambda$executeRecursively$8(NodeTestTask.java:141)
	at org.junit.platform.engine.support.hierarchical.Node.around(Node.java:137)
	at org.junit.platform.engine.support.hierarchical.NodeTestTask.lambda$executeRecursively$9(NodeTestTask.java:139)
	at org.junit.platform.engine.support.hierarchical.ThrowableCollector.execute(ThrowableCollector.java:73)
	at org.junit.platform.engine.support.hierarchical.NodeTestTask.executeRecursively(NodeTestTask.java:138)
	at org.junit.platform.engine.support.hierarchical.NodeTestTask.execute(NodeTestTask.java:95)
	at java.base/java.util.ArrayList.forEach(ArrayList.java:1597)
	at org.junit.platform.engine.support.hierarchical.SameThreadHierarchicalTestExecutorService.invokeAll(SameThreadHierarchicalTestExecutorService.java:41)
	at org.junit.platform.engine.support.hierarchical.NodeTestTask.lambda$executeRecursively$6(NodeTestTask.java:155)
	at org.junit.platform.engine.support.hierarchical.ThrowableCollector.execute(ThrowableCollector.java:73)
	at org.junit.platform.engine.support.hierarchical.NodeTestTask.lambda$executeRecursively$8(NodeTestTask.java:141)
	at org.junit.platform.engine.support.hierarchical.Node.around(Node.java:137)
	at org.junit.platform.engine.support.hierarchical.NodeTestTask.lambda$executeRecursively$9(NodeTestTask.java:139)
	at org.junit.platform.engine.support.hierarchical.ThrowableCollector.execute(ThrowableCollector.java:73)
	at org.junit.platform.engine.support.hierarchical.NodeTestTask.executeRecursively(NodeTestTask.java:138)
	at org.junit.platform.engine.support.hierarchical.NodeTestTask.execute(NodeTestTask.java:95)
	at java.base/java.util.ArrayList.forEach(ArrayList.java:1597)
	at org.junit.platform.engine.support.hierarchical.SameThreadHierarchicalTestExecutorService.invokeAll(SameThreadHierarchicalTestExecutorService.java:41)
	at org.junit.platform.engine.support.hierarchical.NodeTestTask.lambda$executeRecursively$6(NodeTestTask.java:155)
	at org.junit.platform.engine.support.hierarchical.ThrowableCollector.execute(ThrowableCollector.java:73)
	at org.junit.platform.engine.support.hierarchical.NodeTestTask.lambda$executeRecursively$8(NodeTestTask.java:141)
	at org.junit.platform.engine.support.hierarchical.Node.around(Node.java:137)
	at org.junit.platform.engine.support.hierarchical.NodeTestTask.lambda$executeRecursively$9(NodeTestTask.java:139)
	at org.junit.platform.engine.support.hierarchical.ThrowableCollector.execute(ThrowableCollector.java:73)
	at org.junit.platform.engine.support.hierarchical.NodeTestTask.executeRecursively(NodeTestTask.java:138)
	at org.junit.platform.engine.support.hierarchical.NodeTestTask.execute(NodeTestTask.java:95)
	at org.junit.platform.engine.support.hierarchical.SameThreadHierarchicalTestExecutorService.submit(SameThreadHierarchicalTestExecutorService.java:35)
	at org.junit.platform.engine.support.hierarchical.HierarchicalTestExecutor.execute(HierarchicalTestExecutor.java:57)
	at org.junit.platform.engine.support.hierarchical.HierarchicalTestEngine.execute(HierarchicalTestEngine.java:54)
	at org.junit.platform.launcher.core.EngineExecutionOrchestrator.execute(EngineExecutionOrchestrator.java:198)
	at org.junit.platform.launcher.core.EngineExecutionOrchestrator.execute(EngineExecutionOrchestrator.java:169)
	at org.junit.platform.launcher.core.EngineExecutionOrchestrator.execute(EngineExecutionOrchestrator.java:93)
	at org.junit.platform.launcher.core.EngineExecutionOrchestrator.lambda$execute$0(EngineExecutionOrchestrator.java:58)
	at org.junit.platform.launcher.core.EngineExecutionOrchestrator.withInterceptedStreams(EngineExecutionOrchestrator.java:141)
	at org.junit.platform.launcher.core.EngineExecutionOrchestrator.execute(EngineExecutionOrchestrator.java:57)
	at org.junit.platform.launcher.core.DefaultLauncher.execute(DefaultLauncher.java:103)
	at org.junit.platform.launcher.core.DefaultLauncher.execute(DefaultLauncher.java:85)
	at org.junit.platform.launcher.core.DelegatingLauncher.execute(DelegatingLauncher.java:47)
	at org.apache.maven.surefire.junitplatform.LazyLauncher.execute(LazyLauncher.java:56)
	at org.apache.maven.surefire.junitplatform.JUnitPlatformProvider.execute(JUnitPlatformProvider.java:184)
	at org.apache.maven.surefire.junitplatform.JUnitPlatformProvider.invokeAllTests(JUnitPlatformProvider.java:148)
	at org.apache.maven.surefire.junitplatform.JUnitPlatformProvider.invoke(JUnitPlatformProvider.java:122)
	at org.apache.maven.surefire.booter.ForkedBooter.runSuitesInProcess(ForkedBooter.java:385)
	at org.apache.maven.surefire.booter.ForkedBooter.execute(ForkedBooter.java:162)
	at org.apache.maven.surefire.booter.ForkedBooter.run(ForkedBooter.java:507)
	at org.apache.maven.surefire.booter.ForkedBooter.main(ForkedBooter.java:495)

[ERRO] 2026-01-09 18:51:47.130 - Erro-25
  Exceção: java.lang.RuntimeException: Erro 25
java.lang.RuntimeException: Erro 25
	at testes.ErrorLoggerTest.testeLogNaoCresceIndefinidamente(ErrorLoggerTest.java:389)
	at java.base/jdk.internal.reflect.DirectMethodHandleAccessor.invoke(DirectMethodHandleAccessor.java:103)
	at java.base/java.lang.reflect.Method.invoke(Method.java:580)
	at org.junit.platform.commons.util.ReflectionUtils.invokeMethod(ReflectionUtils.java:728)
	at org.junit.jupiter.engine.execution.MethodInvocation.proceed(MethodInvocation.java:60)
	at org.junit.jupiter.engine.execution.InvocationInterceptorChain$ValidatingInvocation.proceed(InvocationInterceptorChain.java:131)
	at org.junit.jupiter.engine.extension.TimeoutExtension.intercept(TimeoutExtension.java:156)
	at org.junit.jupiter.engine.extension.TimeoutExtension.interceptTestableMethod(TimeoutExtension.java:147)
	at org.junit.jupiter.engine.extension.TimeoutExtension.interceptTestMethod(TimeoutExtension.java:86)
	at org.junit.jupiter.engine.execution.InterceptingExecutableInvoker$ReflectiveInterceptorCall.lambda$ofVoidMethod$0(InterceptingExecutableInvoker.java:103)
	at org.junit.jupiter.engine.execution.InterceptingExecutableInvoker.lambda$invoke$0(InterceptingExecutableInvoker.java:93)
	at org.junit.jupiter.engine.execution.InvocationInterceptorChain$InterceptedInvocation.proceed(InvocationInterceptorChain.java:106)
	at org.junit.jupiter.engine.execution.InvocationInterceptorChain.proceed(InvocationInterceptorChain.java:64)
	at org.junit.jupiter.engine.execution.InvocationInterceptorChain.chainAndInvoke(InvocationInterceptorChain.java:45)
	at org.junit.jupiter.engine.execution.InvocationInterceptorChain.invoke(InvocationInterceptorChain.java:37)
	at org.junit.jupiter.engine.execution.InterceptingExecutableInvoker.invoke(InterceptingExecutableInvoker.java:92)
	at org.junit.jupiter.engine.execution.InterceptingExecutableInvoker.invoke(InterceptingExecutableInvoker.java:86)
	at org.junit.jupiter.engine.descriptor.TestMethodTestDescriptor.lambda$invokeTestMethod$7(TestMethodTestDescriptor.java:218)
	at org.junit.platform.engine.support.hierarchical.ThrowableCollector.execute(ThrowableCollector.java:73)
	at org.junit.jupiter.engine.descriptor.TestMethodTestDescriptor.invokeTestMethod(TestMethodTestDescriptor.java:214)
	at org.junit.jupiter.engine.descriptor.TestMethodTestDescriptor.execute(TestMethodTestDescriptor.java:139)
	at org.junit.jupiter.engine.descriptor.TestMethodTestDescriptor.execute(TestMethodTestDescriptor.java:69)
	at org.junit.platform.engine.support.hierarchical.NodeTestTask.lambda$executeRecursively$6(NodeTestTask.java:151)
	at org.junit.platform.engine.support.hierarchical.ThrowableCollector.execute(ThrowableCollector.java:73)
	at org.junit.platform.engine.support.hierarchical.NodeTestTask.lambda$executeRecursively$8(NodeTestTask.java:141)
	at org.junit.platform.engine.support.hierarchical.Node.around(Node.java:137)
	at org.junit.platform.engine.support.hierarchical.NodeTestTask.lambda$executeRecursively$9(NodeTestTask.java:139)
	at org.junit.platform.engine.support.hierarchical.ThrowableCollector.execute(ThrowableCollector.java:73)
	at org.junit.platform.engine.support.hierarchical.NodeTestTask.executeRecursively(NodeTestTask.java:138)
	at org.junit.platform.engine.support.hierarchical.NodeTestTask.execute(NodeTestTask.java:95)
	at java.base/java.util.ArrayList.forEach(ArrayList.java:1597)
	at org.junit.platform.engine.support.hierarchical.SameThreadHierarchicalTestExecutorService.invokeAll(SameThreadHierarchicalTestExecutorService.java:41)
	at org.junit.platform.engine.support.hierarchical.NodeTestTask.lambda$executeRecursively$6(NodeTestTask.java:155)
	at org.junit.platform.engine.support.hierarchical.ThrowableCollector.execute(ThrowableCollector.java:73)
	at org.junit.platform.engine.support.hierarchical.NodeTestTask.lambda$executeRecursively$8(NodeTestTask.java:141)
	at org.junit.platform.engine.support.hierarchical.Node.around(Node.java:137)
	at org.junit.platform.engine.support.hierarchical.NodeTestTask.lambda$executeRecursively$9(NodeTestTask.java:139)
	at org.junit.platform.engine.support.hierarchical.ThrowableCollector.execute(ThrowableCollector.java:73)
	at org.junit.platform.engine.support.hierarchical.NodeTestTask.executeRecursively(NodeTestTask.java:138)
	at org.junit.platform.engine.support.hierarchical.NodeTestTask.execute(NodeTestTask.java:95)
	at java.base/java.util.ArrayList.forEach(ArrayList.java:1597)
	at org.junit.platform.engine.support.hierarchical.SameThreadHierarchicalTestExecutorService.invokeAll(SameThreadHierarchicalTestExecutorService.java:41)
	at org.junit.platform.engine.support.hierarchical.NodeTestTask.lambda$executeRecursively$6(NodeTestTask.java:155)
	at org.junit.platform.engine.support.hierarchical.ThrowableCollector.execute(ThrowableCollector.java:73)
	at org.junit.platform.engine.support.hierarchical.NodeTestTask.lambda$executeRecursively$8(NodeTestTask.java:141)
	at org.junit.platform.engine.support.hierarchical.Node.around(Node.java:137)
	at org.junit.platform.engine.support.hierarchical.NodeTestTask.lambda$executeRecursively$9(NodeTestTask.java:139)
	at org.junit.platform.engine.support.hierarchical.ThrowableCollector.execute(ThrowableCollector.java:73)
	at org.junit.platform.engine.support.hierarchical.NodeTestTask.executeRecursively(NodeTestTask.java:138)
	at org.junit.platform.engine.support.hierarchical.NodeTestTask.execute(NodeTestTask.java:95)
	at org.junit.platform.engine.support.hierarchical.SameThreadHierarchicalTestExecutorService.submit(SameThreadHierarchicalTestExecutorService.java:35)
	at org.junit.platform.engine.support.hierarchical.HierarchicalTestExecutor.execute(HierarchicalTestExecutor.java:57)
	at org.junit.platform.engine.support.hierarchical.HierarchicalTestEngine.execute(HierarchicalTestEngine.java:54)
	at org.junit.platform.launcher.core.EngineExecutionOrchestrator.execute(EngineExecutionOrchestrator.java:198)
	at org.junit.platform.launcher.core.EngineExecutionOrchestrator.execute(EngineExecutionOrchestrator.java:169)
	at org.junit.platform.launcher.core.EngineExecutionOrchestrator.execute(EngineExecutionOrchestrator.java:93)
	at org.junit.platform.launcher.core.EngineExecutionOrchestrator.lambda$execute$0(EngineExecutionOrchestrator.java:58)
	at org.junit.platform.launcher.core.EngineExecutionOrchestrator.withInterceptedStreams(EngineExecutionOrchestrator.java:141)
	at org.junit.platform.launcher.core.EngineExecutionOrchestrator.execute(EngineExecutionOrchestrator.java:57)
	at org.junit.platform.launcher.core.DefaultLauncher.execute(DefaultLauncher.java:103)
	at org.junit.platform.launcher.core.DefaultLauncher.execute(DefaultLauncher.java:85)
	at org.junit.platform.launcher.core.DelegatingLauncher.execute(DelegatingLauncher.java:47)
	at org.apache.maven.surefire.junitplatform.LazyLauncher.execute(LazyLauncher.java:56)
	at org.apache.maven.surefire.junitplatform.JUnitPlatformProvider.execute(JUnitPlatformProvider.java:184)
	at org.apache.maven.surefire.junitplatform.JUnitPlatformProvider.invokeAllTests(JUnitPlatformProvider.java:148)
	at org.apache.maven.surefire.junitplatform.JUnitPlatformProvider.invoke(JUnitPlatformProvider.java:122)
	at org.apache.maven.surefire.booter.ForkedBooter.runSuitesInProcess(ForkedBooter.java:385)
	at org.apache.maven.surefire.booter.ForkedBooter.execute(ForkedBooter.java:162)
	at org.apache.maven.surefire.booter.ForkedBooter.run(ForkedBooter.java:507)
	at org.apache.maven.surefire.booter.ForkedBooter.main(ForkedBooter.java:495)

[ERRO] 2026-01-09 18:51:47.130 - Erro-26
  Exceção: java.lang.RuntimeException: Erro 26
java.lang.RuntimeException: Erro 26
	at testes.ErrorLoggerTest.testeLogNaoCresceIndefinidamente(ErrorLoggerTest.java:389)
	at java.base/jdk.internal.reflect.DirectMethodHandleAccessor.invoke(DirectMethodHandleAccessor.java:103)
	at java.base/java.lang.reflect.Method.invoke(Method.java:580)
	at org.junit.platform.commons.util.ReflectionUtils.invokeMethod(ReflectionUtils.java:728)
	at org.junit.jupiter.engine.execution.MethodInvocation.proceed(MethodInvocation.java:60)
	at org.junit.jupiter.engine.execution.InvocationInterceptorChain$ValidatingInvocation.proceed(InvocationInterceptorChain.java:131)
	at org.junit.jupiter.engine.extension.TimeoutExtension.intercept(TimeoutExtension.java:156)
	at org.junit.jupiter.engine.extension.TimeoutExtension.interceptTestableMethod(TimeoutExtension.java:147)
	at org.junit.jupiter.engine.extension.TimeoutExtension.interceptTestMethod(TimeoutExtension.java:86)
	at org.junit.jupiter.engine.execution.InterceptingExecutableInvoker$ReflectiveInterceptorCall.lambda$ofVoidMethod$0(InterceptingExecutableInvoker.java:103)
	at org.junit.jupiter.engine.execution.InterceptingExecutableInvoker.lambda$invoke$0(InterceptingExecutableInvoker.java:93)
	at org.junit.jupiter.engine.execution.InvocationInterceptorChain$InterceptedInvocation.proceed(InvocationInterceptorChain.java:106)
	at org.junit.jupiter.engine.execution.InvocationInterceptorChain.proceed(InvocationInterceptorChain.java:64)
	at org.junit.jupiter.engine.execution.InvocationInterceptorChain.chainAndInvoke(InvocationInterceptorChain.java:45)
	at org.junit.jupiter.engine.execution.InvocationInterceptorChain.invoke(InvocationInterceptorChain.java:37)
	at org.junit.jupiter.engine.execution.InterceptingExecutableInvoker.invoke(InterceptingExecutableInvoker.java:92)
	at org.junit.jupiter.engine.execution.InterceptingExecutableInvoker.invoke(InterceptingExecutableInvoker.java:86)
	at org.junit.jupiter.engine.descriptor.TestMethodTestDescriptor.lambda$invokeTestMethod$7(TestMethodTestDescriptor.java:218)
	at org.junit.platform.engine.support.hierarchical.ThrowableCollector.execute(ThrowableCollector.java:73)
	at org.junit.jupiter.engine.descriptor.TestMethodTestDescriptor.invokeTestMethod(TestMethodTestDescriptor.java:214)
	at org.junit.jupiter.engine.descriptor.TestMethodTestDescriptor.execute(TestMethodTestDescriptor.java:139)
	at org.junit.jupiter.engine.descriptor.TestMethodTestDescriptor.execute(TestMethodTestDescriptor.java:69)
	at org.junit.platform.engine.support.hierarchical.NodeTestTask.lambda$executeRecursively$6(NodeTestTask.java:151)
	at org.junit.platform.engine.support.hierarchical.ThrowableCollector.execute(ThrowableCollector.java:73)
	at org.junit.platform.engine.support.hierarchical.NodeTestTask.lambda$executeRecursively$8(NodeTestTask.java:141)
	at org.junit.platform.engine.support.hierarchical.Node.around(Node.java:137)
	at org.junit.platform.engine.support.hierarchical.NodeTestTask.lambda$executeRecursively$9(NodeTestTask.java:139)
	at org.junit.platform.engine.support.hierarchical.ThrowableCollector.execute(ThrowableCollector.java:73)
	at org.junit.platform.engine.support.hierarchical.NodeTestTask.executeRecursively(NodeTestTask.java:138)
	at org.junit.platform.engine.support.hierarchical.NodeTestTask.execute(NodeTestTask.java:95)
	at java.base/java.util.ArrayList.forEach(ArrayList.java:1597)
	at org.junit.platform.engine.support.hierarchical.SameThreadHierarchicalTestExecutorService.invokeAll(SameThreadHierarchicalTestExecutorService.java:41)
	at org.junit.platform.engine.support.hierarchical.NodeTestTask.lambda$executeRecursively$6(NodeTestTask.java:155)
	at org.junit.platform.engine.support.hierarchical.ThrowableCollector.execute(ThrowableCollector.java:73)
	at org.junit.platform.engine.support.hierarchical.NodeTestTask.lambda$executeRecursively$8(NodeTestTask.java:141)
	at org.junit.platform.engine.support.hierarchical.Node.around(Node.java:137)
	at org.junit.platform.engine.support.hierarchical.NodeTestTask.lambda$executeRecursively$9(NodeTestTask.java:139)
	at org.junit.platform.engine.support.hierarchical.ThrowableCollector.execute(ThrowableCollector.java:73)
	at org.junit.platform.engine.support.hierarchical.NodeTestTask.executeRecursively(NodeTestTask.java:138)
	at org.junit.platform.engine.support.hierarchical.NodeTestTask.execute(NodeTestTask.java:95)
	at java.base/java.util.ArrayList.forEach(ArrayList.java:1597)
	at org.junit.platform.engine.support.hierarchical.SameThreadHierarchicalTestExecutorService.invokeAll(SameThreadHierarchicalTestExecutorService.java:41)
	at org.junit.platform.engine.support.hierarchical.NodeTestTask.lambda$executeRecursively$6(NodeTestTask.java:155)
	at org.junit.platform.engine.support.hierarchical.ThrowableCollector.execute(ThrowableCollector.java:73)
	at org.junit.platform.engine.support.hierarchical.NodeTestTask.lambda$executeRecursively$8(NodeTestTask.java:141)
	at org.junit.platform.engine.support.hierarchical.Node.around(Node.java:137)
	at org.junit.platform.engine.support.hierarchical.NodeTestTask.lambda$executeRecursively$9(NodeTestTask.java:139)
	at org.junit.platform.engine.support.hierarchical.ThrowableCollector.execute(ThrowableCollector.java:73)
	at org.junit.platform.engine.support.hierarchical.NodeTestTask.executeRecursively(NodeTestTask.java:138)
	at org.junit.platform.engine.support.hierarchical.NodeTestTask.execute(NodeTestTask.java:95)
	at org.junit.platform.engine.support.hierarchical.SameThreadHierarchicalTestExecutorService.submit(SameThreadHierarchicalTestExecutorService.java:35)
	at org.junit.platform.engine.support.hierarchical.HierarchicalTestExecutor.execute(HierarchicalTestExecutor.java:57)
	at org.junit.platform.engine.support.hierarchical.HierarchicalTestEngine.execute(HierarchicalTestEngine.java:54)
	at org.junit.platform.launcher.core.EngineExecutionOrchestrator.execute(EngineExecutionOrchestrator.java:198)
	at org.junit.platform.launcher.core.EngineExecutionOrchestrator.execute(EngineExecutionOrchestrator.java:169)
	at org.junit.platform.launcher.core.EngineExecutionOrchestrator.execute(EngineExecutionOrchestrator.java:93)
	at org.junit.platform.launcher.core.EngineExecutionOrchestrator.lambda$execute$0(EngineExecutionOrchestrator.java:58)
	at org.junit.platform.launcher.core.EngineExecutionOrchestrator.withInterceptedStreams(EngineExecutionOrchestrator.java:141)
	at org.junit.platform.launcher.core.EngineExecutionOrchestrator.execute(EngineExecutionOrchestrator.java:57)
	at org.junit.platform.launcher.core.DefaultLauncher.execute(DefaultLauncher.java:103)
	at org.junit.platform.launcher.core.DefaultLauncher.execute(DefaultLauncher.java:85)
	at org.junit.platform.launcher.core.DelegatingLauncher.execute(DelegatingLauncher.java:47)
	at org.apache.maven.surefire.junitplatform.LazyLauncher.execute(LazyLauncher.java:56)
	at org.apache.maven.surefire.junitplatform.JUnitPlatformProvider.execute(JUnitPlatformProvider.java:184)
	at org.apache.maven.surefire.junitplatform.JUnitPlatformProvider.invokeAllTests(JUnitPlatformProvider.java:148)
	at org.apache.maven.surefire.junitplatform.JUnitPlatformProvider.invoke(JUnitPlatformProvider.java:122)
	at org.apache.maven.surefire.booter.ForkedBooter.runSuitesInProcess(ForkedBooter.java:385)
	at org.apache.maven.surefire.booter.ForkedBooter.execute(ForkedBooter.java:162)
	at org.apache.maven.surefire.booter.ForkedBooter.run(ForkedBooter.java:507)
	at org.apache.maven.surefire.booter.ForkedBooter.main(ForkedBooter.java:495)

[ERRO] 2026-01-09 18:51:47.130 - Erro-27
  Exceção: java.lang.RuntimeException: Erro 27
java.lang.RuntimeException: Erro 27
	at testes.ErrorLoggerTest.testeLogNaoCresceIndefinidamente(ErrorLoggerTest.java:389)
	at java.base/jdk.internal.reflect.DirectMethodHandleAccessor.invoke(DirectMethodHandleAccessor.java:103)
	at java.base/java.lang.reflect.Method.invoke(Method.java:580)
	at org.junit.platform.commons.util.ReflectionUtils.invokeMethod(ReflectionUtils.java:728)
	at org.junit.jupiter.engine.execution.MethodInvocation.proceed(MethodInvocation.java:60)
	at org.junit.jupiter.engine.execution.InvocationInterceptorChain$ValidatingInvocation.proceed(InvocationInterceptorChain.java:131)
	at org.junit.jupiter.engine.extension.TimeoutExtension.intercept(TimeoutExtension.java:156)
	at org.junit.jupiter.engine.extension.TimeoutExtension.interceptTestableMethod(TimeoutExtension.java:147)
	at org.junit.jupiter.engine.extension.TimeoutExtension.interceptTestMethod(TimeoutExtension.java:86)
	at org.junit.jupiter.engine.execution.InterceptingExecutableInvoker$ReflectiveInterceptorCall.lambda$ofVoidMethod$0(InterceptingExecutableInvoker.java:103)
	at org.junit.jupiter.engine.execution.InterceptingExecutableInvoker.lambda$invoke$0(InterceptingExecutableInvoker.java:93)
	at org.junit.jupiter.engine.execution.InvocationInterceptorChain$InterceptedInvocation.proceed(InvocationInterceptorChain.java:106)
	at org.junit.jupiter.engine.execution.InvocationInterceptorChain.proceed(InvocationInterceptorChain.java:64)
	at org.junit.jupiter.engine.execution.InvocationInterceptorChain.chainAndInvoke(InvocationInterceptorChain.java:45)
	at org.junit.jupiter.engine.execution.InvocationInterceptorChain.invoke(InvocationInterceptorChain.java:37)
	at org.junit.jupiter.engine.execution.InterceptingExecutableInvoker.invoke(InterceptingExecutableInvoker.java:92)
	at org.junit.jupiter.engine.execution.InterceptingExecutableInvoker.invoke(InterceptingExecutableInvoker.java:86)
	at org.junit.jupiter.engine.descriptor.TestMethodTestDescriptor.lambda$invokeTestMethod$7(TestMethodTestDescriptor.java:218)
	at org.junit.platform.engine.support.hierarchical.ThrowableCollector.execute(ThrowableCollector.java:73)
	at org.junit.jupiter.engine.descriptor.TestMethodTestDescriptor.invokeTestMethod(TestMethodTestDescriptor.java:214)
	at org.junit.jupiter.engine.descriptor.TestMethodTestDescriptor.execute(TestMethodTestDescriptor.java:139)
	at org.junit.jupiter.engine.descriptor.TestMethodTestDescriptor.execute(TestMethodTestDescriptor.java:69)
	at org.junit.platform.engine.support.hierarchical.NodeTestTask.lambda$executeRecursively$6(NodeTestTask.java:151)
	at org.junit.platform.engine.support.hierarchical.ThrowableCollector.execute(ThrowableCollector.java:73)
	at org.junit.platform.engine.support.hierarchical.NodeTestTask.lambda$executeRecursively$8(NodeTestTask.java:141)
	at org.junit.platform.engine.support.hierarchical.Node.around(Node.java:137)
	at org.junit.platform.engine.support.hierarchical.NodeTestTask.lambda$executeRecursively$9(NodeTestTask.java:139)
	at org.junit.platform.engine.support.hierarchical.ThrowableCollector.execute(ThrowableCollector.java:73)
	at org.junit.platform.engine.support.hierarchical.NodeTestTask.executeRecursively(NodeTestTask.java:138)
	at org.junit.platform.engine.support.hierarchical.NodeTestTask.execute(NodeTestTask.java:95)
	at java.base/java.util.ArrayList.forEach(ArrayList.java:1597)
	at org.junit.platform.engine.support.hierarchical.SameThreadHierarchicalTestExecutorService.invokeAll(SameThreadHierarchicalTestExecutorService.java:41)
	at org.junit.platform.engine.support.hierarchical.NodeTestTask.lambda$executeRecursively$6(NodeTestTask.java:155)
	at org.junit.platform.engine.support.hierarchical.ThrowableCollector.execute(ThrowableCollector.java:73)
	at org.junit.platform.engine.support.hierarchical.NodeTestTask.lambda$executeRecursively$8(NodeTestTask.java:141)
	at org.junit.platform.engine.support.hierarchical.Node.around(Node.java:137)
	at org.junit.platform.engine.support.hierarchical.NodeTestTask.lambda$executeRecursively$9(NodeTestTask.java:139)
	at org.junit.platform.engine.support.hierarchical.ThrowableCollector.execute(ThrowableCollector.java:73)
	at org.junit.platform.engine.support.hierarchical.NodeTestTask.executeRecursively(NodeTestTask.java:138)
	at org.junit.platform.engine.support.hierarchical.NodeTestTask.execute(NodeTestTask.java:95)
	at java.base/java.util.ArrayList.forEach(ArrayList.java:1597)
	at org.junit.platform.engine.support.hierarchical.SameThreadHierarchicalTestExecutorService.invokeAll(SameThreadHierarchicalTestExecutorService.java:41)
	at org.junit.platform.engine.support.hierarchical.NodeTestTask.lambda$executeRecursively$6(NodeTestTask.java:155)
	at org.junit.platform.engine.support.hierarchical.ThrowableCollector.execute(ThrowableCollector.java:73)
	at org.junit.platform.engine.support.hierarchical.NodeTestTask.lambda$executeRecursively$8(NodeTestTask.java:141)
	at org.junit.platform.engine.support.hierarchical.Node.around(Node.java:137)
	at org.junit.platform.engine.support.hierarchical.NodeTestTask.lambda$executeRecursively$9(NodeTestTask.java:139)
	at org.junit.platform.engine.support.hierarchical.ThrowableCollector.execute(ThrowableCollector.java:73)
	at org.junit.platform.engine.support.hierarchical.NodeTestTask.executeRecursively(NodeTestTask.java:138)
	at org.junit.platform.engine.support.hierarchical.NodeTestTask.execute(NodeTestTask.java:95)
	at org.junit.platform.engine.support.hierarchical.SameThreadHierarchicalTestExecutorService.submit(SameThreadHierarchicalTestExecutorService.java:35)
	at org.junit.platform.engine.support.hierarchical.HierarchicalTestExecutor.execute(HierarchicalTestExecutor.java:57)
	at org.junit.platform.engine.support.hierarchical.HierarchicalTestEngine.execute(HierarchicalTestEngine.java:54)
	at org.junit.platform.launcher.core.EngineExecutionOrchestrator.execute(EngineExecutionOrchestrator.java:198)
	at org.junit.platform.launcher.core.EngineExecutionOrchestrator.execute(EngineExecutionOrchestrator.java:169)
	at org.junit.platform.launcher.core.EngineExecutionOrchestrator.execute(EngineExecutionOrchestrator.java:93)
	at org.junit.platform.launcher.core.EngineExecutionOrchestrator.lambda$execute$0(EngineExecutionOrchestrator.java:58)
	at org.junit.platform.launcher.core.EngineExecutionOrchestrator.withInterceptedStreams(EngineExecutionOrchestrator.java:141)
	at org.junit.platform.launcher.core.EngineExecutionOrchestrator.execute(EngineExecutionOrchestrator.java:57)
	at org.junit.platform.launcher.core.DefaultLauncher.execute(DefaultLauncher.java:103)
	at org.junit.platform.launcher.core.DefaultLauncher.execute(DefaultLauncher.java:85)
	at org.junit.platform.launcher.core.DelegatingLauncher.execute(DelegatingLauncher.java:47)
	at org.apache.maven.surefire.junitplatform.LazyLauncher.execute(LazyLauncher.java:56)
	at org.apache.maven.surefire.junitplatform.JUnitPlatformProvider.execute(JUnitPlatformProvider.java:184)
	at org.apache.maven.surefire.junitplatform.JUnitPlatformProvider.invokeAllTests(JUnitPlatformProvider.java:148)
	at org.apache.maven.surefire.junitplatform.JUnitPlatformProvider.invoke(JUnitPlatformProvider.java:122)
	at org.apache.maven.surefire.booter.ForkedBooter.runSuitesInProcess(ForkedBooter.java:385)
	at org.apache.maven.surefire.booter.ForkedBooter.execute(ForkedBooter.java:162)
	at org.apache.maven.surefire.booter.ForkedBooter.run(ForkedBooter.java:507)
	at org.apache.maven.surefire.booter.ForkedBooter.main(ForkedBooter.java:495)

[ERRO] 2026-01-09 18:51:47.131 - Erro-28
  Exceção: java.lang.RuntimeException: Erro 28
java.lang.RuntimeException: Erro 28
	at testes.ErrorLoggerTest.testeLogNaoCresceIndefinidamente(ErrorLoggerTest.java:389)
	at java.base/jdk.internal.reflect.DirectMethodHandleAccessor.invoke(DirectMethodHandleAccessor.java:103)
	at java.base/java.lang.reflect.Method.invoke(Method.java:580)
	at org.junit.platform.commons.util.ReflectionUtils.invokeMethod(ReflectionUtils.java:728)
	at org.junit.jupiter.engine.execution.MethodInvocation.proceed(MethodInvocation.java:60)
	at org.junit.jupiter.engine.execution.InvocationInterceptorChain$ValidatingInvocation.proceed(InvocationInterceptorChain.java:131)
	at org.junit.jupiter.engine.extension.TimeoutExtension.intercept(TimeoutExtension.java:156)
	at org.junit.jupiter.engine.extension.TimeoutExtension.interceptTestableMethod(TimeoutExtension.java:147)
	at org.junit.jupiter.engine.extension.TimeoutExtension.interceptTestMethod(TimeoutExtension.java:86)
	at org.junit.jupiter.engine.execution.InterceptingExecutableInvoker$ReflectiveInterceptorCall.lambda$ofVoidMethod$0(InterceptingExecutableInvoker.java:103)
	at org.junit.jupiter.engine.execution.InterceptingExecutableInvoker.lambda$invoke$0(InterceptingExecutableInvoker.java:93)
	at org.junit.jupiter.engine.execution.InvocationInterceptorChain$InterceptedInvocation.proceed(InvocationInterceptorChain.java:106)
	at org.junit.jupiter.engine.execution.InvocationInterceptorChain.proceed(InvocationInterceptorChain.java:64)
	at org.junit.jupiter.engine.execution.InvocationInterceptorChain.chainAndInvoke(InvocationInterceptorChain.java:45)
	at org.junit.jupiter.engine.execution.InvocationInterceptorChain.invoke(InvocationInterceptorChain.java:37)
	at org.junit.jupiter.engine.execution.InterceptingExecutableInvoker.invoke(InterceptingExecutableInvoker.java:92)
	at org.junit.jupiter.engine.execution.InterceptingExecutableInvoker.invoke(InterceptingExecutableInvoker.java:86)
	at org.junit.jupiter.engine.descriptor.TestMethodTestDescriptor.lambda$invokeTestMethod$7(TestMethodTestDescriptor.java:218)
	at org.junit.platform.engine.support.hierarchical.ThrowableCollector.execute(ThrowableCollector.java:73)
	at org.junit.jupiter.engine.descriptor.TestMethodTestDescriptor.invokeTestMethod(TestMethodTestDescriptor.java:214)
	at org.junit.jupiter.engine.descriptor.TestMethodTestDescriptor.execute(TestMethodTestDescriptor.java:139)
	at org.junit.jupiter.engine.descriptor.TestMethodTestDescriptor.execute(TestMethodTestDescriptor.java:69)
	at org.junit.platform.engine.support.hierarchical.NodeTestTask.lambda$executeRecursively$6(NodeTestTask.java:151)
	at org.junit.platform.engine.support.hierarchical.ThrowableCollector.execute(ThrowableCollector.java:73)
	at org.junit.platform.engine.support.hierarchical.NodeTestTask.lambda$executeRecursively$8(NodeTestTask.java:141)
	at org.junit.platform.engine.support.hierarchical.Node.around(Node.java:137)
	at org.junit.platform.engine.support.hierarchical.NodeTestTask.lambda$executeRecursively$9(NodeTestTask.java:139)
	at org.junit.platform.engine.support.hierarchical.ThrowableCollector.execute(ThrowableCollector.java:73)
	at org.junit.platform.engine.support.hierarchical.NodeTestTask.executeRecursively(NodeTestTask.java:138)
	at org.junit.platform.engine.support.hierarchical.NodeTestTask.execute(NodeTestTask.java:95)
	at java.base/java.util.ArrayList.forEach(ArrayList.java:1597)
	at org.junit.platform.engine.support.hierarchical.SameThreadHierarchicalTestExecutorService.invokeAll(SameThreadHierarchicalTestExecutorService.java:41)
	at org.junit.platform.engine.support.hierarchical.NodeTestTask.lambda$executeRecursively$6(NodeTestTask.java:155)
	at org.junit.platform.engine.support.hierarchical.ThrowableCollector.execute(ThrowableCollector.java:73)
	at org.junit.platform.engine.support.hierarchical.NodeTestTask.lambda$executeRecursively$8(NodeTestTask.java:141)
	at org.junit.platform.engine.support.hierarchical.Node.around(Node.java:137)
	at org.junit.platform.engine.support.hierarchical.NodeTestTask.lambda$executeRecursively$9(NodeTestTask.java:139)
	at org.junit.platform.engine.support.hierarchical.ThrowableCollector.execute(ThrowableCollector.java:73)
	at org.junit.platform.engine.support.hierarchical.NodeTestTask.executeRecursively(NodeTestTask.java:138)
	at org.junit.platform.engine.support.hierarchical.NodeTestTask.execute(NodeTestTask.java:95)
	at java.base/java.util.ArrayList.forEach(ArrayList.java:1597)
	at org.junit.platform.engine.support.hierarchical.SameThreadHierarchicalTestExecutorService.invokeAll(SameThreadHierarchicalTestExecutorService.java:41)
	at org.junit.platform.engine.support.hierarchical.NodeTestTask.lambda$executeRecursively$6(NodeTestTask.java:155)
	at org.junit.platform.engine.support.hierarchical.ThrowableCollector.execute(ThrowableCollector.java:73)
	at org.junit.platform.engine.support.hierarchical.NodeTestTask.lambda$executeRecursively$8(NodeTestTask.java:141)
	at org.junit.platform.engine.support.hierarchical.Node.around(Node.java:137)
	at org.junit.platform.engine.support.hierarchical.NodeTestTask.lambda$executeRecursively$9(NodeTestTask.java:139)
	at org.junit.platform.engine.support.hierarchical.ThrowableCollector.execute(ThrowableCollector.java:73)
	at org.junit.platform.engine.support.hierarchical.NodeTestTask.executeRecursively(NodeTestTask.java:138)
	at org.junit.platform.engine.support.hierarchical.NodeTestTask.execute(NodeTestTask.java:95)
	at org.junit.platform.engine.support.hierarchical.SameThreadHierarchicalTestExecutorService.submit(SameThreadHierarchicalTestExecutorService.java:35)
	at org.junit.platform.engine.support.hierarchical.HierarchicalTestExecutor.execute(HierarchicalTestExecutor.java:57)
	at org.junit.platform.engine.support.hierarchical.HierarchicalTestEngine.execute(HierarchicalTestEngine.java:54)
	at org.junit.platform.launcher.core.EngineExecutionOrchestrator.execute(EngineExecutionOrchestrator.java:198)
	at org.junit.platform.launcher.core.EngineExecutionOrchestrator.execute(EngineExecutionOrchestrator.java:169)
	at org.junit.platform.launcher.core.EngineExecutionOrchestrator.execute(EngineExecutionOrchestrator.java:93)
	at org.junit.platform.launcher.core.EngineExecutionOrchestrator.lambda$execute$0(EngineExecutionOrchestrator.java:58)
	at org.junit.platform.launcher.core.EngineExecutionOrchestrator.withInterceptedStreams(EngineExecutionOrchestrator.java:141)
	at org.junit.platform.launcher.core.EngineExecutionOrchestrator.execute(EngineExecutionOrchestrator.java:57)
	at org.junit.platform.launcher.core.DefaultLauncher.execute(DefaultLauncher.java:103)
	at org.junit.platform.launcher.core.DefaultLauncher.execute(DefaultLauncher.java:85)
	at org.junit.platform.launcher.core.DelegatingLauncher.execute(DelegatingLauncher.java:47)
	at org.apache.maven.surefire.junitplatform.LazyLauncher.execute(LazyLauncher.java:56)
	at org.apache.maven.surefire.junitplatform.JUnitPlatformProvider.execute(JUnitPlatformProvider.java:184)
	at org.apache.maven.surefire.junitplatform.JUnitPlatformProvider.invokeAllTests(JUnitPlatformProvider.java:148)
	at org.apache.maven.surefire.junitplatform.JUnitPlatformProvider.invoke(JUnitPlatformProvider.java:122)
	at org.apache.maven.surefire.booter.ForkedBooter.runSuitesInProcess(ForkedBooter.java:385)
	at org.apache.maven.surefire.booter.ForkedBooter.execute(ForkedBooter.java:162)
	at org.apache.maven.surefire.booter.ForkedBooter.run(ForkedBooter.java:507)
	at org.apache.maven.surefire.booter.ForkedBooter.main(ForkedBooter.java:495)

[ERRO] 2026-01-09 18:51:47.131 - Erro-29
  Exceção: java.lang.RuntimeException: Erro 29
java.lang.RuntimeException: Erro 29
	at testes.ErrorLoggerTest.testeLogNaoCresceIndefinidamente(ErrorLoggerTest.java:389)
	at java.base/jdk.internal.reflect.DirectMethodHandleAccessor.invoke(DirectMethodHandleAccessor.java:103)
	at java.base/java.lang.reflect.Method.invoke(Method.java:580)
	at org.junit.platform.commons.util.ReflectionUtils.invokeMethod(ReflectionUtils.java:728)
	at org.junit.jupiter.engine.execution.MethodInvocation.proceed(MethodInvocation.java:60)
	at org.junit.jupiter.engine.execution.InvocationInterceptorChain$ValidatingInvocation.proceed(InvocationInterceptorChain.java:131)
	at org.junit.jupiter.engine.extension.TimeoutExtension.intercept(TimeoutExtension.java:156)
	at org.junit.jupiter.engine.extension.TimeoutExtension.interceptTestableMethod(TimeoutExtension.java:147)
	at org.junit.jupiter.engine.extension.TimeoutExtension.interceptTestMethod(TimeoutExtension.java:86)
	at org.junit.jupiter.engine.execution.InterceptingExecutableInvoker$ReflectiveInterceptorCall.lambda$ofVoidMethod$0(InterceptingExecutableInvoker.java:103)
	at org.junit.jupiter.engine.execution.InterceptingExecutableInvoker.lambda$invoke$0(InterceptingExecutableInvoker.java:93)
	at org.junit.jupiter.engine.execution.InvocationInterceptorChain$InterceptedInvocation.proceed(InvocationInterceptorChain.java:106)
	at org.junit.jupiter.engine.execution.InvocationInterceptorChain.proceed(InvocationInterceptorChain.java:64)
	at org.junit.jupiter.engine.execution.InvocationInterceptorChain.chainAndInvoke(InvocationInterceptorChain.java:45)
	at org.junit.jupiter.engine.execution.InvocationInterceptorChain.invoke(InvocationInterceptorChain.java:37)
	at org.junit.jupiter.engine.execution.InterceptingExecutableInvoker.invoke(InterceptingExecutableInvoker.java:92)
	at org.junit.jupiter.engine.execution.InterceptingExecutableInvoker.invoke(InterceptingExecutableInvoker.java:86)
	at org.junit.jupiter.engine.descriptor.TestMethodTestDescriptor.lambda$invokeTestMethod$7(TestMethodTestDescriptor.java:218)
	at org.junit.platform.engine.support.hierarchical.ThrowableCollector.execute(ThrowableCollector.java:73)
	at org.junit.jupiter.engine.descriptor.TestMethodTestDescriptor.invokeTestMethod(TestMethodTestDescriptor.java:214)
	at org.junit.jupiter.engine.descriptor.TestMethodTestDescriptor.execute(TestMethodTestDescriptor.java:139)
	at org.junit.jupiter.engine.descriptor.TestMethodTestDescriptor.execute(TestMethodTestDescriptor.java:69)
	at org.junit.platform.engine.support.hierarchical.NodeTestTask.lambda$executeRecursively$6(NodeTestTask.java:151)
	at org.junit.platform.engine.support.hierarchical.ThrowableCollector.execute(ThrowableCollector.java:73)
	at org.junit.platform.engine.support.hierarchical.NodeTestTask.lambda$executeRecursively$8(NodeTestTask.java:141)
	at org.junit.platform.engine.support.hierarchical.Node.around(Node.java:137)
	at org.junit.platform.engine.support.hierarchical.NodeTestTask.lambda$executeRecursively$9(NodeTestTask.java:139)
	at org.junit.platform.engine.support.hierarchical.ThrowableCollector.execute(ThrowableCollector.java:73)
	at org.junit.platform.engine.support.hierarchical.NodeTestTask.executeRecursively(NodeTestTask.java:138)
	at org.junit.platform.engine.support.hierarchical.NodeTestTask.execute(NodeTestTask.java:95)
	at java.base/java.util.ArrayList.forEach(ArrayList.java:1597)
	at org.junit.platform.engine.support.hierarchical.SameThreadHierarchicalTestExecutorService.invokeAll(SameThreadHierarchicalTestExecutorService.java:41)
	at org.junit.platform.engine.support.hierarchical.NodeTestTask.lambda$executeRecursively$6(NodeTestTask.java:155)
	at org.junit.platform.engine.support.hierarchical.ThrowableCollector.execute(ThrowableCollector.java:73)
	at org.junit.platform.engine.support.hierarchical.NodeTestTask.lambda$executeRecursively$8(NodeTestTask.java:141)
	at org.junit.platform.engine.support.hierarchical.Node.around(Node.java:137)
	at org.junit.platform.engine.support.hierarchical.NodeTestTask.lambda$executeRecursively$9(NodeTestTask.java:139)
	at org.junit.platform.engine.support.hierarchical.ThrowableCollector.execute(ThrowableCollector.java:73)
	at org.junit.platform.engine.support.hierarchical.NodeTestTask.executeRecursively(NodeTestTask.java:138)
	at org.junit.platform.engine.support.hierarchical.NodeTestTask.execute(NodeTestTask.java:95)
	at java.base/java.util.ArrayList.forEach(ArrayList.java:1597)
	at org.junit.platform.engine.support.hierarchical.SameThreadHierarchicalTestExecutorService.invokeAll(SameThreadHierarchicalTestExecutorService.java:41)
	at org.junit.platform.engine.support.hierarchical.NodeTestTask.lambda$executeRecursively$6(NodeTestTask.java:155)
	at org.junit.platform.engine.support.hierarchical.ThrowableCollector.execute(ThrowableCollector.java:73)
	at org.junit.platform.engine.support.hierarchical.NodeTestTask.lambda$executeRecursively$8(NodeTestTask.java:141)
	at org.junit.platform.engine.support.hierarchical.Node.around(Node.java:137)
	at org.junit.platform.engine.support.hierarchical.NodeTestTask.lambda$executeRecursively$9(NodeTestTask.java:139)
	at org.junit.platform.engine.support.hierarchical.ThrowableCollector.execute(ThrowableCollector.java:73)
	at org.junit.platform.engine.support.hierarchical.NodeTestTask.executeRecursively(NodeTestTask.java:138)
	at org.junit.platform.engine.support.hierarchical.NodeTestTask.execute(NodeTestTask.java:95)
	at org.junit.platform.engine.support.hierarchical.SameThreadHierarchicalTestExecutorService.submit(SameThreadHierarchicalTestExecutorService.java:35)
	at org.junit.platform.engine.support.hierarchical.HierarchicalTestExecutor.execute(HierarchicalTestExecutor.java:57)
	at org.junit.platform.engine.support.hierarchical.HierarchicalTestEngine.execute(HierarchicalTestEngine.java:54)
	at org.junit.platform.launcher.core.EngineExecutionOrchestrator.execute(EngineExecutionOrchestrator.java:198)
	at org.junit.platform.launcher.core.EngineExecutionOrchestrator.execute(EngineExecutionOrchestrator.java:169)
	at org.junit.platform.launcher.core.EngineExecutionOrchestrator.execute(EngineExecutionOrchestrator.java:93)
	at org.junit.platform.launcher.core.EngineExecutionOrchestrator.lambda$execute$0(EngineExecutionOrchestrator.java:58)
	at org.junit.platform.launcher.core.EngineExecutionOrchestrator.withInterceptedStreams(EngineExecutionOrchestrator.java:141)
	at org.junit.platform.launcher.core.EngineExecutionOrchestrator.execute(EngineExecutionOrchestrator.java:57)
	at org.junit.platform.launcher.core.DefaultLauncher.execute(DefaultLauncher.java:103)
	at org.junit.platform.launcher.core.DefaultLauncher.execute(DefaultLauncher.java:85)
	at org.junit.platform.launcher.core.DelegatingLauncher.execute(DelegatingLauncher.java:47)
	at org.apache.maven.surefire.junitplatform.LazyLauncher.execute(LazyLauncher.java:56)
	at org.apache.maven.surefire.junitplatform.JUnitPlatformProvider.execute(JUnitPlatformProvider.java:184)
	at org.apache.maven.surefire.junitplatform.JUnitPlatformProvider.invokeAllTests(JUnitPlatformProvider.java:148)
	at org.apache.maven.surefire.junitplatform.JUnitPlatformProvider.invoke(JUnitPlatformProvider.java:122)
	at org.apache.maven.surefire.booter.ForkedBooter.runSuitesInProcess(ForkedBooter.java:385)
	at org.apache.maven.surefire.booter.ForkedBooter.execute(ForkedBooter.java:162)
	at org.apache.maven.surefire.booter.ForkedBooter.run(ForkedBooter.java:507)
	at org.apache.maven.surefire.booter.ForkedBooter.main(ForkedBooter.java:495)

[ERRO] 2026-01-09 18:51:47.132 - Erro-30
  Exceção: java.lang.RuntimeException: Erro 30
java.lang.RuntimeException: Erro 30
	at testes.ErrorLoggerTest.testeLogNaoCresceIndefinidamente(ErrorLoggerTest.java:389)
	at java.base/jdk.internal.reflect.DirectMethodHandleAccessor.invoke(DirectMethodHandleAccessor.java:103)
	at java.base/java.lang.reflect.Method.invoke(Method.java:580)
	at org.junit.platform.commons.util.ReflectionUtils.invokeMethod(ReflectionUtils.java:728)
	at org.junit.jupiter.engine.execution.MethodInvocation.proceed(MethodInvocation.java:60)
	at org.junit.jupiter.engine.execution.InvocationInterceptorChain$ValidatingInvocation.proceed(InvocationInterceptorChain.java:131)
	at org.junit.jupiter.engine.extension.TimeoutExtension.intercept(TimeoutExtension.java:156)
	at org.junit.jupiter.engine.extension.TimeoutExtension.interceptTestableMethod(TimeoutExtension.java:147)
	at org.junit.jupiter.engine.extension.TimeoutExtension.interceptTestMethod(TimeoutExtension.java:86)
	at org.junit.jupiter.engine.execution.InterceptingExecutableInvoker$ReflectiveInterceptorCall.lambda$ofVoidMethod$0(InterceptingExecutableInvoker.java:103)
	at org.junit.jupiter.engine.execution.InterceptingExecutableInvoker.lambda$invoke$0(InterceptingExecutableInvoker.java:93)
	at org.junit.jupiter.engine.execution.InvocationInterceptorChain$InterceptedInvocation.proceed(InvocationInterceptorChain.java:106)
	at org.junit.jupiter.engine.execution.InvocationInterceptorChain.proceed(InvocationInterceptorChain.java:64)
	at org.junit.jupiter.engine.execution.InvocationInterceptorChain.chainAndInvoke(InvocationInterceptorChain.java:45)
	at org.junit.jupiter.engine.execution.InvocationInterceptorChain.invoke(InvocationInterceptorChain.java:37)
	at org.junit.jupiter.engine.execution.InterceptingExecutableInvoker.invoke(InterceptingExecutableInvoker.java:92)
	at org.junit.jupiter.engine.execution.InterceptingExecutableInvoker.invoke(InterceptingExecutableInvoker.java:86)
	at org.junit.jupiter.engine.descriptor.TestMethodTestDescriptor.lambda$invokeTestMethod$7(TestMethodTestDescriptor.java:218)
	at org.junit.platform.engine.support.hierarchical.ThrowableCollector.execute(ThrowableCollector.java:73)
	at org.junit.jupiter.engine.descriptor.TestMethodTestDescriptor.invokeTestMethod(TestMethodTestDescriptor.java:214)
	at org.junit.jupiter.engine.descriptor.TestMethodTestDescriptor.execute(TestMethodTestDescriptor.java:139)
	at org.junit.jupiter.engine.descriptor.TestMethodTestDescriptor.execute(TestMethodTestDescriptor.java:69)
	at org.junit.platform.engine.support.hierarchical.NodeTestTask.lambda$executeRecursively$6(NodeTestTask.java:151)
	at org.junit.platform.engine.support.hierarchical.ThrowableCollector.execute(ThrowableCollector.java:73)
	at org.junit.platform.engine.support.hierarchical.NodeTestTask.lambda$executeRecursively$8(NodeTestTask.java:141)
	at org.junit.platform.engine.support.hierarchical.Node.around(Node.java:137)
	at org.junit.platform.engine.support.hierarchical.NodeTestTask.lambda$executeRecursively$9(NodeTestTask.java:139)
	at org.junit.platform.engine.support.hierarchical.ThrowableCollector.execute(ThrowableCollector.java:73)
	at org.junit.platform.engine.support.hierarchical.NodeTestTask.executeRecursively(NodeTestTask.java:138)
	at org.junit.platform.engine.support.hierarchical.NodeTestTask.execute(NodeTestTask.java:95)
	at java.base/java.util.ArrayList.forEach(ArrayList.java:1597)
	at org.junit.platform.engine.support.hierarchical.SameThreadHierarchicalTestExecutorService.invokeAll(SameThreadHierarchicalTestExecutorService.java:41)
	at org.junit.platform.engine.support.hierarchical.NodeTestTask.lambda$executeRecursively$6(NodeTestTask.java:155)
	at org.junit.platform.engine.support.hierarchical.ThrowableCollector.execute(ThrowableCollector.java:73)
	at org.junit.platform.engine.support.hierarchical.NodeTestTask.lambda$executeRecursively$8(NodeTestTask.java:141)
	at org.junit.platform.engine.support.hierarchical.Node.around(Node.java:137)
	at org.junit.platform.engine.support.hierarchical.NodeTestTask.lambda$executeRecursively$9(NodeTestTask.java:139)
	at org.junit.platform.engine.support.hierarchical.ThrowableCollector.execute(ThrowableCollector.java:73)
	at org.junit.platform.engine.support.hierarchical.NodeTestTask.executeRecursively(NodeTestTask.java:138)
	at org.junit.platform.engine.support.hierarchical.NodeTestTask.execute(NodeTestTask.java:95)
	at java.base/java.util.ArrayList.forEach(ArrayList.java:1597)
	at org.junit.platform.engine.support.hierarchical.SameThreadHierarchicalTestExecutorService.invokeAll(SameThreadHierarchicalTestExecutorService.java:41)
	at org.junit.platform.engine.support.hierarchical.NodeTestTask.lambda$executeRecursively$6(NodeTestTask.java:155)
	at org.junit.platform.engine.support.hierarchical.ThrowableCollector.execute(ThrowableCollector.java:73)
	at org.junit.platform.engine.support.hierarchical.NodeTestTask.lambda$executeRecursively$8(NodeTestTask.java:141)
	at org.junit.platform.engine.support.hierarchical.Node.around(Node.java:137)
	at org.junit.platform.engine.support.hierarchical.NodeTestTask.lambda$executeRecursively$9(NodeTestTask.java:139)
	at org.junit.platform.engine.support.hierarchical.ThrowableCollector.execute(ThrowableCollector.java:73)
	at org.junit.platform.engine.support.hierarchical.NodeTestTask.executeRecursively(NodeTestTask.java:138)
	at org.junit.platform.engine.support.hierarchical.NodeTestTask.execute(NodeTestTask.java:95)
	at org.junit.platform.engine.support.hierarchical.SameThreadHierarchicalTestExecutorService.submit(SameThreadHierarchicalTestExecutorService.java:35)
	at org.junit.platform.engine.support.hierarchical.HierarchicalTestExecutor.execute(HierarchicalTestExecutor.java:57)
	at org.junit.platform.engine.support.hierarchical.HierarchicalTestEngine.execute(HierarchicalTestEngine.java:54)
	at org.junit.platform.launcher.core.EngineExecutionOrchestrator.execute(EngineExecutionOrchestrator.java:198)
	at org.junit.platform.launcher.core.EngineExecutionOrchestrator.execute(EngineExecutionOrchestrator.java:169)
	at org.junit.platform.launcher.core.EngineExecutionOrchestrator.execute(EngineExecutionOrchestrator.java:93)
	at org.junit.platform.launcher.core.EngineExecutionOrchestrator.lambda$execute$0(EngineExecutionOrchestrator.java:58)
	at org.junit.platform.launcher.core.EngineExecutionOrchestrator.withInterceptedStreams(EngineExecutionOrchestrator.java:141)
	at org.junit.platform.launcher.core.EngineExecutionOrchestrator.execute(EngineExecutionOrchestrator.java:57)
	at org.junit.platform.launcher.core.DefaultLauncher.execute(DefaultLauncher.java:103)
	at org.junit.platform.launcher.core.DefaultLauncher.execute(DefaultLauncher.java:85)
	at org.junit.platform.launcher.core.DelegatingLauncher.execute(DelegatingLauncher.java:47)
	at org.apache.maven.surefire.junitplatform.LazyLauncher.execute(LazyLauncher.java:56)
	at org.apache.maven.surefire.junitplatform.JUnitPlatformProvider.execute(JUnitPlatformProvider.java:184)
	at org.apache.maven.surefire.junitplatform.JUnitPlatformProvider.invokeAllTests(JUnitPlatformProvider.java:148)
	at org.apache.maven.surefire.junitplatform.JUnitPlatformProvider.invoke(JUnitPlatformProvider.java:122)
	at org.apache.maven.surefire.booter.ForkedBooter.runSuitesInProcess(ForkedBooter.java:385)
	at org.apache.maven.surefire.booter.ForkedBooter.execute(ForkedBooter.java:162)
	at org.apache.maven.surefire.booter.ForkedBooter.run(ForkedBooter.java:507)
	at org.apache.maven.surefire.booter.ForkedBooter.main(ForkedBooter.java:495)

[ERRO] 2026-01-09 18:51:47.132 - Erro-31
  Exceção: java.lang.RuntimeException: Erro 31
java.lang.RuntimeException: Erro 31
	at testes.ErrorLoggerTest.testeLogNaoCresceIndefinidamente(ErrorLoggerTest.java:389)
	at java.base/jdk.internal.reflect.DirectMethodHandleAccessor.invoke(DirectMethodHandleAccessor.java:103)
	at java.base/java.lang.reflect.Method.invoke(Method.java:580)
	at org.junit.platform.commons.util.ReflectionUtils.invokeMethod(ReflectionUtils.java:728)
	at org.junit.jupiter.engine.execution.MethodInvocation.proceed(MethodInvocation.java:60)
	at org.junit.jupiter.engine.execution.InvocationInterceptorChain$ValidatingInvocation.proceed(InvocationInterceptorChain.java:131)
	at org.junit.jupiter.engine.extension.TimeoutExtension.intercept(TimeoutExtension.java:156)
	at org.junit.jupiter.engine.extension.TimeoutExtension.interceptTestableMethod(TimeoutExtension.java:147)
	at org.junit.jupiter.engine.extension.TimeoutExtension.interceptTestMethod(TimeoutExtension.java:86)
	at org.junit.jupiter.engine.execution.InterceptingExecutableInvoker$ReflectiveInterceptorCall.lambda$ofVoidMethod$0(InterceptingExecutableInvoker.java:103)
	at org.junit.jupiter.engine.execution.InterceptingExecutableInvoker.lambda$invoke$0(InterceptingExecutableInvoker.java:93)
	at org.junit.jupiter.engine.execution.InvocationInterceptorChain$InterceptedInvocation.proceed(InvocationInterceptorChain.java:106)
	at org.junit.jupiter.engine.execution.InvocationInterceptorChain.proceed(InvocationInterceptorChain.java:64)
	at org.junit.jupiter.engine.execution.InvocationInterceptorChain.chainAndInvoke(InvocationInterceptorChain.java:45)
	at org.junit.jupiter.engine.execution.InvocationInterceptorChain.invoke(InvocationInterceptorChain.java:37)
	at org.junit.jupiter.engine.execution.InterceptingExecutableInvoker.invoke(InterceptingExecutableInvoker.java:92)
	at org.junit.jupiter.engine.execution.InterceptingExecutableInvoker.invoke(InterceptingExecutableInvoker.java:86)
	at org.junit.jupiter.engine.descriptor.TestMethodTestDescriptor.lambda$invokeTestMethod$7(TestMethodTestDescriptor.java:218)
	at org.junit.platform.engine.support.hierarchical.ThrowableCollector.execute(ThrowableCollector.java:73)
	at org.junit.jupiter.engine.descriptor.TestMethodTestDescriptor.invokeTestMethod(TestMethodTestDescriptor.java:214)
	at org.junit.jupiter.engine.descriptor.TestMethodTestDescriptor.execute(TestMethodTestDescriptor.java:139)
	at org.junit.jupiter.engine.descriptor.TestMethodTestDescriptor.execute(TestMethodTestDescriptor.java:69)
	at org.junit.platform.engine.support.hierarchical.NodeTestTask.lambda$executeRecursively$6(NodeTestTask.java:151)
	at org.junit.platform.engine.support.hierarchical.ThrowableCollector.execute(ThrowableCollector.java:73)
	at org.junit.platform.engine.support.hierarchical.NodeTestTask.lambda$executeRecursively$8(NodeTestTask.java:141)
	at org.junit.platform.engine.support.hierarchical.Node.around(Node.java:137)
	at org.junit.platform.engine.support.hierarchical.NodeTestTask.lambda$executeRecursively$9(NodeTestTask.java:139)
	at org.junit.platform.engine.support.hierarchical.ThrowableCollector.execute(ThrowableCollector.java:73)
	at org.junit.platform.engine.support.hierarchical.NodeTestTask.executeRecursively(NodeTestTask.java:138)
	at org.junit.platform.engine.support.hierarchical.NodeTestTask.execute(NodeTestTask.java:95)
	at java.base/java.util.ArrayList.forEach(ArrayList.java:1597)
	at org.junit.platform.engine.support.hierarchical.SameThreadHierarchicalTestExecutorService.invokeAll(SameThreadHierarchicalTestExecutorService.java:41)
	at org.junit.platform.engine.support.hierarchical.NodeTestTask.lambda$executeRecursively$6(NodeTestTask.java:155)
	at org.junit.platform.engine.support.hierarchical.ThrowableCollector.execute(ThrowableCollector.java:73)
	at org.junit.platform.engine.support.hierarchical.NodeTestTask.lambda$executeRecursively$8(NodeTestTask.java:141)
	at org.junit.platform.engine.support.hierarchical.Node.around(Node.java:137)
	at org.junit.platform.engine.support.hierarchical.NodeTestTask.lambda$executeRecursively$9(NodeTestTask.java:139)
	at org.junit.platform.engine.support.hierarchical.ThrowableCollector.execute(ThrowableCollector.java:73)
	at org.junit.platform.engine.support.hierarchical.NodeTestTask.executeRecursively(NodeTestTask.java:138)
	at org.junit.platform.engine.support.hierarchical.NodeTestTask.execute(NodeTestTask.java:95)
	at java.base/java.util.ArrayList.forEach(ArrayList.java:1597)
	at org.junit.platform.engine.support.hierarchical.SameThreadHierarchicalTestExecutorService.invokeAll(SameThreadHierarchicalTestExecutorService.java:41)
	at org.junit.platform.engine.support.hierarchical.NodeTestTask.lambda$executeRecursively$6(NodeTestTask.java:155)
	at org.junit.platform.engine.support.hierarchical.ThrowableCollector.execute(ThrowableCollector.java:73)
	at org.junit.platform.engine.support.hierarchical.NodeTestTask.lambda$executeRecursively$8(NodeTestTask.java:141)
	at org.junit.platform.engine.support.hierarchical.Node.around(Node.java:137)
	at org.junit.platform.engine.support.hierarchical.NodeTestTask.lambda$executeRecursively$9(NodeTestTask.java:139)
	at org.junit.platform.engine.support.hierarchical.ThrowableCollector.execute(ThrowableCollector.java:73)
	at org.junit.platform.engine.support.hierarchical.NodeTestTask.executeRecursively(NodeTestTask.java:138)
	at org.junit.platform.engine.support.hierarchical.NodeTestTask.execute(NodeTestTask.java:95)
	at org.junit.platform.engine.support.hierarchical.SameThreadHierarchicalTestExecutorService.submit(SameThreadHierarchicalTestExecutorService.java:35)
	at org.junit.platform.engine.support.hierarchical.HierarchicalTestExecutor.execute(HierarchicalTestExecutor.java:57)
	at org.junit.platform.engine.support.hierarchical.HierarchicalTestEngine.execute(HierarchicalTestEngine.java:54)
	at org.junit.platform.launcher.core.EngineExecutionOrchestrator.execute(EngineExecutionOrchestrator.java:198)
	at org.junit.platform.launcher.core.EngineExecutionOrchestrator.execute(EngineExecutionOrchestrator.java:169)
	at org.junit.platform.launcher.core.EngineExecutionOrchestrator.execute(EngineExecutionOrchestrator.java:93)
	at org.junit.platform.launcher.core.EngineExecutionOrchestrator.lambda$execute$0(EngineExecutionOrchestrator.java:58)
	at org.junit.platform.launcher.core.EngineExecutionOrchestrator.withInterceptedStreams(EngineExecutionOrchestrator.java:141)
	at org.junit.platform.launcher.core.EngineExecutionOrchestrator.execute(EngineExecutionOrchestrator.java:57)
	at org.junit.platform.launcher.core.DefaultLauncher.execute(DefaultLauncher.java:103)
	at org.junit.platform.launcher.core.DefaultLauncher.execute(DefaultLauncher.java:85)
	at org.junit.platform.launcher.core.DelegatingLauncher.execute(DelegatingLauncher.java:47)
	at org.apache.maven.surefire.junitplatform.LazyLauncher.execute(LazyLauncher.java:56)
	at org.apache.maven.surefire.junitplatform.JUnitPlatformProvider.execute(JUnitPlatformProvider.java:184)
	at org.apache.maven.surefire.junitplatform.JUnitPlatformProvider.invokeAllTests(JUnitPlatformProvider.java:148)
	at org.apache.maven.surefire.junitplatform.JUnitPlatformProvider.invoke(JUnitPlatformProvider.java:122)
	at org.apache.maven.surefire.booter.ForkedBooter.runSuitesInProcess(ForkedBooter.java:385)
	at org.apache.maven.surefire.booter.ForkedBooter.execute(ForkedBooter.java:162)
	at org.apache.maven.surefire.booter.ForkedBooter.run(ForkedBooter.java:507)
	at org.apache.maven.surefire.booter.ForkedBooter.main(ForkedBooter.java:495)

[ERRO] 2026-01-09 18:51:47.132 - Erro-32
  Exceção: java.lang.RuntimeException: Erro 32
java.lang.RuntimeException: Erro 32
	at testes.ErrorLoggerTest.testeLogNaoCresceIndefinidamente(ErrorLoggerTest.java:389)
	at java.base/jdk.internal.reflect.DirectMethodHandleAccessor.invoke(DirectMethodHandleAccessor.java:103)
	at java.base/java.lang.reflect.Method.invoke(Method.java:580)
	at org.junit.platform.commons.util.ReflectionUtils.invokeMethod(ReflectionUtils.java:728)
	at org.junit.jupiter.engine.execution.MethodInvocation.proceed(MethodInvocation.java:60)
	at org.junit.jupiter.engine.execution.InvocationInterceptorChain$ValidatingInvocation.proceed(InvocationInterceptorChain.java:131)
	at org.junit.jupiter.engine.extension.TimeoutExtension.intercept(TimeoutExtension.java:156)
	at org.junit.jupiter.engine.extension.TimeoutExtension.interceptTestableMethod(TimeoutExtension.java:147)
	at org.junit.jupiter.engine.extension.TimeoutExtension.interceptTestMethod(TimeoutExtension.java:86)
	at org.junit.jupiter.engine.execution.InterceptingExecutableInvoker$ReflectiveInterceptorCall.lambda$ofVoidMethod$0(InterceptingExecutableInvoker.java:103)
	at org.junit.jupiter.engine.execution.InterceptingExecutableInvoker.lambda$invoke$0(InterceptingExecutableInvoker.java:93)
	at org.junit.jupiter.engine.execution.InvocationInterceptorChain$InterceptedInvocation.proceed(InvocationInterceptorChain.java:106)
	at org.junit.jupiter.engine.execution.InvocationInterceptorChain.proceed(InvocationInterceptorChain.java:64)
	at org.junit.jupiter.engine.execution.InvocationInterceptorChain.chainAndInvoke(InvocationInterceptorChain.java:45)
	at org.junit.jupiter.engine.execution.InvocationInterceptorChain.invoke(InvocationInterceptorChain.java:37)
	at org.junit.jupiter.engine.execution.InterceptingExecutableInvoker.invoke(InterceptingExecutableInvoker.java:92)
	at org.junit.jupiter.engine.execution.InterceptingExecutableInvoker.invoke(InterceptingExecutableInvoker.java:86)
	at org.junit.jupiter.engine.descriptor.TestMethodTestDescriptor.lambda$invokeTestMethod$7(TestMethodTestDescriptor.java:218)
	at org.junit.platform.engine.support.hierarchical.ThrowableCollector.execute(ThrowableCollector.java:73)
	at org.junit.jupiter.engine.descriptor.TestMethodTestDescriptor.invokeTestMethod(TestMethodTestDescriptor.java:214)
	at org.junit.jupiter.engine.descriptor.TestMethodTestDescriptor.execute(TestMethodTestDescriptor.java:139)
	at org.junit.jupiter.engine.descriptor.TestMethodTestDescriptor.execute(TestMethodTestDescriptor.java:69)
	at org.junit.platform.engine.support.hierarchical.NodeTestTask.lambda$executeRecursively$6(NodeTestTask.java:151)
	at org.junit.platform.engine.support.hierarchical.ThrowableCollector.execute(ThrowableCollector.java:73)
	at org.junit.platform.engine.support.hierarchical.NodeTestTask.lambda$executeRecursively$8(NodeTestTask.java:141)
	at org.junit.platform.engine.support.hierarchical.Node.around(Node.java:137)
	at org.junit.platform.engine.support.hierarchical.NodeTestTask.lambda$executeRecursively$9(NodeTestTask.java:139)
	at org.junit.platform.engine.support.hierarchical.ThrowableCollector.execute(ThrowableCollector.java:73)
	at org.junit.platform.engine.support.hierarchical.NodeTestTask.executeRecursively(NodeTestTask.java:138)
	at org.junit.platform.engine.support.hierarchical.NodeTestTask.execute(NodeTestTask.java:95)
	at java.base/java.util.ArrayList.forEach(ArrayList.java:1597)
	at org.junit.platform.engine.support.hierarchical.SameThreadHierarchicalTestExecutorService.invokeAll(SameThreadHierarchicalTestExecutorService.java:41)
	at org.junit.platform.engine.support.hierarchical.NodeTestTask.lambda$executeRecursively$6(NodeTestTask.java:155)
	at org.junit.platform.engine.support.hierarchical.ThrowableCollector.execute(ThrowableCollector.java:73)
	at org.junit.platform.engine.support.hierarchical.NodeTestTask.lambda$executeRecursively$8(NodeTestTask.java:141)
	at org.junit.platform.engine.support.hierarchical.Node.around(Node.java:137)
	at org.junit.platform.engine.support.hierarchical.NodeTestTask.lambda$executeRecursively$9(NodeTestTask.java:139)
	at org.junit.platform.engine.support.hierarchical.ThrowableCollector.execute(ThrowableCollector.java:73)
	at org.junit.platform.engine.support.hierarchical.NodeTestTask.executeRecursively(NodeTestTask.java:138)
	at org.junit.platform.engine.support.hierarchical.NodeTestTask.execute(NodeTestTask.java:95)
	at java.base/java.util.ArrayList.forEach(ArrayList.java:1597)
	at org.junit.platform.engine.support.hierarchical.SameThreadHierarchicalTestExecutorService.invokeAll(SameThreadHierarchicalTestExecutorService.java:41)
	at org.junit.platform.engine.support.hierarchical.NodeTestTask.lambda$executeRecursively$6(NodeTestTask.java:155)
	at org.junit.platform.engine.support.hierarchical.ThrowableCollector.execute(ThrowableCollector.java:73)
	at org.junit.platform.engine.support.hierarchical.NodeTestTask.lambda$executeRecursively$8(NodeTestTask.java:141)
	at org.junit.platform.engine.support.hierarchical.Node.around(Node.java:137)
	at org.junit.platform.engine.support.hierarchical.NodeTestTask.lambda$executeRecursively$9(NodeTestTask.java:139)
	at org.junit.platform.engine.support.hierarchical.ThrowableCollector.execute(ThrowableCollector.java:73)
	at org.junit.platform.engine.support.hierarchical.NodeTestTask.executeRecursively(NodeTestTask.java:138)
	at org.junit.platform.engine.support.hierarchical.NodeTestTask.execute(NodeTestTask.java:95)
	at org.junit.platform.engine.support.hierarchical.SameThreadHierarchicalTestExecutorService.submit(SameThreadHierarchicalTestExecutorService.java:35)
	at org.junit.platform.engine.support.hierarchical.HierarchicalTestExecutor.execute(HierarchicalTestExecutor.java:57)
	at org.junit.platform.engine.support.hierarchical.HierarchicalTestEngine.execute(HierarchicalTestEngine.java:54)
	at org.junit.platform.launcher.core.EngineExecutionOrchestrator.execute(EngineExecutionOrchestrator.java:198)
	at org.junit.platform.launcher.core.EngineExecutionOrchestrator.execute(EngineExecutionOrchestrator.java:169)
	at org.junit.platform.launcher.core.EngineExecutionOrchestrator.execute(EngineExecutionOrchestrator.java:93)
	at org.junit.platform.launcher.core.EngineExecutionOrchestrator.lambda$execute$0(EngineExecutionOrchestrator.java:58)
	at org.junit.platform.launcher.core.EngineExecutionOrchestrator.withInterceptedStreams(EngineExecutionOrchestrator.java:141)
	at org.junit.platform.launcher.core.EngineExecutionOrchestrator.execute(EngineExecutionOrchestrator.java:57)
	at org.junit.platform.launcher.core.DefaultLauncher.execute(DefaultLauncher.java:103)
	at org.junit.platform.launcher.core.DefaultLauncher.execute(DefaultLauncher.java:85)
	at org.junit.platform.launcher.core.DelegatingLauncher.execute(DelegatingLauncher.java:47)
	at org.apache.maven.surefire.junitplatform.LazyLauncher.execute(LazyLauncher.java:56)
	at org.apache.maven.surefire.junitplatform.JUnitPlatformProvider.execute(JUnitPlatformProvider.java:184)
	at org.apache.maven.surefire.junitplatform.JUnitPlatformProvider.invokeAllTests(JUnitPlatformProvider.java:148)
	at org.apache.maven.surefire.junitplatform.JUnitPlatformProvider.invoke(JUnitPlatformProvider.java:122)
	at org.apache.maven.surefire.booter.ForkedBooter.runSuitesInProcess(ForkedBooter.java:385)
	at org.apache.maven.surefire.booter.ForkedBooter.execute(ForkedBooter.java:162)
	at org.apache.maven.surefire.booter.ForkedBooter.run(ForkedBooter.java:507)
	at org.apache.maven.surefire.booter.ForkedBooter.main(ForkedBooter.java:495)

[ERRO] 2026-01-09 18:51:47.137 - Erro-33
  Exceção: java.lang.RuntimeException: Erro 33
java.lang.RuntimeException: Erro 33
	at testes.ErrorLoggerTest.testeLogNaoCresceIndefinidamente(ErrorLoggerTest.java:389)
	at java.base/jdk.internal.reflect.DirectMethodHandleAccessor.invoke(DirectMethodHandleAccessor.java:103)
	at java.base/java.lang.reflect.Method.invoke(Method.java:580)
	at org.junit.platform.commons.util.ReflectionUtils.invokeMethod(ReflectionUtils.java:728)
	at org.junit.jupiter.engine.execution.MethodInvocation.proceed(MethodInvocation.java:60)
	at org.junit.jupiter.engine.execution.InvocationInterceptorChain$ValidatingInvocation.proceed(InvocationInterceptorChain.java:131)
	at org.junit.jupiter.engine.extension.TimeoutExtension.intercept(TimeoutExtension.java:156)
	at org.junit.jupiter.engine.extension.TimeoutExtension.interceptTestableMethod(TimeoutExtension.java:147)
	at org.junit.jupiter.engine.extension.TimeoutExtension.interceptTestMethod(TimeoutExtension.java:86)
	at org.junit.jupiter.engine.execution.InterceptingExecutableInvoker$ReflectiveInterceptorCall.lambda$ofVoidMethod$0(InterceptingExecutableInvoker.java:103)
	at org.junit.jupiter.engine.execution.InterceptingExecutableInvoker.lambda$invoke$0(InterceptingExecutableInvoker.java:93)
	at org.junit.jupiter.engine.execution.InvocationInterceptorChain$InterceptedInvocation.proceed(InvocationInterceptorChain.java:106)
	at org.junit.jupiter.engine.execution.InvocationInterceptorChain.proceed(InvocationInterceptorChain.java:64)
	at org.junit.jupiter.engine.execution.InvocationInterceptorChain.chainAndInvoke(InvocationInterceptorChain.java:45)
	at org.junit.jupiter.engine.execution.InvocationInterceptorChain.invoke(InvocationInterceptorChain.java:37)
	at org.junit.jupiter.engine.execution.InterceptingExecutableInvoker.invoke(InterceptingExecutableInvoker.java:92)
	at org.junit.jupiter.engine.execution.InterceptingExecutableInvoker.invoke(InterceptingExecutableInvoker.java:86)
	at org.junit.jupiter.engine.descriptor.TestMethodTestDescriptor.lambda$invokeTestMethod$7(TestMethodTestDescriptor.java:218)
	at org.junit.platform.engine.support.hierarchical.ThrowableCollector.execute(ThrowableCollector.java:73)
	at org.junit.jupiter.engine.descriptor.TestMethodTestDescriptor.invokeTestMethod(TestMethodTestDescriptor.java:214)
	at org.junit.jupiter.engine.descriptor.TestMethodTestDescriptor.execute(TestMethodTestDescriptor.java:139)
	at org.junit.jupiter.engine.descriptor.TestMethodTestDescriptor.execute(TestMethodTestDescriptor.java:69)
	at org.junit.platform.engine.support.hierarchical.NodeTestTask.lambda$executeRecursively$6(NodeTestTask.java:151)
	at org.junit.platform.engine.support.hierarchical.ThrowableCollector.execute(ThrowableCollector.java:73)
	at org.junit.platform.engine.support.hierarchical.NodeTestTask.lambda$executeRecursively$8(NodeTestTask.java:141)
	at org.junit.platform.engine.support.hierarchical.Node.around(Node.java:137)
	at org.junit.platform.engine.support.hierarchical.NodeTestTask.lambda$executeRecursively$9(NodeTestTask.java:139)
	at org.junit.platform.engine.support.hierarchical.ThrowableCollector.execute(ThrowableCollector.java:73)
	at org.junit.platform.engine.support.hierarchical.NodeTestTask.executeRecursively(NodeTestTask.java:138)
	at org.junit.platform.engine.support.hierarchical.NodeTestTask.execute(NodeTestTask.java:95)
	at java.base/java.util.ArrayList.forEach(ArrayList.java:1597)
	at org.junit.platform.engine.support.hierarchical.SameThreadHierarchicalTestExecutorService.invokeAll(SameThreadHierarchicalTestExecutorService.java:41)
	at org.junit.platform.engine.support.hierarchical.NodeTestTask.lambda$executeRecursively$6(NodeTestTask.java:155)
	at org.junit.platform.engine.support.hierarchical.ThrowableCollector.execute(ThrowableCollector.java:73)
	at org.junit.platform.engine.support.hierarchical.NodeTestTask.lambda$executeRecursively$8(NodeTestTask.java:141)
	at org.junit.platform.engine.support.hierarchical.Node.around(Node.java:137)
	at org.junit.platform.engine.support.hierarchical.NodeTestTask.lambda$executeRecursively$9(NodeTestTask.java:139)
	at org.junit.platform.engine.support.hierarchical.ThrowableCollector.execute(ThrowableCollector.java:73)
	at org.junit.platform.engine.support.hierarchical.NodeTestTask.executeRecursively(NodeTestTask.java:138)
	at org.junit.platform.engine.support.hierarchical.NodeTestTask.execute(NodeTestTask.java:95)
	at java.base/java.util.ArrayList.forEach(ArrayList.java:1597)
	at org.junit.platform.engine.support.hierarchical.SameThreadHierarchicalTestExecutorService.invokeAll(SameThreadHierarchicalTestExecutorService.java:41)
	at org.junit.platform.engine.support.hierarchical.NodeTestTask.lambda$executeRecursively$6(NodeTestTask.java:155)
	at org.junit.platform.engine.support.hierarchical.ThrowableCollector.execute(ThrowableCollector.java:73)
	at org.junit.platform.engine.support.hierarchical.NodeTestTask.lambda$executeRecursively$8(NodeTestTask.java:141)
	at org.junit.platform.engine.support.hierarchical.Node.around(Node.java:137)
	at org.junit.platform.engine.support.hierarchical.NodeTestTask.lambda$executeRecursively$9(NodeTestTask.java:139)
	at org.junit.platform.engine.support.hierarchical.ThrowableCollector.execute(ThrowableCollector.java:73)
	at org.junit.platform.engine.support.hierarchical.NodeTestTask.executeRecursively(NodeTestTask.java:138)
	at org.junit.platform.engine.support.hierarchical.NodeTestTask.execute(NodeTestTask.java:95)
	at org.junit.platform.engine.support.hierarchical.SameThreadHierarchicalTestExecutorService.submit(SameThreadHierarchicalTestExecutorService.java:35)
	at org.junit.platform.engine.support.hierarchical.HierarchicalTestExecutor.execute(HierarchicalTestExecutor.java:57)
	at org.junit.platform.engine.support.hierarchical.HierarchicalTestEngine.execute(HierarchicalTestEngine.java:54)
	at org.junit.platform.launcher.core.EngineExecutionOrchestrator.execute(EngineExecutionOrchestrator.java:198)
	at org.junit.platform.launcher.core.EngineExecutionOrchestrator.execute(EngineExecutionOrchestrator.java:169)
	at org.junit.platform.launcher.core.EngineExecutionOrchestrator.execute(EngineExecutionOrchestrator.java:93)
	at org.junit.platform.launcher.core.EngineExecutionOrchestrator.lambda$execute$0(EngineExecutionOrchestrator.java:58)
	at org.junit.platform.launcher.core.EngineExecutionOrchestrator.withInterceptedStreams(EngineExecutionOrchestrator.java:141)
	at org.junit.platform.launcher.core.EngineExecutionOrchestrator.execute(EngineExecutionOrchestrator.java:57)
	at org.junit.platform.launcher.core.DefaultLauncher.execute(DefaultLauncher.java:103)
	at org.junit.platform.launcher.core.DefaultLauncher.execute(DefaultLauncher.java:85)
	at org.junit.platform.launcher.core.DelegatingLauncher.execute(DelegatingLauncher.java:47)
	at org.apache.maven.surefire.junitplatform.LazyLauncher.execute(LazyLauncher.java:56)
	at org.apache.maven.surefire.junitplatform.JUnitPlatformProvider.execute(JUnitPlatformProvider.java:184)
	at org.apache.maven.surefire.junitplatform.JUnitPlatformProvider.invokeAllTests(JUnitPlatformProvider.java:148)
	at org.apache.maven.surefire.junitplatform.JUnitPlatformProvider.invoke(JUnitPlatformProvider.java:122)
	at org.apache.maven.surefire.booter.ForkedBooter.runSuitesInProcess(ForkedBooter.java:385)
	at org.apache.maven.surefire.booter.ForkedBooter.execute(ForkedBooter.java:162)
	at org.apache.maven.surefire.booter.ForkedBooter.run(ForkedBooter.java:507)
	at org.apache.maven.surefire.booter.ForkedBooter.main(ForkedBooter.java:495)

[ERRO] 2026-01-09 18:51:47.137 - Erro-34
  Exceção: java.lang.RuntimeException: Erro 34
java.lang.RuntimeException: Erro 34
	at testes.ErrorLoggerTest.testeLogNaoCresceIndefinidamente(ErrorLoggerTest.java:389)
	at java.base/jdk.internal.reflect.DirectMethodHandleAccessor.invoke(DirectMethodHandleAccessor.java:103)
	at java.base/java.lang.reflect.Method.invoke(Method.java:580)
	at org.junit.platform.commons.util.ReflectionUtils.invokeMethod(ReflectionUtils.java:728)
	at org.junit.jupiter.engine.execution.MethodInvocation.proceed(MethodInvocation.java:60)
	at org.junit.jupiter.engine.execution.InvocationInterceptorChain$ValidatingInvocation.proceed(InvocationInterceptorChain.java:131)
	at org.junit.jupiter.engine.extension.TimeoutExtension.intercept(TimeoutExtension.java:156)
	at org.junit.jupiter.engine.extension.TimeoutExtension.interceptTestableMethod(TimeoutExtension.java:147)
	at org.junit.jupiter.engine.extension.TimeoutExtension.interceptTestMethod(TimeoutExtension.java:86)
	at org.junit.jupiter.engine.execution.InterceptingExecutableInvoker$ReflectiveInterceptorCall.lambda$ofVoidMethod$0(InterceptingExecutableInvoker.java:103)
	at org.junit.jupiter.engine.execution.InterceptingExecutableInvoker.lambda$invoke$0(InterceptingExecutableInvoker.java:93)
	at org.junit.jupiter.engine.execution.InvocationInterceptorChain$InterceptedInvocation.proceed(InvocationInterceptorChain.java:106)
	at org.junit.jupiter.engine.execution.InvocationInterceptorChain.proceed(InvocationInterceptorChain.java:64)
	at org.junit.jupiter.engine.execution.InvocationInterceptorChain.chainAndInvoke(InvocationInterceptorChain.java:45)
	at org.junit.jupiter.engine.execution.InvocationInterceptorChain.invoke(InvocationInterceptorChain.java:37)
	at org.junit.jupiter.engine.execution.InterceptingExecutableInvoker.invoke(InterceptingExecutableInvoker.java:92)
	at org.junit.jupiter.engine.execution.InterceptingExecutableInvoker.invoke(InterceptingExecutableInvoker.java:86)
	at org.junit.jupiter.engine.descriptor.TestMethodTestDescriptor.lambda$invokeTestMethod$7(TestMethodTestDescriptor.java:218)
	at org.junit.platform.engine.support.hierarchical.ThrowableCollector.execute(ThrowableCollector.java:73)
	at org.junit.jupiter.engine.descriptor.TestMethodTestDescriptor.invokeTestMethod(TestMethodTestDescriptor.java:214)
	at org.junit.jupiter.engine.descriptor.TestMethodTestDescriptor.execute(TestMethodTestDescriptor.java:139)
	at org.junit.jupiter.engine.descriptor.TestMethodTestDescriptor.execute(TestMethodTestDescriptor.java:69)
	at org.junit.platform.engine.support.hierarchical.NodeTestTask.lambda$executeRecursively$6(NodeTestTask.java:151)
	at org.junit.platform.engine.support.hierarchical.ThrowableCollector.execute(ThrowableCollector.java:73)
	at org.junit.platform.engine.support.hierarchical.NodeTestTask.lambda$executeRecursively$8(NodeTestTask.java:141)
	at org.junit.platform.engine.support.hierarchical.Node.around(Node.java:137)
	at org.junit.platform.engine.support.hierarchical.NodeTestTask.lambda$executeRecursively$9(NodeTestTask.java:139)
	at org.junit.platform.engine.support.hierarchical.ThrowableCollector.execute(ThrowableCollector.java:73)
	at org.junit.platform.engine.support.hierarchical.NodeTestTask.executeRecursively(NodeTestTask.java:138)
	at org.junit.platform.engine.support.hierarchical.NodeTestTask.execute(NodeTestTask.java:95)
	at java.base/java.util.ArrayList.forEach(ArrayList.java:1597)
	at org.junit.platform.engine.support.hierarchical.SameThreadHierarchicalTestExecutorService.invokeAll(SameThreadHierarchicalTestExecutorService.java:41)
	at org.junit.platform.engine.support.hierarchical.NodeTestTask.lambda$executeRecursively$6(NodeTestTask.java:155)
	at org.junit.platform.engine.support.hierarchical.ThrowableCollector.execute(ThrowableCollector.java:73)
	at org.junit.platform.engine.support.hierarchical.NodeTestTask.lambda$executeRecursively$8(NodeTestTask.java:141)
	at org.junit.platform.engine.support.hierarchical.Node.around(Node.java:137)
	at org.junit.platform.engine.support.hierarchical.NodeTestTask.lambda$executeRecursively$9(NodeTestTask.java:139)
	at org.junit.platform.engine.support.hierarchical.ThrowableCollector.execute(ThrowableCollector.java:73)
	at org.junit.platform.engine.support.hierarchical.NodeTestTask.executeRecursively(NodeTestTask.java:138)
	at org.junit.platform.engine.support.hierarchical.NodeTestTask.execute(NodeTestTask.java:95)
	at java.base/java.util.ArrayList.forEach(ArrayList.java:1597)
	at org.junit.platform.engine.support.hierarchical.SameThreadHierarchicalTestExecutorService.invokeAll(SameThreadHierarchicalTestExecutorService.java:41)
	at org.junit.platform.engine.support.hierarchical.NodeTestTask.lambda$executeRecursively$6(NodeTestTask.java:155)
	at org.junit.platform.engine.support.hierarchical.ThrowableCollector.execute(ThrowableCollector.java:73)
	at org.junit.platform.engine.support.hierarchical.NodeTestTask.lambda$executeRecursively$8(NodeTestTask.java:141)
	at org.junit.platform.engine.support.hierarchical.Node.around(Node.java:137)
	at org.junit.platform.engine.support.hierarchical.NodeTestTask.lambda$executeRecursively$9(NodeTestTask.java:139)
	at org.junit.platform.engine.support.hierarchical.ThrowableCollector.execute(ThrowableCollector.java:73)
	at org.junit.platform.engine.support.hierarchical.NodeTestTask.executeRecursively(NodeTestTask.java:138)
	at org.junit.platform.engine.support.hierarchical.NodeTestTask.execute(NodeTestTask.java:95)
	at org.junit.platform.engine.support.hierarchical.SameThreadHierarchicalTestExecutorService.submit(SameThreadHierarchicalTestExecutorService.java:35)
	at org.junit.platform.engine.support.hierarchical.HierarchicalTestExecutor.execute(HierarchicalTestExecutor.java:57)
	at org.junit.platform.engine.support.hierarchical.HierarchicalTestEngine.execute(HierarchicalTestEngine.java:54)
	at org.junit.platform.launcher.core.EngineExecutionOrchestrator.execute(EngineExecutionOrchestrator.java:198)
	at org.junit.platform.launcher.core.EngineExecutionOrchestrator.execute(EngineExecutionOrchestrator.java:169)
	at org.junit.platform.launcher.core.EngineExecutionOrchestrator.execute(EngineExecutionOrchestrator.java:93)
	at org.junit.platform.launcher.core.EngineExecutionOrchestrator.lambda$execute$0(EngineExecutionOrchestrator.java:58)
	at org.junit.platform.launcher.core.EngineExecutionOrchestrator.withInterceptedStreams(EngineExecutionOrchestrator.java:141)
	at org.junit.platform.launcher.core.EngineExecutionOrchestrator.execute(EngineExecutionOrchestrator.java:57)
	at org.junit.platform.launcher.core.DefaultLauncher.execute(DefaultLauncher.java:103)
	at org.junit.platform.launcher.core.DefaultLauncher.execute(DefaultLauncher.java:85)
	at org.junit.platform.launcher.core.DelegatingLauncher.execute(DelegatingLauncher.java:47)
	at org.apache.maven.surefire.junitplatform.LazyLauncher.execute(LazyLauncher.java:56)
	at org.apache.maven.surefire.junitplatform.JUnitPlatformProvider.execute(JUnitPlatformProvider.java:184)
	at org.apache.maven.surefire.junitplatform.JUnitPlatformProvider.invokeAllTests(JUnitPlatformProvider.java:148)
	at org.apache.maven.surefire.junitplatform.JUnitPlatformProvider.invoke(JUnitPlatformProvider.java:122)
	at org.apache.maven.surefire.booter.ForkedBooter.runSuitesInProcess(ForkedBooter.java:385)
	at org.apache.maven.surefire.booter.ForkedBooter.execute(ForkedBooter.java:162)
	at org.apache.maven.surefire.booter.ForkedBooter.run(ForkedBooter.java:507)
	at org.apache.maven.surefire.booter.ForkedBooter.main(ForkedBooter.java:495)

[ERRO] 2026-01-09 18:51:47.138 - Erro-35
  Exceção: java.lang.RuntimeException: Erro 35
java.lang.RuntimeException: Erro 35
	at testes.ErrorLoggerTest.testeLogNaoCresceIndefinidamente(ErrorLoggerTest.java:389)
	at java.base/jdk.internal.reflect.DirectMethodHandleAccessor.invoke(DirectMethodHandleAccessor.java:103)
	at java.base/java.lang.reflect.Method.invoke(Method.java:580)
	at org.junit.platform.commons.util.ReflectionUtils.invokeMethod(ReflectionUtils.java:728)
	at org.junit.jupiter.engine.execution.MethodInvocation.proceed(MethodInvocation.java:60)
	at org.junit.jupiter.engine.execution.InvocationInterceptorChain$ValidatingInvocation.proceed(InvocationInterceptorChain.java:131)
	at org.junit.jupiter.engine.extension.TimeoutExtension.intercept(TimeoutExtension.java:156)
	at org.junit.jupiter.engine.extension.TimeoutExtension.interceptTestableMethod(TimeoutExtension.java:147)
	at org.junit.jupiter.engine.extension.TimeoutExtension.interceptTestMethod(TimeoutExtension.java:86)
	at org.junit.jupiter.engine.execution.InterceptingExecutableInvoker$ReflectiveInterceptorCall.lambda$ofVoidMethod$0(InterceptingExecutableInvoker.java:103)
	at org.junit.jupiter.engine.execution.InterceptingExecutableInvoker.lambda$invoke$0(InterceptingExecutableInvoker.java:93)
	at org.junit.jupiter.engine.execution.InvocationInterceptorChain$InterceptedInvocation.proceed(InvocationInterceptorChain.java:106)
	at org.junit.jupiter.engine.execution.InvocationInterceptorChain.proceed(InvocationInterceptorChain.java:64)
	at org.junit.jupiter.engine.execution.InvocationInterceptorChain.chainAndInvoke(InvocationInterceptorChain.java:45)
	at org.junit.jupiter.engine.execution.InvocationInterceptorChain.invoke(InvocationInterceptorChain.java:37)
	at org.junit.jupiter.engine.execution.InterceptingExecutableInvoker.invoke(InterceptingExecutableInvoker.java:92)
	at org.junit.jupiter.engine.execution.InterceptingExecutableInvoker.invoke(InterceptingExecutableInvoker.java:86)
	at org.junit.jupiter.engine.descriptor.TestMethodTestDescriptor.lambda$invokeTestMethod$7(TestMethodTestDescriptor.java:218)
	at org.junit.platform.engine.support.hierarchical.ThrowableCollector.execute(ThrowableCollector.java:73)
	at org.junit.jupiter.engine.descriptor.TestMethodTestDescriptor.invokeTestMethod(TestMethodTestDescriptor.java:214)
	at org.junit.jupiter.engine.descriptor.TestMethodTestDescriptor.execute(TestMethodTestDescriptor.java:139)
	at org.junit.jupiter.engine.descriptor.TestMethodTestDescriptor.execute(TestMethodTestDescriptor.java:69)
	at org.junit.platform.engine.support.hierarchical.NodeTestTask.lambda$executeRecursively$6(NodeTestTask.java:151)
	at org.junit.platform.engine.support.hierarchical.ThrowableCollector.execute(ThrowableCollector.java:73)
	at org.junit.platform.engine.support.hierarchical.NodeTestTask.lambda$executeRecursively$8(NodeTestTask.java:141)
	at org.junit.platform.engine.support.hierarchical.Node.around(Node.java:137)
	at org.junit.platform.engine.support.hierarchical.NodeTestTask.lambda$executeRecursively$9(NodeTestTask.java:139)
	at org.junit.platform.engine.support.hierarchical.ThrowableCollector.execute(ThrowableCollector.java:73)
	at org.junit.platform.engine.support.hierarchical.NodeTestTask.executeRecursively(NodeTestTask.java:138)
	at org.junit.platform.engine.support.hierarchical.NodeTestTask.execute(NodeTestTask.java:95)
	at java.base/java.util.ArrayList.forEach(ArrayList.java:1597)
	at org.junit.platform.engine.support.hierarchical.SameThreadHierarchicalTestExecutorService.invokeAll(SameThreadHierarchicalTestExecutorService.java:41)
	at org.junit.platform.engine.support.hierarchical.NodeTestTask.lambda$executeRecursively$6(NodeTestTask.java:155)
	at org.junit.platform.engine.support.hierarchical.ThrowableCollector.execute(ThrowableCollector.java:73)
	at org.junit.platform.engine.support.hierarchical.NodeTestTask.lambda$executeRecursively$8(NodeTestTask.java:141)
	at org.junit.platform.engine.support.hierarchical.Node.around(Node.java:137)
	at org.junit.platform.engine.support.hierarchical.NodeTestTask.lambda$executeRecursively$9(NodeTestTask.java:139)
	at org.junit.platform.engine.support.hierarchical.ThrowableCollector.execute(ThrowableCollector.java:73)
	at org.junit.platform.engine.support.hierarchical.NodeTestTask.executeRecursively(NodeTestTask.java:138)
	at org.junit.platform.engine.support.hierarchical.NodeTestTask.execute(NodeTestTask.java:95)
	at java.base/java.util.ArrayList.forEach(ArrayList.java:1597)
	at org.junit.platform.engine.support.hierarchical.SameThreadHierarchicalTestExecutorService.invokeAll(SameThreadHierarchicalTestExecutorService.java:41)
	at org.junit.platform.engine.support.hierarchical.NodeTestTask.lambda$executeRecursively$6(NodeTestTask.java:155)
	at org.junit.platform.engine.support.hierarchical.ThrowableCollector.execute(ThrowableCollector.java:73)
	at org.junit.platform.engine.support.hierarchical.NodeTestTask.lambda$executeRecursively$8(NodeTestTask.java:141)
	at org.junit.platform.engine.support.hierarchical.Node.around(Node.java:137)
	at org.junit.platform.engine.support.hierarchical.NodeTestTask.lambda$executeRecursively$9(NodeTestTask.java:139)
	at org.junit.platform.engine.support.hierarchical.ThrowableCollector.execute(ThrowableCollector.java:73)
	at org.junit.platform.engine.support.hierarchical.NodeTestTask.executeRecursively(NodeTestTask.java:138)
	at org.junit.platform.engine.support.hierarchical.NodeTestTask.execute(NodeTestTask.java:95)
	at org.junit.platform.engine.support.hierarchical.SameThreadHierarchicalTestExecutorService.submit(SameThreadHierarchicalTestExecutorService.java:35)
	at org.junit.platform.engine.support.hierarchical.HierarchicalTestExecutor.execute(HierarchicalTestExecutor.java:57)
	at org.junit.platform.engine.support.hierarchical.HierarchicalTestEngine.execute(HierarchicalTestEngine.java:54)
	at org.junit.platform.launcher.core.EngineExecutionOrchestrator.execute(EngineExecutionOrchestrator.java:198)
	at org.junit.platform.launcher.core.EngineExecutionOrchestrator.execute(EngineExecutionOrchestrator.java:169)
	at org.junit.platform.launcher.core.EngineExecutionOrchestrator.execute(EngineExecutionOrchestrator.java:93)
	at org.junit.platform.launcher.core.EngineExecutionOrchestrator.lambda$execute$0(EngineExecutionOrchestrator.java:58)
	at org.junit.platform.launcher.core.EngineExecutionOrchestrator.withInterceptedStreams(EngineExecutionOrchestrator.java:141)
	at org.junit.platform.launcher.core.EngineExecutionOrchestrator.execute(EngineExecutionOrchestrator.java:57)
	at org.junit.platform.launcher.core.DefaultLauncher.execute(DefaultLauncher.java:103)
	at org.junit.platform.launcher.core.DefaultLauncher.execute(DefaultLauncher.java:85)
	at org.junit.platform.launcher.core.DelegatingLauncher.execute(DelegatingLauncher.java:47)
	at org.apache.maven.surefire.junitplatform.LazyLauncher.execute(LazyLauncher.java:56)
	at org.apache.maven.surefire.junitplatform.JUnitPlatformProvider.execute(JUnitPlatformProvider.java:184)
	at org.apache.maven.surefire.junitplatform.JUnitPlatformProvider.invokeAllTests(JUnitPlatformProvider.java:148)
	at org.apache.maven.surefire.junitplatform.JUnitPlatformProvider.invoke(JUnitPlatformProvider.java:122)
	at org.apache.maven.surefire.booter.ForkedBooter.runSuitesInProcess(ForkedBooter.java:385)
	at org.apache.maven.surefire.booter.ForkedBooter.execute(ForkedBooter.java:162)
	at org.apache.maven.surefire.booter.ForkedBooter.run(ForkedBooter.java:507)
	at org.apache.maven.surefire.booter.ForkedBooter.main(ForkedBooter.java:495)

[ERRO] 2026-01-09 18:51:47.138 - Erro-36
  Exceção: java.lang.RuntimeException: Erro 36
java.lang.RuntimeException: Erro 36
	at testes.ErrorLoggerTest.testeLogNaoCresceIndefinidamente(ErrorLoggerTest.java:389)
	at java.base/jdk.internal.reflect.DirectMethodHandleAccessor.invoke(DirectMethodHandleAccessor.java:103)
	at java.base/java.lang.reflect.Method.invoke(Method.java:580)
	at org.junit.platform.commons.util.ReflectionUtils.invokeMethod(ReflectionUtils.java:728)
	at org.junit.jupiter.engine.execution.MethodInvocation.proceed(MethodInvocation.java:60)
	at org.junit.jupiter.engine.execution.InvocationInterceptorChain$ValidatingInvocation.proceed(InvocationInterceptorChain.java:131)
	at org.junit.jupiter.engine.extension.TimeoutExtension.intercept(TimeoutExtension.java:156)
	at org.junit.jupiter.engine.extension.TimeoutExtension.interceptTestableMethod(TimeoutExtension.java:147)
	at org.junit.jupiter.engine.extension.TimeoutExtension.interceptTestMethod(TimeoutExtension.java:86)
	at org.junit.jupiter.engine.execution.InterceptingExecutableInvoker$ReflectiveInterceptorCall.lambda$ofVoidMethod$0(InterceptingExecutableInvoker.java:103)
	at org.junit.jupiter.engine.execution.InterceptingExecutableInvoker.lambda$invoke$0(InterceptingExecutableInvoker.java:93)
	at org.junit.jupiter.engine.execution.InvocationInterceptorChain$InterceptedInvocation.proceed(InvocationInterceptorChain.java:106)
	at org.junit.jupiter.engine.execution.InvocationInterceptorChain.proceed(InvocationInterceptorChain.java:64)
	at org.junit.jupiter.engine.execution.InvocationInterceptorChain.chainAndInvoke(InvocationInterceptorChain.java:45)
	at org.junit.jupiter.engine.execution.InvocationInterceptorChain.invoke(InvocationInterceptorChain.java:37)
	at org.junit.jupiter.engine.execution.InterceptingExecutableInvoker.invoke(InterceptingExecutableInvoker.java:92)
	at org.junit.jupiter.engine.execution.InterceptingExecutableInvoker.invoke(InterceptingExecutableInvoker.java:86)
	at org.junit.jupiter.engine.descriptor.TestMethodTestDescriptor.lambda$invokeTestMethod$7(TestMethodTestDescriptor.java:218)
	at org.junit.platform.engine.support.hierarchical.ThrowableCollector.execute(ThrowableCollector.java:73)
	at org.junit.jupiter.engine.descriptor.TestMethodTestDescriptor.invokeTestMethod(TestMethodTestDescriptor.java:214)
	at org.junit.jupiter.engine.descriptor.TestMethodTestDescriptor.execute(TestMethodTestDescriptor.java:139)
	at org.junit.jupiter.engine.descriptor.TestMethodTestDescriptor.execute(TestMethodTestDescriptor.java:69)
	at org.junit.platform.engine.support.hierarchical.NodeTestTask.lambda$executeRecursively$6(NodeTestTask.java:151)
	at org.junit.platform.engine.support.hierarchical.ThrowableCollector.execute(ThrowableCollector.java:73)
	at org.junit.platform.engine.support.hierarchical.NodeTestTask.lambda$executeRecursively$8(NodeTestTask.java:141)
	at org.junit.platform.engine.support.hierarchical.Node.around(Node.java:137)
	at org.junit.platform.engine.support.hierarchical.NodeTestTask.lambda$executeRecursively$9(NodeTestTask.java:139)
	at org.junit.platform.engine.support.hierarchical.ThrowableCollector.execute(ThrowableCollector.java:73)
	at org.junit.platform.engine.support.hierarchical.NodeTestTask.executeRecursively(NodeTestTask.java:138)
	at org.junit.platform.engine.support.hierarchical.NodeTestTask.execute(NodeTestTask.java:95)
	at java.base/java.util.ArrayList.forEach(ArrayList.java:1597)
	at org.junit.platform.engine.support.hierarchical.SameThreadHierarchicalTestExecutorService.invokeAll(SameThreadHierarchicalTestExecutorService.java:41)
	at org.junit.platform.engine.support.hierarchical.NodeTestTask.lambda$executeRecursively$6(NodeTestTask.java:155)
	at org.junit.platform.engine.support.hierarchical.ThrowableCollector.execute(ThrowableCollector.java:73)
	at org.junit.platform.engine.support.hierarchical.NodeTestTask.lambda$executeRecursively$8(NodeTestTask.java:141)
	at org.junit.platform.engine.support.hierarchical.Node.around(Node.java:137)
	at org.junit.platform.engine.support.hierarchical.NodeTestTask.lambda$executeRecursively$9(NodeTestTask.java:139)
	at org.junit.platform.engine.support.hierarchical.ThrowableCollector.execute(ThrowableCollector.java:73)
	at org.junit.platform.engine.support.hierarchical.NodeTestTask.executeRecursively(NodeTestTask.java:138)
	at org.junit.platform.engine.support.hierarchical.NodeTestTask.execute(NodeTestTask.java:95)
	at java.base/java.util.ArrayList.forEach(ArrayList.java:1597)
	at org.junit.platform.engine.support.hierarchical.SameThreadHierarchicalTestExecutorService.invokeAll(SameThreadHierarchicalTestExecutorService.java:41)
	at org.junit.platform.engine.support.hierarchical.NodeTestTask.lambda$executeRecursively$6(NodeTestTask.java:155)
	at org.junit.platform.engine.support.hierarchical.ThrowableCollector.execute(ThrowableCollector.java:73)
	at org.junit.platform.engine.support.hierarchical.NodeTestTask.lambda$executeRecursively$8(NodeTestTask.java:141)
	at org.junit.platform.engine.support.hierarchical.Node.around(Node.java:137)
	at org.junit.platform.engine.support.hierarchical.NodeTestTask.lambda$executeRecursively$9(NodeTestTask.java:139)
	at org.junit.platform.engine.support.hierarchical.ThrowableCollector.execute(ThrowableCollector.java:73)
	at org.junit.platform.engine.support.hierarchical.NodeTestTask.executeRecursively(NodeTestTask.java:138)
	at org.junit.platform.engine.support.hierarchical.NodeTestTask.execute(NodeTestTask.java:95)
	at org.junit.platform.engine.support.hierarchical.SameThreadHierarchicalTestExecutorService.submit(SameThreadHierarchicalTestExecutorService.java:35)
	at org.junit.platform.engine.support.hierarchical.HierarchicalTestExecutor.execute(HierarchicalTestExecutor.java:57)
	at org.junit.platform.engine.support.hierarchical.HierarchicalTestEngine.execute(HierarchicalTestEngine.java:54)
	at org.junit.platform.launcher.core.EngineExecutionOrchestrator.execute(EngineExecutionOrchestrator.java:198)
	at org.junit.platform.launcher.core.EngineExecutionOrchestrator.execute(EngineExecutionOrchestrator.java:169)
	at org.junit.platform.launcher.core.EngineExecutionOrchestrator.execute(EngineExecutionOrchestrator.java:93)
	at org.junit.platform.launcher.core.EngineExecutionOrchestrator.lambda$execute$0(EngineExecutionOrchestrator.java:58)
	at org.junit.platform.launcher.core.EngineExecutionOrchestrator.withInterceptedStreams(EngineExecutionOrchestrator.java:141)
	at org.junit.platform.launcher.core.EngineExecutionOrchestrator.execute(EngineExecutionOrchestrator.java:57)
	at org.junit.platform.launcher.core.DefaultLauncher.execute(DefaultLauncher.java:103)
	at org.junit.platform.launcher.core.DefaultLauncher.execute(DefaultLauncher.java:85)
	at org.junit.platform.launcher.core.DelegatingLauncher.execute(DelegatingLauncher.java:47)
	at org.apache.maven.surefire.junitplatform.LazyLauncher.execute(LazyLauncher.java:56)
	at org.apache.maven.surefire.junitplatform.JUnitPlatformProvider.execute(JUnitPlatformProvider.java:184)
	at org.apache.maven.surefire.junitplatform.JUnitPlatformProvider.invokeAllTests(JUnitPlatformProvider.java:148)
	at org.apache.maven.surefire.junitplatform.JUnitPlatformProvider.invoke(JUnitPlatformProvider.java:122)
	at org.apache.maven.surefire.booter.ForkedBooter.runSuitesInProcess(ForkedBooter.java:385)
	at org.apache.maven.surefire.booter.ForkedBooter.execute(ForkedBooter.java:162)
	at org.apache.maven.surefire.booter.ForkedBooter.run(ForkedBooter.java:507)
	at org.apache.maven.surefire.booter.ForkedBooter.main(ForkedBooter.java:495)

[ERRO] 2026-01-09 18:51:47.138 - Erro-37
  Exceção: java.lang.RuntimeException: Erro 37
java.lang.RuntimeException: Erro 37
	at testes.ErrorLoggerTest.testeLogNaoCresceIndefinidamente(ErrorLoggerTest.java:389)
	at java.base/jdk.internal.reflect.DirectMethodHandleAccessor.invoke(DirectMethodHandleAccessor.java:103)
	at java.base/java.lang.reflect.Method.invoke(Method.java:580)
	at org.junit.platform.commons.util.ReflectionUtils.invokeMethod(ReflectionUtils.java:728)
	at org.junit.jupiter.engine.execution.MethodInvocation.proceed(MethodInvocation.java:60)
	at org.junit.jupiter.engine.execution.InvocationInterceptorChain$ValidatingInvocation.proceed(InvocationInterceptorChain.java:131)
	at org.junit.jupiter.engine.extension.TimeoutExtension.intercept(TimeoutExtension.java:156)
	at org.junit.jupiter.engine.extension.TimeoutExtension.interceptTestableMethod(TimeoutExtension.java:147)
	at org.junit.jupiter.engine.extension.TimeoutExtension.interceptTestMethod(TimeoutExtension.java:86)
	at org.junit.jupiter.engine.execution.InterceptingExecutableInvoker$ReflectiveInterceptorCall.lambda$ofVoidMethod$0(InterceptingExecutableInvoker.java:103)
	at org.junit.jupiter.engine.execution.InterceptingExecutableInvoker.lambda$invoke$0(InterceptingExecutableInvoker.java:93)
	at org.junit.jupiter.engine.execution.InvocationInterceptorChain$InterceptedInvocation.proceed(InvocationInterceptorChain.java:106)
	at org.junit.jupiter.engine.execution.InvocationInterceptorChain.proceed(InvocationInterceptorChain.java:64)
	at org.junit.jupiter.engine.execution.InvocationInterceptorChain.chainAndInvoke(InvocationInterceptorChain.java:45)
	at org.junit.jupiter.engine.execution.InvocationInterceptorChain.invoke(InvocationInterceptorChain.java:37)
	at org.junit.jupiter.engine.execution.InterceptingExecutableInvoker.invoke(InterceptingExecutableInvoker.java:92)
	at org.junit.jupiter.engine.execution.InterceptingExecutableInvoker.invoke(InterceptingExecutableInvoker.java:86)
	at org.junit.jupiter.engine.descriptor.TestMethodTestDescriptor.lambda$invokeTestMethod$7(TestMethodTestDescriptor.java:218)
	at org.junit.platform.engine.support.hierarchical.ThrowableCollector.execute(ThrowableCollector.java:73)
	at org.junit.jupiter.engine.descriptor.TestMethodTestDescriptor.invokeTestMethod(TestMethodTestDescriptor.java:214)
	at org.junit.jupiter.engine.descriptor.TestMethodTestDescriptor.execute(TestMethodTestDescriptor.java:139)
	at org.junit.jupiter.engine.descriptor.TestMethodTestDescriptor.execute(TestMethodTestDescriptor.java:69)
	at org.junit.platform.engine.support.hierarchical.NodeTestTask.lambda$executeRecursively$6(NodeTestTask.java:151)
	at org.junit.platform.engine.support.hierarchical.ThrowableCollector.execute(ThrowableCollector.java:73)
	at org.junit.platform.engine.support.hierarchical.NodeTestTask.lambda$executeRecursively$8(NodeTestTask.java:141)
	at org.junit.platform.engine.support.hierarchical.Node.around(Node.java:137)
	at org.junit.platform.engine.support.hierarchical.NodeTestTask.lambda$executeRecursively$9(NodeTestTask.java:139)
	at org.junit.platform.engine.support.hierarchical.ThrowableCollector.execute(ThrowableCollector.java:73)
	at org.junit.platform.engine.support.hierarchical.NodeTestTask.executeRecursively(NodeTestTask.java:138)
	at org.junit.platform.engine.support.hierarchical.NodeTestTask.execute(NodeTestTask.java:95)
	at java.base/java.util.ArrayList.forEach(ArrayList.java:1597)
	at org.junit.platform.engine.support.hierarchical.SameThreadHierarchicalTestExecutorService.invokeAll(SameThreadHierarchicalTestExecutorService.java:41)
	at org.junit.platform.engine.support.hierarchical.NodeTestTask.lambda$executeRecursively$6(NodeTestTask.java:155)
	at org.junit.platform.engine.support.hierarchical.ThrowableCollector.execute(ThrowableCollector.java:73)
	at org.junit.platform.engine.support.hierarchical.NodeTestTask.lambda$executeRecursively$8(NodeTestTask.java:141)
	at org.junit.platform.engine.support.hierarchical.Node.around(Node.java:137)
	at org.junit.platform.engine.support.hierarchical.NodeTestTask.lambda$executeRecursively$9(NodeTestTask.java:139)
	at org.junit.platform.engine.support.hierarchical.ThrowableCollector.execute(ThrowableCollector.java:73)
	at org.junit.platform.engine.support.hierarchical.NodeTestTask.executeRecursively(NodeTestTask.java:138)
	at org.junit.platform.engine.support.hierarchical.NodeTestTask.execute(NodeTestTask.java:95)
	at java.base/java.util.ArrayList.forEach(ArrayList.java:1597)
	at org.junit.platform.engine.support.hierarchical.SameThreadHierarchicalTestExecutorService.invokeAll(SameThreadHierarchicalTestExecutorService.java:41)
	at org.junit.platform.engine.support.hierarchical.NodeTestTask.lambda$executeRecursively$6(NodeTestTask.java:155)
	at org.junit.platform.engine.support.hierarchical.ThrowableCollector.execute(ThrowableCollector.java:73)
	at org.junit.platform.engine.support.hierarchical.NodeTestTask.lambda$executeRecursively$8(NodeTestTask.java:141)
	at org.junit.platform.engine.support.hierarchical.Node.around(Node.java:137)
	at org.junit.platform.engine.support.hierarchical.NodeTestTask.lambda$executeRecursively$9(NodeTestTask.java:139)
	at org.junit.platform.engine.support.hierarchical.ThrowableCollector.execute(ThrowableCollector.java:73)
	at org.junit.platform.engine.support.hierarchical.NodeTestTask.executeRecursively(NodeTestTask.java:138)
	at org.junit.platform.engine.support.hierarchical.NodeTestTask.execute(NodeTestTask.java:95)
	at org.junit.platform.engine.support.hierarchical.SameThreadHierarchicalTestExecutorService.submit(SameThreadHierarchicalTestExecutorService.java:35)
	at org.junit.platform.engine.support.hierarchical.HierarchicalTestExecutor.execute(HierarchicalTestExecutor.java:57)
	at org.junit.platform.engine.support.hierarchical.HierarchicalTestEngine.execute(HierarchicalTestEngine.java:54)
	at org.junit.platform.launcher.core.EngineExecutionOrchestrator.execute(EngineExecutionOrchestrator.java:198)
	at org.junit.platform.launcher.core.EngineExecutionOrchestrator.execute(EngineExecutionOrchestrator.java:169)
	at org.junit.platform.launcher.core.EngineExecutionOrchestrator.execute(EngineExecutionOrchestrator.java:93)
	at org.junit.platform.launcher.core.EngineExecutionOrchestrator.lambda$execute$0(EngineExecutionOrchestrator.java:58)
	at org.junit.platform.launcher.core.EngineExecutionOrchestrator.withInterceptedStreams(EngineExecutionOrchestrator.java:141)
	at org.junit.platform.launcher.core.EngineExecutionOrchestrator.execute(EngineExecutionOrchestrator.java:57)
	at org.junit.platform.launcher.core.DefaultLauncher.execute(DefaultLauncher.java:103)
	at org.junit.platform.launcher.core.DefaultLauncher.execute(DefaultLauncher.java:85)
	at org.junit.platform.launcher.core.DelegatingLauncher.execute(DelegatingLauncher.java:47)
	at org.apache.maven.surefire.junitplatform.LazyLauncher.execute(LazyLauncher.java:56)
	at org.apache.maven.surefire.junitplatform.JUnitPlatformProvider.execute(JUnitPlatformProvider.java:184)
	at org.apache.maven.surefire.junitplatform.JUnitPlatformProvider.invokeAllTests(JUnitPlatformProvider.java:148)
	at org.apache.maven.surefire.junitplatform.JUnitPlatformProvider.invoke(JUnitPlatformProvider.java:122)
	at org.apache.maven.surefire.booter.ForkedBooter.runSuitesInProcess(ForkedBooter.java:385)
	at org.apache.maven.surefire.booter.ForkedBooter.execute(ForkedBooter.java:162)
	at org.apache.maven.surefire.booter.ForkedBooter.run(ForkedBooter.java:507)
	at org.apache.maven.surefire.booter.ForkedBooter.main(ForkedBooter.java:495)

[ERRO] 2026-01-09 18:51:47.139 - Erro-38
  Exceção: java.lang.RuntimeException: Erro 38
java.lang.RuntimeException: Erro 38
	at testes.ErrorLoggerTest.testeLogNaoCresceIndefinidamente(ErrorLoggerTest.java:389)
	at java.base/jdk.internal.reflect.DirectMethodHandleAccessor.invoke(DirectMethodHandleAccessor.java:103)
	at java.base/java.lang.reflect.Method.invoke(Method.java:580)
	at org.junit.platform.commons.util.ReflectionUtils.invokeMethod(ReflectionUtils.java:728)
	at org.junit.jupiter.engine.execution.MethodInvocation.proceed(MethodInvocation.java:60)
	at org.junit.jupiter.engine.execution.InvocationInterceptorChain$ValidatingInvocation.proceed(InvocationInterceptorChain.java:131)
	at org.junit.jupiter.engine.extension.TimeoutExtension.intercept(TimeoutExtension.java:156)
	at org.junit.jupiter.engine.extension.TimeoutExtension.interceptTestableMethod(TimeoutExtension.java:147)
	at org.junit.jupiter.engine.extension.TimeoutExtension.interceptTestMethod(TimeoutExtension.java:86)
	at org.junit.jupiter.engine.execution.InterceptingExecutableInvoker$ReflectiveInterceptorCall.lambda$ofVoidMethod$0(InterceptingExecutableInvoker.java:103)
	at org.junit.jupiter.engine.execution.InterceptingExecutableInvoker.lambda$invoke$0(InterceptingExecutableInvoker.java:93)
	at org.junit.jupiter.engine.execution.InvocationInterceptorChain$InterceptedInvocation.proceed(InvocationInterceptorChain.java:106)
	at org.junit.jupiter.engine.execution.InvocationInterceptorChain.proceed(InvocationInterceptorChain.java:64)
	at org.junit.jupiter.engine.execution.InvocationInterceptorChain.chainAndInvoke(InvocationInterceptorChain.java:45)
	at org.junit.jupiter.engine.execution.InvocationInterceptorChain.invoke(InvocationInterceptorChain.java:37)
	at org.junit.jupiter.engine.execution.InterceptingExecutableInvoker.invoke(InterceptingExecutableInvoker.java:92)
	at org.junit.jupiter.engine.execution.InterceptingExecutableInvoker.invoke(InterceptingExecutableInvoker.java:86)
	at org.junit.jupiter.engine.descriptor.TestMethodTestDescriptor.lambda$invokeTestMethod$7(TestMethodTestDescriptor.java:218)
	at org.junit.platform.engine.support.hierarchical.ThrowableCollector.execute(ThrowableCollector.java:73)
	at org.junit.jupiter.engine.descriptor.TestMethodTestDescriptor.invokeTestMethod(TestMethodTestDescriptor.java:214)
	at org.junit.jupiter.engine.descriptor.TestMethodTestDescriptor.execute(TestMethodTestDescriptor.java:139)
	at org.junit.jupiter.engine.descriptor.TestMethodTestDescriptor.execute(TestMethodTestDescriptor.java:69)
	at org.junit.platform.engine.support.hierarchical.NodeTestTask.lambda$executeRecursively$6(NodeTestTask.java:151)
	at org.junit.platform.engine.support.hierarchical.ThrowableCollector.execute(ThrowableCollector.java:73)
	at org.junit.platform.engine.support.hierarchical.NodeTestTask.lambda$executeRecursively$8(NodeTestTask.java:141)
	at org.junit.platform.engine.support.hierarchical.Node.around(Node.java:137)
	at org.junit.platform.engine.support.hierarchical.NodeTestTask.lambda$executeRecursively$9(NodeTestTask.java:139)
	at org.junit.platform.engine.support.hierarchical.ThrowableCollector.execute(ThrowableCollector.java:73)
	at org.junit.platform.engine.support.hierarchical.NodeTestTask.executeRecursively(NodeTestTask.java:138)
	at org.junit.platform.engine.support.hierarchical.NodeTestTask.execute(NodeTestTask.java:95)
	at java.base/java.util.ArrayList.forEach(ArrayList.java:1597)
	at org.junit.platform.engine.support.hierarchical.SameThreadHierarchicalTestExecutorService.invokeAll(SameThreadHierarchicalTestExecutorService.java:41)
	at org.junit.platform.engine.support.hierarchical.NodeTestTask.lambda$executeRecursively$6(NodeTestTask.java:155)
	at org.junit.platform.engine.support.hierarchical.ThrowableCollector.execute(ThrowableCollector.java:73)
	at org.junit.platform.engine.support.hierarchical.NodeTestTask.lambda$executeRecursively$8(NodeTestTask.java:141)
	at org.junit.platform.engine.support.hierarchical.Node.around(Node.java:137)
	at org.junit.platform.engine.support.hierarchical.NodeTestTask.lambda$executeRecursively$9(NodeTestTask.java:139)
	at org.junit.platform.engine.support.hierarchical.ThrowableCollector.execute(ThrowableCollector.java:73)
	at org.junit.platform.engine.support.hierarchical.NodeTestTask.executeRecursively(NodeTestTask.java:138)
	at org.junit.platform.engine.support.hierarchical.NodeTestTask.execute(NodeTestTask.java:95)
	at java.base/java.util.ArrayList.forEach(ArrayList.java:1597)
	at org.junit.platform.engine.support.hierarchical.SameThreadHierarchicalTestExecutorService.invokeAll(SameThreadHierarchicalTestExecutorService.java:41)
	at org.junit.platform.engine.support.hierarchical.NodeTestTask.lambda$executeRecursively$6(NodeTestTask.java:155)
	at org.junit.platform.engine.support.hierarchical.ThrowableCollector.execute(ThrowableCollector.java:73)
	at org.junit.platform.engine.support.hierarchical.NodeTestTask.lambda$executeRecursively$8(NodeTestTask.java:141)
	at org.junit.platform.engine.support.hierarchical.Node.around(Node.java:137)
	at org.junit.platform.engine.support.hierarchical.NodeTestTask.lambda$executeRecursively$9(NodeTestTask.java:139)
	at org.junit.platform.engine.support.hierarchical.ThrowableCollector.execute(ThrowableCollector.java:73)
	at org.junit.platform.engine.support.hierarchical.NodeTestTask.executeRecursively(NodeTestTask.java:138)
	at org.junit.platform.engine.support.hierarchical.NodeTestTask.execute(NodeTestTask.java:95)
	at org.junit.platform.engine.support.hierarchical.SameThreadHierarchicalTestExecutorService.submit(SameThreadHierarchicalTestExecutorService.java:35)
	at org.junit.platform.engine.support.hierarchical.HierarchicalTestExecutor.execute(HierarchicalTestExecutor.java:57)
	at org.junit.platform.engine.support.hierarchical.HierarchicalTestEngine.execute(HierarchicalTestEngine.java:54)
	at org.junit.platform.launcher.core.EngineExecutionOrchestrator.execute(EngineExecutionOrchestrator.java:198)
	at org.junit.platform.launcher.core.EngineExecutionOrchestrator.execute(EngineExecutionOrchestrator.java:169)
	at org.junit.platform.launcher.core.EngineExecutionOrchestrator.execute(EngineExecutionOrchestrator.java:93)
	at org.junit.platform.launcher.core.EngineExecutionOrchestrator.lambda$execute$0(EngineExecutionOrchestrator.java:58)
	at org.junit.platform.launcher.core.EngineExecutionOrchestrator.withInterceptedStreams(EngineExecutionOrchestrator.java:141)
	at org.junit.platform.launcher.core.EngineExecutionOrchestrator.execute(EngineExecutionOrchestrator.java:57)
	at org.junit.platform.launcher.core.DefaultLauncher.execute(DefaultLauncher.java:103)
	at org.junit.platform.launcher.core.DefaultLauncher.execute(DefaultLauncher.java:85)
	at org.junit.platform.launcher.core.DelegatingLauncher.execute(DelegatingLauncher.java:47)
	at org.apache.maven.surefire.junitplatform.LazyLauncher.execute(LazyLauncher.java:56)
	at org.apache.maven.surefire.junitplatform.JUnitPlatformProvider.execute(JUnitPlatformProvider.java:184)
	at org.apache.maven.surefire.junitplatform.JUnitPlatformProvider.invokeAllTests(JUnitPlatformProvider.java:148)
	at org.apache.maven.surefire.junitplatform.JUnitPlatformProvider.invoke(JUnitPlatformProvider.java:122)
	at org.apache.maven.surefire.booter.ForkedBooter.runSuitesInProcess(ForkedBooter.java:385)
	at org.apache.maven.surefire.booter.ForkedBooter.execute(ForkedBooter.java:162)
	at org.apache.maven.surefire.booter.ForkedBooter.run(ForkedBooter.java:507)
	at org.apache.maven.surefire.booter.ForkedBooter.main(ForkedBooter.java:495)

[ERRO] 2026-01-09 18:51:47.139 - Erro-39
  Exceção: java.lang.RuntimeException: Erro 39
java.lang.RuntimeException: Erro 39
	at testes.ErrorLoggerTest.testeLogNaoCresceIndefinidamente(ErrorLoggerTest.java:389)
	at java.base/jdk.internal.reflect.DirectMethodHandleAccessor.invoke(DirectMethodHandleAccessor.java:103)
	at java.base/java.lang.reflect.Method.invoke(Method.java:580)
	at org.junit.platform.commons.util.ReflectionUtils.invokeMethod(ReflectionUtils.java:728)
	at org.junit.jupiter.engine.execution.MethodInvocation.proceed(MethodInvocation.java:60)
	at org.junit.jupiter.engine.execution.InvocationInterceptorChain$ValidatingInvocation.proceed(InvocationInterceptorChain.java:131)
	at org.junit.jupiter.engine.extension.TimeoutExtension.intercept(TimeoutExtension.java:156)
	at org.junit.jupiter.engine.extension.TimeoutExtension.interceptTestableMethod(TimeoutExtension.java:147)
	at org.junit.jupiter.engine.extension.TimeoutExtension.interceptTestMethod(TimeoutExtension.java:86)
	at org.junit.jupiter.engine.execution.InterceptingExecutableInvoker$ReflectiveInterceptorCall.lambda$ofVoidMethod$0(InterceptingExecutableInvoker.java:103)
	at org.junit.jupiter.engine.execution.InterceptingExecutableInvoker.lambda$invoke$0(InterceptingExecutableInvoker.java:93)
	at org.junit.jupiter.engine.execution.InvocationInterceptorChain$InterceptedInvocation.proceed(InvocationInterceptorChain.java:106)
	at org.junit.jupiter.engine.execution.InvocationInterceptorChain.proceed(InvocationInterceptorChain.java:64)
	at org.junit.jupiter.engine.execution.InvocationInterceptorChain.chainAndInvoke(InvocationInterceptorChain.java:45)
	at org.junit.jupiter.engine.execution.InvocationInterceptorChain.invoke(InvocationInterceptorChain.java:37)
	at org.junit.jupiter.engine.execution.InterceptingExecutableInvoker.invoke(InterceptingExecutableInvoker.java:92)
	at org.junit.jupiter.engine.execution.InterceptingExecutableInvoker.invoke(InterceptingExecutableInvoker.java:86)
	at org.junit.jupiter.engine.descriptor.TestMethodTestDescriptor.lambda$invokeTestMethod$7(TestMethodTestDescriptor.java:218)
	at org.junit.platform.engine.support.hierarchical.ThrowableCollector.execute(ThrowableCollector.java:73)
	at org.junit.jupiter.engine.descriptor.TestMethodTestDescriptor.invokeTestMethod(TestMethodTestDescriptor.java:214)
	at org.junit.jupiter.engine.descriptor.TestMethodTestDescriptor.execute(TestMethodTestDescriptor.java:139)
	at org.junit.jupiter.engine.descriptor.TestMethodTestDescriptor.execute(TestMethodTestDescriptor.java:69)
	at org.junit.platform.engine.support.hierarchical.NodeTestTask.lambda$executeRecursively$6(NodeTestTask.java:151)
	at org.junit.platform.engine.support.hierarchical.ThrowableCollector.execute(ThrowableCollector.java:73)
	at org.junit.platform.engine.support.hierarchical.NodeTestTask.lambda$executeRecursively$8(NodeTestTask.java:141)
	at org.junit.platform.engine.support.hierarchical.Node.around(Node.java:137)
	at org.junit.platform.engine.support.hierarchical.NodeTestTask.lambda$executeRecursively$9(NodeTestTask.java:139)
	at org.junit.platform.engine.support.hierarchical.ThrowableCollector.execute(ThrowableCollector.java:73)
	at org.junit.platform.engine.support.hierarchical.NodeTestTask.executeRecursively(NodeTestTask.java:138)
	at org.junit.platform.engine.support.hierarchical.NodeTestTask.execute(NodeTestTask.java:95)
	at java.base/java.util.ArrayList.forEach(ArrayList.java:1597)
	at org.junit.platform.engine.support.hierarchical.SameThreadHierarchicalTestExecutorService.invokeAll(SameThreadHierarchicalTestExecutorService.java:41)
	at org.junit.platform.engine.support.hierarchical.NodeTestTask.lambda$executeRecursively$6(NodeTestTask.java:155)
	at org.junit.platform.engine.support.hierarchical.ThrowableCollector.execute(ThrowableCollector.java:73)
	at org.junit.platform.engine.support.hierarchical.NodeTestTask.lambda$executeRecursively$8(NodeTestTask.java:141)
	at org.junit.platform.engine.support.hierarchical.Node.around(Node.java:137)
	at org.junit.platform.engine.support.hierarchical.NodeTestTask.lambda$executeRecursively$9(NodeTestTask.java:139)
	at org.junit.platform.engine.support.hierarchical.ThrowableCollector.execute(ThrowableCollector.java:73)
	at org.junit.platform.engine.support.hierarchical.NodeTestTask.executeRecursively(NodeTestTask.java:138)
	at org.junit.platform.engine.support.hierarchical.NodeTestTask.execute(NodeTestTask.java:95)
	at java.base/java.util.ArrayList.forEach(ArrayList.java:1597)
	at org.junit.platform.engine.support.hierarchical.SameThreadHierarchicalTestExecutorService.invokeAll(SameThreadHierarchicalTestExecutorService.java:41)
	at org.junit.platform.engine.support.hierarchical.NodeTestTask.lambda$executeRecursively$6(NodeTestTask.java:155)
	at org.junit.platform.engine.support.hierarchical.ThrowableCollector.execute(ThrowableCollector.java:73)
	at org.junit.platform.engine.support.hierarchical.NodeTestTask.lambda$executeRecursively$8(NodeTestTask.java:141)
	at org.junit.platform.engine.support.hierarchical.Node.around(Node.java:137)
	at org.junit.platform.engine.support.hierarchical.NodeTestTask.lambda$executeRecursively$9(NodeTestTask.java:139)
	at org.junit.platform.engine.support.hierarchical.ThrowableCollector.execute(ThrowableCollector.java:73)
	at org.junit.platform.engine.support.hierarchical.NodeTestTask.executeRecursively(NodeTestTask.java:138)
	at org.junit.platform.engine.support.hierarchical.NodeTestTask.execute(NodeTestTask.java:95)
	at org.junit.platform.engine.support.hierarchical.SameThreadHierarchicalTestExecutorService.submit(SameThreadHierarchicalTestExecutorService.java:35)
	at org.junit.platform.engine.support.hierarchical.HierarchicalTestExecutor.execute(HierarchicalTestExecutor.java:57)
	at org.junit.platform.engine.support.hierarchical.HierarchicalTestEngine.execute(HierarchicalTestEngine.java:54)
	at org.junit.platform.launcher.core.EngineExecutionOrchestrator.execute(EngineExecutionOrchestrator.java:198)
	at org.junit.platform.launcher.core.EngineExecutionOrchestrator.execute(EngineExecutionOrchestrator.java:169)
	at org.junit.platform.launcher.core.EngineExecutionOrchestrator.execute(EngineExecutionOrchestrator.java:93)
	at org.junit.platform.launcher.core.EngineExecutionOrchestrator.lambda$execute$0(EngineExecutionOrchestrator.java:58)
	at org.junit.platform.launcher.core.EngineExecutionOrchestrator.withInterceptedStreams(EngineExecutionOrchestrator.java:141)
	at org.junit.platform.launcher.core.EngineExecutionOrchestrator.execute(EngineExecutionOrchestrator.java:57)
	at org.junit.platform.launcher.core.DefaultLauncher.execute(DefaultLauncher.java:103)
	at org.junit.platform.launcher.core.DefaultLauncher.execute(DefaultLauncher.java:85)
	at org.junit.platform.launcher.core.DelegatingLauncher.execute(DelegatingLauncher.java:47)
	at org.apache.maven.surefire.junitplatform.LazyLauncher.execute(LazyLauncher.java:56)
	at org.apache.maven.surefire.junitplatform.JUnitPlatformProvider.execute(JUnitPlatformProvider.java:184)
	at org.apache.maven.surefire.junitplatform.JUnitPlatformProvider.invokeAllTests(JUnitPlatformProvider.java:148)
	at org.apache.maven.surefire.junitplatform.JUnitPlatformProvider.invoke(JUnitPlatformProvider.java:122)
	at org.apache.maven.surefire.booter.ForkedBooter.runSuitesInProcess(ForkedBooter.java:385)
	at org.apache.maven.surefire.booter.ForkedBooter.execute(ForkedBooter.java:162)
	at org.apache.maven.surefire.booter.ForkedBooter.run(ForkedBooter.java:507)
	at org.apache.maven.surefire.booter.ForkedBooter.main(ForkedBooter.java:495)

[ERRO] 2026-01-09 18:51:47.139 - Erro-40
  Exceção: java.lang.RuntimeException: Erro 40
java.lang.RuntimeException: Erro 40
	at testes.ErrorLoggerTest.testeLogNaoCresceIndefinidamente(ErrorLoggerTest.java:389)
	at java.base/jdk.internal.reflect.DirectMethodHandleAccessor.invoke(DirectMethodHandleAccessor.java:103)
	at java.base/java.lang.reflect.Method.invoke(Method.java:580)
	at org.junit.platform.commons.util.ReflectionUtils.invokeMethod(ReflectionUtils.java:728)
	at org.junit.jupiter.engine.execution.MethodInvocation.proceed(MethodInvocation.java:60)
	at org.junit.jupiter.engine.execution.InvocationInterceptorChain$ValidatingInvocation.proceed(InvocationInterceptorChain.java:131)
	at org.junit.jupiter.engine.extension.TimeoutExtension.intercept(TimeoutExtension.java:156)
	at org.junit.jupiter.engine.extension.TimeoutExtension.interceptTestableMethod(TimeoutExtension.java:147)
	at org.junit.jupiter.engine.extension.TimeoutExtension.interceptTestMethod(TimeoutExtension.java:86)
	at org.junit.jupiter.engine.execution.InterceptingExecutableInvoker$ReflectiveInterceptorCall.lambda$ofVoidMethod$0(InterceptingExecutableInvoker.java:103)
	at org.junit.jupiter.engine.execution.InterceptingExecutableInvoker.lambda$invoke$0(InterceptingExecutableInvoker.java:93)
	at org.junit.jupiter.engine.execution.InvocationInterceptorChain$InterceptedInvocation.proceed(InvocationInterceptorChain.java:106)
	at org.junit.jupiter.engine.execution.InvocationInterceptorChain.proceed(InvocationInterceptorChain.java:64)
	at org.junit.jupiter.engine.execution.InvocationInterceptorChain.chainAndInvoke(InvocationInterceptorChain.java:45)
	at org.junit.jupiter.engine.execution.InvocationInterceptorChain.invoke(InvocationInterceptorChain.java:37)
	at org.junit.jupiter.engine.execution.InterceptingExecutableInvoker.invoke(InterceptingExecutableInvoker.java:92)
	at org.junit.jupiter.engine.execution.InterceptingExecutableInvoker.invoke(InterceptingExecutableInvoker.java:86)
	at org.junit.jupiter.engine.descriptor.TestMethodTestDescriptor.lambda$invokeTestMethod$7(TestMethodTestDescriptor.java:218)
	at org.junit.platform.engine.support.hierarchical.ThrowableCollector.execute(ThrowableCollector.java:73)
	at org.junit.jupiter.engine.descriptor.TestMethodTestDescriptor.invokeTestMethod(TestMethodTestDescriptor.java:214)
	at org.junit.jupiter.engine.descriptor.TestMethodTestDescriptor.execute(TestMethodTestDescriptor.java:139)
	at org.junit.jupiter.engine.descriptor.TestMethodTestDescriptor.execute(TestMethodTestDescriptor.java:69)
	at org.junit.platform.engine.support.hierarchical.NodeTestTask.lambda$executeRecursively$6(NodeTestTask.java:151)
	at org.junit.platform.engine.support.hierarchical.ThrowableCollector.execute(ThrowableCollector.java:73)
	at org.junit.platform.engine.support.hierarchical.NodeTestTask.lambda$executeRecursively$8(NodeTestTask.java:141)
	at org.junit.platform.engine.support.hierarchical.Node.around(Node.java:137)
	at org.junit.platform.engine.support.hierarchical.NodeTestTask.lambda$executeRecursively$9(NodeTestTask.java:139)
	at org.junit.platform.engine.support.hierarchical.ThrowableCollector.execute(ThrowableCollector.java:73)
	at org.junit.platform.engine.support.hierarchical.NodeTestTask.executeRecursively(NodeTestTask.java:138)
	at org.junit.platform.engine.support.hierarchical.NodeTestTask.execute(NodeTestTask.java:95)
	at java.base/java.util.ArrayList.forEach(ArrayList.java:1597)
	at org.junit.platform.engine.support.hierarchical.SameThreadHierarchicalTestExecutorService.invokeAll(SameThreadHierarchicalTestExecutorService.java:41)
	at org.junit.platform.engine.support.hierarchical.NodeTestTask.lambda$executeRecursively$6(NodeTestTask.java:155)
	at org.junit.platform.engine.support.hierarchical.ThrowableCollector.execute(ThrowableCollector.java:73)
	at org.junit.platform.engine.support.hierarchical.NodeTestTask.lambda$executeRecursively$8(NodeTestTask.java:141)
	at org.junit.platform.engine.support.hierarchical.Node.around(Node.java:137)
	at org.junit.platform.engine.support.hierarchical.NodeTestTask.lambda$executeRecursively$9(NodeTestTask.java:139)
	at org.junit.platform.engine.support.hierarchical.ThrowableCollector.execute(ThrowableCollector.java:73)
	at org.junit.platform.engine.support.hierarchical.NodeTestTask.executeRecursively(NodeTestTask.java:138)
	at org.junit.platform.engine.support.hierarchical.NodeTestTask.execute(NodeTestTask.java:95)
	at java.base/java.util.ArrayList.forEach(ArrayList.java:1597)
	at org.junit.platform.engine.support.hierarchical.SameThreadHierarchicalTestExecutorService.invokeAll(SameThreadHierarchicalTestExecutorService.java:41)
	at org.junit.platform.engine.support.hierarchical.NodeTestTask.lambda$executeRecursively$6(NodeTestTask.java:155)
	at org.junit.platform.engine.support.hierarchical.ThrowableCollector.execute(ThrowableCollector.java:73)
	at org.junit.platform.engine.support.hierarchical.NodeTestTask.lambda$executeRecursively$8(NodeTestTask.java:141)
	at org.junit.platform.engine.support.hierarchical.Node.around(Node.java:137)
	at org.junit.platform.engine.support.hierarchical.NodeTestTask.lambda$executeRecursively$9(NodeTestTask.java:139)
	at org.junit.platform.engine.support.hierarchical.ThrowableCollector.execute(ThrowableCollector.java:73)
	at org.junit.platform.engine.support.hierarchical.NodeTestTask.executeRecursively(NodeTestTask.java:138)
	at org.junit.platform.engine.support.hierarchical.NodeTestTask.execute(NodeTestTask.java:95)
	at org.junit.platform.engine.support.hierarchical.SameThreadHierarchicalTestExecutorService.submit(SameThreadHierarchicalTestExecutorService.java:35)
	at org.junit.platform.engine.support.hierarchical.HierarchicalTestExecutor.execute(HierarchicalTestExecutor.java:57)
	at org.junit.platform.engine.support.hierarchical.HierarchicalTestEngine.execute(HierarchicalTestEngine.java:54)
	at org.junit.platform.launcher.core.EngineExecutionOrchestrator.execute(EngineExecutionOrchestrator.java:198)
	at org.junit.platform.launcher.core.EngineExecutionOrchestrator.execute(EngineExecutionOrchestrator.java:169)
	at org.junit.platform.launcher.core.EngineExecutionOrchestrator.execute(EngineExecutionOrchestrator.java:93)
	at org.junit.platform.launcher.core.EngineExecutionOrchestrator.lambda$execute$0(EngineExecutionOrchestrator.java:58)
	at org.junit.platform.launcher.core.EngineExecutionOrchestrator.withInterceptedStreams(EngineExecutionOrchestrator.java:141)
	at org.junit.platform.launcher.core.EngineExecutionOrchestrator.execute(EngineExecutionOrchestrator.java:57)
	at org.junit.platform.launcher.core.DefaultLauncher.execute(DefaultLauncher.java:103)
	at org.junit.platform.launcher.core.DefaultLauncher.execute(DefaultLauncher.java:85)
	at org.junit.platform.launcher.core.DelegatingLauncher.execute(DelegatingLauncher.java:47)
	at org.apache.maven.surefire.junitplatform.LazyLauncher.execute(LazyLauncher.java:56)
	at org.apache.maven.surefire.junitplatform.JUnitPlatformProvider.execute(JUnitPlatformProvider.java:184)
	at org.apache.maven.surefire.junitplatform.JUnitPlatformProvider.invokeAllTests(JUnitPlatformProvider.java:148)
	at org.apache.maven.surefire.junitplatform.JUnitPlatformProvider.invoke(JUnitPlatformProvider.java:122)
	at org.apache.maven.surefire.booter.ForkedBooter.runSuitesInProcess(ForkedBooter.java:385)
	at org.apache.maven.surefire.booter.ForkedBooter.execute(ForkedBooter.java:162)
	at org.apache.maven.surefire.booter.ForkedBooter.run(ForkedBooter.java:507)
	at org.apache.maven.surefire.booter.ForkedBooter.main(ForkedBooter.java:495)

[ERRO] 2026-01-09 18:51:47.140 - Erro-41
  Exceção: java.lang.RuntimeException: Erro 41
java.lang.RuntimeException: Erro 41
	at testes.ErrorLoggerTest.testeLogNaoCresceIndefinidamente(ErrorLoggerTest.java:389)
	at java.base/jdk.internal.reflect.DirectMethodHandleAccessor.invoke(DirectMethodHandleAccessor.java:103)
	at java.base/java.lang.reflect.Method.invoke(Method.java:580)
	at org.junit.platform.commons.util.ReflectionUtils.invokeMethod(ReflectionUtils.java:728)
	at org.junit.jupiter.engine.execution.MethodInvocation.proceed(MethodInvocation.java:60)
	at org.junit.jupiter.engine.execution.InvocationInterceptorChain$ValidatingInvocation.proceed(InvocationInterceptorChain.java:131)
	at org.junit.jupiter.engine.extension.TimeoutExtension.intercept(TimeoutExtension.java:156)
	at org.junit.jupiter.engine.extension.TimeoutExtension.interceptTestableMethod(TimeoutExtension.java:147)
	at org.junit.jupiter.engine.extension.TimeoutExtension.interceptTestMethod(TimeoutExtension.java:86)
	at org.junit.jupiter.engine.execution.InterceptingExecutableInvoker$ReflectiveInterceptorCall.lambda$ofVoidMethod$0(InterceptingExecutableInvoker.java:103)
	at org.junit.jupiter.engine.execution.InterceptingExecutableInvoker.lambda$invoke$0(InterceptingExecutableInvoker.java:93)
	at org.junit.jupiter.engine.execution.InvocationInterceptorChain$InterceptedInvocation.proceed(InvocationInterceptorChain.java:106)
	at org.junit.jupiter.engine.execution.InvocationInterceptorChain.proceed(InvocationInterceptorChain.java:64)
	at org.junit.jupiter.engine.execution.InvocationInterceptorChain.chainAndInvoke(InvocationInterceptorChain.java:45)
	at org.junit.jupiter.engine.execution.InvocationInterceptorChain.invoke(InvocationInterceptorChain.java:37)
	at org.junit.jupiter.engine.execution.InterceptingExecutableInvoker.invoke(InterceptingExecutableInvoker.java:92)
	at org.junit.jupiter.engine.execution.InterceptingExecutableInvoker.invoke(InterceptingExecutableInvoker.java:86)
	at org.junit.jupiter.engine.descriptor.TestMethodTestDescriptor.lambda$invokeTestMethod$7(TestMethodTestDescriptor.java:218)
	at org.junit.platform.engine.support.hierarchical.ThrowableCollector.execute(ThrowableCollector.java:73)
	at org.junit.jupiter.engine.descriptor.TestMethodTestDescriptor.invokeTestMethod(TestMethodTestDescriptor.java:214)
	at org.junit.jupiter.engine.descriptor.TestMethodTestDescriptor.execute(TestMethodTestDescriptor.java:139)
	at org.junit.jupiter.engine.descriptor.TestMethodTestDescriptor.execute(TestMethodTestDescriptor.java:69)
	at org.junit.platform.engine.support.hierarchical.NodeTestTask.lambda$executeRecursively$6(NodeTestTask.java:151)
	at org.junit.platform.engine.support.hierarchical.ThrowableCollector.execute(ThrowableCollector.java:73)
	at org.junit.platform.engine.support.hierarchical.NodeTestTask.lambda$executeRecursively$8(NodeTestTask.java:141)
	at org.junit.platform.engine.support.hierarchical.Node.around(Node.java:137)
	at org.junit.platform.engine.support.hierarchical.NodeTestTask.lambda$executeRecursively$9(NodeTestTask.java:139)
	at org.junit.platform.engine.support.hierarchical.ThrowableCollector.execute(ThrowableCollector.java:73)
	at org.junit.platform.engine.support.hierarchical.NodeTestTask.executeRecursively(NodeTestTask.java:138)
	at org.junit.platform.engine.support.hierarchical.NodeTestTask.execute(NodeTestTask.java:95)
	at java.base/java.util.ArrayList.forEach(ArrayList.java:1597)
	at org.junit.platform.engine.support.hierarchical.SameThreadHierarchicalTestExecutorService.invokeAll(SameThreadHierarchicalTestExecutorService.java:41)
	at org.junit.platform.engine.support.hierarchical.NodeTestTask.lambda$executeRecursively$6(NodeTestTask.java:155)
	at org.junit.platform.engine.support.hierarchical.ThrowableCollector.execute(ThrowableCollector.java:73)
	at org.junit.platform.engine.support.hierarchical.NodeTestTask.lambda$executeRecursively$8(NodeTestTask.java:141)
	at org.junit.platform.engine.support.hierarchical.Node.around(Node.java:137)
	at org.junit.platform.engine.support.hierarchical.NodeTestTask.lambda$executeRecursively$9(NodeTestTask.java:139)
	at org.junit.platform.engine.support.hierarchical.ThrowableCollector.execute(ThrowableCollector.java:73)
	at org.junit.platform.engine.support.hierarchical.NodeTestTask.executeRecursively(NodeTestTask.java:138)
	at org.junit.platform.engine.support.hierarchical.NodeTestTask.execute(NodeTestTask.java:95)
	at java.base/java.util.ArrayList.forEach(ArrayList.java:1597)
	at org.junit.platform.engine.support.hierarchical.SameThreadHierarchicalTestExecutorService.invokeAll(SameThreadHierarchicalTestExecutorService.java:41)
	at org.junit.platform.engine.support.hierarchical.NodeTestTask.lambda$executeRecursively$6(NodeTestTask.java:155)
	at org.junit.platform.engine.support.hierarchical.ThrowableCollector.execute(ThrowableCollector.java:73)
	at org.junit.platform.engine.support.hierarchical.NodeTestTask.lambda$executeRecursively$8(NodeTestTask.java:141)
	at org.junit.platform.engine.support.hierarchical.Node.around(Node.java:137)
	at org.junit.platform.engine.support.hierarchical.NodeTestTask.lambda$executeRecursively$9(NodeTestTask.java:139)
	at org.junit.platform.engine.support.hierarchical.ThrowableCollector.execute(ThrowableCollector.java:73)
	at org.junit.platform.engine.support.hierarchical.NodeTestTask.executeRecursively(NodeTestTask.java:138)
	at org.junit.platform.engine.support.hierarchical.NodeTestTask.execute(NodeTestTask.java:95)
	at org.junit.platform.engine.support.hierarchical.SameThreadHierarchicalTestExecutorService.submit(SameThreadHierarchicalTestExecutorService.java:35)
	at org.junit.platform.engine.support.hierarchical.HierarchicalTestExecutor.execute(HierarchicalTestExecutor.java:57)
	at org.junit.platform.engine.support.hierarchical.HierarchicalTestEngine.execute(HierarchicalTestEngine.java:54)
	at org.junit.platform.launcher.core.EngineExecutionOrchestrator.execute(EngineExecutionOrchestrator.java:198)
	at org.junit.platform.launcher.core.EngineExecutionOrchestrator.execute(EngineExecutionOrchestrator.java:169)
	at org.junit.platform.launcher.core.EngineExecutionOrchestrator.execute(EngineExecutionOrchestrator.java:93)
	at org.junit.platform.launcher.core.EngineExecutionOrchestrator.lambda$execute$0(EngineExecutionOrchestrator.java:58)
	at org.junit.platform.launcher.core.EngineExecutionOrchestrator.withInterceptedStreams(EngineExecutionOrchestrator.java:141)
	at org.junit.platform.launcher.core.EngineExecutionOrchestrator.execute(EngineExecutionOrchestrator.java:57)
	at org.junit.platform.launcher.core.DefaultLauncher.execute(DefaultLauncher.java:103)
	at org.junit.platform.launcher.core.DefaultLauncher.execute(DefaultLauncher.java:85)
	at org.junit.platform.launcher.core.DelegatingLauncher.execute(DelegatingLauncher.java:47)
	at org.apache.maven.surefire.junitplatform.LazyLauncher.execute(LazyLauncher.java:56)
	at org.apache.maven.surefire.junitplatform.JUnitPlatformProvider.execute(JUnitPlatformProvider.java:184)
	at org.apache.maven.surefire.junitplatform.JUnitPlatformProvider.invokeAllTests(JUnitPlatformProvider.java:148)
	at org.apache.maven.surefire.junitplatform.JUnitPlatformProvider.invoke(JUnitPlatformProvider.java:122)
	at org.apache.maven.surefire.booter.ForkedBooter.runSuitesInProcess(ForkedBooter.java:385)
	at org.apache.maven.surefire.booter.ForkedBooter.execute(ForkedBooter.java:162)
	at org.apache.maven.surefire.booter.ForkedBooter.run(ForkedBooter.java:507)
	at org.apache.maven.surefire.booter.ForkedBooter.main(ForkedBooter.java:495)

[ERRO] 2026-01-09 18:51:47.140 - Erro-42
  Exceção: java.lang.RuntimeException: Erro 42
java.lang.RuntimeException: Erro 42
	at testes.ErrorLoggerTest.testeLogNaoCresceIndefinidamente(ErrorLoggerTest.java:389)
	at java.base/jdk.internal.reflect.DirectMethodHandleAccessor.invoke(DirectMethodHandleAccessor.java:103)
	at java.base/java.lang.reflect.Method.invoke(Method.java:580)
	at org.junit.platform.commons.util.ReflectionUtils.invokeMethod(ReflectionUtils.java:728)
	at org.junit.jupiter.engine.execution.MethodInvocation.proceed(MethodInvocation.java:60)
	at org.junit.jupiter.engine.execution.InvocationInterceptorChain$ValidatingInvocation.proceed(InvocationInterceptorChain.java:131)
	at org.junit.jupiter.engine.extension.TimeoutExtension.intercept(TimeoutExtension.java:156)
	at org.junit.jupiter.engine.extension.TimeoutExtension.interceptTestableMethod(TimeoutExtension.java:147)
	at org.junit.jupiter.engine.extension.TimeoutExtension.interceptTestMethod(TimeoutExtension.java:86)
	at org.junit.jupiter.engine.execution.InterceptingExecutableInvoker$ReflectiveInterceptorCall.lambda$ofVoidMethod$0(InterceptingExecutableInvoker.java:103)
	at org.junit.jupiter.engine.execution.InterceptingExecutableInvoker.lambda$invoke$0(InterceptingExecutableInvoker.java:93)
	at org.junit.jupiter.engine.execution.InvocationInterceptorChain$InterceptedInvocation.proceed(InvocationInterceptorChain.java:106)
	at org.junit.jupiter.engine.execution.InvocationInterceptorChain.proceed(InvocationInterceptorChain.java:64)
	at org.junit.jupiter.engine.execution.InvocationInterceptorChain.chainAndInvoke(InvocationInterceptorChain.java:45)
	at org.junit.jupiter.engine.execution.InvocationInterceptorChain.invoke(InvocationInterceptorChain.java:37)
	at org.junit.jupiter.engine.execution.InterceptingExecutableInvoker.invoke(InterceptingExecutableInvoker.java:92)
	at org.junit.jupiter.engine.execution.InterceptingExecutableInvoker.invoke(InterceptingExecutableInvoker.java:86)
	at org.junit.jupiter.engine.descriptor.TestMethodTestDescriptor.lambda$invokeTestMethod$7(TestMethodTestDescriptor.java:218)
	at org.junit.platform.engine.support.hierarchical.ThrowableCollector.execute(ThrowableCollector.java:73)
	at org.junit.jupiter.engine.descriptor.TestMethodTestDescriptor.invokeTestMethod(TestMethodTestDescriptor.java:214)
	at org.junit.jupiter.engine.descriptor.TestMethodTestDescriptor.execute(TestMethodTestDescriptor.java:139)
	at org.junit.jupiter.engine.descriptor.TestMethodTestDescriptor.execute(TestMethodTestDescriptor.java:69)
	at org.junit.platform.engine.support.hierarchical.NodeTestTask.lambda$executeRecursively$6(NodeTestTask.java:151)
	at org.junit.platform.engine.support.hierarchical.ThrowableCollector.execute(ThrowableCollector.java:73)
	at org.junit.platform.engine.support.hierarchical.NodeTestTask.lambda$executeRecursively$8(NodeTestTask.java:141)
	at org.junit.platform.engine.support.hierarchical.Node.around(Node.java:137)
	at org.junit.platform.engine.support.hierarchical.NodeTestTask.lambda$executeRecursively$9(NodeTestTask.java:139)
	at org.junit.platform.engine.support.hierarchical.ThrowableCollector.execute(ThrowableCollector.java:73)
	at org.junit.platform.engine.support.hierarchical.NodeTestTask.executeRecursively(NodeTestTask.java:138)
	at org.junit.platform.engine.support.hierarchical.NodeTestTask.execute(NodeTestTask.java:95)
	at java.base/java.util.ArrayList.forEach(ArrayList.java:1597)
	at org.junit.platform.engine.support.hierarchical.SameThreadHierarchicalTestExecutorService.invokeAll(SameThreadHierarchicalTestExecutorService.java:41)
	at org.junit.platform.engine.support.hierarchical.NodeTestTask.lambda$executeRecursively$6(NodeTestTask.java:155)
	at org.junit.platform.engine.support.hierarchical.ThrowableCollector.execute(ThrowableCollector.java:73)
	at org.junit.platform.engine.support.hierarchical.NodeTestTask.lambda$executeRecursively$8(NodeTestTask.java:141)
	at org.junit.platform.engine.support.hierarchical.Node.around(Node.java:137)
	at org.junit.platform.engine.support.hierarchical.NodeTestTask.lambda$executeRecursively$9(NodeTestTask.java:139)
	at org.junit.platform.engine.support.hierarchical.ThrowableCollector.execute(ThrowableCollector.java:73)
	at org.junit.platform.engine.support.hierarchical.NodeTestTask.executeRecursively(NodeTestTask.java:138)
	at org.junit.platform.engine.support.hierarchical.NodeTestTask.execute(NodeTestTask.java:95)
	at java.base/java.util.ArrayList.forEach(ArrayList.java:1597)
	at org.junit.platform.engine.support.hierarchical.SameThreadHierarchicalTestExecutorService.invokeAll(SameThreadHierarchicalTestExecutorService.java:41)
	at org.junit.platform.engine.support.hierarchical.NodeTestTask.lambda$executeRecursively$6(NodeTestTask.java:155)
	at org.junit.platform.engine.support.hierarchical.ThrowableCollector.execute(ThrowableCollector.java:73)
	at org.junit.platform.engine.support.hierarchical.NodeTestTask.lambda$executeRecursively$8(NodeTestTask.java:141)
	at org.junit.platform.engine.support.hierarchical.Node.around(Node.java:137)
	at org.junit.platform.engine.support.hierarchical.NodeTestTask.lambda$executeRecursively$9(NodeTestTask.java:139)
	at org.junit.platform.engine.support.hierarchical.ThrowableCollector.execute(ThrowableCollector.java:73)
	at org.junit.platform.engine.support.hierarchical.NodeTestTask.executeRecursively(NodeTestTask.java:138)
	at org.junit.platform.engine.support.hierarchical.NodeTestTask.execute(NodeTestTask.java:95)
	at org.junit.platform.engine.support.hierarchical.SameThreadHierarchicalTestExecutorService.submit(SameThreadHierarchicalTestExecutorService.java:35)
	at org.junit.platform.engine.support.hierarchical.HierarchicalTestExecutor.execute(HierarchicalTestExecutor.java:57)
	at org.junit.platform.engine.support.hierarchical.HierarchicalTestEngine.execute(HierarchicalTestEngine.java:54)
	at org.junit.platform.launcher.core.EngineExecutionOrchestrator.execute(EngineExecutionOrchestrator.java:198)
	at org.junit.platform.launcher.core.EngineExecutionOrchestrator.execute(EngineExecutionOrchestrator.java:169)
	at org.junit.platform.launcher.core.EngineExecutionOrchestrator.execute(EngineExecutionOrchestrator.java:93)
	at org.junit.platform.launcher.core.EngineExecutionOrchestrator.lambda$execute$0(EngineExecutionOrchestrator.java:58)
	at org.junit.platform.launcher.core.EngineExecutionOrchestrator.withInterceptedStreams(EngineExecutionOrchestrator.java:141)
	at org.junit.platform.launcher.core.EngineExecutionOrchestrator.execute(EngineExecutionOrchestrator.java:57)
	at org.junit.platform.launcher.core.DefaultLauncher.execute(DefaultLauncher.java:103)
	at org.junit.platform.launcher.core.DefaultLauncher.execute(DefaultLauncher.java:85)
	at org.junit.platform.launcher.core.DelegatingLauncher.execute(DelegatingLauncher.java:47)
	at org.apache.maven.surefire.junitplatform.LazyLauncher.execute(LazyLauncher.java:56)
	at org.apache.maven.surefire.junitplatform.JUnitPlatformProvider.execute(JUnitPlatformProvider.java:184)
	at org.apache.maven.surefire.junitplatform.JUnitPlatformProvider.invokeAllTests(JUnitPlatformProvider.java:148)
	at org.apache.maven.surefire.junitplatform.JUnitPlatformProvider.invoke(JUnitPlatformProvider.java:122)
	at org.apache.maven.surefire.booter.ForkedBooter.runSuitesInProcess(ForkedBooter.java:385)
	at org.apache.maven.surefire.booter.ForkedBooter.execute(ForkedBooter.java:162)
	at org.apache.maven.surefire.booter.ForkedBooter.run(ForkedBooter.java:507)
	at org.apache.maven.surefire.booter.ForkedBooter.main(ForkedBooter.java:495)

[ERRO] 2026-01-09 18:51:47.141 - Erro-43
  Exceção: java.lang.RuntimeException: Erro 43
java.lang.RuntimeException: Erro 43
	at testes.ErrorLoggerTest.testeLogNaoCresceIndefinidamente(ErrorLoggerTest.java:389)
	at java.base/jdk.internal.reflect.DirectMethodHandleAccessor.invoke(DirectMethodHandleAccessor.java:103)
	at java.base/java.lang.reflect.Method.invoke(Method.java:580)
	at org.junit.platform.commons.util.ReflectionUtils.invokeMethod(ReflectionUtils.java:728)
	at org.junit.jupiter.engine.execution.MethodInvocation.proceed(MethodInvocation.java:60)
	at org.junit.jupiter.engine.execution.InvocationInterceptorChain$ValidatingInvocation.proceed(InvocationInterceptorChain.java:131)
	at org.junit.jupiter.engine.extension.TimeoutExtension.intercept(TimeoutExtension.java:156)
	at org.junit.jupiter.engine.extension.TimeoutExtension.interceptTestableMethod(TimeoutExtension.java:147)
	at org.junit.jupiter.engine.extension.TimeoutExtension.interceptTestMethod(TimeoutExtension.java:86)
	at org.junit.jupiter.engine.execution.InterceptingExecutableInvoker$ReflectiveInterceptorCall.lambda$ofVoidMethod$0(InterceptingExecutableInvoker.java:103)
	at org.junit.jupiter.engine.execution.InterceptingExecutableInvoker.lambda$invoke$0(InterceptingExecutableInvoker.java:93)
	at org.junit.jupiter.engine.execution.InvocationInterceptorChain$InterceptedInvocation.proceed(InvocationInterceptorChain.java:106)
	at org.junit.jupiter.engine.execution.InvocationInterceptorChain.proceed(InvocationInterceptorChain.java:64)
	at org.junit.jupiter.engine.execution.InvocationInterceptorChain.chainAndInvoke(InvocationInterceptorChain.java:45)
	at org.junit.jupiter.engine.execution.InvocationInterceptorChain.invoke(InvocationInterceptorChain.java:37)
	at org.junit.jupiter.engine.execution.InterceptingExecutableInvoker.invoke(InterceptingExecutableInvoker.java:92)
	at org.junit.jupiter.engine.execution.InterceptingExecutableInvoker.invoke(InterceptingExecutableInvoker.java:86)
	at org.junit.jupiter.engine.descriptor.TestMethodTestDescriptor.lambda$invokeTestMethod$7(TestMethodTestDescriptor.java:218)
	at org.junit.platform.engine.support.hierarchical.ThrowableCollector.execute(ThrowableCollector.java:73)
	at org.junit.jupiter.engine.descriptor.TestMethodTestDescriptor.invokeTestMethod(TestMethodTestDescriptor.java:214)
	at org.junit.jupiter.engine.descriptor.TestMethodTestDescriptor.execute(TestMethodTestDescriptor.java:139)
	at org.junit.jupiter.engine.descriptor.TestMethodTestDescriptor.execute(TestMethodTestDescriptor.java:69)
	at org.junit.platform.engine.support.hierarchical.NodeTestTask.lambda$executeRecursively$6(NodeTestTask.java:151)
	at org.junit.platform.engine.support.hierarchical.ThrowableCollector.execute(ThrowableCollector.java:73)
	at org.junit.platform.engine.support.hierarchical.NodeTestTask.lambda$executeRecursively$8(NodeTestTask.java:141)
	at org.junit.platform.engine.support.hierarchical.Node.around(Node.java:137)
	at org.junit.platform.engine.support.hierarchical.NodeTestTask.lambda$executeRecursively$9(NodeTestTask.java:139)
	at org.junit.platform.engine.support.hierarchical.ThrowableCollector.execute(ThrowableCollector.java:73)
	at org.junit.platform.engine.support.hierarchical.NodeTestTask.executeRecursively(NodeTestTask.java:138)
	at org.junit.platform.engine.support.hierarchical.NodeTestTask.execute(NodeTestTask.java:95)
	at java.base/java.util.ArrayList.forEach(ArrayList.java:1597)
	at org.junit.platform.engine.support.hierarchical.SameThreadHierarchicalTestExecutorService.invokeAll(SameThreadHierarchicalTestExecutorService.java:41)
	at org.junit.platform.engine.support.hierarchical.NodeTestTask.lambda$executeRecursively$6(NodeTestTask.java:155)
	at org.junit.platform.engine.support.hierarchical.ThrowableCollector.execute(ThrowableCollector.java:73)
	at org.junit.platform.engine.support.hierarchical.NodeTestTask.lambda$executeRecursively$8(NodeTestTask.java:141)
	at org.junit.platform.engine.support.hierarchical.Node.around(Node.java:137)
	at org.junit.platform.engine.support.hierarchical.NodeTestTask.lambda$executeRecursively$9(NodeTestTask.java:139)
	at org.junit.platform.engine.support.hierarchical.ThrowableCollector.execute(ThrowableCollector.java:73)
	at org.junit.platform.engine.support.hierarchical.NodeTestTask.executeRecursively(NodeTestTask.java:138)
	at org.junit.platform.engine.support.hierarchical.NodeTestTask.execute(NodeTestTask.java:95)
	at java.base/java.util.ArrayList.forEach(ArrayList.java:1597)
	at org.junit.platform.engine.support.hierarchical.SameThreadHierarchicalTestExecutorService.invokeAll(SameThreadHierarchicalTestExecutorService.java:41)
	at org.junit.platform.engine.support.hierarchical.NodeTestTask.lambda$executeRecursively$6(NodeTestTask.java:155)
	at org.junit.platform.engine.support.hierarchical.ThrowableCollector.execute(ThrowableCollector.java:73)
	at org.junit.platform.engine.support.hierarchical.NodeTestTask.lambda$executeRecursively$8(NodeTestTask.java:141)
	at org.junit.platform.engine.support.hierarchical.Node.around(Node.java:137)
	at org.junit.platform.engine.support.hierarchical.NodeTestTask.lambda$executeRecursively$9(NodeTestTask.java:139)
	at org.junit.platform.engine.support.hierarchical.ThrowableCollector.execute(ThrowableCollector.java:73)
	at org.junit.platform.engine.support.hierarchical.NodeTestTask.executeRecursively(NodeTestTask.java:138)
	at org.junit.platform.engine.support.hierarchical.NodeTestTask.execute(NodeTestTask.java:95)
	at org.junit.platform.engine.support.hierarchical.SameThreadHierarchicalTestExecutorService.submit(SameThreadHierarchicalTestExecutorService.java:35)
	at org.junit.platform.engine.support.hierarchical.HierarchicalTestExecutor.execute(HierarchicalTestExecutor.java:57)
	at org.junit.platform.engine.support.hierarchical.HierarchicalTestEngine.execute(HierarchicalTestEngine.java:54)
	at org.junit.platform.launcher.core.EngineExecutionOrchestrator.execute(EngineExecutionOrchestrator.java:198)
	at org.junit.platform.launcher.core.EngineExecutionOrchestrator.execute(EngineExecutionOrchestrator.java:169)
	at org.junit.platform.launcher.core.EngineExecutionOrchestrator.execute(EngineExecutionOrchestrator.java:93)
	at org.junit.platform.launcher.core.EngineExecutionOrchestrator.lambda$execute$0(EngineExecutionOrchestrator.java:58)
	at org.junit.platform.launcher.core.EngineExecutionOrchestrator.withInterceptedStreams(EngineExecutionOrchestrator.java:141)
	at org.junit.platform.launcher.core.EngineExecutionOrchestrator.execute(EngineExecutionOrchestrator.java:57)
	at org.junit.platform.launcher.core.DefaultLauncher.execute(DefaultLauncher.java:103)
	at org.junit.platform.launcher.core.DefaultLauncher.execute(DefaultLauncher.java:85)
	at org.junit.platform.launcher.core.DelegatingLauncher.execute(DelegatingLauncher.java:47)
	at org.apache.maven.surefire.junitplatform.LazyLauncher.execute(LazyLauncher.java:56)
	at org.apache.maven.surefire.junitplatform.JUnitPlatformProvider.execute(JUnitPlatformProvider.java:184)
	at org.apache.maven.surefire.junitplatform.JUnitPlatformProvider.invokeAllTests(JUnitPlatformProvider.java:148)
	at org.apache.maven.surefire.junitplatform.JUnitPlatformProvider.invoke(JUnitPlatformProvider.java:122)
	at org.apache.maven.surefire.booter.ForkedBooter.runSuitesInProcess(ForkedBooter.java:385)
	at org.apache.maven.surefire.booter.ForkedBooter.execute(ForkedBooter.java:162)
	at org.apache.maven.surefire.booter.ForkedBooter.run(ForkedBooter.java:507)
	at org.apache.maven.surefire.booter.ForkedBooter.main(ForkedBooter.java:495)

[ERRO] 2026-01-09 18:51:47.141 - Erro-44
  Exceção: java.lang.RuntimeException: Erro 44
java.lang.RuntimeException: Erro 44
	at testes.ErrorLoggerTest.testeLogNaoCresceIndefinidamente(ErrorLoggerTest.java:389)
	at java.base/jdk.internal.reflect.DirectMethodHandleAccessor.invoke(DirectMethodHandleAccessor.java:103)
	at java.base/java.lang.reflect.Method.invoke(Method.java:580)
	at org.junit.platform.commons.util.ReflectionUtils.invokeMethod(ReflectionUtils.java:728)
	at org.junit.jupiter.engine.execution.MethodInvocation.proceed(MethodInvocation.java:60)
	at org.junit.jupiter.engine.execution.InvocationInterceptorChain$ValidatingInvocation.proceed(InvocationInterceptorChain.java:131)
	at org.junit.jupiter.engine.extension.TimeoutExtension.intercept(TimeoutExtension.java:156)
	at org.junit.jupiter.engine.extension.TimeoutExtension.interceptTestableMethod(TimeoutExtension.java:147)
	at org.junit.jupiter.engine.extension.TimeoutExtension.interceptTestMethod(TimeoutExtension.java:86)
	at org.junit.jupiter.engine.execution.InterceptingExecutableInvoker$ReflectiveInterceptorCall.lambda$ofVoidMethod$0(InterceptingExecutableInvoker.java:103)
	at org.junit.jupiter.engine.execution.InterceptingExecutableInvoker.lambda$invoke$0(InterceptingExecutableInvoker.java:93)
	at org.junit.jupiter.engine.execution.InvocationInterceptorChain$InterceptedInvocation.proceed(InvocationInterceptorChain.java:106)
	at org.junit.jupiter.engine.execution.InvocationInterceptorChain.proceed(InvocationInterceptorChain.java:64)
	at org.junit.jupiter.engine.execution.InvocationInterceptorChain.chainAndInvoke(InvocationInterceptorChain.java:45)
	at org.junit.jupiter.engine.execution.InvocationInterceptorChain.invoke(InvocationInterceptorChain.java:37)
	at org.junit.jupiter.engine.execution.InterceptingExecutableInvoker.invoke(InterceptingExecutableInvoker.java:92)
	at org.junit.jupiter.engine.execution.InterceptingExecutableInvoker.invoke(InterceptingExecutableInvoker.java:86)
	at org.junit.jupiter.engine.descriptor.TestMethodTestDescriptor.lambda$invokeTestMethod$7(TestMethodTestDescriptor.java:218)
	at org.junit.platform.engine.support.hierarchical.ThrowableCollector.execute(ThrowableCollector.java:73)
	at org.junit.jupiter.engine.descriptor.TestMethodTestDescriptor.invokeTestMethod(TestMethodTestDescriptor.java:214)
	at org.junit.jupiter.engine.descriptor.TestMethodTestDescriptor.execute(TestMethodTestDescriptor.java:139)
	at org.junit.jupiter.engine.descriptor.TestMethodTestDescriptor.execute(TestMethodTestDescriptor.java:69)
	at org.junit.platform.engine.support.hierarchical.NodeTestTask.lambda$executeRecursively$6(NodeTestTask.java:151)
	at org.junit.platform.engine.support.hierarchical.ThrowableCollector.execute(ThrowableCollector.java:73)
	at org.junit.platform.engine.support.hierarchical.NodeTestTask.lambda$executeRecursively$8(NodeTestTask.java:141)
	at org.junit.platform.engine.support.hierarchical.Node.around(Node.java:137)
	at org.junit.platform.engine.support.hierarchical.NodeTestTask.lambda$executeRecursively$9(NodeTestTask.java:139)
	at org.junit.platform.engine.support.hierarchical.ThrowableCollector.execute(ThrowableCollector.java:73)
	at org.junit.platform.engine.support.hierarchical.NodeTestTask.executeRecursively(NodeTestTask.java:138)
	at org.junit.platform.engine.support.hierarchical.NodeTestTask.execute(NodeTestTask.java:95)
	at java.base/java.util.ArrayList.forEach(ArrayList.java:1597)
	at org.junit.platform.engine.support.hierarchical.SameThreadHierarchicalTestExecutorService.invokeAll(SameThreadHierarchicalTestExecutorService.java:41)
	at org.junit.platform.engine.support.hierarchical.NodeTestTask.lambda$executeRecursively$6(NodeTestTask.java:155)
	at org.junit.platform.engine.support.hierarchical.ThrowableCollector.execute(ThrowableCollector.java:73)
	at org.junit.platform.engine.support.hierarchical.NodeTestTask.lambda$executeRecursively$8(NodeTestTask.java:141)
	at org.junit.platform.engine.support.hierarchical.Node.around(Node.java:137)
	at org.junit.platform.engine.support.hierarchical.NodeTestTask.lambda$executeRecursively$9(NodeTestTask.java:139)
	at org.junit.platform.engine.support.hierarchical.ThrowableCollector.execute(ThrowableCollector.java:73)
	at org.junit.platform.engine.support.hierarchical.NodeTestTask.executeRecursively(NodeTestTask.java:138)
	at org.junit.platform.engine.support.hierarchical.NodeTestTask.execute(NodeTestTask.java:95)
	at java.base/java.util.ArrayList.forEach(ArrayList.java:1597)
	at org.junit.platform.engine.support.hierarchical.SameThreadHierarchicalTestExecutorService.invokeAll(SameThreadHierarchicalTestExecutorService.java:41)
	at org.junit.platform.engine.support.hierarchical.NodeTestTask.lambda$executeRecursively$6(NodeTestTask.java:155)
	at org.junit.platform.engine.support.hierarchical.ThrowableCollector.execute(ThrowableCollector.java:73)
	at org.junit.platform.engine.support.hierarchical.NodeTestTask.lambda$executeRecursively$8(NodeTestTask.java:141)
	at org.junit.platform.engine.support.hierarchical.Node.around(Node.java:137)
	at org.junit.platform.engine.support.hierarchical.NodeTestTask.lambda$executeRecursively$9(NodeTestTask.java:139)
	at org.junit.platform.engine.support.hierarchical.ThrowableCollector.execute(ThrowableCollector.java:73)
	at org.junit.platform.engine.support.hierarchical.NodeTestTask.executeRecursively(NodeTestTask.java:138)
	at org.junit.platform.engine.support.hierarchical.NodeTestTask.execute(NodeTestTask.java:95)
	at org.junit.platform.engine.support.hierarchical.SameThreadHierarchicalTestExecutorService.submit(SameThreadHierarchicalTestExecutorService.java:35)
	at org.junit.platform.engine.support.hierarchical.HierarchicalTestExecutor.execute(HierarchicalTestExecutor.java:57)
	at org.junit.platform.engine.support.hierarchical.HierarchicalTestEngine.execute(HierarchicalTestEngine.java:54)
	at org.junit.platform.launcher.core.EngineExecutionOrchestrator.execute(EngineExecutionOrchestrator.java:198)
	at org.junit.platform.launcher.core.EngineExecutionOrchestrator.execute(EngineExecutionOrchestrator.java:169)
	at org.junit.platform.launcher.core.EngineExecutionOrchestrator.execute(EngineExecutionOrchestrator.java:93)
	at org.junit.platform.launcher.core.EngineExecutionOrchestrator.lambda$execute$0(EngineExecutionOrchestrator.java:58)
	at org.junit.platform.launcher.core.EngineExecutionOrchestrator.withInterceptedStreams(EngineExecutionOrchestrator.java:141)
	at org.junit.platform.launcher.core.EngineExecutionOrchestrator.execute(EngineExecutionOrchestrator.java:57)
	at org.junit.platform.launcher.core.DefaultLauncher.execute(DefaultLauncher.java:103)
	at org.junit.platform.launcher.core.DefaultLauncher.execute(DefaultLauncher.java:85)
	at org.junit.platform.launcher.core.DelegatingLauncher.execute(DelegatingLauncher.java:47)
	at org.apache.maven.surefire.junitplatform.LazyLauncher.execute(LazyLauncher.java:56)
	at org.apache.maven.surefire.junitplatform.JUnitPlatformProvider.execute(JUnitPlatformProvider.java:184)
	at org.apache.maven.surefire.junitplatform.JUnitPlatformProvider.invokeAllTests(JUnitPlatformProvider.java:148)
	at org.apache.maven.surefire.junitplatform.JUnitPlatformProvider.invoke(JUnitPlatformProvider.java:122)
	at org.apache.maven.surefire.booter.ForkedBooter.runSuitesInProcess(ForkedBooter.java:385)
	at org.apache.maven.surefire.booter.ForkedBooter.execute(ForkedBooter.java:162)
	at org.apache.maven.surefire.booter.ForkedBooter.run(ForkedBooter.java:507)
	at org.apache.maven.surefire.booter.ForkedBooter.main(ForkedBooter.java:495)

[ERRO] 2026-01-09 18:51:47.141 - Erro-45
  Exceção: java.lang.RuntimeException: Erro 45
java.lang.RuntimeException: Erro 45
	at testes.ErrorLoggerTest.testeLogNaoCresceIndefinidamente(ErrorLoggerTest.java:389)
	at java.base/jdk.internal.reflect.DirectMethodHandleAccessor.invoke(DirectMethodHandleAccessor.java:103)
	at java.base/java.lang.reflect.Method.invoke(Method.java:580)
	at org.junit.platform.commons.util.ReflectionUtils.invokeMethod(ReflectionUtils.java:728)
	at org.junit.jupiter.engine.execution.MethodInvocation.proceed(MethodInvocation.java:60)
	at org.junit.jupiter.engine.execution.InvocationInterceptorChain$ValidatingInvocation.proceed(InvocationInterceptorChain.java:131)
	at org.junit.jupiter.engine.extension.TimeoutExtension.intercept(TimeoutExtension.java:156)
	at org.junit.jupiter.engine.extension.TimeoutExtension.interceptTestableMethod(TimeoutExtension.java:147)
	at org.junit.jupiter.engine.extension.TimeoutExtension.interceptTestMethod(TimeoutExtension.java:86)
	at org.junit.jupiter.engine.execution.InterceptingExecutableInvoker$ReflectiveInterceptorCall.lambda$ofVoidMethod$0(InterceptingExecutableInvoker.java:103)
	at org.junit.jupiter.engine.execution.InterceptingExecutableInvoker.lambda$invoke$0(InterceptingExecutableInvoker.java:93)
	at org.junit.jupiter.engine.execution.InvocationInterceptorChain$InterceptedInvocation.proceed(InvocationInterceptorChain.java:106)
	at org.junit.jupiter.engine.execution.InvocationInterceptorChain.proceed(InvocationInterceptorChain.java:64)
	at org.junit.jupiter.engine.execution.InvocationInterceptorChain.chainAndInvoke(InvocationInterceptorChain.java:45)
	at org.junit.jupiter.engine.execution.InvocationInterceptorChain.invoke(InvocationInterceptorChain.java:37)
	at org.junit.jupiter.engine.execution.InterceptingExecutableInvoker.invoke(InterceptingExecutableInvoker.java:92)
	at org.junit.jupiter.engine.execution.InterceptingExecutableInvoker.invoke(InterceptingExecutableInvoker.java:86)
	at org.junit.jupiter.engine.descriptor.TestMethodTestDescriptor.lambda$invokeTestMethod$7(TestMethodTestDescriptor.java:218)
	at org.junit.platform.engine.support.hierarchical.ThrowableCollector.execute(ThrowableCollector.java:73)
	at org.junit.jupiter.engine.descriptor.TestMethodTestDescriptor.invokeTestMethod(TestMethodTestDescriptor.java:214)
	at org.junit.jupiter.engine.descriptor.TestMethodTestDescriptor.execute(TestMethodTestDescriptor.java:139)
	at org.junit.jupiter.engine.descriptor.TestMethodTestDescriptor.execute(TestMethodTestDescriptor.java:69)
	at org.junit.platform.engine.support.hierarchical.NodeTestTask.lambda$executeRecursively$6(NodeTestTask.java:151)
	at org.junit.platform.engine.support.hierarchical.ThrowableCollector.execute(ThrowableCollector.java:73)
	at org.junit.platform.engine.support.hierarchical.NodeTestTask.lambda$executeRecursively$8(NodeTestTask.java:141)
	at org.junit.platform.engine.support.hierarchical.Node.around(Node.java:137)
	at org.junit.platform.engine.support.hierarchical.NodeTestTask.lambda$executeRecursively$9(NodeTestTask.java:139)
	at org.junit.platform.engine.support.hierarchical.ThrowableCollector.execute(ThrowableCollector.java:73)
	at org.junit.platform.engine.support.hierarchical.NodeTestTask.executeRecursively(NodeTestTask.java:138)
	at org.junit.platform.engine.support.hierarchical.NodeTestTask.execute(NodeTestTask.java:95)
	at java.base/java.util.ArrayList.forEach(ArrayList.java:1597)
	at org.junit.platform.engine.support.hierarchical.SameThreadHierarchicalTestExecutorService.invokeAll(SameThreadHierarchicalTestExecutorService.java:41)
	at org.junit.platform.engine.support.hierarchical.NodeTestTask.lambda$executeRecursively$6(NodeTestTask.java:155)
	at org.junit.platform.engine.support.hierarchical.ThrowableCollector.execute(ThrowableCollector.java:73)
	at org.junit.platform.engine.support.hierarchical.NodeTestTask.lambda$executeRecursively$8(NodeTestTask.java:141)
	at org.junit.platform.engine.support.hierarchical.Node.around(Node.java:137)
	at org.junit.platform.engine.support.hierarchical.NodeTestTask.lambda$executeRecursively$9(NodeTestTask.java:139)
	at org.junit.platform.engine.support.hierarchical.ThrowableCollector.execute(ThrowableCollector.java:73)
	at org.junit.platform.engine.support.hierarchical.NodeTestTask.executeRecursively(NodeTestTask.java:138)
	at org.junit.platform.engine.support.hierarchical.NodeTestTask.execute(NodeTestTask.java:95)
	at java.base/java.util.ArrayList.forEach(ArrayList.java:1597)
	at org.junit.platform.engine.support.hierarchical.SameThreadHierarchicalTestExecutorService.invokeAll(SameThreadHierarchicalTestExecutorService.java:41)
	at org.junit.platform.engine.support.hierarchical.NodeTestTask.lambda$executeRecursively$6(NodeTestTask.java:155)
	at org.junit.platform.engine.support.hierarchical.ThrowableCollector.execute(ThrowableCollector.java:73)
	at org.junit.platform.engine.support.hierarchical.NodeTestTask.lambda$executeRecursively$8(NodeTestTask.java:141)
	at org.junit.platform.engine.support.hierarchical.Node.around(Node.java:137)
	at org.junit.platform.engine.support.hierarchical.NodeTestTask.lambda$executeRecursively$9(NodeTestTask.java:139)
	at org.junit.platform.engine.support.hierarchical.ThrowableCollector.execute(ThrowableCollector.java:73)
	at org.junit.platform.engine.support.hierarchical.NodeTestTask.executeRecursively(NodeTestTask.java:138)
	at org.junit.platform.engine.support.hierarchical.NodeTestTask.execute(NodeTestTask.java:95)
	at org.junit.platform.engine.support.hierarchical.SameThreadHierarchicalTestExecutorService.submit(SameThreadHierarchicalTestExecutorService.java:35)
	at org.junit.platform.engine.support.hierarchical.HierarchicalTestExecutor.execute(HierarchicalTestExecutor.java:57)
	at org.junit.platform.engine.support.hierarchical.HierarchicalTestEngine.execute(HierarchicalTestEngine.java:54)
	at org.junit.platform.launcher.core.EngineExecutionOrchestrator.execute(EngineExecutionOrchestrator.java:198)
	at org.junit.platform.launcher.core.EngineExecutionOrchestrator.execute(EngineExecutionOrchestrator.java:169)
	at org.junit.platform.launcher.core.EngineExecutionOrchestrator.execute(EngineExecutionOrchestrator.java:93)
	at org.junit.platform.launcher.core.EngineExecutionOrchestrator.lambda$execute$0(EngineExecutionOrchestrator.java:58)
	at org.junit.platform.launcher.core.EngineExecutionOrchestrator.withInterceptedStreams(EngineExecutionOrchestrator.java:141)
	at org.junit.platform.launcher.core.EngineExecutionOrchestrator.execute(EngineExecutionOrchestrator.java:57)
	at org.junit.platform.launcher.core.DefaultLauncher.execute(DefaultLauncher.java:103)
	at org.junit.platform.launcher.core.DefaultLauncher.execute(DefaultLauncher.java:85)
	at org.junit.platform.launcher.core.DelegatingLauncher.execute(DelegatingLauncher.java:47)
	at org.apache.maven.surefire.junitplatform.LazyLauncher.execute(LazyLauncher.java:56)
	at org.apache.maven.surefire.junitplatform.JUnitPlatformProvider.execute(JUnitPlatformProvider.java:184)
	at org.apache.maven.surefire.junitplatform.JUnitPlatformProvider.invokeAllTests(JUnitPlatformProvider.java:148)
	at org.apache.maven.surefire.junitplatform.JUnitPlatformProvider.invoke(JUnitPlatformProvider.java:122)
	at org.apache.maven.surefire.booter.ForkedBooter.runSuitesInProcess(ForkedBooter.java:385)
	at org.apache.maven.surefire.booter.ForkedBooter.execute(ForkedBooter.java:162)
	at org.apache.maven.surefire.booter.ForkedBooter.run(ForkedBooter.java:507)
	at org.apache.maven.surefire.booter.ForkedBooter.main(ForkedBooter.java:495)

[ERRO] 2026-01-09 18:51:47.142 - Erro-46
  Exceção: java.lang.RuntimeException: Erro 46
java.lang.RuntimeException: Erro 46
	at testes.ErrorLoggerTest.testeLogNaoCresceIndefinidamente(ErrorLoggerTest.java:389)
	at java.base/jdk.internal.reflect.DirectMethodHandleAccessor.invoke(DirectMethodHandleAccessor.java:103)
	at java.base/java.lang.reflect.Method.invoke(Method.java:580)
	at org.junit.platform.commons.util.ReflectionUtils.invokeMethod(ReflectionUtils.java:728)
	at org.junit.jupiter.engine.execution.MethodInvocation.proceed(MethodInvocation.java:60)
	at org.junit.jupiter.engine.execution.InvocationInterceptorChain$ValidatingInvocation.proceed(InvocationInterceptorChain.java:131)
	at org.junit.jupiter.engine.extension.TimeoutExtension.intercept(TimeoutExtension.java:156)
	at org.junit.jupiter.engine.extension.TimeoutExtension.interceptTestableMethod(TimeoutExtension.java:147)
	at org.junit.jupiter.engine.extension.TimeoutExtension.interceptTestMethod(TimeoutExtension.java:86)
	at org.junit.jupiter.engine.execution.InterceptingExecutableInvoker$ReflectiveInterceptorCall.lambda$ofVoidMethod$0(InterceptingExecutableInvoker.java:103)
	at org.junit.jupiter.engine.execution.InterceptingExecutableInvoker.lambda$invoke$0(InterceptingExecutableInvoker.java:93)
	at org.junit.jupiter.engine.execution.InvocationInterceptorChain$InterceptedInvocation.proceed(InvocationInterceptorChain.java:106)
	at org.junit.jupiter.engine.execution.InvocationInterceptorChain.proceed(InvocationInterceptorChain.java:64)
	at org.junit.jupiter.engine.execution.InvocationInterceptorChain.chainAndInvoke(InvocationInterceptorChain.java:45)
	at org.junit.jupiter.engine.execution.InvocationInterceptorChain.invoke(InvocationInterceptorChain.java:37)
	at org.junit.jupiter.engine.execution.InterceptingExecutableInvoker.invoke(InterceptingExecutableInvoker.java:92)
	at org.junit.jupiter.engine.execution.InterceptingExecutableInvoker.invoke(InterceptingExecutableInvoker.java:86)
	at org.junit.jupiter.engine.descriptor.TestMethodTestDescriptor.lambda$invokeTestMethod$7(TestMethodTestDescriptor.java:218)
	at org.junit.platform.engine.support.hierarchical.ThrowableCollector.execute(ThrowableCollector.java:73)
	at org.junit.jupiter.engine.descriptor.TestMethodTestDescriptor.invokeTestMethod(TestMethodTestDescriptor.java:214)
	at org.junit.jupiter.engine.descriptor.TestMethodTestDescriptor.execute(TestMethodTestDescriptor.java:139)
	at org.junit.jupiter.engine.descriptor.TestMethodTestDescriptor.execute(TestMethodTestDescriptor.java:69)
	at org.junit.platform.engine.support.hierarchical.NodeTestTask.lambda$executeRecursively$6(NodeTestTask.java:151)
	at org.junit.platform.engine.support.hierarchical.ThrowableCollector.execute(ThrowableCollector.java:73)
	at org.junit.platform.engine.support.hierarchical.NodeTestTask.lambda$executeRecursively$8(NodeTestTask.java:141)
	at org.junit.platform.engine.support.hierarchical.Node.around(Node.java:137)
	at org.junit.platform.engine.support.hierarchical.NodeTestTask.lambda$executeRecursively$9(NodeTestTask.java:139)
	at org.junit.platform.engine.support.hierarchical.ThrowableCollector.execute(ThrowableCollector.java:73)
	at org.junit.platform.engine.support.hierarchical.NodeTestTask.executeRecursively(NodeTestTask.java:138)
	at org.junit.platform.engine.support.hierarchical.NodeTestTask.execute(NodeTestTask.java:95)
	at java.base/java.util.ArrayList.forEach(ArrayList.java:1597)
	at org.junit.platform.engine.support.hierarchical.SameThreadHierarchicalTestExecutorService.invokeAll(SameThreadHierarchicalTestExecutorService.java:41)
	at org.junit.platform.engine.support.hierarchical.NodeTestTask.lambda$executeRecursively$6(NodeTestTask.java:155)
	at org.junit.platform.engine.support.hierarchical.ThrowableCollector.execute(ThrowableCollector.java:73)
	at org.junit.platform.engine.support.hierarchical.NodeTestTask.lambda$executeRecursively$8(NodeTestTask.java:141)
	at org.junit.platform.engine.support.hierarchical.Node.around(Node.java:137)
	at org.junit.platform.engine.support.hierarchical.NodeTestTask.lambda$executeRecursively$9(NodeTestTask.java:139)
	at org.junit.platform.engine.support.hierarchical.ThrowableCollector.execute(ThrowableCollector.java:73)
	at org.junit.platform.engine.support.hierarchical.NodeTestTask.executeRecursively(NodeTestTask.java:138)
	at org.junit.platform.engine.support.hierarchical.NodeTestTask.execute(NodeTestTask.java:95)
	at java.base/java.util.ArrayList.forEach(ArrayList.java:1597)
	at org.junit.platform.engine.support.hierarchical.SameThreadHierarchicalTestExecutorService.invokeAll(SameThreadHierarchicalTestExecutorService.java:41)
	at org.junit.platform.engine.support.hierarchical.NodeTestTask.lambda$executeRecursively$6(NodeTestTask.java:155)
	at org.junit.platform.engine.support.hierarchical.ThrowableCollector.execute(ThrowableCollector.java:73)
	at org.junit.platform.engine.support.hierarchical.NodeTestTask.lambda$executeRecursively$8(NodeTestTask.java:141)
	at org.junit.platform.engine.support.hierarchical.Node.around(Node.java:137)
	at org.junit.platform.engine.support.hierarchical.NodeTestTask.lambda$executeRecursively$9(NodeTestTask.java:139)
	at org.junit.platform.engine.support.hierarchical.ThrowableCollector.execute(ThrowableCollector.java:73)
	at org.junit.platform.engine.support.hierarchical.NodeTestTask.executeRecursively(NodeTestTask.java:138)
	at org.junit.platform.engine.support.hierarchical.NodeTestTask.execute(NodeTestTask.java:95)
	at org.junit.platform.engine.support.hierarchical.SameThreadHierarchicalTestExecutorService.submit(SameThreadHierarchicalTestExecutorService.java:35)
	at org.junit.platform.engine.support.hierarchical.HierarchicalTestExecutor.execute(HierarchicalTestExecutor.java:57)
	at org.junit.platform.engine.support.hierarchical.HierarchicalTestEngine.execute(HierarchicalTestEngine.java:54)
	at org.junit.platform.launcher.core.EngineExecutionOrchestrator.execute(EngineExecutionOrchestrator.java:198)
	at org.junit.platform.launcher.core.EngineExecutionOrchestrator.execute(EngineExecutionOrchestrator.java:169)
	at org.junit.platform.launcher.core.EngineExecutionOrchestrator.execute(EngineExecutionOrchestrator.java:93)
	at org.junit.platform.launcher.core.EngineExecutionOrchestrator.lambda$execute$0(EngineExecutionOrchestrator.java:58)
	at org.junit.platform.launcher.core.EngineExecutionOrchestrator.withInterceptedStreams(EngineExecutionOrchestrator.java:141)
	at org.junit.platform.launcher.core.EngineExecutionOrchestrator.execute(EngineExecutionOrchestrator.java:57)
	at org.junit.platform.launcher.core.DefaultLauncher.execute(DefaultLauncher.java:103)
	at org.junit.platform.launcher.core.DefaultLauncher.execute(DefaultLauncher.java:85)
	at org.junit.platform.launcher.core.DelegatingLauncher.execute(DelegatingLauncher.java:47)
	at org.apache.maven.surefire.junitplatform.LazyLauncher.execute(LazyLauncher.java:56)
	at org.apache.maven.surefire.junitplatform.JUnitPlatformProvider.execute(JUnitPlatformProvider.java:184)
	at org.apache.maven.surefire.junitplatform.JUnitPlatformProvider.invokeAllTests(JUnitPlatformProvider.java:148)
	at org.apache.maven.surefire.junitplatform.JUnitPlatformProvider.invoke(JUnitPlatformProvider.java:122)
	at org.apache.maven.surefire.booter.ForkedBooter.runSuitesInProcess(ForkedBooter.java:385)
	at org.apache.maven.surefire.booter.ForkedBooter.execute(ForkedBooter.java:162)
	at org.apache.maven.surefire.booter.ForkedBooter.run(ForkedBooter.java:507)
	at org.apache.maven.surefire.booter.ForkedBooter.main(ForkedBooter.java:495)

[ERRO] 2026-01-09 18:51:47.142 - Erro-47
  Exceção: java.lang.RuntimeException: Erro 47
java.lang.RuntimeException: Erro 47
	at testes.ErrorLoggerTest.testeLogNaoCresceIndefinidamente(ErrorLoggerTest.java:389)
	at java.base/jdk.internal.reflect.DirectMethodHandleAccessor.invoke(DirectMethodHandleAccessor.java:103)
	at java.base/java.lang.reflect.Method.invoke(Method.java:580)
	at org.junit.platform.commons.util.ReflectionUtils.invokeMethod(ReflectionUtils.java:728)
	at org.junit.jupiter.engine.execution.MethodInvocation.proceed(MethodInvocation.java:60)
	at org.junit.jupiter.engine.execution.InvocationInterceptorChain$ValidatingInvocation.proceed(InvocationInterceptorChain.java:131)
	at org.junit.jupiter.engine.extension.TimeoutExtension.intercept(TimeoutExtension.java:156)
	at org.junit.jupiter.engine.extension.TimeoutExtension.interceptTestableMethod(TimeoutExtension.java:147)
	at org.junit.jupiter.engine.extension.TimeoutExtension.interceptTestMethod(TimeoutExtension.java:86)
	at org.junit.jupiter.engine.execution.InterceptingExecutableInvoker$ReflectiveInterceptorCall.lambda$ofVoidMethod$0(InterceptingExecutableInvoker.java:103)
	at org.junit.jupiter.engine.execution.InterceptingExecutableInvoker.lambda$invoke$0(InterceptingExecutableInvoker.java:93)
	at org.junit.jupiter.engine.execution.InvocationInterceptorChain$InterceptedInvocation.proceed(InvocationInterceptorChain.java:106)
	at org.junit.jupiter.engine.execution.InvocationInterceptorChain.proceed(InvocationInterceptorChain.java:64)
	at org.junit.jupiter.engine.execution.InvocationInterceptorChain.chainAndInvoke(InvocationInterceptorChain.java:45)
	at org.junit.jupiter.engine.execution.InvocationInterceptorChain.invoke(InvocationInterceptorChain.java:37)
	at org.junit.jupiter.engine.execution.InterceptingExecutableInvoker.invoke(InterceptingExecutableInvoker.java:92)
	at org.junit.jupiter.engine.execution.InterceptingExecutableInvoker.invoke(InterceptingExecutableInvoker.java:86)
	at org.junit.jupiter.engine.descriptor.TestMethodTestDescriptor.lambda$invokeTestMethod$7(TestMethodTestDescriptor.java:218)
	at org.junit.platform.engine.support.hierarchical.ThrowableCollector.execute(ThrowableCollector.java:73)
	at org.junit.jupiter.engine.descriptor.TestMethodTestDescriptor.invokeTestMethod(TestMethodTestDescriptor.java:214)
	at org.junit.jupiter.engine.descriptor.TestMethodTestDescriptor.execute(TestMethodTestDescriptor.java:139)
	at org.junit.jupiter.engine.descriptor.TestMethodTestDescriptor.execute(TestMethodTestDescriptor.java:69)
	at org.junit.platform.engine.support.hierarchical.NodeTestTask.lambda$executeRecursively$6(NodeTestTask.java:151)
	at org.junit.platform.engine.support.hierarchical.ThrowableCollector.execute(ThrowableCollector.java:73)
	at org.junit.platform.engine.support.hierarchical.NodeTestTask.lambda$executeRecursively$8(NodeTestTask.java:141)
	at org.junit.platform.engine.support.hierarchical.Node.around(Node.java:137)
	at org.junit.platform.engine.support.hierarchical.NodeTestTask.lambda$executeRecursively$9(NodeTestTask.java:139)
	at org.junit.platform.engine.support.hierarchical.ThrowableCollector.execute(ThrowableCollector.java:73)
	at org.junit.platform.engine.support.hierarchical.NodeTestTask.executeRecursively(NodeTestTask.java:138)
	at org.junit.platform.engine.support.hierarchical.NodeTestTask.execute(NodeTestTask.java:95)
	at java.base/java.util.ArrayList.forEach(ArrayList.java:1597)
	at org.junit.platform.engine.support.hierarchical.SameThreadHierarchicalTestExecutorService.invokeAll(SameThreadHierarchicalTestExecutorService.java:41)
	at org.junit.platform.engine.support.hierarchical.NodeTestTask.lambda$executeRecursively$6(NodeTestTask.java:155)
	at org.junit.platform.engine.support.hierarchical.ThrowableCollector.execute(ThrowableCollector.java:73)
	at org.junit.platform.engine.support.hierarchical.NodeTestTask.lambda$executeRecursively$8(NodeTestTask.java:141)
	at org.junit.platform.engine.support.hierarchical.Node.around(Node.java:137)
	at org.junit.platform.engine.support.hierarchical.NodeTestTask.lambda$executeRecursively$9(NodeTestTask.java:139)
	at org.junit.platform.engine.support.hierarchical.ThrowableCollector.execute(ThrowableCollector.java:73)
	at org.junit.platform.engine.support.hierarchical.NodeTestTask.executeRecursively(NodeTestTask.java:138)
	at org.junit.platform.engine.support.hierarchical.NodeTestTask.execute(NodeTestTask.java:95)
	at java.base/java.util.ArrayList.forEach(ArrayList.java:1597)
	at org.junit.platform.engine.support.hierarchical.SameThreadHierarchicalTestExecutorService.invokeAll(SameThreadHierarchicalTestExecutorService.java:41)
	at org.junit.platform.engine.support.hierarchical.NodeTestTask.lambda$executeRecursively$6(NodeTestTask.java:155)
	at org.junit.platform.engine.support.hierarchical.ThrowableCollector.execute(ThrowableCollector.java:73)
	at org.junit.platform.engine.support.hierarchical.NodeTestTask.lambda$executeRecursively$8(NodeTestTask.java:141)
	at org.junit.platform.engine.support.hierarchical.Node.around(Node.java:137)
	at org.junit.platform.engine.support.hierarchical.NodeTestTask.lambda$executeRecursively$9(NodeTestTask.java:139)
	at org.junit.platform.engine.support.hierarchical.ThrowableCollector.execute(ThrowableCollector.java:73)
	at org.junit.platform.engine.support.hierarchical.NodeTestTask.executeRecursively(NodeTestTask.java:138)
	at org.junit.platform.engine.support.hierarchical.NodeTestTask.execute(NodeTestTask.java:95)
	at org.junit.platform.engine.support.hierarchical.SameThreadHierarchicalTestExecutorService.submit(SameThreadHierarchicalTestExecutorService.java:35)
	at org.junit.platform.engine.support.hierarchical.HierarchicalTestExecutor.execute(HierarchicalTestExecutor.java:57)
	at org.junit.platform.engine.support.hierarchical.HierarchicalTestEngine.execute(HierarchicalTestEngine.java:54)
	at org.junit.platform.launcher.core.EngineExecutionOrchestrator.execute(EngineExecutionOrchestrator.java:198)
	at org.junit.platform.launcher.core.EngineExecutionOrchestrator.execute(EngineExecutionOrchestrator.java:169)
	at org.junit.platform.launcher.core.EngineExecutionOrchestrator.execute(EngineExecutionOrchestrator.java:93)
	at org.junit.platform.launcher.core.EngineExecutionOrchestrator.lambda$execute$0(EngineExecutionOrchestrator.java:58)
	at org.junit.platform.launcher.core.EngineExecutionOrchestrator.withInterceptedStreams(EngineExecutionOrchestrator.java:141)
	at org.junit.platform.launcher.core.EngineExecutionOrchestrator.execute(EngineExecutionOrchestrator.java:57)
	at org.junit.platform.launcher.core.DefaultLauncher.execute(DefaultLauncher.java:103)
	at org.junit.platform.launcher.core.DefaultLauncher.execute(DefaultLauncher.java:85)
	at org.junit.platform.launcher.core.DelegatingLauncher.execute(DelegatingLauncher.java:47)
	at org.apache.maven.surefire.junitplatform.LazyLauncher.execute(LazyLauncher.java:56)
	at org.apache.maven.surefire.junitplatform.JUnitPlatformProvider.execute(JUnitPlatformProvider.java:184)
	at org.apache.maven.surefire.junitplatform.JUnitPlatformProvider.invokeAllTests(JUnitPlatformProvider.java:148)
	at org.apache.maven.surefire.junitplatform.JUnitPlatformProvider.invoke(JUnitPlatformProvider.java:122)
	at org.apache.maven.surefire.booter.ForkedBooter.runSuitesInProcess(ForkedBooter.java:385)
	at org.apache.maven.surefire.booter.ForkedBooter.execute(ForkedBooter.java:162)
	at org.apache.maven.surefire.booter.ForkedBooter.run(ForkedBooter.java:507)
	at org.apache.maven.surefire.booter.ForkedBooter.main(ForkedBooter.java:495)

[ERRO] 2026-01-09 18:51:47.142 - Erro-48
  Exceção: java.lang.RuntimeException: Erro 48
java.lang.RuntimeException: Erro 48
	at testes.ErrorLoggerTest.testeLogNaoCresceIndefinidamente(ErrorLoggerTest.java:389)
	at java.base/jdk.internal.reflect.DirectMethodHandleAccessor.invoke(DirectMethodHandleAccessor.java:103)
	at java.base/java.lang.reflect.Method.invoke(Method.java:580)
	at org.junit.platform.commons.util.ReflectionUtils.invokeMethod(ReflectionUtils.java:728)
	at org.junit.jupiter.engine.execution.MethodInvocation.proceed(MethodInvocation.java:60)
	at org.junit.jupiter.engine.execution.InvocationInterceptorChain$ValidatingInvocation.proceed(InvocationInterceptorChain.java:131)
	at org.junit.jupiter.engine.extension.TimeoutExtension.intercept(TimeoutExtension.java:156)
	at org.junit.jupiter.engine.extension.TimeoutExtension.interceptTestableMethod(TimeoutExtension.java:147)
	at org.junit.jupiter.engine.extension.TimeoutExtension.interceptTestMethod(TimeoutExtension.java:86)
	at org.junit.jupiter.engine.execution.InterceptingExecutableInvoker$ReflectiveInterceptorCall.lambda$ofVoidMethod$0(InterceptingExecutableInvoker.java:103)
	at org.junit.jupiter.engine.execution.InterceptingExecutableInvoker.lambda$invoke$0(InterceptingExecutableInvoker.java:93)
	at org.junit.jupiter.engine.execution.InvocationInterceptorChain$InterceptedInvocation.proceed(InvocationInterceptorChain.java:106)
	at org.junit.jupiter.engine.execution.InvocationInterceptorChain.proceed(InvocationInterceptorChain.java:64)
	at org.junit.jupiter.engine.execution.InvocationInterceptorChain.chainAndInvoke(InvocationInterceptorChain.java:45)
	at org.junit.jupiter.engine.execution.InvocationInterceptorChain.invoke(InvocationInterceptorChain.java:37)
	at org.junit.jupiter.engine.execution.InterceptingExecutableInvoker.invoke(InterceptingExecutableInvoker.java:92)
	at org.junit.jupiter.engine.execution.InterceptingExecutableInvoker.invoke(InterceptingExecutableInvoker.java:86)
	at org.junit.jupiter.engine.descriptor.TestMethodTestDescriptor.lambda$invokeTestMethod$7(TestMethodTestDescriptor.java:218)
	at org.junit.platform.engine.support.hierarchical.ThrowableCollector.execute(ThrowableCollector.java:73)
	at org.junit.jupiter.engine.descriptor.TestMethodTestDescriptor.invokeTestMethod(TestMethodTestDescriptor.java:214)
	at org.junit.jupiter.engine.descriptor.TestMethodTestDescriptor.execute(TestMethodTestDescriptor.java:139)
	at org.junit.jupiter.engine.descriptor.TestMethodTestDescriptor.execute(TestMethodTestDescriptor.java:69)
	at org.junit.platform.engine.support.hierarchical.NodeTestTask.lambda$executeRecursively$6(NodeTestTask.java:151)
	at org.junit.platform.engine.support.hierarchical.ThrowableCollector.execute(ThrowableCollector.java:73)
	at org.junit.platform.engine.support.hierarchical.NodeTestTask.lambda$executeRecursively$8(NodeTestTask.java:141)
	at org.junit.platform.engine.support.hierarchical.Node.around(Node.java:137)
	at org.junit.platform.engine.support.hierarchical.NodeTestTask.lambda$executeRecursively$9(NodeTestTask.java:139)
	at org.junit.platform.engine.support.hierarchical.ThrowableCollector.execute(ThrowableCollector.java:73)
	at org.junit.platform.engine.support.hierarchical.NodeTestTask.executeRecursively(NodeTestTask.java:138)
	at org.junit.platform.engine.support.hierarchical.NodeTestTask.execute(NodeTestTask.java:95)
	at java.base/java.util.ArrayList.forEach(ArrayList.java:1597)
	at org.junit.platform.engine.support.hierarchical.SameThreadHierarchicalTestExecutorService.invokeAll(SameThreadHierarchicalTestExecutorService.java:41)
	at org.junit.platform.engine.support.hierarchical.NodeTestTask.lambda$executeRecursively$6(NodeTestTask.java:155)
	at org.junit.platform.engine.support.hierarchical.ThrowableCollector.execute(ThrowableCollector.java:73)
	at org.junit.platform.engine.support.hierarchical.NodeTestTask.lambda$executeRecursively$8(NodeTestTask.java:141)
	at org.junit.platform.engine.support.hierarchical.Node.around(Node.java:137)
	at org.junit.platform.engine.support.hierarchical.NodeTestTask.lambda$executeRecursively$9(NodeTestTask.java:139)
	at org.junit.platform.engine.support.hierarchical.ThrowableCollector.execute(ThrowableCollector.java:73)
	at org.junit.platform.engine.support.hierarchical.NodeTestTask.executeRecursively(NodeTestTask.java:138)
	at org.junit.platform.engine.support.hierarchical.NodeTestTask.execute(NodeTestTask.java:95)
	at java.base/java.util.ArrayList.forEach(ArrayList.java:1597)
	at org.junit.platform.engine.support.hierarchical.SameThreadHierarchicalTestExecutorService.invokeAll(SameThreadHierarchicalTestExecutorService.java:41)
	at org.junit.platform.engine.support.hierarchical.NodeTestTask.lambda$executeRecursively$6(NodeTestTask.java:155)
	at org.junit.platform.engine.support.hierarchical.ThrowableCollector.execute(ThrowableCollector.java:73)
	at org.junit.platform.engine.support.hierarchical.NodeTestTask.lambda$executeRecursively$8(NodeTestTask.java:141)
	at org.junit.platform.engine.support.hierarchical.Node.around(Node.java:137)
	at org.junit.platform.engine.support.hierarchical.NodeTestTask.lambda$executeRecursively$9(NodeTestTask.java:139)
	at org.junit.platform.engine.support.hierarchical.ThrowableCollector.execute(ThrowableCollector.java:73)
	at org.junit.platform.engine.support.hierarchical.NodeTestTask.executeRecursively(NodeTestTask.java:138)
	at org.junit.platform.engine.support.hierarchical.NodeTestTask.execute(NodeTestTask.java:95)
	at org.junit.platform.engine.support.hierarchical.SameThreadHierarchicalTestExecutorService.submit(SameThreadHierarchicalTestExecutorService.java:35)
	at org.junit.platform.engine.support.hierarchical.HierarchicalTestExecutor.execute(HierarchicalTestExecutor.java:57)
	at org.junit.platform.engine.support.hierarchical.HierarchicalTestEngine.execute(HierarchicalTestEngine.java:54)
	at org.junit.platform.launcher.core.EngineExecutionOrchestrator.execute(EngineExecutionOrchestrator.java:198)
	at org.junit.platform.launcher.core.EngineExecutionOrchestrator.execute(EngineExecutionOrchestrator.java:169)
	at org.junit.platform.launcher.core.EngineExecutionOrchestrator.execute(EngineExecutionOrchestrator.java:93)
	at org.junit.platform.launcher.core.EngineExecutionOrchestrator.lambda$execute$0(EngineExecutionOrchestrator.java:58)
	at org.junit.platform.launcher.core.EngineExecutionOrchestrator.withInterceptedStreams(EngineExecutionOrchestrator.java:141)
	at org.junit.platform.launcher.core.EngineExecutionOrchestrator.execute(EngineExecutionOrchestrator.java:57)
	at org.junit.platform.launcher.core.DefaultLauncher.execute(DefaultLauncher.java:103)
	at org.junit.platform.launcher.core.DefaultLauncher.execute(DefaultLauncher.java:85)
	at org.junit.platform.launcher.core.DelegatingLauncher.execute(DelegatingLauncher.java:47)
	at org.apache.maven.surefire.junitplatform.LazyLauncher.execute(LazyLauncher.java:56)
	at org.apache.maven.surefire.junitplatform.JUnitPlatformProvider.execute(JUnitPlatformProvider.java:184)
	at org.apache.maven.surefire.junitplatform.JUnitPlatformProvider.invokeAllTests(JUnitPlatformProvider.java:148)
	at org.apache.maven.surefire.junitplatform.JUnitPlatformProvider.invoke(JUnitPlatformProvider.java:122)
	at org.apache.maven.surefire.booter.ForkedBooter.runSuitesInProcess(ForkedBooter.java:385)
	at org.apache.maven.surefire.booter.ForkedBooter.execute(ForkedBooter.java:162)
	at org.apache.maven.surefire.booter.ForkedBooter.run(ForkedBooter.java:507)
	at org.apache.maven.surefire.booter.ForkedBooter.main(ForkedBooter.java:495)

[ERRO] 2026-01-09 18:51:47.143 - Erro-49
  Exceção: java.lang.RuntimeException: Erro 49
java.lang.RuntimeException: Erro 49
	at testes.ErrorLoggerTest.testeLogNaoCresceIndefinidamente(ErrorLoggerTest.java:389)
	at java.base/jdk.internal.reflect.DirectMethodHandleAccessor.invoke(DirectMethodHandleAccessor.java:103)
	at java.base/java.lang.reflect.Method.invoke(Method.java:580)
	at org.junit.platform.commons.util.ReflectionUtils.invokeMethod(ReflectionUtils.java:728)
	at org.junit.jupiter.engine.execution.MethodInvocation.proceed(MethodInvocation.java:60)
	at org.junit.jupiter.engine.execution.InvocationInterceptorChain$ValidatingInvocation.proceed(InvocationInterceptorChain.java:131)
	at org.junit.jupiter.engine.extension.TimeoutExtension.intercept(TimeoutExtension.java:156)
	at org.junit.jupiter.engine.extension.TimeoutExtension.interceptTestableMethod(TimeoutExtension.java:147)
	at org.junit.jupiter.engine.extension.TimeoutExtension.interceptTestMethod(TimeoutExtension.java:86)
	at org.junit.jupiter.engine.execution.InterceptingExecutableInvoker$ReflectiveInterceptorCall.lambda$ofVoidMethod$0(InterceptingExecutableInvoker.java:103)
	at org.junit.jupiter.engine.execution.InterceptingExecutableInvoker.lambda$invoke$0(InterceptingExecutableInvoker.java:93)
	at org.junit.jupiter.engine.execution.InvocationInterceptorChain$InterceptedInvocation.proceed(InvocationInterceptorChain.java:106)
	at org.junit.jupiter.engine.execution.InvocationInterceptorChain.proceed(InvocationInterceptorChain.java:64)
	at org.junit.jupiter.engine.execution.InvocationInterceptorChain.chainAndInvoke(InvocationInterceptorChain.java:45)
	at org.junit.jupiter.engine.execution.InvocationInterceptorChain.invoke(InvocationInterceptorChain.java:37)
	at org.junit.jupiter.engine.execution.InterceptingExecutableInvoker.invoke(InterceptingExecutableInvoker.java:92)
	at org.junit.jupiter.engine.execution.InterceptingExecutableInvoker.invoke(InterceptingExecutableInvoker.java:86)
	at org.junit.jupiter.engine.descriptor.TestMethodTestDescriptor.lambda$invokeTestMethod$7(TestMethodTestDescriptor.java:218)
	at org.junit.platform.engine.support.hierarchical.ThrowableCollector.execute(ThrowableCollector.java:73)
	at org.junit.jupiter.engine.descriptor.TestMethodTestDescriptor.invokeTestMethod(TestMethodTestDescriptor.java:214)
	at org.junit.jupiter.engine.descriptor.TestMethodTestDescriptor.execute(TestMethodTestDescriptor.java:139)
	at org.junit.jupiter.engine.descriptor.TestMethodTestDescriptor.execute(TestMethodTestDescriptor.java:69)
	at org.junit.platform.engine.support.hierarchical.NodeTestTask.lambda$executeRecursively$6(NodeTestTask.java:151)
	at org.junit.platform.engine.support.hierarchical.ThrowableCollector.execute(ThrowableCollector.java:73)
	at org.junit.platform.engine.support.hierarchical.NodeTestTask.lambda$executeRecursively$8(NodeTestTask.java:141)
	at org.junit.platform.engine.support.hierarchical.Node.around(Node.java:137)
	at org.junit.platform.engine.support.hierarchical.NodeTestTask.lambda$executeRecursively$9(NodeTestTask.java:139)
	at org.junit.platform.engine.support.hierarchical.ThrowableCollector.execute(ThrowableCollector.java:73)
	at org.junit.platform.engine.support.hierarchical.NodeTestTask.executeRecursively(NodeTestTask.java:138)
	at org.junit.platform.engine.support.hierarchical.NodeTestTask.execute(NodeTestTask.java:95)
	at java.base/java.util.ArrayList.forEach(ArrayList.java:1597)
	at org.junit.platform.engine.support.hierarchical.SameThreadHierarchicalTestExecutorService.invokeAll(SameThreadHierarchicalTestExecutorService.java:41)
	at org.junit.platform.engine.support.hierarchical.NodeTestTask.lambda$executeRecursively$6(NodeTestTask.java:155)
	at org.junit.platform.engine.support.hierarchical.ThrowableCollector.execute(ThrowableCollector.java:73)
	at org.junit.platform.engine.support.hierarchical.NodeTestTask.lambda$executeRecursively$8(NodeTestTask.java:141)
	at org.junit.platform.engine.support.hierarchical.Node.around(Node.java:137)
	at org.junit.platform.engine.support.hierarchical.NodeTestTask.lambda$executeRecursively$9(NodeTestTask.java:139)
	at org.junit.platform.engine.support.hierarchical.ThrowableCollector.execute(ThrowableCollector.java:73)
	at org.junit.platform.engine.support.hierarchical.NodeTestTask.executeRecursively(NodeTestTask.java:138)
	at org.junit.platform.engine.support.hierarchical.NodeTestTask.execute(NodeTestTask.java:95)
	at java.base/java.util.ArrayList.forEach(ArrayList.java:1597)
	at org.junit.platform.engine.support.hierarchical.SameThreadHierarchicalTestExecutorService.invokeAll(SameThreadHierarchicalTestExecutorService.java:41)
	at org.junit.platform.engine.support.hierarchical.NodeTestTask.lambda$executeRecursively$6(NodeTestTask.java:155)
	at org.junit.platform.engine.support.hierarchical.ThrowableCollector.execute(ThrowableCollector.java:73)
	at org.junit.platform.engine.support.hierarchical.NodeTestTask.lambda$executeRecursively$8(NodeTestTask.java:141)
	at org.junit.platform.engine.support.hierarchical.Node.around(Node.java:137)
	at org.junit.platform.engine.support.hierarchical.NodeTestTask.lambda$executeRecursively$9(NodeTestTask.java:139)
	at org.junit.platform.engine.support.hierarchical.ThrowableCollector.execute(ThrowableCollector.java:73)
	at org.junit.platform.engine.support.hierarchical.NodeTestTask.executeRecursively(NodeTestTask.java:138)
	at org.junit.platform.engine.support.hierarchical.NodeTestTask.execute(NodeTestTask.java:95)
	at org.junit.platform.engine.support.hierarchical.SameThreadHierarchicalTestExecutorService.submit(SameThreadHierarchicalTestExecutorService.java:35)
	at org.junit.platform.engine.support.hierarchical.HierarchicalTestExecutor.execute(HierarchicalTestExecutor.java:57)
	at org.junit.platform.engine.support.hierarchical.HierarchicalTestEngine.execute(HierarchicalTestEngine.java:54)
	at org.junit.platform.launcher.core.EngineExecutionOrchestrator.execute(EngineExecutionOrchestrator.java:198)
	at org.junit.platform.launcher.core.EngineExecutionOrchestrator.execute(EngineExecutionOrchestrator.java:169)
	at org.junit.platform.launcher.core.EngineExecutionOrchestrator.execute(EngineExecutionOrchestrator.java:93)
	at org.junit.platform.launcher.core.EngineExecutionOrchestrator.lambda$execute$0(EngineExecutionOrchestrator.java:58)
	at org.junit.platform.launcher.core.EngineExecutionOrchestrator.withInterceptedStreams(EngineExecutionOrchestrator.java:141)
	at org.junit.platform.launcher.core.EngineExecutionOrchestrator.execute(EngineExecutionOrchestrator.java:57)
	at org.junit.platform.launcher.core.DefaultLauncher.execute(DefaultLauncher.java:103)
	at org.junit.platform.launcher.core.DefaultLauncher.execute(DefaultLauncher.java:85)
	at org.junit.platform.launcher.core.DelegatingLauncher.execute(DelegatingLauncher.java:47)
	at org.apache.maven.surefire.junitplatform.LazyLauncher.execute(LazyLauncher.java:56)
	at org.apache.maven.surefire.junitplatform.JUnitPlatformProvider.execute(JUnitPlatformProvider.java:184)
	at org.apache.maven.surefire.junitplatform.JUnitPlatformProvider.invokeAllTests(JUnitPlatformProvider.java:148)
	at org.apache.maven.surefire.junitplatform.JUnitPlatformProvider.invoke(JUnitPlatformProvider.java:122)
	at org.apache.maven.surefire.booter.ForkedBooter.runSuitesInProcess(ForkedBooter.java:385)
	at org.apache.maven.surefire.booter.ForkedBooter.execute(ForkedBooter.java:162)
	at org.apache.maven.surefire.booter.ForkedBooter.run(ForkedBooter.java:507)
	at org.apache.maven.surefire.booter.ForkedBooter.main(ForkedBooter.java:495)

[ERRO] 2026-01-09 18:51:47.143 - Erro-50
  Exceção: java.lang.RuntimeException: Erro 50
java.lang.RuntimeException: Erro 50
	at testes.ErrorLoggerTest.testeLogNaoCresceIndefinidamente(ErrorLoggerTest.java:389)
	at java.base/jdk.internal.reflect.DirectMethodHandleAccessor.invoke(DirectMethodHandleAccessor.java:103)
	at java.base/java.lang.reflect.Method.invoke(Method.java:580)
	at org.junit.platform.commons.util.ReflectionUtils.invokeMethod(ReflectionUtils.java:728)
	at org.junit.jupiter.engine.execution.MethodInvocation.proceed(MethodInvocation.java:60)
	at org.junit.jupiter.engine.execution.InvocationInterceptorChain$ValidatingInvocation.proceed(InvocationInterceptorChain.java:131)
	at org.junit.jupiter.engine.extension.TimeoutExtension.intercept(TimeoutExtension.java:156)
	at org.junit.jupiter.engine.extension.TimeoutExtension.interceptTestableMethod(TimeoutExtension.java:147)
	at org.junit.jupiter.engine.extension.TimeoutExtension.interceptTestMethod(TimeoutExtension.java:86)
	at org.junit.jupiter.engine.execution.InterceptingExecutableInvoker$ReflectiveInterceptorCall.lambda$ofVoidMethod$0(InterceptingExecutableInvoker.java:103)
	at org.junit.jupiter.engine.execution.InterceptingExecutableInvoker.lambda$invoke$0(InterceptingExecutableInvoker.java:93)
	at org.junit.jupiter.engine.execution.InvocationInterceptorChain$InterceptedInvocation.proceed(InvocationInterceptorChain.java:106)
	at org.junit.jupiter.engine.execution.InvocationInterceptorChain.proceed(InvocationInterceptorChain.java:64)
	at org.junit.jupiter.engine.execution.InvocationInterceptorChain.chainAndInvoke(InvocationInterceptorChain.java:45)
	at org.junit.jupiter.engine.execution.InvocationInterceptorChain.invoke(InvocationInterceptorChain.java:37)
	at org.junit.jupiter.engine.execution.InterceptingExecutableInvoker.invoke(InterceptingExecutableInvoker.java:92)
	at org.junit.jupiter.engine.execution.InterceptingExecutableInvoker.invoke(InterceptingExecutableInvoker.java:86)
	at org.junit.jupiter.engine.descriptor.TestMethodTestDescriptor.lambda$invokeTestMethod$7(TestMethodTestDescriptor.java:218)
	at org.junit.platform.engine.support.hierarchical.ThrowableCollector.execute(ThrowableCollector.java:73)
	at org.junit.jupiter.engine.descriptor.TestMethodTestDescriptor.invokeTestMethod(TestMethodTestDescriptor.java:214)
	at org.junit.jupiter.engine.descriptor.TestMethodTestDescriptor.execute(TestMethodTestDescriptor.java:139)
	at org.junit.jupiter.engine.descriptor.TestMethodTestDescriptor.execute(TestMethodTestDescriptor.java:69)
	at org.junit.platform.engine.support.hierarchical.NodeTestTask.lambda$executeRecursively$6(NodeTestTask.java:151)
	at org.junit.platform.engine.support.hierarchical.ThrowableCollector.execute(ThrowableCollector.java:73)
	at org.junit.platform.engine.support.hierarchical.NodeTestTask.lambda$executeRecursively$8(NodeTestTask.java:141)
	at org.junit.platform.engine.support.hierarchical.Node.around(Node.java:137)
	at org.junit.platform.engine.support.hierarchical.NodeTestTask.lambda$executeRecursively$9(NodeTestTask.java:139)
	at org.junit.platform.engine.support.hierarchical.ThrowableCollector.execute(ThrowableCollector.java:73)
	at org.junit.platform.engine.support.hierarchical.NodeTestTask.executeRecursively(NodeTestTask.java:138)
	at org.junit.platform.engine.support.hierarchical.NodeTestTask.execute(NodeTestTask.java:95)
	at java.base/java.util.ArrayList.forEach(ArrayList.java:1597)
	at org.junit.platform.engine.support.hierarchical.SameThreadHierarchicalTestExecutorService.invokeAll(SameThreadHierarchicalTestExecutorService.java:41)
	at org.junit.platform.engine.support.hierarchical.NodeTestTask.lambda$executeRecursively$6(NodeTestTask.java:155)
	at org.junit.platform.engine.support.hierarchical.ThrowableCollector.execute(ThrowableCollector.java:73)
	at org.junit.platform.engine.support.hierarchical.NodeTestTask.lambda$executeRecursively$8(NodeTestTask.java:141)
	at org.junit.platform.engine.support.hierarchical.Node.around(Node.java:137)
	at org.junit.platform.engine.support.hierarchical.NodeTestTask.lambda$executeRecursively$9(NodeTestTask.java:139)
	at org.junit.platform.engine.support.hierarchical.ThrowableCollector.execute(ThrowableCollector.java:73)
	at org.junit.platform.engine.support.hierarchical.NodeTestTask.executeRecursively(NodeTestTask.java:138)
	at org.junit.platform.engine.support.hierarchical.NodeTestTask.execute(NodeTestTask.java:95)
	at java.base/java.util.ArrayList.forEach(ArrayList.java:1597)
	at org.junit.platform.engine.support.hierarchical.SameThreadHierarchicalTestExecutorService.invokeAll(SameThreadHierarchicalTestExecutorService.java:41)
	at org.junit.platform.engine.support.hierarchical.NodeTestTask.lambda$executeRecursively$6(NodeTestTask.java:155)
	at org.junit.platform.engine.support.hierarchical.ThrowableCollector.execute(ThrowableCollector.java:73)
	at org.junit.platform.engine.support.hierarchical.NodeTestTask.lambda$executeRecursively$8(NodeTestTask.java:141)
	at org.junit.platform.engine.support.hierarchical.Node.around(Node.java:137)
	at org.junit.platform.engine.support.hierarchical.NodeTestTask.lambda$executeRecursively$9(NodeTestTask.java:139)
	at org.junit.platform.engine.support.hierarchical.ThrowableCollector.execute(ThrowableCollector.java:73)
	at org.junit.platform.engine.support.hierarchical.NodeTestTask.executeRecursively(NodeTestTask.java:138)
	at org.junit.platform.engine.support.hierarchical.NodeTestTask.execute(NodeTestTask.java:95)
	at org.junit.platform.engine.support.hierarchical.SameThreadHierarchicalTestExecutorService.submit(SameThreadHierarchicalTestExecutorService.java:35)
	at org.junit.platform.engine.support.hierarchical.HierarchicalTestExecutor.execute(HierarchicalTestExecutor.java:57)
	at org.junit.platform.engine.support.hierarchical.HierarchicalTestEngine.execute(HierarchicalTestEngine.java:54)
	at org.junit.platform.launcher.core.EngineExecutionOrchestrator.execute(EngineExecutionOrchestrator.java:198)
	at org.junit.platform.launcher.core.EngineExecutionOrchestrator.execute(EngineExecutionOrchestrator.java:169)
	at org.junit.platform.launcher.core.EngineExecutionOrchestrator.execute(EngineExecutionOrchestrator.java:93)
	at org.junit.platform.launcher.core.EngineExecutionOrchestrator.lambda$execute$0(EngineExecutionOrchestrator.java:58)
	at org.junit.platform.launcher.core.EngineExecutionOrchestrator.withInterceptedStreams(EngineExecutionOrchestrator.java:141)
	at org.junit.platform.launcher.core.EngineExecutionOrchestrator.execute(EngineExecutionOrchestrator.java:57)
	at org.junit.platform.launcher.core.DefaultLauncher.execute(DefaultLauncher.java:103)
	at org.junit.platform.launcher.core.DefaultLauncher.execute(DefaultLauncher.java:85)
	at org.junit.platform.launcher.core.DelegatingLauncher.execute(DelegatingLauncher.java:47)
	at org.apache.maven.surefire.junitplatform.LazyLauncher.execute(LazyLauncher.java:56)
	at org.apache.maven.surefire.junitplatform.JUnitPlatformProvider.execute(JUnitPlatformProvider.java:184)
	at org.apache.maven.surefire.junitplatform.JUnitPlatformProvider.invokeAllTests(JUnitPlatformProvider.java:148)
	at org.apache.maven.surefire.junitplatform.JUnitPlatformProvider.invoke(JUnitPlatformProvider.java:122)
	at org.apache.maven.surefire.booter.ForkedBooter.runSuitesInProcess(ForkedBooter.java:385)
	at org.apache.maven.surefire.booter.ForkedBooter.execute(ForkedBooter.java:162)
	at org.apache.maven.surefire.booter.ForkedBooter.run(ForkedBooter.java:507)
	at org.apache.maven.surefire.booter.ForkedBooter.main(ForkedBooter.java:495)

[ERRO] 2026-01-09 18:51:47.143 - Erro-51
  Exceção: java.lang.RuntimeException: Erro 51
java.lang.RuntimeException: Erro 51
	at testes.ErrorLoggerTest.testeLogNaoCresceIndefinidamente(ErrorLoggerTest.java:389)
	at java.base/jdk.internal.reflect.DirectMethodHandleAccessor.invoke(DirectMethodHandleAccessor.java:103)
	at java.base/java.lang.reflect.Method.invoke(Method.java:580)
	at org.junit.platform.commons.util.ReflectionUtils.invokeMethod(ReflectionUtils.java:728)
	at org.junit.jupiter.engine.execution.MethodInvocation.proceed(MethodInvocation.java:60)
	at org.junit.jupiter.engine.execution.InvocationInterceptorChain$ValidatingInvocation.proceed(InvocationInterceptorChain.java:131)
	at org.junit.jupiter.engine.extension.TimeoutExtension.intercept(TimeoutExtension.java:156)
	at org.junit.jupiter.engine.extension.TimeoutExtension.interceptTestableMethod(TimeoutExtension.java:147)
	at org.junit.jupiter.engine.extension.TimeoutExtension.interceptTestMethod(TimeoutExtension.java:86)
	at org.junit.jupiter.engine.execution.InterceptingExecutableInvoker$ReflectiveInterceptorCall.lambda$ofVoidMethod$0(InterceptingExecutableInvoker.java:103)
	at org.junit.jupiter.engine.execution.InterceptingExecutableInvoker.lambda$invoke$0(InterceptingExecutableInvoker.java:93)
	at org.junit.jupiter.engine.execution.InvocationInterceptorChain$InterceptedInvocation.proceed(InvocationInterceptorChain.java:106)
	at org.junit.jupiter.engine.execution.InvocationInterceptorChain.proceed(InvocationInterceptorChain.java:64)
	at org.junit.jupiter.engine.execution.InvocationInterceptorChain.chainAndInvoke(InvocationInterceptorChain.java:45)
	at org.junit.jupiter.engine.execution.InvocationInterceptorChain.invoke(InvocationInterceptorChain.java:37)
	at org.junit.jupiter.engine.execution.InterceptingExecutableInvoker.invoke(InterceptingExecutableInvoker.java:92)
	at org.junit.jupiter.engine.execution.InterceptingExecutableInvoker.invoke(InterceptingExecutableInvoker.java:86)
	at org.junit.jupiter.engine.descriptor.TestMethodTestDescriptor.lambda$invokeTestMethod$7(TestMethodTestDescriptor.java:218)
	at org.junit.platform.engine.support.hierarchical.ThrowableCollector.execute(ThrowableCollector.java:73)
	at org.junit.jupiter.engine.descriptor.TestMethodTestDescriptor.invokeTestMethod(TestMethodTestDescriptor.java:214)
	at org.junit.jupiter.engine.descriptor.TestMethodTestDescriptor.execute(TestMethodTestDescriptor.java:139)
	at org.junit.jupiter.engine.descriptor.TestMethodTestDescriptor.execute(TestMethodTestDescriptor.java:69)
	at org.junit.platform.engine.support.hierarchical.NodeTestTask.lambda$executeRecursively$6(NodeTestTask.java:151)
	at org.junit.platform.engine.support.hierarchical.ThrowableCollector.execute(ThrowableCollector.java:73)
	at org.junit.platform.engine.support.hierarchical.NodeTestTask.lambda$executeRecursively$8(NodeTestTask.java:141)
	at org.junit.platform.engine.support.hierarchical.Node.around(Node.java:137)
	at org.junit.platform.engine.support.hierarchical.NodeTestTask.lambda$executeRecursively$9(NodeTestTask.java:139)
	at org.junit.platform.engine.support.hierarchical.ThrowableCollector.execute(ThrowableCollector.java:73)
	at org.junit.platform.engine.support.hierarchical.NodeTestTask.executeRecursively(NodeTestTask.java:138)
	at org.junit.platform.engine.support.hierarchical.NodeTestTask.execute(NodeTestTask.java:95)
	at java.base/java.util.ArrayList.forEach(ArrayList.java:1597)
	at org.junit.platform.engine.support.hierarchical.SameThreadHierarchicalTestExecutorService.invokeAll(SameThreadHierarchicalTestExecutorService.java:41)
	at org.junit.platform.engine.support.hierarchical.NodeTestTask.lambda$executeRecursively$6(NodeTestTask.java:155)
	at org.junit.platform.engine.support.hierarchical.ThrowableCollector.execute(ThrowableCollector.java:73)
	at org.junit.platform.engine.support.hierarchical.NodeTestTask.lambda$executeRecursively$8(NodeTestTask.java:141)
	at org.junit.platform.engine.support.hierarchical.Node.around(Node.java:137)
	at org.junit.platform.engine.support.hierarchical.NodeTestTask.lambda$executeRecursively$9(NodeTestTask.java:139)
	at org.junit.platform.engine.support.hierarchical.ThrowableCollector.execute(ThrowableCollector.java:73)
	at org.junit.platform.engine.support.hierarchical.NodeTestTask.executeRecursively(NodeTestTask.java:138)
	at org.junit.platform.engine.support.hierarchical.NodeTestTask.execute(NodeTestTask.java:95)
	at java.base/java.util.ArrayList.forEach(ArrayList.java:1597)
	at org.junit.platform.engine.support.hierarchical.SameThreadHierarchicalTestExecutorService.invokeAll(SameThreadHierarchicalTestExecutorService.java:41)
	at org.junit.platform.engine.support.hierarchical.NodeTestTask.lambda$executeRecursively$6(NodeTestTask.java:155)
	at org.junit.platform.engine.support.hierarchical.ThrowableCollector.execute(ThrowableCollector.java:73)
	at org.junit.platform.engine.support.hierarchical.NodeTestTask.lambda$executeRecursively$8(NodeTestTask.java:141)
	at org.junit.platform.engine.support.hierarchical.Node.around(Node.java:137)
	at org.junit.platform.engine.support.hierarchical.NodeTestTask.lambda$executeRecursively$9(NodeTestTask.java:139)
	at org.junit.platform.engine.support.hierarchical.ThrowableCollector.execute(ThrowableCollector.java:73)
	at org.junit.platform.engine.support.hierarchical.NodeTestTask.executeRecursively(NodeTestTask.java:138)
	at org.junit.platform.engine.support.hierarchical.NodeTestTask.execute(NodeTestTask.java:95)
	at org.junit.platform.engine.support.hierarchical.SameThreadHierarchicalTestExecutorService.submit(SameThreadHierarchicalTestExecutorService.java:35)
	at org.junit.platform.engine.support.hierarchical.HierarchicalTestExecutor.execute(HierarchicalTestExecutor.java:57)
	at org.junit.platform.engine.support.hierarchical.HierarchicalTestEngine.execute(HierarchicalTestEngine.java:54)
	at org.junit.platform.launcher.core.EngineExecutionOrchestrator.execute(EngineExecutionOrchestrator.java:198)
	at org.junit.platform.launcher.core.EngineExecutionOrchestrator.execute(EngineExecutionOrchestrator.java:169)
	at org.junit.platform.launcher.core.EngineExecutionOrchestrator.execute(EngineExecutionOrchestrator.java:93)
	at org.junit.platform.launcher.core.EngineExecutionOrchestrator.lambda$execute$0(EngineExecutionOrchestrator.java:58)
	at org.junit.platform.launcher.core.EngineExecutionOrchestrator.withInterceptedStreams(EngineExecutionOrchestrator.java:141)
	at org.junit.platform.launcher.core.EngineExecutionOrchestrator.execute(EngineExecutionOrchestrator.java:57)
	at org.junit.platform.launcher.core.DefaultLauncher.execute(DefaultLauncher.java:103)
	at org.junit.platform.launcher.core.DefaultLauncher.execute(DefaultLauncher.java:85)
	at org.junit.platform.launcher.core.DelegatingLauncher.execute(DelegatingLauncher.java:47)
	at org.apache.maven.surefire.junitplatform.LazyLauncher.execute(LazyLauncher.java:56)
	at org.apache.maven.surefire.junitplatform.JUnitPlatformProvider.execute(JUnitPlatformProvider.java:184)
	at org.apache.maven.surefire.junitplatform.JUnitPlatformProvider.invokeAllTests(JUnitPlatformProvider.java:148)
	at org.apache.maven.surefire.junitplatform.JUnitPlatformProvider.invoke(JUnitPlatformProvider.java:122)
	at org.apache.maven.surefire.booter.ForkedBooter.runSuitesInProcess(ForkedBooter.java:385)
	at org.apache.maven.surefire.booter.ForkedBooter.execute(ForkedBooter.java:162)
	at org.apache.maven.surefire.booter.ForkedBooter.run(ForkedBooter.java:507)
	at org.apache.maven.surefire.booter.ForkedBooter.main(ForkedBooter.java:495)

[ERRO] 2026-01-09 18:51:47.144 - Erro-52
  Exceção: java.lang.RuntimeException: Erro 52
java.lang.RuntimeException: Erro 52
	at testes.ErrorLoggerTest.testeLogNaoCresceIndefinidamente(ErrorLoggerTest.java:389)
	at java.base/jdk.internal.reflect.DirectMethodHandleAccessor.invoke(DirectMethodHandleAccessor.java:103)
	at java.base/java.lang.reflect.Method.invoke(Method.java:580)
	at org.junit.platform.commons.util.ReflectionUtils.invokeMethod(ReflectionUtils.java:728)
	at org.junit.jupiter.engine.execution.MethodInvocation.proceed(MethodInvocation.java:60)
	at org.junit.jupiter.engine.execution.InvocationInterceptorChain$ValidatingInvocation.proceed(InvocationInterceptorChain.java:131)
	at org.junit.jupiter.engine.extension.TimeoutExtension.intercept(TimeoutExtension.java:156)
	at org.junit.jupiter.engine.extension.TimeoutExtension.interceptTestableMethod(TimeoutExtension.java:147)
	at org.junit.jupiter.engine.extension.TimeoutExtension.interceptTestMethod(TimeoutExtension.java:86)
	at org.junit.jupiter.engine.execution.InterceptingExecutableInvoker$ReflectiveInterceptorCall.lambda$ofVoidMethod$0(InterceptingExecutableInvoker.java:103)
	at org.junit.jupiter.engine.execution.InterceptingExecutableInvoker.lambda$invoke$0(InterceptingExecutableInvoker.java:93)
	at org.junit.jupiter.engine.execution.InvocationInterceptorChain$InterceptedInvocation.proceed(InvocationInterceptorChain.java:106)
	at org.junit.jupiter.engine.execution.InvocationInterceptorChain.proceed(InvocationInterceptorChain.java:64)
	at org.junit.jupiter.engine.execution.InvocationInterceptorChain.chainAndInvoke(InvocationInterceptorChain.java:45)
	at org.junit.jupiter.engine.execution.InvocationInterceptorChain.invoke(InvocationInterceptorChain.java:37)
	at org.junit.jupiter.engine.execution.InterceptingExecutableInvoker.invoke(InterceptingExecutableInvoker.java:92)
	at org.junit.jupiter.engine.execution.InterceptingExecutableInvoker.invoke(InterceptingExecutableInvoker.java:86)
	at org.junit.jupiter.engine.descriptor.TestMethodTestDescriptor.lambda$invokeTestMethod$7(TestMethodTestDescriptor.java:218)
	at org.junit.platform.engine.support.hierarchical.ThrowableCollector.execute(ThrowableCollector.java:73)
	at org.junit.jupiter.engine.descriptor.TestMethodTestDescriptor.invokeTestMethod(TestMethodTestDescriptor.java:214)
	at org.junit.jupiter.engine.descriptor.TestMethodTestDescriptor.execute(TestMethodTestDescriptor.java:139)
	at org.junit.jupiter.engine.descriptor.TestMethodTestDescriptor.execute(TestMethodTestDescriptor.java:69)
	at org.junit.platform.engine.support.hierarchical.NodeTestTask.lambda$executeRecursively$6(NodeTestTask.java:151)
	at org.junit.platform.engine.support.hierarchical.ThrowableCollector.execute(ThrowableCollector.java:73)
	at org.junit.platform.engine.support.hierarchical.NodeTestTask.lambda$executeRecursively$8(NodeTestTask.java:141)
	at org.junit.platform.engine.support.hierarchical.Node.around(Node.java:137)
	at org.junit.platform.engine.support.hierarchical.NodeTestTask.lambda$executeRecursively$9(NodeTestTask.java:139)
	at org.junit.platform.engine.support.hierarchical.ThrowableCollector.execute(ThrowableCollector.java:73)
	at org.junit.platform.engine.support.hierarchical.NodeTestTask.executeRecursively(NodeTestTask.java:138)
	at org.junit.platform.engine.support.hierarchical.NodeTestTask.execute(NodeTestTask.java:95)
	at java.base/java.util.ArrayList.forEach(ArrayList.java:1597)
	at org.junit.platform.engine.support.hierarchical.SameThreadHierarchicalTestExecutorService.invokeAll(SameThreadHierarchicalTestExecutorService.java:41)
	at org.junit.platform.engine.support.hierarchical.NodeTestTask.lambda$executeRecursively$6(NodeTestTask.java:155)
	at org.junit.platform.engine.support.hierarchical.ThrowableCollector.execute(ThrowableCollector.java:73)
	at org.junit.platform.engine.support.hierarchical.NodeTestTask.lambda$executeRecursively$8(NodeTestTask.java:141)
	at org.junit.platform.engine.support.hierarchical.Node.around(Node.java:137)
	at org.junit.platform.engine.support.hierarchical.NodeTestTask.lambda$executeRecursively$9(NodeTestTask.java:139)
	at org.junit.platform.engine.support.hierarchical.ThrowableCollector.execute(ThrowableCollector.java:73)
	at org.junit.platform.engine.support.hierarchical.NodeTestTask.executeRecursively(NodeTestTask.java:138)
	at org.junit.platform.engine.support.hierarchical.NodeTestTask.execute(NodeTestTask.java:95)
	at java.base/java.util.ArrayList.forEach(ArrayList.java:1597)
	at org.junit.platform.engine.support.hierarchical.SameThreadHierarchicalTestExecutorService.invokeAll(SameThreadHierarchicalTestExecutorService.java:41)
	at org.junit.platform.engine.support.hierarchical.NodeTestTask.lambda$executeRecursively$6(NodeTestTask.java:155)
	at org.junit.platform.engine.support.hierarchical.ThrowableCollector.execute(ThrowableCollector.java:73)
	at org.junit.platform.engine.support.hierarchical.NodeTestTask.lambda$executeRecursively$8(NodeTestTask.java:141)
	at org.junit.platform.engine.support.hierarchical.Node.around(Node.java:137)
	at org.junit.platform.engine.support.hierarchical.NodeTestTask.lambda$executeRecursively$9(NodeTestTask.java:139)
	at org.junit.platform.engine.support.hierarchical.ThrowableCollector.execute(ThrowableCollector.java:73)
	at org.junit.platform.engine.support.hierarchical.NodeTestTask.executeRecursively(NodeTestTask.java:138)
	at org.junit.platform.engine.support.hierarchical.NodeTestTask.execute(NodeTestTask.java:95)
	at org.junit.platform.engine.support.hierarchical.SameThreadHierarchicalTestExecutorService.submit(SameThreadHierarchicalTestExecutorService.java:35)
	at org.junit.platform.engine.support.hierarchical.HierarchicalTestExecutor.execute(HierarchicalTestExecutor.java:57)
	at org.junit.platform.engine.support.hierarchical.HierarchicalTestEngine.execute(HierarchicalTestEngine.java:54)
	at org.junit.platform.launcher.core.EngineExecutionOrchestrator.execute(EngineExecutionOrchestrator.java:198)
	at org.junit.platform.launcher.core.EngineExecutionOrchestrator.execute(EngineExecutionOrchestrator.java:169)
	at org.junit.platform.launcher.core.EngineExecutionOrchestrator.execute(EngineExecutionOrchestrator.java:93)
	at org.junit.platform.launcher.core.EngineExecutionOrchestrator.lambda$execute$0(EngineExecutionOrchestrator.java:58)
	at org.junit.platform.launcher.core.EngineExecutionOrchestrator.withInterceptedStreams(EngineExecutionOrchestrator.java:141)
	at org.junit.platform.launcher.core.EngineExecutionOrchestrator.execute(EngineExecutionOrchestrator.java:57)
	at org.junit.platform.launcher.core.DefaultLauncher.execute(DefaultLauncher.java:103)
	at org.junit.platform.launcher.core.DefaultLauncher.execute(DefaultLauncher.java:85)
	at org.junit.platform.launcher.core.DelegatingLauncher.execute(DelegatingLauncher.java:47)
	at org.apache.maven.surefire.junitplatform.LazyLauncher.execute(LazyLauncher.java:56)
	at org.apache.maven.surefire.junitplatform.JUnitPlatformProvider.execute(JUnitPlatformProvider.java:184)
	at org.apache.maven.surefire.junitplatform.JUnitPlatformProvider.invokeAllTests(JUnitPlatformProvider.java:148)
	at org.apache.maven.surefire.junitplatform.JUnitPlatformProvider.invoke(JUnitPlatformProvider.java:122)
	at org.apache.maven.surefire.booter.ForkedBooter.runSuitesInProcess(ForkedBooter.java:385)
	at org.apache.maven.surefire.booter.ForkedBooter.execute(ForkedBooter.java:162)
	at org.apache.maven.surefire.booter.ForkedBooter.run(ForkedBooter.java:507)
	at org.apache.maven.surefire.booter.ForkedBooter.main(ForkedBooter.java:495)

[ERRO] 2026-01-09 18:51:47.144 - Erro-53
  Exceção: java.lang.RuntimeException: Erro 53
java.lang.RuntimeException: Erro 53
	at testes.ErrorLoggerTest.testeLogNaoCresceIndefinidamente(ErrorLoggerTest.java:389)
	at java.base/jdk.internal.reflect.DirectMethodHandleAccessor.invoke(DirectMethodHandleAccessor.java:103)
	at java.base/java.lang.reflect.Method.invoke(Method.java:580)
	at org.junit.platform.commons.util.ReflectionUtils.invokeMethod(ReflectionUtils.java:728)
	at org.junit.jupiter.engine.execution.MethodInvocation.proceed(MethodInvocation.java:60)
	at org.junit.jupiter.engine.execution.InvocationInterceptorChain$ValidatingInvocation.proceed(InvocationInterceptorChain.java:131)
	at org.junit.jupiter.engine.extension.TimeoutExtension.intercept(TimeoutExtension.java:156)
	at org.junit.jupiter.engine.extension.TimeoutExtension.interceptTestableMethod(TimeoutExtension.java:147)
	at org.junit.jupiter.engine.extension.TimeoutExtension.interceptTestMethod(TimeoutExtension.java:86)
	at org.junit.jupiter.engine.execution.InterceptingExecutableInvoker$ReflectiveInterceptorCall.lambda$ofVoidMethod$0(InterceptingExecutableInvoker.java:103)
	at org.junit.jupiter.engine.execution.InterceptingExecutableInvoker.lambda$invoke$0(InterceptingExecutableInvoker.java:93)
	at org.junit.jupiter.engine.execution.InvocationInterceptorChain$InterceptedInvocation.proceed(InvocationInterceptorChain.java:106)
	at org.junit.jupiter.engine.execution.InvocationInterceptorChain.proceed(InvocationInterceptorChain.java:64)
	at org.junit.jupiter.engine.execution.InvocationInterceptorChain.chainAndInvoke(InvocationInterceptorChain.java:45)
	at org.junit.jupiter.engine.execution.InvocationInterceptorChain.invoke(InvocationInterceptorChain.java:37)
	at org.junit.jupiter.engine.execution.InterceptingExecutableInvoker.invoke(InterceptingExecutableInvoker.java:92)
	at org.junit.jupiter.engine.execution.InterceptingExecutableInvoker.invoke(InterceptingExecutableInvoker.java:86)
	at org.junit.jupiter.engine.descriptor.TestMethodTestDescriptor.lambda$invokeTestMethod$7(TestMethodTestDescriptor.java:218)
	at org.junit.platform.engine.support.hierarchical.ThrowableCollector.execute(ThrowableCollector.java:73)
	at org.junit.jupiter.engine.descriptor.TestMethodTestDescriptor.invokeTestMethod(TestMethodTestDescriptor.java:214)
	at org.junit.jupiter.engine.descriptor.TestMethodTestDescriptor.execute(TestMethodTestDescriptor.java:139)
	at org.junit.jupiter.engine.descriptor.TestMethodTestDescriptor.execute(TestMethodTestDescriptor.java:69)
	at org.junit.platform.engine.support.hierarchical.NodeTestTask.lambda$executeRecursively$6(NodeTestTask.java:151)
	at org.junit.platform.engine.support.hierarchical.ThrowableCollector.execute(ThrowableCollector.java:73)
	at org.junit.platform.engine.support.hierarchical.NodeTestTask.lambda$executeRecursively$8(NodeTestTask.java:141)
	at org.junit.platform.engine.support.hierarchical.Node.around(Node.java:137)
	at org.junit.platform.engine.support.hierarchical.NodeTestTask.lambda$executeRecursively$9(NodeTestTask.java:139)
	at org.junit.platform.engine.support.hierarchical.ThrowableCollector.execute(ThrowableCollector.java:73)
	at org.junit.platform.engine.support.hierarchical.NodeTestTask.executeRecursively(NodeTestTask.java:138)
	at org.junit.platform.engine.support.hierarchical.NodeTestTask.execute(NodeTestTask.java:95)
	at java.base/java.util.ArrayList.forEach(ArrayList.java:1597)
	at org.junit.platform.engine.support.hierarchical.SameThreadHierarchicalTestExecutorService.invokeAll(SameThreadHierarchicalTestExecutorService.java:41)
	at org.junit.platform.engine.support.hierarchical.NodeTestTask.lambda$executeRecursively$6(NodeTestTask.java:155)
	at org.junit.platform.engine.support.hierarchical.ThrowableCollector.execute(ThrowableCollector.java:73)
	at org.junit.platform.engine.support.hierarchical.NodeTestTask.lambda$executeRecursively$8(NodeTestTask.java:141)
	at org.junit.platform.engine.support.hierarchical.Node.around(Node.java:137)
	at org.junit.platform.engine.support.hierarchical.NodeTestTask.lambda$executeRecursively$9(NodeTestTask.java:139)
	at org.junit.platform.engine.support.hierarchical.ThrowableCollector.execute(ThrowableCollector.java:73)
	at org.junit.platform.engine.support.hierarchical.NodeTestTask.executeRecursively(NodeTestTask.java:138)
	at org.junit.platform.engine.support.hierarchical.NodeTestTask.execute(NodeTestTask.java:95)
	at java.base/java.util.ArrayList.forEach(ArrayList.java:1597)
	at org.junit.platform.engine.support.hierarchical.SameThreadHierarchicalTestExecutorService.invokeAll(SameThreadHierarchicalTestExecutorService.java:41)
	at org.junit.platform.engine.support.hierarchical.NodeTestTask.lambda$executeRecursively$6(NodeTestTask.java:155)
	at org.junit.platform.engine.support.hierarchical.ThrowableCollector.execute(ThrowableCollector.java:73)
	at org.junit.platform.engine.support.hierarchical.NodeTestTask.lambda$executeRecursively$8(NodeTestTask.java:141)
	at org.junit.platform.engine.support.hierarchical.Node.around(Node.java:137)
	at org.junit.platform.engine.support.hierarchical.NodeTestTask.lambda$executeRecursively$9(NodeTestTask.java:139)
	at org.junit.platform.engine.support.hierarchical.ThrowableCollector.execute(ThrowableCollector.java:73)
	at org.junit.platform.engine.support.hierarchical.NodeTestTask.executeRecursively(NodeTestTask.java:138)
	at org.junit.platform.engine.support.hierarchical.NodeTestTask.execute(NodeTestTask.java:95)
	at org.junit.platform.engine.support.hierarchical.SameThreadHierarchicalTestExecutorService.submit(SameThreadHierarchicalTestExecutorService.java:35)
	at org.junit.platform.engine.support.hierarchical.HierarchicalTestExecutor.execute(HierarchicalTestExecutor.java:57)
	at org.junit.platform.engine.support.hierarchical.HierarchicalTestEngine.execute(HierarchicalTestEngine.java:54)
	at org.junit.platform.launcher.core.EngineExecutionOrchestrator.execute(EngineExecutionOrchestrator.java:198)
	at org.junit.platform.launcher.core.EngineExecutionOrchestrator.execute(EngineExecutionOrchestrator.java:169)
	at org.junit.platform.launcher.core.EngineExecutionOrchestrator.execute(EngineExecutionOrchestrator.java:93)
	at org.junit.platform.launcher.core.EngineExecutionOrchestrator.lambda$execute$0(EngineExecutionOrchestrator.java:58)
	at org.junit.platform.launcher.core.EngineExecutionOrchestrator.withInterceptedStreams(EngineExecutionOrchestrator.java:141)
	at org.junit.platform.launcher.core.EngineExecutionOrchestrator.execute(EngineExecutionOrchestrator.java:57)
	at org.junit.platform.launcher.core.DefaultLauncher.execute(DefaultLauncher.java:103)
	at org.junit.platform.launcher.core.DefaultLauncher.execute(DefaultLauncher.java:85)
	at org.junit.platform.launcher.core.DelegatingLauncher.execute(DelegatingLauncher.java:47)
	at org.apache.maven.surefire.junitplatform.LazyLauncher.execute(LazyLauncher.java:56)
	at org.apache.maven.surefire.junitplatform.JUnitPlatformProvider.execute(JUnitPlatformProvider.java:184)
	at org.apache.maven.surefire.junitplatform.JUnitPlatformProvider.invokeAllTests(JUnitPlatformProvider.java:148)
	at org.apache.maven.surefire.junitplatform.JUnitPlatformProvider.invoke(JUnitPlatformProvider.java:122)
	at org.apache.maven.surefire.booter.ForkedBooter.runSuitesInProcess(ForkedBooter.java:385)
	at org.apache.maven.surefire.booter.ForkedBooter.execute(ForkedBooter.java:162)
	at org.apache.maven.surefire.booter.ForkedBooter.run(ForkedBooter.java:507)
	at org.apache.maven.surefire.booter.ForkedBooter.main(ForkedBooter.java:495)

[ERRO] 2026-01-09 18:51:47.144 - Erro-54
  Exceção: java.lang.RuntimeException: Erro 54
java.lang.RuntimeException: Erro 54
	at testes.ErrorLoggerTest.testeLogNaoCresceIndefinidamente(ErrorLoggerTest.java:389)
	at java.base/jdk.internal.reflect.DirectMethodHandleAccessor.invoke(DirectMethodHandleAccessor.java:103)
	at java.base/java.lang.reflect.Method.invoke(Method.java:580)
	at org.junit.platform.commons.util.ReflectionUtils.invokeMethod(ReflectionUtils.java:728)
	at org.junit.jupiter.engine.execution.MethodInvocation.proceed(MethodInvocation.java:60)
	at org.junit.jupiter.engine.execution.InvocationInterceptorChain$ValidatingInvocation.proceed(InvocationInterceptorChain.java:131)
	at org.junit.jupiter.engine.extension.TimeoutExtension.intercept(TimeoutExtension.java:156)
	at org.junit.jupiter.engine.extension.TimeoutExtension.interceptTestableMethod(TimeoutExtension.java:147)
	at org.junit.jupiter.engine.extension.TimeoutExtension.interceptTestMethod(TimeoutExtension.java:86)
	at org.junit.jupiter.engine.execution.InterceptingExecutableInvoker$ReflectiveInterceptorCall.lambda$ofVoidMethod$0(InterceptingExecutableInvoker.java:103)
	at org.junit.jupiter.engine.execution.InterceptingExecutableInvoker.lambda$invoke$0(InterceptingExecutableInvoker.java:93)
	at org.junit.jupiter.engine.execution.InvocationInterceptorChain$InterceptedInvocation.proceed(InvocationInterceptorChain.java:106)
	at org.junit.jupiter.engine.execution.InvocationInterceptorChain.proceed(InvocationInterceptorChain.java:64)
	at org.junit.jupiter.engine.execution.InvocationInterceptorChain.chainAndInvoke(InvocationInterceptorChain.java:45)
	at org.junit.jupiter.engine.execution.InvocationInterceptorChain.invoke(InvocationInterceptorChain.java:37)
	at org.junit.jupiter.engine.execution.InterceptingExecutableInvoker.invoke(InterceptingExecutableInvoker.java:92)
	at org.junit.jupiter.engine.execution.InterceptingExecutableInvoker.invoke(InterceptingExecutableInvoker.java:86)
	at org.junit.jupiter.engine.descriptor.TestMethodTestDescriptor.lambda$invokeTestMethod$7(TestMethodTestDescriptor.java:218)
	at org.junit.platform.engine.support.hierarchical.ThrowableCollector.execute(ThrowableCollector.java:73)
	at org.junit.jupiter.engine.descriptor.TestMethodTestDescriptor.invokeTestMethod(TestMethodTestDescriptor.java:214)
	at org.junit.jupiter.engine.descriptor.TestMethodTestDescriptor.execute(TestMethodTestDescriptor.java:139)
	at org.junit.jupiter.engine.descriptor.TestMethodTestDescriptor.execute(TestMethodTestDescriptor.java:69)
	at org.junit.platform.engine.support.hierarchical.NodeTestTask.lambda$executeRecursively$6(NodeTestTask.java:151)
	at org.junit.platform.engine.support.hierarchical.ThrowableCollector.execute(ThrowableCollector.java:73)
	at org.junit.platform.engine.support.hierarchical.NodeTestTask.lambda$executeRecursively$8(NodeTestTask.java:141)
	at org.junit.platform.engine.support.hierarchical.Node.around(Node.java:137)
	at org.junit.platform.engine.support.hierarchical.NodeTestTask.lambda$executeRecursively$9(NodeTestTask.java:139)
	at org.junit.platform.engine.support.hierarchical.ThrowableCollector.execute(ThrowableCollector.java:73)
	at org.junit.platform.engine.support.hierarchical.NodeTestTask.executeRecursively(NodeTestTask.java:138)
	at org.junit.platform.engine.support.hierarchical.NodeTestTask.execute(NodeTestTask.java:95)
	at java.base/java.util.ArrayList.forEach(ArrayList.java:1597)
	at org.junit.platform.engine.support.hierarchical.SameThreadHierarchicalTestExecutorService.invokeAll(SameThreadHierarchicalTestExecutorService.java:41)
	at org.junit.platform.engine.support.hierarchical.NodeTestTask.lambda$executeRecursively$6(NodeTestTask.java:155)
	at org.junit.platform.engine.support.hierarchical.ThrowableCollector.execute(ThrowableCollector.java:73)
	at org.junit.platform.engine.support.hierarchical.NodeTestTask.lambda$executeRecursively$8(NodeTestTask.java:141)
	at org.junit.platform.engine.support.hierarchical.Node.around(Node.java:137)
	at org.junit.platform.engine.support.hierarchical.NodeTestTask.lambda$executeRecursively$9(NodeTestTask.java:139)
	at org.junit.platform.engine.support.hierarchical.ThrowableCollector.execute(ThrowableCollector.java:73)
	at org.junit.platform.engine.support.hierarchical.NodeTestTask.executeRecursively(NodeTestTask.java:138)
	at org.junit.platform.engine.support.hierarchical.NodeTestTask.execute(NodeTestTask.java:95)
	at java.base/java.util.ArrayList.forEach(ArrayList.java:1597)
	at org.junit.platform.engine.support.hierarchical.SameThreadHierarchicalTestExecutorService.invokeAll(SameThreadHierarchicalTestExecutorService.java:41)
	at org.junit.platform.engine.support.hierarchical.NodeTestTask.lambda$executeRecursively$6(NodeTestTask.java:155)
	at org.junit.platform.engine.support.hierarchical.ThrowableCollector.execute(ThrowableCollector.java:73)
	at org.junit.platform.engine.support.hierarchical.NodeTestTask.lambda$executeRecursively$8(NodeTestTask.java:141)
	at org.junit.platform.engine.support.hierarchical.Node.around(Node.java:137)
	at org.junit.platform.engine.support.hierarchical.NodeTestTask.lambda$executeRecursively$9(NodeTestTask.java:139)
	at org.junit.platform.engine.support.hierarchical.ThrowableCollector.execute(ThrowableCollector.java:73)
	at org.junit.platform.engine.support.hierarchical.NodeTestTask.executeRecursively(NodeTestTask.java:138)
	at org.junit.platform.engine.support.hierarchical.NodeTestTask.execute(NodeTestTask.java:95)
	at org.junit.platform.engine.support.hierarchical.SameThreadHierarchicalTestExecutorService.submit(SameThreadHierarchicalTestExecutorService.java:35)
	at org.junit.platform.engine.support.hierarchical.HierarchicalTestExecutor.execute(HierarchicalTestExecutor.java:57)
	at org.junit.platform.engine.support.hierarchical.HierarchicalTestEngine.execute(HierarchicalTestEngine.java:54)
	at org.junit.platform.launcher.core.EngineExecutionOrchestrator.execute(EngineExecutionOrchestrator.java:198)
	at org.junit.platform.launcher.core.EngineExecutionOrchestrator.execute(EngineExecutionOrchestrator.java:169)
	at org.junit.platform.launcher.core.EngineExecutionOrchestrator.execute(EngineExecutionOrchestrator.java:93)
	at org.junit.platform.launcher.core.EngineExecutionOrchestrator.lambda$execute$0(EngineExecutionOrchestrator.java:58)
	at org.junit.platform.launcher.core.EngineExecutionOrchestrator.withInterceptedStreams(EngineExecutionOrchestrator.java:141)
	at org.junit.platform.launcher.core.EngineExecutionOrchestrator.execute(EngineExecutionOrchestrator.java:57)
	at org.junit.platform.launcher.core.DefaultLauncher.execute(DefaultLauncher.java:103)
	at org.junit.platform.launcher.core.DefaultLauncher.execute(DefaultLauncher.java:85)
	at org.junit.platform.launcher.core.DelegatingLauncher.execute(DelegatingLauncher.java:47)
	at org.apache.maven.surefire.junitplatform.LazyLauncher.execute(LazyLauncher.java:56)
	at org.apache.maven.surefire.junitplatform.JUnitPlatformProvider.execute(JUnitPlatformProvider.java:184)
	at org.apache.maven.surefire.junitplatform.JUnitPlatformProvider.invokeAllTests(JUnitPlatformProvider.java:148)
	at org.apache.maven.surefire.junitplatform.JUnitPlatformProvider.invoke(JUnitPlatformProvider.java:122)
	at org.apache.maven.surefire.booter.ForkedBooter.runSuitesInProcess(ForkedBooter.java:385)
	at org.apache.maven.surefire.booter.ForkedBooter.execute(ForkedBooter.java:162)
	at org.apache.maven.surefire.booter.ForkedBooter.run(ForkedBooter.java:507)
	at org.apache.maven.surefire.booter.ForkedBooter.main(ForkedBooter.java:495)

[ERRO] 2026-01-09 18:51:47.144 - Erro-55
  Exceção: java.lang.RuntimeException: Erro 55
java.lang.RuntimeException: Erro 55
	at testes.ErrorLoggerTest.testeLogNaoCresceIndefinidamente(ErrorLoggerTest.java:389)
	at java.base/jdk.internal.reflect.DirectMethodHandleAccessor.invoke(DirectMethodHandleAccessor.java:103)
	at java.base/java.lang.reflect.Method.invoke(Method.java:580)
	at org.junit.platform.commons.util.ReflectionUtils.invokeMethod(ReflectionUtils.java:728)
	at org.junit.jupiter.engine.execution.MethodInvocation.proceed(MethodInvocation.java:60)
	at org.junit.jupiter.engine.execution.InvocationInterceptorChain$ValidatingInvocation.proceed(InvocationInterceptorChain.java:131)
	at org.junit.jupiter.engine.extension.TimeoutExtension.intercept(TimeoutExtension.java:156)
	at org.junit.jupiter.engine.extension.TimeoutExtension.interceptTestableMethod(TimeoutExtension.java:147)
	at org.junit.jupiter.engine.extension.TimeoutExtension.interceptTestMethod(TimeoutExtension.java:86)
	at org.junit.jupiter.engine.execution.InterceptingExecutableInvoker$ReflectiveInterceptorCall.lambda$ofVoidMethod$0(InterceptingExecutableInvoker.java:103)
	at org.junit.jupiter.engine.execution.InterceptingExecutableInvoker.lambda$invoke$0(InterceptingExecutableInvoker.java:93)
	at org.junit.jupiter.engine.execution.InvocationInterceptorChain$InterceptedInvocation.proceed(InvocationInterceptorChain.java:106)
	at org.junit.jupiter.engine.execution.InvocationInterceptorChain.proceed(InvocationInterceptorChain.java:64)
	at org.junit.jupiter.engine.execution.InvocationInterceptorChain.chainAndInvoke(InvocationInterceptorChain.java:45)
	at org.junit.jupiter.engine.execution.InvocationInterceptorChain.invoke(InvocationInterceptorChain.java:37)
	at org.junit.jupiter.engine.execution.InterceptingExecutableInvoker.invoke(InterceptingExecutableInvoker.java:92)
	at org.junit.jupiter.engine.execution.InterceptingExecutableInvoker.invoke(InterceptingExecutableInvoker.java:86)
	at org.junit.jupiter.engine.descriptor.TestMethodTestDescriptor.lambda$invokeTestMethod$7(TestMethodTestDescriptor.java:218)
	at org.junit.platform.engine.support.hierarchical.ThrowableCollector.execute(ThrowableCollector.java:73)
	at org.junit.jupiter.engine.descriptor.TestMethodTestDescriptor.invokeTestMethod(TestMethodTestDescriptor.java:214)
	at org.junit.jupiter.engine.descriptor.TestMethodTestDescriptor.execute(TestMethodTestDescriptor.java:139)
	at org.junit.jupiter.engine.descriptor.TestMethodTestDescriptor.execute(TestMethodTestDescriptor.java:69)
	at org.junit.platform.engine.support.hierarchical.NodeTestTask.lambda$executeRecursively$6(NodeTestTask.java:151)
	at org.junit.platform.engine.support.hierarchical.ThrowableCollector.execute(ThrowableCollector.java:73)
	at org.junit.platform.engine.support.hierarchical.NodeTestTask.lambda$executeRecursively$8(NodeTestTask.java:141)
	at org.junit.platform.engine.support.hierarchical.Node.around(Node.java:137)
	at org.junit.platform.engine.support.hierarchical.NodeTestTask.lambda$executeRecursively$9(NodeTestTask.java:139)
	at org.junit.platform.engine.support.hierarchical.ThrowableCollector.execute(ThrowableCollector.java:73)
	at org.junit.platform.engine.support.hierarchical.NodeTestTask.executeRecursively(NodeTestTask.java:138)
	at org.junit.platform.engine.support.hierarchical.NodeTestTask.execute(NodeTestTask.java:95)
	at java.base/java.util.ArrayList.forEach(ArrayList.java:1597)
	at org.junit.platform.engine.support.hierarchical.SameThreadHierarchicalTestExecutorService.invokeAll(SameThreadHierarchicalTestExecutorService.java:41)
	at org.junit.platform.engine.support.hierarchical.NodeTestTask.lambda$executeRecursively$6(NodeTestTask.java:155)
	at org.junit.platform.engine.support.hierarchical.ThrowableCollector.execute(ThrowableCollector.java:73)
	at org.junit.platform.engine.support.hierarchical.NodeTestTask.lambda$executeRecursively$8(NodeTestTask.java:141)
	at org.junit.platform.engine.support.hierarchical.Node.around(Node.java:137)
	at org.junit.platform.engine.support.hierarchical.NodeTestTask.lambda$executeRecursively$9(NodeTestTask.java:139)
	at org.junit.platform.engine.support.hierarchical.ThrowableCollector.execute(ThrowableCollector.java:73)
	at org.junit.platform.engine.support.hierarchical.NodeTestTask.executeRecursively(NodeTestTask.java:138)
	at org.junit.platform.engine.support.hierarchical.NodeTestTask.execute(NodeTestTask.java:95)
	at java.base/java.util.ArrayList.forEach(ArrayList.java:1597)
	at org.junit.platform.engine.support.hierarchical.SameThreadHierarchicalTestExecutorService.invokeAll(SameThreadHierarchicalTestExecutorService.java:41)
	at org.junit.platform.engine.support.hierarchical.NodeTestTask.lambda$executeRecursively$6(NodeTestTask.java:155)
	at org.junit.platform.engine.support.hierarchical.ThrowableCollector.execute(ThrowableCollector.java:73)
	at org.junit.platform.engine.support.hierarchical.NodeTestTask.lambda$executeRecursively$8(NodeTestTask.java:141)
	at org.junit.platform.engine.support.hierarchical.Node.around(Node.java:137)
	at org.junit.platform.engine.support.hierarchical.NodeTestTask.lambda$executeRecursively$9(NodeTestTask.java:139)
	at org.junit.platform.engine.support.hierarchical.ThrowableCollector.execute(ThrowableCollector.java:73)
	at org.junit.platform.engine.support.hierarchical.NodeTestTask.executeRecursively(NodeTestTask.java:138)
	at org.junit.platform.engine.support.hierarchical.NodeTestTask.execute(NodeTestTask.java:95)
	at org.junit.platform.engine.support.hierarchical.SameThreadHierarchicalTestExecutorService.submit(SameThreadHierarchicalTestExecutorService.java:35)
	at org.junit.platform.engine.support.hierarchical.HierarchicalTestExecutor.execute(HierarchicalTestExecutor.java:57)
	at org.junit.platform.engine.support.hierarchical.HierarchicalTestEngine.execute(HierarchicalTestEngine.java:54)
	at org.junit.platform.launcher.core.EngineExecutionOrchestrator.execute(EngineExecutionOrchestrator.java:198)
	at org.junit.platform.launcher.core.EngineExecutionOrchestrator.execute(EngineExecutionOrchestrator.java:169)
	at org.junit.platform.launcher.core.EngineExecutionOrchestrator.execute(EngineExecutionOrchestrator.java:93)
	at org.junit.platform.launcher.core.EngineExecutionOrchestrator.lambda$execute$0(EngineExecutionOrchestrator.java:58)
	at org.junit.platform.launcher.core.EngineExecutionOrchestrator.withInterceptedStreams(EngineExecutionOrchestrator.java:141)
	at org.junit.platform.launcher.core.EngineExecutionOrchestrator.execute(EngineExecutionOrchestrator.java:57)
	at org.junit.platform.launcher.core.DefaultLauncher.execute(DefaultLauncher.java:103)
	at org.junit.platform.launcher.core.DefaultLauncher.execute(DefaultLauncher.java:85)
	at org.junit.platform.launcher.core.DelegatingLauncher.execute(DelegatingLauncher.java:47)
	at org.apache.maven.surefire.junitplatform.LazyLauncher.execute(LazyLauncher.java:56)
	at org.apache.maven.surefire.junitplatform.JUnitPlatformProvider.execute(JUnitPlatformProvider.java:184)
	at org.apache.maven.surefire.junitplatform.JUnitPlatformProvider.invokeAllTests(JUnitPlatformProvider.java:148)
	at org.apache.maven.surefire.junitplatform.JUnitPlatformProvider.invoke(JUnitPlatformProvider.java:122)
	at org.apache.maven.surefire.booter.ForkedBooter.runSuitesInProcess(ForkedBooter.java:385)
	at org.apache.maven.surefire.booter.ForkedBooter.execute(ForkedBooter.java:162)
	at org.apache.maven.surefire.booter.ForkedBooter.run(ForkedBooter.java:507)
	at org.apache.maven.surefire.booter.ForkedBooter.main(ForkedBooter.java:495)

[ERRO] 2026-01-09 18:51:47.145 - Erro-56
  Exceção: java.lang.RuntimeException: Erro 56
java.lang.RuntimeException: Erro 56
	at testes.ErrorLoggerTest.testeLogNaoCresceIndefinidamente(ErrorLoggerTest.java:389)
	at java.base/jdk.internal.reflect.DirectMethodHandleAccessor.invoke(DirectMethodHandleAccessor.java:103)
	at java.base/java.lang.reflect.Method.invoke(Method.java:580)
	at org.junit.platform.commons.util.ReflectionUtils.invokeMethod(ReflectionUtils.java:728)
	at org.junit.jupiter.engine.execution.MethodInvocation.proceed(MethodInvocation.java:60)
	at org.junit.jupiter.engine.execution.InvocationInterceptorChain$ValidatingInvocation.proceed(InvocationInterceptorChain.java:131)
	at org.junit.jupiter.engine.extension.TimeoutExtension.intercept(TimeoutExtension.java:156)
	at org.junit.jupiter.engine.extension.TimeoutExtension.interceptTestableMethod(TimeoutExtension.java:147)
	at org.junit.jupiter.engine.extension.TimeoutExtension.interceptTestMethod(TimeoutExtension.java:86)
	at org.junit.jupiter.engine.execution.InterceptingExecutableInvoker$ReflectiveInterceptorCall.lambda$ofVoidMethod$0(InterceptingExecutableInvoker.java:103)
	at org.junit.jupiter.engine.execution.InterceptingExecutableInvoker.lambda$invoke$0(InterceptingExecutableInvoker.java:93)
	at org.junit.jupiter.engine.execution.InvocationInterceptorChain$InterceptedInvocation.proceed(InvocationInterceptorChain.java:106)
	at org.junit.jupiter.engine.execution.InvocationInterceptorChain.proceed(InvocationInterceptorChain.java:64)
	at org.junit.jupiter.engine.execution.InvocationInterceptorChain.chainAndInvoke(InvocationInterceptorChain.java:45)
	at org.junit.jupiter.engine.execution.InvocationInterceptorChain.invoke(InvocationInterceptorChain.java:37)
	at org.junit.jupiter.engine.execution.InterceptingExecutableInvoker.invoke(InterceptingExecutableInvoker.java:92)
	at org.junit.jupiter.engine.execution.InterceptingExecutableInvoker.invoke(InterceptingExecutableInvoker.java:86)
	at org.junit.jupiter.engine.descriptor.TestMethodTestDescriptor.lambda$invokeTestMethod$7(TestMethodTestDescriptor.java:218)
	at org.junit.platform.engine.support.hierarchical.ThrowableCollector.execute(ThrowableCollector.java:73)
	at org.junit.jupiter.engine.descriptor.TestMethodTestDescriptor.invokeTestMethod(TestMethodTestDescriptor.java:214)
	at org.junit.jupiter.engine.descriptor.TestMethodTestDescriptor.execute(TestMethodTestDescriptor.java:139)
	at org.junit.jupiter.engine.descriptor.TestMethodTestDescriptor.execute(TestMethodTestDescriptor.java:69)
	at org.junit.platform.engine.support.hierarchical.NodeTestTask.lambda$executeRecursively$6(NodeTestTask.java:151)
	at org.junit.platform.engine.support.hierarchical.ThrowableCollector.execute(ThrowableCollector.java:73)
	at org.junit.platform.engine.support.hierarchical.NodeTestTask.lambda$executeRecursively$8(NodeTestTask.java:141)
	at org.junit.platform.engine.support.hierarchical.Node.around(Node.java:137)
	at org.junit.platform.engine.support.hierarchical.NodeTestTask.lambda$executeRecursively$9(NodeTestTask.java:139)
	at org.junit.platform.engine.support.hierarchical.ThrowableCollector.execute(ThrowableCollector.java:73)
	at org.junit.platform.engine.support.hierarchical.NodeTestTask.executeRecursively(NodeTestTask.java:138)
	at org.junit.platform.engine.support.hierarchical.NodeTestTask.execute(NodeTestTask.java:95)
	at java.base/java.util.ArrayList.forEach(ArrayList.java:1597)
	at org.junit.platform.engine.support.hierarchical.SameThreadHierarchicalTestExecutorService.invokeAll(SameThreadHierarchicalTestExecutorService.java:41)
	at org.junit.platform.engine.support.hierarchical.NodeTestTask.lambda$executeRecursively$6(NodeTestTask.java:155)
	at org.junit.platform.engine.support.hierarchical.ThrowableCollector.execute(ThrowableCollector.java:73)
	at org.junit.platform.engine.support.hierarchical.NodeTestTask.lambda$executeRecursively$8(NodeTestTask.java:141)
	at org.junit.platform.engine.support.hierarchical.Node.around(Node.java:137)
	at org.junit.platform.engine.support.hierarchical.NodeTestTask.lambda$executeRecursively$9(NodeTestTask.java:139)
	at org.junit.platform.engine.support.hierarchical.ThrowableCollector.execute(ThrowableCollector.java:73)
	at org.junit.platform.engine.support.hierarchical.NodeTestTask.executeRecursively(NodeTestTask.java:138)
	at org.junit.platform.engine.support.hierarchical.NodeTestTask.execute(NodeTestTask.java:95)
	at java.base/java.util.ArrayList.forEach(ArrayList.java:1597)
	at org.junit.platform.engine.support.hierarchical.SameThreadHierarchicalTestExecutorService.invokeAll(SameThreadHierarchicalTestExecutorService.java:41)
	at org.junit.platform.engine.support.hierarchical.NodeTestTask.lambda$executeRecursively$6(NodeTestTask.java:155)
	at org.junit.platform.engine.support.hierarchical.ThrowableCollector.execute(ThrowableCollector.java:73)
	at org.junit.platform.engine.support.hierarchical.NodeTestTask.lambda$executeRecursively$8(NodeTestTask.java:141)
	at org.junit.platform.engine.support.hierarchical.Node.around(Node.java:137)
	at org.junit.platform.engine.support.hierarchical.NodeTestTask.lambda$executeRecursively$9(NodeTestTask.java:139)
	at org.junit.platform.engine.support.hierarchical.ThrowableCollector.execute(ThrowableCollector.java:73)
	at org.junit.platform.engine.support.hierarchical.NodeTestTask.executeRecursively(NodeTestTask.java:138)
	at org.junit.platform.engine.support.hierarchical.NodeTestTask.execute(NodeTestTask.java:95)
	at org.junit.platform.engine.support.hierarchical.SameThreadHierarchicalTestExecutorService.submit(SameThreadHierarchicalTestExecutorService.java:35)
	at org.junit.platform.engine.support.hierarchical.HierarchicalTestExecutor.execute(HierarchicalTestExecutor.java:57)
	at org.junit.platform.engine.support.hierarchical.HierarchicalTestEngine.execute(HierarchicalTestEngine.java:54)
	at org.junit.platform.launcher.core.EngineExecutionOrchestrator.execute(EngineExecutionOrchestrator.java:198)
	at org.junit.platform.launcher.core.EngineExecutionOrchestrator.execute(EngineExecutionOrchestrator.java:169)
	at org.junit.platform.launcher.core.EngineExecutionOrchestrator.execute(EngineExecutionOrchestrator.java:93)
	at org.junit.platform.launcher.core.EngineExecutionOrchestrator.lambda$execute$0(EngineExecutionOrchestrator.java:58)
	at org.junit.platform.launcher.core.EngineExecutionOrchestrator.withInterceptedStreams(EngineExecutionOrchestrator.java:141)
	at org.junit.platform.launcher.core.EngineExecutionOrchestrator.execute(EngineExecutionOrchestrator.java:57)
	at org.junit.platform.launcher.core.DefaultLauncher.execute(DefaultLauncher.java:103)
	at org.junit.platform.launcher.core.DefaultLauncher.execute(DefaultLauncher.java:85)
	at org.junit.platform.launcher.core.DelegatingLauncher.execute(DelegatingLauncher.java:47)
	at org.apache.maven.surefire.junitplatform.LazyLauncher.execute(LazyLauncher.java:56)
	at org.apache.maven.surefire.junitplatform.JUnitPlatformProvider.execute(JUnitPlatformProvider.java:184)
	at org.apache.maven.surefire.junitplatform.JUnitPlatformProvider.invokeAllTests(JUnitPlatformProvider.java:148)
	at org.apache.maven.surefire.junitplatform.JUnitPlatformProvider.invoke(JUnitPlatformProvider.java:122)
	at org.apache.maven.surefire.booter.ForkedBooter.runSuitesInProcess(ForkedBooter.java:385)
	at org.apache.maven.surefire.booter.ForkedBooter.execute(ForkedBooter.java:162)
	at org.apache.maven.surefire.booter.ForkedBooter.run(ForkedBooter.java:507)
	at org.apache.maven.surefire.booter.ForkedBooter.main(ForkedBooter.java:495)

[ERRO] 2026-01-09 18:51:47.145 - Erro-57
  Exceção: java.lang.RuntimeException: Erro 57
java.lang.RuntimeException: Erro 57
	at testes.ErrorLoggerTest.testeLogNaoCresceIndefinidamente(ErrorLoggerTest.java:389)
	at java.base/jdk.internal.reflect.DirectMethodHandleAccessor.invoke(DirectMethodHandleAccessor.java:103)
	at java.base/java.lang.reflect.Method.invoke(Method.java:580)
	at org.junit.platform.commons.util.ReflectionUtils.invokeMethod(ReflectionUtils.java:728)
	at org.junit.jupiter.engine.execution.MethodInvocation.proceed(MethodInvocation.java:60)
	at org.junit.jupiter.engine.execution.InvocationInterceptorChain$ValidatingInvocation.proceed(InvocationInterceptorChain.java:131)
	at org.junit.jupiter.engine.extension.TimeoutExtension.intercept(TimeoutExtension.java:156)
	at org.junit.jupiter.engine.extension.TimeoutExtension.interceptTestableMethod(TimeoutExtension.java:147)
	at org.junit.jupiter.engine.extension.TimeoutExtension.interceptTestMethod(TimeoutExtension.java:86)
	at org.junit.jupiter.engine.execution.InterceptingExecutableInvoker$ReflectiveInterceptorCall.lambda$ofVoidMethod$0(InterceptingExecutableInvoker.java:103)
	at org.junit.jupiter.engine.execution.InterceptingExecutableInvoker.lambda$invoke$0(InterceptingExecutableInvoker.java:93)
	at org.junit.jupiter.engine.execution.InvocationInterceptorChain$InterceptedInvocation.proceed(InvocationInterceptorChain.java:106)
	at org.junit.jupiter.engine.execution.InvocationInterceptorChain.proceed(InvocationInterceptorChain.java:64)
	at org.junit.jupiter.engine.execution.InvocationInterceptorChain.chainAndInvoke(InvocationInterceptorChain.java:45)
	at org.junit.jupiter.engine.execution.InvocationInterceptorChain.invoke(InvocationInterceptorChain.java:37)
	at org.junit.jupiter.engine.execution.InterceptingExecutableInvoker.invoke(InterceptingExecutableInvoker.java:92)
	at org.junit.jupiter.engine.execution.InterceptingExecutableInvoker.invoke(InterceptingExecutableInvoker.java:86)
	at org.junit.jupiter.engine.descriptor.TestMethodTestDescriptor.lambda$invokeTestMethod$7(TestMethodTestDescriptor.java:218)
	at org.junit.platform.engine.support.hierarchical.ThrowableCollector.execute(ThrowableCollector.java:73)
	at org.junit.jupiter.engine.descriptor.TestMethodTestDescriptor.invokeTestMethod(TestMethodTestDescriptor.java:214)
	at org.junit.jupiter.engine.descriptor.TestMethodTestDescriptor.execute(TestMethodTestDescriptor.java:139)
	at org.junit.jupiter.engine.descriptor.TestMethodTestDescriptor.execute(TestMethodTestDescriptor.java:69)
	at org.junit.platform.engine.support.hierarchical.NodeTestTask.lambda$executeRecursively$6(NodeTestTask.java:151)
	at org.junit.platform.engine.support.hierarchical.ThrowableCollector.execute(ThrowableCollector.java:73)
	at org.junit.platform.engine.support.hierarchical.NodeTestTask.lambda$executeRecursively$8(NodeTestTask.java:141)
	at org.junit.platform.engine.support.hierarchical.Node.around(Node.java:137)
	at org.junit.platform.engine.support.hierarchical.NodeTestTask.lambda$executeRecursively$9(NodeTestTask.java:139)
	at org.junit.platform.engine.support.hierarchical.ThrowableCollector.execute(ThrowableCollector.java:73)
	at org.junit.platform.engine.support.hierarchical.NodeTestTask.executeRecursively(NodeTestTask.java:138)
	at org.junit.platform.engine.support.hierarchical.NodeTestTask.execute(NodeTestTask.java:95)
	at java.base/java.util.ArrayList.forEach(ArrayList.java:1597)
	at org.junit.platform.engine.support.hierarchical.SameThreadHierarchicalTestExecutorService.invokeAll(SameThreadHierarchicalTestExecutorService.java:41)
	at org.junit.platform.engine.support.hierarchical.NodeTestTask.lambda$executeRecursively$6(NodeTestTask.java:155)
	at org.junit.platform.engine.support.hierarchical.ThrowableCollector.execute(ThrowableCollector.java:73)
	at org.junit.platform.engine.support.hierarchical.NodeTestTask.lambda$executeRecursively$8(NodeTestTask.java:141)
	at org.junit.platform.engine.support.hierarchical.Node.around(Node.java:137)
	at org.junit.platform.engine.support.hierarchical.NodeTestTask.lambda$executeRecursively$9(NodeTestTask.java:139)
	at org.junit.platform.engine.support.hierarchical.ThrowableCollector.execute(ThrowableCollector.java:73)
	at org.junit.platform.engine.support.hierarchical.NodeTestTask.executeRecursively(NodeTestTask.java:138)
	at org.junit.platform.engine.support.hierarchical.NodeTestTask.execute(NodeTestTask.java:95)
	at java.base/java.util.ArrayList.forEach(ArrayList.java:1597)
	at org.junit.platform.engine.support.hierarchical.SameThreadHierarchicalTestExecutorService.invokeAll(SameThreadHierarchicalTestExecutorService.java:41)
	at org.junit.platform.engine.support.hierarchical.NodeTestTask.lambda$executeRecursively$6(NodeTestTask.java:155)
	at org.junit.platform.engine.support.hierarchical.ThrowableCollector.execute(ThrowableCollector.java:73)
	at org.junit.platform.engine.support.hierarchical.NodeTestTask.lambda$executeRecursively$8(NodeTestTask.java:141)
	at org.junit.platform.engine.support.hierarchical.Node.around(Node.java:137)
	at org.junit.platform.engine.support.hierarchical.NodeTestTask.lambda$executeRecursively$9(NodeTestTask.java:139)
	at org.junit.platform.engine.support.hierarchical.ThrowableCollector.execute(ThrowableCollector.java:73)
	at org.junit.platform.engine.support.hierarchical.NodeTestTask.executeRecursively(NodeTestTask.java:138)
	at org.junit.platform.engine.support.hierarchical.NodeTestTask.execute(NodeTestTask.java:95)
	at org.junit.platform.engine.support.hierarchical.SameThreadHierarchicalTestExecutorService.submit(SameThreadHierarchicalTestExecutorService.java:35)
	at org.junit.platform.engine.support.hierarchical.HierarchicalTestExecutor.execute(HierarchicalTestExecutor.java:57)
	at org.junit.platform.engine.support.hierarchical.HierarchicalTestEngine.execute(HierarchicalTestEngine.java:54)
	at org.junit.platform.launcher.core.EngineExecutionOrchestrator.execute(EngineExecutionOrchestrator.java:198)
	at org.junit.platform.launcher.core.EngineExecutionOrchestrator.execute(EngineExecutionOrchestrator.java:169)
	at org.junit.platform.launcher.core.EngineExecutionOrchestrator.execute(EngineExecutionOrchestrator.java:93)
	at org.junit.platform.launcher.core.EngineExecutionOrchestrator.lambda$execute$0(EngineExecutionOrchestrator.java:58)
	at org.junit.platform.launcher.core.EngineExecutionOrchestrator.withInterceptedStreams(EngineExecutionOrchestrator.java:141)
	at org.junit.platform.launcher.core.EngineExecutionOrchestrator.execute(EngineExecutionOrchestrator.java:57)
	at org.junit.platform.launcher.core.DefaultLauncher.execute(DefaultLauncher.java:103)
	at org.junit.platform.launcher.core.DefaultLauncher.execute(DefaultLauncher.java:85)
	at org.junit.platform.launcher.core.DelegatingLauncher.execute(DelegatingLauncher.java:47)
	at org.apache.maven.surefire.junitplatform.LazyLauncher.execute(LazyLauncher.java:56)
	at org.apache.maven.surefire.junitplatform.JUnitPlatformProvider.execute(JUnitPlatformProvider.java:184)
	at org.apache.maven.surefire.junitplatform.JUnitPlatformProvider.invokeAllTests(JUnitPlatformProvider.java:148)
	at org.apache.maven.surefire.junitplatform.JUnitPlatformProvider.invoke(JUnitPlatformProvider.java:122)
	at org.apache.maven.surefire.booter.ForkedBooter.runSuitesInProcess(ForkedBooter.java:385)
	at org.apache.maven.surefire.booter.ForkedBooter.execute(ForkedBooter.java:162)
	at org.apache.maven.surefire.booter.ForkedBooter.run(ForkedBooter.java:507)
	at org.apache.maven.surefire.booter.ForkedBooter.main(ForkedBooter.java:495)

[ERRO] 2026-01-09 18:51:47.146 - Erro-58
  Exceção: java.lang.RuntimeException: Erro 58
java.lang.RuntimeException: Erro 58
	at testes.ErrorLoggerTest.testeLogNaoCresceIndefinidamente(ErrorLoggerTest.java:389)
	at java.base/jdk.internal.reflect.DirectMethodHandleAccessor.invoke(DirectMethodHandleAccessor.java:103)
	at java.base/java.lang.reflect.Method.invoke(Method.java:580)
	at org.junit.platform.commons.util.ReflectionUtils.invokeMethod(ReflectionUtils.java:728)
	at org.junit.jupiter.engine.execution.MethodInvocation.proceed(MethodInvocation.java:60)
	at org.junit.jupiter.engine.execution.InvocationInterceptorChain$ValidatingInvocation.proceed(InvocationInterceptorChain.java:131)
	at org.junit.jupiter.engine.extension.TimeoutExtension.intercept(TimeoutExtension.java:156)
	at org.junit.jupiter.engine.extension.TimeoutExtension.interceptTestableMethod(TimeoutExtension.java:147)
	at org.junit.jupiter.engine.extension.TimeoutExtension.interceptTestMethod(TimeoutExtension.java:86)
	at org.junit.jupiter.engine.execution.InterceptingExecutableInvoker$ReflectiveInterceptorCall.lambda$ofVoidMethod$0(InterceptingExecutableInvoker.java:103)
	at org.junit.jupiter.engine.execution.InterceptingExecutableInvoker.lambda$invoke$0(InterceptingExecutableInvoker.java:93)
	at org.junit.jupiter.engine.execution.InvocationInterceptorChain$InterceptedInvocation.proceed(InvocationInterceptorChain.java:106)
	at org.junit.jupiter.engine.execution.InvocationInterceptorChain.proceed(InvocationInterceptorChain.java:64)
	at org.junit.jupiter.engine.execution.InvocationInterceptorChain.chainAndInvoke(InvocationInterceptorChain.java:45)
	at org.junit.jupiter.engine.execution.InvocationInterceptorChain.invoke(InvocationInterceptorChain.java:37)
	at org.junit.jupiter.engine.execution.InterceptingExecutableInvoker.invoke(InterceptingExecutableInvoker.java:92)
	at org.junit.jupiter.engine.execution.InterceptingExecutableInvoker.invoke(InterceptingExecutableInvoker.java:86)
	at org.junit.jupiter.engine.descriptor.TestMethodTestDescriptor.lambda$invokeTestMethod$7(TestMethodTestDescriptor.java:218)
	at org.junit.platform.engine.support.hierarchical.ThrowableCollector.execute(ThrowableCollector.java:73)
	at org.junit.jupiter.engine.descriptor.TestMethodTestDescriptor.invokeTestMethod(TestMethodTestDescriptor.java:214)
	at org.junit.jupiter.engine.descriptor.TestMethodTestDescriptor.execute(TestMethodTestDescriptor.java:139)
	at org.junit.jupiter.engine.descriptor.TestMethodTestDescriptor.execute(TestMethodTestDescriptor.java:69)
	at org.junit.platform.engine.support.hierarchical.NodeTestTask.lambda$executeRecursively$6(NodeTestTask.java:151)
	at org.junit.platform.engine.support.hierarchical.ThrowableCollector.execute(ThrowableCollector.java:73)
	at org.junit.platform.engine.support.hierarchical.NodeTestTask.lambda$executeRecursively$8(NodeTestTask.java:141)
	at org.junit.platform.engine.support.hierarchical.Node.around(Node.java:137)
	at org.junit.platform.engine.support.hierarchical.NodeTestTask.lambda$executeRecursively$9(NodeTestTask.java:139)
	at org.junit.platform.engine.support.hierarchical.ThrowableCollector.execute(ThrowableCollector.java:73)
	at org.junit.platform.engine.support.hierarchical.NodeTestTask.executeRecursively(NodeTestTask.java:138)
	at org.junit.platform.engine.support.hierarchical.NodeTestTask.execute(NodeTestTask.java:95)
	at java.base/java.util.ArrayList.forEach(ArrayList.java:1597)
	at org.junit.platform.engine.support.hierarchical.SameThreadHierarchicalTestExecutorService.invokeAll(SameThreadHierarchicalTestExecutorService.java:41)
	at org.junit.platform.engine.support.hierarchical.NodeTestTask.lambda$executeRecursively$6(NodeTestTask.java:155)
	at org.junit.platform.engine.support.hierarchical.ThrowableCollector.execute(ThrowableCollector.java:73)
	at org.junit.platform.engine.support.hierarchical.NodeTestTask.lambda$executeRecursively$8(NodeTestTask.java:141)
	at org.junit.platform.engine.support.hierarchical.Node.around(Node.java:137)
	at org.junit.platform.engine.support.hierarchical.NodeTestTask.lambda$executeRecursively$9(NodeTestTask.java:139)
	at org.junit.platform.engine.support.hierarchical.ThrowableCollector.execute(ThrowableCollector.java:73)
	at org.junit.platform.engine.support.hierarchical.NodeTestTask.executeRecursively(NodeTestTask.java:138)
	at org.junit.platform.engine.support.hierarchical.NodeTestTask.execute(NodeTestTask.java:95)
	at java.base/java.util.ArrayList.forEach(ArrayList.java:1597)
	at org.junit.platform.engine.support.hierarchical.SameThreadHierarchicalTestExecutorService.invokeAll(SameThreadHierarchicalTestExecutorService.java:41)
	at org.junit.platform.engine.support.hierarchical.NodeTestTask.lambda$executeRecursively$6(NodeTestTask.java:155)
	at org.junit.platform.engine.support.hierarchical.ThrowableCollector.execute(ThrowableCollector.java:73)
	at org.junit.platform.engine.support.hierarchical.NodeTestTask.lambda$executeRecursively$8(NodeTestTask.java:141)
	at org.junit.platform.engine.support.hierarchical.Node.around(Node.java:137)
	at org.junit.platform.engine.support.hierarchical.NodeTestTask.lambda$executeRecursively$9(NodeTestTask.java:139)
	at org.junit.platform.engine.support.hierarchical.ThrowableCollector.execute(ThrowableCollector.java:73)
	at org.junit.platform.engine.support.hierarchical.NodeTestTask.executeRecursively(NodeTestTask.java:138)
	at org.junit.platform.engine.support.hierarchical.NodeTestTask.execute(NodeTestTask.java:95)
	at org.junit.platform.engine.support.hierarchical.SameThreadHierarchicalTestExecutorService.submit(SameThreadHierarchicalTestExecutorService.java:35)
	at org.junit.platform.engine.support.hierarchical.HierarchicalTestExecutor.execute(HierarchicalTestExecutor.java:57)
	at org.junit.platform.engine.support.hierarchical.HierarchicalTestEngine.execute(HierarchicalTestEngine.java:54)
	at org.junit.platform.launcher.core.EngineExecutionOrchestrator.execute(EngineExecutionOrchestrator.java:198)
	at org.junit.platform.launcher.core.EngineExecutionOrchestrator.execute(EngineExecutionOrchestrator.java:169)
	at org.junit.platform.launcher.core.EngineExecutionOrchestrator.execute(EngineExecutionOrchestrator.java:93)
	at org.junit.platform.launcher.core.EngineExecutionOrchestrator.lambda$execute$0(EngineExecutionOrchestrator.java:58)
	at org.junit.platform.launcher.core.EngineExecutionOrchestrator.withInterceptedStreams(EngineExecutionOrchestrator.java:141)
	at org.junit.platform.launcher.core.EngineExecutionOrchestrator.execute(EngineExecutionOrchestrator.java:57)
	at org.junit.platform.launcher.core.DefaultLauncher.execute(DefaultLauncher.java:103)
	at org.junit.platform.launcher.core.DefaultLauncher.execute(DefaultLauncher.java:85)
	at org.junit.platform.launcher.core.DelegatingLauncher.execute(DelegatingLauncher.java:47)
	at org.apache.maven.surefire.junitplatform.LazyLauncher.execute(LazyLauncher.java:56)
	at org.apache.maven.surefire.junitplatform.JUnitPlatformProvider.execute(JUnitPlatformProvider.java:184)
	at org.apache.maven.surefire.junitplatform.JUnitPlatformProvider.invokeAllTests(JUnitPlatformProvider.java:148)
	at org.apache.maven.surefire.junitplatform.JUnitPlatformProvider.invoke(JUnitPlatformProvider.java:122)
	at org.apache.maven.surefire.booter.ForkedBooter.runSuitesInProcess(ForkedBooter.java:385)
	at org.apache.maven.surefire.booter.ForkedBooter.execute(ForkedBooter.java:162)
	at org.apache.maven.surefire.booter.ForkedBooter.run(ForkedBooter.java:507)
	at org.apache.maven.surefire.booter.ForkedBooter.main(ForkedBooter.java:495)

[ERRO] 2026-01-09 18:51:47.146 - Erro-59
  Exceção: java.lang.RuntimeException: Erro 59
java.lang.RuntimeException: Erro 59
	at testes.ErrorLoggerTest.testeLogNaoCresceIndefinidamente(ErrorLoggerTest.java:389)
	at java.base/jdk.internal.reflect.DirectMethodHandleAccessor.invoke(DirectMethodHandleAccessor.java:103)
	at java.base/java.lang.reflect.Method.invoke(Method.java:580)
	at org.junit.platform.commons.util.ReflectionUtils.invokeMethod(ReflectionUtils.java:728)
	at org.junit.jupiter.engine.execution.MethodInvocation.proceed(MethodInvocation.java:60)
	at org.junit.jupiter.engine.execution.InvocationInterceptorChain$ValidatingInvocation.proceed(InvocationInterceptorChain.java:131)
	at org.junit.jupiter.engine.extension.TimeoutExtension.intercept(TimeoutExtension.java:156)
	at org.junit.jupiter.engine.extension.TimeoutExtension.interceptTestableMethod(TimeoutExtension.java:147)
	at org.junit.jupiter.engine.extension.TimeoutExtension.interceptTestMethod(TimeoutExtension.java:86)
	at org.junit.jupiter.engine.execution.InterceptingExecutableInvoker$ReflectiveInterceptorCall.lambda$ofVoidMethod$0(InterceptingExecutableInvoker.java:103)
	at org.junit.jupiter.engine.execution.InterceptingExecutableInvoker.lambda$invoke$0(InterceptingExecutableInvoker.java:93)
	at org.junit.jupiter.engine.execution.InvocationInterceptorChain$InterceptedInvocation.proceed(InvocationInterceptorChain.java:106)
	at org.junit.jupiter.engine.execution.InvocationInterceptorChain.proceed(InvocationInterceptorChain.java:64)
	at org.junit.jupiter.engine.execution.InvocationInterceptorChain.chainAndInvoke(InvocationInterceptorChain.java:45)
	at org.junit.jupiter.engine.execution.InvocationInterceptorChain.invoke(InvocationInterceptorChain.java:37)
	at org.junit.jupiter.engine.execution.InterceptingExecutableInvoker.invoke(InterceptingExecutableInvoker.java:92)
	at org.junit.jupiter.engine.execution.InterceptingExecutableInvoker.invoke(InterceptingExecutableInvoker.java:86)
	at org.junit.jupiter.engine.descriptor.TestMethodTestDescriptor.lambda$invokeTestMethod$7(TestMethodTestDescriptor.java:218)
	at org.junit.platform.engine.support.hierarchical.ThrowableCollector.execute(ThrowableCollector.java:73)
	at org.junit.jupiter.engine.descriptor.TestMethodTestDescriptor.invokeTestMethod(TestMethodTestDescriptor.java:214)
	at org.junit.jupiter.engine.descriptor.TestMethodTestDescriptor.execute(TestMethodTestDescriptor.java:139)
	at org.junit.jupiter.engine.descriptor.TestMethodTestDescriptor.execute(TestMethodTestDescriptor.java:69)
	at org.junit.platform.engine.support.hierarchical.NodeTestTask.lambda$executeRecursively$6(NodeTestTask.java:151)
	at org.junit.platform.engine.support.hierarchical.ThrowableCollector.execute(ThrowableCollector.java:73)
	at org.junit.platform.engine.support.hierarchical.NodeTestTask.lambda$executeRecursively$8(NodeTestTask.java:141)
	at org.junit.platform.engine.support.hierarchical.Node.around(Node.java:137)
	at org.junit.platform.engine.support.hierarchical.NodeTestTask.lambda$executeRecursively$9(NodeTestTask.java:139)
	at org.junit.platform.engine.support.hierarchical.ThrowableCollector.execute(ThrowableCollector.java:73)
	at org.junit.platform.engine.support.hierarchical.NodeTestTask.executeRecursively(NodeTestTask.java:138)
	at org.junit.platform.engine.support.hierarchical.NodeTestTask.execute(NodeTestTask.java:95)
	at java.base/java.util.ArrayList.forEach(ArrayList.java:1597)
	at org.junit.platform.engine.support.hierarchical.SameThreadHierarchicalTestExecutorService.invokeAll(SameThreadHierarchicalTestExecutorService.java:41)
	at org.junit.platform.engine.support.hierarchical.NodeTestTask.lambda$executeRecursively$6(NodeTestTask.java:155)
	at org.junit.platform.engine.support.hierarchical.ThrowableCollector.execute(ThrowableCollector.java:73)
	at org.junit.platform.engine.support.hierarchical.NodeTestTask.lambda$executeRecursively$8(NodeTestTask.java:141)
	at org.junit.platform.engine.support.hierarchical.Node.around(Node.java:137)
	at org.junit.platform.engine.support.hierarchical.NodeTestTask.lambda$executeRecursively$9(NodeTestTask.java:139)
	at org.junit.platform.engine.support.hierarchical.ThrowableCollector.execute(ThrowableCollector.java:73)
	at org.junit.platform.engine.support.hierarchical.NodeTestTask.executeRecursively(NodeTestTask.java:138)
	at org.junit.platform.engine.support.hierarchical.NodeTestTask.execute(NodeTestTask.java:95)
	at java.base/java.util.ArrayList.forEach(ArrayList.java:1597)
	at org.junit.platform.engine.support.hierarchical.SameThreadHierarchicalTestExecutorService.invokeAll(SameThreadHierarchicalTestExecutorService.java:41)
	at org.junit.platform.engine.support.hierarchical.NodeTestTask.lambda$executeRecursively$6(NodeTestTask.java:155)
	at org.junit.platform.engine.support.hierarchical.ThrowableCollector.execute(ThrowableCollector.java:73)
	at org.junit.platform.engine.support.hierarchical.NodeTestTask.lambda$executeRecursively$8(NodeTestTask.java:141)
	at org.junit.platform.engine.support.hierarchical.Node.around(Node.java:137)
	at org.junit.platform.engine.support.hierarchical.NodeTestTask.lambda$executeRecursively$9(NodeTestTask.java:139)
	at org.junit.platform.engine.support.hierarchical.ThrowableCollector.execute(ThrowableCollector.java:73)
	at org.junit.platform.engine.support.hierarchical.NodeTestTask.executeRecursively(NodeTestTask.java:138)
	at org.junit.platform.engine.support.hierarchical.NodeTestTask.execute(NodeTestTask.java:95)
	at org.junit.platform.engine.support.hierarchical.SameThreadHierarchicalTestExecutorService.submit(SameThreadHierarchicalTestExecutorService.java:35)
	at org.junit.platform.engine.support.hierarchical.HierarchicalTestExecutor.execute(HierarchicalTestExecutor.java:57)
	at org.junit.platform.engine.support.hierarchical.HierarchicalTestEngine.execute(HierarchicalTestEngine.java:54)
	at org.junit.platform.launcher.core.EngineExecutionOrchestrator.execute(EngineExecutionOrchestrator.java:198)
	at org.junit.platform.launcher.core.EngineExecutionOrchestrator.execute(EngineExecutionOrchestrator.java:169)
	at org.junit.platform.launcher.core.EngineExecutionOrchestrator.execute(EngineExecutionOrchestrator.java:93)
	at org.junit.platform.launcher.core.EngineExecutionOrchestrator.lambda$execute$0(EngineExecutionOrchestrator.java:58)
	at org.junit.platform.launcher.core.EngineExecutionOrchestrator.withInterceptedStreams(EngineExecutionOrchestrator.java:141)
	at org.junit.platform.launcher.core.EngineExecutionOrchestrator.execute(EngineExecutionOrchestrator.java:57)
	at org.junit.platform.launcher.core.DefaultLauncher.execute(DefaultLauncher.java:103)
	at org.junit.platform.launcher.core.DefaultLauncher.execute(DefaultLauncher.java:85)
	at org.junit.platform.launcher.core.DelegatingLauncher.execute(DelegatingLauncher.java:47)
	at org.apache.maven.surefire.junitplatform.LazyLauncher.execute(LazyLauncher.java:56)
	at org.apache.maven.surefire.junitplatform.JUnitPlatformProvider.execute(JUnitPlatformProvider.java:184)
	at org.apache.maven.surefire.junitplatform.JUnitPlatformProvider.invokeAllTests(JUnitPlatformProvider.java:148)
	at org.apache.maven.surefire.junitplatform.JUnitPlatformProvider.invoke(JUnitPlatformProvider.java:122)
	at org.apache.maven.surefire.booter.ForkedBooter.runSuitesInProcess(ForkedBooter.java:385)
	at org.apache.maven.surefire.booter.ForkedBooter.execute(ForkedBooter.java:162)
	at org.apache.maven.surefire.booter.ForkedBooter.run(ForkedBooter.java:507)
	at org.apache.maven.surefire.booter.ForkedBooter.main(ForkedBooter.java:495)

[ERRO] 2026-01-09 18:51:47.146 - Erro-60
  Exceção: java.lang.RuntimeException: Erro 60
java.lang.RuntimeException: Erro 60
	at testes.ErrorLoggerTest.testeLogNaoCresceIndefinidamente(ErrorLoggerTest.java:389)
	at java.base/jdk.internal.reflect.DirectMethodHandleAccessor.invoke(DirectMethodHandleAccessor.java:103)
	at java.base/java.lang.reflect.Method.invoke(Method.java:580)
	at org.junit.platform.commons.util.ReflectionUtils.invokeMethod(ReflectionUtils.java:728)
	at org.junit.jupiter.engine.execution.MethodInvocation.proceed(MethodInvocation.java:60)
	at org.junit.jupiter.engine.execution.InvocationInterceptorChain$ValidatingInvocation.proceed(InvocationInterceptorChain.java:131)
	at org.junit.jupiter.engine.extension.TimeoutExtension.intercept(TimeoutExtension.java:156)
	at org.junit.jupiter.engine.extension.TimeoutExtension.interceptTestableMethod(TimeoutExtension.java:147)
	at org.junit.jupiter.engine.extension.TimeoutExtension.interceptTestMethod(TimeoutExtension.java:86)
	at org.junit.jupiter.engine.execution.InterceptingExecutableInvoker$ReflectiveInterceptorCall.lambda$ofVoidMethod$0(InterceptingExecutableInvoker.java:103)
	at org.junit.jupiter.engine.execution.InterceptingExecutableInvoker.lambda$invoke$0(InterceptingExecutableInvoker.java:93)
	at org.junit.jupiter.engine.execution.InvocationInterceptorChain$InterceptedInvocation.proceed(InvocationInterceptorChain.java:106)
	at org.junit.jupiter.engine.execution.InvocationInterceptorChain.proceed(InvocationInterceptorChain.java:64)
	at org.junit.jupiter.engine.execution.InvocationInterceptorChain.chainAndInvoke(InvocationInterceptorChain.java:45)
	at org.junit.jupiter.engine.execution.InvocationInterceptorChain.invoke(InvocationInterceptorChain.java:37)
	at org.junit.jupiter.engine.execution.InterceptingExecutableInvoker.invoke(InterceptingExecutableInvoker.java:92)
	at org.junit.jupiter.engine.execution.InterceptingExecutableInvoker.invoke(InterceptingExecutableInvoker.java:86)
	at org.junit.jupiter.engine.descriptor.TestMethodTestDescriptor.lambda$invokeTestMethod$7(TestMethodTestDescriptor.java:218)
	at org.junit.platform.engine.support.hierarchical.ThrowableCollector.execute(ThrowableCollector.java:73)
	at org.junit.jupiter.engine.descriptor.TestMethodTestDescriptor.invokeTestMethod(TestMethodTestDescriptor.java:214)
	at org.junit.jupiter.engine.descriptor.TestMethodTestDescriptor.execute(TestMethodTestDescriptor.java:139)
	at org.junit.jupiter.engine.descriptor.TestMethodTestDescriptor.execute(TestMethodTestDescriptor.java:69)
	at org.junit.platform.engine.support.hierarchical.NodeTestTask.lambda$executeRecursively$6(NodeTestTask.java:151)
	at org.junit.platform.engine.support.hierarchical.ThrowableCollector.execute(ThrowableCollector.java:73)
	at org.junit.platform.engine.support.hierarchical.NodeTestTask.lambda$executeRecursively$8(NodeTestTask.java:141)
	at org.junit.platform.engine.support.hierarchical.Node.around(Node.java:137)
	at org.junit.platform.engine.support.hierarchical.NodeTestTask.lambda$executeRecursively$9(NodeTestTask.java:139)
	at org.junit.platform.engine.support.hierarchical.ThrowableCollector.execute(ThrowableCollector.java:73)
	at org.junit.platform.engine.support.hierarchical.NodeTestTask.executeRecursively(NodeTestTask.java:138)
	at org.junit.platform.engine.support.hierarchical.NodeTestTask.execute(NodeTestTask.java:95)
	at java.base/java.util.ArrayList.forEach(ArrayList.java:1597)
	at org.junit.platform.engine.support.hierarchical.SameThreadHierarchicalTestExecutorService.invokeAll(SameThreadHierarchicalTestExecutorService.java:41)
	at org.junit.platform.engine.support.hierarchical.NodeTestTask.lambda$executeRecursively$6(NodeTestTask.java:155)
	at org.junit.platform.engine.support.hierarchical.ThrowableCollector.execute(ThrowableCollector.java:73)
	at org.junit.platform.engine.support.hierarchical.NodeTestTask.lambda$executeRecursively$8(NodeTestTask.java:141)
	at org.junit.platform.engine.support.hierarchical.Node.around(Node.java:137)
	at org.junit.platform.engine.support.hierarchical.NodeTestTask.lambda$executeRecursively$9(NodeTestTask.java:139)
	at org.junit.platform.engine.support.hierarchical.ThrowableCollector.execute(ThrowableCollector.java:73)
	at org.junit.platform.engine.support.hierarchical.NodeTestTask.executeRecursively(NodeTestTask.java:138)
	at org.junit.platform.engine.support.hierarchical.NodeTestTask.execute(NodeTestTask.java:95)
	at java.base/java.util.ArrayList.forEach(ArrayList.java:1597)
	at org.junit.platform.engine.support.hierarchical.SameThreadHierarchicalTestExecutorService.invokeAll(SameThreadHierarchicalTestExecutorService.java:41)
	at org.junit.platform.engine.support.hierarchical.NodeTestTask.lambda$executeRecursively$6(NodeTestTask.java:155)
	at org.junit.platform.engine.support.hierarchical.ThrowableCollector.execute(ThrowableCollector.java:73)
	at org.junit.platform.engine.support.hierarchical.NodeTestTask.lambda$executeRecursively$8(NodeTestTask.java:141)
	at org.junit.platform.engine.support.hierarchical.Node.around(Node.java:137)
	at org.junit.platform.engine.support.hierarchical.NodeTestTask.lambda$executeRecursively$9(NodeTestTask.java:139)
	at org.junit.platform.engine.support.hierarchical.ThrowableCollector.execute(ThrowableCollector.java:73)
	at org.junit.platform.engine.support.hierarchical.NodeTestTask.executeRecursively(NodeTestTask.java:138)
	at org.junit.platform.engine.support.hierarchical.NodeTestTask.execute(NodeTestTask.java:95)
	at org.junit.platform.engine.support.hierarchical.SameThreadHierarchicalTestExecutorService.submit(SameThreadHierarchicalTestExecutorService.java:35)
	at org.junit.platform.engine.support.hierarchical.HierarchicalTestExecutor.execute(HierarchicalTestExecutor.java:57)
	at org.junit.platform.engine.support.hierarchical.HierarchicalTestEngine.execute(HierarchicalTestEngine.java:54)
	at org.junit.platform.launcher.core.EngineExecutionOrchestrator.execute(EngineExecutionOrchestrator.java:198)
	at org.junit.platform.launcher.core.EngineExecutionOrchestrator.execute(EngineExecutionOrchestrator.java:169)
	at org.junit.platform.launcher.core.EngineExecutionOrchestrator.execute(EngineExecutionOrchestrator.java:93)
	at org.junit.platform.launcher.core.EngineExecutionOrchestrator.lambda$execute$0(EngineExecutionOrchestrator.java:58)
	at org.junit.platform.launcher.core.EngineExecutionOrchestrator.withInterceptedStreams(EngineExecutionOrchestrator.java:141)
	at org.junit.platform.launcher.core.EngineExecutionOrchestrator.execute(EngineExecutionOrchestrator.java:57)
	at org.junit.platform.launcher.core.DefaultLauncher.execute(DefaultLauncher.java:103)
	at org.junit.platform.launcher.core.DefaultLauncher.execute(DefaultLauncher.java:85)
	at org.junit.platform.launcher.core.DelegatingLauncher.execute(DelegatingLauncher.java:47)
	at org.apache.maven.surefire.junitplatform.LazyLauncher.execute(LazyLauncher.java:56)
	at org.apache.maven.surefire.junitplatform.JUnitPlatformProvider.execute(JUnitPlatformProvider.java:184)
	at org.apache.maven.surefire.junitplatform.JUnitPlatformProvider.invokeAllTests(JUnitPlatformProvider.java:148)
	at org.apache.maven.surefire.junitplatform.JUnitPlatformProvider.invoke(JUnitPlatformProvider.java:122)
	at org.apache.maven.surefire.booter.ForkedBooter.runSuitesInProcess(ForkedBooter.java:385)
	at org.apache.maven.surefire.booter.ForkedBooter.execute(ForkedBooter.java:162)
	at org.apache.maven.surefire.booter.ForkedBooter.run(ForkedBooter.java:507)
	at org.apache.maven.surefire.booter.ForkedBooter.main(ForkedBooter.java:495)

[ERRO] 2026-01-09 18:51:47.146 - Erro-61
  Exceção: java.lang.RuntimeException: Erro 61
java.lang.RuntimeException: Erro 61
	at testes.ErrorLoggerTest.testeLogNaoCresceIndefinidamente(ErrorLoggerTest.java:389)
	at java.base/jdk.internal.reflect.DirectMethodHandleAccessor.invoke(DirectMethodHandleAccessor.java:103)
	at java.base/java.lang.reflect.Method.invoke(Method.java:580)
	at org.junit.platform.commons.util.ReflectionUtils.invokeMethod(ReflectionUtils.java:728)
	at org.junit.jupiter.engine.execution.MethodInvocation.proceed(MethodInvocation.java:60)
	at org.junit.jupiter.engine.execution.InvocationInterceptorChain$ValidatingInvocation.proceed(InvocationInterceptorChain.java:131)
	at org.junit.jupiter.engine.extension.TimeoutExtension.intercept(TimeoutExtension.java:156)
	at org.junit.jupiter.engine.extension.TimeoutExtension.interceptTestableMethod(TimeoutExtension.java:147)
	at org.junit.jupiter.engine.extension.TimeoutExtension.interceptTestMethod(TimeoutExtension.java:86)
	at org.junit.jupiter.engine.execution.InterceptingExecutableInvoker$ReflectiveInterceptorCall.lambda$ofVoidMethod$0(InterceptingExecutableInvoker.java:103)
	at org.junit.jupiter.engine.execution.InterceptingExecutableInvoker.lambda$invoke$0(InterceptingExecutableInvoker.java:93)
	at org.junit.jupiter.engine.execution.InvocationInterceptorChain$InterceptedInvocation.proceed(InvocationInterceptorChain.java:106)
	at org.junit.jupiter.engine.execution.InvocationInterceptorChain.proceed(InvocationInterceptorChain.java:64)
	at org.junit.jupiter.engine.execution.InvocationInterceptorChain.chainAndInvoke(InvocationInterceptorChain.java:45)
	at org.junit.jupiter.engine.execution.InvocationInterceptorChain.invoke(InvocationInterceptorChain.java:37)
	at org.junit.jupiter.engine.execution.InterceptingExecutableInvoker.invoke(InterceptingExecutableInvoker.java:92)
	at org.junit.jupiter.engine.execution.InterceptingExecutableInvoker.invoke(InterceptingExecutableInvoker.java:86)
	at org.junit.jupiter.engine.descriptor.TestMethodTestDescriptor.lambda$invokeTestMethod$7(TestMethodTestDescriptor.java:218)
	at org.junit.platform.engine.support.hierarchical.ThrowableCollector.execute(ThrowableCollector.java:73)
	at org.junit.jupiter.engine.descriptor.TestMethodTestDescriptor.invokeTestMethod(TestMethodTestDescriptor.java:214)
	at org.junit.jupiter.engine.descriptor.TestMethodTestDescriptor.execute(TestMethodTestDescriptor.java:139)
	at org.junit.jupiter.engine.descriptor.TestMethodTestDescriptor.execute(TestMethodTestDescriptor.java:69)
	at org.junit.platform.engine.support.hierarchical.NodeTestTask.lambda$executeRecursively$6(NodeTestTask.java:151)
	at org.junit.platform.engine.support.hierarchical.ThrowableCollector.execute(ThrowableCollector.java:73)
	at org.junit.platform.engine.support.hierarchical.NodeTestTask.lambda$executeRecursively$8(NodeTestTask.java:141)
	at org.junit.platform.engine.support.hierarchical.Node.around(Node.java:137)
	at org.junit.platform.engine.support.hierarchical.NodeTestTask.lambda$executeRecursively$9(NodeTestTask.java:139)
	at org.junit.platform.engine.support.hierarchical.ThrowableCollector.execute(ThrowableCollector.java:73)
	at org.junit.platform.engine.support.hierarchical.NodeTestTask.executeRecursively(NodeTestTask.java:138)
	at org.junit.platform.engine.support.hierarchical.NodeTestTask.execute(NodeTestTask.java:95)
	at java.base/java.util.ArrayList.forEach(ArrayList.java:1597)
	at org.junit.platform.engine.support.hierarchical.SameThreadHierarchicalTestExecutorService.invokeAll(SameThreadHierarchicalTestExecutorService.java:41)
	at org.junit.platform.engine.support.hierarchical.NodeTestTask.lambda$executeRecursively$6(NodeTestTask.java:155)
	at org.junit.platform.engine.support.hierarchical.ThrowableCollector.execute(ThrowableCollector.java:73)
	at org.junit.platform.engine.support.hierarchical.NodeTestTask.lambda$executeRecursively$8(NodeTestTask.java:141)
	at org.junit.platform.engine.support.hierarchical.Node.around(Node.java:137)
	at org.junit.platform.engine.support.hierarchical.NodeTestTask.lambda$executeRecursively$9(NodeTestTask.java:139)
	at org.junit.platform.engine.support.hierarchical.ThrowableCollector.execute(ThrowableCollector.java:73)
	at org.junit.platform.engine.support.hierarchical.NodeTestTask.executeRecursively(NodeTestTask.java:138)
	at org.junit.platform.engine.support.hierarchical.NodeTestTask.execute(NodeTestTask.java:95)
	at java.base/java.util.ArrayList.forEach(ArrayList.java:1597)
	at org.junit.platform.engine.support.hierarchical.SameThreadHierarchicalTestExecutorService.invokeAll(SameThreadHierarchicalTestExecutorService.java:41)
	at org.junit.platform.engine.support.hierarchical.NodeTestTask.lambda$executeRecursively$6(NodeTestTask.java:155)
	at org.junit.platform.engine.support.hierarchical.ThrowableCollector.execute(ThrowableCollector.java:73)
	at org.junit.platform.engine.support.hierarchical.NodeTestTask.lambda$executeRecursively$8(NodeTestTask.java:141)
	at org.junit.platform.engine.support.hierarchical.Node.around(Node.java:137)
	at org.junit.platform.engine.support.hierarchical.NodeTestTask.lambda$executeRecursively$9(NodeTestTask.java:139)
	at org.junit.platform.engine.support.hierarchical.ThrowableCollector.execute(ThrowableCollector.java:73)
	at org.junit.platform.engine.support.hierarchical.NodeTestTask.executeRecursively(NodeTestTask.java:138)
	at org.junit.platform.engine.support.hierarchical.NodeTestTask.execute(NodeTestTask.java:95)
	at org.junit.platform.engine.support.hierarchical.SameThreadHierarchicalTestExecutorService.submit(SameThreadHierarchicalTestExecutorService.java:35)
	at org.junit.platform.engine.support.hierarchical.HierarchicalTestExecutor.execute(HierarchicalTestExecutor.java:57)
	at org.junit.platform.engine.support.hierarchical.HierarchicalTestEngine.execute(HierarchicalTestEngine.java:54)
	at org.junit.platform.launcher.core.EngineExecutionOrchestrator.execute(EngineExecutionOrchestrator.java:198)
	at org.junit.platform.launcher.core.EngineExecutionOrchestrator.execute(EngineExecutionOrchestrator.java:169)
	at org.junit.platform.launcher.core.EngineExecutionOrchestrator.execute(EngineExecutionOrchestrator.java:93)
	at org.junit.platform.launcher.core.EngineExecutionOrchestrator.lambda$execute$0(EngineExecutionOrchestrator.java:58)
	at org.junit.platform.launcher.core.EngineExecutionOrchestrator.withInterceptedStreams(EngineExecutionOrchestrator.java:141)
	at org.junit.platform.launcher.core.EngineExecutionOrchestrator.execute(EngineExecutionOrchestrator.java:57)
	at org.junit.platform.launcher.core.DefaultLauncher.execute(DefaultLauncher.java:103)
	at org.junit.platform.launcher.core.DefaultLauncher.execute(DefaultLauncher.java:85)
	at org.junit.platform.launcher.core.DelegatingLauncher.execute(DelegatingLauncher.java:47)
	at org.apache.maven.surefire.junitplatform.LazyLauncher.execute(LazyLauncher.java:56)
	at org.apache.maven.surefire.junitplatform.JUnitPlatformProvider.execute(JUnitPlatformProvider.java:184)
	at org.apache.maven.surefire.junitplatform.JUnitPlatformProvider.invokeAllTests(JUnitPlatformProvider.java:148)
	at org.apache.maven.surefire.junitplatform.JUnitPlatformProvider.invoke(JUnitPlatformProvider.java:122)
	at org.apache.maven.surefire.booter.ForkedBooter.runSuitesInProcess(ForkedBooter.java:385)
	at org.apache.maven.surefire.booter.ForkedBooter.execute(ForkedBooter.java:162)
	at org.apache.maven.surefire.booter.ForkedBooter.run(ForkedBooter.java:507)
	at org.apache.maven.surefire.booter.ForkedBooter.main(ForkedBooter.java:495)

[ERRO] 2026-01-09 18:51:47.146 - Erro-62
  Exceção: java.lang.RuntimeException: Erro 62
java.lang.RuntimeException: Erro 62
	at testes.ErrorLoggerTest.testeLogNaoCresceIndefinidamente(ErrorLoggerTest.java:389)
	at java.base/jdk.internal.reflect.DirectMethodHandleAccessor.invoke(DirectMethodHandleAccessor.java:103)
	at java.base/java.lang.reflect.Method.invoke(Method.java:580)
	at org.junit.platform.commons.util.ReflectionUtils.invokeMethod(ReflectionUtils.java:728)
	at org.junit.jupiter.engine.execution.MethodInvocation.proceed(MethodInvocation.java:60)
	at org.junit.jupiter.engine.execution.InvocationInterceptorChain$ValidatingInvocation.proceed(InvocationInterceptorChain.java:131)
	at org.junit.jupiter.engine.extension.TimeoutExtension.intercept(TimeoutExtension.java:156)
	at org.junit.jupiter.engine.extension.TimeoutExtension.interceptTestableMethod(TimeoutExtension.java:147)
	at org.junit.jupiter.engine.extension.TimeoutExtension.interceptTestMethod(TimeoutExtension.java:86)
	at org.junit.jupiter.engine.execution.InterceptingExecutableInvoker$ReflectiveInterceptorCall.lambda$ofVoidMethod$0(InterceptingExecutableInvoker.java:103)
	at org.junit.jupiter.engine.execution.InterceptingExecutableInvoker.lambda$invoke$0(InterceptingExecutableInvoker.java:93)
	at org.junit.jupiter.engine.execution.InvocationInterceptorChain$InterceptedInvocation.proceed(InvocationInterceptorChain.java:106)
	at org.junit.jupiter.engine.execution.InvocationInterceptorChain.proceed(InvocationInterceptorChain.java:64)
	at org.junit.jupiter.engine.execution.InvocationInterceptorChain.chainAndInvoke(InvocationInterceptorChain.java:45)
	at org.junit.jupiter.engine.execution.InvocationInterceptorChain.invoke(InvocationInterceptorChain.java:37)
	at org.junit.jupiter.engine.execution.InterceptingExecutableInvoker.invoke(InterceptingExecutableInvoker.java:92)
	at org.junit.jupiter.engine.execution.InterceptingExecutableInvoker.invoke(InterceptingExecutableInvoker.java:86)
	at org.junit.jupiter.engine.descriptor.TestMethodTestDescriptor.lambda$invokeTestMethod$7(TestMethodTestDescriptor.java:218)
	at org.junit.platform.engine.support.hierarchical.ThrowableCollector.execute(ThrowableCollector.java:73)
	at org.junit.jupiter.engine.descriptor.TestMethodTestDescriptor.invokeTestMethod(TestMethodTestDescriptor.java:214)
	at org.junit.jupiter.engine.descriptor.TestMethodTestDescriptor.execute(TestMethodTestDescriptor.java:139)
	at org.junit.jupiter.engine.descriptor.TestMethodTestDescriptor.execute(TestMethodTestDescriptor.java:69)
	at org.junit.platform.engine.support.hierarchical.NodeTestTask.lambda$executeRecursively$6(NodeTestTask.java:151)
	at org.junit.platform.engine.support.hierarchical.ThrowableCollector.execute(ThrowableCollector.java:73)
	at org.junit.platform.engine.support.hierarchical.NodeTestTask.lambda$executeRecursively$8(NodeTestTask.java:141)
	at org.junit.platform.engine.support.hierarchical.Node.around(Node.java:137)
	at org.junit.platform.engine.support.hierarchical.NodeTestTask.lambda$executeRecursively$9(NodeTestTask.java:139)
	at org.junit.platform.engine.support.hierarchical.ThrowableCollector.execute(ThrowableCollector.java:73)
	at org.junit.platform.engine.support.hierarchical.NodeTestTask.executeRecursively(NodeTestTask.java:138)
	at org.junit.platform.engine.support.hierarchical.NodeTestTask.execute(NodeTestTask.java:95)
	at java.base/java.util.ArrayList.forEach(ArrayList.java:1597)
	at org.junit.platform.engine.support.hierarchical.SameThreadHierarchicalTestExecutorService.invokeAll(SameThreadHierarchicalTestExecutorService.java:41)
	at org.junit.platform.engine.support.hierarchical.NodeTestTask.lambda$executeRecursively$6(NodeTestTask.java:155)
	at org.junit.platform.engine.support.hierarchical.ThrowableCollector.execute(ThrowableCollector.java:73)
	at org.junit.platform.engine.support.hierarchical.NodeTestTask.lambda$executeRecursively$8(NodeTestTask.java:141)
	at org.junit.platform.engine.support.hierarchical.Node.around(Node.java:137)
	at org.junit.platform.engine.support.hierarchical.NodeTestTask.lambda$executeRecursively$9(NodeTestTask.java:139)
	at org.junit.platform.engine.support.hierarchical.ThrowableCollector.execute(ThrowableCollector.java:73)
	at org.junit.platform.engine.support.hierarchical.NodeTestTask.executeRecursively(NodeTestTask.java:138)
	at org.junit.platform.engine.support.hierarchical.NodeTestTask.execute(NodeTestTask.java:95)
	at java.base/java.util.ArrayList.forEach(ArrayList.java:1597)
	at org.junit.platform.engine.support.hierarchical.SameThreadHierarchicalTestExecutorService.invokeAll(SameThreadHierarchicalTestExecutorService.java:41)
	at org.junit.platform.engine.support.hierarchical.NodeTestTask.lambda$executeRecursively$6(NodeTestTask.java:155)
	at org.junit.platform.engine.support.hierarchical.ThrowableCollector.execute(ThrowableCollector.java:73)
	at org.junit.platform.engine.support.hierarchical.NodeTestTask.lambda$executeRecursively$8(NodeTestTask.java:141)
	at org.junit.platform.engine.support.hierarchical.Node.around(Node.java:137)
	at org.junit.platform.engine.support.hierarchical.NodeTestTask.lambda$executeRecursively$9(NodeTestTask.java:139)
	at org.junit.platform.engine.support.hierarchical.ThrowableCollector.execute(ThrowableCollector.java:73)
	at org.junit.platform.engine.support.hierarchical.NodeTestTask.executeRecursively(NodeTestTask.java:138)
	at org.junit.platform.engine.support.hierarchical.NodeTestTask.execute(NodeTestTask.java:95)
	at org.junit.platform.engine.support.hierarchical.SameThreadHierarchicalTestExecutorService.submit(SameThreadHierarchicalTestExecutorService.java:35)
	at org.junit.platform.engine.support.hierarchical.HierarchicalTestExecutor.execute(HierarchicalTestExecutor.java:57)
	at org.junit.platform.engine.support.hierarchical.HierarchicalTestEngine.execute(HierarchicalTestEngine.java:54)
	at org.junit.platform.launcher.core.EngineExecutionOrchestrator.execute(EngineExecutionOrchestrator.java:198)
	at org.junit.platform.launcher.core.EngineExecutionOrchestrator.execute(EngineExecutionOrchestrator.java:169)
	at org.junit.platform.launcher.core.EngineExecutionOrchestrator.execute(EngineExecutionOrchestrator.java:93)
	at org.junit.platform.launcher.core.EngineExecutionOrchestrator.lambda$execute$0(EngineExecutionOrchestrator.java:58)
	at org.junit.platform.launcher.core.EngineExecutionOrchestrator.withInterceptedStreams(EngineExecutionOrchestrator.java:141)
	at org.junit.platform.launcher.core.EngineExecutionOrchestrator.execute(EngineExecutionOrchestrator.java:57)
	at org.junit.platform.launcher.core.DefaultLauncher.execute(DefaultLauncher.java:103)
	at org.junit.platform.launcher.core.DefaultLauncher.execute(DefaultLauncher.java:85)
	at org.junit.platform.launcher.core.DelegatingLauncher.execute(DelegatingLauncher.java:47)
	at org.apache.maven.surefire.junitplatform.LazyLauncher.execute(LazyLauncher.java:56)
	at org.apache.maven.surefire.junitplatform.JUnitPlatformProvider.execute(JUnitPlatformProvider.java:184)
	at org.apache.maven.surefire.junitplatform.JUnitPlatformProvider.invokeAllTests(JUnitPlatformProvider.java:148)
	at org.apache.maven.surefire.junitplatform.JUnitPlatformProvider.invoke(JUnitPlatformProvider.java:122)
	at org.apache.maven.surefire.booter.ForkedBooter.runSuitesInProcess(ForkedBooter.java:385)
	at org.apache.maven.surefire.booter.ForkedBooter.execute(ForkedBooter.java:162)
	at org.apache.maven.surefire.booter.ForkedBooter.run(ForkedBooter.java:507)
	at org.apache.maven.surefire.booter.ForkedBooter.main(ForkedBooter.java:495)

[ERRO] 2026-01-09 18:51:47.147 - Erro-63
  Exceção: java.lang.RuntimeException: Erro 63
java.lang.RuntimeException: Erro 63
	at testes.ErrorLoggerTest.testeLogNaoCresceIndefinidamente(ErrorLoggerTest.java:389)
	at java.base/jdk.internal.reflect.DirectMethodHandleAccessor.invoke(DirectMethodHandleAccessor.java:103)
	at java.base/java.lang.reflect.Method.invoke(Method.java:580)
	at org.junit.platform.commons.util.ReflectionUtils.invokeMethod(ReflectionUtils.java:728)
	at org.junit.jupiter.engine.execution.MethodInvocation.proceed(MethodInvocation.java:60)
	at org.junit.jupiter.engine.execution.InvocationInterceptorChain$ValidatingInvocation.proceed(InvocationInterceptorChain.java:131)
	at org.junit.jupiter.engine.extension.TimeoutExtension.intercept(TimeoutExtension.java:156)
	at org.junit.jupiter.engine.extension.TimeoutExtension.interceptTestableMethod(TimeoutExtension.java:147)
	at org.junit.jupiter.engine.extension.TimeoutExtension.interceptTestMethod(TimeoutExtension.java:86)
	at org.junit.jupiter.engine.execution.InterceptingExecutableInvoker$ReflectiveInterceptorCall.lambda$ofVoidMethod$0(InterceptingExecutableInvoker.java:103)
	at org.junit.jupiter.engine.execution.InterceptingExecutableInvoker.lambda$invoke$0(InterceptingExecutableInvoker.java:93)
	at org.junit.jupiter.engine.execution.InvocationInterceptorChain$InterceptedInvocation.proceed(InvocationInterceptorChain.java:106)
	at org.junit.jupiter.engine.execution.InvocationInterceptorChain.proceed(InvocationInterceptorChain.java:64)
	at org.junit.jupiter.engine.execution.InvocationInterceptorChain.chainAndInvoke(InvocationInterceptorChain.java:45)
	at org.junit.jupiter.engine.execution.InvocationInterceptorChain.invoke(InvocationInterceptorChain.java:37)
	at org.junit.jupiter.engine.execution.InterceptingExecutableInvoker.invoke(InterceptingExecutableInvoker.java:92)
	at org.junit.jupiter.engine.execution.InterceptingExecutableInvoker.invoke(InterceptingExecutableInvoker.java:86)
	at org.junit.jupiter.engine.descriptor.TestMethodTestDescriptor.lambda$invokeTestMethod$7(TestMethodTestDescriptor.java:218)
	at org.junit.platform.engine.support.hierarchical.ThrowableCollector.execute(ThrowableCollector.java:73)
	at org.junit.jupiter.engine.descriptor.TestMethodTestDescriptor.invokeTestMethod(TestMethodTestDescriptor.java:214)
	at org.junit.jupiter.engine.descriptor.TestMethodTestDescriptor.execute(TestMethodTestDescriptor.java:139)
	at org.junit.jupiter.engine.descriptor.TestMethodTestDescriptor.execute(TestMethodTestDescriptor.java:69)
	at org.junit.platform.engine.support.hierarchical.NodeTestTask.lambda$executeRecursively$6(NodeTestTask.java:151)
	at org.junit.platform.engine.support.hierarchical.ThrowableCollector.execute(ThrowableCollector.java:73)
	at org.junit.platform.engine.support.hierarchical.NodeTestTask.lambda$executeRecursively$8(NodeTestTask.java:141)
	at org.junit.platform.engine.support.hierarchical.Node.around(Node.java:137)
	at org.junit.platform.engine.support.hierarchical.NodeTestTask.lambda$executeRecursively$9(NodeTestTask.java:139)
	at org.junit.platform.engine.support.hierarchical.ThrowableCollector.execute(ThrowableCollector.java:73)
	at org.junit.platform.engine.support.hierarchical.NodeTestTask.executeRecursively(NodeTestTask.java:138)
	at org.junit.platform.engine.support.hierarchical.NodeTestTask.execute(NodeTestTask.java:95)
	at java.base/java.util.ArrayList.forEach(ArrayList.java:1597)
	at org.junit.platform.engine.support.hierarchical.SameThreadHierarchicalTestExecutorService.invokeAll(SameThreadHierarchicalTestExecutorService.java:41)
	at org.junit.platform.engine.support.hierarchical.NodeTestTask.lambda$executeRecursively$6(NodeTestTask.java:155)
	at org.junit.platform.engine.support.hierarchical.ThrowableCollector.execute(ThrowableCollector.java:73)
	at org.junit.platform.engine.support.hierarchical.NodeTestTask.lambda$executeRecursively$8(NodeTestTask.java:141)
	at org.junit.platform.engine.support.hierarchical.Node.around(Node.java:137)
	at org.junit.platform.engine.support.hierarchical.NodeTestTask.lambda$executeRecursively$9(NodeTestTask.java:139)
	at org.junit.platform.engine.support.hierarchical.ThrowableCollector.execute(ThrowableCollector.java:73)
	at org.junit.platform.engine.support.hierarchical.NodeTestTask.executeRecursively(NodeTestTask.java:138)
	at org.junit.platform.engine.support.hierarchical.NodeTestTask.execute(NodeTestTask.java:95)
	at java.base/java.util.ArrayList.forEach(ArrayList.java:1597)
	at org.junit.platform.engine.support.hierarchical.SameThreadHierarchicalTestExecutorService.invokeAll(SameThreadHierarchicalTestExecutorService.java:41)
	at org.junit.platform.engine.support.hierarchical.NodeTestTask.lambda$executeRecursively$6(NodeTestTask.java:155)
	at org.junit.platform.engine.support.hierarchical.ThrowableCollector.execute(ThrowableCollector.java:73)
	at org.junit.platform.engine.support.hierarchical.NodeTestTask.lambda$executeRecursively$8(NodeTestTask.java:141)
	at org.junit.platform.engine.support.hierarchical.Node.around(Node.java:137)
	at org.junit.platform.engine.support.hierarchical.NodeTestTask.lambda$executeRecursively$9(NodeTestTask.java:139)
	at org.junit.platform.engine.support.hierarchical.ThrowableCollector.execute(ThrowableCollector.java:73)
	at org.junit.platform.engine.support.hierarchical.NodeTestTask.executeRecursively(NodeTestTask.java:138)
	at org.junit.platform.engine.support.hierarchical.NodeTestTask.execute(NodeTestTask.java:95)
	at org.junit.platform.engine.support.hierarchical.SameThreadHierarchicalTestExecutorService.submit(SameThreadHierarchicalTestExecutorService.java:35)
	at org.junit.platform.engine.support.hierarchical.HierarchicalTestExecutor.execute(HierarchicalTestExecutor.java:57)
	at org.junit.platform.engine.support.hierarchical.HierarchicalTestEngine.execute(HierarchicalTestEngine.java:54)
	at org.junit.platform.launcher.core.EngineExecutionOrchestrator.execute(EngineExecutionOrchestrator.java:198)
	at org.junit.platform.launcher.core.EngineExecutionOrchestrator.execute(EngineExecutionOrchestrator.java:169)
	at org.junit.platform.launcher.core.EngineExecutionOrchestrator.execute(EngineExecutionOrchestrator.java:93)
	at org.junit.platform.launcher.core.EngineExecutionOrchestrator.lambda$execute$0(EngineExecutionOrchestrator.java:58)
	at org.junit.platform.launcher.core.EngineExecutionOrchestrator.withInterceptedStreams(EngineExecutionOrchestrator.java:141)
	at org.junit.platform.launcher.core.EngineExecutionOrchestrator.execute(EngineExecutionOrchestrator.java:57)
	at org.junit.platform.launcher.core.DefaultLauncher.execute(DefaultLauncher.java:103)
	at org.junit.platform.launcher.core.DefaultLauncher.execute(DefaultLauncher.java:85)
	at org.junit.platform.launcher.core.DelegatingLauncher.execute(DelegatingLauncher.java:47)
	at org.apache.maven.surefire.junitplatform.LazyLauncher.execute(LazyLauncher.java:56)
	at org.apache.maven.surefire.junitplatform.JUnitPlatformProvider.execute(JUnitPlatformProvider.java:184)
	at org.apache.maven.surefire.junitplatform.JUnitPlatformProvider.invokeAllTests(JUnitPlatformProvider.java:148)
	at org.apache.maven.surefire.junitplatform.JUnitPlatformProvider.invoke(JUnitPlatformProvider.java:122)
	at org.apache.maven.surefire.booter.ForkedBooter.runSuitesInProcess(ForkedBooter.java:385)
	at org.apache.maven.surefire.booter.ForkedBooter.execute(ForkedBooter.java:162)
	at org.apache.maven.surefire.booter.ForkedBooter.run(ForkedBooter.java:507)
	at org.apache.maven.surefire.booter.ForkedBooter.main(ForkedBooter.java:495)

[ERRO] 2026-01-09 18:51:47.147 - Erro-64
  Exceção: java.lang.RuntimeException: Erro 64
java.lang.RuntimeException: Erro 64
	at testes.ErrorLoggerTest.testeLogNaoCresceIndefinidamente(ErrorLoggerTest.java:389)
	at java.base/jdk.internal.reflect.DirectMethodHandleAccessor.invoke(DirectMethodHandleAccessor.java:103)
	at java.base/java.lang.reflect.Method.invoke(Method.java:580)
	at org.junit.platform.commons.util.ReflectionUtils.invokeMethod(ReflectionUtils.java:728)
	at org.junit.jupiter.engine.execution.MethodInvocation.proceed(MethodInvocation.java:60)
	at org.junit.jupiter.engine.execution.InvocationInterceptorChain$ValidatingInvocation.proceed(InvocationInterceptorChain.java:131)
	at org.junit.jupiter.engine.extension.TimeoutExtension.intercept(TimeoutExtension.java:156)
	at org.junit.jupiter.engine.extension.TimeoutExtension.interceptTestableMethod(TimeoutExtension.java:147)
	at org.junit.jupiter.engine.extension.TimeoutExtension.interceptTestMethod(TimeoutExtension.java:86)
	at org.junit.jupiter.engine.execution.InterceptingExecutableInvoker$ReflectiveInterceptorCall.lambda$ofVoidMethod$0(InterceptingExecutableInvoker.java:103)
	at org.junit.jupiter.engine.execution.InterceptingExecutableInvoker.lambda$invoke$0(InterceptingExecutableInvoker.java:93)
	at org.junit.jupiter.engine.execution.InvocationInterceptorChain$InterceptedInvocation.proceed(InvocationInterceptorChain.java:106)
	at org.junit.jupiter.engine.execution.InvocationInterceptorChain.proceed(InvocationInterceptorChain.java:64)
	at org.junit.jupiter.engine.execution.InvocationInterceptorChain.chainAndInvoke(InvocationInterceptorChain.java:45)
	at org.junit.jupiter.engine.execution.InvocationInterceptorChain.invoke(InvocationInterceptorChain.java:37)
	at org.junit.jupiter.engine.execution.InterceptingExecutableInvoker.invoke(InterceptingExecutableInvoker.java:92)
	at org.junit.jupiter.engine.execution.InterceptingExecutableInvoker.invoke(InterceptingExecutableInvoker.java:86)
	at org.junit.jupiter.engine.descriptor.TestMethodTestDescriptor.lambda$invokeTestMethod$7(TestMethodTestDescriptor.java:218)
	at org.junit.platform.engine.support.hierarchical.ThrowableCollector.execute(ThrowableCollector.java:73)
	at org.junit.jupiter.engine.descriptor.TestMethodTestDescriptor.invokeTestMethod(TestMethodTestDescriptor.java:214)
	at org.junit.jupiter.engine.descriptor.TestMethodTestDescriptor.execute(TestMethodTestDescriptor.java:139)
	at org.junit.jupiter.engine.descriptor.TestMethodTestDescriptor.execute(TestMethodTestDescriptor.java:69)
	at org.junit.platform.engine.support.hierarchical.NodeTestTask.lambda$executeRecursively$6(NodeTestTask.java:151)
	at org.junit.platform.engine.support.hierarchical.ThrowableCollector.execute(ThrowableCollector.java:73)
	at org.junit.platform.engine.support.hierarchical.NodeTestTask.lambda$executeRecursively$8(NodeTestTask.java:141)
	at org.junit.platform.engine.support.hierarchical.Node.around(Node.java:137)
	at org.junit.platform.engine.support.hierarchical.NodeTestTask.lambda$executeRecursively$9(NodeTestTask.java:139)
	at org.junit.platform.engine.support.hierarchical.ThrowableCollector.execute(ThrowableCollector.java:73)
	at org.junit.platform.engine.support.hierarchical.NodeTestTask.executeRecursively(NodeTestTask.java:138)
	at org.junit.platform.engine.support.hierarchical.NodeTestTask.execute(NodeTestTask.java:95)
	at java.base/java.util.ArrayList.forEach(ArrayList.java:1597)
	at org.junit.platform.engine.support.hierarchical.SameThreadHierarchicalTestExecutorService.invokeAll(SameThreadHierarchicalTestExecutorService.java:41)
	at org.junit.platform.engine.support.hierarchical.NodeTestTask.lambda$executeRecursively$6(NodeTestTask.java:155)
	at org.junit.platform.engine.support.hierarchical.ThrowableCollector.execute(ThrowableCollector.java:73)
	at org.junit.platform.engine.support.hierarchical.NodeTestTask.lambda$executeRecursively$8(NodeTestTask.java:141)
	at org.junit.platform.engine.support.hierarchical.Node.around(Node.java:137)
	at org.junit.platform.engine.support.hierarchical.NodeTestTask.lambda$executeRecursively$9(NodeTestTask.java:139)
	at org.junit.platform.engine.support.hierarchical.ThrowableCollector.execute(ThrowableCollector.java:73)
	at org.junit.platform.engine.support.hierarchical.NodeTestTask.executeRecursively(NodeTestTask.java:138)
	at org.junit.platform.engine.support.hierarchical.NodeTestTask.execute(NodeTestTask.java:95)
	at java.base/java.util.ArrayList.forEach(ArrayList.java:1597)
	at org.junit.platform.engine.support.hierarchical.SameThreadHierarchicalTestExecutorService.invokeAll(SameThreadHierarchicalTestExecutorService.java:41)
	at org.junit.platform.engine.support.hierarchical.NodeTestTask.lambda$executeRecursively$6(NodeTestTask.java:155)
	at org.junit.platform.engine.support.hierarchical.ThrowableCollector.execute(ThrowableCollector.java:73)
	at org.junit.platform.engine.support.hierarchical.NodeTestTask.lambda$executeRecursively$8(NodeTestTask.java:141)
	at org.junit.platform.engine.support.hierarchical.Node.around(Node.java:137)
	at org.junit.platform.engine.support.hierarchical.NodeTestTask.lambda$executeRecursively$9(NodeTestTask.java:139)
	at org.junit.platform.engine.support.hierarchical.ThrowableCollector.execute(ThrowableCollector.java:73)
	at org.junit.platform.engine.support.hierarchical.NodeTestTask.executeRecursively(NodeTestTask.java:138)
	at org.junit.platform.engine.support.hierarchical.NodeTestTask.execute(NodeTestTask.java:95)
	at org.junit.platform.engine.support.hierarchical.SameThreadHierarchicalTestExecutorService.submit(SameThreadHierarchicalTestExecutorService.java:35)
	at org.junit.platform.engine.support.hierarchical.HierarchicalTestExecutor.execute(HierarchicalTestExecutor.java:57)
	at org.junit.platform.engine.support.hierarchical.HierarchicalTestEngine.execute(HierarchicalTestEngine.java:54)
	at org.junit.platform.launcher.core.EngineExecutionOrchestrator.execute(EngineExecutionOrchestrator.java:198)
	at org.junit.platform.launcher.core.EngineExecutionOrchestrator.execute(EngineExecutionOrchestrator.java:169)
	at org.junit.platform.launcher.core.EngineExecutionOrchestrator.execute(EngineExecutionOrchestrator.java:93)
	at org.junit.platform.launcher.core.EngineExecutionOrchestrator.lambda$execute$0(EngineExecutionOrchestrator.java:58)
	at org.junit.platform.launcher.core.EngineExecutionOrchestrator.withInterceptedStreams(EngineExecutionOrchestrator.java:141)
	at org.junit.platform.launcher.core.EngineExecutionOrchestrator.execute(EngineExecutionOrchestrator.java:57)
	at org.junit.platform.launcher.core.DefaultLauncher.execute(DefaultLauncher.java:103)
	at org.junit.platform.launcher.core.DefaultLauncher.execute(DefaultLauncher.java:85)
	at org.junit.platform.launcher.core.DelegatingLauncher.execute(DelegatingLauncher.java:47)
	at org.apache.maven.surefire.junitplatform.LazyLauncher.execute(LazyLauncher.java:56)
	at org.apache.maven.surefire.junitplatform.JUnitPlatformProvider.execute(JUnitPlatformProvider.java:184)
	at org.apache.maven.surefire.junitplatform.JUnitPlatformProvider.invokeAllTests(JUnitPlatformProvider.java:148)
	at org.apache.maven.surefire.junitplatform.JUnitPlatformProvider.invoke(JUnitPlatformProvider.java:122)
	at org.apache.maven.surefire.booter.ForkedBooter.runSuitesInProcess(ForkedBooter.java:385)
	at org.apache.maven.surefire.booter.ForkedBooter.execute(ForkedBooter.java:162)
	at org.apache.maven.surefire.booter.ForkedBooter.run(ForkedBooter.java:507)
	at org.apache.maven.surefire.booter.ForkedBooter.main(ForkedBooter.java:495)

[ERRO] 2026-01-09 18:51:47.147 - Erro-65
  Exceção: java.lang.RuntimeException: Erro 65
java.lang.RuntimeException: Erro 65
	at testes.ErrorLoggerTest.testeLogNaoCresceIndefinidamente(ErrorLoggerTest.java:389)
	at java.base/jdk.internal.reflect.DirectMethodHandleAccessor.invoke(DirectMethodHandleAccessor.java:103)
	at java.base/java.lang.reflect.Method.invoke(Method.java:580)
	at org.junit.platform.commons.util.ReflectionUtils.invokeMethod(ReflectionUtils.java:728)
	at org.junit.jupiter.engine.execution.MethodInvocation.proceed(MethodInvocation.java:60)
	at org.junit.jupiter.engine.execution.InvocationInterceptorChain$ValidatingInvocation.proceed(InvocationInterceptorChain.java:131)
	at org.junit.jupiter.engine.extension.TimeoutExtension.intercept(TimeoutExtension.java:156)
	at org.junit.jupiter.engine.extension.TimeoutExtension.interceptTestableMethod(TimeoutExtension.java:147)
	at org.junit.jupiter.engine.extension.TimeoutExtension.interceptTestMethod(TimeoutExtension.java:86)
	at org.junit.jupiter.engine.execution.InterceptingExecutableInvoker$ReflectiveInterceptorCall.lambda$ofVoidMethod$0(InterceptingExecutableInvoker.java:103)
	at org.junit.jupiter.engine.execution.InterceptingExecutableInvoker.lambda$invoke$0(InterceptingExecutableInvoker.java:93)
	at org.junit.jupiter.engine.execution.InvocationInterceptorChain$InterceptedInvocation.proceed(InvocationInterceptorChain.java:106)
	at org.junit.jupiter.engine.execution.InvocationInterceptorChain.proceed(InvocationInterceptorChain.java:64)
	at org.junit.jupiter.engine.execution.InvocationInterceptorChain.chainAndInvoke(InvocationInterceptorChain.java:45)
	at org.junit.jupiter.engine.execution.InvocationInterceptorChain.invoke(InvocationInterceptorChain.java:37)
	at org.junit.jupiter.engine.execution.InterceptingExecutableInvoker.invoke(InterceptingExecutableInvoker.java:92)
	at org.junit.jupiter.engine.execution.InterceptingExecutableInvoker.invoke(InterceptingExecutableInvoker.java:86)
	at org.junit.jupiter.engine.descriptor.TestMethodTestDescriptor.lambda$invokeTestMethod$7(TestMethodTestDescriptor.java:218)
	at org.junit.platform.engine.support.hierarchical.ThrowableCollector.execute(ThrowableCollector.java:73)
	at org.junit.jupiter.engine.descriptor.TestMethodTestDescriptor.invokeTestMethod(TestMethodTestDescriptor.java:214)
	at org.junit.jupiter.engine.descriptor.TestMethodTestDescriptor.execute(TestMethodTestDescriptor.java:139)
	at org.junit.jupiter.engine.descriptor.TestMethodTestDescriptor.execute(TestMethodTestDescriptor.java:69)
	at org.junit.platform.engine.support.hierarchical.NodeTestTask.lambda$executeRecursively$6(NodeTestTask.java:151)
	at org.junit.platform.engine.support.hierarchical.ThrowableCollector.execute(ThrowableCollector.java:73)
	at org.junit.platform.engine.support.hierarchical.NodeTestTask.lambda$executeRecursively$8(NodeTestTask.java:141)
	at org.junit.platform.engine.support.hierarchical.Node.around(Node.java:137)
	at org.junit.platform.engine.support.hierarchical.NodeTestTask.lambda$executeRecursively$9(NodeTestTask.java:139)
	at org.junit.platform.engine.support.hierarchical.ThrowableCollector.execute(ThrowableCollector.java:73)
	at org.junit.platform.engine.support.hierarchical.NodeTestTask.executeRecursively(NodeTestTask.java:138)
	at org.junit.platform.engine.support.hierarchical.NodeTestTask.execute(NodeTestTask.java:95)
	at java.base/java.util.ArrayList.forEach(ArrayList.java:1597)
	at org.junit.platform.engine.support.hierarchical.SameThreadHierarchicalTestExecutorService.invokeAll(SameThreadHierarchicalTestExecutorService.java:41)
	at org.junit.platform.engine.support.hierarchical.NodeTestTask.lambda$executeRecursively$6(NodeTestTask.java:155)
	at org.junit.platform.engine.support.hierarchical.ThrowableCollector.execute(ThrowableCollector.java:73)
	at org.junit.platform.engine.support.hierarchical.NodeTestTask.lambda$executeRecursively$8(NodeTestTask.java:141)
	at org.junit.platform.engine.support.hierarchical.Node.around(Node.java:137)
	at org.junit.platform.engine.support.hierarchical.NodeTestTask.lambda$executeRecursively$9(NodeTestTask.java:139)
	at org.junit.platform.engine.support.hierarchical.ThrowableCollector.execute(ThrowableCollector.java:73)
	at org.junit.platform.engine.support.hierarchical.NodeTestTask.executeRecursively(NodeTestTask.java:138)
	at org.junit.platform.engine.support.hierarchical.NodeTestTask.execute(NodeTestTask.java:95)
	at java.base/java.util.ArrayList.forEach(ArrayList.java:1597)
	at org.junit.platform.engine.support.hierarchical.SameThreadHierarchicalTestExecutorService.invokeAll(SameThreadHierarchicalTestExecutorService.java:41)
	at org.junit.platform.engine.support.hierarchical.NodeTestTask.lambda$executeRecursively$6(NodeTestTask.java:155)
	at org.junit.platform.engine.support.hierarchical.ThrowableCollector.execute(ThrowableCollector.java:73)
	at org.junit.platform.engine.support.hierarchical.NodeTestTask.lambda$executeRecursively$8(NodeTestTask.java:141)
	at org.junit.platform.engine.support.hierarchical.Node.around(Node.java:137)
	at org.junit.platform.engine.support.hierarchical.NodeTestTask.lambda$executeRecursively$9(NodeTestTask.java:139)
	at org.junit.platform.engine.support.hierarchical.ThrowableCollector.execute(ThrowableCollector.java:73)
	at org.junit.platform.engine.support.hierarchical.NodeTestTask.executeRecursively(NodeTestTask.java:138)
	at org.junit.platform.engine.support.hierarchical.NodeTestTask.execute(NodeTestTask.java:95)
	at org.junit.platform.engine.support.hierarchical.SameThreadHierarchicalTestExecutorService.submit(SameThreadHierarchicalTestExecutorService.java:35)
	at org.junit.platform.engine.support.hierarchical.HierarchicalTestExecutor.execute(HierarchicalTestExecutor.java:57)
	at org.junit.platform.engine.support.hierarchical.HierarchicalTestEngine.execute(HierarchicalTestEngine.java:54)
	at org.junit.platform.launcher.core.EngineExecutionOrchestrator.execute(EngineExecutionOrchestrator.java:198)
	at org.junit.platform.launcher.core.EngineExecutionOrchestrator.execute(EngineExecutionOrchestrator.java:169)
	at org.junit.platform.launcher.core.EngineExecutionOrchestrator.execute(EngineExecutionOrchestrator.java:93)
	at org.junit.platform.launcher.core.EngineExecutionOrchestrator.lambda$execute$0(EngineExecutionOrchestrator.java:58)
	at org.junit.platform.launcher.core.EngineExecutionOrchestrator.withInterceptedStreams(EngineExecutionOrchestrator.java:141)
	at org.junit.platform.launcher.core.EngineExecutionOrchestrator.execute(EngineExecutionOrchestrator.java:57)
	at org.junit.platform.launcher.core.DefaultLauncher.execute(DefaultLauncher.java:103)
	at org.junit.platform.launcher.core.DefaultLauncher.execute(DefaultLauncher.java:85)
	at org.junit.platform.launcher.core.DelegatingLauncher.execute(DelegatingLauncher.java:47)
	at org.apache.maven.surefire.junitplatform.LazyLauncher.execute(LazyLauncher.java:56)
	at org.apache.maven.surefire.junitplatform.JUnitPlatformProvider.execute(JUnitPlatformProvider.java:184)
	at org.apache.maven.surefire.junitplatform.JUnitPlatformProvider.invokeAllTests(JUnitPlatformProvider.java:148)
	at org.apache.maven.surefire.junitplatform.JUnitPlatformProvider.invoke(JUnitPlatformProvider.java:122)
	at org.apache.maven.surefire.booter.ForkedBooter.runSuitesInProcess(ForkedBooter.java:385)
	at org.apache.maven.surefire.booter.ForkedBooter.execute(ForkedBooter.java:162)
	at org.apache.maven.surefire.booter.ForkedBooter.run(ForkedBooter.java:507)
	at org.apache.maven.surefire.booter.ForkedBooter.main(ForkedBooter.java:495)

[ERRO] 2026-01-09 18:51:47.148 - Erro-66
  Exceção: java.lang.RuntimeException: Erro 66
java.lang.RuntimeException: Erro 66
	at testes.ErrorLoggerTest.testeLogNaoCresceIndefinidamente(ErrorLoggerTest.java:389)
	at java.base/jdk.internal.reflect.DirectMethodHandleAccessor.invoke(DirectMethodHandleAccessor.java:103)
	at java.base/java.lang.reflect.Method.invoke(Method.java:580)
	at org.junit.platform.commons.util.ReflectionUtils.invokeMethod(ReflectionUtils.java:728)
	at org.junit.jupiter.engine.execution.MethodInvocation.proceed(MethodInvocation.java:60)
	at org.junit.jupiter.engine.execution.InvocationInterceptorChain$ValidatingInvocation.proceed(InvocationInterceptorChain.java:131)
	at org.junit.jupiter.engine.extension.TimeoutExtension.intercept(TimeoutExtension.java:156)
	at org.junit.jupiter.engine.extension.TimeoutExtension.interceptTestableMethod(TimeoutExtension.java:147)
	at org.junit.jupiter.engine.extension.TimeoutExtension.interceptTestMethod(TimeoutExtension.java:86)
	at org.junit.jupiter.engine.execution.InterceptingExecutableInvoker$ReflectiveInterceptorCall.lambda$ofVoidMethod$0(InterceptingExecutableInvoker.java:103)
	at org.junit.jupiter.engine.execution.InterceptingExecutableInvoker.lambda$invoke$0(InterceptingExecutableInvoker.java:93)
	at org.junit.jupiter.engine.execution.InvocationInterceptorChain$InterceptedInvocation.proceed(InvocationInterceptorChain.java:106)
	at org.junit.jupiter.engine.execution.InvocationInterceptorChain.proceed(InvocationInterceptorChain.java:64)
	at org.junit.jupiter.engine.execution.InvocationInterceptorChain.chainAndInvoke(InvocationInterceptorChain.java:45)
	at org.junit.jupiter.engine.execution.InvocationInterceptorChain.invoke(InvocationInterceptorChain.java:37)
	at org.junit.jupiter.engine.execution.InterceptingExecutableInvoker.invoke(InterceptingExecutableInvoker.java:92)
	at org.junit.jupiter.engine.execution.InterceptingExecutableInvoker.invoke(InterceptingExecutableInvoker.java:86)
	at org.junit.jupiter.engine.descriptor.TestMethodTestDescriptor.lambda$invokeTestMethod$7(TestMethodTestDescriptor.java:218)
	at org.junit.platform.engine.support.hierarchical.ThrowableCollector.execute(ThrowableCollector.java:73)
	at org.junit.jupiter.engine.descriptor.TestMethodTestDescriptor.invokeTestMethod(TestMethodTestDescriptor.java:214)
	at org.junit.jupiter.engine.descriptor.TestMethodTestDescriptor.execute(TestMethodTestDescriptor.java:139)
	at org.junit.jupiter.engine.descriptor.TestMethodTestDescriptor.execute(TestMethodTestDescriptor.java:69)
	at org.junit.platform.engine.support.hierarchical.NodeTestTask.lambda$executeRecursively$6(NodeTestTask.java:151)
	at org.junit.platform.engine.support.hierarchical.ThrowableCollector.execute(ThrowableCollector.java:73)
	at org.junit.platform.engine.support.hierarchical.NodeTestTask.lambda$executeRecursively$8(NodeTestTask.java:141)
	at org.junit.platform.engine.support.hierarchical.Node.around(Node.java:137)
	at org.junit.platform.engine.support.hierarchical.NodeTestTask.lambda$executeRecursively$9(NodeTestTask.java:139)
	at org.junit.platform.engine.support.hierarchical.ThrowableCollector.execute(ThrowableCollector.java:73)
	at org.junit.platform.engine.support.hierarchical.NodeTestTask.executeRecursively(NodeTestTask.java:138)
	at org.junit.platform.engine.support.hierarchical.NodeTestTask.execute(NodeTestTask.java:95)
	at java.base/java.util.ArrayList.forEach(ArrayList.java:1597)
	at org.junit.platform.engine.support.hierarchical.SameThreadHierarchicalTestExecutorService.invokeAll(SameThreadHierarchicalTestExecutorService.java:41)
	at org.junit.platform.engine.support.hierarchical.NodeTestTask.lambda$executeRecursively$6(NodeTestTask.java:155)
	at org.junit.platform.engine.support.hierarchical.ThrowableCollector.execute(ThrowableCollector.java:73)
	at org.junit.platform.engine.support.hierarchical.NodeTestTask.lambda$executeRecursively$8(NodeTestTask.java:141)
	at org.junit.platform.engine.support.hierarchical.Node.around(Node.java:137)
	at org.junit.platform.engine.support.hierarchical.NodeTestTask.lambda$executeRecursively$9(NodeTestTask.java:139)
	at org.junit.platform.engine.support.hierarchical.ThrowableCollector.execute(ThrowableCollector.java:73)
	at org.junit.platform.engine.support.hierarchical.NodeTestTask.executeRecursively(NodeTestTask.java:138)
	at org.junit.platform.engine.support.hierarchical.NodeTestTask.execute(NodeTestTask.java:95)
	at java.base/java.util.ArrayList.forEach(ArrayList.java:1597)
	at org.junit.platform.engine.support.hierarchical.SameThreadHierarchicalTestExecutorService.invokeAll(SameThreadHierarchicalTestExecutorService.java:41)
	at org.junit.platform.engine.support.hierarchical.NodeTestTask.lambda$executeRecursively$6(NodeTestTask.java:155)
	at org.junit.platform.engine.support.hierarchical.ThrowableCollector.execute(ThrowableCollector.java:73)
	at org.junit.platform.engine.support.hierarchical.NodeTestTask.lambda$executeRecursively$8(NodeTestTask.java:141)
	at org.junit.platform.engine.support.hierarchical.Node.around(Node.java:137)
	at org.junit.platform.engine.support.hierarchical.NodeTestTask.lambda$executeRecursively$9(NodeTestTask.java:139)
	at org.junit.platform.engine.support.hierarchical.ThrowableCollector.execute(ThrowableCollector.java:73)
	at org.junit.platform.engine.support.hierarchical.NodeTestTask.executeRecursively(NodeTestTask.java:138)
	at org.junit.platform.engine.support.hierarchical.NodeTestTask.execute(NodeTestTask.java:95)
	at org.junit.platform.engine.support.hierarchical.SameThreadHierarchicalTestExecutorService.submit(SameThreadHierarchicalTestExecutorService.java:35)
	at org.junit.platform.engine.support.hierarchical.HierarchicalTestExecutor.execute(HierarchicalTestExecutor.java:57)
	at org.junit.platform.engine.support.hierarchical.HierarchicalTestEngine.execute(HierarchicalTestEngine.java:54)
	at org.junit.platform.launcher.core.EngineExecutionOrchestrator.execute(EngineExecutionOrchestrator.java:198)
	at org.junit.platform.launcher.core.EngineExecutionOrchestrator.execute(EngineExecutionOrchestrator.java:169)
	at org.junit.platform.launcher.core.EngineExecutionOrchestrator.execute(EngineExecutionOrchestrator.java:93)
	at org.junit.platform.launcher.core.EngineExecutionOrchestrator.lambda$execute$0(EngineExecutionOrchestrator.java:58)
	at org.junit.platform.launcher.core.EngineExecutionOrchestrator.withInterceptedStreams(EngineExecutionOrchestrator.java:141)
	at org.junit.platform.launcher.core.EngineExecutionOrchestrator.execute(EngineExecutionOrchestrator.java:57)
	at org.junit.platform.launcher.core.DefaultLauncher.execute(DefaultLauncher.java:103)
	at org.junit.platform.launcher.core.DefaultLauncher.execute(DefaultLauncher.java:85)
	at org.junit.platform.launcher.core.DelegatingLauncher.execute(DelegatingLauncher.java:47)
	at org.apache.maven.surefire.junitplatform.LazyLauncher.execute(LazyLauncher.java:56)
	at org.apache.maven.surefire.junitplatform.JUnitPlatformProvider.execute(JUnitPlatformProvider.java:184)
	at org.apache.maven.surefire.junitplatform.JUnitPlatformProvider.invokeAllTests(JUnitPlatformProvider.java:148)
	at org.apache.maven.surefire.junitplatform.JUnitPlatformProvider.invoke(JUnitPlatformProvider.java:122)
	at org.apache.maven.surefire.booter.ForkedBooter.runSuitesInProcess(ForkedBooter.java:385)
	at org.apache.maven.surefire.booter.ForkedBooter.execute(ForkedBooter.java:162)
	at org.apache.maven.surefire.booter.ForkedBooter.run(ForkedBooter.java:507)
	at org.apache.maven.surefire.booter.ForkedBooter.main(ForkedBooter.java:495)

[ERRO] 2026-01-09 18:51:47.148 - Erro-67
  Exceção: java.lang.RuntimeException: Erro 67
java.lang.RuntimeException: Erro 67
	at testes.ErrorLoggerTest.testeLogNaoCresceIndefinidamente(ErrorLoggerTest.java:389)
	at java.base/jdk.internal.reflect.DirectMethodHandleAccessor.invoke(DirectMethodHandleAccessor.java:103)
	at java.base/java.lang.reflect.Method.invoke(Method.java:580)
	at org.junit.platform.commons.util.ReflectionUtils.invokeMethod(ReflectionUtils.java:728)
	at org.junit.jupiter.engine.execution.MethodInvocation.proceed(MethodInvocation.java:60)
	at org.junit.jupiter.engine.execution.InvocationInterceptorChain$ValidatingInvocation.proceed(InvocationInterceptorChain.java:131)
	at org.junit.jupiter.engine.extension.TimeoutExtension.intercept(TimeoutExtension.java:156)
	at org.junit.jupiter.engine.extension.TimeoutExtension.interceptTestableMethod(TimeoutExtension.java:147)
	at org.junit.jupiter.engine.extension.TimeoutExtension.interceptTestMethod(TimeoutExtension.java:86)
	at org.junit.jupiter.engine.execution.InterceptingExecutableInvoker$ReflectiveInterceptorCall.lambda$ofVoidMethod$0(InterceptingExecutableInvoker.java:103)
	at org.junit.jupiter.engine.execution.InterceptingExecutableInvoker.lambda$invoke$0(InterceptingExecutableInvoker.java:93)
	at org.junit.jupiter.engine.execution.InvocationInterceptorChain$InterceptedInvocation.proceed(InvocationInterceptorChain.java:106)
	at org.junit.jupiter.engine.execution.InvocationInterceptorChain.proceed(InvocationInterceptorChain.java:64)
	at org.junit.jupiter.engine.execution.InvocationInterceptorChain.chainAndInvoke(InvocationInterceptorChain.java:45)
	at org.junit.jupiter.engine.execution.InvocationInterceptorChain.invoke(InvocationInterceptorChain.java:37)
	at org.junit.jupiter.engine.execution.InterceptingExecutableInvoker.invoke(InterceptingExecutableInvoker.java:92)
	at org.junit.jupiter.engine.execution.InterceptingExecutableInvoker.invoke(InterceptingExecutableInvoker.java:86)
	at org.junit.jupiter.engine.descriptor.TestMethodTestDescriptor.lambda$invokeTestMethod$7(TestMethodTestDescriptor.java:218)
	at org.junit.platform.engine.support.hierarchical.ThrowableCollector.execute(ThrowableCollector.java:73)
	at org.junit.jupiter.engine.descriptor.TestMethodTestDescriptor.invokeTestMethod(TestMethodTestDescriptor.java:214)
	at org.junit.jupiter.engine.descriptor.TestMethodTestDescriptor.execute(TestMethodTestDescriptor.java:139)
	at org.junit.jupiter.engine.descriptor.TestMethodTestDescriptor.execute(TestMethodTestDescriptor.java:69)
	at org.junit.platform.engine.support.hierarchical.NodeTestTask.lambda$executeRecursively$6(NodeTestTask.java:151)
	at org.junit.platform.engine.support.hierarchical.ThrowableCollector.execute(ThrowableCollector.java:73)
	at org.junit.platform.engine.support.hierarchical.NodeTestTask.lambda$executeRecursively$8(NodeTestTask.java:141)
	at org.junit.platform.engine.support.hierarchical.Node.around(Node.java:137)
	at org.junit.platform.engine.support.hierarchical.NodeTestTask.lambda$executeRecursively$9(NodeTestTask.java:139)
	at org.junit.platform.engine.support.hierarchical.ThrowableCollector.execute(ThrowableCollector.java:73)
	at org.junit.platform.engine.support.hierarchical.NodeTestTask.executeRecursively(NodeTestTask.java:138)
	at org.junit.platform.engine.support.hierarchical.NodeTestTask.execute(NodeTestTask.java:95)
	at java.base/java.util.ArrayList.forEach(ArrayList.java:1597)
	at org.junit.platform.engine.support.hierarchical.SameThreadHierarchicalTestExecutorService.invokeAll(SameThreadHierarchicalTestExecutorService.java:41)
	at org.junit.platform.engine.support.hierarchical.NodeTestTask.lambda$executeRecursively$6(NodeTestTask.java:155)
	at org.junit.platform.engine.support.hierarchical.ThrowableCollector.execute(ThrowableCollector.java:73)
	at org.junit.platform.engine.support.hierarchical.NodeTestTask.lambda$executeRecursively$8(NodeTestTask.java:141)
	at org.junit.platform.engine.support.hierarchical.Node.around(Node.java:137)
	at org.junit.platform.engine.support.hierarchical.NodeTestTask.lambda$executeRecursively$9(NodeTestTask.java:139)
	at org.junit.platform.engine.support.hierarchical.ThrowableCollector.execute(ThrowableCollector.java:73)
	at org.junit.platform.engine.support.hierarchical.NodeTestTask.executeRecursively(NodeTestTask.java:138)
	at org.junit.platform.engine.support.hierarchical.NodeTestTask.execute(NodeTestTask.java:95)
	at java.base/java.util.ArrayList.forEach(ArrayList.java:1597)
	at org.junit.platform.engine.support.hierarchical.SameThreadHierarchicalTestExecutorService.invokeAll(SameThreadHierarchicalTestExecutorService.java:41)
	at org.junit.platform.engine.support.hierarchical.NodeTestTask.lambda$executeRecursively$6(NodeTestTask.java:155)
	at org.junit.platform.engine.support.hierarchical.ThrowableCollector.execute(ThrowableCollector.java:73)
	at org.junit.platform.engine.support.hierarchical.NodeTestTask.lambda$executeRecursively$8(NodeTestTask.java:141)
	at org.junit.platform.engine.support.hierarchical.Node.around(Node.java:137)
	at org.junit.platform.engine.support.hierarchical.NodeTestTask.lambda$executeRecursively$9(NodeTestTask.java:139)
	at org.junit.platform.engine.support.hierarchical.ThrowableCollector.execute(ThrowableCollector.java:73)
	at org.junit.platform.engine.support.hierarchical.NodeTestTask.executeRecursively(NodeTestTask.java:138)
	at org.junit.platform.engine.support.hierarchical.NodeTestTask.execute(NodeTestTask.java:95)
	at org.junit.platform.engine.support.hierarchical.SameThreadHierarchicalTestExecutorService.submit(SameThreadHierarchicalTestExecutorService.java:35)
	at org.junit.platform.engine.support.hierarchical.HierarchicalTestExecutor.execute(HierarchicalTestExecutor.java:57)
	at org.junit.platform.engine.support.hierarchical.HierarchicalTestEngine.execute(HierarchicalTestEngine.java:54)
	at org.junit.platform.launcher.core.EngineExecutionOrchestrator.execute(EngineExecutionOrchestrator.java:198)
	at org.junit.platform.launcher.core.EngineExecutionOrchestrator.execute(EngineExecutionOrchestrator.java:169)
	at org.junit.platform.launcher.core.EngineExecutionOrchestrator.execute(EngineExecutionOrchestrator.java:93)
	at org.junit.platform.launcher.core.EngineExecutionOrchestrator.lambda$execute$0(EngineExecutionOrchestrator.java:58)
	at org.junit.platform.launcher.core.EngineExecutionOrchestrator.withInterceptedStreams(EngineExecutionOrchestrator.java:141)
	at org.junit.platform.launcher.core.EngineExecutionOrchestrator.execute(EngineExecutionOrchestrator.java:57)
	at org.junit.platform.launcher.core.DefaultLauncher.execute(DefaultLauncher.java:103)
	at org.junit.platform.launcher.core.DefaultLauncher.execute(DefaultLauncher.java:85)
	at org.junit.platform.launcher.core.DelegatingLauncher.execute(DelegatingLauncher.java:47)
	at org.apache.maven.surefire.junitplatform.LazyLauncher.execute(LazyLauncher.java:56)
	at org.apache.maven.surefire.junitplatform.JUnitPlatformProvider.execute(JUnitPlatformProvider.java:184)
	at org.apache.maven.surefire.junitplatform.JUnitPlatformProvider.invokeAllTests(JUnitPlatformProvider.java:148)
	at org.apache.maven.surefire.junitplatform.JUnitPlatformProvider.invoke(JUnitPlatformProvider.java:122)
	at org.apache.maven.surefire.booter.ForkedBooter.runSuitesInProcess(ForkedBooter.java:385)
	at org.apache.maven.surefire.booter.ForkedBooter.execute(ForkedBooter.java:162)
	at org.apache.maven.surefire.booter.ForkedBooter.run(ForkedBooter.java:507)
	at org.apache.maven.surefire.booter.ForkedBooter.main(ForkedBooter.java:495)

[ERRO] 2026-01-09 18:51:47.149 - Erro-68
  Exceção: java.lang.RuntimeException: Erro 68
java.lang.RuntimeException: Erro 68
	at testes.ErrorLoggerTest.testeLogNaoCresceIndefinidamente(ErrorLoggerTest.java:389)
	at java.base/jdk.internal.reflect.DirectMethodHandleAccessor.invoke(DirectMethodHandleAccessor.java:103)
	at java.base/java.lang.reflect.Method.invoke(Method.java:580)
	at org.junit.platform.commons.util.ReflectionUtils.invokeMethod(ReflectionUtils.java:728)
	at org.junit.jupiter.engine.execution.MethodInvocation.proceed(MethodInvocation.java:60)
	at org.junit.jupiter.engine.execution.InvocationInterceptorChain$ValidatingInvocation.proceed(InvocationInterceptorChain.java:131)
	at org.junit.jupiter.engine.extension.TimeoutExtension.intercept(TimeoutExtension.java:156)
	at org.junit.jupiter.engine.extension.TimeoutExtension.interceptTestableMethod(TimeoutExtension.java:147)
	at org.junit.jupiter.engine.extension.TimeoutExtension.interceptTestMethod(TimeoutExtension.java:86)
	at org.junit.jupiter.engine.execution.InterceptingExecutableInvoker$ReflectiveInterceptorCall.lambda$ofVoidMethod$0(InterceptingExecutableInvoker.java:103)
	at org.junit.jupiter.engine.execution.InterceptingExecutableInvoker.lambda$invoke$0(InterceptingExecutableInvoker.java:93)
	at org.junit.jupiter.engine.execution.InvocationInterceptorChain$InterceptedInvocation.proceed(InvocationInterceptorChain.java:106)
	at org.junit.jupiter.engine.execution.InvocationInterceptorChain.proceed(InvocationInterceptorChain.java:64)
	at org.junit.jupiter.engine.execution.InvocationInterceptorChain.chainAndInvoke(InvocationInterceptorChain.java:45)
	at org.junit.jupiter.engine.execution.InvocationInterceptorChain.invoke(InvocationInterceptorChain.java:37)
	at org.junit.jupiter.engine.execution.InterceptingExecutableInvoker.invoke(InterceptingExecutableInvoker.java:92)
	at org.junit.jupiter.engine.execution.InterceptingExecutableInvoker.invoke(InterceptingExecutableInvoker.java:86)
	at org.junit.jupiter.engine.descriptor.TestMethodTestDescriptor.lambda$invokeTestMethod$7(TestMethodTestDescriptor.java:218)
	at org.junit.platform.engine.support.hierarchical.ThrowableCollector.execute(ThrowableCollector.java:73)
	at org.junit.jupiter.engine.descriptor.TestMethodTestDescriptor.invokeTestMethod(TestMethodTestDescriptor.java:214)
	at org.junit.jupiter.engine.descriptor.TestMethodTestDescriptor.execute(TestMethodTestDescriptor.java:139)
	at org.junit.jupiter.engine.descriptor.TestMethodTestDescriptor.execute(TestMethodTestDescriptor.java:69)
	at org.junit.platform.engine.support.hierarchical.NodeTestTask.lambda$executeRecursively$6(NodeTestTask.java:151)
	at org.junit.platform.engine.support.hierarchical.ThrowableCollector.execute(ThrowableCollector.java:73)
	at org.junit.platform.engine.support.hierarchical.NodeTestTask.lambda$executeRecursively$8(NodeTestTask.java:141)
	at org.junit.platform.engine.support.hierarchical.Node.around(Node.java:137)
	at org.junit.platform.engine.support.hierarchical.NodeTestTask.lambda$executeRecursively$9(NodeTestTask.java:139)
	at org.junit.platform.engine.support.hierarchical.ThrowableCollector.execute(ThrowableCollector.java:73)
	at org.junit.platform.engine.support.hierarchical.NodeTestTask.executeRecursively(NodeTestTask.java:138)
	at org.junit.platform.engine.support.hierarchical.NodeTestTask.execute(NodeTestTask.java:95)
	at java.base/java.util.ArrayList.forEach(ArrayList.java:1597)
	at org.junit.platform.engine.support.hierarchical.SameThreadHierarchicalTestExecutorService.invokeAll(SameThreadHierarchicalTestExecutorService.java:41)
	at org.junit.platform.engine.support.hierarchical.NodeTestTask.lambda$executeRecursively$6(NodeTestTask.java:155)
	at org.junit.platform.engine.support.hierarchical.ThrowableCollector.execute(ThrowableCollector.java:73)
	at org.junit.platform.engine.support.hierarchical.NodeTestTask.lambda$executeRecursively$8(NodeTestTask.java:141)
	at org.junit.platform.engine.support.hierarchical.Node.around(Node.java:137)
	at org.junit.platform.engine.support.hierarchical.NodeTestTask.lambda$executeRecursively$9(NodeTestTask.java:139)
	at org.junit.platform.engine.support.hierarchical.ThrowableCollector.execute(ThrowableCollector.java:73)
	at org.junit.platform.engine.support.hierarchical.NodeTestTask.executeRecursively(NodeTestTask.java:138)
	at org.junit.platform.engine.support.hierarchical.NodeTestTask.execute(NodeTestTask.java:95)
	at java.base/java.util.ArrayList.forEach(ArrayList.java:1597)
	at org.junit.platform.engine.support.hierarchical.SameThreadHierarchicalTestExecutorService.invokeAll(SameThreadHierarchicalTestExecutorService.java:41)
	at org.junit.platform.engine.support.hierarchical.NodeTestTask.lambda$executeRecursively$6(NodeTestTask.java:155)
	at org.junit.platform.engine.support.hierarchical.ThrowableCollector.execute(ThrowableCollector.java:73)
	at org.junit.platform.engine.support.hierarchical.NodeTestTask.lambda$executeRecursively$8(NodeTestTask.java:141)
	at org.junit.platform.engine.support.hierarchical.Node.around(Node.java:137)
	at org.junit.platform.engine.support.hierarchical.NodeTestTask.lambda$executeRecursively$9(NodeTestTask.java:139)
	at org.junit.platform.engine.support.hierarchical.ThrowableCollector.execute(ThrowableCollector.java:73)
	at org.junit.platform.engine.support.hierarchical.NodeTestTask.executeRecursively(NodeTestTask.java:138)
	at org.junit.platform.engine.support.hierarchical.NodeTestTask.execute(NodeTestTask.java:95)
	at org.junit.platform.engine.support.hierarchical.SameThreadHierarchicalTestExecutorService.submit(SameThreadHierarchicalTestExecutorService.java:35)
	at org.junit.platform.engine.support.hierarchical.HierarchicalTestExecutor.execute(HierarchicalTestExecutor.java:57)
	at org.junit.platform.engine.support.hierarchical.HierarchicalTestEngine.execute(HierarchicalTestEngine.java:54)
	at org.junit.platform.launcher.core.EngineExecutionOrchestrator.execute(EngineExecutionOrchestrator.java:198)
	at org.junit.platform.launcher.core.EngineExecutionOrchestrator.execute(EngineExecutionOrchestrator.java:169)
	at org.junit.platform.launcher.core.EngineExecutionOrchestrator.execute(EngineExecutionOrchestrator.java:93)
	at org.junit.platform.launcher.core.EngineExecutionOrchestrator.lambda$execute$0(EngineExecutionOrchestrator.java:58)
	at org.junit.platform.launcher.core.EngineExecutionOrchestrator.withInterceptedStreams(EngineExecutionOrchestrator.java:141)
	at org.junit.platform.launcher.core.EngineExecutionOrchestrator.execute(EngineExecutionOrchestrator.java:57)
	at org.junit.platform.launcher.core.DefaultLauncher.execute(DefaultLauncher.java:103)
	at org.junit.platform.launcher.core.DefaultLauncher.execute(DefaultLauncher.java:85)
	at org.junit.platform.launcher.core.DelegatingLauncher.execute(DelegatingLauncher.java:47)
	at org.apache.maven.surefire.junitplatform.LazyLauncher.execute(LazyLauncher.java:56)
	at org.apache.maven.surefire.junitplatform.JUnitPlatformProvider.execute(JUnitPlatformProvider.java:184)
	at org.apache.maven.surefire.junitplatform.JUnitPlatformProvider.invokeAllTests(JUnitPlatformProvider.java:148)
	at org.apache.maven.surefire.junitplatform.JUnitPlatformProvider.invoke(JUnitPlatformProvider.java:122)
	at org.apache.maven.surefire.booter.ForkedBooter.runSuitesInProcess(ForkedBooter.java:385)
	at org.apache.maven.surefire.booter.ForkedBooter.execute(ForkedBooter.java:162)
	at org.apache.maven.surefire.booter.ForkedBooter.run(ForkedBooter.java:507)
	at org.apache.maven.surefire.booter.ForkedBooter.main(ForkedBooter.java:495)

[ERRO] 2026-01-09 18:51:47.149 - Erro-69
  Exceção: java.lang.RuntimeException: Erro 69
java.lang.RuntimeException: Erro 69
	at testes.ErrorLoggerTest.testeLogNaoCresceIndefinidamente(ErrorLoggerTest.java:389)
	at java.base/jdk.internal.reflect.DirectMethodHandleAccessor.invoke(DirectMethodHandleAccessor.java:103)
	at java.base/java.lang.reflect.Method.invoke(Method.java:580)
	at org.junit.platform.commons.util.ReflectionUtils.invokeMethod(ReflectionUtils.java:728)
	at org.junit.jupiter.engine.execution.MethodInvocation.proceed(MethodInvocation.java:60)
	at org.junit.jupiter.engine.execution.InvocationInterceptorChain$ValidatingInvocation.proceed(InvocationInterceptorChain.java:131)
	at org.junit.jupiter.engine.extension.TimeoutExtension.intercept(TimeoutExtension.java:156)
	at org.junit.jupiter.engine.extension.TimeoutExtension.interceptTestableMethod(TimeoutExtension.java:147)
	at org.junit.jupiter.engine.extension.TimeoutExtension.interceptTestMethod(TimeoutExtension.java:86)
	at org.junit.jupiter.engine.execution.InterceptingExecutableInvoker$ReflectiveInterceptorCall.lambda$ofVoidMethod$0(InterceptingExecutableInvoker.java:103)
	at org.junit.jupiter.engine.execution.InterceptingExecutableInvoker.lambda$invoke$0(InterceptingExecutableInvoker.java:93)
	at org.junit.jupiter.engine.execution.InvocationInterceptorChain$InterceptedInvocation.proceed(InvocationInterceptorChain.java:106)
	at org.junit.jupiter.engine.execution.InvocationInterceptorChain.proceed(InvocationInterceptorChain.java:64)
	at org.junit.jupiter.engine.execution.InvocationInterceptorChain.chainAndInvoke(InvocationInterceptorChain.java:45)
	at org.junit.jupiter.engine.execution.InvocationInterceptorChain.invoke(InvocationInterceptorChain.java:37)
	at org.junit.jupiter.engine.execution.InterceptingExecutableInvoker.invoke(InterceptingExecutableInvoker.java:92)
	at org.junit.jupiter.engine.execution.InterceptingExecutableInvoker.invoke(InterceptingExecutableInvoker.java:86)
	at org.junit.jupiter.engine.descriptor.TestMethodTestDescriptor.lambda$invokeTestMethod$7(TestMethodTestDescriptor.java:218)
	at org.junit.platform.engine.support.hierarchical.ThrowableCollector.execute(ThrowableCollector.java:73)
	at org.junit.jupiter.engine.descriptor.TestMethodTestDescriptor.invokeTestMethod(TestMethodTestDescriptor.java:214)
	at org.junit.jupiter.engine.descriptor.TestMethodTestDescriptor.execute(TestMethodTestDescriptor.java:139)
	at org.junit.jupiter.engine.descriptor.TestMethodTestDescriptor.execute(TestMethodTestDescriptor.java:69)
	at org.junit.platform.engine.support.hierarchical.NodeTestTask.lambda$executeRecursively$6(NodeTestTask.java:151)
	at org.junit.platform.engine.support.hierarchical.ThrowableCollector.execute(ThrowableCollector.java:73)
	at org.junit.platform.engine.support.hierarchical.NodeTestTask.lambda$executeRecursively$8(NodeTestTask.java:141)
	at org.junit.platform.engine.support.hierarchical.Node.around(Node.java:137)
	at org.junit.platform.engine.support.hierarchical.NodeTestTask.lambda$executeRecursively$9(NodeTestTask.java:139)
	at org.junit.platform.engine.support.hierarchical.ThrowableCollector.execute(ThrowableCollector.java:73)
	at org.junit.platform.engine.support.hierarchical.NodeTestTask.executeRecursively(NodeTestTask.java:138)
	at org.junit.platform.engine.support.hierarchical.NodeTestTask.execute(NodeTestTask.java:95)
	at java.base/java.util.ArrayList.forEach(ArrayList.java:1597)
	at org.junit.platform.engine.support.hierarchical.SameThreadHierarchicalTestExecutorService.invokeAll(SameThreadHierarchicalTestExecutorService.java:41)
	at org.junit.platform.engine.support.hierarchical.NodeTestTask.lambda$executeRecursively$6(NodeTestTask.java:155)
	at org.junit.platform.engine.support.hierarchical.ThrowableCollector.execute(ThrowableCollector.java:73)
	at org.junit.platform.engine.support.hierarchical.NodeTestTask.lambda$executeRecursively$8(NodeTestTask.java:141)
	at org.junit.platform.engine.support.hierarchical.Node.around(Node.java:137)
	at org.junit.platform.engine.support.hierarchical.NodeTestTask.lambda$executeRecursively$9(NodeTestTask.java:139)
	at org.junit.platform.engine.support.hierarchical.ThrowableCollector.execute(ThrowableCollector.java:73)
	at org.junit.platform.engine.support.hierarchical.NodeTestTask.executeRecursively(NodeTestTask.java:138)
	at org.junit.platform.engine.support.hierarchical.NodeTestTask.execute(NodeTestTask.java:95)
	at java.base/java.util.ArrayList.forEach(ArrayList.java:1597)
	at org.junit.platform.engine.support.hierarchical.SameThreadHierarchicalTestExecutorService.invokeAll(SameThreadHierarchicalTestExecutorService.java:41)
	at org.junit.platform.engine.support.hierarchical.NodeTestTask.lambda$executeRecursively$6(NodeTestTask.java:155)
	at org.junit.platform.engine.support.hierarchical.ThrowableCollector.execute(ThrowableCollector.java:73)
	at org.junit.platform.engine.support.hierarchical.NodeTestTask.lambda$executeRecursively$8(NodeTestTask.java:141)
	at org.junit.platform.engine.support.hierarchical.Node.around(Node.java:137)
	at org.junit.platform.engine.support.hierarchical.NodeTestTask.lambda$executeRecursively$9(NodeTestTask.java:139)
	at org.junit.platform.engine.support.hierarchical.ThrowableCollector.execute(ThrowableCollector.java:73)
	at org.junit.platform.engine.support.hierarchical.NodeTestTask.executeRecursively(NodeTestTask.java:138)
	at org.junit.platform.engine.support.hierarchical.NodeTestTask.execute(NodeTestTask.java:95)
	at org.junit.platform.engine.support.hierarchical.SameThreadHierarchicalTestExecutorService.submit(SameThreadHierarchicalTestExecutorService.java:35)
	at org.junit.platform.engine.support.hierarchical.HierarchicalTestExecutor.execute(HierarchicalTestExecutor.java:57)
	at org.junit.platform.engine.support.hierarchical.HierarchicalTestEngine.execute(HierarchicalTestEngine.java:54)
	at org.junit.platform.launcher.core.EngineExecutionOrchestrator.execute(EngineExecutionOrchestrator.java:198)
	at org.junit.platform.launcher.core.EngineExecutionOrchestrator.execute(EngineExecutionOrchestrator.java:169)
	at org.junit.platform.launcher.core.EngineExecutionOrchestrator.execute(EngineExecutionOrchestrator.java:93)
	at org.junit.platform.launcher.core.EngineExecutionOrchestrator.lambda$execute$0(EngineExecutionOrchestrator.java:58)
	at org.junit.platform.launcher.core.EngineExecutionOrchestrator.withInterceptedStreams(EngineExecutionOrchestrator.java:141)
	at org.junit.platform.launcher.core.EngineExecutionOrchestrator.execute(EngineExecutionOrchestrator.java:57)
	at org.junit.platform.launcher.core.DefaultLauncher.execute(DefaultLauncher.java:103)
	at org.junit.platform.launcher.core.DefaultLauncher.execute(DefaultLauncher.java:85)
	at org.junit.platform.launcher.core.DelegatingLauncher.execute(DelegatingLauncher.java:47)
	at org.apache.maven.surefire.junitplatform.LazyLauncher.execute(LazyLauncher.java:56)
	at org.apache.maven.surefire.junitplatform.JUnitPlatformProvider.execute(JUnitPlatformProvider.java:184)
	at org.apache.maven.surefire.junitplatform.JUnitPlatformProvider.invokeAllTests(JUnitPlatformProvider.java:148)
	at org.apache.maven.surefire.junitplatform.JUnitPlatformProvider.invoke(JUnitPlatformProvider.java:122)
	at org.apache.maven.surefire.booter.ForkedBooter.runSuitesInProcess(ForkedBooter.java:385)
	at org.apache.maven.surefire.booter.ForkedBooter.execute(ForkedBooter.java:162)
	at org.apache.maven.surefire.booter.ForkedBooter.run(ForkedBooter.java:507)
	at org.apache.maven.surefire.booter.ForkedBooter.main(ForkedBooter.java:495)

[ERRO] 2026-01-09 18:51:47.149 - Erro-70
  Exceção: java.lang.RuntimeException: Erro 70
java.lang.RuntimeException: Erro 70
	at testes.ErrorLoggerTest.testeLogNaoCresceIndefinidamente(ErrorLoggerTest.java:389)
	at java.base/jdk.internal.reflect.DirectMethodHandleAccessor.invoke(DirectMethodHandleAccessor.java:103)
	at java.base/java.lang.reflect.Method.invoke(Method.java:580)
	at org.junit.platform.commons.util.ReflectionUtils.invokeMethod(ReflectionUtils.java:728)
	at org.junit.jupiter.engine.execution.MethodInvocation.proceed(MethodInvocation.java:60)
	at org.junit.jupiter.engine.execution.InvocationInterceptorChain$ValidatingInvocation.proceed(InvocationInterceptorChain.java:131)
	at org.junit.jupiter.engine.extension.TimeoutExtension.intercept(TimeoutExtension.java:156)
	at org.junit.jupiter.engine.extension.TimeoutExtension.interceptTestableMethod(TimeoutExtension.java:147)
	at org.junit.jupiter.engine.extension.TimeoutExtension.interceptTestMethod(TimeoutExtension.java:86)
	at org.junit.jupiter.engine.execution.InterceptingExecutableInvoker$ReflectiveInterceptorCall.lambda$ofVoidMethod$0(InterceptingExecutableInvoker.java:103)
	at org.junit.jupiter.engine.execution.InterceptingExecutableInvoker.lambda$invoke$0(InterceptingExecutableInvoker.java:93)
	at org.junit.jupiter.engine.execution.InvocationInterceptorChain$InterceptedInvocation.proceed(InvocationInterceptorChain.java:106)
	at org.junit.jupiter.engine.execution.InvocationInterceptorChain.proceed(InvocationInterceptorChain.java:64)
	at org.junit.jupiter.engine.execution.InvocationInterceptorChain.chainAndInvoke(InvocationInterceptorChain.java:45)
	at org.junit.jupiter.engine.execution.InvocationInterceptorChain.invoke(InvocationInterceptorChain.java:37)
	at org.junit.jupiter.engine.execution.InterceptingExecutableInvoker.invoke(InterceptingExecutableInvoker.java:92)
	at org.junit.jupiter.engine.execution.InterceptingExecutableInvoker.invoke(InterceptingExecutableInvoker.java:86)
	at org.junit.jupiter.engine.descriptor.TestMethodTestDescriptor.lambda$invokeTestMethod$7(TestMethodTestDescriptor.java:218)
	at org.junit.platform.engine.support.hierarchical.ThrowableCollector.execute(ThrowableCollector.java:73)
	at org.junit.jupiter.engine.descriptor.TestMethodTestDescriptor.invokeTestMethod(TestMethodTestDescriptor.java:214)
	at org.junit.jupiter.engine.descriptor.TestMethodTestDescriptor.execute(TestMethodTestDescriptor.java:139)
	at org.junit.jupiter.engine.descriptor.TestMethodTestDescriptor.execute(TestMethodTestDescriptor.java:69)
	at org.junit.platform.engine.support.hierarchical.NodeTestTask.lambda$executeRecursively$6(NodeTestTask.java:151)
	at org.junit.platform.engine.support.hierarchical.ThrowableCollector.execute(ThrowableCollector.java:73)
	at org.junit.platform.engine.support.hierarchical.NodeTestTask.lambda$executeRecursively$8(NodeTestTask.java:141)
	at org.junit.platform.engine.support.hierarchical.Node.around(Node.java:137)
	at org.junit.platform.engine.support.hierarchical.NodeTestTask.lambda$executeRecursively$9(NodeTestTask.java:139)
	at org.junit.platform.engine.support.hierarchical.ThrowableCollector.execute(ThrowableCollector.java:73)
	at org.junit.platform.engine.support.hierarchical.NodeTestTask.executeRecursively(NodeTestTask.java:138)
	at org.junit.platform.engine.support.hierarchical.NodeTestTask.execute(NodeTestTask.java:95)
	at java.base/java.util.ArrayList.forEach(ArrayList.java:1597)
	at org.junit.platform.engine.support.hierarchical.SameThreadHierarchicalTestExecutorService.invokeAll(SameThreadHierarchicalTestExecutorService.java:41)
	at org.junit.platform.engine.support.hierarchical.NodeTestTask.lambda$executeRecursively$6(NodeTestTask.java:155)
	at org.junit.platform.engine.support.hierarchical.ThrowableCollector.execute(ThrowableCollector.java:73)
	at org.junit.platform.engine.support.hierarchical.NodeTestTask.lambda$executeRecursively$8(NodeTestTask.java:141)
	at org.junit.platform.engine.support.hierarchical.Node.around(Node.java:137)
	at org.junit.platform.engine.support.hierarchical.NodeTestTask.lambda$executeRecursively$9(NodeTestTask.java:139)
	at org.junit.platform.engine.support.hierarchical.ThrowableCollector.execute(ThrowableCollector.java:73)
	at org.junit.platform.engine.support.hierarchical.NodeTestTask.executeRecursively(NodeTestTask.java:138)
	at org.junit.platform.engine.support.hierarchical.NodeTestTask.execute(NodeTestTask.java:95)
	at java.base/java.util.ArrayList.forEach(ArrayList.java:1597)
	at org.junit.platform.engine.support.hierarchical.SameThreadHierarchicalTestExecutorService.invokeAll(SameThreadHierarchicalTestExecutorService.java:41)
	at org.junit.platform.engine.support.hierarchical.NodeTestTask.lambda$executeRecursively$6(NodeTestTask.java:155)
	at org.junit.platform.engine.support.hierarchical.ThrowableCollector.execute(ThrowableCollector.java:73)
	at org.junit.platform.engine.support.hierarchical.NodeTestTask.lambda$executeRecursively$8(NodeTestTask.java:141)
	at org.junit.platform.engine.support.hierarchical.Node.around(Node.java:137)
	at org.junit.platform.engine.support.hierarchical.NodeTestTask.lambda$executeRecursively$9(NodeTestTask.java:139)
	at org.junit.platform.engine.support.hierarchical.ThrowableCollector.execute(ThrowableCollector.java:73)
	at org.junit.platform.engine.support.hierarchical.NodeTestTask.executeRecursively(NodeTestTask.java:138)
	at org.junit.platform.engine.support.hierarchical.NodeTestTask.execute(NodeTestTask.java:95)
	at org.junit.platform.engine.support.hierarchical.SameThreadHierarchicalTestExecutorService.submit(SameThreadHierarchicalTestExecutorService.java:35)
	at org.junit.platform.engine.support.hierarchical.HierarchicalTestExecutor.execute(HierarchicalTestExecutor.java:57)
	at org.junit.platform.engine.support.hierarchical.HierarchicalTestEngine.execute(HierarchicalTestEngine.java:54)
	at org.junit.platform.launcher.core.EngineExecutionOrchestrator.execute(EngineExecutionOrchestrator.java:198)
	at org.junit.platform.launcher.core.EngineExecutionOrchestrator.execute(EngineExecutionOrchestrator.java:169)
	at org.junit.platform.launcher.core.EngineExecutionOrchestrator.execute(EngineExecutionOrchestrator.java:93)
	at org.junit.platform.launcher.core.EngineExecutionOrchestrator.lambda$execute$0(EngineExecutionOrchestrator.java:58)
	at org.junit.platform.launcher.core.EngineExecutionOrchestrator.withInterceptedStreams(EngineExecutionOrchestrator.java:141)
	at org.junit.platform.launcher.core.EngineExecutionOrchestrator.execute(EngineExecutionOrchestrator.java:57)
	at org.junit.platform.launcher.core.DefaultLauncher.execute(DefaultLauncher.java:103)
	at org.junit.platform.launcher.core.DefaultLauncher.execute(DefaultLauncher.java:85)
	at org.junit.platform.launcher.core.DelegatingLauncher.execute(DelegatingLauncher.java:47)
	at org.apache.maven.surefire.junitplatform.LazyLauncher.execute(LazyLauncher.java:56)
	at org.apache.maven.surefire.junitplatform.JUnitPlatformProvider.execute(JUnitPlatformProvider.java:184)
	at org.apache.maven.surefire.junitplatform.JUnitPlatformProvider.invokeAllTests(JUnitPlatformProvider.java:148)
	at org.apache.maven.surefire.junitplatform.JUnitPlatformProvider.invoke(JUnitPlatformProvider.java:122)
	at org.apache.maven.surefire.booter.ForkedBooter.runSuitesInProcess(ForkedBooter.java:385)
	at org.apache.maven.surefire.booter.ForkedBooter.execute(ForkedBooter.java:162)
	at org.apache.maven.surefire.booter.ForkedBooter.run(ForkedBooter.java:507)
	at org.apache.maven.surefire.booter.ForkedBooter.main(ForkedBooter.java:495)

[ERRO] 2026-01-09 18:51:47.150 - Erro-71
  Exceção: java.lang.RuntimeException: Erro 71
java.lang.RuntimeException: Erro 71
	at testes.ErrorLoggerTest.testeLogNaoCresceIndefinidamente(ErrorLoggerTest.java:389)
	at java.base/jdk.internal.reflect.DirectMethodHandleAccessor.invoke(DirectMethodHandleAccessor.java:103)
	at java.base/java.lang.reflect.Method.invoke(Method.java:580)
	at org.junit.platform.commons.util.ReflectionUtils.invokeMethod(ReflectionUtils.java:728)
	at org.junit.jupiter.engine.execution.MethodInvocation.proceed(MethodInvocation.java:60)
	at org.junit.jupiter.engine.execution.InvocationInterceptorChain$ValidatingInvocation.proceed(InvocationInterceptorChain.java:131)
	at org.junit.jupiter.engine.extension.TimeoutExtension.intercept(TimeoutExtension.java:156)
	at org.junit.jupiter.engine.extension.TimeoutExtension.interceptTestableMethod(TimeoutExtension.java:147)
	at org.junit.jupiter.engine.extension.TimeoutExtension.interceptTestMethod(TimeoutExtension.java:86)
	at org.junit.jupiter.engine.execution.InterceptingExecutableInvoker$ReflectiveInterceptorCall.lambda$ofVoidMethod$0(InterceptingExecutableInvoker.java:103)
	at org.junit.jupiter.engine.execution.InterceptingExecutableInvoker.lambda$invoke$0(InterceptingExecutableInvoker.java:93)
	at org.junit.jupiter.engine.execution.InvocationInterceptorChain$InterceptedInvocation.proceed(InvocationInterceptorChain.java:106)
	at org.junit.jupiter.engine.execution.InvocationInterceptorChain.proceed(InvocationInterceptorChain.java:64)
	at org.junit.jupiter.engine.execution.InvocationInterceptorChain.chainAndInvoke(InvocationInterceptorChain.java:45)
	at org.junit.jupiter.engine.execution.InvocationInterceptorChain.invoke(InvocationInterceptorChain.java:37)
	at org.junit.jupiter.engine.execution.InterceptingExecutableInvoker.invoke(InterceptingExecutableInvoker.java:92)
	at org.junit.jupiter.engine.execution.InterceptingExecutableInvoker.invoke(InterceptingExecutableInvoker.java:86)
	at org.junit.jupiter.engine.descriptor.TestMethodTestDescriptor.lambda$invokeTestMethod$7(TestMethodTestDescriptor.java:218)
	at org.junit.platform.engine.support.hierarchical.ThrowableCollector.execute(ThrowableCollector.java:73)
	at org.junit.jupiter.engine.descriptor.TestMethodTestDescriptor.invokeTestMethod(TestMethodTestDescriptor.java:214)
	at org.junit.jupiter.engine.descriptor.TestMethodTestDescriptor.execute(TestMethodTestDescriptor.java:139)
	at org.junit.jupiter.engine.descriptor.TestMethodTestDescriptor.execute(TestMethodTestDescriptor.java:69)
	at org.junit.platform.engine.support.hierarchical.NodeTestTask.lambda$executeRecursively$6(NodeTestTask.java:151)
	at org.junit.platform.engine.support.hierarchical.ThrowableCollector.execute(ThrowableCollector.java:73)
	at org.junit.platform.engine.support.hierarchical.NodeTestTask.lambda$executeRecursively$8(NodeTestTask.java:141)
	at org.junit.platform.engine.support.hierarchical.Node.around(Node.java:137)
	at org.junit.platform.engine.support.hierarchical.NodeTestTask.lambda$executeRecursively$9(NodeTestTask.java:139)
	at org.junit.platform.engine.support.hierarchical.ThrowableCollector.execute(ThrowableCollector.java:73)
	at org.junit.platform.engine.support.hierarchical.NodeTestTask.executeRecursively(NodeTestTask.java:138)
	at org.junit.platform.engine.support.hierarchical.NodeTestTask.execute(NodeTestTask.java:95)
	at java.base/java.util.ArrayList.forEach(ArrayList.java:1597)
	at org.junit.platform.engine.support.hierarchical.SameThreadHierarchicalTestExecutorService.invokeAll(SameThreadHierarchicalTestExecutorService.java:41)
	at org.junit.platform.engine.support.hierarchical.NodeTestTask.lambda$executeRecursively$6(NodeTestTask.java:155)
	at org.junit.platform.engine.support.hierarchical.ThrowableCollector.execute(ThrowableCollector.java:73)
	at org.junit.platform.engine.support.hierarchical.NodeTestTask.lambda$executeRecursively$8(NodeTestTask.java:141)
	at org.junit.platform.engine.support.hierarchical.Node.around(Node.java:137)
	at org.junit.platform.engine.support.hierarchical.NodeTestTask.lambda$executeRecursively$9(NodeTestTask.java:139)
	at org.junit.platform.engine.support.hierarchical.ThrowableCollector.execute(ThrowableCollector.java:73)
	at org.junit.platform.engine.support.hierarchical.NodeTestTask.executeRecursively(NodeTestTask.java:138)
	at org.junit.platform.engine.support.hierarchical.NodeTestTask.execute(NodeTestTask.java:95)
	at java.base/java.util.ArrayList.forEach(ArrayList.java:1597)
	at org.junit.platform.engine.support.hierarchical.SameThreadHierarchicalTestExecutorService.invokeAll(SameThreadHierarchicalTestExecutorService.java:41)
	at org.junit.platform.engine.support.hierarchical.NodeTestTask.lambda$executeRecursively$6(NodeTestTask.java:155)
	at org.junit.platform.engine.support.hierarchical.ThrowableCollector.execute(ThrowableCollector.java:73)
	at org.junit.platform.engine.support.hierarchical.NodeTestTask.lambda$executeRecursively$8(NodeTestTask.java:141)
	at org.junit.platform.engine.support.hierarchical.Node.around(Node.java:137)
	at org.junit.platform.engine.support.hierarchical.NodeTestTask.lambda$executeRecursively$9(NodeTestTask.java:139)
	at org.junit.platform.engine.support.hierarchical.ThrowableCollector.execute(ThrowableCollector.java:73)
	at org.junit.platform.engine.support.hierarchical.NodeTestTask.executeRecursively(NodeTestTask.java:138)
	at org.junit.platform.engine.support.hierarchical.NodeTestTask.execute(NodeTestTask.java:95)
	at org.junit.platform.engine.support.hierarchical.SameThreadHierarchicalTestExecutorService.submit(SameThreadHierarchicalTestExecutorService.java:35)
	at org.junit.platform.engine.support.hierarchical.HierarchicalTestExecutor.execute(HierarchicalTestExecutor.java:57)
	at org.junit.platform.engine.support.hierarchical.HierarchicalTestEngine.execute(HierarchicalTestEngine.java:54)
	at org.junit.platform.launcher.core.EngineExecutionOrchestrator.execute(EngineExecutionOrchestrator.java:198)
	at org.junit.platform.launcher.core.EngineExecutionOrchestrator.execute(EngineExecutionOrchestrator.java:169)
	at org.junit.platform.launcher.core.EngineExecutionOrchestrator.execute(EngineExecutionOrchestrator.java:93)
	at org.junit.platform.launcher.core.EngineExecutionOrchestrator.lambda$execute$0(EngineExecutionOrchestrator.java:58)
	at org.junit.platform.launcher.core.EngineExecutionOrchestrator.withInterceptedStreams(EngineExecutionOrchestrator.java:141)
	at org.junit.platform.launcher.core.EngineExecutionOrchestrator.execute(EngineExecutionOrchestrator.java:57)
	at org.junit.platform.launcher.core.DefaultLauncher.execute(DefaultLauncher.java:103)
	at org.junit.platform.launcher.core.DefaultLauncher.execute(DefaultLauncher.java:85)
	at org.junit.platform.launcher.core.DelegatingLauncher.execute(DelegatingLauncher.java:47)
	at org.apache.maven.surefire.junitplatform.LazyLauncher.execute(LazyLauncher.java:56)
	at org.apache.maven.surefire.junitplatform.JUnitPlatformProvider.execute(JUnitPlatformProvider.java:184)
	at org.apache.maven.surefire.junitplatform.JUnitPlatformProvider.invokeAllTests(JUnitPlatformProvider.java:148)
	at org.apache.maven.surefire.junitplatform.JUnitPlatformProvider.invoke(JUnitPlatformProvider.java:122)
	at org.apache.maven.surefire.booter.ForkedBooter.runSuitesInProcess(ForkedBooter.java:385)
	at org.apache.maven.surefire.booter.ForkedBooter.execute(ForkedBooter.java:162)
	at org.apache.maven.surefire.booter.ForkedBooter.run(ForkedBooter.java:507)
	at org.apache.maven.surefire.booter.ForkedBooter.main(ForkedBooter.java:495)

[ERRO] 2026-01-09 18:51:47.150 - Erro-72
  Exceção: java.lang.RuntimeException: Erro 72
java.lang.RuntimeException: Erro 72
	at testes.ErrorLoggerTest.testeLogNaoCresceIndefinidamente(ErrorLoggerTest.java:389)
	at java.base/jdk.internal.reflect.DirectMethodHandleAccessor.invoke(DirectMethodHandleAccessor.java:103)
	at java.base/java.lang.reflect.Method.invoke(Method.java:580)
	at org.junit.platform.commons.util.ReflectionUtils.invokeMethod(ReflectionUtils.java:728)
	at org.junit.jupiter.engine.execution.MethodInvocation.proceed(MethodInvocation.java:60)
	at org.junit.jupiter.engine.execution.InvocationInterceptorChain$ValidatingInvocation.proceed(InvocationInterceptorChain.java:131)
	at org.junit.jupiter.engine.extension.TimeoutExtension.intercept(TimeoutExtension.java:156)
	at org.junit.jupiter.engine.extension.TimeoutExtension.interceptTestableMethod(TimeoutExtension.java:147)
	at org.junit.jupiter.engine.extension.TimeoutExtension.interceptTestMethod(TimeoutExtension.java:86)
	at org.junit.jupiter.engine.execution.InterceptingExecutableInvoker$ReflectiveInterceptorCall.lambda$ofVoidMethod$0(InterceptingExecutableInvoker.java:103)
	at org.junit.jupiter.engine.execution.InterceptingExecutableInvoker.lambda$invoke$0(InterceptingExecutableInvoker.java:93)
	at org.junit.jupiter.engine.execution.InvocationInterceptorChain$InterceptedInvocation.proceed(InvocationInterceptorChain.java:106)
	at org.junit.jupiter.engine.execution.InvocationInterceptorChain.proceed(InvocationInterceptorChain.java:64)
	at org.junit.jupiter.engine.execution.InvocationInterceptorChain.chainAndInvoke(InvocationInterceptorChain.java:45)
	at org.junit.jupiter.engine.execution.InvocationInterceptorChain.invoke(InvocationInterceptorChain.java:37)
	at org.junit.jupiter.engine.execution.InterceptingExecutableInvoker.invoke(InterceptingExecutableInvoker.java:92)
	at org.junit.jupiter.engine.execution.InterceptingExecutableInvoker.invoke(InterceptingExecutableInvoker.java:86)
	at org.junit.jupiter.engine.descriptor.TestMethodTestDescriptor.lambda$invokeTestMethod$7(TestMethodTestDescriptor.java:218)
	at org.junit.platform.engine.support.hierarchical.ThrowableCollector.execute(ThrowableCollector.java:73)
	at org.junit.jupiter.engine.descriptor.TestMethodTestDescriptor.invokeTestMethod(TestMethodTestDescriptor.java:214)
	at org.junit.jupiter.engine.descriptor.TestMethodTestDescriptor.execute(TestMethodTestDescriptor.java:139)
	at org.junit.jupiter.engine.descriptor.TestMethodTestDescriptor.execute(TestMethodTestDescriptor.java:69)
	at org.junit.platform.engine.support.hierarchical.NodeTestTask.lambda$executeRecursively$6(NodeTestTask.java:151)
	at org.junit.platform.engine.support.hierarchical.ThrowableCollector.execute(ThrowableCollector.java:73)
	at org.junit.platform.engine.support.hierarchical.NodeTestTask.lambda$executeRecursively$8(NodeTestTask.java:141)
	at org.junit.platform.engine.support.hierarchical.Node.around(Node.java:137)
	at org.junit.platform.engine.support.hierarchical.NodeTestTask.lambda$executeRecursively$9(NodeTestTask.java:139)
	at org.junit.platform.engine.support.hierarchical.ThrowableCollector.execute(ThrowableCollector.java:73)
	at org.junit.platform.engine.support.hierarchical.NodeTestTask.executeRecursively(NodeTestTask.java:138)
	at org.junit.platform.engine.support.hierarchical.NodeTestTask.execute(NodeTestTask.java:95)
	at java.base/java.util.ArrayList.forEach(ArrayList.java:1597)
	at org.junit.platform.engine.support.hierarchical.SameThreadHierarchicalTestExecutorService.invokeAll(SameThreadHierarchicalTestExecutorService.java:41)
	at org.junit.platform.engine.support.hierarchical.NodeTestTask.lambda$executeRecursively$6(NodeTestTask.java:155)
	at org.junit.platform.engine.support.hierarchical.ThrowableCollector.execute(ThrowableCollector.java:73)
	at org.junit.platform.engine.support.hierarchical.NodeTestTask.lambda$executeRecursively$8(NodeTestTask.java:141)
	at org.junit.platform.engine.support.hierarchical.Node.around(Node.java:137)
	at org.junit.platform.engine.support.hierarchical.NodeTestTask.lambda$executeRecursively$9(NodeTestTask.java:139)
	at org.junit.platform.engine.support.hierarchical.ThrowableCollector.execute(ThrowableCollector.java:73)
	at org.junit.platform.engine.support.hierarchical.NodeTestTask.executeRecursively(NodeTestTask.java:138)
	at org.junit.platform.engine.support.hierarchical.NodeTestTask.execute(NodeTestTask.java:95)
	at java.base/java.util.ArrayList.forEach(ArrayList.java:1597)
	at org.junit.platform.engine.support.hierarchical.SameThreadHierarchicalTestExecutorService.invokeAll(SameThreadHierarchicalTestExecutorService.java:41)
	at org.junit.platform.engine.support.hierarchical.NodeTestTask.lambda$executeRecursively$6(NodeTestTask.java:155)
	at org.junit.platform.engine.support.hierarchical.ThrowableCollector.execute(ThrowableCollector.java:73)
	at org.junit.platform.engine.support.hierarchical.NodeTestTask.lambda$executeRecursively$8(NodeTestTask.java:141)
	at org.junit.platform.engine.support.hierarchical.Node.around(Node.java:137)
	at org.junit.platform.engine.support.hierarchical.NodeTestTask.lambda$executeRecursively$9(NodeTestTask.java:139)
	at org.junit.platform.engine.support.hierarchical.ThrowableCollector.execute(ThrowableCollector.java:73)
	at org.junit.platform.engine.support.hierarchical.NodeTestTask.executeRecursively(NodeTestTask.java:138)
	at org.junit.platform.engine.support.hierarchical.NodeTestTask.execute(NodeTestTask.java:95)
	at org.junit.platform.engine.support.hierarchical.SameThreadHierarchicalTestExecutorService.submit(SameThreadHierarchicalTestExecutorService.java:35)
	at org.junit.platform.engine.support.hierarchical.HierarchicalTestExecutor.execute(HierarchicalTestExecutor.java:57)
	at org.junit.platform.engine.support.hierarchical.HierarchicalTestEngine.execute(HierarchicalTestEngine.java:54)
	at org.junit.platform.launcher.core.EngineExecutionOrchestrator.execute(EngineExecutionOrchestrator.java:198)
	at org.junit.platform.launcher.core.EngineExecutionOrchestrator.execute(EngineExecutionOrchestrator.java:169)
	at org.junit.platform.launcher.core.EngineExecutionOrchestrator.execute(EngineExecutionOrchestrator.java:93)
	at org.junit.platform.launcher.core.EngineExecutionOrchestrator.lambda$execute$0(EngineExecutionOrchestrator.java:58)
	at org.junit.platform.launcher.core.EngineExecutionOrchestrator.withInterceptedStreams(EngineExecutionOrchestrator.java:141)
	at org.junit.platform.launcher.core.EngineExecutionOrchestrator.execute(EngineExecutionOrchestrator.java:57)
	at org.junit.platform.launcher.core.DefaultLauncher.execute(DefaultLauncher.java:103)
	at org.junit.platform.launcher.core.DefaultLauncher.execute(DefaultLauncher.java:85)
	at org.junit.platform.launcher.core.DelegatingLauncher.execute(DelegatingLauncher.java:47)
	at org.apache.maven.surefire.junitplatform.LazyLauncher.execute(LazyLauncher.java:56)
	at org.apache.maven.surefire.junitplatform.JUnitPlatformProvider.execute(JUnitPlatformProvider.java:184)
	at org.apache.maven.surefire.junitplatform.JUnitPlatformProvider.invokeAllTests(JUnitPlatformProvider.java:148)
	at org.apache.maven.surefire.junitplatform.JUnitPlatformProvider.invoke(JUnitPlatformProvider.java:122)
	at org.apache.maven.surefire.booter.ForkedBooter.runSuitesInProcess(ForkedBooter.java:385)
	at org.apache.maven.surefire.booter.ForkedBooter.execute(ForkedBooter.java:162)
	at org.apache.maven.surefire.booter.ForkedBooter.run(ForkedBooter.java:507)
	at org.apache.maven.surefire.booter.ForkedBooter.main(ForkedBooter.java:495)

[ERRO] 2026-01-09 18:51:47.151 - Erro-73
  Exceção: java.lang.RuntimeException: Erro 73
java.lang.RuntimeException: Erro 73
	at testes.ErrorLoggerTest.testeLogNaoCresceIndefinidamente(ErrorLoggerTest.java:389)
	at java.base/jdk.internal.reflect.DirectMethodHandleAccessor.invoke(DirectMethodHandleAccessor.java:103)
	at java.base/java.lang.reflect.Method.invoke(Method.java:580)
	at org.junit.platform.commons.util.ReflectionUtils.invokeMethod(ReflectionUtils.java:728)
	at org.junit.jupiter.engine.execution.MethodInvocation.proceed(MethodInvocation.java:60)
	at org.junit.jupiter.engine.execution.InvocationInterceptorChain$ValidatingInvocation.proceed(InvocationInterceptorChain.java:131)
	at org.junit.jupiter.engine.extension.TimeoutExtension.intercept(TimeoutExtension.java:156)
	at org.junit.jupiter.engine.extension.TimeoutExtension.interceptTestableMethod(TimeoutExtension.java:147)
	at org.junit.jupiter.engine.extension.TimeoutExtension.interceptTestMethod(TimeoutExtension.java:86)
	at org.junit.jupiter.engine.execution.InterceptingExecutableInvoker$ReflectiveInterceptorCall.lambda$ofVoidMethod$0(InterceptingExecutableInvoker.java:103)
	at org.junit.jupiter.engine.execution.InterceptingExecutableInvoker.lambda$invoke$0(InterceptingExecutableInvoker.java:93)
	at org.junit.jupiter.engine.execution.InvocationInterceptorChain$InterceptedInvocation.proceed(InvocationInterceptorChain.java:106)
	at org.junit.jupiter.engine.execution.InvocationInterceptorChain.proceed(InvocationInterceptorChain.java:64)
	at org.junit.jupiter.engine.execution.InvocationInterceptorChain.chainAndInvoke(InvocationInterceptorChain.java:45)
	at org.junit.jupiter.engine.execution.InvocationInterceptorChain.invoke(InvocationInterceptorChain.java:37)
	at org.junit.jupiter.engine.execution.InterceptingExecutableInvoker.invoke(InterceptingExecutableInvoker.java:92)
	at org.junit.jupiter.engine.execution.InterceptingExecutableInvoker.invoke(InterceptingExecutableInvoker.java:86)
	at org.junit.jupiter.engine.descriptor.TestMethodTestDescriptor.lambda$invokeTestMethod$7(TestMethodTestDescriptor.java:218)
	at org.junit.platform.engine.support.hierarchical.ThrowableCollector.execute(ThrowableCollector.java:73)
	at org.junit.jupiter.engine.descriptor.TestMethodTestDescriptor.invokeTestMethod(TestMethodTestDescriptor.java:214)
	at org.junit.jupiter.engine.descriptor.TestMethodTestDescriptor.execute(TestMethodTestDescriptor.java:139)
	at org.junit.jupiter.engine.descriptor.TestMethodTestDescriptor.execute(TestMethodTestDescriptor.java:69)
	at org.junit.platform.engine.support.hierarchical.NodeTestTask.lambda$executeRecursively$6(NodeTestTask.java:151)
	at org.junit.platform.engine.support.hierarchical.ThrowableCollector.execute(ThrowableCollector.java:73)
	at org.junit.platform.engine.support.hierarchical.NodeTestTask.lambda$executeRecursively$8(NodeTestTask.java:141)
	at org.junit.platform.engine.support.hierarchical.Node.around(Node.java:137)
	at org.junit.platform.engine.support.hierarchical.NodeTestTask.lambda$executeRecursively$9(NodeTestTask.java:139)
	at org.junit.platform.engine.support.hierarchical.ThrowableCollector.execute(ThrowableCollector.java:73)
	at org.junit.platform.engine.support.hierarchical.NodeTestTask.executeRecursively(NodeTestTask.java:138)
	at org.junit.platform.engine.support.hierarchical.NodeTestTask.execute(NodeTestTask.java:95)
	at java.base/java.util.ArrayList.forEach(ArrayList.java:1597)
	at org.junit.platform.engine.support.hierarchical.SameThreadHierarchicalTestExecutorService.invokeAll(SameThreadHierarchicalTestExecutorService.java:41)
	at org.junit.platform.engine.support.hierarchical.NodeTestTask.lambda$executeRecursively$6(NodeTestTask.java:155)
	at org.junit.platform.engine.support.hierarchical.ThrowableCollector.execute(ThrowableCollector.java:73)
	at org.junit.platform.engine.support.hierarchical.NodeTestTask.lambda$executeRecursively$8(NodeTestTask.java:141)
	at org.junit.platform.engine.support.hierarchical.Node.around(Node.java:137)
	at org.junit.platform.engine.support.hierarchical.NodeTestTask.lambda$executeRecursively$9(NodeTestTask.java:139)
	at org.junit.platform.engine.support.hierarchical.ThrowableCollector.execute(ThrowableCollector.java:73)
	at org.junit.platform.engine.support.hierarchical.NodeTestTask.executeRecursively(NodeTestTask.java:138)
	at org.junit.platform.engine.support.hierarchical.NodeTestTask.execute(NodeTestTask.java:95)
	at java.base/java.util.ArrayList.forEach(ArrayList.java:1597)
	at org.junit.platform.engine.support.hierarchical.SameThreadHierarchicalTestExecutorService.invokeAll(SameThreadHierarchicalTestExecutorService.java:41)
	at org.junit.platform.engine.support.hierarchical.NodeTestTask.lambda$executeRecursively$6(NodeTestTask.java:155)
	at org.junit.platform.engine.support.hierarchical.ThrowableCollector.execute(ThrowableCollector.java:73)
	at org.junit.platform.engine.support.hierarchical.NodeTestTask.lambda$executeRecursively$8(NodeTestTask.java:141)
	at org.junit.platform.engine.support.hierarchical.Node.around(Node.java:137)
	at org.junit.platform.engine.support.hierarchical.NodeTestTask.lambda$executeRecursively$9(NodeTestTask.java:139)
	at org.junit.platform.engine.support.hierarchical.ThrowableCollector.execute(ThrowableCollector.java:73)
	at org.junit.platform.engine.support.hierarchical.NodeTestTask.executeRecursively(NodeTestTask.java:138)
	at org.junit.platform.engine.support.hierarchical.NodeTestTask.execute(NodeTestTask.java:95)
	at org.junit.platform.engine.support.hierarchical.SameThreadHierarchicalTestExecutorService.submit(SameThreadHierarchicalTestExecutorService.java:35)
	at org.junit.platform.engine.support.hierarchical.HierarchicalTestExecutor.execute(HierarchicalTestExecutor.java:57)
	at org.junit.platform.engine.support.hierarchical.HierarchicalTestEngine.execute(HierarchicalTestEngine.java:54)
	at org.junit.platform.launcher.core.EngineExecutionOrchestrator.execute(EngineExecutionOrchestrator.java:198)
	at org.junit.platform.launcher.core.EngineExecutionOrchestrator.execute(EngineExecutionOrchestrator.java:169)
	at org.junit.platform.launcher.core.EngineExecutionOrchestrator.execute(EngineExecutionOrchestrator.java:93)
	at org.junit.platform.launcher.core.EngineExecutionOrchestrator.lambda$execute$0(EngineExecutionOrchestrator.java:58)
	at org.junit.platform.launcher.core.EngineExecutionOrchestrator.withInterceptedStreams(EngineExecutionOrchestrator.java:141)
	at org.junit.platform.launcher.core.EngineExecutionOrchestrator.execute(EngineExecutionOrchestrator.java:57)
	at org.junit.platform.launcher.core.DefaultLauncher.execute(DefaultLauncher.java:103)
	at org.junit.platform.launcher.core.DefaultLauncher.execute(DefaultLauncher.java:85)
	at org.junit.platform.launcher.core.DelegatingLauncher.execute(DelegatingLauncher.java:47)
	at org.apache.maven.surefire.junitplatform.LazyLauncher.execute(LazyLauncher.java:56)
	at org.apache.maven.surefire.junitplatform.JUnitPlatformProvider.execute(JUnitPlatformProvider.java:184)
	at org.apache.maven.surefire.junitplatform.JUnitPlatformProvider.invokeAllTests(JUnitPlatformProvider.java:148)
	at org.apache.maven.surefire.junitplatform.JUnitPlatformProvider.invoke(JUnitPlatformProvider.java:122)
	at org.apache.maven.surefire.booter.ForkedBooter.runSuitesInProcess(ForkedBooter.java:385)
	at org.apache.maven.surefire.booter.ForkedBooter.execute(ForkedBooter.java:162)
	at org.apache.maven.surefire.booter.ForkedBooter.run(ForkedBooter.java:507)
	at org.apache.maven.surefire.booter.ForkedBooter.main(ForkedBooter.java:495)

[ERRO] 2026-01-09 18:51:47.151 - Erro-74
  Exceção: java.lang.RuntimeException: Erro 74
java.lang.RuntimeException: Erro 74
	at testes.ErrorLoggerTest.testeLogNaoCresceIndefinidamente(ErrorLoggerTest.java:389)
	at java.base/jdk.internal.reflect.DirectMethodHandleAccessor.invoke(DirectMethodHandleAccessor.java:103)
	at java.base/java.lang.reflect.Method.invoke(Method.java:580)
	at org.junit.platform.commons.util.ReflectionUtils.invokeMethod(ReflectionUtils.java:728)
	at org.junit.jupiter.engine.execution.MethodInvocation.proceed(MethodInvocation.java:60)
	at org.junit.jupiter.engine.execution.InvocationInterceptorChain$ValidatingInvocation.proceed(InvocationInterceptorChain.java:131)
	at org.junit.jupiter.engine.extension.TimeoutExtension.intercept(TimeoutExtension.java:156)
	at org.junit.jupiter.engine.extension.TimeoutExtension.interceptTestableMethod(TimeoutExtension.java:147)
	at org.junit.jupiter.engine.extension.TimeoutExtension.interceptTestMethod(TimeoutExtension.java:86)
	at org.junit.jupiter.engine.execution.InterceptingExecutableInvoker$ReflectiveInterceptorCall.lambda$ofVoidMethod$0(InterceptingExecutableInvoker.java:103)
	at org.junit.jupiter.engine.execution.InterceptingExecutableInvoker.lambda$invoke$0(InterceptingExecutableInvoker.java:93)
	at org.junit.jupiter.engine.execution.InvocationInterceptorChain$InterceptedInvocation.proceed(InvocationInterceptorChain.java:106)
	at org.junit.jupiter.engine.execution.InvocationInterceptorChain.proceed(InvocationInterceptorChain.java:64)
	at org.junit.jupiter.engine.execution.InvocationInterceptorChain.chainAndInvoke(InvocationInterceptorChain.java:45)
	at org.junit.jupiter.engine.execution.InvocationInterceptorChain.invoke(InvocationInterceptorChain.java:37)
	at org.junit.jupiter.engine.execution.InterceptingExecutableInvoker.invoke(InterceptingExecutableInvoker.java:92)
	at org.junit.jupiter.engine.execution.InterceptingExecutableInvoker.invoke(InterceptingExecutableInvoker.java:86)
	at org.junit.jupiter.engine.descriptor.TestMethodTestDescriptor.lambda$invokeTestMethod$7(TestMethodTestDescriptor.java:218)
	at org.junit.platform.engine.support.hierarchical.ThrowableCollector.execute(ThrowableCollector.java:73)
	at org.junit.jupiter.engine.descriptor.TestMethodTestDescriptor.invokeTestMethod(TestMethodTestDescriptor.java:214)
	at org.junit.jupiter.engine.descriptor.TestMethodTestDescriptor.execute(TestMethodTestDescriptor.java:139)
	at org.junit.jupiter.engine.descriptor.TestMethodTestDescriptor.execute(TestMethodTestDescriptor.java:69)
	at org.junit.platform.engine.support.hierarchical.NodeTestTask.lambda$executeRecursively$6(NodeTestTask.java:151)
	at org.junit.platform.engine.support.hierarchical.ThrowableCollector.execute(ThrowableCollector.java:73)
	at org.junit.platform.engine.support.hierarchical.NodeTestTask.lambda$executeRecursively$8(NodeTestTask.java:141)
	at org.junit.platform.engine.support.hierarchical.Node.around(Node.java:137)
	at org.junit.platform.engine.support.hierarchical.NodeTestTask.lambda$executeRecursively$9(NodeTestTask.java:139)
	at org.junit.platform.engine.support.hierarchical.ThrowableCollector.execute(ThrowableCollector.java:73)
	at org.junit.platform.engine.support.hierarchical.NodeTestTask.executeRecursively(NodeTestTask.java:138)
	at org.junit.platform.engine.support.hierarchical.NodeTestTask.execute(NodeTestTask.java:95)
	at java.base/java.util.ArrayList.forEach(ArrayList.java:1597)
	at org.junit.platform.engine.support.hierarchical.SameThreadHierarchicalTestExecutorService.invokeAll(SameThreadHierarchicalTestExecutorService.java:41)
	at org.junit.platform.engine.support.hierarchical.NodeTestTask.lambda$executeRecursively$6(NodeTestTask.java:155)
	at org.junit.platform.engine.support.hierarchical.ThrowableCollector.execute(ThrowableCollector.java:73)
	at org.junit.platform.engine.support.hierarchical.NodeTestTask.lambda$executeRecursively$8(NodeTestTask.java:141)
	at org.junit.platform.engine.support.hierarchical.Node.around(Node.java:137)
	at org.junit.platform.engine.support.hierarchical.NodeTestTask.lambda$executeRecursively$9(NodeTestTask.java:139)
	at org.junit.platform.engine.support.hierarchical.ThrowableCollector.execute(ThrowableCollector.java:73)
	at org.junit.platform.engine.support.hierarchical.NodeTestTask.executeRecursively(NodeTestTask.java:138)
	at org.junit.platform.engine.support.hierarchical.NodeTestTask.execute(NodeTestTask.java:95)
	at java.base/java.util.ArrayList.forEach(ArrayList.java:1597)
	at org.junit.platform.engine.support.hierarchical.SameThreadHierarchicalTestExecutorService.invokeAll(SameThreadHierarchicalTestExecutorService.java:41)
	at org.junit.platform.engine.support.hierarchical.NodeTestTask.lambda$executeRecursively$6(NodeTestTask.java:155)
	at org.junit.platform.engine.support.hierarchical.ThrowableCollector.execute(ThrowableCollector.java:73)
	at org.junit.platform.engine.support.hierarchical.NodeTestTask.lambda$executeRecursively$8(NodeTestTask.java:141)
	at org.junit.platform.engine.support.hierarchical.Node.around(Node.java:137)
	at org.junit.platform.engine.support.hierarchical.NodeTestTask.lambda$executeRecursively$9(NodeTestTask.java:139)
	at org.junit.platform.engine.support.hierarchical.ThrowableCollector.execute(ThrowableCollector.java:73)
	at org.junit.platform.engine.support.hierarchical.NodeTestTask.executeRecursively(NodeTestTask.java:138)
	at org.junit.platform.engine.support.hierarchical.NodeTestTask.execute(NodeTestTask.java:95)
	at org.junit.platform.engine.support.hierarchical.SameThreadHierarchicalTestExecutorService.submit(SameThreadHierarchicalTestExecutorService.java:35)
	at org.junit.platform.engine.support.hierarchical.HierarchicalTestExecutor.execute(HierarchicalTestExecutor.java:57)
	at org.junit.platform.engine.support.hierarchical.HierarchicalTestEngine.execute(HierarchicalTestEngine.java:54)
	at org.junit.platform.launcher.core.EngineExecutionOrchestrator.execute(EngineExecutionOrchestrator.java:198)
	at org.junit.platform.launcher.core.EngineExecutionOrchestrator.execute(EngineExecutionOrchestrator.java:169)
	at org.junit.platform.launcher.core.EngineExecutionOrchestrator.execute(EngineExecutionOrchestrator.java:93)
	at org.junit.platform.launcher.core.EngineExecutionOrchestrator.lambda$execute$0(EngineExecutionOrchestrator.java:58)
	at org.junit.platform.launcher.core.EngineExecutionOrchestrator.withInterceptedStreams(EngineExecutionOrchestrator.java:141)
	at org.junit.platform.launcher.core.EngineExecutionOrchestrator.execute(EngineExecutionOrchestrator.java:57)
	at org.junit.platform.launcher.core.DefaultLauncher.execute(DefaultLauncher.java:103)
	at org.junit.platform.launcher.core.DefaultLauncher.execute(DefaultLauncher.java:85)
	at org.junit.platform.launcher.core.DelegatingLauncher.execute(DelegatingLauncher.java:47)
	at org.apache.maven.surefire.junitplatform.LazyLauncher.execute(LazyLauncher.java:56)
	at org.apache.maven.surefire.junitplatform.JUnitPlatformProvider.execute(JUnitPlatformProvider.java:184)
	at org.apache.maven.surefire.junitplatform.JUnitPlatformProvider.invokeAllTests(JUnitPlatformProvider.java:148)
	at org.apache.maven.surefire.junitplatform.JUnitPlatformProvider.invoke(JUnitPlatformProvider.java:122)
	at org.apache.maven.surefire.booter.ForkedBooter.runSuitesInProcess(ForkedBooter.java:385)
	at org.apache.maven.surefire.booter.ForkedBooter.execute(ForkedBooter.java:162)
	at org.apache.maven.surefire.booter.ForkedBooter.run(ForkedBooter.java:507)
	at org.apache.maven.surefire.booter.ForkedBooter.main(ForkedBooter.java:495)

[ERRO] 2026-01-09 18:51:47.151 - Erro-75
  Exceção: java.lang.RuntimeException: Erro 75
java.lang.RuntimeException: Erro 75
	at testes.ErrorLoggerTest.testeLogNaoCresceIndefinidamente(ErrorLoggerTest.java:389)
	at java.base/jdk.internal.reflect.DirectMethodHandleAccessor.invoke(DirectMethodHandleAccessor.java:103)
	at java.base/java.lang.reflect.Method.invoke(Method.java:580)
	at org.junit.platform.commons.util.ReflectionUtils.invokeMethod(ReflectionUtils.java:728)
	at org.junit.jupiter.engine.execution.MethodInvocation.proceed(MethodInvocation.java:60)
	at org.junit.jupiter.engine.execution.InvocationInterceptorChain$ValidatingInvocation.proceed(InvocationInterceptorChain.java:131)
	at org.junit.jupiter.engine.extension.TimeoutExtension.intercept(TimeoutExtension.java:156)
	at org.junit.jupiter.engine.extension.TimeoutExtension.interceptTestableMethod(TimeoutExtension.java:147)
	at org.junit.jupiter.engine.extension.TimeoutExtension.interceptTestMethod(TimeoutExtension.java:86)
	at org.junit.jupiter.engine.execution.InterceptingExecutableInvoker$ReflectiveInterceptorCall.lambda$ofVoidMethod$0(InterceptingExecutableInvoker.java:103)
	at org.junit.jupiter.engine.execution.InterceptingExecutableInvoker.lambda$invoke$0(InterceptingExecutableInvoker.java:93)
	at org.junit.jupiter.engine.execution.InvocationInterceptorChain$InterceptedInvocation.proceed(InvocationInterceptorChain.java:106)
	at org.junit.jupiter.engine.execution.InvocationInterceptorChain.proceed(InvocationInterceptorChain.java:64)
	at org.junit.jupiter.engine.execution.InvocationInterceptorChain.chainAndInvoke(InvocationInterceptorChain.java:45)
	at org.junit.jupiter.engine.execution.InvocationInterceptorChain.invoke(InvocationInterceptorChain.java:37)
	at org.junit.jupiter.engine.execution.InterceptingExecutableInvoker.invoke(InterceptingExecutableInvoker.java:92)
	at org.junit.jupiter.engine.execution.InterceptingExecutableInvoker.invoke(InterceptingExecutableInvoker.java:86)
	at org.junit.jupiter.engine.descriptor.TestMethodTestDescriptor.lambda$invokeTestMethod$7(TestMethodTestDescriptor.java:218)
	at org.junit.platform.engine.support.hierarchical.ThrowableCollector.execute(ThrowableCollector.java:73)
	at org.junit.jupiter.engine.descriptor.TestMethodTestDescriptor.invokeTestMethod(TestMethodTestDescriptor.java:214)
	at org.junit.jupiter.engine.descriptor.TestMethodTestDescriptor.execute(TestMethodTestDescriptor.java:139)
	at org.junit.jupiter.engine.descriptor.TestMethodTestDescriptor.execute(TestMethodTestDescriptor.java:69)
	at org.junit.platform.engine.support.hierarchical.NodeTestTask.lambda$executeRecursively$6(NodeTestTask.java:151)
	at org.junit.platform.engine.support.hierarchical.ThrowableCollector.execute(ThrowableCollector.java:73)
	at org.junit.platform.engine.support.hierarchical.NodeTestTask.lambda$executeRecursively$8(NodeTestTask.java:141)
	at org.junit.platform.engine.support.hierarchical.Node.around(Node.java:137)
	at org.junit.platform.engine.support.hierarchical.NodeTestTask.lambda$executeRecursively$9(NodeTestTask.java:139)
	at org.junit.platform.engine.support.hierarchical.ThrowableCollector.execute(ThrowableCollector.java:73)
	at org.junit.platform.engine.support.hierarchical.NodeTestTask.executeRecursively(NodeTestTask.java:138)
	at org.junit.platform.engine.support.hierarchical.NodeTestTask.execute(NodeTestTask.java:95)
	at java.base/java.util.ArrayList.forEach(ArrayList.java:1597)
	at org.junit.platform.engine.support.hierarchical.SameThreadHierarchicalTestExecutorService.invokeAll(SameThreadHierarchicalTestExecutorService.java:41)
	at org.junit.platform.engine.support.hierarchical.NodeTestTask.lambda$executeRecursively$6(NodeTestTask.java:155)
	at org.junit.platform.engine.support.hierarchical.ThrowableCollector.execute(ThrowableCollector.java:73)
	at org.junit.platform.engine.support.hierarchical.NodeTestTask.lambda$executeRecursively$8(NodeTestTask.java:141)
	at org.junit.platform.engine.support.hierarchical.Node.around(Node.java:137)
	at org.junit.platform.engine.support.hierarchical.NodeTestTask.lambda$executeRecursively$9(NodeTestTask.java:139)
	at org.junit.platform.engine.support.hierarchical.ThrowableCollector.execute(ThrowableCollector.java:73)
	at org.junit.platform.engine.support.hierarchical.NodeTestTask.executeRecursively(NodeTestTask.java:138)
	at org.junit.platform.engine.support.hierarchical.NodeTestTask.execute(NodeTestTask.java:95)
	at java.base/java.util.ArrayList.forEach(ArrayList.java:1597)
	at org.junit.platform.engine.support.hierarchical.SameThreadHierarchicalTestExecutorService.invokeAll(SameThreadHierarchicalTestExecutorService.java:41)
	at org.junit.platform.engine.support.hierarchical.NodeTestTask.lambda$executeRecursively$6(NodeTestTask.java:155)
	at org.junit.platform.engine.support.hierarchical.ThrowableCollector.execute(ThrowableCollector.java:73)
	at org.junit.platform.engine.support.hierarchical.NodeTestTask.lambda$executeRecursively$8(NodeTestTask.java:141)
	at org.junit.platform.engine.support.hierarchical.Node.around(Node.java:137)
	at org.junit.platform.engine.support.hierarchical.NodeTestTask.lambda$executeRecursively$9(NodeTestTask.java:139)
	at org.junit.platform.engine.support.hierarchical.ThrowableCollector.execute(ThrowableCollector.java:73)
	at org.junit.platform.engine.support.hierarchical.NodeTestTask.executeRecursively(NodeTestTask.java:138)
	at org.junit.platform.engine.support.hierarchical.NodeTestTask.execute(NodeTestTask.java:95)
	at org.junit.platform.engine.support.hierarchical.SameThreadHierarchicalTestExecutorService.submit(SameThreadHierarchicalTestExecutorService.java:35)
	at org.junit.platform.engine.support.hierarchical.HierarchicalTestExecutor.execute(HierarchicalTestExecutor.java:57)
	at org.junit.platform.engine.support.hierarchical.HierarchicalTestEngine.execute(HierarchicalTestEngine.java:54)
	at org.junit.platform.launcher.core.EngineExecutionOrchestrator.execute(EngineExecutionOrchestrator.java:198)
	at org.junit.platform.launcher.core.EngineExecutionOrchestrator.execute(EngineExecutionOrchestrator.java:169)
	at org.junit.platform.launcher.core.EngineExecutionOrchestrator.execute(EngineExecutionOrchestrator.java:93)
	at org.junit.platform.launcher.core.EngineExecutionOrchestrator.lambda$execute$0(EngineExecutionOrchestrator.java:58)
	at org.junit.platform.launcher.core.EngineExecutionOrchestrator.withInterceptedStreams(EngineExecutionOrchestrator.java:141)
	at org.junit.platform.launcher.core.EngineExecutionOrchestrator.execute(EngineExecutionOrchestrator.java:57)
	at org.junit.platform.launcher.core.DefaultLauncher.execute(DefaultLauncher.java:103)
	at org.junit.platform.launcher.core.DefaultLauncher.execute(DefaultLauncher.java:85)
	at org.junit.platform.launcher.core.DelegatingLauncher.execute(DelegatingLauncher.java:47)
	at org.apache.maven.surefire.junitplatform.LazyLauncher.execute(LazyLauncher.java:56)
	at org.apache.maven.surefire.junitplatform.JUnitPlatformProvider.execute(JUnitPlatformProvider.java:184)
	at org.apache.maven.surefire.junitplatform.JUnitPlatformProvider.invokeAllTests(JUnitPlatformProvider.java:148)
	at org.apache.maven.surefire.junitplatform.JUnitPlatformProvider.invoke(JUnitPlatformProvider.java:122)
	at org.apache.maven.surefire.booter.ForkedBooter.runSuitesInProcess(ForkedBooter.java:385)
	at org.apache.maven.surefire.booter.ForkedBooter.execute(ForkedBooter.java:162)
	at org.apache.maven.surefire.booter.ForkedBooter.run(ForkedBooter.java:507)
	at org.apache.maven.surefire.booter.ForkedBooter.main(ForkedBooter.java:495)

[ERRO] 2026-01-09 18:51:47.151 - Erro-76
  Exceção: java.lang.RuntimeException: Erro 76
java.lang.RuntimeException: Erro 76
	at testes.ErrorLoggerTest.testeLogNaoCresceIndefinidamente(ErrorLoggerTest.java:389)
	at java.base/jdk.internal.reflect.DirectMethodHandleAccessor.invoke(DirectMethodHandleAccessor.java:103)
	at java.base/java.lang.reflect.Method.invoke(Method.java:580)
	at org.junit.platform.commons.util.ReflectionUtils.invokeMethod(ReflectionUtils.java:728)
	at org.junit.jupiter.engine.execution.MethodInvocation.proceed(MethodInvocation.java:60)
	at org.junit.jupiter.engine.execution.InvocationInterceptorChain$ValidatingInvocation.proceed(InvocationInterceptorChain.java:131)
	at org.junit.jupiter.engine.extension.TimeoutExtension.intercept(TimeoutExtension.java:156)
	at org.junit.jupiter.engine.extension.TimeoutExtension.interceptTestableMethod(TimeoutExtension.java:147)
	at org.junit.jupiter.engine.extension.TimeoutExtension.interceptTestMethod(TimeoutExtension.java:86)
	at org.junit.jupiter.engine.execution.InterceptingExecutableInvoker$ReflectiveInterceptorCall.lambda$ofVoidMethod$0(InterceptingExecutableInvoker.java:103)
	at org.junit.jupiter.engine.execution.InterceptingExecutableInvoker.lambda$invoke$0(InterceptingExecutableInvoker.java:93)
	at org.junit.jupiter.engine.execution.InvocationInterceptorChain$InterceptedInvocation.proceed(InvocationInterceptorChain.java:106)
	at org.junit.jupiter.engine.execution.InvocationInterceptorChain.proceed(InvocationInterceptorChain.java:64)
	at org.junit.jupiter.engine.execution.InvocationInterceptorChain.chainAndInvoke(InvocationInterceptorChain.java:45)
	at org.junit.jupiter.engine.execution.InvocationInterceptorChain.invoke(InvocationInterceptorChain.java:37)
	at org.junit.jupiter.engine.execution.InterceptingExecutableInvoker.invoke(InterceptingExecutableInvoker.java:92)
	at org.junit.jupiter.engine.execution.InterceptingExecutableInvoker.invoke(InterceptingExecutableInvoker.java:86)
	at org.junit.jupiter.engine.descriptor.TestMethodTestDescriptor.lambda$invokeTestMethod$7(TestMethodTestDescriptor.java:218)
	at org.junit.platform.engine.support.hierarchical.ThrowableCollector.execute(ThrowableCollector.java:73)
	at org.junit.jupiter.engine.descriptor.TestMethodTestDescriptor.invokeTestMethod(TestMethodTestDescriptor.java:214)
	at org.junit.jupiter.engine.descriptor.TestMethodTestDescriptor.execute(TestMethodTestDescriptor.java:139)
	at org.junit.jupiter.engine.descriptor.TestMethodTestDescriptor.execute(TestMethodTestDescriptor.java:69)
	at org.junit.platform.engine.support.hierarchical.NodeTestTask.lambda$executeRecursively$6(NodeTestTask.java:151)
	at org.junit.platform.engine.support.hierarchical.ThrowableCollector.execute(ThrowableCollector.java:73)
	at org.junit.platform.engine.support.hierarchical.NodeTestTask.lambda$executeRecursively$8(NodeTestTask.java:141)
	at org.junit.platform.engine.support.hierarchical.Node.around(Node.java:137)
	at org.junit.platform.engine.support.hierarchical.NodeTestTask.lambda$executeRecursively$9(NodeTestTask.java:139)
	at org.junit.platform.engine.support.hierarchical.ThrowableCollector.execute(ThrowableCollector.java:73)
	at org.junit.platform.engine.support.hierarchical.NodeTestTask.executeRecursively(NodeTestTask.java:138)
	at org.junit.platform.engine.support.hierarchical.NodeTestTask.execute(NodeTestTask.java:95)
	at java.base/java.util.ArrayList.forEach(ArrayList.java:1597)
	at org.junit.platform.engine.support.hierarchical.SameThreadHierarchicalTestExecutorService.invokeAll(SameThreadHierarchicalTestExecutorService.java:41)
	at org.junit.platform.engine.support.hierarchical.NodeTestTask.lambda$executeRecursively$6(NodeTestTask.java:155)
	at org.junit.platform.engine.support.hierarchical.ThrowableCollector.execute(ThrowableCollector.java:73)
	at org.junit.platform.engine.support.hierarchical.NodeTestTask.lambda$executeRecursively$8(NodeTestTask.java:141)
	at org.junit.platform.engine.support.hierarchical.Node.around(Node.java:137)
	at org.junit.platform.engine.support.hierarchical.NodeTestTask.lambda$executeRecursively$9(NodeTestTask.java:139)
	at org.junit.platform.engine.support.hierarchical.ThrowableCollector.execute(ThrowableCollector.java:73)
	at org.junit.platform.engine.support.hierarchical.NodeTestTask.executeRecursively(NodeTestTask.java:138)
	at org.junit.platform.engine.support.hierarchical.NodeTestTask.execute(NodeTestTask.java:95)
	at java.base/java.util.ArrayList.forEach(ArrayList.java:1597)
	at org.junit.platform.engine.support.hierarchical.SameThreadHierarchicalTestExecutorService.invokeAll(SameThreadHierarchicalTestExecutorService.java:41)
	at org.junit.platform.engine.support.hierarchical.NodeTestTask.lambda$executeRecursively$6(NodeTestTask.java:155)
	at org.junit.platform.engine.support.hierarchical.ThrowableCollector.execute(ThrowableCollector.java:73)
	at org.junit.platform.engine.support.hierarchical.NodeTestTask.lambda$executeRecursively$8(NodeTestTask.java:141)
	at org.junit.platform.engine.support.hierarchical.Node.around(Node.java:137)
	at org.junit.platform.engine.support.hierarchical.NodeTestTask.lambda$executeRecursively$9(NodeTestTask.java:139)
	at org.junit.platform.engine.support.hierarchical.ThrowableCollector.execute(ThrowableCollector.java:73)
	at org.junit.platform.engine.support.hierarchical.NodeTestTask.executeRecursively(NodeTestTask.java:138)
	at org.junit.platform.engine.support.hierarchical.NodeTestTask.execute(NodeTestTask.java:95)
	at org.junit.platform.engine.support.hierarchical.SameThreadHierarchicalTestExecutorService.submit(SameThreadHierarchicalTestExecutorService.java:35)
	at org.junit.platform.engine.support.hierarchical.HierarchicalTestExecutor.execute(HierarchicalTestExecutor.java:57)
	at org.junit.platform.engine.support.hierarchical.HierarchicalTestEngine.execute(HierarchicalTestEngine.java:54)
	at org.junit.platform.launcher.core.EngineExecutionOrchestrator.execute(EngineExecutionOrchestrator.java:198)
	at org.junit.platform.launcher.core.EngineExecutionOrchestrator.execute(EngineExecutionOrchestrator.java:169)
	at org.junit.platform.launcher.core.EngineExecutionOrchestrator.execute(EngineExecutionOrchestrator.java:93)
	at org.junit.platform.launcher.core.EngineExecutionOrchestrator.lambda$execute$0(EngineExecutionOrchestrator.java:58)
	at org.junit.platform.launcher.core.EngineExecutionOrchestrator.withInterceptedStreams(EngineExecutionOrchestrator.java:141)
	at org.junit.platform.launcher.core.EngineExecutionOrchestrator.execute(EngineExecutionOrchestrator.java:57)
	at org.junit.platform.launcher.core.DefaultLauncher.execute(DefaultLauncher.java:103)
	at org.junit.platform.launcher.core.DefaultLauncher.execute(DefaultLauncher.java:85)
	at org.junit.platform.launcher.core.DelegatingLauncher.execute(DelegatingLauncher.java:47)
	at org.apache.maven.surefire.junitplatform.LazyLauncher.execute(LazyLauncher.java:56)
	at org.apache.maven.surefire.junitplatform.JUnitPlatformProvider.execute(JUnitPlatformProvider.java:184)
	at org.apache.maven.surefire.junitplatform.JUnitPlatformProvider.invokeAllTests(JUnitPlatformProvider.java:148)
	at org.apache.maven.surefire.junitplatform.JUnitPlatformProvider.invoke(JUnitPlatformProvider.java:122)
	at org.apache.maven.surefire.booter.ForkedBooter.runSuitesInProcess(ForkedBooter.java:385)
	at org.apache.maven.surefire.booter.ForkedBooter.execute(ForkedBooter.java:162)
	at org.apache.maven.surefire.booter.ForkedBooter.run(ForkedBooter.java:507)
	at org.apache.maven.surefire.booter.ForkedBooter.main(ForkedBooter.java:495)

[ERRO] 2026-01-09 18:51:47.152 - Erro-77
  Exceção: java.lang.RuntimeException: Erro 77
java.lang.RuntimeException: Erro 77
	at testes.ErrorLoggerTest.testeLogNaoCresceIndefinidamente(ErrorLoggerTest.java:389)
	at java.base/jdk.internal.reflect.DirectMethodHandleAccessor.invoke(DirectMethodHandleAccessor.java:103)
	at java.base/java.lang.reflect.Method.invoke(Method.java:580)
	at org.junit.platform.commons.util.ReflectionUtils.invokeMethod(ReflectionUtils.java:728)
	at org.junit.jupiter.engine.execution.MethodInvocation.proceed(MethodInvocation.java:60)
	at org.junit.jupiter.engine.execution.InvocationInterceptorChain$ValidatingInvocation.proceed(InvocationInterceptorChain.java:131)
	at org.junit.jupiter.engine.extension.TimeoutExtension.intercept(TimeoutExtension.java:156)
	at org.junit.jupiter.engine.extension.TimeoutExtension.interceptTestableMethod(TimeoutExtension.java:147)
	at org.junit.jupiter.engine.extension.TimeoutExtension.interceptTestMethod(TimeoutExtension.java:86)
	at org.junit.jupiter.engine.execution.InterceptingExecutableInvoker$ReflectiveInterceptorCall.lambda$ofVoidMethod$0(InterceptingExecutableInvoker.java:103)
	at org.junit.jupiter.engine.execution.InterceptingExecutableInvoker.lambda$invoke$0(InterceptingExecutableInvoker.java:93)
	at org.junit.jupiter.engine.execution.InvocationInterceptorChain$InterceptedInvocation.proceed(InvocationInterceptorChain.java:106)
	at org.junit.jupiter.engine.execution.InvocationInterceptorChain.proceed(InvocationInterceptorChain.java:64)
	at org.junit.jupiter.engine.execution.InvocationInterceptorChain.chainAndInvoke(InvocationInterceptorChain.java:45)
	at org.junit.jupiter.engine.execution.InvocationInterceptorChain.invoke(InvocationInterceptorChain.java:37)
	at org.junit.jupiter.engine.execution.InterceptingExecutableInvoker.invoke(InterceptingExecutableInvoker.java:92)
	at org.junit.jupiter.engine.execution.InterceptingExecutableInvoker.invoke(InterceptingExecutableInvoker.java:86)
	at org.junit.jupiter.engine.descriptor.TestMethodTestDescriptor.lambda$invokeTestMethod$7(TestMethodTestDescriptor.java:218)
	at org.junit.platform.engine.support.hierarchical.ThrowableCollector.execute(ThrowableCollector.java:73)
	at org.junit.jupiter.engine.descriptor.TestMethodTestDescriptor.invokeTestMethod(TestMethodTestDescriptor.java:214)
	at org.junit.jupiter.engine.descriptor.TestMethodTestDescriptor.execute(TestMethodTestDescriptor.java:139)
	at org.junit.jupiter.engine.descriptor.TestMethodTestDescriptor.execute(TestMethodTestDescriptor.java:69)
	at org.junit.platform.engine.support.hierarchical.NodeTestTask.lambda$executeRecursively$6(NodeTestTask.java:151)
	at org.junit.platform.engine.support.hierarchical.ThrowableCollector.execute(ThrowableCollector.java:73)
	at org.junit.platform.engine.support.hierarchical.NodeTestTask.lambda$executeRecursively$8(NodeTestTask.java:141)
	at org.junit.platform.engine.support.hierarchical.Node.around(Node.java:137)
	at org.junit.platform.engine.support.hierarchical.NodeTestTask.lambda$executeRecursively$9(NodeTestTask.java:139)
	at org.junit.platform.engine.support.hierarchical.ThrowableCollector.execute(ThrowableCollector.java:73)
	at org.junit.platform.engine.support.hierarchical.NodeTestTask.executeRecursively(NodeTestTask.java:138)
	at org.junit.platform.engine.support.hierarchical.NodeTestTask.execute(NodeTestTask.java:95)
	at java.base/java.util.ArrayList.forEach(ArrayList.java:1597)
	at org.junit.platform.engine.support.hierarchical.SameThreadHierarchicalTestExecutorService.invokeAll(SameThreadHierarchicalTestExecutorService.java:41)
	at org.junit.platform.engine.support.hierarchical.NodeTestTask.lambda$executeRecursively$6(NodeTestTask.java:155)
	at org.junit.platform.engine.support.hierarchical.ThrowableCollector.execute(ThrowableCollector.java:73)
	at org.junit.platform.engine.support.hierarchical.NodeTestTask.lambda$executeRecursively$8(NodeTestTask.java:141)
	at org.junit.platform.engine.support.hierarchical.Node.around(Node.java:137)
	at org.junit.platform.engine.support.hierarchical.NodeTestTask.lambda$executeRecursively$9(NodeTestTask.java:139)
	at org.junit.platform.engine.support.hierarchical.ThrowableCollector.execute(ThrowableCollector.java:73)
	at org.junit.platform.engine.support.hierarchical.NodeTestTask.executeRecursively(NodeTestTask.java:138)
	at org.junit.platform.engine.support.hierarchical.NodeTestTask.execute(NodeTestTask.java:95)
	at java.base/java.util.ArrayList.forEach(ArrayList.java:1597)
	at org.junit.platform.engine.support.hierarchical.SameThreadHierarchicalTestExecutorService.invokeAll(SameThreadHierarchicalTestExecutorService.java:41)
	at org.junit.platform.engine.support.hierarchical.NodeTestTask.lambda$executeRecursively$6(NodeTestTask.java:155)
	at org.junit.platform.engine.support.hierarchical.ThrowableCollector.execute(ThrowableCollector.java:73)
	at org.junit.platform.engine.support.hierarchical.NodeTestTask.lambda$executeRecursively$8(NodeTestTask.java:141)
	at org.junit.platform.engine.support.hierarchical.Node.around(Node.java:137)
	at org.junit.platform.engine.support.hierarchical.NodeTestTask.lambda$executeRecursively$9(NodeTestTask.java:139)
	at org.junit.platform.engine.support.hierarchical.ThrowableCollector.execute(ThrowableCollector.java:73)
	at org.junit.platform.engine.support.hierarchical.NodeTestTask.executeRecursively(NodeTestTask.java:138)
	at org.junit.platform.engine.support.hierarchical.NodeTestTask.execute(NodeTestTask.java:95)
	at org.junit.platform.engine.support.hierarchical.SameThreadHierarchicalTestExecutorService.submit(SameThreadHierarchicalTestExecutorService.java:35)
	at org.junit.platform.engine.support.hierarchical.HierarchicalTestExecutor.execute(HierarchicalTestExecutor.java:57)
	at org.junit.platform.engine.support.hierarchical.HierarchicalTestEngine.execute(HierarchicalTestEngine.java:54)
	at org.junit.platform.launcher.core.EngineExecutionOrchestrator.execute(EngineExecutionOrchestrator.java:198)
	at org.junit.platform.launcher.core.EngineExecutionOrchestrator.execute(EngineExecutionOrchestrator.java:169)
	at org.junit.platform.launcher.core.EngineExecutionOrchestrator.execute(EngineExecutionOrchestrator.java:93)
	at org.junit.platform.launcher.core.EngineExecutionOrchestrator.lambda$execute$0(EngineExecutionOrchestrator.java:58)
	at org.junit.platform.launcher.core.EngineExecutionOrchestrator.withInterceptedStreams(EngineExecutionOrchestrator.java:141)
	at org.junit.platform.launcher.core.EngineExecutionOrchestrator.execute(EngineExecutionOrchestrator.java:57)
	at org.junit.platform.launcher.core.DefaultLauncher.execute(DefaultLauncher.java:103)
	at org.junit.platform.launcher.core.DefaultLauncher.execute(DefaultLauncher.java:85)
	at org.junit.platform.launcher.core.DelegatingLauncher.execute(DelegatingLauncher.java:47)
	at org.apache.maven.surefire.junitplatform.LazyLauncher.execute(LazyLauncher.java:56)
	at org.apache.maven.surefire.junitplatform.JUnitPlatformProvider.execute(JUnitPlatformProvider.java:184)
	at org.apache.maven.surefire.junitplatform.JUnitPlatformProvider.invokeAllTests(JUnitPlatformProvider.java:148)
	at org.apache.maven.surefire.junitplatform.JUnitPlatformProvider.invoke(JUnitPlatformProvider.java:122)
	at org.apache.maven.surefire.booter.ForkedBooter.runSuitesInProcess(ForkedBooter.java:385)
	at org.apache.maven.surefire.booter.ForkedBooter.execute(ForkedBooter.java:162)
	at org.apache.maven.surefire.booter.ForkedBooter.run(ForkedBooter.java:507)
	at org.apache.maven.surefire.booter.ForkedBooter.main(ForkedBooter.java:495)

[ERRO] 2026-01-09 18:51:47.152 - Erro-78
  Exceção: java.lang.RuntimeException: Erro 78
java.lang.RuntimeException: Erro 78
	at testes.ErrorLoggerTest.testeLogNaoCresceIndefinidamente(ErrorLoggerTest.java:389)
	at java.base/jdk.internal.reflect.DirectMethodHandleAccessor.invoke(DirectMethodHandleAccessor.java:103)
	at java.base/java.lang.reflect.Method.invoke(Method.java:580)
	at org.junit.platform.commons.util.ReflectionUtils.invokeMethod(ReflectionUtils.java:728)
	at org.junit.jupiter.engine.execution.MethodInvocation.proceed(MethodInvocation.java:60)
	at org.junit.jupiter.engine.execution.InvocationInterceptorChain$ValidatingInvocation.proceed(InvocationInterceptorChain.java:131)
	at org.junit.jupiter.engine.extension.TimeoutExtension.intercept(TimeoutExtension.java:156)
	at org.junit.jupiter.engine.extension.TimeoutExtension.interceptTestableMethod(TimeoutExtension.java:147)
	at org.junit.jupiter.engine.extension.TimeoutExtension.interceptTestMethod(TimeoutExtension.java:86)
	at org.junit.jupiter.engine.execution.InterceptingExecutableInvoker$ReflectiveInterceptorCall.lambda$ofVoidMethod$0(InterceptingExecutableInvoker.java:103)
	at org.junit.jupiter.engine.execution.InterceptingExecutableInvoker.lambda$invoke$0(InterceptingExecutableInvoker.java:93)
	at org.junit.jupiter.engine.execution.InvocationInterceptorChain$InterceptedInvocation.proceed(InvocationInterceptorChain.java:106)
	at org.junit.jupiter.engine.execution.InvocationInterceptorChain.proceed(InvocationInterceptorChain.java:64)
	at org.junit.jupiter.engine.execution.InvocationInterceptorChain.chainAndInvoke(InvocationInterceptorChain.java:45)
	at org.junit.jupiter.engine.execution.InvocationInterceptorChain.invoke(InvocationInterceptorChain.java:37)
	at org.junit.jupiter.engine.execution.InterceptingExecutableInvoker.invoke(InterceptingExecutableInvoker.java:92)
	at org.junit.jupiter.engine.execution.InterceptingExecutableInvoker.invoke(InterceptingExecutableInvoker.java:86)
	at org.junit.jupiter.engine.descriptor.TestMethodTestDescriptor.lambda$invokeTestMethod$7(TestMethodTestDescriptor.java:218)
	at org.junit.platform.engine.support.hierarchical.ThrowableCollector.execute(ThrowableCollector.java:73)
	at org.junit.jupiter.engine.descriptor.TestMethodTestDescriptor.invokeTestMethod(TestMethodTestDescriptor.java:214)
	at org.junit.jupiter.engine.descriptor.TestMethodTestDescriptor.execute(TestMethodTestDescriptor.java:139)
	at org.junit.jupiter.engine.descriptor.TestMethodTestDescriptor.execute(TestMethodTestDescriptor.java:69)
	at org.junit.platform.engine.support.hierarchical.NodeTestTask.lambda$executeRecursively$6(NodeTestTask.java:151)
	at org.junit.platform.engine.support.hierarchical.ThrowableCollector.execute(ThrowableCollector.java:73)
	at org.junit.platform.engine.support.hierarchical.NodeTestTask.lambda$executeRecursively$8(NodeTestTask.java:141)
	at org.junit.platform.engine.support.hierarchical.Node.around(Node.java:137)
	at org.junit.platform.engine.support.hierarchical.NodeTestTask.lambda$executeRecursively$9(NodeTestTask.java:139)
	at org.junit.platform.engine.support.hierarchical.ThrowableCollector.execute(ThrowableCollector.java:73)
	at org.junit.platform.engine.support.hierarchical.NodeTestTask.executeRecursively(NodeTestTask.java:138)
	at org.junit.platform.engine.support.hierarchical.NodeTestTask.execute(NodeTestTask.java:95)
	at java.base/java.util.ArrayList.forEach(ArrayList.java:1597)
	at org.junit.platform.engine.support.hierarchical.SameThreadHierarchicalTestExecutorService.invokeAll(SameThreadHierarchicalTestExecutorService.java:41)
	at org.junit.platform.engine.support.hierarchical.NodeTestTask.lambda$executeRecursively$6(NodeTestTask.java:155)
	at org.junit.platform.engine.support.hierarchical.ThrowableCollector.execute(ThrowableCollector.java:73)
	at org.junit.platform.engine.support.hierarchical.NodeTestTask.lambda$executeRecursively$8(NodeTestTask.java:141)
	at org.junit.platform.engine.support.hierarchical.Node.around(Node.java:137)
	at org.junit.platform.engine.support.hierarchical.NodeTestTask.lambda$executeRecursively$9(NodeTestTask.java:139)
	at org.junit.platform.engine.support.hierarchical.ThrowableCollector.execute(ThrowableCollector.java:73)
	at org.junit.platform.engine.support.hierarchical.NodeTestTask.executeRecursively(NodeTestTask.java:138)
	at org.junit.platform.engine.support.hierarchical.NodeTestTask.execute(NodeTestTask.java:95)
	at java.base/java.util.ArrayList.forEach(ArrayList.java:1597)
	at org.junit.platform.engine.support.hierarchical.SameThreadHierarchicalTestExecutorService.invokeAll(SameThreadHierarchicalTestExecutorService.java:41)
	at org.junit.platform.engine.support.hierarchical.NodeTestTask.lambda$executeRecursively$6(NodeTestTask.java:155)
	at org.junit.platform.engine.support.hierarchical.ThrowableCollector.execute(ThrowableCollector.java:73)
	at org.junit.platform.engine.support.hierarchical.NodeTestTask.lambda$executeRecursively$8(NodeTestTask.java:141)
	at org.junit.platform.engine.support.hierarchical.Node.around(Node.java:137)
	at org.junit.platform.engine.support.hierarchical.NodeTestTask.lambda$executeRecursively$9(NodeTestTask.java:139)
	at org.junit.platform.engine.support.hierarchical.ThrowableCollector.execute(ThrowableCollector.java:73)
	at org.junit.platform.engine.support.hierarchical.NodeTestTask.executeRecursively(NodeTestTask.java:138)
	at org.junit.platform.engine.support.hierarchical.NodeTestTask.execute(NodeTestTask.java:95)
	at org.junit.platform.engine.support.hierarchical.SameThreadHierarchicalTestExecutorService.submit(SameThreadHierarchicalTestExecutorService.java:35)
	at org.junit.platform.engine.support.hierarchical.HierarchicalTestExecutor.execute(HierarchicalTestExecutor.java:57)
	at org.junit.platform.engine.support.hierarchical.HierarchicalTestEngine.execute(HierarchicalTestEngine.java:54)
	at org.junit.platform.launcher.core.EngineExecutionOrchestrator.execute(EngineExecutionOrchestrator.java:198)
	at org.junit.platform.launcher.core.EngineExecutionOrchestrator.execute(EngineExecutionOrchestrator.java:169)
	at org.junit.platform.launcher.core.EngineExecutionOrchestrator.execute(EngineExecutionOrchestrator.java:93)
	at org.junit.platform.launcher.core.EngineExecutionOrchestrator.lambda$execute$0(EngineExecutionOrchestrator.java:58)
	at org.junit.platform.launcher.core.EngineExecutionOrchestrator.withInterceptedStreams(EngineExecutionOrchestrator.java:141)
	at org.junit.platform.launcher.core.EngineExecutionOrchestrator.execute(EngineExecutionOrchestrator.java:57)
	at org.junit.platform.launcher.core.DefaultLauncher.execute(DefaultLauncher.java:103)
	at org.junit.platform.launcher.core.DefaultLauncher.execute(DefaultLauncher.java:85)
	at org.junit.platform.launcher.core.DelegatingLauncher.execute(DelegatingLauncher.java:47)
	at org.apache.maven.surefire.junitplatform.LazyLauncher.execute(LazyLauncher.java:56)
	at org.apache.maven.surefire.junitplatform.JUnitPlatformProvider.execute(JUnitPlatformProvider.java:184)
	at org.apache.maven.surefire.junitplatform.JUnitPlatformProvider.invokeAllTests(JUnitPlatformProvider.java:148)
	at org.apache.maven.surefire.junitplatform.JUnitPlatformProvider.invoke(JUnitPlatformProvider.java:122)
	at org.apache.maven.surefire.booter.ForkedBooter.runSuitesInProcess(ForkedBooter.java:385)
	at org.apache.maven.surefire.booter.ForkedBooter.execute(ForkedBooter.java:162)
	at org.apache.maven.surefire.booter.ForkedBooter.run(ForkedBooter.java:507)
	at org.apache.maven.surefire.booter.ForkedBooter.main(ForkedBooter.java:495)

[ERRO] 2026-01-09 18:51:47.152 - Erro-79
  Exceção: java.lang.RuntimeException: Erro 79
java.lang.RuntimeException: Erro 79
	at testes.ErrorLoggerTest.testeLogNaoCresceIndefinidamente(ErrorLoggerTest.java:389)
	at java.base/jdk.internal.reflect.DirectMethodHandleAccessor.invoke(DirectMethodHandleAccessor.java:103)
	at java.base/java.lang.reflect.Method.invoke(Method.java:580)
	at org.junit.platform.commons.util.ReflectionUtils.invokeMethod(ReflectionUtils.java:728)
	at org.junit.jupiter.engine.execution.MethodInvocation.proceed(MethodInvocation.java:60)
	at org.junit.jupiter.engine.execution.InvocationInterceptorChain$ValidatingInvocation.proceed(InvocationInterceptorChain.java:131)
	at org.junit.jupiter.engine.extension.TimeoutExtension.intercept(TimeoutExtension.java:156)
	at org.junit.jupiter.engine.extension.TimeoutExtension.interceptTestableMethod(TimeoutExtension.java:147)
	at org.junit.jupiter.engine.extension.TimeoutExtension.interceptTestMethod(TimeoutExtension.java:86)
	at org.junit.jupiter.engine.execution.InterceptingExecutableInvoker$ReflectiveInterceptorCall.lambda$ofVoidMethod$0(InterceptingExecutableInvoker.java:103)
	at org.junit.jupiter.engine.execution.InterceptingExecutableInvoker.lambda$invoke$0(InterceptingExecutableInvoker.java:93)
	at org.junit.jupiter.engine.execution.InvocationInterceptorChain$InterceptedInvocation.proceed(InvocationInterceptorChain.java:106)
	at org.junit.jupiter.engine.execution.InvocationInterceptorChain.proceed(InvocationInterceptorChain.java:64)
	at org.junit.jupiter.engine.execution.InvocationInterceptorChain.chainAndInvoke(InvocationInterceptorChain.java:45)
	at org.junit.jupiter.engine.execution.InvocationInterceptorChain.invoke(InvocationInterceptorChain.java:37)
	at org.junit.jupiter.engine.execution.InterceptingExecutableInvoker.invoke(InterceptingExecutableInvoker.java:92)
	at org.junit.jupiter.engine.execution.InterceptingExecutableInvoker.invoke(InterceptingExecutableInvoker.java:86)
	at org.junit.jupiter.engine.descriptor.TestMethodTestDescriptor.lambda$invokeTestMethod$7(TestMethodTestDescriptor.java:218)
	at org.junit.platform.engine.support.hierarchical.ThrowableCollector.execute(ThrowableCollector.java:73)
	at org.junit.jupiter.engine.descriptor.TestMethodTestDescriptor.invokeTestMethod(TestMethodTestDescriptor.java:214)
	at org.junit.jupiter.engine.descriptor.TestMethodTestDescriptor.execute(TestMethodTestDescriptor.java:139)
	at org.junit.jupiter.engine.descriptor.TestMethodTestDescriptor.execute(TestMethodTestDescriptor.java:69)
	at org.junit.platform.engine.support.hierarchical.NodeTestTask.lambda$executeRecursively$6(NodeTestTask.java:151)
	at org.junit.platform.engine.support.hierarchical.ThrowableCollector.execute(ThrowableCollector.java:73)
	at org.junit.platform.engine.support.hierarchical.NodeTestTask.lambda$executeRecursively$8(NodeTestTask.java:141)
	at org.junit.platform.engine.support.hierarchical.Node.around(Node.java:137)
	at org.junit.platform.engine.support.hierarchical.NodeTestTask.lambda$executeRecursively$9(NodeTestTask.java:139)
	at org.junit.platform.engine.support.hierarchical.ThrowableCollector.execute(ThrowableCollector.java:73)
	at org.junit.platform.engine.support.hierarchical.NodeTestTask.executeRecursively(NodeTestTask.java:138)
	at org.junit.platform.engine.support.hierarchical.NodeTestTask.execute(NodeTestTask.java:95)
	at java.base/java.util.ArrayList.forEach(ArrayList.java:1597)
	at org.junit.platform.engine.support.hierarchical.SameThreadHierarchicalTestExecutorService.invokeAll(SameThreadHierarchicalTestExecutorService.java:41)
	at org.junit.platform.engine.support.hierarchical.NodeTestTask.lambda$executeRecursively$6(NodeTestTask.java:155)
	at org.junit.platform.engine.support.hierarchical.ThrowableCollector.execute(ThrowableCollector.java:73)
	at org.junit.platform.engine.support.hierarchical.NodeTestTask.lambda$executeRecursively$8(NodeTestTask.java:141)
	at org.junit.platform.engine.support.hierarchical.Node.around(Node.java:137)
	at org.junit.platform.engine.support.hierarchical.NodeTestTask.lambda$executeRecursively$9(NodeTestTask.java:139)
	at org.junit.platform.engine.support.hierarchical.ThrowableCollector.execute(ThrowableCollector.java:73)
	at org.junit.platform.engine.support.hierarchical.NodeTestTask.executeRecursively(NodeTestTask.java:138)
	at org.junit.platform.engine.support.hierarchical.NodeTestTask.execute(NodeTestTask.java:95)
	at java.base/java.util.ArrayList.forEach(ArrayList.java:1597)
	at org.junit.platform.engine.support.hierarchical.SameThreadHierarchicalTestExecutorService.invokeAll(SameThreadHierarchicalTestExecutorService.java:41)
	at org.junit.platform.engine.support.hierarchical.NodeTestTask.lambda$executeRecursively$6(NodeTestTask.java:155)
	at org.junit.platform.engine.support.hierarchical.ThrowableCollector.execute(ThrowableCollector.java:73)
	at org.junit.platform.engine.support.hierarchical.NodeTestTask.lambda$executeRecursively$8(NodeTestTask.java:141)
	at org.junit.platform.engine.support.hierarchical.Node.around(Node.java:137)
	at org.junit.platform.engine.support.hierarchical.NodeTestTask.lambda$executeRecursively$9(NodeTestTask.java:139)
	at org.junit.platform.engine.support.hierarchical.ThrowableCollector.execute(ThrowableCollector.java:73)
	at org.junit.platform.engine.support.hierarchical.NodeTestTask.executeRecursively(NodeTestTask.java:138)
	at org.junit.platform.engine.support.hierarchical.NodeTestTask.execute(NodeTestTask.java:95)
	at org.junit.platform.engine.support.hierarchical.SameThreadHierarchicalTestExecutorService.submit(SameThreadHierarchicalTestExecutorService.java:35)
	at org.junit.platform.engine.support.hierarchical.HierarchicalTestExecutor.execute(HierarchicalTestExecutor.java:57)
	at org.junit.platform.engine.support.hierarchical.HierarchicalTestEngine.execute(HierarchicalTestEngine.java:54)
	at org.junit.platform.launcher.core.EngineExecutionOrchestrator.execute(EngineExecutionOrchestrator.java:198)
	at org.junit.platform.launcher.core.EngineExecutionOrchestrator.execute(EngineExecutionOrchestrator.java:169)
	at org.junit.platform.launcher.core.EngineExecutionOrchestrator.execute(EngineExecutionOrchestrator.java:93)
	at org.junit.platform.launcher.core.EngineExecutionOrchestrator.lambda$execute$0(EngineExecutionOrchestrator.java:58)
	at org.junit.platform.launcher.core.EngineExecutionOrchestrator.withInterceptedStreams(EngineExecutionOrchestrator.java:141)
	at org.junit.platform.launcher.core.EngineExecutionOrchestrator.execute(EngineExecutionOrchestrator.java:57)
	at org.junit.platform.launcher.core.DefaultLauncher.execute(DefaultLauncher.java:103)
	at org.junit.platform.launcher.core.DefaultLauncher.execute(DefaultLauncher.java:85)
	at org.junit.platform.launcher.core.DelegatingLauncher.execute(DelegatingLauncher.java:47)
	at org.apache.maven.surefire.junitplatform.LazyLauncher.execute(LazyLauncher.java:56)
	at org.apache.maven.surefire.junitplatform.JUnitPlatformProvider.execute(JUnitPlatformProvider.java:184)
	at org.apache.maven.surefire.junitplatform.JUnitPlatformProvider.invokeAllTests(JUnitPlatformProvider.java:148)
	at org.apache.maven.surefire.junitplatform.JUnitPlatformProvider.invoke(JUnitPlatformProvider.java:122)
	at org.apache.maven.surefire.booter.ForkedBooter.runSuitesInProcess(ForkedBooter.java:385)
	at org.apache.maven.surefire.booter.ForkedBooter.execute(ForkedBooter.java:162)
	at org.apache.maven.surefire.booter.ForkedBooter.run(ForkedBooter.java:507)
	at org.apache.maven.surefire.booter.ForkedBooter.main(ForkedBooter.java:495)

[ERRO] 2026-01-09 18:51:47.153 - Erro-80
  Exceção: java.lang.RuntimeException: Erro 80
java.lang.RuntimeException: Erro 80
	at testes.ErrorLoggerTest.testeLogNaoCresceIndefinidamente(ErrorLoggerTest.java:389)
	at java.base/jdk.internal.reflect.DirectMethodHandleAccessor.invoke(DirectMethodHandleAccessor.java:103)
	at java.base/java.lang.reflect.Method.invoke(Method.java:580)
	at org.junit.platform.commons.util.ReflectionUtils.invokeMethod(ReflectionUtils.java:728)
	at org.junit.jupiter.engine.execution.MethodInvocation.proceed(MethodInvocation.java:60)
	at org.junit.jupiter.engine.execution.InvocationInterceptorChain$ValidatingInvocation.proceed(InvocationInterceptorChain.java:131)
	at org.junit.jupiter.engine.extension.TimeoutExtension.intercept(TimeoutExtension.java:156)
	at org.junit.jupiter.engine.extension.TimeoutExtension.interceptTestableMethod(TimeoutExtension.java:147)
	at org.junit.jupiter.engine.extension.TimeoutExtension.interceptTestMethod(TimeoutExtension.java:86)
	at org.junit.jupiter.engine.execution.InterceptingExecutableInvoker$ReflectiveInterceptorCall.lambda$ofVoidMethod$0(InterceptingExecutableInvoker.java:103)
	at org.junit.jupiter.engine.execution.InterceptingExecutableInvoker.lambda$invoke$0(InterceptingExecutableInvoker.java:93)
	at org.junit.jupiter.engine.execution.InvocationInterceptorChain$InterceptedInvocation.proceed(InvocationInterceptorChain.java:106)
	at org.junit.jupiter.engine.execution.InvocationInterceptorChain.proceed(InvocationInterceptorChain.java:64)
	at org.junit.jupiter.engine.execution.InvocationInterceptorChain.chainAndInvoke(InvocationInterceptorChain.java:45)
	at org.junit.jupiter.engine.execution.InvocationInterceptorChain.invoke(InvocationInterceptorChain.java:37)
	at org.junit.jupiter.engine.execution.InterceptingExecutableInvoker.invoke(InterceptingExecutableInvoker.java:92)
	at org.junit.jupiter.engine.execution.InterceptingExecutableInvoker.invoke(InterceptingExecutableInvoker.java:86)
	at org.junit.jupiter.engine.descriptor.TestMethodTestDescriptor.lambda$invokeTestMethod$7(TestMethodTestDescriptor.java:218)
	at org.junit.platform.engine.support.hierarchical.ThrowableCollector.execute(ThrowableCollector.java:73)
	at org.junit.jupiter.engine.descriptor.TestMethodTestDescriptor.invokeTestMethod(TestMethodTestDescriptor.java:214)
	at org.junit.jupiter.engine.descriptor.TestMethodTestDescriptor.execute(TestMethodTestDescriptor.java:139)
	at org.junit.jupiter.engine.descriptor.TestMethodTestDescriptor.execute(TestMethodTestDescriptor.java:69)
	at org.junit.platform.engine.support.hierarchical.NodeTestTask.lambda$executeRecursively$6(NodeTestTask.java:151)
	at org.junit.platform.engine.support.hierarchical.ThrowableCollector.execute(ThrowableCollector.java:73)
	at org.junit.platform.engine.support.hierarchical.NodeTestTask.lambda$executeRecursively$8(NodeTestTask.java:141)
	at org.junit.platform.engine.support.hierarchical.Node.around(Node.java:137)
	at org.junit.platform.engine.support.hierarchical.NodeTestTask.lambda$executeRecursively$9(NodeTestTask.java:139)
	at org.junit.platform.engine.support.hierarchical.ThrowableCollector.execute(ThrowableCollector.java:73)
	at org.junit.platform.engine.support.hierarchical.NodeTestTask.executeRecursively(NodeTestTask.java:138)
	at org.junit.platform.engine.support.hierarchical.NodeTestTask.execute(NodeTestTask.java:95)
	at java.base/java.util.ArrayList.forEach(ArrayList.java:1597)
	at org.junit.platform.engine.support.hierarchical.SameThreadHierarchicalTestExecutorService.invokeAll(SameThreadHierarchicalTestExecutorService.java:41)
	at org.junit.platform.engine.support.hierarchical.NodeTestTask.lambda$executeRecursively$6(NodeTestTask.java:155)
	at org.junit.platform.engine.support.hierarchical.ThrowableCollector.execute(ThrowableCollector.java:73)
	at org.junit.platform.engine.support.hierarchical.NodeTestTask.lambda$executeRecursively$8(NodeTestTask.java:141)
	at org.junit.platform.engine.support.hierarchical.Node.around(Node.java:137)
	at org.junit.platform.engine.support.hierarchical.NodeTestTask.lambda$executeRecursively$9(NodeTestTask.java:139)
	at org.junit.platform.engine.support.hierarchical.ThrowableCollector.execute(ThrowableCollector.java:73)
	at org.junit.platform.engine.support.hierarchical.NodeTestTask.executeRecursively(NodeTestTask.java:138)
	at org.junit.platform.engine.support.hierarchical.NodeTestTask.execute(NodeTestTask.java:95)
	at java.base/java.util.ArrayList.forEach(ArrayList.java:1597)
	at org.junit.platform.engine.support.hierarchical.SameThreadHierarchicalTestExecutorService.invokeAll(SameThreadHierarchicalTestExecutorService.java:41)
	at org.junit.platform.engine.support.hierarchical.NodeTestTask.lambda$executeRecursively$6(NodeTestTask.java:155)
	at org.junit.platform.engine.support.hierarchical.ThrowableCollector.execute(ThrowableCollector.java:73)
	at org.junit.platform.engine.support.hierarchical.NodeTestTask.lambda$executeRecursively$8(NodeTestTask.java:141)
	at org.junit.platform.engine.support.hierarchical.Node.around(Node.java:137)
	at org.junit.platform.engine.support.hierarchical.NodeTestTask.lambda$executeRecursively$9(NodeTestTask.java:139)
	at org.junit.platform.engine.support.hierarchical.ThrowableCollector.execute(ThrowableCollector.java:73)
	at org.junit.platform.engine.support.hierarchical.NodeTestTask.executeRecursively(NodeTestTask.java:138)
	at org.junit.platform.engine.support.hierarchical.NodeTestTask.execute(NodeTestTask.java:95)
	at org.junit.platform.engine.support.hierarchical.SameThreadHierarchicalTestExecutorService.submit(SameThreadHierarchicalTestExecutorService.java:35)
	at org.junit.platform.engine.support.hierarchical.HierarchicalTestExecutor.execute(HierarchicalTestExecutor.java:57)
	at org.junit.platform.engine.support.hierarchical.HierarchicalTestEngine.execute(HierarchicalTestEngine.java:54)
	at org.junit.platform.launcher.core.EngineExecutionOrchestrator.execute(EngineExecutionOrchestrator.java:198)
	at org.junit.platform.launcher.core.EngineExecutionOrchestrator.execute(EngineExecutionOrchestrator.java:169)
	at org.junit.platform.launcher.core.EngineExecutionOrchestrator.execute(EngineExecutionOrchestrator.java:93)
	at org.junit.platform.launcher.core.EngineExecutionOrchestrator.lambda$execute$0(EngineExecutionOrchestrator.java:58)
	at org.junit.platform.launcher.core.EngineExecutionOrchestrator.withInterceptedStreams(EngineExecutionOrchestrator.java:141)
	at org.junit.platform.launcher.core.EngineExecutionOrchestrator.execute(EngineExecutionOrchestrator.java:57)
	at org.junit.platform.launcher.core.DefaultLauncher.execute(DefaultLauncher.java:103)
	at org.junit.platform.launcher.core.DefaultLauncher.execute(DefaultLauncher.java:85)
	at org.junit.platform.launcher.core.DelegatingLauncher.execute(DelegatingLauncher.java:47)
	at org.apache.maven.surefire.junitplatform.LazyLauncher.execute(LazyLauncher.java:56)
	at org.apache.maven.surefire.junitplatform.JUnitPlatformProvider.execute(JUnitPlatformProvider.java:184)
	at org.apache.maven.surefire.junitplatform.JUnitPlatformProvider.invokeAllTests(JUnitPlatformProvider.java:148)
	at org.apache.maven.surefire.junitplatform.JUnitPlatformProvider.invoke(JUnitPlatformProvider.java:122)
	at org.apache.maven.surefire.booter.ForkedBooter.runSuitesInProcess(ForkedBooter.java:385)
	at org.apache.maven.surefire.booter.ForkedBooter.execute(ForkedBooter.java:162)
	at org.apache.maven.surefire.booter.ForkedBooter.run(ForkedBooter.java:507)
	at org.apache.maven.surefire.booter.ForkedBooter.main(ForkedBooter.java:495)

[ERRO] 2026-01-09 18:51:47.153 - Erro-81
  Exceção: java.lang.RuntimeException: Erro 81
java.lang.RuntimeException: Erro 81
	at testes.ErrorLoggerTest.testeLogNaoCresceIndefinidamente(ErrorLoggerTest.java:389)
	at java.base/jdk.internal.reflect.DirectMethodHandleAccessor.invoke(DirectMethodHandleAccessor.java:103)
	at java.base/java.lang.reflect.Method.invoke(Method.java:580)
	at org.junit.platform.commons.util.ReflectionUtils.invokeMethod(ReflectionUtils.java:728)
	at org.junit.jupiter.engine.execution.MethodInvocation.proceed(MethodInvocation.java:60)
	at org.junit.jupiter.engine.execution.InvocationInterceptorChain$ValidatingInvocation.proceed(InvocationInterceptorChain.java:131)
	at org.junit.jupiter.engine.extension.TimeoutExtension.intercept(TimeoutExtension.java:156)
	at org.junit.jupiter.engine.extension.TimeoutExtension.interceptTestableMethod(TimeoutExtension.java:147)
	at org.junit.jupiter.engine.extension.TimeoutExtension.interceptTestMethod(TimeoutExtension.java:86)
	at org.junit.jupiter.engine.execution.InterceptingExecutableInvoker$ReflectiveInterceptorCall.lambda$ofVoidMethod$0(InterceptingExecutableInvoker.java:103)
	at org.junit.jupiter.engine.execution.InterceptingExecutableInvoker.lambda$invoke$0(InterceptingExecutableInvoker.java:93)
	at org.junit.jupiter.engine.execution.InvocationInterceptorChain$InterceptedInvocation.proceed(InvocationInterceptorChain.java:106)
	at org.junit.jupiter.engine.execution.InvocationInterceptorChain.proceed(InvocationInterceptorChain.java:64)
	at org.junit.jupiter.engine.execution.InvocationInterceptorChain.chainAndInvoke(InvocationInterceptorChain.java:45)
	at org.junit.jupiter.engine.execution.InvocationInterceptorChain.invoke(InvocationInterceptorChain.java:37)
	at org.junit.jupiter.engine.execution.InterceptingExecutableInvoker.invoke(InterceptingExecutableInvoker.java:92)
	at org.junit.jupiter.engine.execution.InterceptingExecutableInvoker.invoke(InterceptingExecutableInvoker.java:86)
	at org.junit.jupiter.engine.descriptor.TestMethodTestDescriptor.lambda$invokeTestMethod$7(TestMethodTestDescriptor.java:218)
	at org.junit.platform.engine.support.hierarchical.ThrowableCollector.execute(ThrowableCollector.java:73)
	at org.junit.jupiter.engine.descriptor.TestMethodTestDescriptor.invokeTestMethod(TestMethodTestDescriptor.java:214)
	at org.junit.jupiter.engine.descriptor.TestMethodTestDescriptor.execute(TestMethodTestDescriptor.java:139)
	at org.junit.jupiter.engine.descriptor.TestMethodTestDescriptor.execute(TestMethodTestDescriptor.java:69)
	at org.junit.platform.engine.support.hierarchical.NodeTestTask.lambda$executeRecursively$6(NodeTestTask.java:151)
	at org.junit.platform.engine.support.hierarchical.ThrowableCollector.execute(ThrowableCollector.java:73)
	at org.junit.platform.engine.support.hierarchical.NodeTestTask.lambda$executeRecursively$8(NodeTestTask.java:141)
	at org.junit.platform.engine.support.hierarchical.Node.around(Node.java:137)
	at org.junit.platform.engine.support.hierarchical.NodeTestTask.lambda$executeRecursively$9(NodeTestTask.java:139)
	at org.junit.platform.engine.support.hierarchical.ThrowableCollector.execute(ThrowableCollector.java:73)
	at org.junit.platform.engine.support.hierarchical.NodeTestTask.executeRecursively(NodeTestTask.java:138)
	at org.junit.platform.engine.support.hierarchical.NodeTestTask.execute(NodeTestTask.java:95)
	at java.base/java.util.ArrayList.forEach(ArrayList.java:1597)
	at org.junit.platform.engine.support.hierarchical.SameThreadHierarchicalTestExecutorService.invokeAll(SameThreadHierarchicalTestExecutorService.java:41)
	at org.junit.platform.engine.support.hierarchical.NodeTestTask.lambda$executeRecursively$6(NodeTestTask.java:155)
	at org.junit.platform.engine.support.hierarchical.ThrowableCollector.execute(ThrowableCollector.java:73)
	at org.junit.platform.engine.support.hierarchical.NodeTestTask.lambda$executeRecursively$8(NodeTestTask.java:141)
	at org.junit.platform.engine.support.hierarchical.Node.around(Node.java:137)
	at org.junit.platform.engine.support.hierarchical.NodeTestTask.lambda$executeRecursively$9(NodeTestTask.java:139)
	at org.junit.platform.engine.support.hierarchical.ThrowableCollector.execute(ThrowableCollector.java:73)
	at org.junit.platform.engine.support.hierarchical.NodeTestTask.executeRecursively(NodeTestTask.java:138)
	at org.junit.platform.engine.support.hierarchical.NodeTestTask.execute(NodeTestTask.java:95)
	at java.base/java.util.ArrayList.forEach(ArrayList.java:1597)
	at org.junit.platform.engine.support.hierarchical.SameThreadHierarchicalTestExecutorService.invokeAll(SameThreadHierarchicalTestExecutorService.java:41)
	at org.junit.platform.engine.support.hierarchical.NodeTestTask.lambda$executeRecursively$6(NodeTestTask.java:155)
	at org.junit.platform.engine.support.hierarchical.ThrowableCollector.execute(ThrowableCollector.java:73)
	at org.junit.platform.engine.support.hierarchical.NodeTestTask.lambda$executeRecursively$8(NodeTestTask.java:141)
	at org.junit.platform.engine.support.hierarchical.Node.around(Node.java:137)
	at org.junit.platform.engine.support.hierarchical.NodeTestTask.lambda$executeRecursively$9(NodeTestTask.java:139)
	at org.junit.platform.engine.support.hierarchical.ThrowableCollector.execute(ThrowableCollector.java:73)
	at org.junit.platform.engine.support.hierarchical.NodeTestTask.executeRecursively(NodeTestTask.java:138)
	at org.junit.platform.engine.support.hierarchical.NodeTestTask.execute(NodeTestTask.java:95)
	at org.junit.platform.engine.support.hierarchical.SameThreadHierarchicalTestExecutorService.submit(SameThreadHierarchicalTestExecutorService.java:35)
	at org.junit.platform.engine.support.hierarchical.HierarchicalTestExecutor.execute(HierarchicalTestExecutor.java:57)
	at org.junit.platform.engine.support.hierarchical.HierarchicalTestEngine.execute(HierarchicalTestEngine.java:54)
	at org.junit.platform.launcher.core.EngineExecutionOrchestrator.execute(EngineExecutionOrchestrator.java:198)
	at org.junit.platform.launcher.core.EngineExecutionOrchestrator.execute(EngineExecutionOrchestrator.java:169)
	at org.junit.platform.launcher.core.EngineExecutionOrchestrator.execute(EngineExecutionOrchestrator.java:93)
	at org.junit.platform.launcher.core.EngineExecutionOrchestrator.lambda$execute$0(EngineExecutionOrchestrator.java:58)
	at org.junit.platform.launcher.core.EngineExecutionOrchestrator.withInterceptedStreams(EngineExecutionOrchestrator.java:141)
	at org.junit.platform.launcher.core.EngineExecutionOrchestrator.execute(EngineExecutionOrchestrator.java:57)
	at org.junit.platform.launcher.core.DefaultLauncher.execute(DefaultLauncher.java:103)
	at org.junit.platform.launcher.core.DefaultLauncher.execute(DefaultLauncher.java:85)
	at org.junit.platform.launcher.core.DelegatingLauncher.execute(DelegatingLauncher.java:47)
	at org.apache.maven.surefire.junitplatform.LazyLauncher.execute(LazyLauncher.java:56)
	at org.apache.maven.surefire.junitplatform.JUnitPlatformProvider.execute(JUnitPlatformProvider.java:184)
	at org.apache.maven.surefire.junitplatform.JUnitPlatformProvider.invokeAllTests(JUnitPlatformProvider.java:148)
	at org.apache.maven.surefire.junitplatform.JUnitPlatformProvider.invoke(JUnitPlatformProvider.java:122)
	at org.apache.maven.surefire.booter.ForkedBooter.runSuitesInProcess(ForkedBooter.java:385)
	at org.apache.maven.surefire.booter.ForkedBooter.execute(ForkedBooter.java:162)
	at org.apache.maven.surefire.booter.ForkedBooter.run(ForkedBooter.java:507)
	at org.apache.maven.surefire.booter.ForkedBooter.main(ForkedBooter.java:495)

[ERRO] 2026-01-09 18:51:47.153 - Erro-82
  Exceção: java.lang.RuntimeException: Erro 82
java.lang.RuntimeException: Erro 82
	at testes.ErrorLoggerTest.testeLogNaoCresceIndefinidamente(ErrorLoggerTest.java:389)
	at java.base/jdk.internal.reflect.DirectMethodHandleAccessor.invoke(DirectMethodHandleAccessor.java:103)
	at java.base/java.lang.reflect.Method.invoke(Method.java:580)
	at org.junit.platform.commons.util.ReflectionUtils.invokeMethod(ReflectionUtils.java:728)
	at org.junit.jupiter.engine.execution.MethodInvocation.proceed(MethodInvocation.java:60)
	at org.junit.jupiter.engine.execution.InvocationInterceptorChain$ValidatingInvocation.proceed(InvocationInterceptorChain.java:131)
	at org.junit.jupiter.engine.extension.TimeoutExtension.intercept(TimeoutExtension.java:156)
	at org.junit.jupiter.engine.extension.TimeoutExtension.interceptTestableMethod(TimeoutExtension.java:147)
	at org.junit.jupiter.engine.extension.TimeoutExtension.interceptTestMethod(TimeoutExtension.java:86)
	at org.junit.jupiter.engine.execution.InterceptingExecutableInvoker$ReflectiveInterceptorCall.lambda$ofVoidMethod$0(InterceptingExecutableInvoker.java:103)
	at org.junit.jupiter.engine.execution.InterceptingExecutableInvoker.lambda$invoke$0(InterceptingExecutableInvoker.java:93)
	at org.junit.jupiter.engine.execution.InvocationInterceptorChain$InterceptedInvocation.proceed(InvocationInterceptorChain.java:106)
	at org.junit.jupiter.engine.execution.InvocationInterceptorChain.proceed(InvocationInterceptorChain.java:64)
	at org.junit.jupiter.engine.execution.InvocationInterceptorChain.chainAndInvoke(InvocationInterceptorChain.java:45)
	at org.junit.jupiter.engine.execution.InvocationInterceptorChain.invoke(InvocationInterceptorChain.java:37)
	at org.junit.jupiter.engine.execution.InterceptingExecutableInvoker.invoke(InterceptingExecutableInvoker.java:92)
	at org.junit.jupiter.engine.execution.InterceptingExecutableInvoker.invoke(InterceptingExecutableInvoker.java:86)
	at org.junit.jupiter.engine.descriptor.TestMethodTestDescriptor.lambda$invokeTestMethod$7(TestMethodTestDescriptor.java:218)
	at org.junit.platform.engine.support.hierarchical.ThrowableCollector.execute(ThrowableCollector.java:73)
	at org.junit.jupiter.engine.descriptor.TestMethodTestDescriptor.invokeTestMethod(TestMethodTestDescriptor.java:214)
	at org.junit.jupiter.engine.descriptor.TestMethodTestDescriptor.execute(TestMethodTestDescriptor.java:139)
	at org.junit.jupiter.engine.descriptor.TestMethodTestDescriptor.execute(TestMethodTestDescriptor.java:69)
	at org.junit.platform.engine.support.hierarchical.NodeTestTask.lambda$executeRecursively$6(NodeTestTask.java:151)
	at org.junit.platform.engine.support.hierarchical.ThrowableCollector.execute(ThrowableCollector.java:73)
	at org.junit.platform.engine.support.hierarchical.NodeTestTask.lambda$executeRecursively$8(NodeTestTask.java:141)
	at org.junit.platform.engine.support.hierarchical.Node.around(Node.java:137)
	at org.junit.platform.engine.support.hierarchical.NodeTestTask.lambda$executeRecursively$9(NodeTestTask.java:139)
	at org.junit.platform.engine.support.hierarchical.ThrowableCollector.execute(ThrowableCollector.java:73)
	at org.junit.platform.engine.support.hierarchical.NodeTestTask.executeRecursively(NodeTestTask.java:138)
	at org.junit.platform.engine.support.hierarchical.NodeTestTask.execute(NodeTestTask.java:95)
	at java.base/java.util.ArrayList.forEach(ArrayList.java:1597)
	at org.junit.platform.engine.support.hierarchical.SameThreadHierarchicalTestExecutorService.invokeAll(SameThreadHierarchicalTestExecutorService.java:41)
	at org.junit.platform.engine.support.hierarchical.NodeTestTask.lambda$executeRecursively$6(NodeTestTask.java:155)
	at org.junit.platform.engine.support.hierarchical.ThrowableCollector.execute(ThrowableCollector.java:73)
	at org.junit.platform.engine.support.hierarchical.NodeTestTask.lambda$executeRecursively$8(NodeTestTask.java:141)
	at org.junit.platform.engine.support.hierarchical.Node.around(Node.java:137)
	at org.junit.platform.engine.support.hierarchical.NodeTestTask.lambda$executeRecursively$9(NodeTestTask.java:139)
	at org.junit.platform.engine.support.hierarchical.ThrowableCollector.execute(ThrowableCollector.java:73)
	at org.junit.platform.engine.support.hierarchical.NodeTestTask.executeRecursively(NodeTestTask.java:138)
	at org.junit.platform.engine.support.hierarchical.NodeTestTask.execute(NodeTestTask.java:95)
	at java.base/java.util.ArrayList.forEach(ArrayList.java:1597)
	at org.junit.platform.engine.support.hierarchical.SameThreadHierarchicalTestExecutorService.invokeAll(SameThreadHierarchicalTestExecutorService.java:41)
	at org.junit.platform.engine.support.hierarchical.NodeTestTask.lambda$executeRecursively$6(NodeTestTask.java:155)
	at org.junit.platform.engine.support.hierarchical.ThrowableCollector.execute(ThrowableCollector.java:73)
	at org.junit.platform.engine.support.hierarchical.NodeTestTask.lambda$executeRecursively$8(NodeTestTask.java:141)
	at org.junit.platform.engine.support.hierarchical.Node.around(Node.java:137)
	at org.junit.platform.engine.support.hierarchical.NodeTestTask.lambda$executeRecursively$9(NodeTestTask.java:139)
	at org.junit.platform.engine.support.hierarchical.ThrowableCollector.execute(ThrowableCollector.java:73)
	at org.junit.platform.engine.support.hierarchical.NodeTestTask.executeRecursively(NodeTestTask.java:138)
	at org.junit.platform.engine.support.hierarchical.NodeTestTask.execute(NodeTestTask.java:95)
	at org.junit.platform.engine.support.hierarchical.SameThreadHierarchicalTestExecutorService.submit(SameThreadHierarchicalTestExecutorService.java:35)
	at org.junit.platform.engine.support.hierarchical.HierarchicalTestExecutor.execute(HierarchicalTestExecutor.java:57)
	at org.junit.platform.engine.support.hierarchical.HierarchicalTestEngine.execute(HierarchicalTestEngine.java:54)
	at org.junit.platform.launcher.core.EngineExecutionOrchestrator.execute(EngineExecutionOrchestrator.java:198)
	at org.junit.platform.launcher.core.EngineExecutionOrchestrator.execute(EngineExecutionOrchestrator.java:169)
	at org.junit.platform.launcher.core.EngineExecutionOrchestrator.execute(EngineExecutionOrchestrator.java:93)
	at org.junit.platform.launcher.core.EngineExecutionOrchestrator.lambda$execute$0(EngineExecutionOrchestrator.java:58)
	at org.junit.platform.launcher.core.EngineExecutionOrchestrator.withInterceptedStreams(EngineExecutionOrchestrator.java:141)
	at org.junit.platform.launcher.core.EngineExecutionOrchestrator.execute(EngineExecutionOrchestrator.java:57)
	at org.junit.platform.launcher.core.DefaultLauncher.execute(DefaultLauncher.java:103)
	at org.junit.platform.launcher.core.DefaultLauncher.execute(DefaultLauncher.java:85)
	at org.junit.platform.launcher.core.DelegatingLauncher.execute(DelegatingLauncher.java:47)
	at org.apache.maven.surefire.junitplatform.LazyLauncher.execute(LazyLauncher.java:56)
	at org.apache.maven.surefire.junitplatform.JUnitPlatformProvider.execute(JUnitPlatformProvider.java:184)
	at org.apache.maven.surefire.junitplatform.JUnitPlatformProvider.invokeAllTests(JUnitPlatformProvider.java:148)
	at org.apache.maven.surefire.junitplatform.JUnitPlatformProvider.invoke(JUnitPlatformProvider.java:122)
	at org.apache.maven.surefire.booter.ForkedBooter.runSuitesInProcess(ForkedBooter.java:385)
	at org.apache.maven.surefire.booter.ForkedBooter.execute(ForkedBooter.java:162)
	at org.apache.maven.surefire.booter.ForkedBooter.run(ForkedBooter.java:507)
	at org.apache.maven.surefire.booter.ForkedBooter.main(ForkedBooter.java:495)

[ERRO] 2026-01-09 18:51:47.153 - Erro-83
  Exceção: java.lang.RuntimeException: Erro 83
java.lang.RuntimeException: Erro 83
	at testes.ErrorLoggerTest.testeLogNaoCresceIndefinidamente(ErrorLoggerTest.java:389)
	at java.base/jdk.internal.reflect.DirectMethodHandleAccessor.invoke(DirectMethodHandleAccessor.java:103)
	at java.base/java.lang.reflect.Method.invoke(Method.java:580)
	at org.junit.platform.commons.util.ReflectionUtils.invokeMethod(ReflectionUtils.java:728)
	at org.junit.jupiter.engine.execution.MethodInvocation.proceed(MethodInvocation.java:60)
	at org.junit.jupiter.engine.execution.InvocationInterceptorChain$ValidatingInvocation.proceed(InvocationInterceptorChain.java:131)
	at org.junit.jupiter.engine.extension.TimeoutExtension.intercept(TimeoutExtension.java:156)
	at org.junit.jupiter.engine.extension.TimeoutExtension.interceptTestableMethod(TimeoutExtension.java:147)
	at org.junit.jupiter.engine.extension.TimeoutExtension.interceptTestMethod(TimeoutExtension.java:86)
	at org.junit.jupiter.engine.execution.InterceptingExecutableInvoker$ReflectiveInterceptorCall.lambda$ofVoidMethod$0(InterceptingExecutableInvoker.java:103)
	at org.junit.jupiter.engine.execution.InterceptingExecutableInvoker.lambda$invoke$0(InterceptingExecutableInvoker.java:93)
	at org.junit.jupiter.engine.execution.InvocationInterceptorChain$InterceptedInvocation.proceed(InvocationInterceptorChain.java:106)
	at org.junit.jupiter.engine.execution.InvocationInterceptorChain.proceed(InvocationInterceptorChain.java:64)
	at org.junit.jupiter.engine.execution.InvocationInterceptorChain.chainAndInvoke(InvocationInterceptorChain.java:45)
	at org.junit.jupiter.engine.execution.InvocationInterceptorChain.invoke(InvocationInterceptorChain.java:37)
	at org.junit.jupiter.engine.execution.InterceptingExecutableInvoker.invoke(InterceptingExecutableInvoker.java:92)
	at org.junit.jupiter.engine.execution.InterceptingExecutableInvoker.invoke(InterceptingExecutableInvoker.java:86)
	at org.junit.jupiter.engine.descriptor.TestMethodTestDescriptor.lambda$invokeTestMethod$7(TestMethodTestDescriptor.java:218)
	at org.junit.platform.engine.support.hierarchical.ThrowableCollector.execute(ThrowableCollector.java:73)
	at org.junit.jupiter.engine.descriptor.TestMethodTestDescriptor.invokeTestMethod(TestMethodTestDescriptor.java:214)
	at org.junit.jupiter.engine.descriptor.TestMethodTestDescriptor.execute(TestMethodTestDescriptor.java:139)
	at org.junit.jupiter.engine.descriptor.TestMethodTestDescriptor.execute(TestMethodTestDescriptor.java:69)
	at org.junit.platform.engine.support.hierarchical.NodeTestTask.lambda$executeRecursively$6(NodeTestTask.java:151)
	at org.junit.platform.engine.support.hierarchical.ThrowableCollector.execute(ThrowableCollector.java:73)
	at org.junit.platform.engine.support.hierarchical.NodeTestTask.lambda$executeRecursively$8(NodeTestTask.java:141)
	at org.junit.platform.engine.support.hierarchical.Node.around(Node.java:137)
	at org.junit.platform.engine.support.hierarchical.NodeTestTask.lambda$executeRecursively$9(NodeTestTask.java:139)
	at org.junit.platform.engine.support.hierarchical.ThrowableCollector.execute(ThrowableCollector.java:73)
	at org.junit.platform.engine.support.hierarchical.NodeTestTask.executeRecursively(NodeTestTask.java:138)
	at org.junit.platform.engine.support.hierarchical.NodeTestTask.execute(NodeTestTask.java:95)
	at java.base/java.util.ArrayList.forEach(ArrayList.java:1597)
	at org.junit.platform.engine.support.hierarchical.SameThreadHierarchicalTestExecutorService.invokeAll(SameThreadHierarchicalTestExecutorService.java:41)
	at org.junit.platform.engine.support.hierarchical.NodeTestTask.lambda$executeRecursively$6(NodeTestTask.java:155)
	at org.junit.platform.engine.support.hierarchical.ThrowableCollector.execute(ThrowableCollector.java:73)
	at org.junit.platform.engine.support.hierarchical.NodeTestTask.lambda$executeRecursively$8(NodeTestTask.java:141)
	at org.junit.platform.engine.support.hierarchical.Node.around(Node.java:137)
	at org.junit.platform.engine.support.hierarchical.NodeTestTask.lambda$executeRecursively$9(NodeTestTask.java:139)
	at org.junit.platform.engine.support.hierarchical.ThrowableCollector.execute(ThrowableCollector.java:73)
	at org.junit.platform.engine.support.hierarchical.NodeTestTask.executeRecursively(NodeTestTask.java:138)
	at org.junit.platform.engine.support.hierarchical.NodeTestTask.execute(NodeTestTask.java:95)
	at java.base/java.util.ArrayList.forEach(ArrayList.java:1597)
	at org.junit.platform.engine.support.hierarchical.SameThreadHierarchicalTestExecutorService.invokeAll(SameThreadHierarchicalTestExecutorService.java:41)
	at org.junit.platform.engine.support.hierarchical.NodeTestTask.lambda$executeRecursively$6(NodeTestTask.java:155)
	at org.junit.platform.engine.support.hierarchical.ThrowableCollector.execute(ThrowableCollector.java:73)
	at org.junit.platform.engine.support.hierarchical.NodeTestTask.lambda$executeRecursively$8(NodeTestTask.java:141)
	at org.junit.platform.engine.support.hierarchical.Node.around(Node.java:137)
	at org.junit.platform.engine.support.hierarchical.NodeTestTask.lambda$executeRecursively$9(NodeTestTask.java:139)
	at org.junit.platform.engine.support.hierarchical.ThrowableCollector.execute(ThrowableCollector.java:73)
	at org.junit.platform.engine.support.hierarchical.NodeTestTask.executeRecursively(NodeTestTask.java:138)
	at org.junit.platform.engine.support.hierarchical.NodeTestTask.execute(NodeTestTask.java:95)
	at org.junit.platform.engine.support.hierarchical.SameThreadHierarchicalTestExecutorService.submit(SameThreadHierarchicalTestExecutorService.java:35)
	at org.junit.platform.engine.support.hierarchical.HierarchicalTestExecutor.execute(HierarchicalTestExecutor.java:57)
	at org.junit.platform.engine.support.hierarchical.HierarchicalTestEngine.execute(HierarchicalTestEngine.java:54)
	at org.junit.platform.launcher.core.EngineExecutionOrchestrator.execute(EngineExecutionOrchestrator.java:198)
	at org.junit.platform.launcher.core.EngineExecutionOrchestrator.execute(EngineExecutionOrchestrator.java:169)
	at org.junit.platform.launcher.core.EngineExecutionOrchestrator.execute(EngineExecutionOrchestrator.java:93)
	at org.junit.platform.launcher.core.EngineExecutionOrchestrator.lambda$execute$0(EngineExecutionOrchestrator.java:58)
	at org.junit.platform.launcher.core.EngineExecutionOrchestrator.withInterceptedStreams(EngineExecutionOrchestrator.java:141)
	at org.junit.platform.launcher.core.EngineExecutionOrchestrator.execute(EngineExecutionOrchestrator.java:57)
	at org.junit.platform.launcher.core.DefaultLauncher.execute(DefaultLauncher.java:103)
	at org.junit.platform.launcher.core.DefaultLauncher.execute(DefaultLauncher.java:85)
	at org.junit.platform.launcher.core.DelegatingLauncher.execute(DelegatingLauncher.java:47)
	at org.apache.maven.surefire.junitplatform.LazyLauncher.execute(LazyLauncher.java:56)
	at org.apache.maven.surefire.junitplatform.JUnitPlatformProvider.execute(JUnitPlatformProvider.java:184)
	at org.apache.maven.surefire.junitplatform.JUnitPlatformProvider.invokeAllTests(JUnitPlatformProvider.java:148)
	at org.apache.maven.surefire.junitplatform.JUnitPlatformProvider.invoke(JUnitPlatformProvider.java:122)
	at org.apache.maven.surefire.booter.ForkedBooter.runSuitesInProcess(ForkedBooter.java:385)
	at org.apache.maven.surefire.booter.ForkedBooter.execute(ForkedBooter.java:162)
	at org.apache.maven.surefire.booter.ForkedBooter.run(ForkedBooter.java:507)
	at org.apache.maven.surefire.booter.ForkedBooter.main(ForkedBooter.java:495)

[ERRO] 2026-01-09 18:51:47.153 - Erro-84
  Exceção: java.lang.RuntimeException: Erro 84
java.lang.RuntimeException: Erro 84
	at testes.ErrorLoggerTest.testeLogNaoCresceIndefinidamente(ErrorLoggerTest.java:389)
	at java.base/jdk.internal.reflect.DirectMethodHandleAccessor.invoke(DirectMethodHandleAccessor.java:103)
	at java.base/java.lang.reflect.Method.invoke(Method.java:580)
	at org.junit.platform.commons.util.ReflectionUtils.invokeMethod(ReflectionUtils.java:728)
	at org.junit.jupiter.engine.execution.MethodInvocation.proceed(MethodInvocation.java:60)
	at org.junit.jupiter.engine.execution.InvocationInterceptorChain$ValidatingInvocation.proceed(InvocationInterceptorChain.java:131)
	at org.junit.jupiter.engine.extension.TimeoutExtension.intercept(TimeoutExtension.java:156)
	at org.junit.jupiter.engine.extension.TimeoutExtension.interceptTestableMethod(TimeoutExtension.java:147)
	at org.junit.jupiter.engine.extension.TimeoutExtension.interceptTestMethod(TimeoutExtension.java:86)
	at org.junit.jupiter.engine.execution.InterceptingExecutableInvoker$ReflectiveInterceptorCall.lambda$ofVoidMethod$0(InterceptingExecutableInvoker.java:103)
	at org.junit.jupiter.engine.execution.InterceptingExecutableInvoker.lambda$invoke$0(InterceptingExecutableInvoker.java:93)
	at org.junit.jupiter.engine.execution.InvocationInterceptorChain$InterceptedInvocation.proceed(InvocationInterceptorChain.java:106)
	at org.junit.jupiter.engine.execution.InvocationInterceptorChain.proceed(InvocationInterceptorChain.java:64)
	at org.junit.jupiter.engine.execution.InvocationInterceptorChain.chainAndInvoke(InvocationInterceptorChain.java:45)
	at org.junit.jupiter.engine.execution.InvocationInterceptorChain.invoke(InvocationInterceptorChain.java:37)
	at org.junit.jupiter.engine.execution.InterceptingExecutableInvoker.invoke(InterceptingExecutableInvoker.java:92)
	at org.junit.jupiter.engine.execution.InterceptingExecutableInvoker.invoke(InterceptingExecutableInvoker.java:86)
	at org.junit.jupiter.engine.descriptor.TestMethodTestDescriptor.lambda$invokeTestMethod$7(TestMethodTestDescriptor.java:218)
	at org.junit.platform.engine.support.hierarchical.ThrowableCollector.execute(ThrowableCollector.java:73)
	at org.junit.jupiter.engine.descriptor.TestMethodTestDescriptor.invokeTestMethod(TestMethodTestDescriptor.java:214)
	at org.junit.jupiter.engine.descriptor.TestMethodTestDescriptor.execute(TestMethodTestDescriptor.java:139)
	at org.junit.jupiter.engine.descriptor.TestMethodTestDescriptor.execute(TestMethodTestDescriptor.java:69)
	at org.junit.platform.engine.support.hierarchical.NodeTestTask.lambda$executeRecursively$6(NodeTestTask.java:151)
	at org.junit.platform.engine.support.hierarchical.ThrowableCollector.execute(ThrowableCollector.java:73)
	at org.junit.platform.engine.support.hierarchical.NodeTestTask.lambda$executeRecursively$8(NodeTestTask.java:141)
	at org.junit.platform.engine.support.hierarchical.Node.around(Node.java:137)
	at org.junit.platform.engine.support.hierarchical.NodeTestTask.lambda$executeRecursively$9(NodeTestTask.java:139)
	at org.junit.platform.engine.support.hierarchical.ThrowableCollector.execute(ThrowableCollector.java:73)
	at org.junit.platform.engine.support.hierarchical.NodeTestTask.executeRecursively(NodeTestTask.java:138)
	at org.junit.platform.engine.support.hierarchical.NodeTestTask.execute(NodeTestTask.java:95)
	at java.base/java.util.ArrayList.forEach(ArrayList.java:1597)
	at org.junit.platform.engine.support.hierarchical.SameThreadHierarchicalTestExecutorService.invokeAll(SameThreadHierarchicalTestExecutorService.java:41)
	at org.junit.platform.engine.support.hierarchical.NodeTestTask.lambda$executeRecursively$6(NodeTestTask.java:155)
	at org.junit.platform.engine.support.hierarchical.ThrowableCollector.execute(ThrowableCollector.java:73)
	at org.junit.platform.engine.support.hierarchical.NodeTestTask.lambda$executeRecursively$8(NodeTestTask.java:141)
	at org.junit.platform.engine.support.hierarchical.Node.around(Node.java:137)
	at org.junit.platform.engine.support.hierarchical.NodeTestTask.lambda$executeRecursively$9(NodeTestTask.java:139)
	at org.junit.platform.engine.support.hierarchical.ThrowableCollector.execute(ThrowableCollector.java:73)
	at org.junit.platform.engine.support.hierarchical.NodeTestTask.executeRecursively(NodeTestTask.java:138)
	at org.junit.platform.engine.support.hierarchical.NodeTestTask.execute(NodeTestTask.java:95)
	at java.base/java.util.ArrayList.forEach(ArrayList.java:1597)
	at org.junit.platform.engine.support.hierarchical.SameThreadHierarchicalTestExecutorService.invokeAll(SameThreadHierarchicalTestExecutorService.java:41)
	at org.junit.platform.engine.support.hierarchical.NodeTestTask.lambda$executeRecursively$6(NodeTestTask.java:155)
	at org.junit.platform.engine.support.hierarchical.ThrowableCollector.execute(ThrowableCollector.java:73)
	at org.junit.platform.engine.support.hierarchical.NodeTestTask.lambda$executeRecursively$8(NodeTestTask.java:141)
	at org.junit.platform.engine.support.hierarchical.Node.around(Node.java:137)
	at org.junit.platform.engine.support.hierarchical.NodeTestTask.lambda$executeRecursively$9(NodeTestTask.java:139)
	at org.junit.platform.engine.support.hierarchical.ThrowableCollector.execute(ThrowableCollector.java:73)
	at org.junit.platform.engine.support.hierarchical.NodeTestTask.executeRecursively(NodeTestTask.java:138)
	at org.junit.platform.engine.support.hierarchical.NodeTestTask.execute(NodeTestTask.java:95)
	at org.junit.platform.engine.support.hierarchical.SameThreadHierarchicalTestExecutorService.submit(SameThreadHierarchicalTestExecutorService.java:35)
	at org.junit.platform.engine.support.hierarchical.HierarchicalTestExecutor.execute(HierarchicalTestExecutor.java:57)
	at org.junit.platform.engine.support.hierarchical.HierarchicalTestEngine.execute(HierarchicalTestEngine.java:54)
	at org.junit.platform.launcher.core.EngineExecutionOrchestrator.execute(EngineExecutionOrchestrator.java:198)
	at org.junit.platform.launcher.core.EngineExecutionOrchestrator.execute(EngineExecutionOrchestrator.java:169)
	at org.junit.platform.launcher.core.EngineExecutionOrchestrator.execute(EngineExecutionOrchestrator.java:93)
	at org.junit.platform.launcher.core.EngineExecutionOrchestrator.lambda$execute$0(EngineExecutionOrchestrator.java:58)
	at org.junit.platform.launcher.core.EngineExecutionOrchestrator.withInterceptedStreams(EngineExecutionOrchestrator.java:141)
	at org.junit.platform.launcher.core.EngineExecutionOrchestrator.execute(EngineExecutionOrchestrator.java:57)
	at org.junit.platform.launcher.core.DefaultLauncher.execute(DefaultLauncher.java:103)
	at org.junit.platform.launcher.core.DefaultLauncher.execute(DefaultLauncher.java:85)
	at org.junit.platform.launcher.core.DelegatingLauncher.execute(DelegatingLauncher.java:47)
	at org.apache.maven.surefire.junitplatform.LazyLauncher.execute(LazyLauncher.java:56)
	at org.apache.maven.surefire.junitplatform.JUnitPlatformProvider.execute(JUnitPlatformProvider.java:184)
	at org.apache.maven.surefire.junitplatform.JUnitPlatformProvider.invokeAllTests(JUnitPlatformProvider.java:148)
	at org.apache.maven.surefire.junitplatform.JUnitPlatformProvider.invoke(JUnitPlatformProvider.java:122)
	at org.apache.maven.surefire.booter.ForkedBooter.runSuitesInProcess(ForkedBooter.java:385)
	at org.apache.maven.surefire.booter.ForkedBooter.execute(ForkedBooter.java:162)
	at org.apache.maven.surefire.booter.ForkedBooter.run(ForkedBooter.java:507)
	at org.apache.maven.surefire.booter.ForkedBooter.main(ForkedBooter.java:495)

[ERRO] 2026-01-09 18:51:47.154 - Erro-85
  Exceção: java.lang.RuntimeException: Erro 85
java.lang.RuntimeException: Erro 85
	at testes.ErrorLoggerTest.testeLogNaoCresceIndefinidamente(ErrorLoggerTest.java:389)
	at java.base/jdk.internal.reflect.DirectMethodHandleAccessor.invoke(DirectMethodHandleAccessor.java:103)
	at java.base/java.lang.reflect.Method.invoke(Method.java:580)
	at org.junit.platform.commons.util.ReflectionUtils.invokeMethod(ReflectionUtils.java:728)
	at org.junit.jupiter.engine.execution.MethodInvocation.proceed(MethodInvocation.java:60)
	at org.junit.jupiter.engine.execution.InvocationInterceptorChain$ValidatingInvocation.proceed(InvocationInterceptorChain.java:131)
	at org.junit.jupiter.engine.extension.TimeoutExtension.intercept(TimeoutExtension.java:156)
	at org.junit.jupiter.engine.extension.TimeoutExtension.interceptTestableMethod(TimeoutExtension.java:147)
	at org.junit.jupiter.engine.extension.TimeoutExtension.interceptTestMethod(TimeoutExtension.java:86)
	at org.junit.jupiter.engine.execution.InterceptingExecutableInvoker$ReflectiveInterceptorCall.lambda$ofVoidMethod$0(InterceptingExecutableInvoker.java:103)
	at org.junit.jupiter.engine.execution.InterceptingExecutableInvoker.lambda$invoke$0(InterceptingExecutableInvoker.java:93)
	at org.junit.jupiter.engine.execution.InvocationInterceptorChain$InterceptedInvocation.proceed(InvocationInterceptorChain.java:106)
	at org.junit.jupiter.engine.execution.InvocationInterceptorChain.proceed(InvocationInterceptorChain.java:64)
	at org.junit.jupiter.engine.execution.InvocationInterceptorChain.chainAndInvoke(InvocationInterceptorChain.java:45)
	at org.junit.jupiter.engine.execution.InvocationInterceptorChain.invoke(InvocationInterceptorChain.java:37)
	at org.junit.jupiter.engine.execution.InterceptingExecutableInvoker.invoke(InterceptingExecutableInvoker.java:92)
	at org.junit.jupiter.engine.execution.InterceptingExecutableInvoker.invoke(InterceptingExecutableInvoker.java:86)
	at org.junit.jupiter.engine.descriptor.TestMethodTestDescriptor.lambda$invokeTestMethod$7(TestMethodTestDescriptor.java:218)
	at org.junit.platform.engine.support.hierarchical.ThrowableCollector.execute(ThrowableCollector.java:73)
	at org.junit.jupiter.engine.descriptor.TestMethodTestDescriptor.invokeTestMethod(TestMethodTestDescriptor.java:214)
	at org.junit.jupiter.engine.descriptor.TestMethodTestDescriptor.execute(TestMethodTestDescriptor.java:139)
	at org.junit.jupiter.engine.descriptor.TestMethodTestDescriptor.execute(TestMethodTestDescriptor.java:69)
	at org.junit.platform.engine.support.hierarchical.NodeTestTask.lambda$executeRecursively$6(NodeTestTask.java:151)
	at org.junit.platform.engine.support.hierarchical.ThrowableCollector.execute(ThrowableCollector.java:73)
	at org.junit.platform.engine.support.hierarchical.NodeTestTask.lambda$executeRecursively$8(NodeTestTask.java:141)
	at org.junit.platform.engine.support.hierarchical.Node.around(Node.java:137)
	at org.junit.platform.engine.support.hierarchical.NodeTestTask.lambda$executeRecursively$9(NodeTestTask.java:139)
	at org.junit.platform.engine.support.hierarchical.ThrowableCollector.execute(ThrowableCollector.java:73)
	at org.junit.platform.engine.support.hierarchical.NodeTestTask.executeRecursively(NodeTestTask.java:138)
	at org.junit.platform.engine.support.hierarchical.NodeTestTask.execute(NodeTestTask.java:95)
	at java.base/java.util.ArrayList.forEach(ArrayList.java:1597)
	at org.junit.platform.engine.support.hierarchical.SameThreadHierarchicalTestExecutorService.invokeAll(SameThreadHierarchicalTestExecutorService.java:41)
	at org.junit.platform.engine.support.hierarchical.NodeTestTask.lambda$executeRecursively$6(NodeTestTask.java:155)
	at org.junit.platform.engine.support.hierarchical.ThrowableCollector.execute(ThrowableCollector.java:73)
	at org.junit.platform.engine.support.hierarchical.NodeTestTask.lambda$executeRecursively$8(NodeTestTask.java:141)
	at org.junit.platform.engine.support.hierarchical.Node.around(Node.java:137)
	at org.junit.platform.engine.support.hierarchical.NodeTestTask.lambda$executeRecursively$9(NodeTestTask.java:139)
	at org.junit.platform.engine.support.hierarchical.ThrowableCollector.execute(ThrowableCollector.java:73)
	at org.junit.platform.engine.support.hierarchical.NodeTestTask.executeRecursively(NodeTestTask.java:138)
	at org.junit.platform.engine.support.hierarchical.NodeTestTask.execute(NodeTestTask.java:95)
	at java.base/java.util.ArrayList.forEach(ArrayList.java:1597)
	at org.junit.platform.engine.support.hierarchical.SameThreadHierarchicalTestExecutorService.invokeAll(SameThreadHierarchicalTestExecutorService.java:41)
	at org.junit.platform.engine.support.hierarchical.NodeTestTask.lambda$executeRecursively$6(NodeTestTask.java:155)
	at org.junit.platform.engine.support.hierarchical.ThrowableCollector.execute(ThrowableCollector.java:73)
	at org.junit.platform.engine.support.hierarchical.NodeTestTask.lambda$executeRecursively$8(NodeTestTask.java:141)
	at org.junit.platform.engine.support.hierarchical.Node.around(Node.java:137)
	at org.junit.platform.engine.support.hierarchical.NodeTestTask.lambda$executeRecursively$9(NodeTestTask.java:139)
	at org.junit.platform.engine.support.hierarchical.ThrowableCollector.execute(ThrowableCollector.java:73)
	at org.junit.platform.engine.support.hierarchical.NodeTestTask.executeRecursively(NodeTestTask.java:138)
	at org.junit.platform.engine.support.hierarchical.NodeTestTask.execute(NodeTestTask.java:95)
	at org.junit.platform.engine.support.hierarchical.SameThreadHierarchicalTestExecutorService.submit(SameThreadHierarchicalTestExecutorService.java:35)
	at org.junit.platform.engine.support.hierarchical.HierarchicalTestExecutor.execute(HierarchicalTestExecutor.java:57)
	at org.junit.platform.engine.support.hierarchical.HierarchicalTestEngine.execute(HierarchicalTestEngine.java:54)
	at org.junit.platform.launcher.core.EngineExecutionOrchestrator.execute(EngineExecutionOrchestrator.java:198)
	at org.junit.platform.launcher.core.EngineExecutionOrchestrator.execute(EngineExecutionOrchestrator.java:169)
	at org.junit.platform.launcher.core.EngineExecutionOrchestrator.execute(EngineExecutionOrchestrator.java:93)
	at org.junit.platform.launcher.core.EngineExecutionOrchestrator.lambda$execute$0(EngineExecutionOrchestrator.java:58)
	at org.junit.platform.launcher.core.EngineExecutionOrchestrator.withInterceptedStreams(EngineExecutionOrchestrator.java:141)
	at org.junit.platform.launcher.core.EngineExecutionOrchestrator.execute(EngineExecutionOrchestrator.java:57)
	at org.junit.platform.launcher.core.DefaultLauncher.execute(DefaultLauncher.java:103)
	at org.junit.platform.launcher.core.DefaultLauncher.execute(DefaultLauncher.java:85)
	at org.junit.platform.launcher.core.DelegatingLauncher.execute(DelegatingLauncher.java:47)
	at org.apache.maven.surefire.junitplatform.LazyLauncher.execute(LazyLauncher.java:56)
	at org.apache.maven.surefire.junitplatform.JUnitPlatformProvider.execute(JUnitPlatformProvider.java:184)
	at org.apache.maven.surefire.junitplatform.JUnitPlatformProvider.invokeAllTests(JUnitPlatformProvider.java:148)
	at org.apache.maven.surefire.junitplatform.JUnitPlatformProvider.invoke(JUnitPlatformProvider.java:122)
	at org.apache.maven.surefire.booter.ForkedBooter.runSuitesInProcess(ForkedBooter.java:385)
	at org.apache.maven.surefire.booter.ForkedBooter.execute(ForkedBooter.java:162)
	at org.apache.maven.surefire.booter.ForkedBooter.run(ForkedBooter.java:507)
	at org.apache.maven.surefire.booter.ForkedBooter.main(ForkedBooter.java:495)

[ERRO] 2026-01-09 18:51:47.154 - Erro-86
  Exceção: java.lang.RuntimeException: Erro 86
java.lang.RuntimeException: Erro 86
	at testes.ErrorLoggerTest.testeLogNaoCresceIndefinidamente(ErrorLoggerTest.java:389)
	at java.base/jdk.internal.reflect.DirectMethodHandleAccessor.invoke(DirectMethodHandleAccessor.java:103)
	at java.base/java.lang.reflect.Method.invoke(Method.java:580)
	at org.junit.platform.commons.util.ReflectionUtils.invokeMethod(ReflectionUtils.java:728)
	at org.junit.jupiter.engine.execution.MethodInvocation.proceed(MethodInvocation.java:60)
	at org.junit.jupiter.engine.execution.InvocationInterceptorChain$ValidatingInvocation.proceed(InvocationInterceptorChain.java:131)
	at org.junit.jupiter.engine.extension.TimeoutExtension.intercept(TimeoutExtension.java:156)
	at org.junit.jupiter.engine.extension.TimeoutExtension.interceptTestableMethod(TimeoutExtension.java:147)
	at org.junit.jupiter.engine.extension.TimeoutExtension.interceptTestMethod(TimeoutExtension.java:86)
	at org.junit.jupiter.engine.execution.InterceptingExecutableInvoker$ReflectiveInterceptorCall.lambda$ofVoidMethod$0(InterceptingExecutableInvoker.java:103)
	at org.junit.jupiter.engine.execution.InterceptingExecutableInvoker.lambda$invoke$0(InterceptingExecutableInvoker.java:93)
	at org.junit.jupiter.engine.execution.InvocationInterceptorChain$InterceptedInvocation.proceed(InvocationInterceptorChain.java:106)
	at org.junit.jupiter.engine.execution.InvocationInterceptorChain.proceed(InvocationInterceptorChain.java:64)
	at org.junit.jupiter.engine.execution.InvocationInterceptorChain.chainAndInvoke(InvocationInterceptorChain.java:45)
	at org.junit.jupiter.engine.execution.InvocationInterceptorChain.invoke(InvocationInterceptorChain.java:37)
	at org.junit.jupiter.engine.execution.InterceptingExecutableInvoker.invoke(InterceptingExecutableInvoker.java:92)
	at org.junit.jupiter.engine.execution.InterceptingExecutableInvoker.invoke(InterceptingExecutableInvoker.java:86)
	at org.junit.jupiter.engine.descriptor.TestMethodTestDescriptor.lambda$invokeTestMethod$7(TestMethodTestDescriptor.java:218)
	at org.junit.platform.engine.support.hierarchical.ThrowableCollector.execute(ThrowableCollector.java:73)
	at org.junit.jupiter.engine.descriptor.TestMethodTestDescriptor.invokeTestMethod(TestMethodTestDescriptor.java:214)
	at org.junit.jupiter.engine.descriptor.TestMethodTestDescriptor.execute(TestMethodTestDescriptor.java:139)
	at org.junit.jupiter.engine.descriptor.TestMethodTestDescriptor.execute(TestMethodTestDescriptor.java:69)
	at org.junit.platform.engine.support.hierarchical.NodeTestTask.lambda$executeRecursively$6(NodeTestTask.java:151)
	at org.junit.platform.engine.support.hierarchical.ThrowableCollector.execute(ThrowableCollector.java:73)
	at org.junit.platform.engine.support.hierarchical.NodeTestTask.lambda$executeRecursively$8(NodeTestTask.java:141)
	at org.junit.platform.engine.support.hierarchical.Node.around(Node.java:137)
	at org.junit.platform.engine.support.hierarchical.NodeTestTask.lambda$executeRecursively$9(NodeTestTask.java:139)
	at org.junit.platform.engine.support.hierarchical.ThrowableCollector.execute(ThrowableCollector.java:73)
	at org.junit.platform.engine.support.hierarchical.NodeTestTask.executeRecursively(NodeTestTask.java:138)
	at org.junit.platform.engine.support.hierarchical.NodeTestTask.execute(NodeTestTask.java:95)
	at java.base/java.util.ArrayList.forEach(ArrayList.java:1597)
	at org.junit.platform.engine.support.hierarchical.SameThreadHierarchicalTestExecutorService.invokeAll(SameThreadHierarchicalTestExecutorService.java:41)
	at org.junit.platform.engine.support.hierarchical.NodeTestTask.lambda$executeRecursively$6(NodeTestTask.java:155)
	at org.junit.platform.engine.support.hierarchical.ThrowableCollector.execute(ThrowableCollector.java:73)
	at org.junit.platform.engine.support.hierarchical.NodeTestTask.lambda$executeRecursively$8(NodeTestTask.java:141)
	at org.junit.platform.engine.support.hierarchical.Node.around(Node.java:137)
	at org.junit.platform.engine.support.hierarchical.NodeTestTask.lambda$executeRecursively$9(NodeTestTask.java:139)
	at org.junit.platform.engine.support.hierarchical.ThrowableCollector.execute(ThrowableCollector.java:73)
	at org.junit.platform.engine.support.hierarchical.NodeTestTask.executeRecursively(NodeTestTask.java:138)
	at org.junit.platform.engine.support.hierarchical.NodeTestTask.execute(NodeTestTask.java:95)
	at java.base/java.util.ArrayList.forEach(ArrayList.java:1597)
	at org.junit.platform.engine.support.hierarchical.SameThreadHierarchicalTestExecutorService.invokeAll(SameThreadHierarchicalTestExecutorService.java:41)
	at org.junit.platform.engine.support.hierarchical.NodeTestTask.lambda$executeRecursively$6(NodeTestTask.java:155)
	at org.junit.platform.engine.support.hierarchical.ThrowableCollector.execute(ThrowableCollector.java:73)
	at org.junit.platform.engine.support.hierarchical.NodeTestTask.lambda$executeRecursively$8(NodeTestTask.java:141)
	at org.junit.platform.engine.support.hierarchical.Node.around(Node.java:137)
	at org.junit.platform.engine.support.hierarchical.NodeTestTask.lambda$executeRecursively$9(NodeTestTask.java:139)
	at org.junit.platform.engine.support.hierarchical.ThrowableCollector.execute(ThrowableCollector.java:73)
	at org.junit.platform.engine.support.hierarchical.NodeTestTask.executeRecursively(NodeTestTask.java:138)
	at org.junit.platform.engine.support.hierarchical.NodeTestTask.execute(NodeTestTask.java:95)
	at org.junit.platform.engine.support.hierarchical.SameThreadHierarchicalTestExecutorService.submit(SameThreadHierarchicalTestExecutorService.java:35)
	at org.junit.platform.engine.support.hierarchical.HierarchicalTestExecutor.execute(HierarchicalTestExecutor.java:57)
	at org.junit.platform.engine.support.hierarchical.HierarchicalTestEngine.execute(HierarchicalTestEngine.java:54)
	at org.junit.platform.launcher.core.EngineExecutionOrchestrator.execute(EngineExecutionOrchestrator.java:198)
	at org.junit.platform.launcher.core.EngineExecutionOrchestrator.execute(EngineExecutionOrchestrator.java:169)
	at org.junit.platform.launcher.core.EngineExecutionOrchestrator.execute(EngineExecutionOrchestrator.java:93)
	at org.junit.platform.launcher.core.EngineExecutionOrchestrator.lambda$execute$0(EngineExecutionOrchestrator.java:58)
	at org.junit.platform.launcher.core.EngineExecutionOrchestrator.withInterceptedStreams(EngineExecutionOrchestrator.java:141)
	at org.junit.platform.launcher.core.EngineExecutionOrchestrator.execute(EngineExecutionOrchestrator.java:57)
	at org.junit.platform.launcher.core.DefaultLauncher.execute(DefaultLauncher.java:103)
	at org.junit.platform.launcher.core.DefaultLauncher.execute(DefaultLauncher.java:85)
	at org.junit.platform.launcher.core.DelegatingLauncher.execute(DelegatingLauncher.java:47)
	at org.apache.maven.surefire.junitplatform.LazyLauncher.execute(LazyLauncher.java:56)
	at org.apache.maven.surefire.junitplatform.JUnitPlatformProvider.execute(JUnitPlatformProvider.java:184)
	at org.apache.maven.surefire.junitplatform.JUnitPlatformProvider.invokeAllTests(JUnitPlatformProvider.java:148)
	at org.apache.maven.surefire.junitplatform.JUnitPlatformProvider.invoke(JUnitPlatformProvider.java:122)
	at org.apache.maven.surefire.booter.ForkedBooter.runSuitesInProcess(ForkedBooter.java:385)
	at org.apache.maven.surefire.booter.ForkedBooter.execute(ForkedBooter.java:162)
	at org.apache.maven.surefire.booter.ForkedBooter.run(ForkedBooter.java:507)
	at org.apache.maven.surefire.booter.ForkedBooter.main(ForkedBooter.java:495)

[ERRO] 2026-01-09 18:51:47.154 - Erro-87
  Exceção: java.lang.RuntimeException: Erro 87
java.lang.RuntimeException: Erro 87
	at testes.ErrorLoggerTest.testeLogNaoCresceIndefinidamente(ErrorLoggerTest.java:389)
	at java.base/jdk.internal.reflect.DirectMethodHandleAccessor.invoke(DirectMethodHandleAccessor.java:103)
	at java.base/java.lang.reflect.Method.invoke(Method.java:580)
	at org.junit.platform.commons.util.ReflectionUtils.invokeMethod(ReflectionUtils.java:728)
	at org.junit.jupiter.engine.execution.MethodInvocation.proceed(MethodInvocation.java:60)
	at org.junit.jupiter.engine.execution.InvocationInterceptorChain$ValidatingInvocation.proceed(InvocationInterceptorChain.java:131)
	at org.junit.jupiter.engine.extension.TimeoutExtension.intercept(TimeoutExtension.java:156)
	at org.junit.jupiter.engine.extension.TimeoutExtension.interceptTestableMethod(TimeoutExtension.java:147)
	at org.junit.jupiter.engine.extension.TimeoutExtension.interceptTestMethod(TimeoutExtension.java:86)
	at org.junit.jupiter.engine.execution.InterceptingExecutableInvoker$ReflectiveInterceptorCall.lambda$ofVoidMethod$0(InterceptingExecutableInvoker.java:103)
	at org.junit.jupiter.engine.execution.InterceptingExecutableInvoker.lambda$invoke$0(InterceptingExecutableInvoker.java:93)
	at org.junit.jupiter.engine.execution.InvocationInterceptorChain$InterceptedInvocation.proceed(InvocationInterceptorChain.java:106)
	at org.junit.jupiter.engine.execution.InvocationInterceptorChain.proceed(InvocationInterceptorChain.java:64)
	at org.junit.jupiter.engine.execution.InvocationInterceptorChain.chainAndInvoke(InvocationInterceptorChain.java:45)
	at org.junit.jupiter.engine.execution.InvocationInterceptorChain.invoke(InvocationInterceptorChain.java:37)
	at org.junit.jupiter.engine.execution.InterceptingExecutableInvoker.invoke(InterceptingExecutableInvoker.java:92)
	at org.junit.jupiter.engine.execution.InterceptingExecutableInvoker.invoke(InterceptingExecutableInvoker.java:86)
	at org.junit.jupiter.engine.descriptor.TestMethodTestDescriptor.lambda$invokeTestMethod$7(TestMethodTestDescriptor.java:218)
	at org.junit.platform.engine.support.hierarchical.ThrowableCollector.execute(ThrowableCollector.java:73)
	at org.junit.jupiter.engine.descriptor.TestMethodTestDescriptor.invokeTestMethod(TestMethodTestDescriptor.java:214)
	at org.junit.jupiter.engine.descriptor.TestMethodTestDescriptor.execute(TestMethodTestDescriptor.java:139)
	at org.junit.jupiter.engine.descriptor.TestMethodTestDescriptor.execute(TestMethodTestDescriptor.java:69)
	at org.junit.platform.engine.support.hierarchical.NodeTestTask.lambda$executeRecursively$6(NodeTestTask.java:151)
	at org.junit.platform.engine.support.hierarchical.ThrowableCollector.execute(ThrowableCollector.java:73)
	at org.junit.platform.engine.support.hierarchical.NodeTestTask.lambda$executeRecursively$8(NodeTestTask.java:141)
	at org.junit.platform.engine.support.hierarchical.Node.around(Node.java:137)
	at org.junit.platform.engine.support.hierarchical.NodeTestTask.lambda$executeRecursively$9(NodeTestTask.java:139)
	at org.junit.platform.engine.support.hierarchical.ThrowableCollector.execute(ThrowableCollector.java:73)
	at org.junit.platform.engine.support.hierarchical.NodeTestTask.executeRecursively(NodeTestTask.java:138)
	at org.junit.platform.engine.support.hierarchical.NodeTestTask.execute(NodeTestTask.java:95)
	at java.base/java.util.ArrayList.forEach(ArrayList.java:1597)
	at org.junit.platform.engine.support.hierarchical.SameThreadHierarchicalTestExecutorService.invokeAll(SameThreadHierarchicalTestExecutorService.java:41)
	at org.junit.platform.engine.support.hierarchical.NodeTestTask.lambda$executeRecursively$6(NodeTestTask.java:155)
	at org.junit.platform.engine.support.hierarchical.ThrowableCollector.execute(ThrowableCollector.java:73)
	at org.junit.platform.engine.support.hierarchical.NodeTestTask.lambda$executeRecursively$8(NodeTestTask.java:141)
	at org.junit.platform.engine.support.hierarchical.Node.around(Node.java:137)
	at org.junit.platform.engine.support.hierarchical.NodeTestTask.lambda$executeRecursively$9(NodeTestTask.java:139)
	at org.junit.platform.engine.support.hierarchical.ThrowableCollector.execute(ThrowableCollector.java:73)
	at org.junit.platform.engine.support.hierarchical.NodeTestTask.executeRecursively(NodeTestTask.java:138)
	at org.junit.platform.engine.support.hierarchical.NodeTestTask.execute(NodeTestTask.java:95)
	at java.base/java.util.ArrayList.forEach(ArrayList.java:1597)
	at org.junit.platform.engine.support.hierarchical.SameThreadHierarchicalTestExecutorService.invokeAll(SameThreadHierarchicalTestExecutorService.java:41)
	at org.junit.platform.engine.support.hierarchical.NodeTestTask.lambda$executeRecursively$6(NodeTestTask.java:155)
	at org.junit.platform.engine.support.hierarchical.ThrowableCollector.execute(ThrowableCollector.java:73)
	at org.junit.platform.engine.support.hierarchical.NodeTestTask.lambda$executeRecursively$8(NodeTestTask.java:141)
	at org.junit.platform.engine.support.hierarchical.Node.around(Node.java:137)
	at org.junit.platform.engine.support.hierarchical.NodeTestTask.lambda$executeRecursively$9(NodeTestTask.java:139)
	at org.junit.platform.engine.support.hierarchical.ThrowableCollector.execute(ThrowableCollector.java:73)
	at org.junit.platform.engine.support.hierarchical.NodeTestTask.executeRecursively(NodeTestTask.java:138)
	at org.junit.platform.engine.support.hierarchical.NodeTestTask.execute(NodeTestTask.java:95)
	at org.junit.platform.engine.support.hierarchical.SameThreadHierarchicalTestExecutorService.submit(SameThreadHierarchicalTestExecutorService.java:35)
	at org.junit.platform.engine.support.hierarchical.HierarchicalTestExecutor.execute(HierarchicalTestExecutor.java:57)
	at org.junit.platform.engine.support.hierarchical.HierarchicalTestEngine.execute(HierarchicalTestEngine.java:54)
	at org.junit.platform.launcher.core.EngineExecutionOrchestrator.execute(EngineExecutionOrchestrator.java:198)
	at org.junit.platform.launcher.core.EngineExecutionOrchestrator.execute(EngineExecutionOrchestrator.java:169)
	at org.junit.platform.launcher.core.EngineExecutionOrchestrator.execute(EngineExecutionOrchestrator.java:93)
	at org.junit.platform.launcher.core.EngineExecutionOrchestrator.lambda$execute$0(EngineExecutionOrchestrator.java:58)
	at org.junit.platform.launcher.core.EngineExecutionOrchestrator.withInterceptedStreams(EngineExecutionOrchestrator.java:141)
	at org.junit.platform.launcher.core.EngineExecutionOrchestrator.execute(EngineExecutionOrchestrator.java:57)
	at org.junit.platform.launcher.core.DefaultLauncher.execute(DefaultLauncher.java:103)
	at org.junit.platform.launcher.core.DefaultLauncher.execute(DefaultLauncher.java:85)
	at org.junit.platform.launcher.core.DelegatingLauncher.execute(DelegatingLauncher.java:47)
	at org.apache.maven.surefire.junitplatform.LazyLauncher.execute(LazyLauncher.java:56)
	at org.apache.maven.surefire.junitplatform.JUnitPlatformProvider.execute(JUnitPlatformProvider.java:184)
	at org.apache.maven.surefire.junitplatform.JUnitPlatformProvider.invokeAllTests(JUnitPlatformProvider.java:148)
	at org.apache.maven.surefire.junitplatform.JUnitPlatformProvider.invoke(JUnitPlatformProvider.java:122)
	at org.apache.maven.surefire.booter.ForkedBooter.runSuitesInProcess(ForkedBooter.java:385)
	at org.apache.maven.surefire.booter.ForkedBooter.execute(ForkedBooter.java:162)
	at org.apache.maven.surefire.booter.ForkedBooter.run(ForkedBooter.java:507)
	at org.apache.maven.surefire.booter.ForkedBooter.main(ForkedBooter.java:495)

[ERRO] 2026-01-09 18:51:47.154 - Erro-88
  Exceção: java.lang.RuntimeException: Erro 88
java.lang.RuntimeException: Erro 88
	at testes.ErrorLoggerTest.testeLogNaoCresceIndefinidamente(ErrorLoggerTest.java:389)
	at java.base/jdk.internal.reflect.DirectMethodHandleAccessor.invoke(DirectMethodHandleAccessor.java:103)
	at java.base/java.lang.reflect.Method.invoke(Method.java:580)
	at org.junit.platform.commons.util.ReflectionUtils.invokeMethod(ReflectionUtils.java:728)
	at org.junit.jupiter.engine.execution.MethodInvocation.proceed(MethodInvocation.java:60)
	at org.junit.jupiter.engine.execution.InvocationInterceptorChain$ValidatingInvocation.proceed(InvocationInterceptorChain.java:131)
	at org.junit.jupiter.engine.extension.TimeoutExtension.intercept(TimeoutExtension.java:156)
	at org.junit.jupiter.engine.extension.TimeoutExtension.interceptTestableMethod(TimeoutExtension.java:147)
	at org.junit.jupiter.engine.extension.TimeoutExtension.interceptTestMethod(TimeoutExtension.java:86)
	at org.junit.jupiter.engine.execution.InterceptingExecutableInvoker$ReflectiveInterceptorCall.lambda$ofVoidMethod$0(InterceptingExecutableInvoker.java:103)
	at org.junit.jupiter.engine.execution.InterceptingExecutableInvoker.lambda$invoke$0(InterceptingExecutableInvoker.java:93)
	at org.junit.jupiter.engine.execution.InvocationInterceptorChain$InterceptedInvocation.proceed(InvocationInterceptorChain.java:106)
	at org.junit.jupiter.engine.execution.InvocationInterceptorChain.proceed(InvocationInterceptorChain.java:64)
	at org.junit.jupiter.engine.execution.InvocationInterceptorChain.chainAndInvoke(InvocationInterceptorChain.java:45)
	at org.junit.jupiter.engine.execution.InvocationInterceptorChain.invoke(InvocationInterceptorChain.java:37)
	at org.junit.jupiter.engine.execution.InterceptingExecutableInvoker.invoke(InterceptingExecutableInvoker.java:92)
	at org.junit.jupiter.engine.execution.InterceptingExecutableInvoker.invoke(InterceptingExecutableInvoker.java:86)
	at org.junit.jupiter.engine.descriptor.TestMethodTestDescriptor.lambda$invokeTestMethod$7(TestMethodTestDescriptor.java:218)
	at org.junit.platform.engine.support.hierarchical.ThrowableCollector.execute(ThrowableCollector.java:73)
	at org.junit.jupiter.engine.descriptor.TestMethodTestDescriptor.invokeTestMethod(TestMethodTestDescriptor.java:214)
	at org.junit.jupiter.engine.descriptor.TestMethodTestDescriptor.execute(TestMethodTestDescriptor.java:139)
	at org.junit.jupiter.engine.descriptor.TestMethodTestDescriptor.execute(TestMethodTestDescriptor.java:69)
	at org.junit.platform.engine.support.hierarchical.NodeTestTask.lambda$executeRecursively$6(NodeTestTask.java:151)
	at org.junit.platform.engine.support.hierarchical.ThrowableCollector.execute(ThrowableCollector.java:73)
	at org.junit.platform.engine.support.hierarchical.NodeTestTask.lambda$executeRecursively$8(NodeTestTask.java:141)
	at org.junit.platform.engine.support.hierarchical.Node.around(Node.java:137)
	at org.junit.platform.engine.support.hierarchical.NodeTestTask.lambda$executeRecursively$9(NodeTestTask.java:139)
	at org.junit.platform.engine.support.hierarchical.ThrowableCollector.execute(ThrowableCollector.java:73)
	at org.junit.platform.engine.support.hierarchical.NodeTestTask.executeRecursively(NodeTestTask.java:138)
	at org.junit.platform.engine.support.hierarchical.NodeTestTask.execute(NodeTestTask.java:95)
	at java.base/java.util.ArrayList.forEach(ArrayList.java:1597)
	at org.junit.platform.engine.support.hierarchical.SameThreadHierarchicalTestExecutorService.invokeAll(SameThreadHierarchicalTestExecutorService.java:41)
	at org.junit.platform.engine.support.hierarchical.NodeTestTask.lambda$executeRecursively$6(NodeTestTask.java:155)
	at org.junit.platform.engine.support.hierarchical.ThrowableCollector.execute(ThrowableCollector.java:73)
	at org.junit.platform.engine.support.hierarchical.NodeTestTask.lambda$executeRecursively$8(NodeTestTask.java:141)
	at org.junit.platform.engine.support.hierarchical.Node.around(Node.java:137)
	at org.junit.platform.engine.support.hierarchical.NodeTestTask.lambda$executeRecursively$9(NodeTestTask.java:139)
	at org.junit.platform.engine.support.hierarchical.ThrowableCollector.execute(ThrowableCollector.java:73)
	at org.junit.platform.engine.support.hierarchical.NodeTestTask.executeRecursively(NodeTestTask.java:138)
	at org.junit.platform.engine.support.hierarchical.NodeTestTask.execute(NodeTestTask.java:95)
	at java.base/java.util.ArrayList.forEach(ArrayList.java:1597)
	at org.junit.platform.engine.support.hierarchical.SameThreadHierarchicalTestExecutorService.invokeAll(SameThreadHierarchicalTestExecutorService.java:41)
	at org.junit.platform.engine.support.hierarchical.NodeTestTask.lambda$executeRecursively$6(NodeTestTask.java:155)
	at org.junit.platform.engine.support.hierarchical.ThrowableCollector.execute(ThrowableCollector.java:73)
	at org.junit.platform.engine.support.hierarchical.NodeTestTask.lambda$executeRecursively$8(NodeTestTask.java:141)
	at org.junit.platform.engine.support.hierarchical.Node.around(Node.java:137)
	at org.junit.platform.engine.support.hierarchical.NodeTestTask.lambda$executeRecursively$9(NodeTestTask.java:139)
	at org.junit.platform.engine.support.hierarchical.ThrowableCollector.execute(ThrowableCollector.java:73)
	at org.junit.platform.engine.support.hierarchical.NodeTestTask.executeRecursively(NodeTestTask.java:138)
	at org.junit.platform.engine.support.hierarchical.NodeTestTask.execute(NodeTestTask.java:95)
	at org.junit.platform.engine.support.hierarchical.SameThreadHierarchicalTestExecutorService.submit(SameThreadHierarchicalTestExecutorService.java:35)
	at org.junit.platform.engine.support.hierarchical.HierarchicalTestExecutor.execute(HierarchicalTestExecutor.java:57)
	at org.junit.platform.engine.support.hierarchical.HierarchicalTestEngine.execute(HierarchicalTestEngine.java:54)
	at org.junit.platform.launcher.core.EngineExecutionOrchestrator.execute(EngineExecutionOrchestrator.java:198)
	at org.junit.platform.launcher.core.EngineExecutionOrchestrator.execute(EngineExecutionOrchestrator.java:169)
	at org.junit.platform.launcher.core.EngineExecutionOrchestrator.execute(EngineExecutionOrchestrator.java:93)
	at org.junit.platform.launcher.core.EngineExecutionOrchestrator.lambda$execute$0(EngineExecutionOrchestrator.java:58)
	at org.junit.platform.launcher.core.EngineExecutionOrchestrator.withInterceptedStreams(EngineExecutionOrchestrator.java:141)
	at org.junit.platform.launcher.core.EngineExecutionOrchestrator.execute(EngineExecutionOrchestrator.java:57)
	at org.junit.platform.launcher.core.DefaultLauncher.execute(DefaultLauncher.java:103)
	at org.junit.platform.launcher.core.DefaultLauncher.execute(DefaultLauncher.java:85)
	at org.junit.platform.launcher.core.DelegatingLauncher.execute(DelegatingLauncher.java:47)
	at org.apache.maven.surefire.junitplatform.LazyLauncher.execute(LazyLauncher.java:56)
	at org.apache.maven.surefire.junitplatform.JUnitPlatformProvider.execute(JUnitPlatformProvider.java:184)
	at org.apache.maven.surefire.junitplatform.JUnitPlatformProvider.invokeAllTests(JUnitPlatformProvider.java:148)
	at org.apache.maven.surefire.junitplatform.JUnitPlatformProvider.invoke(JUnitPlatformProvider.java:122)
	at org.apache.maven.surefire.booter.ForkedBooter.runSuitesInProcess(ForkedBooter.java:385)
	at org.apache.maven.surefire.booter.ForkedBooter.execute(ForkedBooter.java:162)
	at org.apache.maven.surefire.booter.ForkedBooter.run(ForkedBooter.java:507)
	at org.apache.maven.surefire.booter.ForkedBooter.main(ForkedBooter.java:495)

[ERRO] 2026-01-09 18:51:47.154 - Erro-89
  Exceção: java.lang.RuntimeException: Erro 89
java.lang.RuntimeException: Erro 89
	at testes.ErrorLoggerTest.testeLogNaoCresceIndefinidamente(ErrorLoggerTest.java:389)
	at java.base/jdk.internal.reflect.DirectMethodHandleAccessor.invoke(DirectMethodHandleAccessor.java:103)
	at java.base/java.lang.reflect.Method.invoke(Method.java:580)
	at org.junit.platform.commons.util.ReflectionUtils.invokeMethod(ReflectionUtils.java:728)
	at org.junit.jupiter.engine.execution.MethodInvocation.proceed(MethodInvocation.java:60)
	at org.junit.jupiter.engine.execution.InvocationInterceptorChain$ValidatingInvocation.proceed(InvocationInterceptorChain.java:131)
	at org.junit.jupiter.engine.extension.TimeoutExtension.intercept(TimeoutExtension.java:156)
	at org.junit.jupiter.engine.extension.TimeoutExtension.interceptTestableMethod(TimeoutExtension.java:147)
	at org.junit.jupiter.engine.extension.TimeoutExtension.interceptTestMethod(TimeoutExtension.java:86)
	at org.junit.jupiter.engine.execution.InterceptingExecutableInvoker$ReflectiveInterceptorCall.lambda$ofVoidMethod$0(InterceptingExecutableInvoker.java:103)
	at org.junit.jupiter.engine.execution.InterceptingExecutableInvoker.lambda$invoke$0(InterceptingExecutableInvoker.java:93)
	at org.junit.jupiter.engine.execution.InvocationInterceptorChain$InterceptedInvocation.proceed(InvocationInterceptorChain.java:106)
	at org.junit.jupiter.engine.execution.InvocationInterceptorChain.proceed(InvocationInterceptorChain.java:64)
	at org.junit.jupiter.engine.execution.InvocationInterceptorChain.chainAndInvoke(InvocationInterceptorChain.java:45)
	at org.junit.jupiter.engine.execution.InvocationInterceptorChain.invoke(InvocationInterceptorChain.java:37)
	at org.junit.jupiter.engine.execution.InterceptingExecutableInvoker.invoke(InterceptingExecutableInvoker.java:92)
	at org.junit.jupiter.engine.execution.InterceptingExecutableInvoker.invoke(InterceptingExecutableInvoker.java:86)
	at org.junit.jupiter.engine.descriptor.TestMethodTestDescriptor.lambda$invokeTestMethod$7(TestMethodTestDescriptor.java:218)
	at org.junit.platform.engine.support.hierarchical.ThrowableCollector.execute(ThrowableCollector.java:73)
	at org.junit.jupiter.engine.descriptor.TestMethodTestDescriptor.invokeTestMethod(TestMethodTestDescriptor.java:214)
	at org.junit.jupiter.engine.descriptor.TestMethodTestDescriptor.execute(TestMethodTestDescriptor.java:139)
	at org.junit.jupiter.engine.descriptor.TestMethodTestDescriptor.execute(TestMethodTestDescriptor.java:69)
	at org.junit.platform.engine.support.hierarchical.NodeTestTask.lambda$executeRecursively$6(NodeTestTask.java:151)
	at org.junit.platform.engine.support.hierarchical.ThrowableCollector.execute(ThrowableCollector.java:73)
	at org.junit.platform.engine.support.hierarchical.NodeTestTask.lambda$executeRecursively$8(NodeTestTask.java:141)
	at org.junit.platform.engine.support.hierarchical.Node.around(Node.java:137)
	at org.junit.platform.engine.support.hierarchical.NodeTestTask.lambda$executeRecursively$9(NodeTestTask.java:139)
	at org.junit.platform.engine.support.hierarchical.ThrowableCollector.execute(ThrowableCollector.java:73)
	at org.junit.platform.engine.support.hierarchical.NodeTestTask.executeRecursively(NodeTestTask.java:138)
	at org.junit.platform.engine.support.hierarchical.NodeTestTask.execute(NodeTestTask.java:95)
	at java.base/java.util.ArrayList.forEach(ArrayList.java:1597)
	at org.junit.platform.engine.support.hierarchical.SameThreadHierarchicalTestExecutorService.invokeAll(SameThreadHierarchicalTestExecutorService.java:41)
	at org.junit.platform.engine.support.hierarchical.NodeTestTask.lambda$executeRecursively$6(NodeTestTask.java:155)
	at org.junit.platform.engine.support.hierarchical.ThrowableCollector.execute(ThrowableCollector.java:73)
	at org.junit.platform.engine.support.hierarchical.NodeTestTask.lambda$executeRecursively$8(NodeTestTask.java:141)
	at org.junit.platform.engine.support.hierarchical.Node.around(Node.java:137)
	at org.junit.platform.engine.support.hierarchical.NodeTestTask.lambda$executeRecursively$9(NodeTestTask.java:139)
	at org.junit.platform.engine.support.hierarchical.ThrowableCollector.execute(ThrowableCollector.java:73)
	at org.junit.platform.engine.support.hierarchical.NodeTestTask.executeRecursively(NodeTestTask.java:138)
	at org.junit.platform.engine.support.hierarchical.NodeTestTask.execute(NodeTestTask.java:95)
	at java.base/java.util.ArrayList.forEach(ArrayList.java:1597)
	at org.junit.platform.engine.support.hierarchical.SameThreadHierarchicalTestExecutorService.invokeAll(SameThreadHierarchicalTestExecutorService.java:41)
	at org.junit.platform.engine.support.hierarchical.NodeTestTask.lambda$executeRecursively$6(NodeTestTask.java:155)
	at org.junit.platform.engine.support.hierarchical.ThrowableCollector.execute(ThrowableCollector.java:73)
	at org.junit.platform.engine.support.hierarchical.NodeTestTask.lambda$executeRecursively$8(NodeTestTask.java:141)
	at org.junit.platform.engine.support.hierarchical.Node.around(Node.java:137)
	at org.junit.platform.engine.support.hierarchical.NodeTestTask.lambda$executeRecursively$9(NodeTestTask.java:139)
	at org.junit.platform.engine.support.hierarchical.ThrowableCollector.execute(ThrowableCollector.java:73)
	at org.junit.platform.engine.support.hierarchical.NodeTestTask.executeRecursively(NodeTestTask.java:138)
	at org.junit.platform.engine.support.hierarchical.NodeTestTask.execute(NodeTestTask.java:95)
	at org.junit.platform.engine.support.hierarchical.SameThreadHierarchicalTestExecutorService.submit(SameThreadHierarchicalTestExecutorService.java:35)
	at org.junit.platform.engine.support.hierarchical.HierarchicalTestExecutor.execute(HierarchicalTestExecutor.java:57)
	at org.junit.platform.engine.support.hierarchical.HierarchicalTestEngine.execute(HierarchicalTestEngine.java:54)
	at org.junit.platform.launcher.core.EngineExecutionOrchestrator.execute(EngineExecutionOrchestrator.java:198)
	at org.junit.platform.launcher.core.EngineExecutionOrchestrator.execute(EngineExecutionOrchestrator.java:169)
	at org.junit.platform.launcher.core.EngineExecutionOrchestrator.execute(EngineExecutionOrchestrator.java:93)
	at org.junit.platform.launcher.core.EngineExecutionOrchestrator.lambda$execute$0(EngineExecutionOrchestrator.java:58)
	at org.junit.platform.launcher.core.EngineExecutionOrchestrator.withInterceptedStreams(EngineExecutionOrchestrator.java:141)
	at org.junit.platform.launcher.core.EngineExecutionOrchestrator.execute(EngineExecutionOrchestrator.java:57)
	at org.junit.platform.launcher.core.DefaultLauncher.execute(DefaultLauncher.java:103)
	at org.junit.platform.launcher.core.DefaultLauncher.execute(DefaultLauncher.java:85)
	at org.junit.platform.launcher.core.DelegatingLauncher.execute(DelegatingLauncher.java:47)
	at org.apache.maven.surefire.junitplatform.LazyLauncher.execute(LazyLauncher.java:56)
	at org.apache.maven.surefire.junitplatform.JUnitPlatformProvider.execute(JUnitPlatformProvider.java:184)
	at org.apache.maven.surefire.junitplatform.JUnitPlatformProvider.invokeAllTests(JUnitPlatformProvider.java:148)
	at org.apache.maven.surefire.junitplatform.JUnitPlatformProvider.invoke(JUnitPlatformProvider.java:122)
	at org.apache.maven.surefire.booter.ForkedBooter.runSuitesInProcess(ForkedBooter.java:385)
	at org.apache.maven.surefire.booter.ForkedBooter.execute(ForkedBooter.java:162)
	at org.apache.maven.surefire.booter.ForkedBooter.run(ForkedBooter.java:507)
	at org.apache.maven.surefire.booter.ForkedBooter.main(ForkedBooter.java:495)

[ERRO] 2026-01-09 18:51:47.155 - Erro-90
  Exceção: java.lang.RuntimeException: Erro 90
java.lang.RuntimeException: Erro 90
	at testes.ErrorLoggerTest.testeLogNaoCresceIndefinidamente(ErrorLoggerTest.java:389)
	at java.base/jdk.internal.reflect.DirectMethodHandleAccessor.invoke(DirectMethodHandleAccessor.java:103)
	at java.base/java.lang.reflect.Method.invoke(Method.java:580)
	at org.junit.platform.commons.util.ReflectionUtils.invokeMethod(ReflectionUtils.java:728)
	at org.junit.jupiter.engine.execution.MethodInvocation.proceed(MethodInvocation.java:60)
	at org.junit.jupiter.engine.execution.InvocationInterceptorChain$ValidatingInvocation.proceed(InvocationInterceptorChain.java:131)
	at org.junit.jupiter.engine.extension.TimeoutExtension.intercept(TimeoutExtension.java:156)
	at org.junit.jupiter.engine.extension.TimeoutExtension.interceptTestableMethod(TimeoutExtension.java:147)
	at org.junit.jupiter.engine.extension.TimeoutExtension.interceptTestMethod(TimeoutExtension.java:86)
	at org.junit.jupiter.engine.execution.InterceptingExecutableInvoker$ReflectiveInterceptorCall.lambda$ofVoidMethod$0(InterceptingExecutableInvoker.java:103)
	at org.junit.jupiter.engine.execution.InterceptingExecutableInvoker.lambda$invoke$0(InterceptingExecutableInvoker.java:93)
	at org.junit.jupiter.engine.execution.InvocationInterceptorChain$InterceptedInvocation.proceed(InvocationInterceptorChain.java:106)
	at org.junit.jupiter.engine.execution.InvocationInterceptorChain.proceed(InvocationInterceptorChain.java:64)
	at org.junit.jupiter.engine.execution.InvocationInterceptorChain.chainAndInvoke(InvocationInterceptorChain.java:45)
	at org.junit.jupiter.engine.execution.InvocationInterceptorChain.invoke(InvocationInterceptorChain.java:37)
	at org.junit.jupiter.engine.execution.InterceptingExecutableInvoker.invoke(InterceptingExecutableInvoker.java:92)
	at org.junit.jupiter.engine.execution.InterceptingExecutableInvoker.invoke(InterceptingExecutableInvoker.java:86)
	at org.junit.jupiter.engine.descriptor.TestMethodTestDescriptor.lambda$invokeTestMethod$7(TestMethodTestDescriptor.java:218)
	at org.junit.platform.engine.support.hierarchical.ThrowableCollector.execute(ThrowableCollector.java:73)
	at org.junit.jupiter.engine.descriptor.TestMethodTestDescriptor.invokeTestMethod(TestMethodTestDescriptor.java:214)
	at org.junit.jupiter.engine.descriptor.TestMethodTestDescriptor.execute(TestMethodTestDescriptor.java:139)
	at org.junit.jupiter.engine.descriptor.TestMethodTestDescriptor.execute(TestMethodTestDescriptor.java:69)
	at org.junit.platform.engine.support.hierarchical.NodeTestTask.lambda$executeRecursively$6(NodeTestTask.java:151)
	at org.junit.platform.engine.support.hierarchical.ThrowableCollector.execute(ThrowableCollector.java:73)
	at org.junit.platform.engine.support.hierarchical.NodeTestTask.lambda$executeRecursively$8(NodeTestTask.java:141)
	at org.junit.platform.engine.support.hierarchical.Node.around(Node.java:137)
	at org.junit.platform.engine.support.hierarchical.NodeTestTask.lambda$executeRecursively$9(NodeTestTask.java:139)
	at org.junit.platform.engine.support.hierarchical.ThrowableCollector.execute(ThrowableCollector.java:73)
	at org.junit.platform.engine.support.hierarchical.NodeTestTask.executeRecursively(NodeTestTask.java:138)
	at org.junit.platform.engine.support.hierarchical.NodeTestTask.execute(NodeTestTask.java:95)
	at java.base/java.util.ArrayList.forEach(ArrayList.java:1597)
	at org.junit.platform.engine.support.hierarchical.SameThreadHierarchicalTestExecutorService.invokeAll(SameThreadHierarchicalTestExecutorService.java:41)
	at org.junit.platform.engine.support.hierarchical.NodeTestTask.lambda$executeRecursively$6(NodeTestTask.java:155)
	at org.junit.platform.engine.support.hierarchical.ThrowableCollector.execute(ThrowableCollector.java:73)
	at org.junit.platform.engine.support.hierarchical.NodeTestTask.lambda$executeRecursively$8(NodeTestTask.java:141)
	at org.junit.platform.engine.support.hierarchical.Node.around(Node.java:137)
	at org.junit.platform.engine.support.hierarchical.NodeTestTask.lambda$executeRecursively$9(NodeTestTask.java:139)
	at org.junit.platform.engine.support.hierarchical.ThrowableCollector.execute(ThrowableCollector.java:73)
	at org.junit.platform.engine.support.hierarchical.NodeTestTask.executeRecursively(NodeTestTask.java:138)
	at org.junit.platform.engine.support.hierarchical.NodeTestTask.execute(NodeTestTask.java:95)
	at java.base/java.util.ArrayList.forEach(ArrayList.java:1597)
	at org.junit.platform.engine.support.hierarchical.SameThreadHierarchicalTestExecutorService.invokeAll(SameThreadHierarchicalTestExecutorService.java:41)
	at org.junit.platform.engine.support.hierarchical.NodeTestTask.lambda$executeRecursively$6(NodeTestTask.java:155)
	at org.junit.platform.engine.support.hierarchical.ThrowableCollector.execute(ThrowableCollector.java:73)
	at org.junit.platform.engine.support.hierarchical.NodeTestTask.lambda$executeRecursively$8(NodeTestTask.java:141)
	at org.junit.platform.engine.support.hierarchical.Node.around(Node.java:137)
	at org.junit.platform.engine.support.hierarchical.NodeTestTask.lambda$executeRecursively$9(NodeTestTask.java:139)
	at org.junit.platform.engine.support.hierarchical.ThrowableCollector.execute(ThrowableCollector.java:73)
	at org.junit.platform.engine.support.hierarchical.NodeTestTask.executeRecursively(NodeTestTask.java:138)
	at org.junit.platform.engine.support.hierarchical.NodeTestTask.execute(NodeTestTask.java:95)
	at org.junit.platform.engine.support.hierarchical.SameThreadHierarchicalTestExecutorService.submit(SameThreadHierarchicalTestExecutorService.java:35)
	at org.junit.platform.engine.support.hierarchical.HierarchicalTestExecutor.execute(HierarchicalTestExecutor.java:57)
	at org.junit.platform.engine.support.hierarchical.HierarchicalTestEngine.execute(HierarchicalTestEngine.java:54)
	at org.junit.platform.launcher.core.EngineExecutionOrchestrator.execute(EngineExecutionOrchestrator.java:198)
	at org.junit.platform.launcher.core.EngineExecutionOrchestrator.execute(EngineExecutionOrchestrator.java:169)
	at org.junit.platform.launcher.core.EngineExecutionOrchestrator.execute(EngineExecutionOrchestrator.java:93)
	at org.junit.platform.launcher.core.EngineExecutionOrchestrator.lambda$execute$0(EngineExecutionOrchestrator.java:58)
	at org.junit.platform.launcher.core.EngineExecutionOrchestrator.withInterceptedStreams(EngineExecutionOrchestrator.java:141)
	at org.junit.platform.launcher.core.EngineExecutionOrchestrator.execute(EngineExecutionOrchestrator.java:57)
	at org.junit.platform.launcher.core.DefaultLauncher.execute(DefaultLauncher.java:103)
	at org.junit.platform.launcher.core.DefaultLauncher.execute(DefaultLauncher.java:85)
	at org.junit.platform.launcher.core.DelegatingLauncher.execute(DelegatingLauncher.java:47)
	at org.apache.maven.surefire.junitplatform.LazyLauncher.execute(LazyLauncher.java:56)
	at org.apache.maven.surefire.junitplatform.JUnitPlatformProvider.execute(JUnitPlatformProvider.java:184)
	at org.apache.maven.surefire.junitplatform.JUnitPlatformProvider.invokeAllTests(JUnitPlatformProvider.java:148)
	at org.apache.maven.surefire.junitplatform.JUnitPlatformProvider.invoke(JUnitPlatformProvider.java:122)
	at org.apache.maven.surefire.booter.ForkedBooter.runSuitesInProcess(ForkedBooter.java:385)
	at org.apache.maven.surefire.booter.ForkedBooter.execute(ForkedBooter.java:162)
	at org.apache.maven.surefire.booter.ForkedBooter.run(ForkedBooter.java:507)
	at org.apache.maven.surefire.booter.ForkedBooter.main(ForkedBooter.java:495)

[ERRO] 2026-01-09 18:51:47.155 - Erro-91
  Exceção: java.lang.RuntimeException: Erro 91
java.lang.RuntimeException: Erro 91
	at testes.ErrorLoggerTest.testeLogNaoCresceIndefinidamente(ErrorLoggerTest.java:389)
	at java.base/jdk.internal.reflect.DirectMethodHandleAccessor.invoke(DirectMethodHandleAccessor.java:103)
	at java.base/java.lang.reflect.Method.invoke(Method.java:580)
	at org.junit.platform.commons.util.ReflectionUtils.invokeMethod(ReflectionUtils.java:728)
	at org.junit.jupiter.engine.execution.MethodInvocation.proceed(MethodInvocation.java:60)
	at org.junit.jupiter.engine.execution.InvocationInterceptorChain$ValidatingInvocation.proceed(InvocationInterceptorChain.java:131)
	at org.junit.jupiter.engine.extension.TimeoutExtension.intercept(TimeoutExtension.java:156)
	at org.junit.jupiter.engine.extension.TimeoutExtension.interceptTestableMethod(TimeoutExtension.java:147)
	at org.junit.jupiter.engine.extension.TimeoutExtension.interceptTestMethod(TimeoutExtension.java:86)
	at org.junit.jupiter.engine.execution.InterceptingExecutableInvoker$ReflectiveInterceptorCall.lambda$ofVoidMethod$0(InterceptingExecutableInvoker.java:103)
	at org.junit.jupiter.engine.execution.InterceptingExecutableInvoker.lambda$invoke$0(InterceptingExecutableInvoker.java:93)
	at org.junit.jupiter.engine.execution.InvocationInterceptorChain$InterceptedInvocation.proceed(InvocationInterceptorChain.java:106)
	at org.junit.jupiter.engine.execution.InvocationInterceptorChain.proceed(InvocationInterceptorChain.java:64)
	at org.junit.jupiter.engine.execution.InvocationInterceptorChain.chainAndInvoke(InvocationInterceptorChain.java:45)
	at org.junit.jupiter.engine.execution.InvocationInterceptorChain.invoke(InvocationInterceptorChain.java:37)
	at org.junit.jupiter.engine.execution.InterceptingExecutableInvoker.invoke(InterceptingExecutableInvoker.java:92)
	at org.junit.jupiter.engine.execution.InterceptingExecutableInvoker.invoke(InterceptingExecutableInvoker.java:86)
	at org.junit.jupiter.engine.descriptor.TestMethodTestDescriptor.lambda$invokeTestMethod$7(TestMethodTestDescriptor.java:218)
	at org.junit.platform.engine.support.hierarchical.ThrowableCollector.execute(ThrowableCollector.java:73)
	at org.junit.jupiter.engine.descriptor.TestMethodTestDescriptor.invokeTestMethod(TestMethodTestDescriptor.java:214)
	at org.junit.jupiter.engine.descriptor.TestMethodTestDescriptor.execute(TestMethodTestDescriptor.java:139)
	at org.junit.jupiter.engine.descriptor.TestMethodTestDescriptor.execute(TestMethodTestDescriptor.java:69)
	at org.junit.platform.engine.support.hierarchical.NodeTestTask.lambda$executeRecursively$6(NodeTestTask.java:151)
	at org.junit.platform.engine.support.hierarchical.ThrowableCollector.execute(ThrowableCollector.java:73)
	at org.junit.platform.engine.support.hierarchical.NodeTestTask.lambda$executeRecursively$8(NodeTestTask.java:141)
	at org.junit.platform.engine.support.hierarchical.Node.around(Node.java:137)
	at org.junit.platform.engine.support.hierarchical.NodeTestTask.lambda$executeRecursively$9(NodeTestTask.java:139)
	at org.junit.platform.engine.support.hierarchical.ThrowableCollector.execute(ThrowableCollector.java:73)
	at org.junit.platform.engine.support.hierarchical.NodeTestTask.executeRecursively(NodeTestTask.java:138)
	at org.junit.platform.engine.support.hierarchical.NodeTestTask.execute(NodeTestTask.java:95)
	at java.base/java.util.ArrayList.forEach(ArrayList.java:1597)
	at org.junit.platform.engine.support.hierarchical.SameThreadHierarchicalTestExecutorService.invokeAll(SameThreadHierarchicalTestExecutorService.java:41)
	at org.junit.platform.engine.support.hierarchical.NodeTestTask.lambda$executeRecursively$6(NodeTestTask.java:155)
	at org.junit.platform.engine.support.hierarchical.ThrowableCollector.execute(ThrowableCollector.java:73)
	at org.junit.platform.engine.support.hierarchical.NodeTestTask.lambda$executeRecursively$8(NodeTestTask.java:141)
	at org.junit.platform.engine.support.hierarchical.Node.around(Node.java:137)
	at org.junit.platform.engine.support.hierarchical.NodeTestTask.lambda$executeRecursively$9(NodeTestTask.java:139)
	at org.junit.platform.engine.support.hierarchical.ThrowableCollector.execute(ThrowableCollector.java:73)
	at org.junit.platform.engine.support.hierarchical.NodeTestTask.executeRecursively(NodeTestTask.java:138)
	at org.junit.platform.engine.support.hierarchical.NodeTestTask.execute(NodeTestTask.java:95)
	at java.base/java.util.ArrayList.forEach(ArrayList.java:1597)
	at org.junit.platform.engine.support.hierarchical.SameThreadHierarchicalTestExecutorService.invokeAll(SameThreadHierarchicalTestExecutorService.java:41)
	at org.junit.platform.engine.support.hierarchical.NodeTestTask.lambda$executeRecursively$6(NodeTestTask.java:155)
	at org.junit.platform.engine.support.hierarchical.ThrowableCollector.execute(ThrowableCollector.java:73)
	at org.junit.platform.engine.support.hierarchical.NodeTestTask.lambda$executeRecursively$8(NodeTestTask.java:141)
	at org.junit.platform.engine.support.hierarchical.Node.around(Node.java:137)
	at org.junit.platform.engine.support.hierarchical.NodeTestTask.lambda$executeRecursively$9(NodeTestTask.java:139)
	at org.junit.platform.engine.support.hierarchical.ThrowableCollector.execute(ThrowableCollector.java:73)
	at org.junit.platform.engine.support.hierarchical.NodeTestTask.executeRecursively(NodeTestTask.java:138)
	at org.junit.platform.engine.support.hierarchical.NodeTestTask.execute(NodeTestTask.java:95)
	at org.junit.platform.engine.support.hierarchical.SameThreadHierarchicalTestExecutorService.submit(SameThreadHierarchicalTestExecutorService.java:35)
	at org.junit.platform.engine.support.hierarchical.HierarchicalTestExecutor.execute(HierarchicalTestExecutor.java:57)
	at org.junit.platform.engine.support.hierarchical.HierarchicalTestEngine.execute(HierarchicalTestEngine.java:54)
	at org.junit.platform.launcher.core.EngineExecutionOrchestrator.execute(EngineExecutionOrchestrator.java:198)
	at org.junit.platform.launcher.core.EngineExecutionOrchestrator.execute(EngineExecutionOrchestrator.java:169)
	at org.junit.platform.launcher.core.EngineExecutionOrchestrator.execute(EngineExecutionOrchestrator.java:93)
	at org.junit.platform.launcher.core.EngineExecutionOrchestrator.lambda$execute$0(EngineExecutionOrchestrator.java:58)
	at org.junit.platform.launcher.core.EngineExecutionOrchestrator.withInterceptedStreams(EngineExecutionOrchestrator.java:141)
	at org.junit.platform.launcher.core.EngineExecutionOrchestrator.execute(EngineExecutionOrchestrator.java:57)
	at org.junit.platform.launcher.core.DefaultLauncher.execute(DefaultLauncher.java:103)
	at org.junit.platform.launcher.core.DefaultLauncher.execute(DefaultLauncher.java:85)
	at org.junit.platform.launcher.core.DelegatingLauncher.execute(DelegatingLauncher.java:47)
	at org.apache.maven.surefire.junitplatform.LazyLauncher.execute(LazyLauncher.java:56)
	at org.apache.maven.surefire.junitplatform.JUnitPlatformProvider.execute(JUnitPlatformProvider.java:184)
	at org.apache.maven.surefire.junitplatform.JUnitPlatformProvider.invokeAllTests(JUnitPlatformProvider.java:148)
	at org.apache.maven.surefire.junitplatform.JUnitPlatformProvider.invoke(JUnitPlatformProvider.java:122)
	at org.apache.maven.surefire.booter.ForkedBooter.runSuitesInProcess(ForkedBooter.java:385)
	at org.apache.maven.surefire.booter.ForkedBooter.execute(ForkedBooter.java:162)
	at org.apache.maven.surefire.booter.ForkedBooter.run(ForkedBooter.java:507)
	at org.apache.maven.surefire.booter.ForkedBooter.main(ForkedBooter.java:495)

[ERRO] 2026-01-09 18:51:47.155 - Erro-92
  Exceção: java.lang.RuntimeException: Erro 92
java.lang.RuntimeException: Erro 92
	at testes.ErrorLoggerTest.testeLogNaoCresceIndefinidamente(ErrorLoggerTest.java:389)
	at java.base/jdk.internal.reflect.DirectMethodHandleAccessor.invoke(DirectMethodHandleAccessor.java:103)
	at java.base/java.lang.reflect.Method.invoke(Method.java:580)
	at org.junit.platform.commons.util.ReflectionUtils.invokeMethod(ReflectionUtils.java:728)
	at org.junit.jupiter.engine.execution.MethodInvocation.proceed(MethodInvocation.java:60)
	at org.junit.jupiter.engine.execution.InvocationInterceptorChain$ValidatingInvocation.proceed(InvocationInterceptorChain.java:131)
	at org.junit.jupiter.engine.extension.TimeoutExtension.intercept(TimeoutExtension.java:156)
	at org.junit.jupiter.engine.extension.TimeoutExtension.interceptTestableMethod(TimeoutExtension.java:147)
	at org.junit.jupiter.engine.extension.TimeoutExtension.interceptTestMethod(TimeoutExtension.java:86)
	at org.junit.jupiter.engine.execution.InterceptingExecutableInvoker$ReflectiveInterceptorCall.lambda$ofVoidMethod$0(InterceptingExecutableInvoker.java:103)
	at org.junit.jupiter.engine.execution.InterceptingExecutableInvoker.lambda$invoke$0(InterceptingExecutableInvoker.java:93)
	at org.junit.jupiter.engine.execution.InvocationInterceptorChain$InterceptedInvocation.proceed(InvocationInterceptorChain.java:106)
	at org.junit.jupiter.engine.execution.InvocationInterceptorChain.proceed(InvocationInterceptorChain.java:64)
	at org.junit.jupiter.engine.execution.InvocationInterceptorChain.chainAndInvoke(InvocationInterceptorChain.java:45)
	at org.junit.jupiter.engine.execution.InvocationInterceptorChain.invoke(InvocationInterceptorChain.java:37)
	at org.junit.jupiter.engine.execution.InterceptingExecutableInvoker.invoke(InterceptingExecutableInvoker.java:92)
	at org.junit.jupiter.engine.execution.InterceptingExecutableInvoker.invoke(InterceptingExecutableInvoker.java:86)
	at org.junit.jupiter.engine.descriptor.TestMethodTestDescriptor.lambda$invokeTestMethod$7(TestMethodTestDescriptor.java:218)
	at org.junit.platform.engine.support.hierarchical.ThrowableCollector.execute(ThrowableCollector.java:73)
	at org.junit.jupiter.engine.descriptor.TestMethodTestDescriptor.invokeTestMethod(TestMethodTestDescriptor.java:214)
	at org.junit.jupiter.engine.descriptor.TestMethodTestDescriptor.execute(TestMethodTestDescriptor.java:139)
	at org.junit.jupiter.engine.descriptor.TestMethodTestDescriptor.execute(TestMethodTestDescriptor.java:69)
	at org.junit.platform.engine.support.hierarchical.NodeTestTask.lambda$executeRecursively$6(NodeTestTask.java:151)
	at org.junit.platform.engine.support.hierarchical.ThrowableCollector.execute(ThrowableCollector.java:73)
	at org.junit.platform.engine.support.hierarchical.NodeTestTask.lambda$executeRecursively$8(NodeTestTask.java:141)
	at org.junit.platform.engine.support.hierarchical.Node.around(Node.java:137)
	at org.junit.platform.engine.support.hierarchical.NodeTestTask.lambda$executeRecursively$9(NodeTestTask.java:139)
	at org.junit.platform.engine.support.hierarchical.ThrowableCollector.execute(ThrowableCollector.java:73)
	at org.junit.platform.engine.support.hierarchical.NodeTestTask.executeRecursively(NodeTestTask.java:138)
	at org.junit.platform.engine.support.hierarchical.NodeTestTask.execute(NodeTestTask.java:95)
	at java.base/java.util.ArrayList.forEach(ArrayList.java:1597)
	at org.junit.platform.engine.support.hierarchical.SameThreadHierarchicalTestExecutorService.invokeAll(SameThreadHierarchicalTestExecutorService.java:41)
	at org.junit.platform.engine.support.hierarchical.NodeTestTask.lambda$executeRecursively$6(NodeTestTask.java:155)
	at org.junit.platform.engine.support.hierarchical.ThrowableCollector.execute(ThrowableCollector.java:73)
	at org.junit.platform.engine.support.hierarchical.NodeTestTask.lambda$executeRecursively$8(NodeTestTask.java:141)
	at org.junit.platform.engine.support.hierarchical.Node.around(Node.java:137)
	at org.junit.platform.engine.support.hierarchical.NodeTestTask.lambda$executeRecursively$9(NodeTestTask.java:139)
	at org.junit.platform.engine.support.hierarchical.ThrowableCollector.execute(ThrowableCollector.java:73)
	at org.junit.platform.engine.support.hierarchical.NodeTestTask.executeRecursively(NodeTestTask.java:138)
	at org.junit.platform.engine.support.hierarchical.NodeTestTask.execute(NodeTestTask.java:95)
	at java.base/java.util.ArrayList.forEach(ArrayList.java:1597)
	at org.junit.platform.engine.support.hierarchical.SameThreadHierarchicalTestExecutorService.invokeAll(SameThreadHierarchicalTestExecutorService.java:41)
	at org.junit.platform.engine.support.hierarchical.NodeTestTask.lambda$executeRecursively$6(NodeTestTask.java:155)
	at org.junit.platform.engine.support.hierarchical.ThrowableCollector.execute(ThrowableCollector.java:73)
	at org.junit.platform.engine.support.hierarchical.NodeTestTask.lambda$executeRecursively$8(NodeTestTask.java:141)
	at org.junit.platform.engine.support.hierarchical.Node.around(Node.java:137)
	at org.junit.platform.engine.support.hierarchical.NodeTestTask.lambda$executeRecursively$9(NodeTestTask.java:139)
	at org.junit.platform.engine.support.hierarchical.ThrowableCollector.execute(ThrowableCollector.java:73)
	at org.junit.platform.engine.support.hierarchical.NodeTestTask.executeRecursively(NodeTestTask.java:138)
	at org.junit.platform.engine.support.hierarchical.NodeTestTask.execute(NodeTestTask.java:95)
	at org.junit.platform.engine.support.hierarchical.SameThreadHierarchicalTestExecutorService.submit(SameThreadHierarchicalTestExecutorService.java:35)
	at org.junit.platform.engine.support.hierarchical.HierarchicalTestExecutor.execute(HierarchicalTestExecutor.java:57)
	at org.junit.platform.engine.support.hierarchical.HierarchicalTestEngine.execute(HierarchicalTestEngine.java:54)
	at org.junit.platform.launcher.core.EngineExecutionOrchestrator.execute(EngineExecutionOrchestrator.java:198)
	at org.junit.platform.launcher.core.EngineExecutionOrchestrator.execute(EngineExecutionOrchestrator.java:169)
	at org.junit.platform.launcher.core.EngineExecutionOrchestrator.execute(EngineExecutionOrchestrator.java:93)
	at org.junit.platform.launcher.core.EngineExecutionOrchestrator.lambda$execute$0(EngineExecutionOrchestrator.java:58)
	at org.junit.platform.launcher.core.EngineExecutionOrchestrator.withInterceptedStreams(EngineExecutionOrchestrator.java:141)
	at org.junit.platform.launcher.core.EngineExecutionOrchestrator.execute(EngineExecutionOrchestrator.java:57)
	at org.junit.platform.launcher.core.DefaultLauncher.execute(DefaultLauncher.java:103)
	at org.junit.platform.launcher.core.DefaultLauncher.execute(DefaultLauncher.java:85)
	at org.junit.platform.launcher.core.DelegatingLauncher.execute(DelegatingLauncher.java:47)
	at org.apache.maven.surefire.junitplatform.LazyLauncher.execute(LazyLauncher.java:56)
	at org.apache.maven.surefire.junitplatform.JUnitPlatformProvider.execute(JUnitPlatformProvider.java:184)
	at org.apache.maven.surefire.junitplatform.JUnitPlatformProvider.invokeAllTests(JUnitPlatformProvider.java:148)
	at org.apache.maven.surefire.junitplatform.JUnitPlatformProvider.invoke(JUnitPlatformProvider.java:122)
	at org.apache.maven.surefire.booter.ForkedBooter.runSuitesInProcess(ForkedBooter.java:385)
	at org.apache.maven.surefire.booter.ForkedBooter.execute(ForkedBooter.java:162)
	at org.apache.maven.surefire.booter.ForkedBooter.run(ForkedBooter.java:507)
	at org.apache.maven.surefire.booter.ForkedBooter.main(ForkedBooter.java:495)

[ERRO] 2026-01-09 18:51:47.155 - Erro-93
  Exceção: java.lang.RuntimeException: Erro 93
java.lang.RuntimeException: Erro 93
	at testes.ErrorLoggerTest.testeLogNaoCresceIndefinidamente(ErrorLoggerTest.java:389)
	at java.base/jdk.internal.reflect.DirectMethodHandleAccessor.invoke(DirectMethodHandleAccessor.java:103)
	at java.base/java.lang.reflect.Method.invoke(Method.java:580)
	at org.junit.platform.commons.util.ReflectionUtils.invokeMethod(ReflectionUtils.java:728)
	at org.junit.jupiter.engine.execution.MethodInvocation.proceed(MethodInvocation.java:60)
	at org.junit.jupiter.engine.execution.InvocationInterceptorChain$ValidatingInvocation.proceed(InvocationInterceptorChain.java:131)
	at org.junit.jupiter.engine.extension.TimeoutExtension.intercept(TimeoutExtension.java:156)
	at org.junit.jupiter.engine.extension.TimeoutExtension.interceptTestableMethod(TimeoutExtension.java:147)
	at org.junit.jupiter.engine.extension.TimeoutExtension.interceptTestMethod(TimeoutExtension.java:86)
	at org.junit.jupiter.engine.execution.InterceptingExecutableInvoker$ReflectiveInterceptorCall.lambda$ofVoidMethod$0(InterceptingExecutableInvoker.java:103)
	at org.junit.jupiter.engine.execution.InterceptingExecutableInvoker.lambda$invoke$0(InterceptingExecutableInvoker.java:93)
	at org.junit.jupiter.engine.execution.InvocationInterceptorChain$InterceptedInvocation.proceed(InvocationInterceptorChain.java:106)
	at org.junit.jupiter.engine.execution.InvocationInterceptorChain.proceed(InvocationInterceptorChain.java:64)
	at org.junit.jupiter.engine.execution.InvocationInterceptorChain.chainAndInvoke(InvocationInterceptorChain.java:45)
	at org.junit.jupiter.engine.execution.InvocationInterceptorChain.invoke(InvocationInterceptorChain.java:37)
	at org.junit.jupiter.engine.execution.InterceptingExecutableInvoker.invoke(InterceptingExecutableInvoker.java:92)
	at org.junit.jupiter.engine.execution.InterceptingExecutableInvoker.invoke(InterceptingExecutableInvoker.java:86)
	at org.junit.jupiter.engine.descriptor.TestMethodTestDescriptor.lambda$invokeTestMethod$7(TestMethodTestDescriptor.java:218)
	at org.junit.platform.engine.support.hierarchical.ThrowableCollector.execute(ThrowableCollector.java:73)
	at org.junit.jupiter.engine.descriptor.TestMethodTestDescriptor.invokeTestMethod(TestMethodTestDescriptor.java:214)
	at org.junit.jupiter.engine.descriptor.TestMethodTestDescriptor.execute(TestMethodTestDescriptor.java:139)
	at org.junit.jupiter.engine.descriptor.TestMethodTestDescriptor.execute(TestMethodTestDescriptor.java:69)
	at org.junit.platform.engine.support.hierarchical.NodeTestTask.lambda$executeRecursively$6(NodeTestTask.java:151)
	at org.junit.platform.engine.support.hierarchical.ThrowableCollector.execute(ThrowableCollector.java:73)
	at org.junit.platform.engine.support.hierarchical.NodeTestTask.lambda$executeRecursively$8(NodeTestTask.java:141)
	at org.junit.platform.engine.support.hierarchical.Node.around(Node.java:137)
	at org.junit.platform.engine.support.hierarchical.NodeTestTask.lambda$executeRecursively$9(NodeTestTask.java:139)
	at org.junit.platform.engine.support.hierarchical.ThrowableCollector.execute(ThrowableCollector.java:73)
	at org.junit.platform.engine.support.hierarchical.NodeTestTask.executeRecursively(NodeTestTask.java:138)
	at org.junit.platform.engine.support.hierarchical.NodeTestTask.execute(NodeTestTask.java:95)
	at java.base/java.util.ArrayList.forEach(ArrayList.java:1597)
	at org.junit.platform.engine.support.hierarchical.SameThreadHierarchicalTestExecutorService.invokeAll(SameThreadHierarchicalTestExecutorService.java:41)
	at org.junit.platform.engine.support.hierarchical.NodeTestTask.lambda$executeRecursively$6(NodeTestTask.java:155)
	at org.junit.platform.engine.support.hierarchical.ThrowableCollector.execute(ThrowableCollector.java:73)
	at org.junit.platform.engine.support.hierarchical.NodeTestTask.lambda$executeRecursively$8(NodeTestTask.java:141)
	at org.junit.platform.engine.support.hierarchical.Node.around(Node.java:137)
	at org.junit.platform.engine.support.hierarchical.NodeTestTask.lambda$executeRecursively$9(NodeTestTask.java:139)
	at org.junit.platform.engine.support.hierarchical.ThrowableCollector.execute(ThrowableCollector.java:73)
	at org.junit.platform.engine.support.hierarchical.NodeTestTask.executeRecursively(NodeTestTask.java:138)
	at org.junit.platform.engine.support.hierarchical.NodeTestTask.execute(NodeTestTask.java:95)
	at java.base/java.util.ArrayList.forEach(ArrayList.java:1597)
	at org.junit.platform.engine.support.hierarchical.SameThreadHierarchicalTestExecutorService.invokeAll(SameThreadHierarchicalTestExecutorService.java:41)
	at org.junit.platform.engine.support.hierarchical.NodeTestTask.lambda$executeRecursively$6(NodeTestTask.java:155)
	at org.junit.platform.engine.support.hierarchical.ThrowableCollector.execute(ThrowableCollector.java:73)
	at org.junit.platform.engine.support.hierarchical.NodeTestTask.lambda$executeRecursively$8(NodeTestTask.java:141)
	at org.junit.platform.engine.support.hierarchical.Node.around(Node.java:137)
	at org.junit.platform.engine.support.hierarchical.NodeTestTask.lambda$executeRecursively$9(NodeTestTask.java:139)
	at org.junit.platform.engine.support.hierarchical.ThrowableCollector.execute(ThrowableCollector.java:73)
	at org.junit.platform.engine.support.hierarchical.NodeTestTask.executeRecursively(NodeTestTask.java:138)
	at org.junit.platform.engine.support.hierarchical.NodeTestTask.execute(NodeTestTask.java:95)
	at org.junit.platform.engine.support.hierarchical.SameThreadHierarchicalTestExecutorService.submit(SameThreadHierarchicalTestExecutorService.java:35)
	at org.junit.platform.engine.support.hierarchical.HierarchicalTestExecutor.execute(HierarchicalTestExecutor.java:57)
	at org.junit.platform.engine.support.hierarchical.HierarchicalTestEngine.execute(HierarchicalTestEngine.java:54)
	at org.junit.platform.launcher.core.EngineExecutionOrchestrator.execute(EngineExecutionOrchestrator.java:198)
	at org.junit.platform.launcher.core.EngineExecutionOrchestrator.execute(EngineExecutionOrchestrator.java:169)
	at org.junit.platform.launcher.core.EngineExecutionOrchestrator.execute(EngineExecutionOrchestrator.java:93)
	at org.junit.platform.launcher.core.EngineExecutionOrchestrator.lambda$execute$0(EngineExecutionOrchestrator.java:58)
	at org.junit.platform.launcher.core.EngineExecutionOrchestrator.withInterceptedStreams(EngineExecutionOrchestrator.java:141)
	at org.junit.platform.launcher.core.EngineExecutionOrchestrator.execute(EngineExecutionOrchestrator.java:57)
	at org.junit.platform.launcher.core.DefaultLauncher.execute(DefaultLauncher.java:103)
	at org.junit.platform.launcher.core.DefaultLauncher.execute(DefaultLauncher.java:85)
	at org.junit.platform.launcher.core.DelegatingLauncher.execute(DelegatingLauncher.java:47)
	at org.apache.maven.surefire.junitplatform.LazyLauncher.execute(LazyLauncher.java:56)
	at org.apache.maven.surefire.junitplatform.JUnitPlatformProvider.execute(JUnitPlatformProvider.java:184)
	at org.apache.maven.surefire.junitplatform.JUnitPlatformProvider.invokeAllTests(JUnitPlatformProvider.java:148)
	at org.apache.maven.surefire.junitplatform.JUnitPlatformProvider.invoke(JUnitPlatformProvider.java:122)
	at org.apache.maven.surefire.booter.ForkedBooter.runSuitesInProcess(ForkedBooter.java:385)
	at org.apache.maven.surefire.booter.ForkedBooter.execute(ForkedBooter.java:162)
	at org.apache.maven.surefire.booter.ForkedBooter.run(ForkedBooter.java:507)
	at org.apache.maven.surefire.booter.ForkedBooter.main(ForkedBooter.java:495)

[ERRO] 2026-01-09 18:51:47.155 - Erro-94
  Exceção: java.lang.RuntimeException: Erro 94
java.lang.RuntimeException: Erro 94
	at testes.ErrorLoggerTest.testeLogNaoCresceIndefinidamente(ErrorLoggerTest.java:389)
	at java.base/jdk.internal.reflect.DirectMethodHandleAccessor.invoke(DirectMethodHandleAccessor.java:103)
	at java.base/java.lang.reflect.Method.invoke(Method.java:580)
	at org.junit.platform.commons.util.ReflectionUtils.invokeMethod(ReflectionUtils.java:728)
	at org.junit.jupiter.engine.execution.MethodInvocation.proceed(MethodInvocation.java:60)
	at org.junit.jupiter.engine.execution.InvocationInterceptorChain$ValidatingInvocation.proceed(InvocationInterceptorChain.java:131)
	at org.junit.jupiter.engine.extension.TimeoutExtension.intercept(TimeoutExtension.java:156)
	at org.junit.jupiter.engine.extension.TimeoutExtension.interceptTestableMethod(TimeoutExtension.java:147)
	at org.junit.jupiter.engine.extension.TimeoutExtension.interceptTestMethod(TimeoutExtension.java:86)
	at org.junit.jupiter.engine.execution.InterceptingExecutableInvoker$ReflectiveInterceptorCall.lambda$ofVoidMethod$0(InterceptingExecutableInvoker.java:103)
	at org.junit.jupiter.engine.execution.InterceptingExecutableInvoker.lambda$invoke$0(InterceptingExecutableInvoker.java:93)
	at org.junit.jupiter.engine.execution.InvocationInterceptorChain$InterceptedInvocation.proceed(InvocationInterceptorChain.java:106)
	at org.junit.jupiter.engine.execution.InvocationInterceptorChain.proceed(InvocationInterceptorChain.java:64)
	at org.junit.jupiter.engine.execution.InvocationInterceptorChain.chainAndInvoke(InvocationInterceptorChain.java:45)
	at org.junit.jupiter.engine.execution.InvocationInterceptorChain.invoke(InvocationInterceptorChain.java:37)
	at org.junit.jupiter.engine.execution.InterceptingExecutableInvoker.invoke(InterceptingExecutableInvoker.java:92)
	at org.junit.jupiter.engine.execution.InterceptingExecutableInvoker.invoke(InterceptingExecutableInvoker.java:86)
	at org.junit.jupiter.engine.descriptor.TestMethodTestDescriptor.lambda$invokeTestMethod$7(TestMethodTestDescriptor.java:218)
	at org.junit.platform.engine.support.hierarchical.ThrowableCollector.execute(ThrowableCollector.java:73)
	at org.junit.jupiter.engine.descriptor.TestMethodTestDescriptor.invokeTestMethod(TestMethodTestDescriptor.java:214)
	at org.junit.jupiter.engine.descriptor.TestMethodTestDescriptor.execute(TestMethodTestDescriptor.java:139)
	at org.junit.jupiter.engine.descriptor.TestMethodTestDescriptor.execute(TestMethodTestDescriptor.java:69)
	at org.junit.platform.engine.support.hierarchical.NodeTestTask.lambda$executeRecursively$6(NodeTestTask.java:151)
	at org.junit.platform.engine.support.hierarchical.ThrowableCollector.execute(ThrowableCollector.java:73)
	at org.junit.platform.engine.support.hierarchical.NodeTestTask.lambda$executeRecursively$8(NodeTestTask.java:141)
	at org.junit.platform.engine.support.hierarchical.Node.around(Node.java:137)
	at org.junit.platform.engine.support.hierarchical.NodeTestTask.lambda$executeRecursively$9(NodeTestTask.java:139)
	at org.junit.platform.engine.support.hierarchical.ThrowableCollector.execute(ThrowableCollector.java:73)
	at org.junit.platform.engine.support.hierarchical.NodeTestTask.executeRecursively(NodeTestTask.java:138)
	at org.junit.platform.engine.support.hierarchical.NodeTestTask.execute(NodeTestTask.java:95)
	at java.base/java.util.ArrayList.forEach(ArrayList.java:1597)
	at org.junit.platform.engine.support.hierarchical.SameThreadHierarchicalTestExecutorService.invokeAll(SameThreadHierarchicalTestExecutorService.java:41)
	at org.junit.platform.engine.support.hierarchical.NodeTestTask.lambda$executeRecursively$6(NodeTestTask.java:155)
	at org.junit.platform.engine.support.hierarchical.ThrowableCollector.execute(ThrowableCollector.java:73)
	at org.junit.platform.engine.support.hierarchical.NodeTestTask.lambda$executeRecursively$8(NodeTestTask.java:141)
	at org.junit.platform.engine.support.hierarchical.Node.around(Node.java:137)
	at org.junit.platform.engine.support.hierarchical.NodeTestTask.lambda$executeRecursively$9(NodeTestTask.java:139)
	at org.junit.platform.engine.support.hierarchical.ThrowableCollector.execute(ThrowableCollector.java:73)
	at org.junit.platform.engine.support.hierarchical.NodeTestTask.executeRecursively(NodeTestTask.java:138)
	at org.junit.platform.engine.support.hierarchical.NodeTestTask.execute(NodeTestTask.java:95)
	at java.base/java.util.ArrayList.forEach(ArrayList.java:1597)
	at org.junit.platform.engine.support.hierarchical.SameThreadHierarchicalTestExecutorService.invokeAll(SameThreadHierarchicalTestExecutorService.java:41)
	at org.junit.platform.engine.support.hierarchical.NodeTestTask.lambda$executeRecursively$6(NodeTestTask.java:155)
	at org.junit.platform.engine.support.hierarchical.ThrowableCollector.execute(ThrowableCollector.java:73)
	at org.junit.platform.engine.support.hierarchical.NodeTestTask.lambda$executeRecursively$8(NodeTestTask.java:141)
	at org.junit.platform.engine.support.hierarchical.Node.around(Node.java:137)
	at org.junit.platform.engine.support.hierarchical.NodeTestTask.lambda$executeRecursively$9(NodeTestTask.java:139)
	at org.junit.platform.engine.support.hierarchical.ThrowableCollector.execute(ThrowableCollector.java:73)
	at org.junit.platform.engine.support.hierarchical.NodeTestTask.executeRecursively(NodeTestTask.java:138)
	at org.junit.platform.engine.support.hierarchical.NodeTestTask.execute(NodeTestTask.java:95)
	at org.junit.platform.engine.support.hierarchical.SameThreadHierarchicalTestExecutorService.submit(SameThreadHierarchicalTestExecutorService.java:35)
	at org.junit.platform.engine.support.hierarchical.HierarchicalTestExecutor.execute(HierarchicalTestExecutor.java:57)
	at org.junit.platform.engine.support.hierarchical.HierarchicalTestEngine.execute(HierarchicalTestEngine.java:54)
	at org.junit.platform.launcher.core.EngineExecutionOrchestrator.execute(EngineExecutionOrchestrator.java:198)
	at org.junit.platform.launcher.core.EngineExecutionOrchestrator.execute(EngineExecutionOrchestrator.java:169)
	at org.junit.platform.launcher.core.EngineExecutionOrchestrator.execute(EngineExecutionOrchestrator.java:93)
	at org.junit.platform.launcher.core.EngineExecutionOrchestrator.lambda$execute$0(EngineExecutionOrchestrator.java:58)
	at org.junit.platform.launcher.core.EngineExecutionOrchestrator.withInterceptedStreams(EngineExecutionOrchestrator.java:141)
	at org.junit.platform.launcher.core.EngineExecutionOrchestrator.execute(EngineExecutionOrchestrator.java:57)
	at org.junit.platform.launcher.core.DefaultLauncher.execute(DefaultLauncher.java:103)
	at org.junit.platform.launcher.core.DefaultLauncher.execute(DefaultLauncher.java:85)
	at org.junit.platform.launcher.core.DelegatingLauncher.execute(DelegatingLauncher.java:47)
	at org.apache.maven.surefire.junitplatform.LazyLauncher.execute(LazyLauncher.java:56)
	at org.apache.maven.surefire.junitplatform.JUnitPlatformProvider.execute(JUnitPlatformProvider.java:184)
	at org.apache.maven.surefire.junitplatform.JUnitPlatformProvider.invokeAllTests(JUnitPlatformProvider.java:148)
	at org.apache.maven.surefire.junitplatform.JUnitPlatformProvider.invoke(JUnitPlatformProvider.java:122)
	at org.apache.maven.surefire.booter.ForkedBooter.runSuitesInProcess(ForkedBooter.java:385)
	at org.apache.maven.surefire.booter.ForkedBooter.execute(ForkedBooter.java:162)
	at org.apache.maven.surefire.booter.ForkedBooter.run(ForkedBooter.java:507)
	at org.apache.maven.surefire.booter.ForkedBooter.main(ForkedBooter.java:495)

[ERRO] 2026-01-09 18:51:47.156 - Erro-95
  Exceção: java.lang.RuntimeException: Erro 95
java.lang.RuntimeException: Erro 95
	at testes.ErrorLoggerTest.testeLogNaoCresceIndefinidamente(ErrorLoggerTest.java:389)
	at java.base/jdk.internal.reflect.DirectMethodHandleAccessor.invoke(DirectMethodHandleAccessor.java:103)
	at java.base/java.lang.reflect.Method.invoke(Method.java:580)
	at org.junit.platform.commons.util.ReflectionUtils.invokeMethod(ReflectionUtils.java:728)
	at org.junit.jupiter.engine.execution.MethodInvocation.proceed(MethodInvocation.java:60)
	at org.junit.jupiter.engine.execution.InvocationInterceptorChain$ValidatingInvocation.proceed(InvocationInterceptorChain.java:131)
	at org.junit.jupiter.engine.extension.TimeoutExtension.intercept(TimeoutExtension.java:156)
	at org.junit.jupiter.engine.extension.TimeoutExtension.interceptTestableMethod(TimeoutExtension.java:147)
	at org.junit.jupiter.engine.extension.TimeoutExtension.interceptTestMethod(TimeoutExtension.java:86)
	at org.junit.jupiter.engine.execution.InterceptingExecutableInvoker$ReflectiveInterceptorCall.lambda$ofVoidMethod$0(InterceptingExecutableInvoker.java:103)
	at org.junit.jupiter.engine.execution.InterceptingExecutableInvoker.lambda$invoke$0(InterceptingExecutableInvoker.java:93)
	at org.junit.jupiter.engine.execution.InvocationInterceptorChain$InterceptedInvocation.proceed(InvocationInterceptorChain.java:106)
	at org.junit.jupiter.engine.execution.InvocationInterceptorChain.proceed(InvocationInterceptorChain.java:64)
	at org.junit.jupiter.engine.execution.InvocationInterceptorChain.chainAndInvoke(InvocationInterceptorChain.java:45)
	at org.junit.jupiter.engine.execution.InvocationInterceptorChain.invoke(InvocationInterceptorChain.java:37)
	at org.junit.jupiter.engine.execution.InterceptingExecutableInvoker.invoke(InterceptingExecutableInvoker.java:92)
	at org.junit.jupiter.engine.execution.InterceptingExecutableInvoker.invoke(InterceptingExecutableInvoker.java:86)
	at org.junit.jupiter.engine.descriptor.TestMethodTestDescriptor.lambda$invokeTestMethod$7(TestMethodTestDescriptor.java:218)
	at org.junit.platform.engine.support.hierarchical.ThrowableCollector.execute(ThrowableCollector.java:73)
	at org.junit.jupiter.engine.descriptor.TestMethodTestDescriptor.invokeTestMethod(TestMethodTestDescriptor.java:214)
	at org.junit.jupiter.engine.descriptor.TestMethodTestDescriptor.execute(TestMethodTestDescriptor.java:139)
	at org.junit.jupiter.engine.descriptor.TestMethodTestDescriptor.execute(TestMethodTestDescriptor.java:69)
	at org.junit.platform.engine.support.hierarchical.NodeTestTask.lambda$executeRecursively$6(NodeTestTask.java:151)
	at org.junit.platform.engine.support.hierarchical.ThrowableCollector.execute(ThrowableCollector.java:73)
	at org.junit.platform.engine.support.hierarchical.NodeTestTask.lambda$executeRecursively$8(NodeTestTask.java:141)
	at org.junit.platform.engine.support.hierarchical.Node.around(Node.java:137)
	at org.junit.platform.engine.support.hierarchical.NodeTestTask.lambda$executeRecursively$9(NodeTestTask.java:139)
	at org.junit.platform.engine.support.hierarchical.ThrowableCollector.execute(ThrowableCollector.java:73)
	at org.junit.platform.engine.support.hierarchical.NodeTestTask.executeRecursively(NodeTestTask.java:138)
	at org.junit.platform.engine.support.hierarchical.NodeTestTask.execute(NodeTestTask.java:95)
	at java.base/java.util.ArrayList.forEach(ArrayList.java:1597)
	at org.junit.platform.engine.support.hierarchical.SameThreadHierarchicalTestExecutorService.invokeAll(SameThreadHierarchicalTestExecutorService.java:41)
	at org.junit.platform.engine.support.hierarchical.NodeTestTask.lambda$executeRecursively$6(NodeTestTask.java:155)
	at org.junit.platform.engine.support.hierarchical.ThrowableCollector.execute(ThrowableCollector.java:73)
	at org.junit.platform.engine.support.hierarchical.NodeTestTask.lambda$executeRecursively$8(NodeTestTask.java:141)
	at org.junit.platform.engine.support.hierarchical.Node.around(Node.java:137)
	at org.junit.platform.engine.support.hierarchical.NodeTestTask.lambda$executeRecursively$9(NodeTestTask.java:139)
	at org.junit.platform.engine.support.hierarchical.ThrowableCollector.execute(ThrowableCollector.java:73)
	at org.junit.platform.engine.support.hierarchical.NodeTestTask.executeRecursively(NodeTestTask.java:138)
	at org.junit.platform.engine.support.hierarchical.NodeTestTask.execute(NodeTestTask.java:95)
	at java.base/java.util.ArrayList.forEach(ArrayList.java:1597)
	at org.junit.platform.engine.support.hierarchical.SameThreadHierarchicalTestExecutorService.invokeAll(SameThreadHierarchicalTestExecutorService.java:41)
	at org.junit.platform.engine.support.hierarchical.NodeTestTask.lambda$executeRecursively$6(NodeTestTask.java:155)
	at org.junit.platform.engine.support.hierarchical.ThrowableCollector.execute(ThrowableCollector.java:73)
	at org.junit.platform.engine.support.hierarchical.NodeTestTask.lambda$executeRecursively$8(NodeTestTask.java:141)
	at org.junit.platform.engine.support.hierarchical.Node.around(Node.java:137)
	at org.junit.platform.engine.support.hierarchical.NodeTestTask.lambda$executeRecursively$9(NodeTestTask.java:139)
	at org.junit.platform.engine.support.hierarchical.ThrowableCollector.execute(ThrowableCollector.java:73)
	at org.junit.platform.engine.support.hierarchical.NodeTestTask.executeRecursively(NodeTestTask.java:138)
	at org.junit.platform.engine.support.hierarchical.NodeTestTask.execute(NodeTestTask.java:95)
	at org.junit.platform.engine.support.hierarchical.SameThreadHierarchicalTestExecutorService.submit(SameThreadHierarchicalTestExecutorService.java:35)
	at org.junit.platform.engine.support.hierarchical.HierarchicalTestExecutor.execute(HierarchicalTestExecutor.java:57)
	at org.junit.platform.engine.support.hierarchical.HierarchicalTestEngine.execute(HierarchicalTestEngine.java:54)
	at org.junit.platform.launcher.core.EngineExecutionOrchestrator.execute(EngineExecutionOrchestrator.java:198)
	at org.junit.platform.launcher.core.EngineExecutionOrchestrator.execute(EngineExecutionOrchestrator.java:169)
	at org.junit.platform.launcher.core.EngineExecutionOrchestrator.execute(EngineExecutionOrchestrator.java:93)
	at org.junit.platform.launcher.core.EngineExecutionOrchestrator.lambda$execute$0(EngineExecutionOrchestrator.java:58)
	at org.junit.platform.launcher.core.EngineExecutionOrchestrator.withInterceptedStreams(EngineExecutionOrchestrator.java:141)
	at org.junit.platform.launcher.core.EngineExecutionOrchestrator.execute(EngineExecutionOrchestrator.java:57)
	at org.junit.platform.launcher.core.DefaultLauncher.execute(DefaultLauncher.java:103)
	at org.junit.platform.launcher.core.DefaultLauncher.execute(DefaultLauncher.java:85)
	at org.junit.platform.launcher.core.DelegatingLauncher.execute(DelegatingLauncher.java:47)
	at org.apache.maven.surefire.junitplatform.LazyLauncher.execute(LazyLauncher.java:56)
	at org.apache.maven.surefire.junitplatform.JUnitPlatformProvider.execute(JUnitPlatformProvider.java:184)
	at org.apache.maven.surefire.junitplatform.JUnitPlatformProvider.invokeAllTests(JUnitPlatformProvider.java:148)
	at org.apache.maven.surefire.junitplatform.JUnitPlatformProvider.invoke(JUnitPlatformProvider.java:122)
	at org.apache.maven.surefire.booter.ForkedBooter.runSuitesInProcess(ForkedBooter.java:385)
	at org.apache.maven.surefire.booter.ForkedBooter.execute(ForkedBooter.java:162)
	at org.apache.maven.surefire.booter.ForkedBooter.run(ForkedBooter.java:507)
	at org.apache.maven.surefire.booter.ForkedBooter.main(ForkedBooter.java:495)

[ERRO] 2026-01-09 18:51:47.156 - Erro-96
  Exceção: java.lang.RuntimeException: Erro 96
java.lang.RuntimeException: Erro 96
	at testes.ErrorLoggerTest.testeLogNaoCresceIndefinidamente(ErrorLoggerTest.java:389)
	at java.base/jdk.internal.reflect.DirectMethodHandleAccessor.invoke(DirectMethodHandleAccessor.java:103)
	at java.base/java.lang.reflect.Method.invoke(Method.java:580)
	at org.junit.platform.commons.util.ReflectionUtils.invokeMethod(ReflectionUtils.java:728)
	at org.junit.jupiter.engine.execution.MethodInvocation.proceed(MethodInvocation.java:60)
	at org.junit.jupiter.engine.execution.InvocationInterceptorChain$ValidatingInvocation.proceed(InvocationInterceptorChain.java:131)
	at org.junit.jupiter.engine.extension.TimeoutExtension.intercept(TimeoutExtension.java:156)
	at org.junit.jupiter.engine.extension.TimeoutExtension.interceptTestableMethod(TimeoutExtension.java:147)
	at org.junit.jupiter.engine.extension.TimeoutExtension.interceptTestMethod(TimeoutExtension.java:86)
	at org.junit.jupiter.engine.execution.InterceptingExecutableInvoker$ReflectiveInterceptorCall.lambda$ofVoidMethod$0(InterceptingExecutableInvoker.java:103)
	at org.junit.jupiter.engine.execution.InterceptingExecutableInvoker.lambda$invoke$0(InterceptingExecutableInvoker.java:93)
	at org.junit.jupiter.engine.execution.InvocationInterceptorChain$InterceptedInvocation.proceed(InvocationInterceptorChain.java:106)
	at org.junit.jupiter.engine.execution.InvocationInterceptorChain.proceed(InvocationInterceptorChain.java:64)
	at org.junit.jupiter.engine.execution.InvocationInterceptorChain.chainAndInvoke(InvocationInterceptorChain.java:45)
	at org.junit.jupiter.engine.execution.InvocationInterceptorChain.invoke(InvocationInterceptorChain.java:37)
	at org.junit.jupiter.engine.execution.InterceptingExecutableInvoker.invoke(InterceptingExecutableInvoker.java:92)
	at org.junit.jupiter.engine.execution.InterceptingExecutableInvoker.invoke(InterceptingExecutableInvoker.java:86)
	at org.junit.jupiter.engine.descriptor.TestMethodTestDescriptor.lambda$invokeTestMethod$7(TestMethodTestDescriptor.java:218)
	at org.junit.platform.engine.support.hierarchical.ThrowableCollector.execute(ThrowableCollector.java:73)
	at org.junit.jupiter.engine.descriptor.TestMethodTestDescriptor.invokeTestMethod(TestMethodTestDescriptor.java:214)
	at org.junit.jupiter.engine.descriptor.TestMethodTestDescriptor.execute(TestMethodTestDescriptor.java:139)
	at org.junit.jupiter.engine.descriptor.TestMethodTestDescriptor.execute(TestMethodTestDescriptor.java:69)
	at org.junit.platform.engine.support.hierarchical.NodeTestTask.lambda$executeRecursively$6(NodeTestTask.java:151)
	at org.junit.platform.engine.support.hierarchical.ThrowableCollector.execute(ThrowableCollector.java:73)
	at org.junit.platform.engine.support.hierarchical.NodeTestTask.lambda$executeRecursively$8(NodeTestTask.java:141)
	at org.junit.platform.engine.support.hierarchical.Node.around(Node.java:137)
	at org.junit.platform.engine.support.hierarchical.NodeTestTask.lambda$executeRecursively$9(NodeTestTask.java:139)
	at org.junit.platform.engine.support.hierarchical.ThrowableCollector.execute(ThrowableCollector.java:73)
	at org.junit.platform.engine.support.hierarchical.NodeTestTask.executeRecursively(NodeTestTask.java:138)
	at org.junit.platform.engine.support.hierarchical.NodeTestTask.execute(NodeTestTask.java:95)
	at java.base/java.util.ArrayList.forEach(ArrayList.java:1597)
	at org.junit.platform.engine.support.hierarchical.SameThreadHierarchicalTestExecutorService.invokeAll(SameThreadHierarchicalTestExecutorService.java:41)
	at org.junit.platform.engine.support.hierarchical.NodeTestTask.lambda$executeRecursively$6(NodeTestTask.java:155)
	at org.junit.platform.engine.support.hierarchical.ThrowableCollector.execute(ThrowableCollector.java:73)
	at org.junit.platform.engine.support.hierarchical.NodeTestTask.lambda$executeRecursively$8(NodeTestTask.java:141)
	at org.junit.platform.engine.support.hierarchical.Node.around(Node.java:137)
	at org.junit.platform.engine.support.hierarchical.NodeTestTask.lambda$executeRecursively$9(NodeTestTask.java:139)
	at org.junit.platform.engine.support.hierarchical.ThrowableCollector.execute(ThrowableCollector.java:73)
	at org.junit.platform.engine.support.hierarchical.NodeTestTask.executeRecursively(NodeTestTask.java:138)
	at org.junit.platform.engine.support.hierarchical.NodeTestTask.execute(NodeTestTask.java:95)
	at java.base/java.util.ArrayList.forEach(ArrayList.java:1597)
	at org.junit.platform.engine.support.hierarchical.SameThreadHierarchicalTestExecutorService.invokeAll(SameThreadHierarchicalTestExecutorService.java:41)
	at org.junit.platform.engine.support.hierarchical.NodeTestTask.lambda$executeRecursively$6(NodeTestTask.java:155)
	at org.junit.platform.engine.support.hierarchical.ThrowableCollector.execute(ThrowableCollector.java:73)
	at org.junit.platform.engine.support.hierarchical.NodeTestTask.lambda$executeRecursively$8(NodeTestTask.java:141)
	at org.junit.platform.engine.support.hierarchical.Node.around(Node.java:137)
	at org.junit.platform.engine.support.hierarchical.NodeTestTask.lambda$executeRecursively$9(NodeTestTask.java:139)
	at org.junit.platform.engine.support.hierarchical.ThrowableCollector.execute(ThrowableCollector.java:73)
	at org.junit.platform.engine.support.hierarchical.NodeTestTask.executeRecursively(NodeTestTask.java:138)
	at org.junit.platform.engine.support.hierarchical.NodeTestTask.execute(NodeTestTask.java:95)
	at org.junit.platform.engine.support.hierarchical.SameThreadHierarchicalTestExecutorService.submit(SameThreadHierarchicalTestExecutorService.java:35)
	at org.junit.platform.engine.support.hierarchical.HierarchicalTestExecutor.execute(HierarchicalTestExecutor.java:57)
	at org.junit.platform.engine.support.hierarchical.HierarchicalTestEngine.execute(HierarchicalTestEngine.java:54)
	at org.junit.platform.launcher.core.EngineExecutionOrchestrator.execute(EngineExecutionOrchestrator.java:198)
	at org.junit.platform.launcher.core.EngineExecutionOrchestrator.execute(EngineExecutionOrchestrator.java:169)
	at org.junit.platform.launcher.core.EngineExecutionOrchestrator.execute(EngineExecutionOrchestrator.java:93)
	at org.junit.platform.launcher.core.EngineExecutionOrchestrator.lambda$execute$0(EngineExecutionOrchestrator.java:58)
	at org.junit.platform.launcher.core.EngineExecutionOrchestrator.withInterceptedStreams(EngineExecutionOrchestrator.java:141)
	at org.junit.platform.launcher.core.EngineExecutionOrchestrator.execute(EngineExecutionOrchestrator.java:57)
	at org.junit.platform.launcher.core.DefaultLauncher.execute(DefaultLauncher.java:103)
	at org.junit.platform.launcher.core.DefaultLauncher.execute(DefaultLauncher.java:85)
	at org.junit.platform.launcher.core.DelegatingLauncher.execute(DelegatingLauncher.java:47)
	at org.apache.maven.surefire.junitplatform.LazyLauncher.execute(LazyLauncher.java:56)
	at org.apache.maven.surefire.junitplatform.JUnitPlatformProvider.execute(JUnitPlatformProvider.java:184)
	at org.apache.maven.surefire.junitplatform.JUnitPlatformProvider.invokeAllTests(JUnitPlatformProvider.java:148)
	at org.apache.maven.surefire.junitplatform.JUnitPlatformProvider.invoke(JUnitPlatformProvider.java:122)
	at org.apache.maven.surefire.booter.ForkedBooter.runSuitesInProcess(ForkedBooter.java:385)
	at org.apache.maven.surefire.booter.ForkedBooter.execute(ForkedBooter.java:162)
	at org.apache.maven.surefire.booter.ForkedBooter.run(ForkedBooter.java:507)
	at org.apache.maven.surefire.booter.ForkedBooter.main(ForkedBooter.java:495)

[ERRO] 2026-01-09 18:51:47.156 - Erro-97
  Exceção: java.lang.RuntimeException: Erro 97
java.lang.RuntimeException: Erro 97
	at testes.ErrorLoggerTest.testeLogNaoCresceIndefinidamente(ErrorLoggerTest.java:389)
	at java.base/jdk.internal.reflect.DirectMethodHandleAccessor.invoke(DirectMethodHandleAccessor.java:103)
	at java.base/java.lang.reflect.Method.invoke(Method.java:580)
	at org.junit.platform.commons.util.ReflectionUtils.invokeMethod(ReflectionUtils.java:728)
	at org.junit.jupiter.engine.execution.MethodInvocation.proceed(MethodInvocation.java:60)
	at org.junit.jupiter.engine.execution.InvocationInterceptorChain$ValidatingInvocation.proceed(InvocationInterceptorChain.java:131)
	at org.junit.jupiter.engine.extension.TimeoutExtension.intercept(TimeoutExtension.java:156)
	at org.junit.jupiter.engine.extension.TimeoutExtension.interceptTestableMethod(TimeoutExtension.java:147)
	at org.junit.jupiter.engine.extension.TimeoutExtension.interceptTestMethod(TimeoutExtension.java:86)
	at org.junit.jupiter.engine.execution.InterceptingExecutableInvoker$ReflectiveInterceptorCall.lambda$ofVoidMethod$0(InterceptingExecutableInvoker.java:103)
	at org.junit.jupiter.engine.execution.InterceptingExecutableInvoker.lambda$invoke$0(InterceptingExecutableInvoker.java:93)
	at org.junit.jupiter.engine.execution.InvocationInterceptorChain$InterceptedInvocation.proceed(InvocationInterceptorChain.java:106)
	at org.junit.jupiter.engine.execution.InvocationInterceptorChain.proceed(InvocationInterceptorChain.java:64)
	at org.junit.jupiter.engine.execution.InvocationInterceptorChain.chainAndInvoke(InvocationInterceptorChain.java:45)
	at org.junit.jupiter.engine.execution.InvocationInterceptorChain.invoke(InvocationInterceptorChain.java:37)
	at org.junit.jupiter.engine.execution.InterceptingExecutableInvoker.invoke(InterceptingExecutableInvoker.java:92)
	at org.junit.jupiter.engine.execution.InterceptingExecutableInvoker.invoke(InterceptingExecutableInvoker.java:86)
	at org.junit.jupiter.engine.descriptor.TestMethodTestDescriptor.lambda$invokeTestMethod$7(TestMethodTestDescriptor.java:218)
	at org.junit.platform.engine.support.hierarchical.ThrowableCollector.execute(ThrowableCollector.java:73)
	at org.junit.jupiter.engine.descriptor.TestMethodTestDescriptor.invokeTestMethod(TestMethodTestDescriptor.java:214)
	at org.junit.jupiter.engine.descriptor.TestMethodTestDescriptor.execute(TestMethodTestDescriptor.java:139)
	at org.junit.jupiter.engine.descriptor.TestMethodTestDescriptor.execute(TestMethodTestDescriptor.java:69)
	at org.junit.platform.engine.support.hierarchical.NodeTestTask.lambda$executeRecursively$6(NodeTestTask.java:151)
	at org.junit.platform.engine.support.hierarchical.ThrowableCollector.execute(ThrowableCollector.java:73)
	at org.junit.platform.engine.support.hierarchical.NodeTestTask.lambda$executeRecursively$8(NodeTestTask.java:141)
	at org.junit.platform.engine.support.hierarchical.Node.around(Node.java:137)
	at org.junit.platform.engine.support.hierarchical.NodeTestTask.lambda$executeRecursively$9(NodeTestTask.java:139)
	at org.junit.platform.engine.support.hierarchical.ThrowableCollector.execute(ThrowableCollector.java:73)
	at org.junit.platform.engine.support.hierarchical.NodeTestTask.executeRecursively(NodeTestTask.java:138)
	at org.junit.platform.engine.support.hierarchical.NodeTestTask.execute(NodeTestTask.java:95)
	at java.base/java.util.ArrayList.forEach(ArrayList.java:1597)
	at org.junit.platform.engine.support.hierarchical.SameThreadHierarchicalTestExecutorService.invokeAll(SameThreadHierarchicalTestExecutorService.java:41)
	at org.junit.platform.engine.support.hierarchical.NodeTestTask.lambda$executeRecursively$6(NodeTestTask.java:155)
	at org.junit.platform.engine.support.hierarchical.ThrowableCollector.execute(ThrowableCollector.java:73)
	at org.junit.platform.engine.support.hierarchical.NodeTestTask.lambda$executeRecursively$8(NodeTestTask.java:141)
	at org.junit.platform.engine.support.hierarchical.Node.around(Node.java:137)
	at org.junit.platform.engine.support.hierarchical.NodeTestTask.lambda$executeRecursively$9(NodeTestTask.java:139)
	at org.junit.platform.engine.support.hierarchical.ThrowableCollector.execute(ThrowableCollector.java:73)
	at org.junit.platform.engine.support.hierarchical.NodeTestTask.executeRecursively(NodeTestTask.java:138)
	at org.junit.platform.engine.support.hierarchical.NodeTestTask.execute(NodeTestTask.java:95)
	at java.base/java.util.ArrayList.forEach(ArrayList.java:1597)
	at org.junit.platform.engine.support.hierarchical.SameThreadHierarchicalTestExecutorService.invokeAll(SameThreadHierarchicalTestExecutorService.java:41)
	at org.junit.platform.engine.support.hierarchical.NodeTestTask.lambda$executeRecursively$6(NodeTestTask.java:155)
	at org.junit.platform.engine.support.hierarchical.ThrowableCollector.execute(ThrowableCollector.java:73)
	at org.junit.platform.engine.support.hierarchical.NodeTestTask.lambda$executeRecursively$8(NodeTestTask.java:141)
	at org.junit.platform.engine.support.hierarchical.Node.around(Node.java:137)
	at org.junit.platform.engine.support.hierarchical.NodeTestTask.lambda$executeRecursively$9(NodeTestTask.java:139)
	at org.junit.platform.engine.support.hierarchical.ThrowableCollector.execute(ThrowableCollector.java:73)
	at org.junit.platform.engine.support.hierarchical.NodeTestTask.executeRecursively(NodeTestTask.java:138)
	at org.junit.platform.engine.support.hierarchical.NodeTestTask.execute(NodeTestTask.java:95)
	at org.junit.platform.engine.support.hierarchical.SameThreadHierarchicalTestExecutorService.submit(SameThreadHierarchicalTestExecutorService.java:35)
	at org.junit.platform.engine.support.hierarchical.HierarchicalTestExecutor.execute(HierarchicalTestExecutor.java:57)
	at org.junit.platform.engine.support.hierarchical.HierarchicalTestEngine.execute(HierarchicalTestEngine.java:54)
	at org.junit.platform.launcher.core.EngineExecutionOrchestrator.execute(EngineExecutionOrchestrator.java:198)
	at org.junit.platform.launcher.core.EngineExecutionOrchestrator.execute(EngineExecutionOrchestrator.java:169)
	at org.junit.platform.launcher.core.EngineExecutionOrchestrator.execute(EngineExecutionOrchestrator.java:93)
	at org.junit.platform.launcher.core.EngineExecutionOrchestrator.lambda$execute$0(EngineExecutionOrchestrator.java:58)
	at org.junit.platform.launcher.core.EngineExecutionOrchestrator.withInterceptedStreams(EngineExecutionOrchestrator.java:141)
	at org.junit.platform.launcher.core.EngineExecutionOrchestrator.execute(EngineExecutionOrchestrator.java:57)
	at org.junit.platform.launcher.core.DefaultLauncher.execute(DefaultLauncher.java:103)
	at org.junit.platform.launcher.core.DefaultLauncher.execute(DefaultLauncher.java:85)
	at org.junit.platform.launcher.core.DelegatingLauncher.execute(DelegatingLauncher.java:47)
	at org.apache.maven.surefire.junitplatform.LazyLauncher.execute(LazyLauncher.java:56)
	at org.apache.maven.surefire.junitplatform.JUnitPlatformProvider.execute(JUnitPlatformProvider.java:184)
	at org.apache.maven.surefire.junitplatform.JUnitPlatformProvider.invokeAllTests(JUnitPlatformProvider.java:148)
	at org.apache.maven.surefire.junitplatform.JUnitPlatformProvider.invoke(JUnitPlatformProvider.java:122)
	at org.apache.maven.surefire.booter.ForkedBooter.runSuitesInProcess(ForkedBooter.java:385)
	at org.apache.maven.surefire.booter.ForkedBooter.execute(ForkedBooter.java:162)
	at org.apache.maven.surefire.booter.ForkedBooter.run(ForkedBooter.java:507)
	at org.apache.maven.surefire.booter.ForkedBooter.main(ForkedBooter.java:495)

[ERRO] 2026-01-09 18:51:47.156 - Erro-98
  Exceção: java.lang.RuntimeException: Erro 98
java.lang.RuntimeException: Erro 98
	at testes.ErrorLoggerTest.testeLogNaoCresceIndefinidamente(ErrorLoggerTest.java:389)
	at java.base/jdk.internal.reflect.DirectMethodHandleAccessor.invoke(DirectMethodHandleAccessor.java:103)
	at java.base/java.lang.reflect.Method.invoke(Method.java:580)
	at org.junit.platform.commons.util.ReflectionUtils.invokeMethod(ReflectionUtils.java:728)
	at org.junit.jupiter.engine.execution.MethodInvocation.proceed(MethodInvocation.java:60)
	at org.junit.jupiter.engine.execution.InvocationInterceptorChain$ValidatingInvocation.proceed(InvocationInterceptorChain.java:131)
	at org.junit.jupiter.engine.extension.TimeoutExtension.intercept(TimeoutExtension.java:156)
	at org.junit.jupiter.engine.extension.TimeoutExtension.interceptTestableMethod(TimeoutExtension.java:147)
	at org.junit.jupiter.engine.extension.TimeoutExtension.interceptTestMethod(TimeoutExtension.java:86)
	at org.junit.jupiter.engine.execution.InterceptingExecutableInvoker$ReflectiveInterceptorCall.lambda$ofVoidMethod$0(InterceptingExecutableInvoker.java:103)
	at org.junit.jupiter.engine.execution.InterceptingExecutableInvoker.lambda$invoke$0(InterceptingExecutableInvoker.java:93)
	at org.junit.jupiter.engine.execution.InvocationInterceptorChain$InterceptedInvocation.proceed(InvocationInterceptorChain.java:106)
	at org.junit.jupiter.engine.execution.InvocationInterceptorChain.proceed(InvocationInterceptorChain.java:64)
	at org.junit.jupiter.engine.execution.InvocationInterceptorChain.chainAndInvoke(InvocationInterceptorChain.java:45)
	at org.junit.jupiter.engine.execution.InvocationInterceptorChain.invoke(InvocationInterceptorChain.java:37)
	at org.junit.jupiter.engine.execution.InterceptingExecutableInvoker.invoke(InterceptingExecutableInvoker.java:92)
	at org.junit.jupiter.engine.execution.InterceptingExecutableInvoker.invoke(InterceptingExecutableInvoker.java:86)
	at org.junit.jupiter.engine.descriptor.TestMethodTestDescriptor.lambda$invokeTestMethod$7(TestMethodTestDescriptor.java:218)
	at org.junit.platform.engine.support.hierarchical.ThrowableCollector.execute(ThrowableCollector.java:73)
	at org.junit.jupiter.engine.descriptor.TestMethodTestDescriptor.invokeTestMethod(TestMethodTestDescriptor.java:214)
	at org.junit.jupiter.engine.descriptor.TestMethodTestDescriptor.execute(TestMethodTestDescriptor.java:139)
	at org.junit.jupiter.engine.descriptor.TestMethodTestDescriptor.execute(TestMethodTestDescriptor.java:69)
	at org.junit.platform.engine.support.hierarchical.NodeTestTask.lambda$executeRecursively$6(NodeTestTask.java:151)
	at org.junit.platform.engine.support.hierarchical.ThrowableCollector.execute(ThrowableCollector.java:73)
	at org.junit.platform.engine.support.hierarchical.NodeTestTask.lambda$executeRecursively$8(NodeTestTask.java:141)
	at org.junit.platform.engine.support.hierarchical.Node.around(Node.java:137)
	at org.junit.platform.engine.support.hierarchical.NodeTestTask.lambda$executeRecursively$9(NodeTestTask.java:139)
	at org.junit.platform.engine.support.hierarchical.ThrowableCollector.execute(ThrowableCollector.java:73)
	at org.junit.platform.engine.support.hierarchical.NodeTestTask.executeRecursively(NodeTestTask.java:138)
	at org.junit.platform.engine.support.hierarchical.NodeTestTask.execute(NodeTestTask.java:95)
	at java.base/java.util.ArrayList.forEach(ArrayList.java:1597)
	at org.junit.platform.engine.support.hierarchical.SameThreadHierarchicalTestExecutorService.invokeAll(SameThreadHierarchicalTestExecutorService.java:41)
	at org.junit.platform.engine.support.hierarchical.NodeTestTask.lambda$executeRecursively$6(NodeTestTask.java:155)
	at org.junit.platform.engine.support.hierarchical.ThrowableCollector.execute(ThrowableCollector.java:73)
	at org.junit.platform.engine.support.hierarchical.NodeTestTask.lambda$executeRecursively$8(NodeTestTask.java:141)
	at org.junit.platform.engine.support.hierarchical.Node.around(Node.java:137)
	at org.junit.platform.engine.support.hierarchical.NodeTestTask.lambda$executeRecursively$9(NodeTestTask.java:139)
	at org.junit.platform.engine.support.hierarchical.ThrowableCollector.execute(ThrowableCollector.java:73)
	at org.junit.platform.engine.support.hierarchical.NodeTestTask.executeRecursively(NodeTestTask.java:138)
	at org.junit.platform.engine.support.hierarchical.NodeTestTask.execute(NodeTestTask.java:95)
	at java.base/java.util.ArrayList.forEach(ArrayList.java:1597)
	at org.junit.platform.engine.support.hierarchical.SameThreadHierarchicalTestExecutorService.invokeAll(SameThreadHierarchicalTestExecutorService.java:41)
	at org.junit.platform.engine.support.hierarchical.NodeTestTask.lambda$executeRecursively$6(NodeTestTask.java:155)
	at org.junit.platform.engine.support.hierarchical.ThrowableCollector.execute(ThrowableCollector.java:73)
	at org.junit.platform.engine.support.hierarchical.NodeTestTask.lambda$executeRecursively$8(NodeTestTask.java:141)
	at org.junit.platform.engine.support.hierarchical.Node.around(Node.java:137)
	at org.junit.platform.engine.support.hierarchical.NodeTestTask.lambda$executeRecursively$9(NodeTestTask.java:139)
	at org.junit.platform.engine.support.hierarchical.ThrowableCollector.execute(ThrowableCollector.java:73)
	at org.junit.platform.engine.support.hierarchical.NodeTestTask.executeRecursively(NodeTestTask.java:138)
	at org.junit.platform.engine.support.hierarchical.NodeTestTask.execute(NodeTestTask.java:95)
	at org.junit.platform.engine.support.hierarchical.SameThreadHierarchicalTestExecutorService.submit(SameThreadHierarchicalTestExecutorService.java:35)
	at org.junit.platform.engine.support.hierarchical.HierarchicalTestExecutor.execute(HierarchicalTestExecutor.java:57)
	at org.junit.platform.engine.support.hierarchical.HierarchicalTestEngine.execute(HierarchicalTestEngine.java:54)
	at org.junit.platform.launcher.core.EngineExecutionOrchestrator.execute(EngineExecutionOrchestrator.java:198)
	at org.junit.platform.launcher.core.EngineExecutionOrchestrator.execute(EngineExecutionOrchestrator.java:169)
	at org.junit.platform.launcher.core.EngineExecutionOrchestrator.execute(EngineExecutionOrchestrator.java:93)
	at org.junit.platform.launcher.core.EngineExecutionOrchestrator.lambda$execute$0(EngineExecutionOrchestrator.java:58)
	at org.junit.platform.launcher.core.EngineExecutionOrchestrator.withInterceptedStreams(EngineExecutionOrchestrator.java:141)
	at org.junit.platform.launcher.core.EngineExecutionOrchestrator.execute(EngineExecutionOrchestrator.java:57)
	at org.junit.platform.launcher.core.DefaultLauncher.execute(DefaultLauncher.java:103)
	at org.junit.platform.launcher.core.DefaultLauncher.execute(DefaultLauncher.java:85)
	at org.junit.platform.launcher.core.DelegatingLauncher.execute(DelegatingLauncher.java:47)
	at org.apache.maven.surefire.junitplatform.LazyLauncher.execute(LazyLauncher.java:56)
	at org.apache.maven.surefire.junitplatform.JUnitPlatformProvider.execute(JUnitPlatformProvider.java:184)
	at org.apache.maven.surefire.junitplatform.JUnitPlatformProvider.invokeAllTests(JUnitPlatformProvider.java:148)
	at org.apache.maven.surefire.junitplatform.JUnitPlatformProvider.invoke(JUnitPlatformProvider.java:122)
	at org.apache.maven.surefire.booter.ForkedBooter.runSuitesInProcess(ForkedBooter.java:385)
	at org.apache.maven.surefire.booter.ForkedBooter.execute(ForkedBooter.java:162)
	at org.apache.maven.surefire.booter.ForkedBooter.run(ForkedBooter.java:507)
	at org.apache.maven.surefire.booter.ForkedBooter.main(ForkedBooter.java:495)

[ERRO] 2026-01-09 18:51:47.157 - Erro-99
  Exceção: java.lang.RuntimeException: Erro 99
java.lang.RuntimeException: Erro 99
	at testes.ErrorLoggerTest.testeLogNaoCresceIndefinidamente(ErrorLoggerTest.java:389)
	at java.base/jdk.internal.reflect.DirectMethodHandleAccessor.invoke(DirectMethodHandleAccessor.java:103)
	at java.base/java.lang.reflect.Method.invoke(Method.java:580)
	at org.junit.platform.commons.util.ReflectionUtils.invokeMethod(ReflectionUtils.java:728)
	at org.junit.jupiter.engine.execution.MethodInvocation.proceed(MethodInvocation.java:60)
	at org.junit.jupiter.engine.execution.InvocationInterceptorChain$ValidatingInvocation.proceed(InvocationInterceptorChain.java:131)
	at org.junit.jupiter.engine.extension.TimeoutExtension.intercept(TimeoutExtension.java:156)
	at org.junit.jupiter.engine.extension.TimeoutExtension.interceptTestableMethod(TimeoutExtension.java:147)
	at org.junit.jupiter.engine.extension.TimeoutExtension.interceptTestMethod(TimeoutExtension.java:86)
	at org.junit.jupiter.engine.execution.InterceptingExecutableInvoker$ReflectiveInterceptorCall.lambda$ofVoidMethod$0(InterceptingExecutableInvoker.java:103)
	at org.junit.jupiter.engine.execution.InterceptingExecutableInvoker.lambda$invoke$0(InterceptingExecutableInvoker.java:93)
	at org.junit.jupiter.engine.execution.InvocationInterceptorChain$InterceptedInvocation.proceed(InvocationInterceptorChain.java:106)
	at org.junit.jupiter.engine.execution.InvocationInterceptorChain.proceed(InvocationInterceptorChain.java:64)
	at org.junit.jupiter.engine.execution.InvocationInterceptorChain.chainAndInvoke(InvocationInterceptorChain.java:45)
	at org.junit.jupiter.engine.execution.InvocationInterceptorChain.invoke(InvocationInterceptorChain.java:37)
	at org.junit.jupiter.engine.execution.InterceptingExecutableInvoker.invoke(InterceptingExecutableInvoker.java:92)
	at org.junit.jupiter.engine.execution.InterceptingExecutableInvoker.invoke(InterceptingExecutableInvoker.java:86)
	at org.junit.jupiter.engine.descriptor.TestMethodTestDescriptor.lambda$invokeTestMethod$7(TestMethodTestDescriptor.java:218)
	at org.junit.platform.engine.support.hierarchical.ThrowableCollector.execute(ThrowableCollector.java:73)
	at org.junit.jupiter.engine.descriptor.TestMethodTestDescriptor.invokeTestMethod(TestMethodTestDescriptor.java:214)
	at org.junit.jupiter.engine.descriptor.TestMethodTestDescriptor.execute(TestMethodTestDescriptor.java:139)
	at org.junit.jupiter.engine.descriptor.TestMethodTestDescriptor.execute(TestMethodTestDescriptor.java:69)
	at org.junit.platform.engine.support.hierarchical.NodeTestTask.lambda$executeRecursively$6(NodeTestTask.java:151)
	at org.junit.platform.engine.support.hierarchical.ThrowableCollector.execute(ThrowableCollector.java:73)
	at org.junit.platform.engine.support.hierarchical.NodeTestTask.lambda$executeRecursively$8(NodeTestTask.java:141)
	at org.junit.platform.engine.support.hierarchical.Node.around(Node.java:137)
	at org.junit.platform.engine.support.hierarchical.NodeTestTask.lambda$executeRecursively$9(NodeTestTask.java:139)
	at org.junit.platform.engine.support.hierarchical.ThrowableCollector.execute(ThrowableCollector.java:73)
	at org.junit.platform.engine.support.hierarchical.NodeTestTask.executeRecursively(NodeTestTask.java:138)
	at org.junit.platform.engine.support.hierarchical.NodeTestTask.execute(NodeTestTask.java:95)
	at java.base/java.util.ArrayList.forEach(ArrayList.java:1597)
	at org.junit.platform.engine.support.hierarchical.SameThreadHierarchicalTestExecutorService.invokeAll(SameThreadHierarchicalTestExecutorService.java:41)
	at org.junit.platform.engine.support.hierarchical.NodeTestTask.lambda$executeRecursively$6(NodeTestTask.java:155)
	at org.junit.platform.engine.support.hierarchical.ThrowableCollector.execute(ThrowableCollector.java:73)
	at org.junit.platform.engine.support.hierarchical.NodeTestTask.lambda$executeRecursively$8(NodeTestTask.java:141)
	at org.junit.platform.engine.support.hierarchical.Node.around(Node.java:137)
	at org.junit.platform.engine.support.hierarchical.NodeTestTask.lambda$executeRecursively$9(NodeTestTask.java:139)
	at org.junit.platform.engine.support.hierarchical.ThrowableCollector.execute(ThrowableCollector.java:73)
	at org.junit.platform.engine.support.hierarchical.NodeTestTask.executeRecursively(NodeTestTask.java:138)
	at org.junit.platform.engine.support.hierarchical.NodeTestTask.execute(NodeTestTask.java:95)
	at java.base/java.util.ArrayList.forEach(ArrayList.java:1597)
	at org.junit.platform.engine.support.hierarchical.SameThreadHierarchicalTestExecutorService.invokeAll(SameThreadHierarchicalTestExecutorService.java:41)
	at org.junit.platform.engine.support.hierarchical.NodeTestTask.lambda$executeRecursively$6(NodeTestTask.java:155)
	at org.junit.platform.engine.support.hierarchical.ThrowableCollector.execute(ThrowableCollector.java:73)
	at org.junit.platform.engine.support.hierarchical.NodeTestTask.lambda$executeRecursively$8(NodeTestTask.java:141)
	at org.junit.platform.engine.support.hierarchical.Node.around(Node.java:137)
	at org.junit.platform.engine.support.hierarchical.NodeTestTask.lambda$executeRecursively$9(NodeTestTask.java:139)
	at org.junit.platform.engine.support.hierarchical.ThrowableCollector.execute(ThrowableCollector.java:73)
	at org.junit.platform.engine.support.hierarchical.NodeTestTask.executeRecursively(NodeTestTask.java:138)
	at org.junit.platform.engine.support.hierarchical.NodeTestTask.execute(NodeTestTask.java:95)
	at org.junit.platform.engine.support.hierarchical.SameThreadHierarchicalTestExecutorService.submit(SameThreadHierarchicalTestExecutorService.java:35)
	at org.junit.platform.engine.support.hierarchical.HierarchicalTestExecutor.execute(HierarchicalTestExecutor.java:57)
	at org.junit.platform.engine.support.hierarchical.HierarchicalTestEngine.execute(HierarchicalTestEngine.java:54)
	at org.junit.platform.launcher.core.EngineExecutionOrchestrator.execute(EngineExecutionOrchestrator.java:198)
	at org.junit.platform.launcher.core.EngineExecutionOrchestrator.execute(EngineExecutionOrchestrator.java:169)
	at org.junit.platform.launcher.core.EngineExecutionOrchestrator.execute(EngineExecutionOrchestrator.java:93)
	at org.junit.platform.launcher.core.EngineExecutionOrchestrator.lambda$execute$0(EngineExecutionOrchestrator.java:58)
	at org.junit.platform.launcher.core.EngineExecutionOrchestrator.withInterceptedStreams(EngineExecutionOrchestrator.java:141)
	at org.junit.platform.launcher.core.EngineExecutionOrchestrator.execute(EngineExecutionOrchestrator.java:57)
	at org.junit.platform.launcher.core.DefaultLauncher.execute(DefaultLauncher.java:103)
	at org.junit.platform.launcher.core.DefaultLauncher.execute(DefaultLauncher.java:85)
	at org.junit.platform.launcher.core.DelegatingLauncher.execute(DelegatingLauncher.java:47)
	at org.apache.maven.surefire.junitplatform.LazyLauncher.execute(LazyLauncher.java:56)
	at org.apache.maven.surefire.junitplatform.JUnitPlatformProvider.execute(JUnitPlatformProvider.java:184)
	at org.apache.maven.surefire.junitplatform.JUnitPlatformProvider.invokeAllTests(JUnitPlatformProvider.java:148)
	at org.apache.maven.surefire.junitplatform.JUnitPlatformProvider.invoke(JUnitPlatformProvider.java:122)
	at org.apache.maven.surefire.booter.ForkedBooter.runSuitesInProcess(ForkedBooter.java:385)
	at org.apache.maven.surefire.booter.ForkedBooter.execute(ForkedBooter.java:162)
	at org.apache.maven.surefire.booter.ForkedBooter.run(ForkedBooter.java:507)
	at org.apache.maven.surefire.booter.ForkedBooter.main(ForkedBooter.java:495)

[ERRO] 2026-01-09 18:51:47.157 - Erro-0
  Exceção: java.lang.RuntimeException: Erro 0
java.lang.RuntimeException: Erro 0
	at testes.ErrorLoggerTest.testeLogNaoCresceIndefinidamente(ErrorLoggerTest.java:398)
	at java.base/jdk.internal.reflect.DirectMethodHandleAccessor.invoke(DirectMethodHandleAccessor.java:103)
	at java.base/java.lang.reflect.Method.invoke(Method.java:580)
	at org.junit.platform.commons.util.ReflectionUtils.invokeMethod(ReflectionUtils.java:728)
	at org.junit.jupiter.engine.execution.MethodInvocation.proceed(MethodInvocation.java:60)
	at org.junit.jupiter.engine.execution.InvocationInterceptorChain$ValidatingInvocation.proceed(InvocationInterceptorChain.java:131)
	at org.junit.jupiter.engine.extension.TimeoutExtension.intercept(TimeoutExtension.java:156)
	at org.junit.jupiter.engine.extension.TimeoutExtension.interceptTestableMethod(TimeoutExtension.java:147)
	at org.junit.jupiter.engine.extension.TimeoutExtension.interceptTestMethod(TimeoutExtension.java:86)
	at org.junit.jupiter.engine.execution.InterceptingExecutableInvoker$ReflectiveInterceptorCall.lambda$ofVoidMethod$0(InterceptingExecutableInvoker.java:103)
	at org.junit.jupiter.engine.execution.InterceptingExecutableInvoker.lambda$invoke$0(InterceptingExecutableInvoker.java:93)
	at org.junit.jupiter.engine.execution.InvocationInterceptorChain$InterceptedInvocation.proceed(InvocationInterceptorChain.java:106)
	at org.junit.jupiter.engine.execution.InvocationInterceptorChain.proceed(InvocationInterceptorChain.java:64)
	at org.junit.jupiter.engine.execution.InvocationInterceptorChain.chainAndInvoke(InvocationInterceptorChain.java:45)
	at org.junit.jupiter.engine.execution.InvocationInterceptorChain.invoke(InvocationInterceptorChain.java:37)
	at org.junit.jupiter.engine.execution.InterceptingExecutableInvoker.invoke(InterceptingExecutableInvoker.java:92)
	at org.junit.jupiter.engine.execution.InterceptingExecutableInvoker.invoke(InterceptingExecutableInvoker.java:86)
	at org.junit.jupiter.engine.descriptor.TestMethodTestDescriptor.lambda$invokeTestMethod$7(TestMethodTestDescriptor.java:218)
	at org.junit.platform.engine.support.hierarchical.ThrowableCollector.execute(ThrowableCollector.java:73)
	at org.junit.jupiter.engine.descriptor.TestMethodTestDescriptor.invokeTestMethod(TestMethodTestDescriptor.java:214)
	at org.junit.jupiter.engine.descriptor.TestMethodTestDescriptor.execute(TestMethodTestDescriptor.java:139)
	at org.junit.jupiter.engine.descriptor.TestMethodTestDescriptor.execute(TestMethodTestDescriptor.java:69)
	at org.junit.platform.engine.support.hierarchical.NodeTestTask.lambda$executeRecursively$6(NodeTestTask.java:151)
	at org.junit.platform.engine.support.hierarchical.ThrowableCollector.execute(ThrowableCollector.java:73)
	at org.junit.platform.engine.support.hierarchical.NodeTestTask.lambda$executeRecursively$8(NodeTestTask.java:141)
	at org.junit.platform.engine.support.hierarchical.Node.around(Node.java:137)
	at org.junit.platform.engine.support.hierarchical.NodeTestTask.lambda$executeRecursively$9(NodeTestTask.java:139)
	at org.junit.platform.engine.support.hierarchical.ThrowableCollector.execute(ThrowableCollector.java:73)
	at org.junit.platform.engine.support.hierarchical.NodeTestTask.executeRecursively(NodeTestTask.java:138)
	at org.junit.platform.engine.support.hierarchical.NodeTestTask.execute(NodeTestTask.java:95)
	at java.base/java.util.ArrayList.forEach(ArrayList.java:1597)
	at org.junit.platform.engine.support.hierarchical.SameThreadHierarchicalTestExecutorService.invokeAll(SameThreadHierarchicalTestExecutorService.java:41)
	at org.junit.platform.engine.support.hierarchical.NodeTestTask.lambda$executeRecursively$6(NodeTestTask.java:155)
	at org.junit.platform.engine.support.hierarchical.ThrowableCollector.execute(ThrowableCollector.java:73)
	at org.junit.platform.engine.support.hierarchical.NodeTestTask.lambda$executeRecursively$8(NodeTestTask.java:141)
	at org.junit.platform.engine.support.hierarchical.Node.around(Node.java:137)
	at org.junit.platform.engine.support.hierarchical.NodeTestTask.lambda$executeRecursively$9(NodeTestTask.java:139)
	at org.junit.platform.engine.support.hierarchical.ThrowableCollector.execute(ThrowableCollector.java:73)
	at org.junit.platform.engine.support.hierarchical.NodeTestTask.executeRecursively(NodeTestTask.java:138)
	at org.junit.platform.engine.support.hierarchical.NodeTestTask.execute(NodeTestTask.java:95)
	at java.base/java.util.ArrayList.forEach(ArrayList.java:1597)
	at org.junit.platform.engine.support.hierarchical.SameThreadHierarchicalTestExecutorService.invokeAll(SameThreadHierarchicalTestExecutorService.java:41)
	at org.junit.platform.engine.support.hierarchical.NodeTestTask.lambda$executeRecursively$6(NodeTestTask.java:155)
	at org.junit.platform.engine.support.hierarchical.ThrowableCollector.execute(ThrowableCollector.java:73)
	at org.junit.platform.engine.support.hierarchical.NodeTestTask.lambda$executeRecursively$8(NodeTestTask.java:141)
	at org.junit.platform.engine.support.hierarchical.Node.around(Node.java:137)
	at org.junit.platform.engine.support.hierarchical.NodeTestTask.lambda$executeRecursively$9(NodeTestTask.java:139)
	at org.junit.platform.engine.support.hierarchical.ThrowableCollector.execute(ThrowableCollector.java:73)
	at org.junit.platform.engine.support.hierarchical.NodeTestTask.executeRecursively(NodeTestTask.java:138)
	at org.junit.platform.engine.support.hierarchical.NodeTestTask.execute(NodeTestTask.java:95)
	at org.junit.platform.engine.support.hierarchical.SameThreadHierarchicalTestExecutorService.submit(SameThreadHierarchicalTestExecutorService.java:35)
	at org.junit.platform.engine.support.hierarchical.HierarchicalTestExecutor.execute(HierarchicalTestExecutor.java:57)
	at org.junit.platform.engine.support.hierarchical.HierarchicalTestEngine.execute(HierarchicalTestEngine.java:54)
	at org.junit.platform.launcher.core.EngineExecutionOrchestrator.execute(EngineExecutionOrchestrator.java:198)
	at org.junit.platform.launcher.core.EngineExecutionOrchestrator.execute(EngineExecutionOrchestrator.java:169)
	at org.junit.platform.launcher.core.EngineExecutionOrchestrator.execute(EngineExecutionOrchestrator.java:93)
	at org.junit.platform.launcher.core.EngineExecutionOrchestrator.lambda$execute$0(EngineExecutionOrchestrator.java:58)
	at org.junit.platform.launcher.core.EngineExecutionOrchestrator.withInterceptedStreams(EngineExecutionOrchestrator.java:141)
	at org.junit.platform.launcher.core.EngineExecutionOrchestrator.execute(EngineExecutionOrchestrator.java:57)
	at org.junit.platform.launcher.core.DefaultLauncher.execute(DefaultLauncher.java:103)
	at org.junit.platform.launcher.core.DefaultLauncher.execute(DefaultLauncher.java:85)
	at org.junit.platform.launcher.core.DelegatingLauncher.execute(DelegatingLauncher.java:47)
	at org.apache.maven.surefire.junitplatform.LazyLauncher.execute(LazyLauncher.java:56)
	at org.apache.maven.surefire.junitplatform.JUnitPlatformProvider.execute(JUnitPlatformProvider.java:184)
	at org.apache.maven.surefire.junitplatform.JUnitPlatformProvider.invokeAllTests(JUnitPlatformProvider.java:148)
	at org.apache.maven.surefire.junitplatform.JUnitPlatformProvider.invoke(JUnitPlatformProvider.java:122)
	at org.apache.maven.surefire.booter.ForkedBooter.runSuitesInProcess(ForkedBooter.java:385)
	at org.apache.maven.surefire.booter.ForkedBooter.execute(ForkedBooter.java:162)
	at org.apache.maven.surefire.booter.ForkedBooter.run(ForkedBooter.java:507)
	at org.apache.maven.surefire.booter.ForkedBooter.main(ForkedBooter.java:495)

[ERRO] 2026-01-09 18:51:47.158 - Erro-1
  Exceção: java.lang.RuntimeException: Erro 1
java.lang.RuntimeException: Erro 1
	at testes.ErrorLoggerTest.testeLogNaoCresceIndefinidamente(ErrorLoggerTest.java:398)
	at java.base/jdk.internal.reflect.DirectMethodHandleAccessor.invoke(DirectMethodHandleAccessor.java:103)
	at java.base/java.lang.reflect.Method.invoke(Method.java:580)
	at org.junit.platform.commons.util.ReflectionUtils.invokeMethod(ReflectionUtils.java:728)
	at org.junit.jupiter.engine.execution.MethodInvocation.proceed(MethodInvocation.java:60)
	at org.junit.jupiter.engine.execution.InvocationInterceptorChain$ValidatingInvocation.proceed(InvocationInterceptorChain.java:131)
	at org.junit.jupiter.engine.extension.TimeoutExtension.intercept(TimeoutExtension.java:156)
	at org.junit.jupiter.engine.extension.TimeoutExtension.interceptTestableMethod(TimeoutExtension.java:147)
	at org.junit.jupiter.engine.extension.TimeoutExtension.interceptTestMethod(TimeoutExtension.java:86)
	at org.junit.jupiter.engine.execution.InterceptingExecutableInvoker$ReflectiveInterceptorCall.lambda$ofVoidMethod$0(InterceptingExecutableInvoker.java:103)
	at org.junit.jupiter.engine.execution.InterceptingExecutableInvoker.lambda$invoke$0(InterceptingExecutableInvoker.java:93)
	at org.junit.jupiter.engine.execution.InvocationInterceptorChain$InterceptedInvocation.proceed(InvocationInterceptorChain.java:106)
	at org.junit.jupiter.engine.execution.InvocationInterceptorChain.proceed(InvocationInterceptorChain.java:64)
	at org.junit.jupiter.engine.execution.InvocationInterceptorChain.chainAndInvoke(InvocationInterceptorChain.java:45)
	at org.junit.jupiter.engine.execution.InvocationInterceptorChain.invoke(InvocationInterceptorChain.java:37)
	at org.junit.jupiter.engine.execution.InterceptingExecutableInvoker.invoke(InterceptingExecutableInvoker.java:92)
	at org.junit.jupiter.engine.execution.InterceptingExecutableInvoker.invoke(InterceptingExecutableInvoker.java:86)
	at org.junit.jupiter.engine.descriptor.TestMethodTestDescriptor.lambda$invokeTestMethod$7(TestMethodTestDescriptor.java:218)
	at org.junit.platform.engine.support.hierarchical.ThrowableCollector.execute(ThrowableCollector.java:73)
	at org.junit.jupiter.engine.descriptor.TestMethodTestDescriptor.invokeTestMethod(TestMethodTestDescriptor.java:214)
	at org.junit.jupiter.engine.descriptor.TestMethodTestDescriptor.execute(TestMethodTestDescriptor.java:139)
	at org.junit.jupiter.engine.descriptor.TestMethodTestDescriptor.execute(TestMethodTestDescriptor.java:69)
	at org.junit.platform.engine.support.hierarchical.NodeTestTask.lambda$executeRecursively$6(NodeTestTask.java:151)
	at org.junit.platform.engine.support.hierarchical.ThrowableCollector.execute(ThrowableCollector.java:73)
	at org.junit.platform.engine.support.hierarchical.NodeTestTask.lambda$executeRecursively$8(NodeTestTask.java:141)
	at org.junit.platform.engine.support.hierarchical.Node.around(Node.java:137)
	at org.junit.platform.engine.support.hierarchical.NodeTestTask.lambda$executeRecursively$9(NodeTestTask.java:139)
	at org.junit.platform.engine.support.hierarchical.ThrowableCollector.execute(ThrowableCollector.java:73)
	at org.junit.platform.engine.support.hierarchical.NodeTestTask.executeRecursively(NodeTestTask.java:138)
	at org.junit.platform.engine.support.hierarchical.NodeTestTask.execute(NodeTestTask.java:95)
	at java.base/java.util.ArrayList.forEach(ArrayList.java:1597)
	at org.junit.platform.engine.support.hierarchical.SameThreadHierarchicalTestExecutorService.invokeAll(SameThreadHierarchicalTestExecutorService.java:41)
	at org.junit.platform.engine.support.hierarchical.NodeTestTask.lambda$executeRecursively$6(NodeTestTask.java:155)
	at org.junit.platform.engine.support.hierarchical.ThrowableCollector.execute(ThrowableCollector.java:73)
	at org.junit.platform.engine.support.hierarchical.NodeTestTask.lambda$executeRecursively$8(NodeTestTask.java:141)
	at org.junit.platform.engine.support.hierarchical.Node.around(Node.java:137)
	at org.junit.platform.engine.support.hierarchical.NodeTestTask.lambda$executeRecursively$9(NodeTestTask.java:139)
	at org.junit.platform.engine.support.hierarchical.ThrowableCollector.execute(ThrowableCollector.java:73)
	at org.junit.platform.engine.support.hierarchical.NodeTestTask.executeRecursively(NodeTestTask.java:138)
	at org.junit.platform.engine.support.hierarchical.NodeTestTask.execute(NodeTestTask.java:95)
	at java.base/java.util.ArrayList.forEach(ArrayList.java:1597)
	at org.junit.platform.engine.support.hierarchical.SameThreadHierarchicalTestExecutorService.invokeAll(SameThreadHierarchicalTestExecutorService.java:41)
	at org.junit.platform.engine.support.hierarchical.NodeTestTask.lambda$executeRecursively$6(NodeTestTask.java:155)
	at org.junit.platform.engine.support.hierarchical.ThrowableCollector.execute(ThrowableCollector.java:73)
	at org.junit.platform.engine.support.hierarchical.NodeTestTask.lambda$executeRecursively$8(NodeTestTask.java:141)
	at org.junit.platform.engine.support.hierarchical.Node.around(Node.java:137)
	at org.junit.platform.engine.support.hierarchical.NodeTestTask.lambda$executeRecursively$9(NodeTestTask.java:139)
	at org.junit.platform.engine.support.hierarchical.ThrowableCollector.execute(ThrowableCollector.java:73)
	at org.junit.platform.engine.support.hierarchical.NodeTestTask.executeRecursively(NodeTestTask.java:138)
	at org.junit.platform.engine.support.hierarchical.NodeTestTask.execute(NodeTestTask.java:95)
	at org.junit.platform.engine.support.hierarchical.SameThreadHierarchicalTestExecutorService.submit(SameThreadHierarchicalTestExecutorService.java:35)
	at org.junit.platform.engine.support.hierarchical.HierarchicalTestExecutor.execute(HierarchicalTestExecutor.java:57)
	at org.junit.platform.engine.support.hierarchical.HierarchicalTestEngine.execute(HierarchicalTestEngine.java:54)
	at org.junit.platform.launcher.core.EngineExecutionOrchestrator.execute(EngineExecutionOrchestrator.java:198)
	at org.junit.platform.launcher.core.EngineExecutionOrchestrator.execute(EngineExecutionOrchestrator.java:169)
	at org.junit.platform.launcher.core.EngineExecutionOrchestrator.execute(EngineExecutionOrchestrator.java:93)
	at org.junit.platform.launcher.core.EngineExecutionOrchestrator.lambda$execute$0(EngineExecutionOrchestrator.java:58)
	at org.junit.platform.launcher.core.EngineExecutionOrchestrator.withInterceptedStreams(EngineExecutionOrchestrator.java:141)
	at org.junit.platform.launcher.core.EngineExecutionOrchestrator.execute(EngineExecutionOrchestrator.java:57)
	at org.junit.platform.launcher.core.DefaultLauncher.execute(DefaultLauncher.java:103)
	at org.junit.platform.launcher.core.DefaultLauncher.execute(DefaultLauncher.java:85)
	at org.junit.platform.launcher.core.DelegatingLauncher.execute(DelegatingLauncher.java:47)
	at org.apache.maven.surefire.junitplatform.LazyLauncher.execute(LazyLauncher.java:56)
	at org.apache.maven.surefire.junitplatform.JUnitPlatformProvider.execute(JUnitPlatformProvider.java:184)
	at org.apache.maven.surefire.junitplatform.JUnitPlatformProvider.invokeAllTests(JUnitPlatformProvider.java:148)
	at org.apache.maven.surefire.junitplatform.JUnitPlatformProvider.invoke(JUnitPlatformProvider.java:122)
	at org.apache.maven.surefire.booter.ForkedBooter.runSuitesInProcess(ForkedBooter.java:385)
	at org.apache.maven.surefire.booter.ForkedBooter.execute(ForkedBooter.java:162)
	at org.apache.maven.surefire.booter.ForkedBooter.run(ForkedBooter.java:507)
	at org.apache.maven.surefire.booter.ForkedBooter.main(ForkedBooter.java:495)

[ERRO] 2026-01-09 18:51:47.158 - Erro-2
  Exceção: java.lang.RuntimeException: Erro 2
java.lang.RuntimeException: Erro 2
	at testes.ErrorLoggerTest.testeLogNaoCresceIndefinidamente(ErrorLoggerTest.java:398)
	at java.base/jdk.internal.reflect.DirectMethodHandleAccessor.invoke(DirectMethodHandleAccessor.java:103)
	at java.base/java.lang.reflect.Method.invoke(Method.java:580)
	at org.junit.platform.commons.util.ReflectionUtils.invokeMethod(ReflectionUtils.java:728)
	at org.junit.jupiter.engine.execution.MethodInvocation.proceed(MethodInvocation.java:60)
	at org.junit.jupiter.engine.execution.InvocationInterceptorChain$ValidatingInvocation.proceed(InvocationInterceptorChain.java:131)
	at org.junit.jupiter.engine.extension.TimeoutExtension.intercept(TimeoutExtension.java:156)
	at org.junit.jupiter.engine.extension.TimeoutExtension.interceptTestableMethod(TimeoutExtension.java:147)
	at org.junit.jupiter.engine.extension.TimeoutExtension.interceptTestMethod(TimeoutExtension.java:86)
	at org.junit.jupiter.engine.execution.InterceptingExecutableInvoker$ReflectiveInterceptorCall.lambda$ofVoidMethod$0(InterceptingExecutableInvoker.java:103)
	at org.junit.jupiter.engine.execution.InterceptingExecutableInvoker.lambda$invoke$0(InterceptingExecutableInvoker.java:93)
	at org.junit.jupiter.engine.execution.InvocationInterceptorChain$InterceptedInvocation.proceed(InvocationInterceptorChain.java:106)
	at org.junit.jupiter.engine.execution.InvocationInterceptorChain.proceed(InvocationInterceptorChain.java:64)
	at org.junit.jupiter.engine.execution.InvocationInterceptorChain.chainAndInvoke(InvocationInterceptorChain.java:45)
	at org.junit.jupiter.engine.execution.InvocationInterceptorChain.invoke(InvocationInterceptorChain.java:37)
	at org.junit.jupiter.engine.execution.InterceptingExecutableInvoker.invoke(InterceptingExecutableInvoker.java:92)
	at org.junit.jupiter.engine.execution.InterceptingExecutableInvoker.invoke(InterceptingExecutableInvoker.java:86)
	at org.junit.jupiter.engine.descriptor.TestMethodTestDescriptor.lambda$invokeTestMethod$7(TestMethodTestDescriptor.java:218)
	at org.junit.platform.engine.support.hierarchical.ThrowableCollector.execute(ThrowableCollector.java:73)
	at org.junit.jupiter.engine.descriptor.TestMethodTestDescriptor.invokeTestMethod(TestMethodTestDescriptor.java:214)
	at org.junit.jupiter.engine.descriptor.TestMethodTestDescriptor.execute(TestMethodTestDescriptor.java:139)
	at org.junit.jupiter.engine.descriptor.TestMethodTestDescriptor.execute(TestMethodTestDescriptor.java:69)
	at org.junit.platform.engine.support.hierarchical.NodeTestTask.lambda$executeRecursively$6(NodeTestTask.java:151)
	at org.junit.platform.engine.support.hierarchical.ThrowableCollector.execute(ThrowableCollector.java:73)
	at org.junit.platform.engine.support.hierarchical.NodeTestTask.lambda$executeRecursively$8(NodeTestTask.java:141)
	at org.junit.platform.engine.support.hierarchical.Node.around(Node.java:137)
	at org.junit.platform.engine.support.hierarchical.NodeTestTask.lambda$executeRecursively$9(NodeTestTask.java:139)
	at org.junit.platform.engine.support.hierarchical.ThrowableCollector.execute(ThrowableCollector.java:73)
	at org.junit.platform.engine.support.hierarchical.NodeTestTask.executeRecursively(NodeTestTask.java:138)
	at org.junit.platform.engine.support.hierarchical.NodeTestTask.execute(NodeTestTask.java:95)
	at java.base/java.util.ArrayList.forEach(ArrayList.java:1597)
	at org.junit.platform.engine.support.hierarchical.SameThreadHierarchicalTestExecutorService.invokeAll(SameThreadHierarchicalTestExecutorService.java:41)
	at org.junit.platform.engine.support.hierarchical.NodeTestTask.lambda$executeRecursively$6(NodeTestTask.java:155)
	at org.junit.platform.engine.support.hierarchical.ThrowableCollector.execute(ThrowableCollector.java:73)
	at org.junit.platform.engine.support.hierarchical.NodeTestTask.lambda$executeRecursively$8(NodeTestTask.java:141)
	at org.junit.platform.engine.support.hierarchical.Node.around(Node.java:137)
	at org.junit.platform.engine.support.hierarchical.NodeTestTask.lambda$executeRecursively$9(NodeTestTask.java:139)
	at org.junit.platform.engine.support.hierarchical.ThrowableCollector.execute(ThrowableCollector.java:73)
	at org.junit.platform.engine.support.hierarchical.NodeTestTask.executeRecursively(NodeTestTask.java:138)
	at org.junit.platform.engine.support.hierarchical.NodeTestTask.execute(NodeTestTask.java:95)
	at java.base/java.util.ArrayList.forEach(ArrayList.java:1597)
	at org.junit.platform.engine.support.hierarchical.SameThreadHierarchicalTestExecutorService.invokeAll(SameThreadHierarchicalTestExecutorService.java:41)
	at org.junit.platform.engine.support.hierarchical.NodeTestTask.lambda$executeRecursively$6(NodeTestTask.java:155)
	at org.junit.platform.engine.support.hierarchical.ThrowableCollector.execute(ThrowableCollector.java:73)
	at org.junit.platform.engine.support.hierarchical.NodeTestTask.lambda$executeRecursively$8(NodeTestTask.java:141)
	at org.junit.platform.engine.support.hierarchical.Node.around(Node.java:137)
	at org.junit.platform.engine.support.hierarchical.NodeTestTask.lambda$executeRecursively$9(NodeTestTask.java:139)
	at org.junit.platform.engine.support.hierarchical.ThrowableCollector.execute(ThrowableCollector.java:73)
	at org.junit.platform.engine.support.hierarchical.NodeTestTask.executeRecursively(NodeTestTask.java:138)
	at org.junit.platform.engine.support.hierarchical.NodeTestTask.execute(NodeTestTask.java:95)
	at org.junit.platform.engine.support.hierarchical.SameThreadHierarchicalTestExecutorService.submit(SameThreadHierarchicalTestExecutorService.java:35)
	at org.junit.platform.engine.support.hierarchical.HierarchicalTestExecutor.execute(HierarchicalTestExecutor.java:57)
	at org.junit.platform.engine.support.hierarchical.HierarchicalTestEngine.execute(HierarchicalTestEngine.java:54)
	at org.junit.platform.launcher.core.EngineExecutionOrchestrator.execute(EngineExecutionOrchestrator.java:198)
	at org.junit.platform.launcher.core.EngineExecutionOrchestrator.execute(EngineExecutionOrchestrator.java:169)
	at org.junit.platform.launcher.core.EngineExecutionOrchestrator.execute(EngineExecutionOrchestrator.java:93)
	at org.junit.platform.launcher.core.EngineExecutionOrchestrator.lambda$execute$0(EngineExecutionOrchestrator.java:58)
	at org.junit.platform.launcher.core.EngineExecutionOrchestrator.withInterceptedStreams(EngineExecutionOrchestrator.java:141)
	at org.junit.platform.launcher.core.EngineExecutionOrchestrator.execute(EngineExecutionOrchestrator.java:57)
	at org.junit.platform.launcher.core.DefaultLauncher.execute(DefaultLauncher.java:103)
	at org.junit.platform.launcher.core.DefaultLauncher.execute(DefaultLauncher.java:85)
	at org.junit.platform.launcher.core.DelegatingLauncher.execute(DelegatingLauncher.java:47)
	at org.apache.maven.surefire.junitplatform.LazyLauncher.execute(LazyLauncher.java:56)
	at org.apache.maven.surefire.junitplatform.JUnitPlatformProvider.execute(JUnitPlatformProvider.java:184)
	at org.apache.maven.surefire.junitplatform.JUnitPlatformProvider.invokeAllTests(JUnitPlatformProvider.java:148)
	at org.apache.maven.surefire.junitplatform.JUnitPlatformProvider.invoke(JUnitPlatformProvider.java:122)
	at org.apache.maven.surefire.booter.ForkedBooter.runSuitesInProcess(ForkedBooter.java:385)
	at org.apache.maven.surefire.booter.ForkedBooter.execute(ForkedBooter.java:162)
	at org.apache.maven.surefire.booter.ForkedBooter.run(ForkedBooter.java:507)
	at org.apache.maven.surefire.booter.ForkedBooter.main(ForkedBooter.java:495)

[ERRO] 2026-01-09 18:51:47.158 - Erro-3
  Exceção: java.lang.RuntimeException: Erro 3
java.lang.RuntimeException: Erro 3
	at testes.ErrorLoggerTest.testeLogNaoCresceIndefinidamente(ErrorLoggerTest.java:398)
	at java.base/jdk.internal.reflect.DirectMethodHandleAccessor.invoke(DirectMethodHandleAccessor.java:103)
	at java.base/java.lang.reflect.Method.invoke(Method.java:580)
	at org.junit.platform.commons.util.ReflectionUtils.invokeMethod(ReflectionUtils.java:728)
	at org.junit.jupiter.engine.execution.MethodInvocation.proceed(MethodInvocation.java:60)
	at org.junit.jupiter.engine.execution.InvocationInterceptorChain$ValidatingInvocation.proceed(InvocationInterceptorChain.java:131)
	at org.junit.jupiter.engine.extension.TimeoutExtension.intercept(TimeoutExtension.java:156)
	at org.junit.jupiter.engine.extension.TimeoutExtension.interceptTestableMethod(TimeoutExtension.java:147)
	at org.junit.jupiter.engine.extension.TimeoutExtension.interceptTestMethod(TimeoutExtension.java:86)
	at org.junit.jupiter.engine.execution.InterceptingExecutableInvoker$ReflectiveInterceptorCall.lambda$ofVoidMethod$0(InterceptingExecutableInvoker.java:103)
	at org.junit.jupiter.engine.execution.InterceptingExecutableInvoker.lambda$invoke$0(InterceptingExecutableInvoker.java:93)
	at org.junit.jupiter.engine.execution.InvocationInterceptorChain$InterceptedInvocation.proceed(InvocationInterceptorChain.java:106)
	at org.junit.jupiter.engine.execution.InvocationInterceptorChain.proceed(InvocationInterceptorChain.java:64)
	at org.junit.jupiter.engine.execution.InvocationInterceptorChain.chainAndInvoke(InvocationInterceptorChain.java:45)
	at org.junit.jupiter.engine.execution.InvocationInterceptorChain.invoke(InvocationInterceptorChain.java:37)
	at org.junit.jupiter.engine.execution.InterceptingExecutableInvoker.invoke(InterceptingExecutableInvoker.java:92)
	at org.junit.jupiter.engine.execution.InterceptingExecutableInvoker.invoke(InterceptingExecutableInvoker.java:86)
	at org.junit.jupiter.engine.descriptor.TestMethodTestDescriptor.lambda$invokeTestMethod$7(TestMethodTestDescriptor.java:218)
	at org.junit.platform.engine.support.hierarchical.ThrowableCollector.execute(ThrowableCollector.java:73)
	at org.junit.jupiter.engine.descriptor.TestMethodTestDescriptor.invokeTestMethod(TestMethodTestDescriptor.java:214)
	at org.junit.jupiter.engine.descriptor.TestMethodTestDescriptor.execute(TestMethodTestDescriptor.java:139)
	at org.junit.jupiter.engine.descriptor.TestMethodTestDescriptor.execute(TestMethodTestDescriptor.java:69)
	at org.junit.platform.engine.support.hierarchical.NodeTestTask.lambda$executeRecursively$6(NodeTestTask.java:151)
	at org.junit.platform.engine.support.hierarchical.ThrowableCollector.execute(ThrowableCollector.java:73)
	at org.junit.platform.engine.support.hierarchical.NodeTestTask.lambda$executeRecursively$8(NodeTestTask.java:141)
	at org.junit.platform.engine.support.hierarchical.Node.around(Node.java:137)
	at org.junit.platform.engine.support.hierarchical.NodeTestTask.lambda$executeRecursively$9(NodeTestTask.java:139)
	at org.junit.platform.engine.support.hierarchical.ThrowableCollector.execute(ThrowableCollector.java:73)
	at org.junit.platform.engine.support.hierarchical.NodeTestTask.executeRecursively(NodeTestTask.java:138)
	at org.junit.platform.engine.support.hierarchical.NodeTestTask.execute(NodeTestTask.java:95)
	at java.base/java.util.ArrayList.forEach(ArrayList.java:1597)
	at org.junit.platform.engine.support.hierarchical.SameThreadHierarchicalTestExecutorService.invokeAll(SameThreadHierarchicalTestExecutorService.java:41)
	at org.junit.platform.engine.support.hierarchical.NodeTestTask.lambda$executeRecursively$6(NodeTestTask.java:155)
	at org.junit.platform.engine.support.hierarchical.ThrowableCollector.execute(ThrowableCollector.java:73)
	at org.junit.platform.engine.support.hierarchical.NodeTestTask.lambda$executeRecursively$8(NodeTestTask.java:141)
	at org.junit.platform.engine.support.hierarchical.Node.around(Node.java:137)
	at org.junit.platform.engine.support.hierarchical.NodeTestTask.lambda$executeRecursively$9(NodeTestTask.java:139)
	at org.junit.platform.engine.support.hierarchical.ThrowableCollector.execute(ThrowableCollector.java:73)
	at org.junit.platform.engine.support.hierarchical.NodeTestTask.executeRecursively(NodeTestTask.java:138)
	at org.junit.platform.engine.support.hierarchical.NodeTestTask.execute(NodeTestTask.java:95)
	at java.base/java.util.ArrayList.forEach(ArrayList.java:1597)
	at org.junit.platform.engine.support.hierarchical.SameThreadHierarchicalTestExecutorService.invokeAll(SameThreadHierarchicalTestExecutorService.java:41)
	at org.junit.platform.engine.support.hierarchical.NodeTestTask.lambda$executeRecursively$6(NodeTestTask.java:155)
	at org.junit.platform.engine.support.hierarchical.ThrowableCollector.execute(ThrowableCollector.java:73)
	at org.junit.platform.engine.support.hierarchical.NodeTestTask.lambda$executeRecursively$8(NodeTestTask.java:141)
	at org.junit.platform.engine.support.hierarchical.Node.around(Node.java:137)
	at org.junit.platform.engine.support.hierarchical.NodeTestTask.lambda$executeRecursively$9(NodeTestTask.java:139)
	at org.junit.platform.engine.support.hierarchical.ThrowableCollector.execute(ThrowableCollector.java:73)
	at org.junit.platform.engine.support.hierarchical.NodeTestTask.executeRecursively(NodeTestTask.java:138)
	at org.junit.platform.engine.support.hierarchical.NodeTestTask.execute(NodeTestTask.java:95)
	at org.junit.platform.engine.support.hierarchical.SameThreadHierarchicalTestExecutorService.submit(SameThreadHierarchicalTestExecutorService.java:35)
	at org.junit.platform.engine.support.hierarchical.HierarchicalTestExecutor.execute(HierarchicalTestExecutor.java:57)
	at org.junit.platform.engine.support.hierarchical.HierarchicalTestEngine.execute(HierarchicalTestEngine.java:54)
	at org.junit.platform.launcher.core.EngineExecutionOrchestrator.execute(EngineExecutionOrchestrator.java:198)
	at org.junit.platform.launcher.core.EngineExecutionOrchestrator.execute(EngineExecutionOrchestrator.java:169)
	at org.junit.platform.launcher.core.EngineExecutionOrchestrator.execute(EngineExecutionOrchestrator.java:93)
	at org.junit.platform.launcher.core.EngineExecutionOrchestrator.lambda$execute$0(EngineExecutionOrchestrator.java:58)
	at org.junit.platform.launcher.core.EngineExecutionOrchestrator.withInterceptedStreams(EngineExecutionOrchestrator.java:141)
	at org.junit.platform.launcher.core.EngineExecutionOrchestrator.execute(EngineExecutionOrchestrator.java:57)
	at org.junit.platform.launcher.core.DefaultLauncher.execute(DefaultLauncher.java:103)
	at org.junit.platform.launcher.core.DefaultLauncher.execute(DefaultLauncher.java:85)
	at org.junit.platform.launcher.core.DelegatingLauncher.execute(DelegatingLauncher.java:47)
	at org.apache.maven.surefire.junitplatform.LazyLauncher.execute(LazyLauncher.java:56)
	at org.apache.maven.surefire.junitplatform.JUnitPlatformProvider.execute(JUnitPlatformProvider.java:184)
	at org.apache.maven.surefire.junitplatform.JUnitPlatformProvider.invokeAllTests(JUnitPlatformProvider.java:148)
	at org.apache.maven.surefire.junitplatform.JUnitPlatformProvider.invoke(JUnitPlatformProvider.java:122)
	at org.apache.maven.surefire.booter.ForkedBooter.runSuitesInProcess(ForkedBooter.java:385)
	at org.apache.maven.surefire.booter.ForkedBooter.execute(ForkedBooter.java:162)
	at org.apache.maven.surefire.booter.ForkedBooter.run(ForkedBooter.java:507)
	at org.apache.maven.surefire.booter.ForkedBooter.main(ForkedBooter.java:495)

[ERRO] 2026-01-09 18:51:47.158 - Erro-4
  Exceção: java.lang.RuntimeException: Erro 4
java.lang.RuntimeException: Erro 4
	at testes.ErrorLoggerTest.testeLogNaoCresceIndefinidamente(ErrorLoggerTest.java:398)
	at java.base/jdk.internal.reflect.DirectMethodHandleAccessor.invoke(DirectMethodHandleAccessor.java:103)
	at java.base/java.lang.reflect.Method.invoke(Method.java:580)
	at org.junit.platform.commons.util.ReflectionUtils.invokeMethod(ReflectionUtils.java:728)
	at org.junit.jupiter.engine.execution.MethodInvocation.proceed(MethodInvocation.java:60)
	at org.junit.jupiter.engine.execution.InvocationInterceptorChain$ValidatingInvocation.proceed(InvocationInterceptorChain.java:131)
	at org.junit.jupiter.engine.extension.TimeoutExtension.intercept(TimeoutExtension.java:156)
	at org.junit.jupiter.engine.extension.TimeoutExtension.interceptTestableMethod(TimeoutExtension.java:147)
	at org.junit.jupiter.engine.extension.TimeoutExtension.interceptTestMethod(TimeoutExtension.java:86)
	at org.junit.jupiter.engine.execution.InterceptingExecutableInvoker$ReflectiveInterceptorCall.lambda$ofVoidMethod$0(InterceptingExecutableInvoker.java:103)
	at org.junit.jupiter.engine.execution.InterceptingExecutableInvoker.lambda$invoke$0(InterceptingExecutableInvoker.java:93)
	at org.junit.jupiter.engine.execution.InvocationInterceptorChain$InterceptedInvocation.proceed(InvocationInterceptorChain.java:106)
	at org.junit.jupiter.engine.execution.InvocationInterceptorChain.proceed(InvocationInterceptorChain.java:64)
	at org.junit.jupiter.engine.execution.InvocationInterceptorChain.chainAndInvoke(InvocationInterceptorChain.java:45)
	at org.junit.jupiter.engine.execution.InvocationInterceptorChain.invoke(InvocationInterceptorChain.java:37)
	at org.junit.jupiter.engine.execution.InterceptingExecutableInvoker.invoke(InterceptingExecutableInvoker.java:92)
	at org.junit.jupiter.engine.execution.InterceptingExecutableInvoker.invoke(InterceptingExecutableInvoker.java:86)
	at org.junit.jupiter.engine.descriptor.TestMethodTestDescriptor.lambda$invokeTestMethod$7(TestMethodTestDescriptor.java:218)
	at org.junit.platform.engine.support.hierarchical.ThrowableCollector.execute(ThrowableCollector.java:73)
	at org.junit.jupiter.engine.descriptor.TestMethodTestDescriptor.invokeTestMethod(TestMethodTestDescriptor.java:214)
	at org.junit.jupiter.engine.descriptor.TestMethodTestDescriptor.execute(TestMethodTestDescriptor.java:139)
	at org.junit.jupiter.engine.descriptor.TestMethodTestDescriptor.execute(TestMethodTestDescriptor.java:69)
	at org.junit.platform.engine.support.hierarchical.NodeTestTask.lambda$executeRecursively$6(NodeTestTask.java:151)
	at org.junit.platform.engine.support.hierarchical.ThrowableCollector.execute(ThrowableCollector.java:73)
	at org.junit.platform.engine.support.hierarchical.NodeTestTask.lambda$executeRecursively$8(NodeTestTask.java:141)
	at org.junit.platform.engine.support.hierarchical.Node.around(Node.java:137)
	at org.junit.platform.engine.support.hierarchical.NodeTestTask.lambda$executeRecursively$9(NodeTestTask.java:139)
	at org.junit.platform.engine.support.hierarchical.ThrowableCollector.execute(ThrowableCollector.java:73)
	at org.junit.platform.engine.support.hierarchical.NodeTestTask.executeRecursively(NodeTestTask.java:138)
	at org.junit.platform.engine.support.hierarchical.NodeTestTask.execute(NodeTestTask.java:95)
	at java.base/java.util.ArrayList.forEach(ArrayList.java:1597)
	at org.junit.platform.engine.support.hierarchical.SameThreadHierarchicalTestExecutorService.invokeAll(SameThreadHierarchicalTestExecutorService.java:41)
	at org.junit.platform.engine.support.hierarchical.NodeTestTask.lambda$executeRecursively$6(NodeTestTask.java:155)
	at org.junit.platform.engine.support.hierarchical.ThrowableCollector.execute(ThrowableCollector.java:73)
	at org.junit.platform.engine.support.hierarchical.NodeTestTask.lambda$executeRecursively$8(NodeTestTask.java:141)
	at org.junit.platform.engine.support.hierarchical.Node.around(Node.java:137)
	at org.junit.platform.engine.support.hierarchical.NodeTestTask.lambda$executeRecursively$9(NodeTestTask.java:139)
	at org.junit.platform.engine.support.hierarchical.ThrowableCollector.execute(ThrowableCollector.java:73)
	at org.junit.platform.engine.support.hierarchical.NodeTestTask.executeRecursively(NodeTestTask.java:138)
	at org.junit.platform.engine.support.hierarchical.NodeTestTask.execute(NodeTestTask.java:95)
	at java.base/java.util.ArrayList.forEach(ArrayList.java:1597)
	at org.junit.platform.engine.support.hierarchical.SameThreadHierarchicalTestExecutorService.invokeAll(SameThreadHierarchicalTestExecutorService.java:41)
	at org.junit.platform.engine.support.hierarchical.NodeTestTask.lambda$executeRecursively$6(NodeTestTask.java:155)
	at org.junit.platform.engine.support.hierarchical.ThrowableCollector.execute(ThrowableCollector.java:73)
	at org.junit.platform.engine.support.hierarchical.NodeTestTask.lambda$executeRecursively$8(NodeTestTask.java:141)
	at org.junit.platform.engine.support.hierarchical.Node.around(Node.java:137)
	at org.junit.platform.engine.support.hierarchical.NodeTestTask.lambda$executeRecursively$9(NodeTestTask.java:139)
	at org.junit.platform.engine.support.hierarchical.ThrowableCollector.execute(ThrowableCollector.java:73)
	at org.junit.platform.engine.support.hierarchical.NodeTestTask.executeRecursively(NodeTestTask.java:138)
	at org.junit.platform.engine.support.hierarchical.NodeTestTask.execute(NodeTestTask.java:95)
	at org.junit.platform.engine.support.hierarchical.SameThreadHierarchicalTestExecutorService.submit(SameThreadHierarchicalTestExecutorService.java:35)
	at org.junit.platform.engine.support.hierarchical.HierarchicalTestExecutor.execute(HierarchicalTestExecutor.java:57)
	at org.junit.platform.engine.support.hierarchical.HierarchicalTestEngine.execute(HierarchicalTestEngine.java:54)
	at org.junit.platform.launcher.core.EngineExecutionOrchestrator.execute(EngineExecutionOrchestrator.java:198)
	at org.junit.platform.launcher.core.EngineExecutionOrchestrator.execute(EngineExecutionOrchestrator.java:169)
	at org.junit.platform.launcher.core.EngineExecutionOrchestrator.execute(EngineExecutionOrchestrator.java:93)
	at org.junit.platform.launcher.core.EngineExecutionOrchestrator.lambda$execute$0(EngineExecutionOrchestrator.java:58)
	at org.junit.platform.launcher.core.EngineExecutionOrchestrator.withInterceptedStreams(EngineExecutionOrchestrator.java:141)
	at org.junit.platform.launcher.core.EngineExecutionOrchestrator.execute(EngineExecutionOrchestrator.java:57)
	at org.junit.platform.launcher.core.DefaultLauncher.execute(DefaultLauncher.java:103)
	at org.junit.platform.launcher.core.DefaultLauncher.execute(DefaultLauncher.java:85)
	at org.junit.platform.launcher.core.DelegatingLauncher.execute(DelegatingLauncher.java:47)
	at org.apache.maven.surefire.junitplatform.LazyLauncher.execute(LazyLauncher.java:56)
	at org.apache.maven.surefire.junitplatform.JUnitPlatformProvider.execute(JUnitPlatformProvider.java:184)
	at org.apache.maven.surefire.junitplatform.JUnitPlatformProvider.invokeAllTests(JUnitPlatformProvider.java:148)
	at org.apache.maven.surefire.junitplatform.JUnitPlatformProvider.invoke(JUnitPlatformProvider.java:122)
	at org.apache.maven.surefire.booter.ForkedBooter.runSuitesInProcess(ForkedBooter.java:385)
	at org.apache.maven.surefire.booter.ForkedBooter.execute(ForkedBooter.java:162)
	at org.apache.maven.surefire.booter.ForkedBooter.run(ForkedBooter.java:507)
	at org.apache.maven.surefire.booter.ForkedBooter.main(ForkedBooter.java:495)

[ERRO] 2026-01-09 18:51:47.159 - Erro-5
  Exceção: java.lang.RuntimeException: Erro 5
java.lang.RuntimeException: Erro 5
	at testes.ErrorLoggerTest.testeLogNaoCresceIndefinidamente(ErrorLoggerTest.java:398)
	at java.base/jdk.internal.reflect.DirectMethodHandleAccessor.invoke(DirectMethodHandleAccessor.java:103)
	at java.base/java.lang.reflect.Method.invoke(Method.java:580)
	at org.junit.platform.commons.util.ReflectionUtils.invokeMethod(ReflectionUtils.java:728)
	at org.junit.jupiter.engine.execution.MethodInvocation.proceed(MethodInvocation.java:60)
	at org.junit.jupiter.engine.execution.InvocationInterceptorChain$ValidatingInvocation.proceed(InvocationInterceptorChain.java:131)
	at org.junit.jupiter.engine.extension.TimeoutExtension.intercept(TimeoutExtension.java:156)
	at org.junit.jupiter.engine.extension.TimeoutExtension.interceptTestableMethod(TimeoutExtension.java:147)
	at org.junit.jupiter.engine.extension.TimeoutExtension.interceptTestMethod(TimeoutExtension.java:86)
	at org.junit.jupiter.engine.execution.InterceptingExecutableInvoker$ReflectiveInterceptorCall.lambda$ofVoidMethod$0(InterceptingExecutableInvoker.java:103)
	at org.junit.jupiter.engine.execution.InterceptingExecutableInvoker.lambda$invoke$0(InterceptingExecutableInvoker.java:93)
	at org.junit.jupiter.engine.execution.InvocationInterceptorChain$InterceptedInvocation.proceed(InvocationInterceptorChain.java:106)
	at org.junit.jupiter.engine.execution.InvocationInterceptorChain.proceed(InvocationInterceptorChain.java:64)
	at org.junit.jupiter.engine.execution.InvocationInterceptorChain.chainAndInvoke(InvocationInterceptorChain.java:45)
	at org.junit.jupiter.engine.execution.InvocationInterceptorChain.invoke(InvocationInterceptorChain.java:37)
	at org.junit.jupiter.engine.execution.InterceptingExecutableInvoker.invoke(InterceptingExecutableInvoker.java:92)
	at org.junit.jupiter.engine.execution.InterceptingExecutableInvoker.invoke(InterceptingExecutableInvoker.java:86)
	at org.junit.jupiter.engine.descriptor.TestMethodTestDescriptor.lambda$invokeTestMethod$7(TestMethodTestDescriptor.java:218)
	at org.junit.platform.engine.support.hierarchical.ThrowableCollector.execute(ThrowableCollector.java:73)
	at org.junit.jupiter.engine.descriptor.TestMethodTestDescriptor.invokeTestMethod(TestMethodTestDescriptor.java:214)
	at org.junit.jupiter.engine.descriptor.TestMethodTestDescriptor.execute(TestMethodTestDescriptor.java:139)
	at org.junit.jupiter.engine.descriptor.TestMethodTestDescriptor.execute(TestMethodTestDescriptor.java:69)
	at org.junit.platform.engine.support.hierarchical.NodeTestTask.lambda$executeRecursively$6(NodeTestTask.java:151)
	at org.junit.platform.engine.support.hierarchical.ThrowableCollector.execute(ThrowableCollector.java:73)
	at org.junit.platform.engine.support.hierarchical.NodeTestTask.lambda$executeRecursively$8(NodeTestTask.java:141)
	at org.junit.platform.engine.support.hierarchical.Node.around(Node.java:137)
	at org.junit.platform.engine.support.hierarchical.NodeTestTask.lambda$executeRecursively$9(NodeTestTask.java:139)
	at org.junit.platform.engine.support.hierarchical.ThrowableCollector.execute(ThrowableCollector.java:73)
	at org.junit.platform.engine.support.hierarchical.NodeTestTask.executeRecursively(NodeTestTask.java:138)
	at org.junit.platform.engine.support.hierarchical.NodeTestTask.execute(NodeTestTask.java:95)
	at java.base/java.util.ArrayList.forEach(ArrayList.java:1597)
	at org.junit.platform.engine.support.hierarchical.SameThreadHierarchicalTestExecutorService.invokeAll(SameThreadHierarchicalTestExecutorService.java:41)
	at org.junit.platform.engine.support.hierarchical.NodeTestTask.lambda$executeRecursively$6(NodeTestTask.java:155)
	at org.junit.platform.engine.support.hierarchical.ThrowableCollector.execute(ThrowableCollector.java:73)
	at org.junit.platform.engine.support.hierarchical.NodeTestTask.lambda$executeRecursively$8(NodeTestTask.java:141)
	at org.junit.platform.engine.support.hierarchical.Node.around(Node.java:137)
	at org.junit.platform.engine.support.hierarchical.NodeTestTask.lambda$executeRecursively$9(NodeTestTask.java:139)
	at org.junit.platform.engine.support.hierarchical.ThrowableCollector.execute(ThrowableCollector.java:73)
	at org.junit.platform.engine.support.hierarchical.NodeTestTask.executeRecursively(NodeTestTask.java:138)
	at org.junit.platform.engine.support.hierarchical.NodeTestTask.execute(NodeTestTask.java:95)
	at java.base/java.util.ArrayList.forEach(ArrayList.java:1597)
	at org.junit.platform.engine.support.hierarchical.SameThreadHierarchicalTestExecutorService.invokeAll(SameThreadHierarchicalTestExecutorService.java:41)
	at org.junit.platform.engine.support.hierarchical.NodeTestTask.lambda$executeRecursively$6(NodeTestTask.java:155)
	at org.junit.platform.engine.support.hierarchical.ThrowableCollector.execute(ThrowableCollector.java:73)
	at org.junit.platform.engine.support.hierarchical.NodeTestTask.lambda$executeRecursively$8(NodeTestTask.java:141)
	at org.junit.platform.engine.support.hierarchical.Node.around(Node.java:137)
	at org.junit.platform.engine.support.hierarchical.NodeTestTask.lambda$executeRecursively$9(NodeTestTask.java:139)
	at org.junit.platform.engine.support.hierarchical.ThrowableCollector.execute(ThrowableCollector.java:73)
	at org.junit.platform.engine.support.hierarchical.NodeTestTask.executeRecursively(NodeTestTask.java:138)
	at org.junit.platform.engine.support.hierarchical.NodeTestTask.execute(NodeTestTask.java:95)
	at org.junit.platform.engine.support.hierarchical.SameThreadHierarchicalTestExecutorService.submit(SameThreadHierarchicalTestExecutorService.java:35)
	at org.junit.platform.engine.support.hierarchical.HierarchicalTestExecutor.execute(HierarchicalTestExecutor.java:57)
	at org.junit.platform.engine.support.hierarchical.HierarchicalTestEngine.execute(HierarchicalTestEngine.java:54)
	at org.junit.platform.launcher.core.EngineExecutionOrchestrator.execute(EngineExecutionOrchestrator.java:198)
	at org.junit.platform.launcher.core.EngineExecutionOrchestrator.execute(EngineExecutionOrchestrator.java:169)
	at org.junit.platform.launcher.core.EngineExecutionOrchestrator.execute(EngineExecutionOrchestrator.java:93)
	at org.junit.platform.launcher.core.EngineExecutionOrchestrator.lambda$execute$0(EngineExecutionOrchestrator.java:58)
	at org.junit.platform.launcher.core.EngineExecutionOrchestrator.withInterceptedStreams(EngineExecutionOrchestrator.java:141)
	at org.junit.platform.launcher.core.EngineExecutionOrchestrator.execute(EngineExecutionOrchestrator.java:57)
	at org.junit.platform.launcher.core.DefaultLauncher.execute(DefaultLauncher.java:103)
	at org.junit.platform.launcher.core.DefaultLauncher.execute(DefaultLauncher.java:85)
	at org.junit.platform.launcher.core.DelegatingLauncher.execute(DelegatingLauncher.java:47)
	at org.apache.maven.surefire.junitplatform.LazyLauncher.execute(LazyLauncher.java:56)
	at org.apache.maven.surefire.junitplatform.JUnitPlatformProvider.execute(JUnitPlatformProvider.java:184)
	at org.apache.maven.surefire.junitplatform.JUnitPlatformProvider.invokeAllTests(JUnitPlatformProvider.java:148)
	at org.apache.maven.surefire.junitplatform.JUnitPlatformProvider.invoke(JUnitPlatformProvider.java:122)
	at org.apache.maven.surefire.booter.ForkedBooter.runSuitesInProcess(ForkedBooter.java:385)
	at org.apache.maven.surefire.booter.ForkedBooter.execute(ForkedBooter.java:162)
	at org.apache.maven.surefire.booter.ForkedBooter.run(ForkedBooter.java:507)
	at org.apache.maven.surefire.booter.ForkedBooter.main(ForkedBooter.java:495)

[ERRO] 2026-01-09 18:51:47.159 - Erro-6
  Exceção: java.lang.RuntimeException: Erro 6
java.lang.RuntimeException: Erro 6
	at testes.ErrorLoggerTest.testeLogNaoCresceIndefinidamente(ErrorLoggerTest.java:398)
	at java.base/jdk.internal.reflect.DirectMethodHandleAccessor.invoke(DirectMethodHandleAccessor.java:103)
	at java.base/java.lang.reflect.Method.invoke(Method.java:580)
	at org.junit.platform.commons.util.ReflectionUtils.invokeMethod(ReflectionUtils.java:728)
	at org.junit.jupiter.engine.execution.MethodInvocation.proceed(MethodInvocation.java:60)
	at org.junit.jupiter.engine.execution.InvocationInterceptorChain$ValidatingInvocation.proceed(InvocationInterceptorChain.java:131)
	at org.junit.jupiter.engine.extension.TimeoutExtension.intercept(TimeoutExtension.java:156)
	at org.junit.jupiter.engine.extension.TimeoutExtension.interceptTestableMethod(TimeoutExtension.java:147)
	at org.junit.jupiter.engine.extension.TimeoutExtension.interceptTestMethod(TimeoutExtension.java:86)
	at org.junit.jupiter.engine.execution.InterceptingExecutableInvoker$ReflectiveInterceptorCall.lambda$ofVoidMethod$0(InterceptingExecutableInvoker.java:103)
	at org.junit.jupiter.engine.execution.InterceptingExecutableInvoker.lambda$invoke$0(InterceptingExecutableInvoker.java:93)
	at org.junit.jupiter.engine.execution.InvocationInterceptorChain$InterceptedInvocation.proceed(InvocationInterceptorChain.java:106)
	at org.junit.jupiter.engine.execution.InvocationInterceptorChain.proceed(InvocationInterceptorChain.java:64)
	at org.junit.jupiter.engine.execution.InvocationInterceptorChain.chainAndInvoke(InvocationInterceptorChain.java:45)
	at org.junit.jupiter.engine.execution.InvocationInterceptorChain.invoke(InvocationInterceptorChain.java:37)
	at org.junit.jupiter.engine.execution.InterceptingExecutableInvoker.invoke(InterceptingExecutableInvoker.java:92)
	at org.junit.jupiter.engine.execution.InterceptingExecutableInvoker.invoke(InterceptingExecutableInvoker.java:86)
	at org.junit.jupiter.engine.descriptor.TestMethodTestDescriptor.lambda$invokeTestMethod$7(TestMethodTestDescriptor.java:218)
	at org.junit.platform.engine.support.hierarchical.ThrowableCollector.execute(ThrowableCollector.java:73)
	at org.junit.jupiter.engine.descriptor.TestMethodTestDescriptor.invokeTestMethod(TestMethodTestDescriptor.java:214)
	at org.junit.jupiter.engine.descriptor.TestMethodTestDescriptor.execute(TestMethodTestDescriptor.java:139)
	at org.junit.jupiter.engine.descriptor.TestMethodTestDescriptor.execute(TestMethodTestDescriptor.java:69)
	at org.junit.platform.engine.support.hierarchical.NodeTestTask.lambda$executeRecursively$6(NodeTestTask.java:151)
	at org.junit.platform.engine.support.hierarchical.ThrowableCollector.execute(ThrowableCollector.java:73)
	at org.junit.platform.engine.support.hierarchical.NodeTestTask.lambda$executeRecursively$8(NodeTestTask.java:141)
	at org.junit.platform.engine.support.hierarchical.Node.around(Node.java:137)
	at org.junit.platform.engine.support.hierarchical.NodeTestTask.lambda$executeRecursively$9(NodeTestTask.java:139)
	at org.junit.platform.engine.support.hierarchical.ThrowableCollector.execute(ThrowableCollector.java:73)
	at org.junit.platform.engine.support.hierarchical.NodeTestTask.executeRecursively(NodeTestTask.java:138)
	at org.junit.platform.engine.support.hierarchical.NodeTestTask.execute(NodeTestTask.java:95)
	at java.base/java.util.ArrayList.forEach(ArrayList.java:1597)
	at org.junit.platform.engine.support.hierarchical.SameThreadHierarchicalTestExecutorService.invokeAll(SameThreadHierarchicalTestExecutorService.java:41)
	at org.junit.platform.engine.support.hierarchical.NodeTestTask.lambda$executeRecursively$6(NodeTestTask.java:155)
	at org.junit.platform.engine.support.hierarchical.ThrowableCollector.execute(ThrowableCollector.java:73)
	at org.junit.platform.engine.support.hierarchical.NodeTestTask.lambda$executeRecursively$8(NodeTestTask.java:141)
	at org.junit.platform.engine.support.hierarchical.Node.around(Node.java:137)
	at org.junit.platform.engine.support.hierarchical.NodeTestTask.lambda$executeRecursively$9(NodeTestTask.java:139)
	at org.junit.platform.engine.support.hierarchical.ThrowableCollector.execute(ThrowableCollector.java:73)
	at org.junit.platform.engine.support.hierarchical.NodeTestTask.executeRecursively(NodeTestTask.java:138)
	at org.junit.platform.engine.support.hierarchical.NodeTestTask.execute(NodeTestTask.java:95)
	at java.base/java.util.ArrayList.forEach(ArrayList.java:1597)
	at org.junit.platform.engine.support.hierarchical.SameThreadHierarchicalTestExecutorService.invokeAll(SameThreadHierarchicalTestExecutorService.java:41)
	at org.junit.platform.engine.support.hierarchical.NodeTestTask.lambda$executeRecursively$6(NodeTestTask.java:155)
	at org.junit.platform.engine.support.hierarchical.ThrowableCollector.execute(ThrowableCollector.java:73)
	at org.junit.platform.engine.support.hierarchical.NodeTestTask.lambda$executeRecursively$8(NodeTestTask.java:141)
	at org.junit.platform.engine.support.hierarchical.Node.around(Node.java:137)
	at org.junit.platform.engine.support.hierarchical.NodeTestTask.lambda$executeRecursively$9(NodeTestTask.java:139)
	at org.junit.platform.engine.support.hierarchical.ThrowableCollector.execute(ThrowableCollector.java:73)
	at org.junit.platform.engine.support.hierarchical.NodeTestTask.executeRecursively(NodeTestTask.java:138)
	at org.junit.platform.engine.support.hierarchical.NodeTestTask.execute(NodeTestTask.java:95)
	at org.junit.platform.engine.support.hierarchical.SameThreadHierarchicalTestExecutorService.submit(SameThreadHierarchicalTestExecutorService.java:35)
	at org.junit.platform.engine.support.hierarchical.HierarchicalTestExecutor.execute(HierarchicalTestExecutor.java:57)
	at org.junit.platform.engine.support.hierarchical.HierarchicalTestEngine.execute(HierarchicalTestEngine.java:54)
	at org.junit.platform.launcher.core.EngineExecutionOrchestrator.execute(EngineExecutionOrchestrator.java:198)
	at org.junit.platform.launcher.core.EngineExecutionOrchestrator.execute(EngineExecutionOrchestrator.java:169)
	at org.junit.platform.launcher.core.EngineExecutionOrchestrator.execute(EngineExecutionOrchestrator.java:93)
	at org.junit.platform.launcher.core.EngineExecutionOrchestrator.lambda$execute$0(EngineExecutionOrchestrator.java:58)
	at org.junit.platform.launcher.core.EngineExecutionOrchestrator.withInterceptedStreams(EngineExecutionOrchestrator.java:141)
	at org.junit.platform.launcher.core.EngineExecutionOrchestrator.execute(EngineExecutionOrchestrator.java:57)
	at org.junit.platform.launcher.core.DefaultLauncher.execute(DefaultLauncher.java:103)
	at org.junit.platform.launcher.core.DefaultLauncher.execute(DefaultLauncher.java:85)
	at org.junit.platform.launcher.core.DelegatingLauncher.execute(DelegatingLauncher.java:47)
	at org.apache.maven.surefire.junitplatform.LazyLauncher.execute(LazyLauncher.java:56)
	at org.apache.maven.surefire.junitplatform.JUnitPlatformProvider.execute(JUnitPlatformProvider.java:184)
	at org.apache.maven.surefire.junitplatform.JUnitPlatformProvider.invokeAllTests(JUnitPlatformProvider.java:148)
	at org.apache.maven.surefire.junitplatform.JUnitPlatformProvider.invoke(JUnitPlatformProvider.java:122)
	at org.apache.maven.surefire.booter.ForkedBooter.runSuitesInProcess(ForkedBooter.java:385)
	at org.apache.maven.surefire.booter.ForkedBooter.execute(ForkedBooter.java:162)
	at org.apache.maven.surefire.booter.ForkedBooter.run(ForkedBooter.java:507)
	at org.apache.maven.surefire.booter.ForkedBooter.main(ForkedBooter.java:495)

[ERRO] 2026-01-09 18:51:47.159 - Erro-7
  Exceção: java.lang.RuntimeException: Erro 7
java.lang.RuntimeException: Erro 7
	at testes.ErrorLoggerTest.testeLogNaoCresceIndefinidamente(ErrorLoggerTest.java:398)
	at java.base/jdk.internal.reflect.DirectMethodHandleAccessor.invoke(DirectMethodHandleAccessor.java:103)
	at java.base/java.lang.reflect.Method.invoke(Method.java:580)
	at org.junit.platform.commons.util.ReflectionUtils.invokeMethod(ReflectionUtils.java:728)
	at org.junit.jupiter.engine.execution.MethodInvocation.proceed(MethodInvocation.java:60)
	at org.junit.jupiter.engine.execution.InvocationInterceptorChain$ValidatingInvocation.proceed(InvocationInterceptorChain.java:131)
	at org.junit.jupiter.engine.extension.TimeoutExtension.intercept(TimeoutExtension.java:156)
	at org.junit.jupiter.engine.extension.TimeoutExtension.interceptTestableMethod(TimeoutExtension.java:147)
	at org.junit.jupiter.engine.extension.TimeoutExtension.interceptTestMethod(TimeoutExtension.java:86)
	at org.junit.jupiter.engine.execution.InterceptingExecutableInvoker$ReflectiveInterceptorCall.lambda$ofVoidMethod$0(InterceptingExecutableInvoker.java:103)
	at org.junit.jupiter.engine.execution.InterceptingExecutableInvoker.lambda$invoke$0(InterceptingExecutableInvoker.java:93)
	at org.junit.jupiter.engine.execution.InvocationInterceptorChain$InterceptedInvocation.proceed(InvocationInterceptorChain.java:106)
	at org.junit.jupiter.engine.execution.InvocationInterceptorChain.proceed(InvocationInterceptorChain.java:64)
	at org.junit.jupiter.engine.execution.InvocationInterceptorChain.chainAndInvoke(InvocationInterceptorChain.java:45)
	at org.junit.jupiter.engine.execution.InvocationInterceptorChain.invoke(InvocationInterceptorChain.java:37)
	at org.junit.jupiter.engine.execution.InterceptingExecutableInvoker.invoke(InterceptingExecutableInvoker.java:92)
	at org.junit.jupiter.engine.execution.InterceptingExecutableInvoker.invoke(InterceptingExecutableInvoker.java:86)
	at org.junit.jupiter.engine.descriptor.TestMethodTestDescriptor.lambda$invokeTestMethod$7(TestMethodTestDescriptor.java:218)
	at org.junit.platform.engine.support.hierarchical.ThrowableCollector.execute(ThrowableCollector.java:73)
	at org.junit.jupiter.engine.descriptor.TestMethodTestDescriptor.invokeTestMethod(TestMethodTestDescriptor.java:214)
	at org.junit.jupiter.engine.descriptor.TestMethodTestDescriptor.execute(TestMethodTestDescriptor.java:139)
	at org.junit.jupiter.engine.descriptor.TestMethodTestDescriptor.execute(TestMethodTestDescriptor.java:69)
	at org.junit.platform.engine.support.hierarchical.NodeTestTask.lambda$executeRecursively$6(NodeTestTask.java:151)
	at org.junit.platform.engine.support.hierarchical.ThrowableCollector.execute(ThrowableCollector.java:73)
	at org.junit.platform.engine.support.hierarchical.NodeTestTask.lambda$executeRecursively$8(NodeTestTask.java:141)
	at org.junit.platform.engine.support.hierarchical.Node.around(Node.java:137)
	at org.junit.platform.engine.support.hierarchical.NodeTestTask.lambda$executeRecursively$9(NodeTestTask.java:139)
	at org.junit.platform.engine.support.hierarchical.ThrowableCollector.execute(ThrowableCollector.java:73)
	at org.junit.platform.engine.support.hierarchical.NodeTestTask.executeRecursively(NodeTestTask.java:138)
	at org.junit.platform.engine.support.hierarchical.NodeTestTask.execute(NodeTestTask.java:95)
	at java.base/java.util.ArrayList.forEach(ArrayList.java:1597)
	at org.junit.platform.engine.support.hierarchical.SameThreadHierarchicalTestExecutorService.invokeAll(SameThreadHierarchicalTestExecutorService.java:41)
	at org.junit.platform.engine.support.hierarchical.NodeTestTask.lambda$executeRecursively$6(NodeTestTask.java:155)
	at org.junit.platform.engine.support.hierarchical.ThrowableCollector.execute(ThrowableCollector.java:73)
	at org.junit.platform.engine.support.hierarchical.NodeTestTask.lambda$executeRecursively$8(NodeTestTask.java:141)
	at org.junit.platform.engine.support.hierarchical.Node.around(Node.java:137)
	at org.junit.platform.engine.support.hierarchical.NodeTestTask.lambda$executeRecursively$9(NodeTestTask.java:139)
	at org.junit.platform.engine.support.hierarchical.ThrowableCollector.execute(ThrowableCollector.java:73)
	at org.junit.platform.engine.support.hierarchical.NodeTestTask.executeRecursively(NodeTestTask.java:138)
	at org.junit.platform.engine.support.hierarchical.NodeTestTask.execute(NodeTestTask.java:95)
	at java.base/java.util.ArrayList.forEach(ArrayList.java:1597)
	at org.junit.platform.engine.support.hierarchical.SameThreadHierarchicalTestExecutorService.invokeAll(SameThreadHierarchicalTestExecutorService.java:41)
	at org.junit.platform.engine.support.hierarchical.NodeTestTask.lambda$executeRecursively$6(NodeTestTask.java:155)
	at org.junit.platform.engine.support.hierarchical.ThrowableCollector.execute(ThrowableCollector.java:73)
	at org.junit.platform.engine.support.hierarchical.NodeTestTask.lambda$executeRecursively$8(NodeTestTask.java:141)
	at org.junit.platform.engine.support.hierarchical.Node.around(Node.java:137)
	at org.junit.platform.engine.support.hierarchical.NodeTestTask.lambda$executeRecursively$9(NodeTestTask.java:139)
	at org.junit.platform.engine.support.hierarchical.ThrowableCollector.execute(ThrowableCollector.java:73)
	at org.junit.platform.engine.support.hierarchical.NodeTestTask.executeRecursively(NodeTestTask.java:138)
	at org.junit.platform.engine.support.hierarchical.NodeTestTask.execute(NodeTestTask.java:95)
	at org.junit.platform.engine.support.hierarchical.SameThreadHierarchicalTestExecutorService.submit(SameThreadHierarchicalTestExecutorService.java:35)
	at org.junit.platform.engine.support.hierarchical.HierarchicalTestExecutor.execute(HierarchicalTestExecutor.java:57)
	at org.junit.platform.engine.support.hierarchical.HierarchicalTestEngine.execute(HierarchicalTestEngine.java:54)
	at org.junit.platform.launcher.core.EngineExecutionOrchestrator.execute(EngineExecutionOrchestrator.java:198)
	at org.junit.platform.launcher.core.EngineExecutionOrchestrator.execute(EngineExecutionOrchestrator.java:169)
	at org.junit.platform.launcher.core.EngineExecutionOrchestrator.execute(EngineExecutionOrchestrator.java:93)
	at org.junit.platform.launcher.core.EngineExecutionOrchestrator.lambda$execute$0(EngineExecutionOrchestrator.java:58)
	at org.junit.platform.launcher.core.EngineExecutionOrchestrator.withInterceptedStreams(EngineExecutionOrchestrator.java:141)
	at org.junit.platform.launcher.core.EngineExecutionOrchestrator.execute(EngineExecutionOrchestrator.java:57)
	at org.junit.platform.launcher.core.DefaultLauncher.execute(DefaultLauncher.java:103)
	at org.junit.platform.launcher.core.DefaultLauncher.execute(DefaultLauncher.java:85)
	at org.junit.platform.launcher.core.DelegatingLauncher.execute(DelegatingLauncher.java:47)
	at org.apache.maven.surefire.junitplatform.LazyLauncher.execute(LazyLauncher.java:56)
	at org.apache.maven.surefire.junitplatform.JUnitPlatformProvider.execute(JUnitPlatformProvider.java:184)
	at org.apache.maven.surefire.junitplatform.JUnitPlatformProvider.invokeAllTests(JUnitPlatformProvider.java:148)
	at org.apache.maven.surefire.junitplatform.JUnitPlatformProvider.invoke(JUnitPlatformProvider.java:122)
	at org.apache.maven.surefire.booter.ForkedBooter.runSuitesInProcess(ForkedBooter.java:385)
	at org.apache.maven.surefire.booter.ForkedBooter.execute(ForkedBooter.java:162)
	at org.apache.maven.surefire.booter.ForkedBooter.run(ForkedBooter.java:507)
	at org.apache.maven.surefire.booter.ForkedBooter.main(ForkedBooter.java:495)

[ERRO] 2026-01-09 18:51:47.159 - Erro-8
  Exceção: java.lang.RuntimeException: Erro 8
java.lang.RuntimeException: Erro 8
	at testes.ErrorLoggerTest.testeLogNaoCresceIndefinidamente(ErrorLoggerTest.java:398)
	at java.base/jdk.internal.reflect.DirectMethodHandleAccessor.invoke(DirectMethodHandleAccessor.java:103)
	at java.base/java.lang.reflect.Method.invoke(Method.java:580)
	at org.junit.platform.commons.util.ReflectionUtils.invokeMethod(ReflectionUtils.java:728)
	at org.junit.jupiter.engine.execution.MethodInvocation.proceed(MethodInvocation.java:60)
	at org.junit.jupiter.engine.execution.InvocationInterceptorChain$ValidatingInvocation.proceed(InvocationInterceptorChain.java:131)
	at org.junit.jupiter.engine.extension.TimeoutExtension.intercept(TimeoutExtension.java:156)
	at org.junit.jupiter.engine.extension.TimeoutExtension.interceptTestableMethod(TimeoutExtension.java:147)
	at org.junit.jupiter.engine.extension.TimeoutExtension.interceptTestMethod(TimeoutExtension.java:86)
	at org.junit.jupiter.engine.execution.InterceptingExecutableInvoker$ReflectiveInterceptorCall.lambda$ofVoidMethod$0(InterceptingExecutableInvoker.java:103)
	at org.junit.jupiter.engine.execution.InterceptingExecutableInvoker.lambda$invoke$0(InterceptingExecutableInvoker.java:93)
	at org.junit.jupiter.engine.execution.InvocationInterceptorChain$InterceptedInvocation.proceed(InvocationInterceptorChain.java:106)
	at org.junit.jupiter.engine.execution.InvocationInterceptorChain.proceed(InvocationInterceptorChain.java:64)
	at org.junit.jupiter.engine.execution.InvocationInterceptorChain.chainAndInvoke(InvocationInterceptorChain.java:45)
	at org.junit.jupiter.engine.execution.InvocationInterceptorChain.invoke(InvocationInterceptorChain.java:37)
	at org.junit.jupiter.engine.execution.InterceptingExecutableInvoker.invoke(InterceptingExecutableInvoker.java:92)
	at org.junit.jupiter.engine.execution.InterceptingExecutableInvoker.invoke(InterceptingExecutableInvoker.java:86)
	at org.junit.jupiter.engine.descriptor.TestMethodTestDescriptor.lambda$invokeTestMethod$7(TestMethodTestDescriptor.java:218)
	at org.junit.platform.engine.support.hierarchical.ThrowableCollector.execute(ThrowableCollector.java:73)
	at org.junit.jupiter.engine.descriptor.TestMethodTestDescriptor.invokeTestMethod(TestMethodTestDescriptor.java:214)
	at org.junit.jupiter.engine.descriptor.TestMethodTestDescriptor.execute(TestMethodTestDescriptor.java:139)
	at org.junit.jupiter.engine.descriptor.TestMethodTestDescriptor.execute(TestMethodTestDescriptor.java:69)
	at org.junit.platform.engine.support.hierarchical.NodeTestTask.lambda$executeRecursively$6(NodeTestTask.java:151)
	at org.junit.platform.engine.support.hierarchical.ThrowableCollector.execute(ThrowableCollector.java:73)
	at org.junit.platform.engine.support.hierarchical.NodeTestTask.lambda$executeRecursively$8(NodeTestTask.java:141)
	at org.junit.platform.engine.support.hierarchical.Node.around(Node.java:137)
	at org.junit.platform.engine.support.hierarchical.NodeTestTask.lambda$executeRecursively$9(NodeTestTask.java:139)
	at org.junit.platform.engine.support.hierarchical.ThrowableCollector.execute(ThrowableCollector.java:73)
	at org.junit.platform.engine.support.hierarchical.NodeTestTask.executeRecursively(NodeTestTask.java:138)
	at org.junit.platform.engine.support.hierarchical.NodeTestTask.execute(NodeTestTask.java:95)
	at java.base/java.util.ArrayList.forEach(ArrayList.java:1597)
	at org.junit.platform.engine.support.hierarchical.SameThreadHierarchicalTestExecutorService.invokeAll(SameThreadHierarchicalTestExecutorService.java:41)
	at org.junit.platform.engine.support.hierarchical.NodeTestTask.lambda$executeRecursively$6(NodeTestTask.java:155)
	at org.junit.platform.engine.support.hierarchical.ThrowableCollector.execute(ThrowableCollector.java:73)
	at org.junit.platform.engine.support.hierarchical.NodeTestTask.lambda$executeRecursively$8(NodeTestTask.java:141)
	at org.junit.platform.engine.support.hierarchical.Node.around(Node.java:137)
	at org.junit.platform.engine.support.hierarchical.NodeTestTask.lambda$executeRecursively$9(NodeTestTask.java:139)
	at org.junit.platform.engine.support.hierarchical.ThrowableCollector.execute(ThrowableCollector.java:73)
	at org.junit.platform.engine.support.hierarchical.NodeTestTask.executeRecursively(NodeTestTask.java:138)
	at org.junit.platform.engine.support.hierarchical.NodeTestTask.execute(NodeTestTask.java:95)
	at java.base/java.util.ArrayList.forEach(ArrayList.java:1597)
	at org.junit.platform.engine.support.hierarchical.SameThreadHierarchicalTestExecutorService.invokeAll(SameThreadHierarchicalTestExecutorService.java:41)
	at org.junit.platform.engine.support.hierarchical.NodeTestTask.lambda$executeRecursively$6(NodeTestTask.java:155)
	at org.junit.platform.engine.support.hierarchical.ThrowableCollector.execute(ThrowableCollector.java:73)
	at org.junit.platform.engine.support.hierarchical.NodeTestTask.lambda$executeRecursively$8(NodeTestTask.java:141)
	at org.junit.platform.engine.support.hierarchical.Node.around(Node.java:137)
	at org.junit.platform.engine.support.hierarchical.NodeTestTask.lambda$executeRecursively$9(NodeTestTask.java:139)
	at org.junit.platform.engine.support.hierarchical.ThrowableCollector.execute(ThrowableCollector.java:73)
	at org.junit.platform.engine.support.hierarchical.NodeTestTask.executeRecursively(NodeTestTask.java:138)
	at org.junit.platform.engine.support.hierarchical.NodeTestTask.execute(NodeTestTask.java:95)
	at org.junit.platform.engine.support.hierarchical.SameThreadHierarchicalTestExecutorService.submit(SameThreadHierarchicalTestExecutorService.java:35)
	at org.junit.platform.engine.support.hierarchical.HierarchicalTestExecutor.execute(HierarchicalTestExecutor.java:57)
	at org.junit.platform.engine.support.hierarchical.HierarchicalTestEngine.execute(HierarchicalTestEngine.java:54)
	at org.junit.platform.launcher.core.EngineExecutionOrchestrator.execute(EngineExecutionOrchestrator.java:198)
	at org.junit.platform.launcher.core.EngineExecutionOrchestrator.execute(EngineExecutionOrchestrator.java:169)
	at org.junit.platform.launcher.core.EngineExecutionOrchestrator.execute(EngineExecutionOrchestrator.java:93)
	at org.junit.platform.launcher.core.EngineExecutionOrchestrator.lambda$execute$0(EngineExecutionOrchestrator.java:58)
	at org.junit.platform.launcher.core.EngineExecutionOrchestrator.withInterceptedStreams(EngineExecutionOrchestrator.java:141)
	at org.junit.platform.launcher.core.EngineExecutionOrchestrator.execute(EngineExecutionOrchestrator.java:57)
	at org.junit.platform.launcher.core.DefaultLauncher.execute(DefaultLauncher.java:103)
	at org.junit.platform.launcher.core.DefaultLauncher.execute(DefaultLauncher.java:85)
	at org.junit.platform.launcher.core.DelegatingLauncher.execute(DelegatingLauncher.java:47)
	at org.apache.maven.surefire.junitplatform.LazyLauncher.execute(LazyLauncher.java:56)
	at org.apache.maven.surefire.junitplatform.JUnitPlatformProvider.execute(JUnitPlatformProvider.java:184)
	at org.apache.maven.surefire.junitplatform.JUnitPlatformProvider.invokeAllTests(JUnitPlatformProvider.java:148)
	at org.apache.maven.surefire.junitplatform.JUnitPlatformProvider.invoke(JUnitPlatformProvider.java:122)
	at org.apache.maven.surefire.booter.ForkedBooter.runSuitesInProcess(ForkedBooter.java:385)
	at org.apache.maven.surefire.booter.ForkedBooter.execute(ForkedBooter.java:162)
	at org.apache.maven.surefire.booter.ForkedBooter.run(ForkedBooter.java:507)
	at org.apache.maven.surefire.booter.ForkedBooter.main(ForkedBooter.java:495)

[ERRO] 2026-01-09 18:51:47.160 - Erro-9
  Exceção: java.lang.RuntimeException: Erro 9
java.lang.RuntimeException: Erro 9
	at testes.ErrorLoggerTest.testeLogNaoCresceIndefinidamente(ErrorLoggerTest.java:398)
	at java.base/jdk.internal.reflect.DirectMethodHandleAccessor.invoke(DirectMethodHandleAccessor.java:103)
	at java.base/java.lang.reflect.Method.invoke(Method.java:580)
	at org.junit.platform.commons.util.ReflectionUtils.invokeMethod(ReflectionUtils.java:728)
	at org.junit.jupiter.engine.execution.MethodInvocation.proceed(MethodInvocation.java:60)
	at org.junit.jupiter.engine.execution.InvocationInterceptorChain$ValidatingInvocation.proceed(InvocationInterceptorChain.java:131)
	at org.junit.jupiter.engine.extension.TimeoutExtension.intercept(TimeoutExtension.java:156)
	at org.junit.jupiter.engine.extension.TimeoutExtension.interceptTestableMethod(TimeoutExtension.java:147)
	at org.junit.jupiter.engine.extension.TimeoutExtension.interceptTestMethod(TimeoutExtension.java:86)
	at org.junit.jupiter.engine.execution.InterceptingExecutableInvoker$ReflectiveInterceptorCall.lambda$ofVoidMethod$0(InterceptingExecutableInvoker.java:103)
	at org.junit.jupiter.engine.execution.InterceptingExecutableInvoker.lambda$invoke$0(InterceptingExecutableInvoker.java:93)
	at org.junit.jupiter.engine.execution.InvocationInterceptorChain$InterceptedInvocation.proceed(InvocationInterceptorChain.java:106)
	at org.junit.jupiter.engine.execution.InvocationInterceptorChain.proceed(InvocationInterceptorChain.java:64)
	at org.junit.jupiter.engine.execution.InvocationInterceptorChain.chainAndInvoke(InvocationInterceptorChain.java:45)
	at org.junit.jupiter.engine.execution.InvocationInterceptorChain.invoke(InvocationInterceptorChain.java:37)
	at org.junit.jupiter.engine.execution.InterceptingExecutableInvoker.invoke(InterceptingExecutableInvoker.java:92)
	at org.junit.jupiter.engine.execution.InterceptingExecutableInvoker.invoke(InterceptingExecutableInvoker.java:86)
	at org.junit.jupiter.engine.descriptor.TestMethodTestDescriptor.lambda$invokeTestMethod$7(TestMethodTestDescriptor.java:218)
	at org.junit.platform.engine.support.hierarchical.ThrowableCollector.execute(ThrowableCollector.java:73)
	at org.junit.jupiter.engine.descriptor.TestMethodTestDescriptor.invokeTestMethod(TestMethodTestDescriptor.java:214)
	at org.junit.jupiter.engine.descriptor.TestMethodTestDescriptor.execute(TestMethodTestDescriptor.java:139)
	at org.junit.jupiter.engine.descriptor.TestMethodTestDescriptor.execute(TestMethodTestDescriptor.java:69)
	at org.junit.platform.engine.support.hierarchical.NodeTestTask.lambda$executeRecursively$6(NodeTestTask.java:151)
	at org.junit.platform.engine.support.hierarchical.ThrowableCollector.execute(ThrowableCollector.java:73)
	at org.junit.platform.engine.support.hierarchical.NodeTestTask.lambda$executeRecursively$8(NodeTestTask.java:141)
	at org.junit.platform.engine.support.hierarchical.Node.around(Node.java:137)
	at org.junit.platform.engine.support.hierarchical.NodeTestTask.lambda$executeRecursively$9(NodeTestTask.java:139)
	at org.junit.platform.engine.support.hierarchical.ThrowableCollector.execute(ThrowableCollector.java:73)
	at org.junit.platform.engine.support.hierarchical.NodeTestTask.executeRecursively(NodeTestTask.java:138)
	at org.junit.platform.engine.support.hierarchical.NodeTestTask.execute(NodeTestTask.java:95)
	at java.base/java.util.ArrayList.forEach(ArrayList.java:1597)
	at org.junit.platform.engine.support.hierarchical.SameThreadHierarchicalTestExecutorService.invokeAll(SameThreadHierarchicalTestExecutorService.java:41)
	at org.junit.platform.engine.support.hierarchical.NodeTestTask.lambda$executeRecursively$6(NodeTestTask.java:155)
	at org.junit.platform.engine.support.hierarchical.ThrowableCollector.execute(ThrowableCollector.java:73)
	at org.junit.platform.engine.support.hierarchical.NodeTestTask.lambda$executeRecursively$8(NodeTestTask.java:141)
	at org.junit.platform.engine.support.hierarchical.Node.around(Node.java:137)
	at org.junit.platform.engine.support.hierarchical.NodeTestTask.lambda$executeRecursively$9(NodeTestTask.java:139)
	at org.junit.platform.engine.support.hierarchical.ThrowableCollector.execute(ThrowableCollector.java:73)
	at org.junit.platform.engine.support.hierarchical.NodeTestTask.executeRecursively(NodeTestTask.java:138)
	at org.junit.platform.engine.support.hierarchical.NodeTestTask.execute(NodeTestTask.java:95)
	at java.base/java.util.ArrayList.forEach(ArrayList.java:1597)
	at org.junit.platform.engine.support.hierarchical.SameThreadHierarchicalTestExecutorService.invokeAll(SameThreadHierarchicalTestExecutorService.java:41)
	at org.junit.platform.engine.support.hierarchical.NodeTestTask.lambda$executeRecursively$6(NodeTestTask.java:155)
	at org.junit.platform.engine.support.hierarchical.ThrowableCollector.execute(ThrowableCollector.java:73)
	at org.junit.platform.engine.support.hierarchical.NodeTestTask.lambda$executeRecursively$8(NodeTestTask.java:141)
	at org.junit.platform.engine.support.hierarchical.Node.around(Node.java:137)
	at org.junit.platform.engine.support.hierarchical.NodeTestTask.lambda$executeRecursively$9(NodeTestTask.java:139)
	at org.junit.platform.engine.support.hierarchical.ThrowableCollector.execute(ThrowableCollector.java:73)
	at org.junit.platform.engine.support.hierarchical.NodeTestTask.executeRecursively(NodeTestTask.java:138)
	at org.junit.platform.engine.support.hierarchical.NodeTestTask.execute(NodeTestTask.java:95)
	at org.junit.platform.engine.support.hierarchical.SameThreadHierarchicalTestExecutorService.submit(SameThreadHierarchicalTestExecutorService.java:35)
	at org.junit.platform.engine.support.hierarchical.HierarchicalTestExecutor.execute(HierarchicalTestExecutor.java:57)
	at org.junit.platform.engine.support.hierarchical.HierarchicalTestEngine.execute(HierarchicalTestEngine.java:54)
	at org.junit.platform.launcher.core.EngineExecutionOrchestrator.execute(EngineExecutionOrchestrator.java:198)
	at org.junit.platform.launcher.core.EngineExecutionOrchestrator.execute(EngineExecutionOrchestrator.java:169)
	at org.junit.platform.launcher.core.EngineExecutionOrchestrator.execute(EngineExecutionOrchestrator.java:93)
	at org.junit.platform.launcher.core.EngineExecutionOrchestrator.lambda$execute$0(EngineExecutionOrchestrator.java:58)
	at org.junit.platform.launcher.core.EngineExecutionOrchestrator.withInterceptedStreams(EngineExecutionOrchestrator.java:141)
	at org.junit.platform.launcher.core.EngineExecutionOrchestrator.execute(EngineExecutionOrchestrator.java:57)
	at org.junit.platform.launcher.core.DefaultLauncher.execute(DefaultLauncher.java:103)
	at org.junit.platform.launcher.core.DefaultLauncher.execute(DefaultLauncher.java:85)
	at org.junit.platform.launcher.core.DelegatingLauncher.execute(DelegatingLauncher.java:47)
	at org.apache.maven.surefire.junitplatform.LazyLauncher.execute(LazyLauncher.java:56)
	at org.apache.maven.surefire.junitplatform.JUnitPlatformProvider.execute(JUnitPlatformProvider.java:184)
	at org.apache.maven.surefire.junitplatform.JUnitPlatformProvider.invokeAllTests(JUnitPlatformProvider.java:148)
	at org.apache.maven.surefire.junitplatform.JUnitPlatformProvider.invoke(JUnitPlatformProvider.java:122)
	at org.apache.maven.surefire.booter.ForkedBooter.runSuitesInProcess(ForkedBooter.java:385)
	at org.apache.maven.surefire.booter.ForkedBooter.execute(ForkedBooter.java:162)
	at org.apache.maven.surefire.booter.ForkedBooter.run(ForkedBooter.java:507)
	at org.apache.maven.surefire.booter.ForkedBooter.main(ForkedBooter.java:495)

[ERRO] 2026-01-09 18:51:47.160 - Erro-10
  Exceção: java.lang.RuntimeException: Erro 10
java.lang.RuntimeException: Erro 10
	at testes.ErrorLoggerTest.testeLogNaoCresceIndefinidamente(ErrorLoggerTest.java:398)
	at java.base/jdk.internal.reflect.DirectMethodHandleAccessor.invoke(DirectMethodHandleAccessor.java:103)
	at java.base/java.lang.reflect.Method.invoke(Method.java:580)
	at org.junit.platform.commons.util.ReflectionUtils.invokeMethod(ReflectionUtils.java:728)
	at org.junit.jupiter.engine.execution.MethodInvocation.proceed(MethodInvocation.java:60)
	at org.junit.jupiter.engine.execution.InvocationInterceptorChain$ValidatingInvocation.proceed(InvocationInterceptorChain.java:131)
	at org.junit.jupiter.engine.extension.TimeoutExtension.intercept(TimeoutExtension.java:156)
	at org.junit.jupiter.engine.extension.TimeoutExtension.interceptTestableMethod(TimeoutExtension.java:147)
	at org.junit.jupiter.engine.extension.TimeoutExtension.interceptTestMethod(TimeoutExtension.java:86)
	at org.junit.jupiter.engine.execution.InterceptingExecutableInvoker$ReflectiveInterceptorCall.lambda$ofVoidMethod$0(InterceptingExecutableInvoker.java:103)
	at org.junit.jupiter.engine.execution.InterceptingExecutableInvoker.lambda$invoke$0(InterceptingExecutableInvoker.java:93)
	at org.junit.jupiter.engine.execution.InvocationInterceptorChain$InterceptedInvocation.proceed(InvocationInterceptorChain.java:106)
	at org.junit.jupiter.engine.execution.InvocationInterceptorChain.proceed(InvocationInterceptorChain.java:64)
	at org.junit.jupiter.engine.execution.InvocationInterceptorChain.chainAndInvoke(InvocationInterceptorChain.java:45)
	at org.junit.jupiter.engine.execution.InvocationInterceptorChain.invoke(InvocationInterceptorChain.java:37)
	at org.junit.jupiter.engine.execution.InterceptingExecutableInvoker.invoke(InterceptingExecutableInvoker.java:92)
	at org.junit.jupiter.engine.execution.InterceptingExecutableInvoker.invoke(InterceptingExecutableInvoker.java:86)
	at org.junit.jupiter.engine.descriptor.TestMethodTestDescriptor.lambda$invokeTestMethod$7(TestMethodTestDescriptor.java:218)
	at org.junit.platform.engine.support.hierarchical.ThrowableCollector.execute(ThrowableCollector.java:73)
	at org.junit.jupiter.engine.descriptor.TestMethodTestDescriptor.invokeTestMethod(TestMethodTestDescriptor.java:214)
	at org.junit.jupiter.engine.descriptor.TestMethodTestDescriptor.execute(TestMethodTestDescriptor.java:139)
	at org.junit.jupiter.engine.descriptor.TestMethodTestDescriptor.execute(TestMethodTestDescriptor.java:69)
	at org.junit.platform.engine.support.hierarchical.NodeTestTask.lambda$executeRecursively$6(NodeTestTask.java:151)
	at org.junit.platform.engine.support.hierarchical.ThrowableCollector.execute(ThrowableCollector.java:73)
	at org.junit.platform.engine.support.hierarchical.NodeTestTask.lambda$executeRecursively$8(NodeTestTask.java:141)
	at org.junit.platform.engine.support.hierarchical.Node.around(Node.java:137)
	at org.junit.platform.engine.support.hierarchical.NodeTestTask.lambda$executeRecursively$9(NodeTestTask.java:139)
	at org.junit.platform.engine.support.hierarchical.ThrowableCollector.execute(ThrowableCollector.java:73)
	at org.junit.platform.engine.support.hierarchical.NodeTestTask.executeRecursively(NodeTestTask.java:138)
	at org.junit.platform.engine.support.hierarchical.NodeTestTask.execute(NodeTestTask.java:95)
	at java.base/java.util.ArrayList.forEach(ArrayList.java:1597)
	at org.junit.platform.engine.support.hierarchical.SameThreadHierarchicalTestExecutorService.invokeAll(SameThreadHierarchicalTestExecutorService.java:41)
	at org.junit.platform.engine.support.hierarchical.NodeTestTask.lambda$executeRecursively$6(NodeTestTask.java:155)
	at org.junit.platform.engine.support.hierarchical.ThrowableCollector.execute(ThrowableCollector.java:73)
	at org.junit.platform.engine.support.hierarchical.NodeTestTask.lambda$executeRecursively$8(NodeTestTask.java:141)
	at org.junit.platform.engine.support.hierarchical.Node.around(Node.java:137)
	at org.junit.platform.engine.support.hierarchical.NodeTestTask.lambda$executeRecursively$9(NodeTestTask.java:139)
	at org.junit.platform.engine.support.hierarchical.ThrowableCollector.execute(ThrowableCollector.java:73)
	at org.junit.platform.engine.support.hierarchical.NodeTestTask.executeRecursively(NodeTestTask.java:138)
	at org.junit.platform.engine.support.hierarchical.NodeTestTask.execute(NodeTestTask.java:95)
	at java.base/java.util.ArrayList.forEach(ArrayList.java:1597)
	at org.junit.platform.engine.support.hierarchical.SameThreadHierarchicalTestExecutorService.invokeAll(SameThreadHierarchicalTestExecutorService.java:41)
	at org.junit.platform.engine.support.hierarchical.NodeTestTask.lambda$executeRecursively$6(NodeTestTask.java:155)
	at org.junit.platform.engine.support.hierarchical.ThrowableCollector.execute(ThrowableCollector.java:73)
	at org.junit.platform.engine.support.hierarchical.NodeTestTask.lambda$executeRecursively$8(NodeTestTask.java:141)
	at org.junit.platform.engine.support.hierarchical.Node.around(Node.java:137)
	at org.junit.platform.engine.support.hierarchical.NodeTestTask.lambda$executeRecursively$9(NodeTestTask.java:139)
	at org.junit.platform.engine.support.hierarchical.ThrowableCollector.execute(ThrowableCollector.java:73)
	at org.junit.platform.engine.support.hierarchical.NodeTestTask.executeRecursively(NodeTestTask.java:138)
	at org.junit.platform.engine.support.hierarchical.NodeTestTask.execute(NodeTestTask.java:95)
	at org.junit.platform.engine.support.hierarchical.SameThreadHierarchicalTestExecutorService.submit(SameThreadHierarchicalTestExecutorService.java:35)
	at org.junit.platform.engine.support.hierarchical.HierarchicalTestExecutor.execute(HierarchicalTestExecutor.java:57)
	at org.junit.platform.engine.support.hierarchical.HierarchicalTestEngine.execute(HierarchicalTestEngine.java:54)
	at org.junit.platform.launcher.core.EngineExecutionOrchestrator.execute(EngineExecutionOrchestrator.java:198)
	at org.junit.platform.launcher.core.EngineExecutionOrchestrator.execute(EngineExecutionOrchestrator.java:169)
	at org.junit.platform.launcher.core.EngineExecutionOrchestrator.execute(EngineExecutionOrchestrator.java:93)
	at org.junit.platform.launcher.core.EngineExecutionOrchestrator.lambda$execute$0(EngineExecutionOrchestrator.java:58)
	at org.junit.platform.launcher.core.EngineExecutionOrchestrator.withInterceptedStreams(EngineExecutionOrchestrator.java:141)
	at org.junit.platform.launcher.core.EngineExecutionOrchestrator.execute(EngineExecutionOrchestrator.java:57)
	at org.junit.platform.launcher.core.DefaultLauncher.execute(DefaultLauncher.java:103)
	at org.junit.platform.launcher.core.DefaultLauncher.execute(DefaultLauncher.java:85)
	at org.junit.platform.launcher.core.DelegatingLauncher.execute(DelegatingLauncher.java:47)
	at org.apache.maven.surefire.junitplatform.LazyLauncher.execute(LazyLauncher.java:56)
	at org.apache.maven.surefire.junitplatform.JUnitPlatformProvider.execute(JUnitPlatformProvider.java:184)
	at org.apache.maven.surefire.junitplatform.JUnitPlatformProvider.invokeAllTests(JUnitPlatformProvider.java:148)
	at org.apache.maven.surefire.junitplatform.JUnitPlatformProvider.invoke(JUnitPlatformProvider.java:122)
	at org.apache.maven.surefire.booter.ForkedBooter.runSuitesInProcess(ForkedBooter.java:385)
	at org.apache.maven.surefire.booter.ForkedBooter.execute(ForkedBooter.java:162)
	at org.apache.maven.surefire.booter.ForkedBooter.run(ForkedBooter.java:507)
	at org.apache.maven.surefire.booter.ForkedBooter.main(ForkedBooter.java:495)

[ERRO] 2026-01-09 18:51:47.160 - Erro-11
  Exceção: java.lang.RuntimeException: Erro 11
java.lang.RuntimeException: Erro 11
	at testes.ErrorLoggerTest.testeLogNaoCresceIndefinidamente(ErrorLoggerTest.java:398)
	at java.base/jdk.internal.reflect.DirectMethodHandleAccessor.invoke(DirectMethodHandleAccessor.java:103)
	at java.base/java.lang.reflect.Method.invoke(Method.java:580)
	at org.junit.platform.commons.util.ReflectionUtils.invokeMethod(ReflectionUtils.java:728)
	at org.junit.jupiter.engine.execution.MethodInvocation.proceed(MethodInvocation.java:60)
	at org.junit.jupiter.engine.execution.InvocationInterceptorChain$ValidatingInvocation.proceed(InvocationInterceptorChain.java:131)
	at org.junit.jupiter.engine.extension.TimeoutExtension.intercept(TimeoutExtension.java:156)
	at org.junit.jupiter.engine.extension.TimeoutExtension.interceptTestableMethod(TimeoutExtension.java:147)
	at org.junit.jupiter.engine.extension.TimeoutExtension.interceptTestMethod(TimeoutExtension.java:86)
	at org.junit.jupiter.engine.execution.InterceptingExecutableInvoker$ReflectiveInterceptorCall.lambda$ofVoidMethod$0(InterceptingExecutableInvoker.java:103)
	at org.junit.jupiter.engine.execution.InterceptingExecutableInvoker.lambda$invoke$0(InterceptingExecutableInvoker.java:93)
	at org.junit.jupiter.engine.execution.InvocationInterceptorChain$InterceptedInvocation.proceed(InvocationInterceptorChain.java:106)
	at org.junit.jupiter.engine.execution.InvocationInterceptorChain.proceed(InvocationInterceptorChain.java:64)
	at org.junit.jupiter.engine.execution.InvocationInterceptorChain.chainAndInvoke(InvocationInterceptorChain.java:45)
	at org.junit.jupiter.engine.execution.InvocationInterceptorChain.invoke(InvocationInterceptorChain.java:37)
	at org.junit.jupiter.engine.execution.InterceptingExecutableInvoker.invoke(InterceptingExecutableInvoker.java:92)
	at org.junit.jupiter.engine.execution.InterceptingExecutableInvoker.invoke(InterceptingExecutableInvoker.java:86)
	at org.junit.jupiter.engine.descriptor.TestMethodTestDescriptor.lambda$invokeTestMethod$7(TestMethodTestDescriptor.java:218)
	at org.junit.platform.engine.support.hierarchical.ThrowableCollector.execute(ThrowableCollector.java:73)
	at org.junit.jupiter.engine.descriptor.TestMethodTestDescriptor.invokeTestMethod(TestMethodTestDescriptor.java:214)
	at org.junit.jupiter.engine.descriptor.TestMethodTestDescriptor.execute(TestMethodTestDescriptor.java:139)
	at org.junit.jupiter.engine.descriptor.TestMethodTestDescriptor.execute(TestMethodTestDescriptor.java:69)
	at org.junit.platform.engine.support.hierarchical.NodeTestTask.lambda$executeRecursively$6(NodeTestTask.java:151)
	at org.junit.platform.engine.support.hierarchical.ThrowableCollector.execute(ThrowableCollector.java:73)
	at org.junit.platform.engine.support.hierarchical.NodeTestTask.lambda$executeRecursively$8(NodeTestTask.java:141)
	at org.junit.platform.engine.support.hierarchical.Node.around(Node.java:137)
	at org.junit.platform.engine.support.hierarchical.NodeTestTask.lambda$executeRecursively$9(NodeTestTask.java:139)
	at org.junit.platform.engine.support.hierarchical.ThrowableCollector.execute(ThrowableCollector.java:73)
	at org.junit.platform.engine.support.hierarchical.NodeTestTask.executeRecursively(NodeTestTask.java:138)
	at org.junit.platform.engine.support.hierarchical.NodeTestTask.execute(NodeTestTask.java:95)
	at java.base/java.util.ArrayList.forEach(ArrayList.java:1597)
	at org.junit.platform.engine.support.hierarchical.SameThreadHierarchicalTestExecutorService.invokeAll(SameThreadHierarchicalTestExecutorService.java:41)
	at org.junit.platform.engine.support.hierarchical.NodeTestTask.lambda$executeRecursively$6(NodeTestTask.java:155)
	at org.junit.platform.engine.support.hierarchical.ThrowableCollector.execute(ThrowableCollector.java:73)
	at org.junit.platform.engine.support.hierarchical.NodeTestTask.lambda$executeRecursively$8(NodeTestTask.java:141)
	at org.junit.platform.engine.support.hierarchical.Node.around(Node.java:137)
	at org.junit.platform.engine.support.hierarchical.NodeTestTask.lambda$executeRecursively$9(NodeTestTask.java:139)
	at org.junit.platform.engine.support.hierarchical.ThrowableCollector.execute(ThrowableCollector.java:73)
	at org.junit.platform.engine.support.hierarchical.NodeTestTask.executeRecursively(NodeTestTask.java:138)
	at org.junit.platform.engine.support.hierarchical.NodeTestTask.execute(NodeTestTask.java:95)
	at java.base/java.util.ArrayList.forEach(ArrayList.java:1597)
	at org.junit.platform.engine.support.hierarchical.SameThreadHierarchicalTestExecutorService.invokeAll(SameThreadHierarchicalTestExecutorService.java:41)
	at org.junit.platform.engine.support.hierarchical.NodeTestTask.lambda$executeRecursively$6(NodeTestTask.java:155)
	at org.junit.platform.engine.support.hierarchical.ThrowableCollector.execute(ThrowableCollector.java:73)
	at org.junit.platform.engine.support.hierarchical.NodeTestTask.lambda$executeRecursively$8(NodeTestTask.java:141)
	at org.junit.platform.engine.support.hierarchical.Node.around(Node.java:137)
	at org.junit.platform.engine.support.hierarchical.NodeTestTask.lambda$executeRecursively$9(NodeTestTask.java:139)
	at org.junit.platform.engine.support.hierarchical.ThrowableCollector.execute(ThrowableCollector.java:73)
	at org.junit.platform.engine.support.hierarchical.NodeTestTask.executeRecursively(NodeTestTask.java:138)
	at org.junit.platform.engine.support.hierarchical.NodeTestTask.execute(NodeTestTask.java:95)
	at org.junit.platform.engine.support.hierarchical.SameThreadHierarchicalTestExecutorService.submit(SameThreadHierarchicalTestExecutorService.java:35)
	at org.junit.platform.engine.support.hierarchical.HierarchicalTestExecutor.execute(HierarchicalTestExecutor.java:57)
	at org.junit.platform.engine.support.hierarchical.HierarchicalTestEngine.execute(HierarchicalTestEngine.java:54)
	at org.junit.platform.launcher.core.EngineExecutionOrchestrator.execute(EngineExecutionOrchestrator.java:198)
	at org.junit.platform.launcher.core.EngineExecutionOrchestrator.execute(EngineExecutionOrchestrator.java:169)
	at org.junit.platform.launcher.core.EngineExecutionOrchestrator.execute(EngineExecutionOrchestrator.java:93)
	at org.junit.platform.launcher.core.EngineExecutionOrchestrator.lambda$execute$0(EngineExecutionOrchestrator.java:58)
	at org.junit.platform.launcher.core.EngineExecutionOrchestrator.withInterceptedStreams(EngineExecutionOrchestrator.java:141)
	at org.junit.platform.launcher.core.EngineExecutionOrchestrator.execute(EngineExecutionOrchestrator.java:57)
	at org.junit.platform.launcher.core.DefaultLauncher.execute(DefaultLauncher.java:103)
	at org.junit.platform.launcher.core.DefaultLauncher.execute(DefaultLauncher.java:85)
	at org.junit.platform.launcher.core.DelegatingLauncher.execute(DelegatingLauncher.java:47)
	at org.apache.maven.surefire.junitplatform.LazyLauncher.execute(LazyLauncher.java:56)
	at org.apache.maven.surefire.junitplatform.JUnitPlatformProvider.execute(JUnitPlatformProvider.java:184)
	at org.apache.maven.surefire.junitplatform.JUnitPlatformProvider.invokeAllTests(JUnitPlatformProvider.java:148)
	at org.apache.maven.surefire.junitplatform.JUnitPlatformProvider.invoke(JUnitPlatformProvider.java:122)
	at org.apache.maven.surefire.booter.ForkedBooter.runSuitesInProcess(ForkedBooter.java:385)
	at org.apache.maven.surefire.booter.ForkedBooter.execute(ForkedBooter.java:162)
	at org.apache.maven.surefire.booter.ForkedBooter.run(ForkedBooter.java:507)
	at org.apache.maven.surefire.booter.ForkedBooter.main(ForkedBooter.java:495)

[ERRO] 2026-01-09 18:51:47.160 - Erro-12
  Exceção: java.lang.RuntimeException: Erro 12
java.lang.RuntimeException: Erro 12
	at testes.ErrorLoggerTest.testeLogNaoCresceIndefinidamente(ErrorLoggerTest.java:398)
	at java.base/jdk.internal.reflect.DirectMethodHandleAccessor.invoke(DirectMethodHandleAccessor.java:103)
	at java.base/java.lang.reflect.Method.invoke(Method.java:580)
	at org.junit.platform.commons.util.ReflectionUtils.invokeMethod(ReflectionUtils.java:728)
	at org.junit.jupiter.engine.execution.MethodInvocation.proceed(MethodInvocation.java:60)
	at org.junit.jupiter.engine.execution.InvocationInterceptorChain$ValidatingInvocation.proceed(InvocationInterceptorChain.java:131)
	at org.junit.jupiter.engine.extension.TimeoutExtension.intercept(TimeoutExtension.java:156)
	at org.junit.jupiter.engine.extension.TimeoutExtension.interceptTestableMethod(TimeoutExtension.java:147)
	at org.junit.jupiter.engine.extension.TimeoutExtension.interceptTestMethod(TimeoutExtension.java:86)
	at org.junit.jupiter.engine.execution.InterceptingExecutableInvoker$ReflectiveInterceptorCall.lambda$ofVoidMethod$0(InterceptingExecutableInvoker.java:103)
	at org.junit.jupiter.engine.execution.InterceptingExecutableInvoker.lambda$invoke$0(InterceptingExecutableInvoker.java:93)
	at org.junit.jupiter.engine.execution.InvocationInterceptorChain$InterceptedInvocation.proceed(InvocationInterceptorChain.java:106)
	at org.junit.jupiter.engine.execution.InvocationInterceptorChain.proceed(InvocationInterceptorChain.java:64)
	at org.junit.jupiter.engine.execution.InvocationInterceptorChain.chainAndInvoke(InvocationInterceptorChain.java:45)
	at org.junit.jupiter.engine.execution.InvocationInterceptorChain.invoke(InvocationInterceptorChain.java:37)
	at org.junit.jupiter.engine.execution.InterceptingExecutableInvoker.invoke(InterceptingExecutableInvoker.java:92)
	at org.junit.jupiter.engine.execution.InterceptingExecutableInvoker.invoke(InterceptingExecutableInvoker.java:86)
	at org.junit.jupiter.engine.descriptor.TestMethodTestDescriptor.lambda$invokeTestMethod$7(TestMethodTestDescriptor.java:218)
	at org.junit.platform.engine.support.hierarchical.ThrowableCollector.execute(ThrowableCollector.java:73)
	at org.junit.jupiter.engine.descriptor.TestMethodTestDescriptor.invokeTestMethod(TestMethodTestDescriptor.java:214)
	at org.junit.jupiter.engine.descriptor.TestMethodTestDescriptor.execute(TestMethodTestDescriptor.java:139)
	at org.junit.jupiter.engine.descriptor.TestMethodTestDescriptor.execute(TestMethodTestDescriptor.java:69)
	at org.junit.platform.engine.support.hierarchical.NodeTestTask.lambda$executeRecursively$6(NodeTestTask.java:151)
	at org.junit.platform.engine.support.hierarchical.ThrowableCollector.execute(ThrowableCollector.java:73)
	at org.junit.platform.engine.support.hierarchical.NodeTestTask.lambda$executeRecursively$8(NodeTestTask.java:141)
	at org.junit.platform.engine.support.hierarchical.Node.around(Node.java:137)
	at org.junit.platform.engine.support.hierarchical.NodeTestTask.lambda$executeRecursively$9(NodeTestTask.java:139)
	at org.junit.platform.engine.support.hierarchical.ThrowableCollector.execute(ThrowableCollector.java:73)
	at org.junit.platform.engine.support.hierarchical.NodeTestTask.executeRecursively(NodeTestTask.java:138)
	at org.junit.platform.engine.support.hierarchical.NodeTestTask.execute(NodeTestTask.java:95)
	at java.base/java.util.ArrayList.forEach(ArrayList.java:1597)
	at org.junit.platform.engine.support.hierarchical.SameThreadHierarchicalTestExecutorService.invokeAll(SameThreadHierarchicalTestExecutorService.java:41)
	at org.junit.platform.engine.support.hierarchical.NodeTestTask.lambda$executeRecursively$6(NodeTestTask.java:155)
	at org.junit.platform.engine.support.hierarchical.ThrowableCollector.execute(ThrowableCollector.java:73)
	at org.junit.platform.engine.support.hierarchical.NodeTestTask.lambda$executeRecursively$8(NodeTestTask.java:141)
	at org.junit.platform.engine.support.hierarchical.Node.around(Node.java:137)
	at org.junit.platform.engine.support.hierarchical.NodeTestTask.lambda$executeRecursively$9(NodeTestTask.java:139)
	at org.junit.platform.engine.support.hierarchical.ThrowableCollector.execute(ThrowableCollector.java:73)
	at org.junit.platform.engine.support.hierarchical.NodeTestTask.executeRecursively(NodeTestTask.java:138)
	at org.junit.platform.engine.support.hierarchical.NodeTestTask.execute(NodeTestTask.java:95)
	at java.base/java.util.ArrayList.forEach(ArrayList.java:1597)
	at org.junit.platform.engine.support.hierarchical.SameThreadHierarchicalTestExecutorService.invokeAll(SameThreadHierarchicalTestExecutorService.java:41)
	at org.junit.platform.engine.support.hierarchical.NodeTestTask.lambda$executeRecursively$6(NodeTestTask.java:155)
	at org.junit.platform.engine.support.hierarchical.ThrowableCollector.execute(ThrowableCollector.java:73)
	at org.junit.platform.engine.support.hierarchical.NodeTestTask.lambda$executeRecursively$8(NodeTestTask.java:141)
	at org.junit.platform.engine.support.hierarchical.Node.around(Node.java:137)
	at org.junit.platform.engine.support.hierarchical.NodeTestTask.lambda$executeRecursively$9(NodeTestTask.java:139)
	at org.junit.platform.engine.support.hierarchical.ThrowableCollector.execute(ThrowableCollector.java:73)
	at org.junit.platform.engine.support.hierarchical.NodeTestTask.executeRecursively(NodeTestTask.java:138)
	at org.junit.platform.engine.support.hierarchical.NodeTestTask.execute(NodeTestTask.java:95)
	at org.junit.platform.engine.support.hierarchical.SameThreadHierarchicalTestExecutorService.submit(SameThreadHierarchicalTestExecutorService.java:35)
	at org.junit.platform.engine.support.hierarchical.HierarchicalTestExecutor.execute(HierarchicalTestExecutor.java:57)
	at org.junit.platform.engine.support.hierarchical.HierarchicalTestEngine.execute(HierarchicalTestEngine.java:54)
	at org.junit.platform.launcher.core.EngineExecutionOrchestrator.execute(EngineExecutionOrchestrator.java:198)
	at org.junit.platform.launcher.core.EngineExecutionOrchestrator.execute(EngineExecutionOrchestrator.java:169)
	at org.junit.platform.launcher.core.EngineExecutionOrchestrator.execute(EngineExecutionOrchestrator.java:93)
	at org.junit.platform.launcher.core.EngineExecutionOrchestrator.lambda$execute$0(EngineExecutionOrchestrator.java:58)
	at org.junit.platform.launcher.core.EngineExecutionOrchestrator.withInterceptedStreams(EngineExecutionOrchestrator.java:141)
	at org.junit.platform.launcher.core.EngineExecutionOrchestrator.execute(EngineExecutionOrchestrator.java:57)
	at org.junit.platform.launcher.core.DefaultLauncher.execute(DefaultLauncher.java:103)
	at org.junit.platform.launcher.core.DefaultLauncher.execute(DefaultLauncher.java:85)
	at org.junit.platform.launcher.core.DelegatingLauncher.execute(DelegatingLauncher.java:47)
	at org.apache.maven.surefire.junitplatform.LazyLauncher.execute(LazyLauncher.java:56)
	at org.apache.maven.surefire.junitplatform.JUnitPlatformProvider.execute(JUnitPlatformProvider.java:184)
	at org.apache.maven.surefire.junitplatform.JUnitPlatformProvider.invokeAllTests(JUnitPlatformProvider.java:148)
	at org.apache.maven.surefire.junitplatform.JUnitPlatformProvider.invoke(JUnitPlatformProvider.java:122)
	at org.apache.maven.surefire.booter.ForkedBooter.runSuitesInProcess(ForkedBooter.java:385)
	at org.apache.maven.surefire.booter.ForkedBooter.execute(ForkedBooter.java:162)
	at org.apache.maven.surefire.booter.ForkedBooter.run(ForkedBooter.java:507)
	at org.apache.maven.surefire.booter.ForkedBooter.main(ForkedBooter.java:495)

[ERRO] 2026-01-09 18:51:47.161 - Erro-13
  Exceção: java.lang.RuntimeException: Erro 13
java.lang.RuntimeException: Erro 13
	at testes.ErrorLoggerTest.testeLogNaoCresceIndefinidamente(ErrorLoggerTest.java:398)
	at java.base/jdk.internal.reflect.DirectMethodHandleAccessor.invoke(DirectMethodHandleAccessor.java:103)
	at java.base/java.lang.reflect.Method.invoke(Method.java:580)
	at org.junit.platform.commons.util.ReflectionUtils.invokeMethod(ReflectionUtils.java:728)
	at org.junit.jupiter.engine.execution.MethodInvocation.proceed(MethodInvocation.java:60)
	at org.junit.jupiter.engine.execution.InvocationInterceptorChain$ValidatingInvocation.proceed(InvocationInterceptorChain.java:131)
	at org.junit.jupiter.engine.extension.TimeoutExtension.intercept(TimeoutExtension.java:156)
	at org.junit.jupiter.engine.extension.TimeoutExtension.interceptTestableMethod(TimeoutExtension.java:147)
	at org.junit.jupiter.engine.extension.TimeoutExtension.interceptTestMethod(TimeoutExtension.java:86)
	at org.junit.jupiter.engine.execution.InterceptingExecutableInvoker$ReflectiveInterceptorCall.lambda$ofVoidMethod$0(InterceptingExecutableInvoker.java:103)
	at org.junit.jupiter.engine.execution.InterceptingExecutableInvoker.lambda$invoke$0(InterceptingExecutableInvoker.java:93)
	at org.junit.jupiter.engine.execution.InvocationInterceptorChain$InterceptedInvocation.proceed(InvocationInterceptorChain.java:106)
	at org.junit.jupiter.engine.execution.InvocationInterceptorChain.proceed(InvocationInterceptorChain.java:64)
	at org.junit.jupiter.engine.execution.InvocationInterceptorChain.chainAndInvoke(InvocationInterceptorChain.java:45)
	at org.junit.jupiter.engine.execution.InvocationInterceptorChain.invoke(InvocationInterceptorChain.java:37)
	at org.junit.jupiter.engine.execution.InterceptingExecutableInvoker.invoke(InterceptingExecutableInvoker.java:92)
	at org.junit.jupiter.engine.execution.InterceptingExecutableInvoker.invoke(InterceptingExecutableInvoker.java:86)
	at org.junit.jupiter.engine.descriptor.TestMethodTestDescriptor.lambda$invokeTestMethod$7(TestMethodTestDescriptor.java:218)
	at org.junit.platform.engine.support.hierarchical.ThrowableCollector.execute(ThrowableCollector.java:73)
	at org.junit.jupiter.engine.descriptor.TestMethodTestDescriptor.invokeTestMethod(TestMethodTestDescriptor.java:214)
	at org.junit.jupiter.engine.descriptor.TestMethodTestDescriptor.execute(TestMethodTestDescriptor.java:139)
	at org.junit.jupiter.engine.descriptor.TestMethodTestDescriptor.execute(TestMethodTestDescriptor.java:69)
	at org.junit.platform.engine.support.hierarchical.NodeTestTask.lambda$executeRecursively$6(NodeTestTask.java:151)
	at org.junit.platform.engine.support.hierarchical.ThrowableCollector.execute(ThrowableCollector.java:73)
	at org.junit.platform.engine.support.hierarchical.NodeTestTask.lambda$executeRecursively$8(NodeTestTask.java:141)
	at org.junit.platform.engine.support.hierarchical.Node.around(Node.java:137)
	at org.junit.platform.engine.support.hierarchical.NodeTestTask.lambda$executeRecursively$9(NodeTestTask.java:139)
	at org.junit.platform.engine.support.hierarchical.ThrowableCollector.execute(ThrowableCollector.java:73)
	at org.junit.platform.engine.support.hierarchical.NodeTestTask.executeRecursively(NodeTestTask.java:138)
	at org.junit.platform.engine.support.hierarchical.NodeTestTask.execute(NodeTestTask.java:95)
	at java.base/java.util.ArrayList.forEach(ArrayList.java:1597)
	at org.junit.platform.engine.support.hierarchical.SameThreadHierarchicalTestExecutorService.invokeAll(SameThreadHierarchicalTestExecutorService.java:41)
	at org.junit.platform.engine.support.hierarchical.NodeTestTask.lambda$executeRecursively$6(NodeTestTask.java:155)
	at org.junit.platform.engine.support.hierarchical.ThrowableCollector.execute(ThrowableCollector.java:73)
	at org.junit.platform.engine.support.hierarchical.NodeTestTask.lambda$executeRecursively$8(NodeTestTask.java:141)
	at org.junit.platform.engine.support.hierarchical.Node.around(Node.java:137)
	at org.junit.platform.engine.support.hierarchical.NodeTestTask.lambda$executeRecursively$9(NodeTestTask.java:139)
	at org.junit.platform.engine.support.hierarchical.ThrowableCollector.execute(ThrowableCollector.java:73)
	at org.junit.platform.engine.support.hierarchical.NodeTestTask.executeRecursively(NodeTestTask.java:138)
	at org.junit.platform.engine.support.hierarchical.NodeTestTask.execute(NodeTestTask.java:95)
	at java.base/java.util.ArrayList.forEach(ArrayList.java:1597)
	at org.junit.platform.engine.support.hierarchical.SameThreadHierarchicalTestExecutorService.invokeAll(SameThreadHierarchicalTestExecutorService.java:41)
	at org.junit.platform.engine.support.hierarchical.NodeTestTask.lambda$executeRecursively$6(NodeTestTask.java:155)
	at org.junit.platform.engine.support.hierarchical.ThrowableCollector.execute(ThrowableCollector.java:73)
	at org.junit.platform.engine.support.hierarchical.NodeTestTask.lambda$executeRecursively$8(NodeTestTask.java:141)
	at org.junit.platform.engine.support.hierarchical.Node.around(Node.java:137)
	at org.junit.platform.engine.support.hierarchical.NodeTestTask.lambda$executeRecursively$9(NodeTestTask.java:139)
	at org.junit.platform.engine.support.hierarchical.ThrowableCollector.execute(ThrowableCollector.java:73)
	at org.junit.platform.engine.support.hierarchical.NodeTestTask.executeRecursively(NodeTestTask.java:138)
	at org.junit.platform.engine.support.hierarchical.NodeTestTask.execute(NodeTestTask.java:95)
	at org.junit.platform.engine.support.hierarchical.SameThreadHierarchicalTestExecutorService.submit(SameThreadHierarchicalTestExecutorService.java:35)
	at org.junit.platform.engine.support.hierarchical.HierarchicalTestExecutor.execute(HierarchicalTestExecutor.java:57)
	at org.junit.platform.engine.support.hierarchical.HierarchicalTestEngine.execute(HierarchicalTestEngine.java:54)
	at org.junit.platform.launcher.core.EngineExecutionOrchestrator.execute(EngineExecutionOrchestrator.java:198)
	at org.junit.platform.launcher.core.EngineExecutionOrchestrator.execute(EngineExecutionOrchestrator.java:169)
	at org.junit.platform.launcher.core.EngineExecutionOrchestrator.execute(EngineExecutionOrchestrator.java:93)
	at org.junit.platform.launcher.core.EngineExecutionOrchestrator.lambda$execute$0(EngineExecutionOrchestrator.java:58)
	at org.junit.platform.launcher.core.EngineExecutionOrchestrator.withInterceptedStreams(EngineExecutionOrchestrator.java:141)
	at org.junit.platform.launcher.core.EngineExecutionOrchestrator.execute(EngineExecutionOrchestrator.java:57)
	at org.junit.platform.launcher.core.DefaultLauncher.execute(DefaultLauncher.java:103)
	at org.junit.platform.launcher.core.DefaultLauncher.execute(DefaultLauncher.java:85)
	at org.junit.platform.launcher.core.DelegatingLauncher.execute(DelegatingLauncher.java:47)
	at org.apache.maven.surefire.junitplatform.LazyLauncher.execute(LazyLauncher.java:56)
	at org.apache.maven.surefire.junitplatform.JUnitPlatformProvider.execute(JUnitPlatformProvider.java:184)
	at org.apache.maven.surefire.junitplatform.JUnitPlatformProvider.invokeAllTests(JUnitPlatformProvider.java:148)
	at org.apache.maven.surefire.junitplatform.JUnitPlatformProvider.invoke(JUnitPlatformProvider.java:122)
	at org.apache.maven.surefire.booter.ForkedBooter.runSuitesInProcess(ForkedBooter.java:385)
	at org.apache.maven.surefire.booter.ForkedBooter.execute(ForkedBooter.java:162)
	at org.apache.maven.surefire.booter.ForkedBooter.run(ForkedBooter.java:507)
	at org.apache.maven.surefire.booter.ForkedBooter.main(ForkedBooter.java:495)

[ERRO] 2026-01-09 18:51:47.161 - Erro-14
  Exceção: java.lang.RuntimeException: Erro 14
java.lang.RuntimeException: Erro 14
	at testes.ErrorLoggerTest.testeLogNaoCresceIndefinidamente(ErrorLoggerTest.java:398)
	at java.base/jdk.internal.reflect.DirectMethodHandleAccessor.invoke(DirectMethodHandleAccessor.java:103)
	at java.base/java.lang.reflect.Method.invoke(Method.java:580)
	at org.junit.platform.commons.util.ReflectionUtils.invokeMethod(ReflectionUtils.java:728)
	at org.junit.jupiter.engine.execution.MethodInvocation.proceed(MethodInvocation.java:60)
	at org.junit.jupiter.engine.execution.InvocationInterceptorChain$ValidatingInvocation.proceed(InvocationInterceptorChain.java:131)
	at org.junit.jupiter.engine.extension.TimeoutExtension.intercept(TimeoutExtension.java:156)
	at org.junit.jupiter.engine.extension.TimeoutExtension.interceptTestableMethod(TimeoutExtension.java:147)
	at org.junit.jupiter.engine.extension.TimeoutExtension.interceptTestMethod(TimeoutExtension.java:86)
	at org.junit.jupiter.engine.execution.InterceptingExecutableInvoker$ReflectiveInterceptorCall.lambda$ofVoidMethod$0(InterceptingExecutableInvoker.java:103)
	at org.junit.jupiter.engine.execution.InterceptingExecutableInvoker.lambda$invoke$0(InterceptingExecutableInvoker.java:93)
	at org.junit.jupiter.engine.execution.InvocationInterceptorChain$InterceptedInvocation.proceed(InvocationInterceptorChain.java:106)
	at org.junit.jupiter.engine.execution.InvocationInterceptorChain.proceed(InvocationInterceptorChain.java:64)
	at org.junit.jupiter.engine.execution.InvocationInterceptorChain.chainAndInvoke(InvocationInterceptorChain.java:45)
	at org.junit.jupiter.engine.execution.InvocationInterceptorChain.invoke(InvocationInterceptorChain.java:37)
	at org.junit.jupiter.engine.execution.InterceptingExecutableInvoker.invoke(InterceptingExecutableInvoker.java:92)
	at org.junit.jupiter.engine.execution.InterceptingExecutableInvoker.invoke(InterceptingExecutableInvoker.java:86)
	at org.junit.jupiter.engine.descriptor.TestMethodTestDescriptor.lambda$invokeTestMethod$7(TestMethodTestDescriptor.java:218)
	at org.junit.platform.engine.support.hierarchical.ThrowableCollector.execute(ThrowableCollector.java:73)
	at org.junit.jupiter.engine.descriptor.TestMethodTestDescriptor.invokeTestMethod(TestMethodTestDescriptor.java:214)
	at org.junit.jupiter.engine.descriptor.TestMethodTestDescriptor.execute(TestMethodTestDescriptor.java:139)
	at org.junit.jupiter.engine.descriptor.TestMethodTestDescriptor.execute(TestMethodTestDescriptor.java:69)
	at org.junit.platform.engine.support.hierarchical.NodeTestTask.lambda$executeRecursively$6(NodeTestTask.java:151)
	at org.junit.platform.engine.support.hierarchical.ThrowableCollector.execute(ThrowableCollector.java:73)
	at org.junit.platform.engine.support.hierarchical.NodeTestTask.lambda$executeRecursively$8(NodeTestTask.java:141)
	at org.junit.platform.engine.support.hierarchical.Node.around(Node.java:137)
	at org.junit.platform.engine.support.hierarchical.NodeTestTask.lambda$executeRecursively$9(NodeTestTask.java:139)
	at org.junit.platform.engine.support.hierarchical.ThrowableCollector.execute(ThrowableCollector.java:73)
	at org.junit.platform.engine.support.hierarchical.NodeTestTask.executeRecursively(NodeTestTask.java:138)
	at org.junit.platform.engine.support.hierarchical.NodeTestTask.execute(NodeTestTask.java:95)
	at java.base/java.util.ArrayList.forEach(ArrayList.java:1597)
	at org.junit.platform.engine.support.hierarchical.SameThreadHierarchicalTestExecutorService.invokeAll(SameThreadHierarchicalTestExecutorService.java:41)
	at org.junit.platform.engine.support.hierarchical.NodeTestTask.lambda$executeRecursively$6(NodeTestTask.java:155)
	at org.junit.platform.engine.support.hierarchical.ThrowableCollector.execute(ThrowableCollector.java:73)
	at org.junit.platform.engine.support.hierarchical.NodeTestTask.lambda$executeRecursively$8(NodeTestTask.java:141)
	at org.junit.platform.engine.support.hierarchical.Node.around(Node.java:137)
	at org.junit.platform.engine.support.hierarchical.NodeTestTask.lambda$executeRecursively$9(NodeTestTask.java:139)
	at org.junit.platform.engine.support.hierarchical.ThrowableCollector.execute(ThrowableCollector.java:73)
	at org.junit.platform.engine.support.hierarchical.NodeTestTask.executeRecursively(NodeTestTask.java:138)
	at org.junit.platform.engine.support.hierarchical.NodeTestTask.execute(NodeTestTask.java:95)
	at java.base/java.util.ArrayList.forEach(ArrayList.java:1597)
	at org.junit.platform.engine.support.hierarchical.SameThreadHierarchicalTestExecutorService.invokeAll(SameThreadHierarchicalTestExecutorService.java:41)
	at org.junit.platform.engine.support.hierarchical.NodeTestTask.lambda$executeRecursively$6(NodeTestTask.java:155)
	at org.junit.platform.engine.support.hierarchical.ThrowableCollector.execute(ThrowableCollector.java:73)
	at org.junit.platform.engine.support.hierarchical.NodeTestTask.lambda$executeRecursively$8(NodeTestTask.java:141)
	at org.junit.platform.engine.support.hierarchical.Node.around(Node.java:137)
	at org.junit.platform.engine.support.hierarchical.NodeTestTask.lambda$executeRecursively$9(NodeTestTask.java:139)
	at org.junit.platform.engine.support.hierarchical.ThrowableCollector.execute(ThrowableCollector.java:73)
	at org.junit.platform.engine.support.hierarchical.NodeTestTask.executeRecursively(NodeTestTask.java:138)
	at org.junit.platform.engine.support.hierarchical.NodeTestTask.execute(NodeTestTask.java:95)
	at org.junit.platform.engine.support.hierarchical.SameThreadHierarchicalTestExecutorService.submit(SameThreadHierarchicalTestExecutorService.java:35)
	at org.junit.platform.engine.support.hierarchical.HierarchicalTestExecutor.execute(HierarchicalTestExecutor.java:57)
	at org.junit.platform.engine.support.hierarchical.HierarchicalTestEngine.execute(HierarchicalTestEngine.java:54)
	at org.junit.platform.launcher.core.EngineExecutionOrchestrator.execute(EngineExecutionOrchestrator.java:198)
	at org.junit.platform.launcher.core.EngineExecutionOrchestrator.execute(EngineExecutionOrchestrator.java:169)
	at org.junit.platform.launcher.core.EngineExecutionOrchestrator.execute(EngineExecutionOrchestrator.java:93)
	at org.junit.platform.launcher.core.EngineExecutionOrchestrator.lambda$execute$0(EngineExecutionOrchestrator.java:58)
	at org.junit.platform.launcher.core.EngineExecutionOrchestrator.withInterceptedStreams(EngineExecutionOrchestrator.java:141)
	at org.junit.platform.launcher.core.EngineExecutionOrchestrator.execute(EngineExecutionOrchestrator.java:57)
	at org.junit.platform.launcher.core.DefaultLauncher.execute(DefaultLauncher.java:103)
	at org.junit.platform.launcher.core.DefaultLauncher.execute(DefaultLauncher.java:85)
	at org.junit.platform.launcher.core.DelegatingLauncher.execute(DelegatingLauncher.java:47)
	at org.apache.maven.surefire.junitplatform.LazyLauncher.execute(LazyLauncher.java:56)
	at org.apache.maven.surefire.junitplatform.JUnitPlatformProvider.execute(JUnitPlatformProvider.java:184)
	at org.apache.maven.surefire.junitplatform.JUnitPlatformProvider.invokeAllTests(JUnitPlatformProvider.java:148)
	at org.apache.maven.surefire.junitplatform.JUnitPlatformProvider.invoke(JUnitPlatformProvider.java:122)
	at org.apache.maven.surefire.booter.ForkedBooter.runSuitesInProcess(ForkedBooter.java:385)
	at org.apache.maven.surefire.booter.ForkedBooter.execute(ForkedBooter.java:162)
	at org.apache.maven.surefire.booter.ForkedBooter.run(ForkedBooter.java:507)
	at org.apache.maven.surefire.booter.ForkedBooter.main(ForkedBooter.java:495)

[ERRO] 2026-01-09 18:51:47.161 - Erro-15
  Exceção: java.lang.RuntimeException: Erro 15
java.lang.RuntimeException: Erro 15
	at testes.ErrorLoggerTest.testeLogNaoCresceIndefinidamente(ErrorLoggerTest.java:398)
	at java.base/jdk.internal.reflect.DirectMethodHandleAccessor.invoke(DirectMethodHandleAccessor.java:103)
	at java.base/java.lang.reflect.Method.invoke(Method.java:580)
	at org.junit.platform.commons.util.ReflectionUtils.invokeMethod(ReflectionUtils.java:728)
	at org.junit.jupiter.engine.execution.MethodInvocation.proceed(MethodInvocation.java:60)
	at org.junit.jupiter.engine.execution.InvocationInterceptorChain$ValidatingInvocation.proceed(InvocationInterceptorChain.java:131)
	at org.junit.jupiter.engine.extension.TimeoutExtension.intercept(TimeoutExtension.java:156)
	at org.junit.jupiter.engine.extension.TimeoutExtension.interceptTestableMethod(TimeoutExtension.java:147)
	at org.junit.jupiter.engine.extension.TimeoutExtension.interceptTestMethod(TimeoutExtension.java:86)
	at org.junit.jupiter.engine.execution.InterceptingExecutableInvoker$ReflectiveInterceptorCall.lambda$ofVoidMethod$0(InterceptingExecutableInvoker.java:103)
	at org.junit.jupiter.engine.execution.InterceptingExecutableInvoker.lambda$invoke$0(InterceptingExecutableInvoker.java:93)
	at org.junit.jupiter.engine.execution.InvocationInterceptorChain$InterceptedInvocation.proceed(InvocationInterceptorChain.java:106)
	at org.junit.jupiter.engine.execution.InvocationInterceptorChain.proceed(InvocationInterceptorChain.java:64)
	at org.junit.jupiter.engine.execution.InvocationInterceptorChain.chainAndInvoke(InvocationInterceptorChain.java:45)
	at org.junit.jupiter.engine.execution.InvocationInterceptorChain.invoke(InvocationInterceptorChain.java:37)
	at org.junit.jupiter.engine.execution.InterceptingExecutableInvoker.invoke(InterceptingExecutableInvoker.java:92)
	at org.junit.jupiter.engine.execution.InterceptingExecutableInvoker.invoke(InterceptingExecutableInvoker.java:86)
	at org.junit.jupiter.engine.descriptor.TestMethodTestDescriptor.lambda$invokeTestMethod$7(TestMethodTestDescriptor.java:218)
	at org.junit.platform.engine.support.hierarchical.ThrowableCollector.execute(ThrowableCollector.java:73)
	at org.junit.jupiter.engine.descriptor.TestMethodTestDescriptor.invokeTestMethod(TestMethodTestDescriptor.java:214)
	at org.junit.jupiter.engine.descriptor.TestMethodTestDescriptor.execute(TestMethodTestDescriptor.java:139)
	at org.junit.jupiter.engine.descriptor.TestMethodTestDescriptor.execute(TestMethodTestDescriptor.java:69)
	at org.junit.platform.engine.support.hierarchical.NodeTestTask.lambda$executeRecursively$6(NodeTestTask.java:151)
	at org.junit.platform.engine.support.hierarchical.ThrowableCollector.execute(ThrowableCollector.java:73)
	at org.junit.platform.engine.support.hierarchical.NodeTestTask.lambda$executeRecursively$8(NodeTestTask.java:141)
	at org.junit.platform.engine.support.hierarchical.Node.around(Node.java:137)
	at org.junit.platform.engine.support.hierarchical.NodeTestTask.lambda$executeRecursively$9(NodeTestTask.java:139)
	at org.junit.platform.engine.support.hierarchical.ThrowableCollector.execute(ThrowableCollector.java:73)
	at org.junit.platform.engine.support.hierarchical.NodeTestTask.executeRecursively(NodeTestTask.java:138)
	at org.junit.platform.engine.support.hierarchical.NodeTestTask.execute(NodeTestTask.java:95)
	at java.base/java.util.ArrayList.forEach(ArrayList.java:1597)
	at org.junit.platform.engine.support.hierarchical.SameThreadHierarchicalTestExecutorService.invokeAll(SameThreadHierarchicalTestExecutorService.java:41)
	at org.junit.platform.engine.support.hierarchical.NodeTestTask.lambda$executeRecursively$6(NodeTestTask.java:155)
	at org.junit.platform.engine.support.hierarchical.ThrowableCollector.execute(ThrowableCollector.java:73)
	at org.junit.platform.engine.support.hierarchical.NodeTestTask.lambda$executeRecursively$8(NodeTestTask.java:141)
	at org.junit.platform.engine.support.hierarchical.Node.around(Node.java:137)
	at org.junit.platform.engine.support.hierarchical.NodeTestTask.lambda$executeRecursively$9(NodeTestTask.java:139)
	at org.junit.platform.engine.support.hierarchical.ThrowableCollector.execute(ThrowableCollector.java:73)
	at org.junit.platform.engine.support.hierarchical.NodeTestTask.executeRecursively(NodeTestTask.java:138)
	at org.junit.platform.engine.support.hierarchical.NodeTestTask.execute(NodeTestTask.java:95)
	at java.base/java.util.ArrayList.forEach(ArrayList.java:1597)
	at org.junit.platform.engine.support.hierarchical.SameThreadHierarchicalTestExecutorService.invokeAll(SameThreadHierarchicalTestExecutorService.java:41)
	at org.junit.platform.engine.support.hierarchical.NodeTestTask.lambda$executeRecursively$6(NodeTestTask.java:155)
	at org.junit.platform.engine.support.hierarchical.ThrowableCollector.execute(ThrowableCollector.java:73)
	at org.junit.platform.engine.support.hierarchical.NodeTestTask.lambda$executeRecursively$8(NodeTestTask.java:141)
	at org.junit.platform.engine.support.hierarchical.Node.around(Node.java:137)
	at org.junit.platform.engine.support.hierarchical.NodeTestTask.lambda$executeRecursively$9(NodeTestTask.java:139)
	at org.junit.platform.engine.support.hierarchical.ThrowableCollector.execute(ThrowableCollector.java:73)
	at org.junit.platform.engine.support.hierarchical.NodeTestTask.executeRecursively(NodeTestTask.java:138)
	at org.junit.platform.engine.support.hierarchical.NodeTestTask.execute(NodeTestTask.java:95)
	at org.junit.platform.engine.support.hierarchical.SameThreadHierarchicalTestExecutorService.submit(SameThreadHierarchicalTestExecutorService.java:35)
	at org.junit.platform.engine.support.hierarchical.HierarchicalTestExecutor.execute(HierarchicalTestExecutor.java:57)
	at org.junit.platform.engine.support.hierarchical.HierarchicalTestEngine.execute(HierarchicalTestEngine.java:54)
	at org.junit.platform.launcher.core.EngineExecutionOrchestrator.execute(EngineExecutionOrchestrator.java:198)
	at org.junit.platform.launcher.core.EngineExecutionOrchestrator.execute(EngineExecutionOrchestrator.java:169)
	at org.junit.platform.launcher.core.EngineExecutionOrchestrator.execute(EngineExecutionOrchestrator.java:93)
	at org.junit.platform.launcher.core.EngineExecutionOrchestrator.lambda$execute$0(EngineExecutionOrchestrator.java:58)
	at org.junit.platform.launcher.core.EngineExecutionOrchestrator.withInterceptedStreams(EngineExecutionOrchestrator.java:141)
	at org.junit.platform.launcher.core.EngineExecutionOrchestrator.execute(EngineExecutionOrchestrator.java:57)
	at org.junit.platform.launcher.core.DefaultLauncher.execute(DefaultLauncher.java:103)
	at org.junit.platform.launcher.core.DefaultLauncher.execute(DefaultLauncher.java:85)
	at org.junit.platform.launcher.core.DelegatingLauncher.execute(DelegatingLauncher.java:47)
	at org.apache.maven.surefire.junitplatform.LazyLauncher.execute(LazyLauncher.java:56)
	at org.apache.maven.surefire.junitplatform.JUnitPlatformProvider.execute(JUnitPlatformProvider.java:184)
	at org.apache.maven.surefire.junitplatform.JUnitPlatformProvider.invokeAllTests(JUnitPlatformProvider.java:148)
	at org.apache.maven.surefire.junitplatform.JUnitPlatformProvider.invoke(JUnitPlatformProvider.java:122)
	at org.apache.maven.surefire.booter.ForkedBooter.runSuitesInProcess(ForkedBooter.java:385)
	at org.apache.maven.surefire.booter.ForkedBooter.execute(ForkedBooter.java:162)
	at org.apache.maven.surefire.booter.ForkedBooter.run(ForkedBooter.java:507)
	at org.apache.maven.surefire.booter.ForkedBooter.main(ForkedBooter.java:495)

[ERRO] 2026-01-09 18:51:47.162 - Erro-16
  Exceção: java.lang.RuntimeException: Erro 16
java.lang.RuntimeException: Erro 16
	at testes.ErrorLoggerTest.testeLogNaoCresceIndefinidamente(ErrorLoggerTest.java:398)
	at java.base/jdk.internal.reflect.DirectMethodHandleAccessor.invoke(DirectMethodHandleAccessor.java:103)
	at java.base/java.lang.reflect.Method.invoke(Method.java:580)
	at org.junit.platform.commons.util.ReflectionUtils.invokeMethod(ReflectionUtils.java:728)
	at org.junit.jupiter.engine.execution.MethodInvocation.proceed(MethodInvocation.java:60)
	at org.junit.jupiter.engine.execution.InvocationInterceptorChain$ValidatingInvocation.proceed(InvocationInterceptorChain.java:131)
	at org.junit.jupiter.engine.extension.TimeoutExtension.intercept(TimeoutExtension.java:156)
	at org.junit.jupiter.engine.extension.TimeoutExtension.interceptTestableMethod(TimeoutExtension.java:147)
	at org.junit.jupiter.engine.extension.TimeoutExtension.interceptTestMethod(TimeoutExtension.java:86)
	at org.junit.jupiter.engine.execution.InterceptingExecutableInvoker$ReflectiveInterceptorCall.lambda$ofVoidMethod$0(InterceptingExecutableInvoker.java:103)
	at org.junit.jupiter.engine.execution.InterceptingExecutableInvoker.lambda$invoke$0(InterceptingExecutableInvoker.java:93)
	at org.junit.jupiter.engine.execution.InvocationInterceptorChain$InterceptedInvocation.proceed(InvocationInterceptorChain.java:106)
	at org.junit.jupiter.engine.execution.InvocationInterceptorChain.proceed(InvocationInterceptorChain.java:64)
	at org.junit.jupiter.engine.execution.InvocationInterceptorChain.chainAndInvoke(InvocationInterceptorChain.java:45)
	at org.junit.jupiter.engine.execution.InvocationInterceptorChain.invoke(InvocationInterceptorChain.java:37)
	at org.junit.jupiter.engine.execution.InterceptingExecutableInvoker.invoke(InterceptingExecutableInvoker.java:92)
	at org.junit.jupiter.engine.execution.InterceptingExecutableInvoker.invoke(InterceptingExecutableInvoker.java:86)
	at org.junit.jupiter.engine.descriptor.TestMethodTestDescriptor.lambda$invokeTestMethod$7(TestMethodTestDescriptor.java:218)
	at org.junit.platform.engine.support.hierarchical.ThrowableCollector.execute(ThrowableCollector.java:73)
	at org.junit.jupiter.engine.descriptor.TestMethodTestDescriptor.invokeTestMethod(TestMethodTestDescriptor.java:214)
	at org.junit.jupiter.engine.descriptor.TestMethodTestDescriptor.execute(TestMethodTestDescriptor.java:139)
	at org.junit.jupiter.engine.descriptor.TestMethodTestDescriptor.execute(TestMethodTestDescriptor.java:69)
	at org.junit.platform.engine.support.hierarchical.NodeTestTask.lambda$executeRecursively$6(NodeTestTask.java:151)
	at org.junit.platform.engine.support.hierarchical.ThrowableCollector.execute(ThrowableCollector.java:73)
	at org.junit.platform.engine.support.hierarchical.NodeTestTask.lambda$executeRecursively$8(NodeTestTask.java:141)
	at org.junit.platform.engine.support.hierarchical.Node.around(Node.java:137)
	at org.junit.platform.engine.support.hierarchical.NodeTestTask.lambda$executeRecursively$9(NodeTestTask.java:139)
	at org.junit.platform.engine.support.hierarchical.ThrowableCollector.execute(ThrowableCollector.java:73)
	at org.junit.platform.engine.support.hierarchical.NodeTestTask.executeRecursively(NodeTestTask.java:138)
	at org.junit.platform.engine.support.hierarchical.NodeTestTask.execute(NodeTestTask.java:95)
	at java.base/java.util.ArrayList.forEach(ArrayList.java:1597)
	at org.junit.platform.engine.support.hierarchical.SameThreadHierarchicalTestExecutorService.invokeAll(SameThreadHierarchicalTestExecutorService.java:41)
	at org.junit.platform.engine.support.hierarchical.NodeTestTask.lambda$executeRecursively$6(NodeTestTask.java:155)
	at org.junit.platform.engine.support.hierarchical.ThrowableCollector.execute(ThrowableCollector.java:73)
	at org.junit.platform.engine.support.hierarchical.NodeTestTask.lambda$executeRecursively$8(NodeTestTask.java:141)
	at org.junit.platform.engine.support.hierarchical.Node.around(Node.java:137)
	at org.junit.platform.engine.support.hierarchical.NodeTestTask.lambda$executeRecursively$9(NodeTestTask.java:139)
	at org.junit.platform.engine.support.hierarchical.ThrowableCollector.execute(ThrowableCollector.java:73)
	at org.junit.platform.engine.support.hierarchical.NodeTestTask.executeRecursively(NodeTestTask.java:138)
	at org.junit.platform.engine.support.hierarchical.NodeTestTask.execute(NodeTestTask.java:95)
	at java.base/java.util.ArrayList.forEach(ArrayList.java:1597)
	at org.junit.platform.engine.support.hierarchical.SameThreadHierarchicalTestExecutorService.invokeAll(SameThreadHierarchicalTestExecutorService.java:41)
	at org.junit.platform.engine.support.hierarchical.NodeTestTask.lambda$executeRecursively$6(NodeTestTask.java:155)
	at org.junit.platform.engine.support.hierarchical.ThrowableCollector.execute(ThrowableCollector.java:73)
	at org.junit.platform.engine.support.hierarchical.NodeTestTask.lambda$executeRecursively$8(NodeTestTask.java:141)
	at org.junit.platform.engine.support.hierarchical.Node.around(Node.java:137)
	at org.junit.platform.engine.support.hierarchical.NodeTestTask.lambda$executeRecursively$9(NodeTestTask.java:139)
	at org.junit.platform.engine.support.hierarchical.ThrowableCollector.execute(ThrowableCollector.java:73)
	at org.junit.platform.engine.support.hierarchical.NodeTestTask.executeRecursively(NodeTestTask.java:138)
	at org.junit.platform.engine.support.hierarchical.NodeTestTask.execute(NodeTestTask.java:95)
	at org.junit.platform.engine.support.hierarchical.SameThreadHierarchicalTestExecutorService.submit(SameThreadHierarchicalTestExecutorService.java:35)
	at org.junit.platform.engine.support.hierarchical.HierarchicalTestExecutor.execute(HierarchicalTestExecutor.java:57)
	at org.junit.platform.engine.support.hierarchical.HierarchicalTestEngine.execute(HierarchicalTestEngine.java:54)
	at org.junit.platform.launcher.core.EngineExecutionOrchestrator.execute(EngineExecutionOrchestrator.java:198)
	at org.junit.platform.launcher.core.EngineExecutionOrchestrator.execute(EngineExecutionOrchestrator.java:169)
	at org.junit.platform.launcher.core.EngineExecutionOrchestrator.execute(EngineExecutionOrchestrator.java:93)
	at org.junit.platform.launcher.core.EngineExecutionOrchestrator.lambda$execute$0(EngineExecutionOrchestrator.java:58)
	at org.junit.platform.launcher.core.EngineExecutionOrchestrator.withInterceptedStreams(EngineExecutionOrchestrator.java:141)
	at org.junit.platform.launcher.core.EngineExecutionOrchestrator.execute(EngineExecutionOrchestrator.java:57)
	at org.junit.platform.launcher.core.DefaultLauncher.execute(DefaultLauncher.java:103)
	at org.junit.platform.launcher.core.DefaultLauncher.execute(DefaultLauncher.java:85)
	at org.junit.platform.launcher.core.DelegatingLauncher.execute(DelegatingLauncher.java:47)
	at org.apache.maven.surefire.junitplatform.LazyLauncher.execute(LazyLauncher.java:56)
	at org.apache.maven.surefire.junitplatform.JUnitPlatformProvider.execute(JUnitPlatformProvider.java:184)
	at org.apache.maven.surefire.junitplatform.JUnitPlatformProvider.invokeAllTests(JUnitPlatformProvider.java:148)
	at org.apache.maven.surefire.junitplatform.JUnitPlatformProvider.invoke(JUnitPlatformProvider.java:122)
	at org.apache.maven.surefire.booter.ForkedBooter.runSuitesInProcess(ForkedBooter.java:385)
	at org.apache.maven.surefire.booter.ForkedBooter.execute(ForkedBooter.java:162)
	at org.apache.maven.surefire.booter.ForkedBooter.run(ForkedBooter.java:507)
	at org.apache.maven.surefire.booter.ForkedBooter.main(ForkedBooter.java:495)

[ERRO] 2026-01-09 18:51:47.162 - Erro-17
  Exceção: java.lang.RuntimeException: Erro 17
java.lang.RuntimeException: Erro 17
	at testes.ErrorLoggerTest.testeLogNaoCresceIndefinidamente(ErrorLoggerTest.java:398)
	at java.base/jdk.internal.reflect.DirectMethodHandleAccessor.invoke(DirectMethodHandleAccessor.java:103)
	at java.base/java.lang.reflect.Method.invoke(Method.java:580)
	at org.junit.platform.commons.util.ReflectionUtils.invokeMethod(ReflectionUtils.java:728)
	at org.junit.jupiter.engine.execution.MethodInvocation.proceed(MethodInvocation.java:60)
	at org.junit.jupiter.engine.execution.InvocationInterceptorChain$ValidatingInvocation.proceed(InvocationInterceptorChain.java:131)
	at org.junit.jupiter.engine.extension.TimeoutExtension.intercept(TimeoutExtension.java:156)
	at org.junit.jupiter.engine.extension.TimeoutExtension.interceptTestableMethod(TimeoutExtension.java:147)
	at org.junit.jupiter.engine.extension.TimeoutExtension.interceptTestMethod(TimeoutExtension.java:86)
	at org.junit.jupiter.engine.execution.InterceptingExecutableInvoker$ReflectiveInterceptorCall.lambda$ofVoidMethod$0(InterceptingExecutableInvoker.java:103)
	at org.junit.jupiter.engine.execution.InterceptingExecutableInvoker.lambda$invoke$0(InterceptingExecutableInvoker.java:93)
	at org.junit.jupiter.engine.execution.InvocationInterceptorChain$InterceptedInvocation.proceed(InvocationInterceptorChain.java:106)
	at org.junit.jupiter.engine.execution.InvocationInterceptorChain.proceed(InvocationInterceptorChain.java:64)
	at org.junit.jupiter.engine.execution.InvocationInterceptorChain.chainAndInvoke(InvocationInterceptorChain.java:45)
	at org.junit.jupiter.engine.execution.InvocationInterceptorChain.invoke(InvocationInterceptorChain.java:37)
	at org.junit.jupiter.engine.execution.InterceptingExecutableInvoker.invoke(InterceptingExecutableInvoker.java:92)
	at org.junit.jupiter.engine.execution.InterceptingExecutableInvoker.invoke(InterceptingExecutableInvoker.java:86)
	at org.junit.jupiter.engine.descriptor.TestMethodTestDescriptor.lambda$invokeTestMethod$7(TestMethodTestDescriptor.java:218)
	at org.junit.platform.engine.support.hierarchical.ThrowableCollector.execute(ThrowableCollector.java:73)
	at org.junit.jupiter.engine.descriptor.TestMethodTestDescriptor.invokeTestMethod(TestMethodTestDescriptor.java:214)
	at org.junit.jupiter.engine.descriptor.TestMethodTestDescriptor.execute(TestMethodTestDescriptor.java:139)
	at org.junit.jupiter.engine.descriptor.TestMethodTestDescriptor.execute(TestMethodTestDescriptor.java:69)
	at org.junit.platform.engine.support.hierarchical.NodeTestTask.lambda$executeRecursively$6(NodeTestTask.java:151)
	at org.junit.platform.engine.support.hierarchical.ThrowableCollector.execute(ThrowableCollector.java:73)
	at org.junit.platform.engine.support.hierarchical.NodeTestTask.lambda$executeRecursively$8(NodeTestTask.java:141)
	at org.junit.platform.engine.support.hierarchical.Node.around(Node.java:137)
	at org.junit.platform.engine.support.hierarchical.NodeTestTask.lambda$executeRecursively$9(NodeTestTask.java:139)
	at org.junit.platform.engine.support.hierarchical.ThrowableCollector.execute(ThrowableCollector.java:73)
	at org.junit.platform.engine.support.hierarchical.NodeTestTask.executeRecursively(NodeTestTask.java:138)
	at org.junit.platform.engine.support.hierarchical.NodeTestTask.execute(NodeTestTask.java:95)
	at java.base/java.util.ArrayList.forEach(ArrayList.java:1597)
	at org.junit.platform.engine.support.hierarchical.SameThreadHierarchicalTestExecutorService.invokeAll(SameThreadHierarchicalTestExecutorService.java:41)
	at org.junit.platform.engine.support.hierarchical.NodeTestTask.lambda$executeRecursively$6(NodeTestTask.java:155)
	at org.junit.platform.engine.support.hierarchical.ThrowableCollector.execute(ThrowableCollector.java:73)
	at org.junit.platform.engine.support.hierarchical.NodeTestTask.lambda$executeRecursively$8(NodeTestTask.java:141)
	at org.junit.platform.engine.support.hierarchical.Node.around(Node.java:137)
	at org.junit.platform.engine.support.hierarchical.NodeTestTask.lambda$executeRecursively$9(NodeTestTask.java:139)
	at org.junit.platform.engine.support.hierarchical.ThrowableCollector.execute(ThrowableCollector.java:73)
	at org.junit.platform.engine.support.hierarchical.NodeTestTask.executeRecursively(NodeTestTask.java:138)
	at org.junit.platform.engine.support.hierarchical.NodeTestTask.execute(NodeTestTask.java:95)
	at java.base/java.util.ArrayList.forEach(ArrayList.java:1597)
	at org.junit.platform.engine.support.hierarchical.SameThreadHierarchicalTestExecutorService.invokeAll(SameThreadHierarchicalTestExecutorService.java:41)
	at org.junit.platform.engine.support.hierarchical.NodeTestTask.lambda$executeRecursively$6(NodeTestTask.java:155)
	at org.junit.platform.engine.support.hierarchical.ThrowableCollector.execute(ThrowableCollector.java:73)
	at org.junit.platform.engine.support.hierarchical.NodeTestTask.lambda$executeRecursively$8(NodeTestTask.java:141)
	at org.junit.platform.engine.support.hierarchical.Node.around(Node.java:137)
	at org.junit.platform.engine.support.hierarchical.NodeTestTask.lambda$executeRecursively$9(NodeTestTask.java:139)
	at org.junit.platform.engine.support.hierarchical.ThrowableCollector.execute(ThrowableCollector.java:73)
	at org.junit.platform.engine.support.hierarchical.NodeTestTask.executeRecursively(NodeTestTask.java:138)
	at org.junit.platform.engine.support.hierarchical.NodeTestTask.execute(NodeTestTask.java:95)
	at org.junit.platform.engine.support.hierarchical.SameThreadHierarchicalTestExecutorService.submit(SameThreadHierarchicalTestExecutorService.java:35)
	at org.junit.platform.engine.support.hierarchical.HierarchicalTestExecutor.execute(HierarchicalTestExecutor.java:57)
	at org.junit.platform.engine.support.hierarchical.HierarchicalTestEngine.execute(HierarchicalTestEngine.java:54)
	at org.junit.platform.launcher.core.EngineExecutionOrchestrator.execute(EngineExecutionOrchestrator.java:198)
	at org.junit.platform.launcher.core.EngineExecutionOrchestrator.execute(EngineExecutionOrchestrator.java:169)
	at org.junit.platform.launcher.core.EngineExecutionOrchestrator.execute(EngineExecutionOrchestrator.java:93)
	at org.junit.platform.launcher.core.EngineExecutionOrchestrator.lambda$execute$0(EngineExecutionOrchestrator.java:58)
	at org.junit.platform.launcher.core.EngineExecutionOrchestrator.withInterceptedStreams(EngineExecutionOrchestrator.java:141)
	at org.junit.platform.launcher.core.EngineExecutionOrchestrator.execute(EngineExecutionOrchestrator.java:57)
	at org.junit.platform.launcher.core.DefaultLauncher.execute(DefaultLauncher.java:103)
	at org.junit.platform.launcher.core.DefaultLauncher.execute(DefaultLauncher.java:85)
	at org.junit.platform.launcher.core.DelegatingLauncher.execute(DelegatingLauncher.java:47)
	at org.apache.maven.surefire.junitplatform.LazyLauncher.execute(LazyLauncher.java:56)
	at org.apache.maven.surefire.junitplatform.JUnitPlatformProvider.execute(JUnitPlatformProvider.java:184)
	at org.apache.maven.surefire.junitplatform.JUnitPlatformProvider.invokeAllTests(JUnitPlatformProvider.java:148)
	at org.apache.maven.surefire.junitplatform.JUnitPlatformProvider.invoke(JUnitPlatformProvider.java:122)
	at org.apache.maven.surefire.booter.ForkedBooter.runSuitesInProcess(ForkedBooter.java:385)
	at org.apache.maven.surefire.booter.ForkedBooter.execute(ForkedBooter.java:162)
	at org.apache.maven.surefire.booter.ForkedBooter.run(ForkedBooter.java:507)
	at org.apache.maven.surefire.booter.ForkedBooter.main(ForkedBooter.java:495)

[ERRO] 2026-01-09 18:51:47.162 - Erro-18
  Exceção: java.lang.RuntimeException: Erro 18
java.lang.RuntimeException: Erro 18
	at testes.ErrorLoggerTest.testeLogNaoCresceIndefinidamente(ErrorLoggerTest.java:398)
	at java.base/jdk.internal.reflect.DirectMethodHandleAccessor.invoke(DirectMethodHandleAccessor.java:103)
	at java.base/java.lang.reflect.Method.invoke(Method.java:580)
	at org.junit.platform.commons.util.ReflectionUtils.invokeMethod(ReflectionUtils.java:728)
	at org.junit.jupiter.engine.execution.MethodInvocation.proceed(MethodInvocation.java:60)
	at org.junit.jupiter.engine.execution.InvocationInterceptorChain$ValidatingInvocation.proceed(InvocationInterceptorChain.java:131)
	at org.junit.jupiter.engine.extension.TimeoutExtension.intercept(TimeoutExtension.java:156)
	at org.junit.jupiter.engine.extension.TimeoutExtension.interceptTestableMethod(TimeoutExtension.java:147)
	at org.junit.jupiter.engine.extension.TimeoutExtension.interceptTestMethod(TimeoutExtension.java:86)
	at org.junit.jupiter.engine.execution.InterceptingExecutableInvoker$ReflectiveInterceptorCall.lambda$ofVoidMethod$0(InterceptingExecutableInvoker.java:103)
	at org.junit.jupiter.engine.execution.InterceptingExecutableInvoker.lambda$invoke$0(InterceptingExecutableInvoker.java:93)
	at org.junit.jupiter.engine.execution.InvocationInterceptorChain$InterceptedInvocation.proceed(InvocationInterceptorChain.java:106)
	at org.junit.jupiter.engine.execution.InvocationInterceptorChain.proceed(InvocationInterceptorChain.java:64)
	at org.junit.jupiter.engine.execution.InvocationInterceptorChain.chainAndInvoke(InvocationInterceptorChain.java:45)
	at org.junit.jupiter.engine.execution.InvocationInterceptorChain.invoke(InvocationInterceptorChain.java:37)
	at org.junit.jupiter.engine.execution.InterceptingExecutableInvoker.invoke(InterceptingExecutableInvoker.java:92)
	at org.junit.jupiter.engine.execution.InterceptingExecutableInvoker.invoke(InterceptingExecutableInvoker.java:86)
	at org.junit.jupiter.engine.descriptor.TestMethodTestDescriptor.lambda$invokeTestMethod$7(TestMethodTestDescriptor.java:218)
	at org.junit.platform.engine.support.hierarchical.ThrowableCollector.execute(ThrowableCollector.java:73)
	at org.junit.jupiter.engine.descriptor.TestMethodTestDescriptor.invokeTestMethod(TestMethodTestDescriptor.java:214)
	at org.junit.jupiter.engine.descriptor.TestMethodTestDescriptor.execute(TestMethodTestDescriptor.java:139)
	at org.junit.jupiter.engine.descriptor.TestMethodTestDescriptor.execute(TestMethodTestDescriptor.java:69)
	at org.junit.platform.engine.support.hierarchical.NodeTestTask.lambda$executeRecursively$6(NodeTestTask.java:151)
	at org.junit.platform.engine.support.hierarchical.ThrowableCollector.execute(ThrowableCollector.java:73)
	at org.junit.platform.engine.support.hierarchical.NodeTestTask.lambda$executeRecursively$8(NodeTestTask.java:141)
	at org.junit.platform.engine.support.hierarchical.Node.around(Node.java:137)
	at org.junit.platform.engine.support.hierarchical.NodeTestTask.lambda$executeRecursively$9(NodeTestTask.java:139)
	at org.junit.platform.engine.support.hierarchical.ThrowableCollector.execute(ThrowableCollector.java:73)
	at org.junit.platform.engine.support.hierarchical.NodeTestTask.executeRecursively(NodeTestTask.java:138)
	at org.junit.platform.engine.support.hierarchical.NodeTestTask.execute(NodeTestTask.java:95)
	at java.base/java.util.ArrayList.forEach(ArrayList.java:1597)
	at org.junit.platform.engine.support.hierarchical.SameThreadHierarchicalTestExecutorService.invokeAll(SameThreadHierarchicalTestExecutorService.java:41)
	at org.junit.platform.engine.support.hierarchical.NodeTestTask.lambda$executeRecursively$6(NodeTestTask.java:155)
	at org.junit.platform.engine.support.hierarchical.ThrowableCollector.execute(ThrowableCollector.java:73)
	at org.junit.platform.engine.support.hierarchical.NodeTestTask.lambda$executeRecursively$8(NodeTestTask.java:141)
	at org.junit.platform.engine.support.hierarchical.Node.around(Node.java:137)
	at org.junit.platform.engine.support.hierarchical.NodeTestTask.lambda$executeRecursively$9(NodeTestTask.java:139)
	at org.junit.platform.engine.support.hierarchical.ThrowableCollector.execute(ThrowableCollector.java:73)
	at org.junit.platform.engine.support.hierarchical.NodeTestTask.executeRecursively(NodeTestTask.java:138)
	at org.junit.platform.engine.support.hierarchical.NodeTestTask.execute(NodeTestTask.java:95)
	at java.base/java.util.ArrayList.forEach(ArrayList.java:1597)
	at org.junit.platform.engine.support.hierarchical.SameThreadHierarchicalTestExecutorService.invokeAll(SameThreadHierarchicalTestExecutorService.java:41)
	at org.junit.platform.engine.support.hierarchical.NodeTestTask.lambda$executeRecursively$6(NodeTestTask.java:155)
	at org.junit.platform.engine.support.hierarchical.ThrowableCollector.execute(ThrowableCollector.java:73)
	at org.junit.platform.engine.support.hierarchical.NodeTestTask.lambda$executeRecursively$8(NodeTestTask.java:141)
	at org.junit.platform.engine.support.hierarchical.Node.around(Node.java:137)
	at org.junit.platform.engine.support.hierarchical.NodeTestTask.lambda$executeRecursively$9(NodeTestTask.java:139)
	at org.junit.platform.engine.support.hierarchical.ThrowableCollector.execute(ThrowableCollector.java:73)
	at org.junit.platform.engine.support.hierarchical.NodeTestTask.executeRecursively(NodeTestTask.java:138)
	at org.junit.platform.engine.support.hierarchical.NodeTestTask.execute(NodeTestTask.java:95)
	at org.junit.platform.engine.support.hierarchical.SameThreadHierarchicalTestExecutorService.submit(SameThreadHierarchicalTestExecutorService.java:35)
	at org.junit.platform.engine.support.hierarchical.HierarchicalTestExecutor.execute(HierarchicalTestExecutor.java:57)
	at org.junit.platform.engine.support.hierarchical.HierarchicalTestEngine.execute(HierarchicalTestEngine.java:54)
	at org.junit.platform.launcher.core.EngineExecutionOrchestrator.execute(EngineExecutionOrchestrator.java:198)
	at org.junit.platform.launcher.core.EngineExecutionOrchestrator.execute(EngineExecutionOrchestrator.java:169)
	at org.junit.platform.launcher.core.EngineExecutionOrchestrator.execute(EngineExecutionOrchestrator.java:93)
	at org.junit.platform.launcher.core.EngineExecutionOrchestrator.lambda$execute$0(EngineExecutionOrchestrator.java:58)
	at org.junit.platform.launcher.core.EngineExecutionOrchestrator.withInterceptedStreams(EngineExecutionOrchestrator.java:141)
	at org.junit.platform.launcher.core.EngineExecutionOrchestrator.execute(EngineExecutionOrchestrator.java:57)
	at org.junit.platform.launcher.core.DefaultLauncher.execute(DefaultLauncher.java:103)
	at org.junit.platform.launcher.core.DefaultLauncher.execute(DefaultLauncher.java:85)
	at org.junit.platform.launcher.core.DelegatingLauncher.execute(DelegatingLauncher.java:47)
	at org.apache.maven.surefire.junitplatform.LazyLauncher.execute(LazyLauncher.java:56)
	at org.apache.maven.surefire.junitplatform.JUnitPlatformProvider.execute(JUnitPlatformProvider.java:184)
	at org.apache.maven.surefire.junitplatform.JUnitPlatformProvider.invokeAllTests(JUnitPlatformProvider.java:148)
	at org.apache.maven.surefire.junitplatform.JUnitPlatformProvider.invoke(JUnitPlatformProvider.java:122)
	at org.apache.maven.surefire.booter.ForkedBooter.runSuitesInProcess(ForkedBooter.java:385)
	at org.apache.maven.surefire.booter.ForkedBooter.execute(ForkedBooter.java:162)
	at org.apache.maven.surefire.booter.ForkedBooter.run(ForkedBooter.java:507)
	at org.apache.maven.surefire.booter.ForkedBooter.main(ForkedBooter.java:495)

[ERRO] 2026-01-09 18:51:47.162 - Erro-19
  Exceção: java.lang.RuntimeException: Erro 19
java.lang.RuntimeException: Erro 19
	at testes.ErrorLoggerTest.testeLogNaoCresceIndefinidamente(ErrorLoggerTest.java:398)
	at java.base/jdk.internal.reflect.DirectMethodHandleAccessor.invoke(DirectMethodHandleAccessor.java:103)
	at java.base/java.lang.reflect.Method.invoke(Method.java:580)
	at org.junit.platform.commons.util.ReflectionUtils.invokeMethod(ReflectionUtils.java:728)
	at org.junit.jupiter.engine.execution.MethodInvocation.proceed(MethodInvocation.java:60)
	at org.junit.jupiter.engine.execution.InvocationInterceptorChain$ValidatingInvocation.proceed(InvocationInterceptorChain.java:131)
	at org.junit.jupiter.engine.extension.TimeoutExtension.intercept(TimeoutExtension.java:156)
	at org.junit.jupiter.engine.extension.TimeoutExtension.interceptTestableMethod(TimeoutExtension.java:147)
	at org.junit.jupiter.engine.extension.TimeoutExtension.interceptTestMethod(TimeoutExtension.java:86)
	at org.junit.jupiter.engine.execution.InterceptingExecutableInvoker$ReflectiveInterceptorCall.lambda$ofVoidMethod$0(InterceptingExecutableInvoker.java:103)
	at org.junit.jupiter.engine.execution.InterceptingExecutableInvoker.lambda$invoke$0(InterceptingExecutableInvoker.java:93)
	at org.junit.jupiter.engine.execution.InvocationInterceptorChain$InterceptedInvocation.proceed(InvocationInterceptorChain.java:106)
	at org.junit.jupiter.engine.execution.InvocationInterceptorChain.proceed(InvocationInterceptorChain.java:64)
	at org.junit.jupiter.engine.execution.InvocationInterceptorChain.chainAndInvoke(InvocationInterceptorChain.java:45)
	at org.junit.jupiter.engine.execution.InvocationInterceptorChain.invoke(InvocationInterceptorChain.java:37)
	at org.junit.jupiter.engine.execution.InterceptingExecutableInvoker.invoke(InterceptingExecutableInvoker.java:92)
	at org.junit.jupiter.engine.execution.InterceptingExecutableInvoker.invoke(InterceptingExecutableInvoker.java:86)
	at org.junit.jupiter.engine.descriptor.TestMethodTestDescriptor.lambda$invokeTestMethod$7(TestMethodTestDescriptor.java:218)
	at org.junit.platform.engine.support.hierarchical.ThrowableCollector.execute(ThrowableCollector.java:73)
	at org.junit.jupiter.engine.descriptor.TestMethodTestDescriptor.invokeTestMethod(TestMethodTestDescriptor.java:214)
	at org.junit.jupiter.engine.descriptor.TestMethodTestDescriptor.execute(TestMethodTestDescriptor.java:139)
	at org.junit.jupiter.engine.descriptor.TestMethodTestDescriptor.execute(TestMethodTestDescriptor.java:69)
	at org.junit.platform.engine.support.hierarchical.NodeTestTask.lambda$executeRecursively$6(NodeTestTask.java:151)
	at org.junit.platform.engine.support.hierarchical.ThrowableCollector.execute(ThrowableCollector.java:73)
	at org.junit.platform.engine.support.hierarchical.NodeTestTask.lambda$executeRecursively$8(NodeTestTask.java:141)
	at org.junit.platform.engine.support.hierarchical.Node.around(Node.java:137)
	at org.junit.platform.engine.support.hierarchical.NodeTestTask.lambda$executeRecursively$9(NodeTestTask.java:139)
	at org.junit.platform.engine.support.hierarchical.ThrowableCollector.execute(ThrowableCollector.java:73)
	at org.junit.platform.engine.support.hierarchical.NodeTestTask.executeRecursively(NodeTestTask.java:138)
	at org.junit.platform.engine.support.hierarchical.NodeTestTask.execute(NodeTestTask.java:95)
	at java.base/java.util.ArrayList.forEach(ArrayList.java:1597)
	at org.junit.platform.engine.support.hierarchical.SameThreadHierarchicalTestExecutorService.invokeAll(SameThreadHierarchicalTestExecutorService.java:41)
	at org.junit.platform.engine.support.hierarchical.NodeTestTask.lambda$executeRecursively$6(NodeTestTask.java:155)
	at org.junit.platform.engine.support.hierarchical.ThrowableCollector.execute(ThrowableCollector.java:73)
	at org.junit.platform.engine.support.hierarchical.NodeTestTask.lambda$executeRecursively$8(NodeTestTask.java:141)
	at org.junit.platform.engine.support.hierarchical.Node.around(Node.java:137)
	at org.junit.platform.engine.support.hierarchical.NodeTestTask.lambda$executeRecursively$9(NodeTestTask.java:139)
	at org.junit.platform.engine.support.hierarchical.ThrowableCollector.execute(ThrowableCollector.java:73)
	at org.junit.platform.engine.support.hierarchical.NodeTestTask.executeRecursively(NodeTestTask.java:138)
	at org.junit.platform.engine.support.hierarchical.NodeTestTask.execute(NodeTestTask.java:95)
	at java.base/java.util.ArrayList.forEach(ArrayList.java:1597)
	at org.junit.platform.engine.support.hierarchical.SameThreadHierarchicalTestExecutorService.invokeAll(SameThreadHierarchicalTestExecutorService.java:41)
	at org.junit.platform.engine.support.hierarchical.NodeTestTask.lambda$executeRecursively$6(NodeTestTask.java:155)
	at org.junit.platform.engine.support.hierarchical.ThrowableCollector.execute(ThrowableCollector.java:73)
	at org.junit.platform.engine.support.hierarchical.NodeTestTask.lambda$executeRecursively$8(NodeTestTask.java:141)
	at org.junit.platform.engine.support.hierarchical.Node.around(Node.java:137)
	at org.junit.platform.engine.support.hierarchical.NodeTestTask.lambda$executeRecursively$9(NodeTestTask.java:139)
	at org.junit.platform.engine.support.hierarchical.ThrowableCollector.execute(ThrowableCollector.java:73)
	at org.junit.platform.engine.support.hierarchical.NodeTestTask.executeRecursively(NodeTestTask.java:138)
	at org.junit.platform.engine.support.hierarchical.NodeTestTask.execute(NodeTestTask.java:95)
	at org.junit.platform.engine.support.hierarchical.SameThreadHierarchicalTestExecutorService.submit(SameThreadHierarchicalTestExecutorService.java:35)
	at org.junit.platform.engine.support.hierarchical.HierarchicalTestExecutor.execute(HierarchicalTestExecutor.java:57)
	at org.junit.platform.engine.support.hierarchical.HierarchicalTestEngine.execute(HierarchicalTestEngine.java:54)
	at org.junit.platform.launcher.core.EngineExecutionOrchestrator.execute(EngineExecutionOrchestrator.java:198)
	at org.junit.platform.launcher.core.EngineExecutionOrchestrator.execute(EngineExecutionOrchestrator.java:169)
	at org.junit.platform.launcher.core.EngineExecutionOrchestrator.execute(EngineExecutionOrchestrator.java:93)
	at org.junit.platform.launcher.core.EngineExecutionOrchestrator.lambda$execute$0(EngineExecutionOrchestrator.java:58)
	at org.junit.platform.launcher.core.EngineExecutionOrchestrator.withInterceptedStreams(EngineExecutionOrchestrator.java:141)
	at org.junit.platform.launcher.core.EngineExecutionOrchestrator.execute(EngineExecutionOrchestrator.java:57)
	at org.junit.platform.launcher.core.DefaultLauncher.execute(DefaultLauncher.java:103)
	at org.junit.platform.launcher.core.DefaultLauncher.execute(DefaultLauncher.java:85)
	at org.junit.platform.launcher.core.DelegatingLauncher.execute(DelegatingLauncher.java:47)
	at org.apache.maven.surefire.junitplatform.LazyLauncher.execute(LazyLauncher.java:56)
	at org.apache.maven.surefire.junitplatform.JUnitPlatformProvider.execute(JUnitPlatformProvider.java:184)
	at org.apache.maven.surefire.junitplatform.JUnitPlatformProvider.invokeAllTests(JUnitPlatformProvider.java:148)
	at org.apache.maven.surefire.junitplatform.JUnitPlatformProvider.invoke(JUnitPlatformProvider.java:122)
	at org.apache.maven.surefire.booter.ForkedBooter.runSuitesInProcess(ForkedBooter.java:385)
	at org.apache.maven.surefire.booter.ForkedBooter.execute(ForkedBooter.java:162)
	at org.apache.maven.surefire.booter.ForkedBooter.run(ForkedBooter.java:507)
	at org.apache.maven.surefire.booter.ForkedBooter.main(ForkedBooter.java:495)

[ERRO] 2026-01-09 18:51:47.163 - Erro-20
  Exceção: java.lang.RuntimeException: Erro 20
java.lang.RuntimeException: Erro 20
	at testes.ErrorLoggerTest.testeLogNaoCresceIndefinidamente(ErrorLoggerTest.java:398)
	at java.base/jdk.internal.reflect.DirectMethodHandleAccessor.invoke(DirectMethodHandleAccessor.java:103)
	at java.base/java.lang.reflect.Method.invoke(Method.java:580)
	at org.junit.platform.commons.util.ReflectionUtils.invokeMethod(ReflectionUtils.java:728)
	at org.junit.jupiter.engine.execution.MethodInvocation.proceed(MethodInvocation.java:60)
	at org.junit.jupiter.engine.execution.InvocationInterceptorChain$ValidatingInvocation.proceed(InvocationInterceptorChain.java:131)
	at org.junit.jupiter.engine.extension.TimeoutExtension.intercept(TimeoutExtension.java:156)
	at org.junit.jupiter.engine.extension.TimeoutExtension.interceptTestableMethod(TimeoutExtension.java:147)
	at org.junit.jupiter.engine.extension.TimeoutExtension.interceptTestMethod(TimeoutExtension.java:86)
	at org.junit.jupiter.engine.execution.InterceptingExecutableInvoker$ReflectiveInterceptorCall.lambda$ofVoidMethod$0(InterceptingExecutableInvoker.java:103)
	at org.junit.jupiter.engine.execution.InterceptingExecutableInvoker.lambda$invoke$0(InterceptingExecutableInvoker.java:93)
	at org.junit.jupiter.engine.execution.InvocationInterceptorChain$InterceptedInvocation.proceed(InvocationInterceptorChain.java:106)
	at org.junit.jupiter.engine.execution.InvocationInterceptorChain.proceed(InvocationInterceptorChain.java:64)
	at org.junit.jupiter.engine.execution.InvocationInterceptorChain.chainAndInvoke(InvocationInterceptorChain.java:45)
	at org.junit.jupiter.engine.execution.InvocationInterceptorChain.invoke(InvocationInterceptorChain.java:37)
	at org.junit.jupiter.engine.execution.InterceptingExecutableInvoker.invoke(InterceptingExecutableInvoker.java:92)
	at org.junit.jupiter.engine.execution.InterceptingExecutableInvoker.invoke(InterceptingExecutableInvoker.java:86)
	at org.junit.jupiter.engine.descriptor.TestMethodTestDescriptor.lambda$invokeTestMethod$7(TestMethodTestDescriptor.java:218)
	at org.junit.platform.engine.support.hierarchical.ThrowableCollector.execute(ThrowableCollector.java:73)
	at org.junit.jupiter.engine.descriptor.TestMethodTestDescriptor.invokeTestMethod(TestMethodTestDescriptor.java:214)
	at org.junit.jupiter.engine.descriptor.TestMethodTestDescriptor.execute(TestMethodTestDescriptor.java:139)
	at org.junit.jupiter.engine.descriptor.TestMethodTestDescriptor.execute(TestMethodTestDescriptor.java:69)
	at org.junit.platform.engine.support.hierarchical.NodeTestTask.lambda$executeRecursively$6(NodeTestTask.java:151)
	at org.junit.platform.engine.support.hierarchical.ThrowableCollector.execute(ThrowableCollector.java:73)
	at org.junit.platform.engine.support.hierarchical.NodeTestTask.lambda$executeRecursively$8(NodeTestTask.java:141)
	at org.junit.platform.engine.support.hierarchical.Node.around(Node.java:137)
	at org.junit.platform.engine.support.hierarchical.NodeTestTask.lambda$executeRecursively$9(NodeTestTask.java:139)
	at org.junit.platform.engine.support.hierarchical.ThrowableCollector.execute(ThrowableCollector.java:73)
	at org.junit.platform.engine.support.hierarchical.NodeTestTask.executeRecursively(NodeTestTask.java:138)
	at org.junit.platform.engine.support.hierarchical.NodeTestTask.execute(NodeTestTask.java:95)
	at java.base/java.util.ArrayList.forEach(ArrayList.java:1597)
	at org.junit.platform.engine.support.hierarchical.SameThreadHierarchicalTestExecutorService.invokeAll(SameThreadHierarchicalTestExecutorService.java:41)
	at org.junit.platform.engine.support.hierarchical.NodeTestTask.lambda$executeRecursively$6(NodeTestTask.java:155)
	at org.junit.platform.engine.support.hierarchical.ThrowableCollector.execute(ThrowableCollector.java:73)
	at org.junit.platform.engine.support.hierarchical.NodeTestTask.lambda$executeRecursively$8(NodeTestTask.java:141)
	at org.junit.platform.engine.support.hierarchical.Node.around(Node.java:137)
	at org.junit.platform.engine.support.hierarchical.NodeTestTask.lambda$executeRecursively$9(NodeTestTask.java:139)
	at org.junit.platform.engine.support.hierarchical.ThrowableCollector.execute(ThrowableCollector.java:73)
	at org.junit.platform.engine.support.hierarchical.NodeTestTask.executeRecursively(NodeTestTask.java:138)
	at org.junit.platform.engine.support.hierarchical.NodeTestTask.execute(NodeTestTask.java:95)
	at java.base/java.util.ArrayList.forEach(ArrayList.java:1597)
	at org.junit.platform.engine.support.hierarchical.SameThreadHierarchicalTestExecutorService.invokeAll(SameThreadHierarchicalTestExecutorService.java:41)
	at org.junit.platform.engine.support.hierarchical.NodeTestTask.lambda$executeRecursively$6(NodeTestTask.java:155)
	at org.junit.platform.engine.support.hierarchical.ThrowableCollector.execute(ThrowableCollector.java:73)
	at org.junit.platform.engine.support.hierarchical.NodeTestTask.lambda$executeRecursively$8(NodeTestTask.java:141)
	at org.junit.platform.engine.support.hierarchical.Node.around(Node.java:137)
	at org.junit.platform.engine.support.hierarchical.NodeTestTask.lambda$executeRecursively$9(NodeTestTask.java:139)
	at org.junit.platform.engine.support.hierarchical.ThrowableCollector.execute(ThrowableCollector.java:73)
	at org.junit.platform.engine.support.hierarchical.NodeTestTask.executeRecursively(NodeTestTask.java:138)
	at org.junit.platform.engine.support.hierarchical.NodeTestTask.execute(NodeTestTask.java:95)
	at org.junit.platform.engine.support.hierarchical.SameThreadHierarchicalTestExecutorService.submit(SameThreadHierarchicalTestExecutorService.java:35)
	at org.junit.platform.engine.support.hierarchical.HierarchicalTestExecutor.execute(HierarchicalTestExecutor.java:57)
	at org.junit.platform.engine.support.hierarchical.HierarchicalTestEngine.execute(HierarchicalTestEngine.java:54)
	at org.junit.platform.launcher.core.EngineExecutionOrchestrator.execute(EngineExecutionOrchestrator.java:198)
	at org.junit.platform.launcher.core.EngineExecutionOrchestrator.execute(EngineExecutionOrchestrator.java:169)
	at org.junit.platform.launcher.core.EngineExecutionOrchestrator.execute(EngineExecutionOrchestrator.java:93)
	at org.junit.platform.launcher.core.EngineExecutionOrchestrator.lambda$execute$0(EngineExecutionOrchestrator.java:58)
	at org.junit.platform.launcher.core.EngineExecutionOrchestrator.withInterceptedStreams(EngineExecutionOrchestrator.java:141)
	at org.junit.platform.launcher.core.EngineExecutionOrchestrator.execute(EngineExecutionOrchestrator.java:57)
	at org.junit.platform.launcher.core.DefaultLauncher.execute(DefaultLauncher.java:103)
	at org.junit.platform.launcher.core.DefaultLauncher.execute(DefaultLauncher.java:85)
	at org.junit.platform.launcher.core.DelegatingLauncher.execute(DelegatingLauncher.java:47)
	at org.apache.maven.surefire.junitplatform.LazyLauncher.execute(LazyLauncher.java:56)
	at org.apache.maven.surefire.junitplatform.JUnitPlatformProvider.execute(JUnitPlatformProvider.java:184)
	at org.apache.maven.surefire.junitplatform.JUnitPlatformProvider.invokeAllTests(JUnitPlatformProvider.java:148)
	at org.apache.maven.surefire.junitplatform.JUnitPlatformProvider.invoke(JUnitPlatformProvider.java:122)
	at org.apache.maven.surefire.booter.ForkedBooter.runSuitesInProcess(ForkedBooter.java:385)
	at org.apache.maven.surefire.booter.ForkedBooter.execute(ForkedBooter.java:162)
	at org.apache.maven.surefire.booter.ForkedBooter.run(ForkedBooter.java:507)
	at org.apache.maven.surefire.booter.ForkedBooter.main(ForkedBooter.java:495)

[ERRO] 2026-01-09 18:51:47.163 - Erro-21
  Exceção: java.lang.RuntimeException: Erro 21
java.lang.RuntimeException: Erro 21
	at testes.ErrorLoggerTest.testeLogNaoCresceIndefinidamente(ErrorLoggerTest.java:398)
	at java.base/jdk.internal.reflect.DirectMethodHandleAccessor.invoke(DirectMethodHandleAccessor.java:103)
	at java.base/java.lang.reflect.Method.invoke(Method.java:580)
	at org.junit.platform.commons.util.ReflectionUtils.invokeMethod(ReflectionUtils.java:728)
	at org.junit.jupiter.engine.execution.MethodInvocation.proceed(MethodInvocation.java:60)
	at org.junit.jupiter.engine.execution.InvocationInterceptorChain$ValidatingInvocation.proceed(InvocationInterceptorChain.java:131)
	at org.junit.jupiter.engine.extension.TimeoutExtension.intercept(TimeoutExtension.java:156)
	at org.junit.jupiter.engine.extension.TimeoutExtension.interceptTestableMethod(TimeoutExtension.java:147)
	at org.junit.jupiter.engine.extension.TimeoutExtension.interceptTestMethod(TimeoutExtension.java:86)
	at org.junit.jupiter.engine.execution.InterceptingExecutableInvoker$ReflectiveInterceptorCall.lambda$ofVoidMethod$0(InterceptingExecutableInvoker.java:103)
	at org.junit.jupiter.engine.execution.InterceptingExecutableInvoker.lambda$invoke$0(InterceptingExecutableInvoker.java:93)
	at org.junit.jupiter.engine.execution.InvocationInterceptorChain$InterceptedInvocation.proceed(InvocationInterceptorChain.java:106)
	at org.junit.jupiter.engine.execution.InvocationInterceptorChain.proceed(InvocationInterceptorChain.java:64)
	at org.junit.jupiter.engine.execution.InvocationInterceptorChain.chainAndInvoke(InvocationInterceptorChain.java:45)
	at org.junit.jupiter.engine.execution.InvocationInterceptorChain.invoke(InvocationInterceptorChain.java:37)
	at org.junit.jupiter.engine.execution.InterceptingExecutableInvoker.invoke(InterceptingExecutableInvoker.java:92)
	at org.junit.jupiter.engine.execution.InterceptingExecutableInvoker.invoke(InterceptingExecutableInvoker.java:86)
	at org.junit.jupiter.engine.descriptor.TestMethodTestDescriptor.lambda$invokeTestMethod$7(TestMethodTestDescriptor.java:218)
	at org.junit.platform.engine.support.hierarchical.ThrowableCollector.execute(ThrowableCollector.java:73)
	at org.junit.jupiter.engine.descriptor.TestMethodTestDescriptor.invokeTestMethod(TestMethodTestDescriptor.java:214)
	at org.junit.jupiter.engine.descriptor.TestMethodTestDescriptor.execute(TestMethodTestDescriptor.java:139)
	at org.junit.jupiter.engine.descriptor.TestMethodTestDescriptor.execute(TestMethodTestDescriptor.java:69)
	at org.junit.platform.engine.support.hierarchical.NodeTestTask.lambda$executeRecursively$6(NodeTestTask.java:151)
	at org.junit.platform.engine.support.hierarchical.ThrowableCollector.execute(ThrowableCollector.java:73)
	at org.junit.platform.engine.support.hierarchical.NodeTestTask.lambda$executeRecursively$8(NodeTestTask.java:141)
	at org.junit.platform.engine.support.hierarchical.Node.around(Node.java:137)
	at org.junit.platform.engine.support.hierarchical.NodeTestTask.lambda$executeRecursively$9(NodeTestTask.java:139)
	at org.junit.platform.engine.support.hierarchical.ThrowableCollector.execute(ThrowableCollector.java:73)
	at org.junit.platform.engine.support.hierarchical.NodeTestTask.executeRecursively(NodeTestTask.java:138)
	at org.junit.platform.engine.support.hierarchical.NodeTestTask.execute(NodeTestTask.java:95)
	at java.base/java.util.ArrayList.forEach(ArrayList.java:1597)
	at org.junit.platform.engine.support.hierarchical.SameThreadHierarchicalTestExecutorService.invokeAll(SameThreadHierarchicalTestExecutorService.java:41)
	at org.junit.platform.engine.support.hierarchical.NodeTestTask.lambda$executeRecursively$6(NodeTestTask.java:155)
	at org.junit.platform.engine.support.hierarchical.ThrowableCollector.execute(ThrowableCollector.java:73)
	at org.junit.platform.engine.support.hierarchical.NodeTestTask.lambda$executeRecursively$8(NodeTestTask.java:141)
	at org.junit.platform.engine.support.hierarchical.Node.around(Node.java:137)
	at org.junit.platform.engine.support.hierarchical.NodeTestTask.lambda$executeRecursively$9(NodeTestTask.java:139)
	at org.junit.platform.engine.support.hierarchical.ThrowableCollector.execute(ThrowableCollector.java:73)
	at org.junit.platform.engine.support.hierarchical.NodeTestTask.executeRecursively(NodeTestTask.java:138)
	at org.junit.platform.engine.support.hierarchical.NodeTestTask.execute(NodeTestTask.java:95)
	at java.base/java.util.ArrayList.forEach(ArrayList.java:1597)
	at org.junit.platform.engine.support.hierarchical.SameThreadHierarchicalTestExecutorService.invokeAll(SameThreadHierarchicalTestExecutorService.java:41)
	at org.junit.platform.engine.support.hierarchical.NodeTestTask.lambda$executeRecursively$6(NodeTestTask.java:155)
	at org.junit.platform.engine.support.hierarchical.ThrowableCollector.execute(ThrowableCollector.java:73)
	at org.junit.platform.engine.support.hierarchical.NodeTestTask.lambda$executeRecursively$8(NodeTestTask.java:141)
	at org.junit.platform.engine.support.hierarchical.Node.around(Node.java:137)
	at org.junit.platform.engine.support.hierarchical.NodeTestTask.lambda$executeRecursively$9(NodeTestTask.java:139)
	at org.junit.platform.engine.support.hierarchical.ThrowableCollector.execute(ThrowableCollector.java:73)
	at org.junit.platform.engine.support.hierarchical.NodeTestTask.executeRecursively(NodeTestTask.java:138)
	at org.junit.platform.engine.support.hierarchical.NodeTestTask.execute(NodeTestTask.java:95)
	at org.junit.platform.engine.support.hierarchical.SameThreadHierarchicalTestExecutorService.submit(SameThreadHierarchicalTestExecutorService.java:35)
	at org.junit.platform.engine.support.hierarchical.HierarchicalTestExecutor.execute(HierarchicalTestExecutor.java:57)
	at org.junit.platform.engine.support.hierarchical.HierarchicalTestEngine.execute(HierarchicalTestEngine.java:54)
	at org.junit.platform.launcher.core.EngineExecutionOrchestrator.execute(EngineExecutionOrchestrator.java:198)
	at org.junit.platform.launcher.core.EngineExecutionOrchestrator.execute(EngineExecutionOrchestrator.java:169)
	at org.junit.platform.launcher.core.EngineExecutionOrchestrator.execute(EngineExecutionOrchestrator.java:93)
	at org.junit.platform.launcher.core.EngineExecutionOrchestrator.lambda$execute$0(EngineExecutionOrchestrator.java:58)
	at org.junit.platform.launcher.core.EngineExecutionOrchestrator.withInterceptedStreams(EngineExecutionOrchestrator.java:141)
	at org.junit.platform.launcher.core.EngineExecutionOrchestrator.execute(EngineExecutionOrchestrator.java:57)
	at org.junit.platform.launcher.core.DefaultLauncher.execute(DefaultLauncher.java:103)
	at org.junit.platform.launcher.core.DefaultLauncher.execute(DefaultLauncher.java:85)
	at org.junit.platform.launcher.core.DelegatingLauncher.execute(DelegatingLauncher.java:47)
	at org.apache.maven.surefire.junitplatform.LazyLauncher.execute(LazyLauncher.java:56)
	at org.apache.maven.surefire.junitplatform.JUnitPlatformProvider.execute(JUnitPlatformProvider.java:184)
	at org.apache.maven.surefire.junitplatform.JUnitPlatformProvider.invokeAllTests(JUnitPlatformProvider.java:148)
	at org.apache.maven.surefire.junitplatform.JUnitPlatformProvider.invoke(JUnitPlatformProvider.java:122)
	at org.apache.maven.surefire.booter.ForkedBooter.runSuitesInProcess(ForkedBooter.java:385)
	at org.apache.maven.surefire.booter.ForkedBooter.execute(ForkedBooter.java:162)
	at org.apache.maven.surefire.booter.ForkedBooter.run(ForkedBooter.java:507)
	at org.apache.maven.surefire.booter.ForkedBooter.main(ForkedBooter.java:495)

[ERRO] 2026-01-09 18:51:47.163 - Erro-22
  Exceção: java.lang.RuntimeException: Erro 22
java.lang.RuntimeException: Erro 22
	at testes.ErrorLoggerTest.testeLogNaoCresceIndefinidamente(ErrorLoggerTest.java:398)
	at java.base/jdk.internal.reflect.DirectMethodHandleAccessor.invoke(DirectMethodHandleAccessor.java:103)
	at java.base/java.lang.reflect.Method.invoke(Method.java:580)
	at org.junit.platform.commons.util.ReflectionUtils.invokeMethod(ReflectionUtils.java:728)
	at org.junit.jupiter.engine.execution.MethodInvocation.proceed(MethodInvocation.java:60)
	at org.junit.jupiter.engine.execution.InvocationInterceptorChain$ValidatingInvocation.proceed(InvocationInterceptorChain.java:131)
	at org.junit.jupiter.engine.extension.TimeoutExtension.intercept(TimeoutExtension.java:156)
	at org.junit.jupiter.engine.extension.TimeoutExtension.interceptTestableMethod(TimeoutExtension.java:147)
	at org.junit.jupiter.engine.extension.TimeoutExtension.interceptTestMethod(TimeoutExtension.java:86)
	at org.junit.jupiter.engine.execution.InterceptingExecutableInvoker$ReflectiveInterceptorCall.lambda$ofVoidMethod$0(InterceptingExecutableInvoker.java:103)
	at org.junit.jupiter.engine.execution.InterceptingExecutableInvoker.lambda$invoke$0(InterceptingExecutableInvoker.java:93)
	at org.junit.jupiter.engine.execution.InvocationInterceptorChain$InterceptedInvocation.proceed(InvocationInterceptorChain.java:106)
	at org.junit.jupiter.engine.execution.InvocationInterceptorChain.proceed(InvocationInterceptorChain.java:64)
	at org.junit.jupiter.engine.execution.InvocationInterceptorChain.chainAndInvoke(InvocationInterceptorChain.java:45)
	at org.junit.jupiter.engine.execution.InvocationInterceptorChain.invoke(InvocationInterceptorChain.java:37)
	at org.junit.jupiter.engine.execution.InterceptingExecutableInvoker.invoke(InterceptingExecutableInvoker.java:92)
	at org.junit.jupiter.engine.execution.InterceptingExecutableInvoker.invoke(InterceptingExecutableInvoker.java:86)
	at org.junit.jupiter.engine.descriptor.TestMethodTestDescriptor.lambda$invokeTestMethod$7(TestMethodTestDescriptor.java:218)
	at org.junit.platform.engine.support.hierarchical.ThrowableCollector.execute(ThrowableCollector.java:73)
	at org.junit.jupiter.engine.descriptor.TestMethodTestDescriptor.invokeTestMethod(TestMethodTestDescriptor.java:214)
	at org.junit.jupiter.engine.descriptor.TestMethodTestDescriptor.execute(TestMethodTestDescriptor.java:139)
	at org.junit.jupiter.engine.descriptor.TestMethodTestDescriptor.execute(TestMethodTestDescriptor.java:69)
	at org.junit.platform.engine.support.hierarchical.NodeTestTask.lambda$executeRecursively$6(NodeTestTask.java:151)
	at org.junit.platform.engine.support.hierarchical.ThrowableCollector.execute(ThrowableCollector.java:73)
	at org.junit.platform.engine.support.hierarchical.NodeTestTask.lambda$executeRecursively$8(NodeTestTask.java:141)
	at org.junit.platform.engine.support.hierarchical.Node.around(Node.java:137)
	at org.junit.platform.engine.support.hierarchical.NodeTestTask.lambda$executeRecursively$9(NodeTestTask.java:139)
	at org.junit.platform.engine.support.hierarchical.ThrowableCollector.execute(ThrowableCollector.java:73)
	at org.junit.platform.engine.support.hierarchical.NodeTestTask.executeRecursively(NodeTestTask.java:138)
	at org.junit.platform.engine.support.hierarchical.NodeTestTask.execute(NodeTestTask.java:95)
	at java.base/java.util.ArrayList.forEach(ArrayList.java:1597)
	at org.junit.platform.engine.support.hierarchical.SameThreadHierarchicalTestExecutorService.invokeAll(SameThreadHierarchicalTestExecutorService.java:41)
	at org.junit.platform.engine.support.hierarchical.NodeTestTask.lambda$executeRecursively$6(NodeTestTask.java:155)
	at org.junit.platform.engine.support.hierarchical.ThrowableCollector.execute(ThrowableCollector.java:73)
	at org.junit.platform.engine.support.hierarchical.NodeTestTask.lambda$executeRecursively$8(NodeTestTask.java:141)
	at org.junit.platform.engine.support.hierarchical.Node.around(Node.java:137)
	at org.junit.platform.engine.support.hierarchical.NodeTestTask.lambda$executeRecursively$9(NodeTestTask.java:139)
	at org.junit.platform.engine.support.hierarchical.ThrowableCollector.execute(ThrowableCollector.java:73)
	at org.junit.platform.engine.support.hierarchical.NodeTestTask.executeRecursively(NodeTestTask.java:138)
	at org.junit.platform.engine.support.hierarchical.NodeTestTask.execute(NodeTestTask.java:95)
	at java.base/java.util.ArrayList.forEach(ArrayList.java:1597)
	at org.junit.platform.engine.support.hierarchical.SameThreadHierarchicalTestExecutorService.invokeAll(SameThreadHierarchicalTestExecutorService.java:41)
	at org.junit.platform.engine.support.hierarchical.NodeTestTask.lambda$executeRecursively$6(NodeTestTask.java:155)
	at org.junit.platform.engine.support.hierarchical.ThrowableCollector.execute(ThrowableCollector.java:73)
	at org.junit.platform.engine.support.hierarchical.NodeTestTask.lambda$executeRecursively$8(NodeTestTask.java:141)
	at org.junit.platform.engine.support.hierarchical.Node.around(Node.java:137)
	at org.junit.platform.engine.support.hierarchical.NodeTestTask.lambda$executeRecursively$9(NodeTestTask.java:139)
	at org.junit.platform.engine.support.hierarchical.ThrowableCollector.execute(ThrowableCollector.java:73)
	at org.junit.platform.engine.support.hierarchical.NodeTestTask.executeRecursively(NodeTestTask.java:138)
	at org.junit.platform.engine.support.hierarchical.NodeTestTask.execute(NodeTestTask.java:95)
	at org.junit.platform.engine.support.hierarchical.SameThreadHierarchicalTestExecutorService.submit(SameThreadHierarchicalTestExecutorService.java:35)
	at org.junit.platform.engine.support.hierarchical.HierarchicalTestExecutor.execute(HierarchicalTestExecutor.java:57)
	at org.junit.platform.engine.support.hierarchical.HierarchicalTestEngine.execute(HierarchicalTestEngine.java:54)
	at org.junit.platform.launcher.core.EngineExecutionOrchestrator.execute(EngineExecutionOrchestrator.java:198)
	at org.junit.platform.launcher.core.EngineExecutionOrchestrator.execute(EngineExecutionOrchestrator.java:169)
	at org.junit.platform.launcher.core.EngineExecutionOrchestrator.execute(EngineExecutionOrchestrator.java:93)
	at org.junit.platform.launcher.core.EngineExecutionOrchestrator.lambda$execute$0(EngineExecutionOrchestrator.java:58)
	at org.junit.platform.launcher.core.EngineExecutionOrchestrator.withInterceptedStreams(EngineExecutionOrchestrator.java:141)
	at org.junit.platform.launcher.core.EngineExecutionOrchestrator.execute(EngineExecutionOrchestrator.java:57)
	at org.junit.platform.launcher.core.DefaultLauncher.execute(DefaultLauncher.java:103)
	at org.junit.platform.launcher.core.DefaultLauncher.execute(DefaultLauncher.java:85)
	at org.junit.platform.launcher.core.DelegatingLauncher.execute(DelegatingLauncher.java:47)
	at org.apache.maven.surefire.junitplatform.LazyLauncher.execute(LazyLauncher.java:56)
	at org.apache.maven.surefire.junitplatform.JUnitPlatformProvider.execute(JUnitPlatformProvider.java:184)
	at org.apache.maven.surefire.junitplatform.JUnitPlatformProvider.invokeAllTests(JUnitPlatformProvider.java:148)
	at org.apache.maven.surefire.junitplatform.JUnitPlatformProvider.invoke(JUnitPlatformProvider.java:122)
	at org.apache.maven.surefire.booter.ForkedBooter.runSuitesInProcess(ForkedBooter.java:385)
	at org.apache.maven.surefire.booter.ForkedBooter.execute(ForkedBooter.java:162)
	at org.apache.maven.surefire.booter.ForkedBooter.run(ForkedBooter.java:507)
	at org.apache.maven.surefire.booter.ForkedBooter.main(ForkedBooter.java:495)

[ERRO] 2026-01-09 18:51:47.164 - Erro-23
  Exceção: java.lang.RuntimeException: Erro 23
java.lang.RuntimeException: Erro 23
	at testes.ErrorLoggerTest.testeLogNaoCresceIndefinidamente(ErrorLoggerTest.java:398)
	at java.base/jdk.internal.reflect.DirectMethodHandleAccessor.invoke(DirectMethodHandleAccessor.java:103)
	at java.base/java.lang.reflect.Method.invoke(Method.java:580)
	at org.junit.platform.commons.util.ReflectionUtils.invokeMethod(ReflectionUtils.java:728)
	at org.junit.jupiter.engine.execution.MethodInvocation.proceed(MethodInvocation.java:60)
	at org.junit.jupiter.engine.execution.InvocationInterceptorChain$ValidatingInvocation.proceed(InvocationInterceptorChain.java:131)
	at org.junit.jupiter.engine.extension.TimeoutExtension.intercept(TimeoutExtension.java:156)
	at org.junit.jupiter.engine.extension.TimeoutExtension.interceptTestableMethod(TimeoutExtension.java:147)
	at org.junit.jupiter.engine.extension.TimeoutExtension.interceptTestMethod(TimeoutExtension.java:86)
	at org.junit.jupiter.engine.execution.InterceptingExecutableInvoker$ReflectiveInterceptorCall.lambda$ofVoidMethod$0(InterceptingExecutableInvoker.java:103)
	at org.junit.jupiter.engine.execution.InterceptingExecutableInvoker.lambda$invoke$0(InterceptingExecutableInvoker.java:93)
	at org.junit.jupiter.engine.execution.InvocationInterceptorChain$InterceptedInvocation.proceed(InvocationInterceptorChain.java:106)
	at org.junit.jupiter.engine.execution.InvocationInterceptorChain.proceed(InvocationInterceptorChain.java:64)
	at org.junit.jupiter.engine.execution.InvocationInterceptorChain.chainAndInvoke(InvocationInterceptorChain.java:45)
	at org.junit.jupiter.engine.execution.InvocationInterceptorChain.invoke(InvocationInterceptorChain.java:37)
	at org.junit.jupiter.engine.execution.InterceptingExecutableInvoker.invoke(InterceptingExecutableInvoker.java:92)
	at org.junit.jupiter.engine.execution.InterceptingExecutableInvoker.invoke(InterceptingExecutableInvoker.java:86)
	at org.junit.jupiter.engine.descriptor.TestMethodTestDescriptor.lambda$invokeTestMethod$7(TestMethodTestDescriptor.java:218)
	at org.junit.platform.engine.support.hierarchical.ThrowableCollector.execute(ThrowableCollector.java:73)
	at org.junit.jupiter.engine.descriptor.TestMethodTestDescriptor.invokeTestMethod(TestMethodTestDescriptor.java:214)
	at org.junit.jupiter.engine.descriptor.TestMethodTestDescriptor.execute(TestMethodTestDescriptor.java:139)
	at org.junit.jupiter.engine.descriptor.TestMethodTestDescriptor.execute(TestMethodTestDescriptor.java:69)
	at org.junit.platform.engine.support.hierarchical.NodeTestTask.lambda$executeRecursively$6(NodeTestTask.java:151)
	at org.junit.platform.engine.support.hierarchical.ThrowableCollector.execute(ThrowableCollector.java:73)
	at org.junit.platform.engine.support.hierarchical.NodeTestTask.lambda$executeRecursively$8(NodeTestTask.java:141)
	at org.junit.platform.engine.support.hierarchical.Node.around(Node.java:137)
	at org.junit.platform.engine.support.hierarchical.NodeTestTask.lambda$executeRecursively$9(NodeTestTask.java:139)
	at org.junit.platform.engine.support.hierarchical.ThrowableCollector.execute(ThrowableCollector.java:73)
	at org.junit.platform.engine.support.hierarchical.NodeTestTask.executeRecursively(NodeTestTask.java:138)
	at org.junit.platform.engine.support.hierarchical.NodeTestTask.execute(NodeTestTask.java:95)
	at java.base/java.util.ArrayList.forEach(ArrayList.java:1597)
	at org.junit.platform.engine.support.hierarchical.SameThreadHierarchicalTestExecutorService.invokeAll(SameThreadHierarchicalTestExecutorService.java:41)
	at org.junit.platform.engine.support.hierarchical.NodeTestTask.lambda$executeRecursively$6(NodeTestTask.java:155)
	at org.junit.platform.engine.support.hierarchical.ThrowableCollector.execute(ThrowableCollector.java:73)
	at org.junit.platform.engine.support.hierarchical.NodeTestTask.lambda$executeRecursively$8(NodeTestTask.java:141)
	at org.junit.platform.engine.support.hierarchical.Node.around(Node.java:137)
	at org.junit.platform.engine.support.hierarchical.NodeTestTask.lambda$executeRecursively$9(NodeTestTask.java:139)
	at org.junit.platform.engine.support.hierarchical.ThrowableCollector.execute(ThrowableCollector.java:73)
	at org.junit.platform.engine.support.hierarchical.NodeTestTask.executeRecursively(NodeTestTask.java:138)
	at org.junit.platform.engine.support.hierarchical.NodeTestTask.execute(NodeTestTask.java:95)
	at java.base/java.util.ArrayList.forEach(ArrayList.java:1597)
	at org.junit.platform.engine.support.hierarchical.SameThreadHierarchicalTestExecutorService.invokeAll(SameThreadHierarchicalTestExecutorService.java:41)
	at org.junit.platform.engine.support.hierarchical.NodeTestTask.lambda$executeRecursively$6(NodeTestTask.java:155)
	at org.junit.platform.engine.support.hierarchical.ThrowableCollector.execute(ThrowableCollector.java:73)
	at org.junit.platform.engine.support.hierarchical.NodeTestTask.lambda$executeRecursively$8(NodeTestTask.java:141)
	at org.junit.platform.engine.support.hierarchical.Node.around(Node.java:137)
	at org.junit.platform.engine.support.hierarchical.NodeTestTask.lambda$executeRecursively$9(NodeTestTask.java:139)
	at org.junit.platform.engine.support.hierarchical.ThrowableCollector.execute(ThrowableCollector.java:73)
	at org.junit.platform.engine.support.hierarchical.NodeTestTask.executeRecursively(NodeTestTask.java:138)
	at org.junit.platform.engine.support.hierarchical.NodeTestTask.execute(NodeTestTask.java:95)
	at org.junit.platform.engine.support.hierarchical.SameThreadHierarchicalTestExecutorService.submit(SameThreadHierarchicalTestExecutorService.java:35)
	at org.junit.platform.engine.support.hierarchical.HierarchicalTestExecutor.execute(HierarchicalTestExecutor.java:57)
	at org.junit.platform.engine.support.hierarchical.HierarchicalTestEngine.execute(HierarchicalTestEngine.java:54)
	at org.junit.platform.launcher.core.EngineExecutionOrchestrator.execute(EngineExecutionOrchestrator.java:198)
	at org.junit.platform.launcher.core.EngineExecutionOrchestrator.execute(EngineExecutionOrchestrator.java:169)
	at org.junit.platform.launcher.core.EngineExecutionOrchestrator.execute(EngineExecutionOrchestrator.java:93)
	at org.junit.platform.launcher.core.EngineExecutionOrchestrator.lambda$execute$0(EngineExecutionOrchestrator.java:58)
	at org.junit.platform.launcher.core.EngineExecutionOrchestrator.withInterceptedStreams(EngineExecutionOrchestrator.java:141)
	at org.junit.platform.launcher.core.EngineExecutionOrchestrator.execute(EngineExecutionOrchestrator.java:57)
	at org.junit.platform.launcher.core.DefaultLauncher.execute(DefaultLauncher.java:103)
	at org.junit.platform.launcher.core.DefaultLauncher.execute(DefaultLauncher.java:85)
	at org.junit.platform.launcher.core.DelegatingLauncher.execute(DelegatingLauncher.java:47)
	at org.apache.maven.surefire.junitplatform.LazyLauncher.execute(LazyLauncher.java:56)
	at org.apache.maven.surefire.junitplatform.JUnitPlatformProvider.execute(JUnitPlatformProvider.java:184)
	at org.apache.maven.surefire.junitplatform.JUnitPlatformProvider.invokeAllTests(JUnitPlatformProvider.java:148)
	at org.apache.maven.surefire.junitplatform.JUnitPlatformProvider.invoke(JUnitPlatformProvider.java:122)
	at org.apache.maven.surefire.booter.ForkedBooter.runSuitesInProcess(ForkedBooter.java:385)
	at org.apache.maven.surefire.booter.ForkedBooter.execute(ForkedBooter.java:162)
	at org.apache.maven.surefire.booter.ForkedBooter.run(ForkedBooter.java:507)
	at org.apache.maven.surefire.booter.ForkedBooter.main(ForkedBooter.java:495)

[ERRO] 2026-01-09 18:51:47.164 - Erro-24
  Exceção: java.lang.RuntimeException: Erro 24
java.lang.RuntimeException: Erro 24
	at testes.ErrorLoggerTest.testeLogNaoCresceIndefinidamente(ErrorLoggerTest.java:398)
	at java.base/jdk.internal.reflect.DirectMethodHandleAccessor.invoke(DirectMethodHandleAccessor.java:103)
	at java.base/java.lang.reflect.Method.invoke(Method.java:580)
	at org.junit.platform.commons.util.ReflectionUtils.invokeMethod(ReflectionUtils.java:728)
	at org.junit.jupiter.engine.execution.MethodInvocation.proceed(MethodInvocation.java:60)
	at org.junit.jupiter.engine.execution.InvocationInterceptorChain$ValidatingInvocation.proceed(InvocationInterceptorChain.java:131)
	at org.junit.jupiter.engine.extension.TimeoutExtension.intercept(TimeoutExtension.java:156)
	at org.junit.jupiter.engine.extension.TimeoutExtension.interceptTestableMethod(TimeoutExtension.java:147)
	at org.junit.jupiter.engine.extension.TimeoutExtension.interceptTestMethod(TimeoutExtension.java:86)
	at org.junit.jupiter.engine.execution.InterceptingExecutableInvoker$ReflectiveInterceptorCall.lambda$ofVoidMethod$0(InterceptingExecutableInvoker.java:103)
	at org.junit.jupiter.engine.execution.InterceptingExecutableInvoker.lambda$invoke$0(InterceptingExecutableInvoker.java:93)
	at org.junit.jupiter.engine.execution.InvocationInterceptorChain$InterceptedInvocation.proceed(InvocationInterceptorChain.java:106)
	at org.junit.jupiter.engine.execution.InvocationInterceptorChain.proceed(InvocationInterceptorChain.java:64)
	at org.junit.jupiter.engine.execution.InvocationInterceptorChain.chainAndInvoke(InvocationInterceptorChain.java:45)
	at org.junit.jupiter.engine.execution.InvocationInterceptorChain.invoke(InvocationInterceptorChain.java:37)
	at org.junit.jupiter.engine.execution.InterceptingExecutableInvoker.invoke(InterceptingExecutableInvoker.java:92)
	at org.junit.jupiter.engine.execution.InterceptingExecutableInvoker.invoke(InterceptingExecutableInvoker.java:86)
	at org.junit.jupiter.engine.descriptor.TestMethodTestDescriptor.lambda$invokeTestMethod$7(TestMethodTestDescriptor.java:218)
	at org.junit.platform.engine.support.hierarchical.ThrowableCollector.execute(ThrowableCollector.java:73)
	at org.junit.jupiter.engine.descriptor.TestMethodTestDescriptor.invokeTestMethod(TestMethodTestDescriptor.java:214)
	at org.junit.jupiter.engine.descriptor.TestMethodTestDescriptor.execute(TestMethodTestDescriptor.java:139)
	at org.junit.jupiter.engine.descriptor.TestMethodTestDescriptor.execute(TestMethodTestDescriptor.java:69)
	at org.junit.platform.engine.support.hierarchical.NodeTestTask.lambda$executeRecursively$6(NodeTestTask.java:151)
	at org.junit.platform.engine.support.hierarchical.ThrowableCollector.execute(ThrowableCollector.java:73)
	at org.junit.platform.engine.support.hierarchical.NodeTestTask.lambda$executeRecursively$8(NodeTestTask.java:141)
	at org.junit.platform.engine.support.hierarchical.Node.around(Node.java:137)
	at org.junit.platform.engine.support.hierarchical.NodeTestTask.lambda$executeRecursively$9(NodeTestTask.java:139)
	at org.junit.platform.engine.support.hierarchical.ThrowableCollector.execute(ThrowableCollector.java:73)
	at org.junit.platform.engine.support.hierarchical.NodeTestTask.executeRecursively(NodeTestTask.java:138)
	at org.junit.platform.engine.support.hierarchical.NodeTestTask.execute(NodeTestTask.java:95)
	at java.base/java.util.ArrayList.forEach(ArrayList.java:1597)
	at org.junit.platform.engine.support.hierarchical.SameThreadHierarchicalTestExecutorService.invokeAll(SameThreadHierarchicalTestExecutorService.java:41)
	at org.junit.platform.engine.support.hierarchical.NodeTestTask.lambda$executeRecursively$6(NodeTestTask.java:155)
	at org.junit.platform.engine.support.hierarchical.ThrowableCollector.execute(ThrowableCollector.java:73)
	at org.junit.platform.engine.support.hierarchical.NodeTestTask.lambda$executeRecursively$8(NodeTestTask.java:141)
	at org.junit.platform.engine.support.hierarchical.Node.around(Node.java:137)
	at org.junit.platform.engine.support.hierarchical.NodeTestTask.lambda$executeRecursively$9(NodeTestTask.java:139)
	at org.junit.platform.engine.support.hierarchical.ThrowableCollector.execute(ThrowableCollector.java:73)
	at org.junit.platform.engine.support.hierarchical.NodeTestTask.executeRecursively(NodeTestTask.java:138)
	at org.junit.platform.engine.support.hierarchical.NodeTestTask.execute(NodeTestTask.java:95)
	at java.base/java.util.ArrayList.forEach(ArrayList.java:1597)
	at org.junit.platform.engine.support.hierarchical.SameThreadHierarchicalTestExecutorService.invokeAll(SameThreadHierarchicalTestExecutorService.java:41)
	at org.junit.platform.engine.support.hierarchical.NodeTestTask.lambda$executeRecursively$6(NodeTestTask.java:155)
	at org.junit.platform.engine.support.hierarchical.ThrowableCollector.execute(ThrowableCollector.java:73)
	at org.junit.platform.engine.support.hierarchical.NodeTestTask.lambda$executeRecursively$8(NodeTestTask.java:141)
	at org.junit.platform.engine.support.hierarchical.Node.around(Node.java:137)
	at org.junit.platform.engine.support.hierarchical.NodeTestTask.lambda$executeRecursively$9(NodeTestTask.java:139)
	at org.junit.platform.engine.support.hierarchical.ThrowableCollector.execute(ThrowableCollector.java:73)
	at org.junit.platform.engine.support.hierarchical.NodeTestTask.executeRecursively(NodeTestTask.java:138)
	at org.junit.platform.engine.support.hierarchical.NodeTestTask.execute(NodeTestTask.java:95)
	at org.junit.platform.engine.support.hierarchical.SameThreadHierarchicalTestExecutorService.submit(SameThreadHierarchicalTestExecutorService.java:35)
	at org.junit.platform.engine.support.hierarchical.HierarchicalTestExecutor.execute(HierarchicalTestExecutor.java:57)
	at org.junit.platform.engine.support.hierarchical.HierarchicalTestEngine.execute(HierarchicalTestEngine.java:54)
	at org.junit.platform.launcher.core.EngineExecutionOrchestrator.execute(EngineExecutionOrchestrator.java:198)
	at org.junit.platform.launcher.core.EngineExecutionOrchestrator.execute(EngineExecutionOrchestrator.java:169)
	at org.junit.platform.launcher.core.EngineExecutionOrchestrator.execute(EngineExecutionOrchestrator.java:93)
	at org.junit.platform.launcher.core.EngineExecutionOrchestrator.lambda$execute$0(EngineExecutionOrchestrator.java:58)
	at org.junit.platform.launcher.core.EngineExecutionOrchestrator.withInterceptedStreams(EngineExecutionOrchestrator.java:141)
	at org.junit.platform.launcher.core.EngineExecutionOrchestrator.execute(EngineExecutionOrchestrator.java:57)
	at org.junit.platform.launcher.core.DefaultLauncher.execute(DefaultLauncher.java:103)
	at org.junit.platform.launcher.core.DefaultLauncher.execute(DefaultLauncher.java:85)
	at org.junit.platform.launcher.core.DelegatingLauncher.execute(DelegatingLauncher.java:47)
	at org.apache.maven.surefire.junitplatform.LazyLauncher.execute(LazyLauncher.java:56)
	at org.apache.maven.surefire.junitplatform.JUnitPlatformProvider.execute(JUnitPlatformProvider.java:184)
	at org.apache.maven.surefire.junitplatform.JUnitPlatformProvider.invokeAllTests(JUnitPlatformProvider.java:148)
	at org.apache.maven.surefire.junitplatform.JUnitPlatformProvider.invoke(JUnitPlatformProvider.java:122)
	at org.apache.maven.surefire.booter.ForkedBooter.runSuitesInProcess(ForkedBooter.java:385)
	at org.apache.maven.surefire.booter.ForkedBooter.execute(ForkedBooter.java:162)
	at org.apache.maven.surefire.booter.ForkedBooter.run(ForkedBooter.java:507)
	at org.apache.maven.surefire.booter.ForkedBooter.main(ForkedBooter.java:495)

[ERRO] 2026-01-09 18:51:47.164 - Erro-25
  Exceção: java.lang.RuntimeException: Erro 25
java.lang.RuntimeException: Erro 25
	at testes.ErrorLoggerTest.testeLogNaoCresceIndefinidamente(ErrorLoggerTest.java:398)
	at java.base/jdk.internal.reflect.DirectMethodHandleAccessor.invoke(DirectMethodHandleAccessor.java:103)
	at java.base/java.lang.reflect.Method.invoke(Method.java:580)
	at org.junit.platform.commons.util.ReflectionUtils.invokeMethod(ReflectionUtils.java:728)
	at org.junit.jupiter.engine.execution.MethodInvocation.proceed(MethodInvocation.java:60)
	at org.junit.jupiter.engine.execution.InvocationInterceptorChain$ValidatingInvocation.proceed(InvocationInterceptorChain.java:131)
	at org.junit.jupiter.engine.extension.TimeoutExtension.intercept(TimeoutExtension.java:156)
	at org.junit.jupiter.engine.extension.TimeoutExtension.interceptTestableMethod(TimeoutExtension.java:147)
	at org.junit.jupiter.engine.extension.TimeoutExtension.interceptTestMethod(TimeoutExtension.java:86)
	at org.junit.jupiter.engine.execution.InterceptingExecutableInvoker$ReflectiveInterceptorCall.lambda$ofVoidMethod$0(InterceptingExecutableInvoker.java:103)
	at org.junit.jupiter.engine.execution.InterceptingExecutableInvoker.lambda$invoke$0(InterceptingExecutableInvoker.java:93)
	at org.junit.jupiter.engine.execution.InvocationInterceptorChain$InterceptedInvocation.proceed(InvocationInterceptorChain.java:106)
	at org.junit.jupiter.engine.execution.InvocationInterceptorChain.proceed(InvocationInterceptorChain.java:64)
	at org.junit.jupiter.engine.execution.InvocationInterceptorChain.chainAndInvoke(InvocationInterceptorChain.java:45)
	at org.junit.jupiter.engine.execution.InvocationInterceptorChain.invoke(InvocationInterceptorChain.java:37)
	at org.junit.jupiter.engine.execution.InterceptingExecutableInvoker.invoke(InterceptingExecutableInvoker.java:92)
	at org.junit.jupiter.engine.execution.InterceptingExecutableInvoker.invoke(InterceptingExecutableInvoker.java:86)
	at org.junit.jupiter.engine.descriptor.TestMethodTestDescriptor.lambda$invokeTestMethod$7(TestMethodTestDescriptor.java:218)
	at org.junit.platform.engine.support.hierarchical.ThrowableCollector.execute(ThrowableCollector.java:73)
	at org.junit.jupiter.engine.descriptor.TestMethodTestDescriptor.invokeTestMethod(TestMethodTestDescriptor.java:214)
	at org.junit.jupiter.engine.descriptor.TestMethodTestDescriptor.execute(TestMethodTestDescriptor.java:139)
	at org.junit.jupiter.engine.descriptor.TestMethodTestDescriptor.execute(TestMethodTestDescriptor.java:69)
	at org.junit.platform.engine.support.hierarchical.NodeTestTask.lambda$executeRecursively$6(NodeTestTask.java:151)
	at org.junit.platform.engine.support.hierarchical.ThrowableCollector.execute(ThrowableCollector.java:73)
	at org.junit.platform.engine.support.hierarchical.NodeTestTask.lambda$executeRecursively$8(NodeTestTask.java:141)
	at org.junit.platform.engine.support.hierarchical.Node.around(Node.java:137)
	at org.junit.platform.engine.support.hierarchical.NodeTestTask.lambda$executeRecursively$9(NodeTestTask.java:139)
	at org.junit.platform.engine.support.hierarchical.ThrowableCollector.execute(ThrowableCollector.java:73)
	at org.junit.platform.engine.support.hierarchical.NodeTestTask.executeRecursively(NodeTestTask.java:138)
	at org.junit.platform.engine.support.hierarchical.NodeTestTask.execute(NodeTestTask.java:95)
	at java.base/java.util.ArrayList.forEach(ArrayList.java:1597)
	at org.junit.platform.engine.support.hierarchical.SameThreadHierarchicalTestExecutorService.invokeAll(SameThreadHierarchicalTestExecutorService.java:41)
	at org.junit.platform.engine.support.hierarchical.NodeTestTask.lambda$executeRecursively$6(NodeTestTask.java:155)
	at org.junit.platform.engine.support.hierarchical.ThrowableCollector.execute(ThrowableCollector.java:73)
	at org.junit.platform.engine.support.hierarchical.NodeTestTask.lambda$executeRecursively$8(NodeTestTask.java:141)
	at org.junit.platform.engine.support.hierarchical.Node.around(Node.java:137)
	at org.junit.platform.engine.support.hierarchical.NodeTestTask.lambda$executeRecursively$9(NodeTestTask.java:139)
	at org.junit.platform.engine.support.hierarchical.ThrowableCollector.execute(ThrowableCollector.java:73)
	at org.junit.platform.engine.support.hierarchical.NodeTestTask.executeRecursively(NodeTestTask.java:138)
	at org.junit.platform.engine.support.hierarchical.NodeTestTask.execute(NodeTestTask.java:95)
	at java.base/java.util.ArrayList.forEach(ArrayList.java:1597)
	at org.junit.platform.engine.support.hierarchical.SameThreadHierarchicalTestExecutorService.invokeAll(SameThreadHierarchicalTestExecutorService.java:41)
	at org.junit.platform.engine.support.hierarchical.NodeTestTask.lambda$executeRecursively$6(NodeTestTask.java:155)
	at org.junit.platform.engine.support.hierarchical.ThrowableCollector.execute(ThrowableCollector.java:73)
	at org.junit.platform.engine.support.hierarchical.NodeTestTask.lambda$executeRecursively$8(NodeTestTask.java:141)
	at org.junit.platform.engine.support.hierarchical.Node.around(Node.java:137)
	at org.junit.platform.engine.support.hierarchical.NodeTestTask.lambda$executeRecursively$9(NodeTestTask.java:139)
	at org.junit.platform.engine.support.hierarchical.ThrowableCollector.execute(ThrowableCollector.java:73)
	at org.junit.platform.engine.support.hierarchical.NodeTestTask.executeRecursively(NodeTestTask.java:138)
	at org.junit.platform.engine.support.hierarchical.NodeTestTask.execute(NodeTestTask.java:95)
	at org.junit.platform.engine.support.hierarchical.SameThreadHierarchicalTestExecutorService.submit(SameThreadHierarchicalTestExecutorService.java:35)
	at org.junit.platform.engine.support.hierarchical.HierarchicalTestExecutor.execute(HierarchicalTestExecutor.java:57)
	at org.junit.platform.engine.support.hierarchical.HierarchicalTestEngine.execute(HierarchicalTestEngine.java:54)
	at org.junit.platform.launcher.core.EngineExecutionOrchestrator.execute(EngineExecutionOrchestrator.java:198)
	at org.junit.platform.launcher.core.EngineExecutionOrchestrator.execute(EngineExecutionOrchestrator.java:169)
	at org.junit.platform.launcher.core.EngineExecutionOrchestrator.execute(EngineExecutionOrchestrator.java:93)
	at org.junit.platform.launcher.core.EngineExecutionOrchestrator.lambda$execute$0(EngineExecutionOrchestrator.java:58)
	at org.junit.platform.launcher.core.EngineExecutionOrchestrator.withInterceptedStreams(EngineExecutionOrchestrator.java:141)
	at org.junit.platform.launcher.core.EngineExecutionOrchestrator.execute(EngineExecutionOrchestrator.java:57)
	at org.junit.platform.launcher.core.DefaultLauncher.execute(DefaultLauncher.java:103)
	at org.junit.platform.launcher.core.DefaultLauncher.execute(DefaultLauncher.java:85)
	at org.junit.platform.launcher.core.DelegatingLauncher.execute(DelegatingLauncher.java:47)
	at org.apache.maven.surefire.junitplatform.LazyLauncher.execute(LazyLauncher.java:56)
	at org.apache.maven.surefire.junitplatform.JUnitPlatformProvider.execute(JUnitPlatformProvider.java:184)
	at org.apache.maven.surefire.junitplatform.JUnitPlatformProvider.invokeAllTests(JUnitPlatformProvider.java:148)
	at org.apache.maven.surefire.junitplatform.JUnitPlatformProvider.invoke(JUnitPlatformProvider.java:122)
	at org.apache.maven.surefire.booter.ForkedBooter.runSuitesInProcess(ForkedBooter.java:385)
	at org.apache.maven.surefire.booter.ForkedBooter.execute(ForkedBooter.java:162)
	at org.apache.maven.surefire.booter.ForkedBooter.run(ForkedBooter.java:507)
	at org.apache.maven.surefire.booter.ForkedBooter.main(ForkedBooter.java:495)

[ERRO] 2026-01-09 18:51:47.165 - Erro-26
  Exceção: java.lang.RuntimeException: Erro 26
java.lang.RuntimeException: Erro 26
	at testes.ErrorLoggerTest.testeLogNaoCresceIndefinidamente(ErrorLoggerTest.java:398)
	at java.base/jdk.internal.reflect.DirectMethodHandleAccessor.invoke(DirectMethodHandleAccessor.java:103)
	at java.base/java.lang.reflect.Method.invoke(Method.java:580)
	at org.junit.platform.commons.util.ReflectionUtils.invokeMethod(ReflectionUtils.java:728)
	at org.junit.jupiter.engine.execution.MethodInvocation.proceed(MethodInvocation.java:60)
	at org.junit.jupiter.engine.execution.InvocationInterceptorChain$ValidatingInvocation.proceed(InvocationInterceptorChain.java:131)
	at org.junit.jupiter.engine.extension.TimeoutExtension.intercept(TimeoutExtension.java:156)
	at org.junit.jupiter.engine.extension.TimeoutExtension.interceptTestableMethod(TimeoutExtension.java:147)
	at org.junit.jupiter.engine.extension.TimeoutExtension.interceptTestMethod(TimeoutExtension.java:86)
	at org.junit.jupiter.engine.execution.InterceptingExecutableInvoker$ReflectiveInterceptorCall.lambda$ofVoidMethod$0(InterceptingExecutableInvoker.java:103)
	at org.junit.jupiter.engine.execution.InterceptingExecutableInvoker.lambda$invoke$0(InterceptingExecutableInvoker.java:93)
	at org.junit.jupiter.engine.execution.InvocationInterceptorChain$InterceptedInvocation.proceed(InvocationInterceptorChain.java:106)
	at org.junit.jupiter.engine.execution.InvocationInterceptorChain.proceed(InvocationInterceptorChain.java:64)
	at org.junit.jupiter.engine.execution.InvocationInterceptorChain.chainAndInvoke(InvocationInterceptorChain.java:45)
	at org.junit.jupiter.engine.execution.InvocationInterceptorChain.invoke(InvocationInterceptorChain.java:37)
	at org.junit.jupiter.engine.execution.InterceptingExecutableInvoker.invoke(InterceptingExecutableInvoker.java:92)
	at org.junit.jupiter.engine.execution.InterceptingExecutableInvoker.invoke(InterceptingExecutableInvoker.java:86)
	at org.junit.jupiter.engine.descriptor.TestMethodTestDescriptor.lambda$invokeTestMethod$7(TestMethodTestDescriptor.java:218)
	at org.junit.platform.engine.support.hierarchical.ThrowableCollector.execute(ThrowableCollector.java:73)
	at org.junit.jupiter.engine.descriptor.TestMethodTestDescriptor.invokeTestMethod(TestMethodTestDescriptor.java:214)
	at org.junit.jupiter.engine.descriptor.TestMethodTestDescriptor.execute(TestMethodTestDescriptor.java:139)
	at org.junit.jupiter.engine.descriptor.TestMethodTestDescriptor.execute(TestMethodTestDescriptor.java:69)
	at org.junit.platform.engine.support.hierarchical.NodeTestTask.lambda$executeRecursively$6(NodeTestTask.java:151)
	at org.junit.platform.engine.support.hierarchical.ThrowableCollector.execute(ThrowableCollector.java:73)
	at org.junit.platform.engine.support.hierarchical.NodeTestTask.lambda$executeRecursively$8(NodeTestTask.java:141)
	at org.junit.platform.engine.support.hierarchical.Node.around(Node.java:137)
	at org.junit.platform.engine.support.hierarchical.NodeTestTask.lambda$executeRecursively$9(NodeTestTask.java:139)
	at org.junit.platform.engine.support.hierarchical.ThrowableCollector.execute(ThrowableCollector.java:73)
	at org.junit.platform.engine.support.hierarchical.NodeTestTask.executeRecursively(NodeTestTask.java:138)
	at org.junit.platform.engine.support.hierarchical.NodeTestTask.execute(NodeTestTask.java:95)
	at java.base/java.util.ArrayList.forEach(ArrayList.java:1597)
	at org.junit.platform.engine.support.hierarchical.SameThreadHierarchicalTestExecutorService.invokeAll(SameThreadHierarchicalTestExecutorService.java:41)
	at org.junit.platform.engine.support.hierarchical.NodeTestTask.lambda$executeRecursively$6(NodeTestTask.java:155)
	at org.junit.platform.engine.support.hierarchical.ThrowableCollector.execute(ThrowableCollector.java:73)
	at org.junit.platform.engine.support.hierarchical.NodeTestTask.lambda$executeRecursively$8(NodeTestTask.java:141)
	at org.junit.platform.engine.support.hierarchical.Node.around(Node.java:137)
	at org.junit.platform.engine.support.hierarchical.NodeTestTask.lambda$executeRecursively$9(NodeTestTask.java:139)
	at org.junit.platform.engine.support.hierarchical.ThrowableCollector.execute(ThrowableCollector.java:73)
	at org.junit.platform.engine.support.hierarchical.NodeTestTask.executeRecursively(NodeTestTask.java:138)
	at org.junit.platform.engine.support.hierarchical.NodeTestTask.execute(NodeTestTask.java:95)
	at java.base/java.util.ArrayList.forEach(ArrayList.java:1597)
	at org.junit.platform.engine.support.hierarchical.SameThreadHierarchicalTestExecutorService.invokeAll(SameThreadHierarchicalTestExecutorService.java:41)
	at org.junit.platform.engine.support.hierarchical.NodeTestTask.lambda$executeRecursively$6(NodeTestTask.java:155)
	at org.junit.platform.engine.support.hierarchical.ThrowableCollector.execute(ThrowableCollector.java:73)
	at org.junit.platform.engine.support.hierarchical.NodeTestTask.lambda$executeRecursively$8(NodeTestTask.java:141)
	at org.junit.platform.engine.support.hierarchical.Node.around(Node.java:137)
	at org.junit.platform.engine.support.hierarchical.NodeTestTask.lambda$executeRecursively$9(NodeTestTask.java:139)
	at org.junit.platform.engine.support.hierarchical.ThrowableCollector.execute(ThrowableCollector.java:73)
	at org.junit.platform.engine.support.hierarchical.NodeTestTask.executeRecursively(NodeTestTask.java:138)
	at org.junit.platform.engine.support.hierarchical.NodeTestTask.execute(NodeTestTask.java:95)
	at org.junit.platform.engine.support.hierarchical.SameThreadHierarchicalTestExecutorService.submit(SameThreadHierarchicalTestExecutorService.java:35)
	at org.junit.platform.engine.support.hierarchical.HierarchicalTestExecutor.execute(HierarchicalTestExecutor.java:57)
	at org.junit.platform.engine.support.hierarchical.HierarchicalTestEngine.execute(HierarchicalTestEngine.java:54)
	at org.junit.platform.launcher.core.EngineExecutionOrchestrator.execute(EngineExecutionOrchestrator.java:198)
	at org.junit.platform.launcher.core.EngineExecutionOrchestrator.execute(EngineExecutionOrchestrator.java:169)
	at org.junit.platform.launcher.core.EngineExecutionOrchestrator.execute(EngineExecutionOrchestrator.java:93)
	at org.junit.platform.launcher.core.EngineExecutionOrchestrator.lambda$execute$0(EngineExecutionOrchestrator.java:58)
	at org.junit.platform.launcher.core.EngineExecutionOrchestrator.withInterceptedStreams(EngineExecutionOrchestrator.java:141)
	at org.junit.platform.launcher.core.EngineExecutionOrchestrator.execute(EngineExecutionOrchestrator.java:57)
	at org.junit.platform.launcher.core.DefaultLauncher.execute(DefaultLauncher.java:103)
	at org.junit.platform.launcher.core.DefaultLauncher.execute(DefaultLauncher.java:85)
	at org.junit.platform.launcher.core.DelegatingLauncher.execute(DelegatingLauncher.java:47)
	at org.apache.maven.surefire.junitplatform.LazyLauncher.execute(LazyLauncher.java:56)
	at org.apache.maven.surefire.junitplatform.JUnitPlatformProvider.execute(JUnitPlatformProvider.java:184)
	at org.apache.maven.surefire.junitplatform.JUnitPlatformProvider.invokeAllTests(JUnitPlatformProvider.java:148)
	at org.apache.maven.surefire.junitplatform.JUnitPlatformProvider.invoke(JUnitPlatformProvider.java:122)
	at org.apache.maven.surefire.booter.ForkedBooter.runSuitesInProcess(ForkedBooter.java:385)
	at org.apache.maven.surefire.booter.ForkedBooter.execute(ForkedBooter.java:162)
	at org.apache.maven.surefire.booter.ForkedBooter.run(ForkedBooter.java:507)
	at org.apache.maven.surefire.booter.ForkedBooter.main(ForkedBooter.java:495)

[ERRO] 2026-01-09 18:51:47.165 - Erro-27
  Exceção: java.lang.RuntimeException: Erro 27
java.lang.RuntimeException: Erro 27
	at testes.ErrorLoggerTest.testeLogNaoCresceIndefinidamente(ErrorLoggerTest.java:398)
	at java.base/jdk.internal.reflect.DirectMethodHandleAccessor.invoke(DirectMethodHandleAccessor.java:103)
	at java.base/java.lang.reflect.Method.invoke(Method.java:580)
	at org.junit.platform.commons.util.ReflectionUtils.invokeMethod(ReflectionUtils.java:728)
	at org.junit.jupiter.engine.execution.MethodInvocation.proceed(MethodInvocation.java:60)
	at org.junit.jupiter.engine.execution.InvocationInterceptorChain$ValidatingInvocation.proceed(InvocationInterceptorChain.java:131)
	at org.junit.jupiter.engine.extension.TimeoutExtension.intercept(TimeoutExtension.java:156)
	at org.junit.jupiter.engine.extension.TimeoutExtension.interceptTestableMethod(TimeoutExtension.java:147)
	at org.junit.jupiter.engine.extension.TimeoutExtension.interceptTestMethod(TimeoutExtension.java:86)
	at org.junit.jupiter.engine.execution.InterceptingExecutableInvoker$ReflectiveInterceptorCall.lambda$ofVoidMethod$0(InterceptingExecutableInvoker.java:103)
	at org.junit.jupiter.engine.execution.InterceptingExecutableInvoker.lambda$invoke$0(InterceptingExecutableInvoker.java:93)
	at org.junit.jupiter.engine.execution.InvocationInterceptorChain$InterceptedInvocation.proceed(InvocationInterceptorChain.java:106)
	at org.junit.jupiter.engine.execution.InvocationInterceptorChain.proceed(InvocationInterceptorChain.java:64)
	at org.junit.jupiter.engine.execution.InvocationInterceptorChain.chainAndInvoke(InvocationInterceptorChain.java:45)
	at org.junit.jupiter.engine.execution.InvocationInterceptorChain.invoke(InvocationInterceptorChain.java:37)
	at org.junit.jupiter.engine.execution.InterceptingExecutableInvoker.invoke(InterceptingExecutableInvoker.java:92)
	at org.junit.jupiter.engine.execution.InterceptingExecutableInvoker.invoke(InterceptingExecutableInvoker.java:86)
	at org.junit.jupiter.engine.descriptor.TestMethodTestDescriptor.lambda$invokeTestMethod$7(TestMethodTestDescriptor.java:218)
	at org.junit.platform.engine.support.hierarchical.ThrowableCollector.execute(ThrowableCollector.java:73)
	at org.junit.jupiter.engine.descriptor.TestMethodTestDescriptor.invokeTestMethod(TestMethodTestDescriptor.java:214)
	at org.junit.jupiter.engine.descriptor.TestMethodTestDescriptor.execute(TestMethodTestDescriptor.java:139)
	at org.junit.jupiter.engine.descriptor.TestMethodTestDescriptor.execute(TestMethodTestDescriptor.java:69)
	at org.junit.platform.engine.support.hierarchical.NodeTestTask.lambda$executeRecursively$6(NodeTestTask.java:151)
	at org.junit.platform.engine.support.hierarchical.ThrowableCollector.execute(ThrowableCollector.java:73)
	at org.junit.platform.engine.support.hierarchical.NodeTestTask.lambda$executeRecursively$8(NodeTestTask.java:141)
	at org.junit.platform.engine.support.hierarchical.Node.around(Node.java:137)
	at org.junit.platform.engine.support.hierarchical.NodeTestTask.lambda$executeRecursively$9(NodeTestTask.java:139)
	at org.junit.platform.engine.support.hierarchical.ThrowableCollector.execute(ThrowableCollector.java:73)
	at org.junit.platform.engine.support.hierarchical.NodeTestTask.executeRecursively(NodeTestTask.java:138)
	at org.junit.platform.engine.support.hierarchical.NodeTestTask.execute(NodeTestTask.java:95)
	at java.base/java.util.ArrayList.forEach(ArrayList.java:1597)
	at org.junit.platform.engine.support.hierarchical.SameThreadHierarchicalTestExecutorService.invokeAll(SameThreadHierarchicalTestExecutorService.java:41)
	at org.junit.platform.engine.support.hierarchical.NodeTestTask.lambda$executeRecursively$6(NodeTestTask.java:155)
	at org.junit.platform.engine.support.hierarchical.ThrowableCollector.execute(ThrowableCollector.java:73)
	at org.junit.platform.engine.support.hierarchical.NodeTestTask.lambda$executeRecursively$8(NodeTestTask.java:141)
	at org.junit.platform.engine.support.hierarchical.Node.around(Node.java:137)
	at org.junit.platform.engine.support.hierarchical.NodeTestTask.lambda$executeRecursively$9(NodeTestTask.java:139)
	at org.junit.platform.engine.support.hierarchical.ThrowableCollector.execute(ThrowableCollector.java:73)
	at org.junit.platform.engine.support.hierarchical.NodeTestTask.executeRecursively(NodeTestTask.java:138)
	at org.junit.platform.engine.support.hierarchical.NodeTestTask.execute(NodeTestTask.java:95)
	at java.base/java.util.ArrayList.forEach(ArrayList.java:1597)
	at org.junit.platform.engine.support.hierarchical.SameThreadHierarchicalTestExecutorService.invokeAll(SameThreadHierarchicalTestExecutorService.java:41)
	at org.junit.platform.engine.support.hierarchical.NodeTestTask.lambda$executeRecursively$6(NodeTestTask.java:155)
	at org.junit.platform.engine.support.hierarchical.ThrowableCollector.execute(ThrowableCollector.java:73)
	at org.junit.platform.engine.support.hierarchical.NodeTestTask.lambda$executeRecursively$8(NodeTestTask.java:141)
	at org.junit.platform.engine.support.hierarchical.Node.around(Node.java:137)
	at org.junit.platform.engine.support.hierarchical.NodeTestTask.lambda$executeRecursively$9(NodeTestTask.java:139)
	at org.junit.platform.engine.support.hierarchical.ThrowableCollector.execute(ThrowableCollector.java:73)
	at org.junit.platform.engine.support.hierarchical.NodeTestTask.executeRecursively(NodeTestTask.java:138)
	at org.junit.platform.engine.support.hierarchical.NodeTestTask.execute(NodeTestTask.java:95)
	at org.junit.platform.engine.support.hierarchical.SameThreadHierarchicalTestExecutorService.submit(SameThreadHierarchicalTestExecutorService.java:35)
	at org.junit.platform.engine.support.hierarchical.HierarchicalTestExecutor.execute(HierarchicalTestExecutor.java:57)
	at org.junit.platform.engine.support.hierarchical.HierarchicalTestEngine.execute(HierarchicalTestEngine.java:54)
	at org.junit.platform.launcher.core.EngineExecutionOrchestrator.execute(EngineExecutionOrchestrator.java:198)
	at org.junit.platform.launcher.core.EngineExecutionOrchestrator.execute(EngineExecutionOrchestrator.java:169)
	at org.junit.platform.launcher.core.EngineExecutionOrchestrator.execute(EngineExecutionOrchestrator.java:93)
	at org.junit.platform.launcher.core.EngineExecutionOrchestrator.lambda$execute$0(EngineExecutionOrchestrator.java:58)
	at org.junit.platform.launcher.core.EngineExecutionOrchestrator.withInterceptedStreams(EngineExecutionOrchestrator.java:141)
	at org.junit.platform.launcher.core.EngineExecutionOrchestrator.execute(EngineExecutionOrchestrator.java:57)
	at org.junit.platform.launcher.core.DefaultLauncher.execute(DefaultLauncher.java:103)
	at org.junit.platform.launcher.core.DefaultLauncher.execute(DefaultLauncher.java:85)
	at org.junit.platform.launcher.core.DelegatingLauncher.execute(DelegatingLauncher.java:47)
	at org.apache.maven.surefire.junitplatform.LazyLauncher.execute(LazyLauncher.java:56)
	at org.apache.maven.surefire.junitplatform.JUnitPlatformProvider.execute(JUnitPlatformProvider.java:184)
	at org.apache.maven.surefire.junitplatform.JUnitPlatformProvider.invokeAllTests(JUnitPlatformProvider.java:148)
	at org.apache.maven.surefire.junitplatform.JUnitPlatformProvider.invoke(JUnitPlatformProvider.java:122)
	at org.apache.maven.surefire.booter.ForkedBooter.runSuitesInProcess(ForkedBooter.java:385)
	at org.apache.maven.surefire.booter.ForkedBooter.execute(ForkedBooter.java:162)
	at org.apache.maven.surefire.booter.ForkedBooter.run(ForkedBooter.java:507)
	at org.apache.maven.surefire.booter.ForkedBooter.main(ForkedBooter.java:495)

[ERRO] 2026-01-09 18:51:47.165 - Erro-28
  Exceção: java.lang.RuntimeException: Erro 28
java.lang.RuntimeException: Erro 28
	at testes.ErrorLoggerTest.testeLogNaoCresceIndefinidamente(ErrorLoggerTest.java:398)
	at java.base/jdk.internal.reflect.DirectMethodHandleAccessor.invoke(DirectMethodHandleAccessor.java:103)
	at java.base/java.lang.reflect.Method.invoke(Method.java:580)
	at org.junit.platform.commons.util.ReflectionUtils.invokeMethod(ReflectionUtils.java:728)
	at org.junit.jupiter.engine.execution.MethodInvocation.proceed(MethodInvocation.java:60)
	at org.junit.jupiter.engine.execution.InvocationInterceptorChain$ValidatingInvocation.proceed(InvocationInterceptorChain.java:131)
	at org.junit.jupiter.engine.extension.TimeoutExtension.intercept(TimeoutExtension.java:156)
	at org.junit.jupiter.engine.extension.TimeoutExtension.interceptTestableMethod(TimeoutExtension.java:147)
	at org.junit.jupiter.engine.extension.TimeoutExtension.interceptTestMethod(TimeoutExtension.java:86)
	at org.junit.jupiter.engine.execution.InterceptingExecutableInvoker$ReflectiveInterceptorCall.lambda$ofVoidMethod$0(InterceptingExecutableInvoker.java:103)
	at org.junit.jupiter.engine.execution.InterceptingExecutableInvoker.lambda$invoke$0(InterceptingExecutableInvoker.java:93)
	at org.junit.jupiter.engine.execution.InvocationInterceptorChain$InterceptedInvocation.proceed(InvocationInterceptorChain.java:106)
	at org.junit.jupiter.engine.execution.InvocationInterceptorChain.proceed(InvocationInterceptorChain.java:64)
	at org.junit.jupiter.engine.execution.InvocationInterceptorChain.chainAndInvoke(InvocationInterceptorChain.java:45)
	at org.junit.jupiter.engine.execution.InvocationInterceptorChain.invoke(InvocationInterceptorChain.java:37)
	at org.junit.jupiter.engine.execution.InterceptingExecutableInvoker.invoke(InterceptingExecutableInvoker.java:92)
	at org.junit.jupiter.engine.execution.InterceptingExecutableInvoker.invoke(InterceptingExecutableInvoker.java:86)
	at org.junit.jupiter.engine.descriptor.TestMethodTestDescriptor.lambda$invokeTestMethod$7(TestMethodTestDescriptor.java:218)
	at org.junit.platform.engine.support.hierarchical.ThrowableCollector.execute(ThrowableCollector.java:73)
	at org.junit.jupiter.engine.descriptor.TestMethodTestDescriptor.invokeTestMethod(TestMethodTestDescriptor.java:214)
	at org.junit.jupiter.engine.descriptor.TestMethodTestDescriptor.execute(TestMethodTestDescriptor.java:139)
	at org.junit.jupiter.engine.descriptor.TestMethodTestDescriptor.execute(TestMethodTestDescriptor.java:69)
	at org.junit.platform.engine.support.hierarchical.NodeTestTask.lambda$executeRecursively$6(NodeTestTask.java:151)
	at org.junit.platform.engine.support.hierarchical.ThrowableCollector.execute(ThrowableCollector.java:73)
	at org.junit.platform.engine.support.hierarchical.NodeTestTask.lambda$executeRecursively$8(NodeTestTask.java:141)
	at org.junit.platform.engine.support.hierarchical.Node.around(Node.java:137)
	at org.junit.platform.engine.support.hierarchical.NodeTestTask.lambda$executeRecursively$9(NodeTestTask.java:139)
	at org.junit.platform.engine.support.hierarchical.ThrowableCollector.execute(ThrowableCollector.java:73)
	at org.junit.platform.engine.support.hierarchical.NodeTestTask.executeRecursively(NodeTestTask.java:138)
	at org.junit.platform.engine.support.hierarchical.NodeTestTask.execute(NodeTestTask.java:95)
	at java.base/java.util.ArrayList.forEach(ArrayList.java:1597)
	at org.junit.platform.engine.support.hierarchical.SameThreadHierarchicalTestExecutorService.invokeAll(SameThreadHierarchicalTestExecutorService.java:41)
	at org.junit.platform.engine.support.hierarchical.NodeTestTask.lambda$executeRecursively$6(NodeTestTask.java:155)
	at org.junit.platform.engine.support.hierarchical.ThrowableCollector.execute(ThrowableCollector.java:73)
	at org.junit.platform.engine.support.hierarchical.NodeTestTask.lambda$executeRecursively$8(NodeTestTask.java:141)
	at org.junit.platform.engine.support.hierarchical.Node.around(Node.java:137)
	at org.junit.platform.engine.support.hierarchical.NodeTestTask.lambda$executeRecursively$9(NodeTestTask.java:139)
	at org.junit.platform.engine.support.hierarchical.ThrowableCollector.execute(ThrowableCollector.java:73)
	at org.junit.platform.engine.support.hierarchical.NodeTestTask.executeRecursively(NodeTestTask.java:138)
	at org.junit.platform.engine.support.hierarchical.NodeTestTask.execute(NodeTestTask.java:95)
	at java.base/java.util.ArrayList.forEach(ArrayList.java:1597)
	at org.junit.platform.engine.support.hierarchical.SameThreadHierarchicalTestExecutorService.invokeAll(SameThreadHierarchicalTestExecutorService.java:41)
	at org.junit.platform.engine.support.hierarchical.NodeTestTask.lambda$executeRecursively$6(NodeTestTask.java:155)
	at org.junit.platform.engine.support.hierarchical.ThrowableCollector.execute(ThrowableCollector.java:73)
	at org.junit.platform.engine.support.hierarchical.NodeTestTask.lambda$executeRecursively$8(NodeTestTask.java:141)
	at org.junit.platform.engine.support.hierarchical.Node.around(Node.java:137)
	at org.junit.platform.engine.support.hierarchical.NodeTestTask.lambda$executeRecursively$9(NodeTestTask.java:139)
	at org.junit.platform.engine.support.hierarchical.ThrowableCollector.execute(ThrowableCollector.java:73)
	at org.junit.platform.engine.support.hierarchical.NodeTestTask.executeRecursively(NodeTestTask.java:138)
	at org.junit.platform.engine.support.hierarchical.NodeTestTask.execute(NodeTestTask.java:95)
	at org.junit.platform.engine.support.hierarchical.SameThreadHierarchicalTestExecutorService.submit(SameThreadHierarchicalTestExecutorService.java:35)
	at org.junit.platform.engine.support.hierarchical.HierarchicalTestExecutor.execute(HierarchicalTestExecutor.java:57)
	at org.junit.platform.engine.support.hierarchical.HierarchicalTestEngine.execute(HierarchicalTestEngine.java:54)
	at org.junit.platform.launcher.core.EngineExecutionOrchestrator.execute(EngineExecutionOrchestrator.java:198)
	at org.junit.platform.launcher.core.EngineExecutionOrchestrator.execute(EngineExecutionOrchestrator.java:169)
	at org.junit.platform.launcher.core.EngineExecutionOrchestrator.execute(EngineExecutionOrchestrator.java:93)
	at org.junit.platform.launcher.core.EngineExecutionOrchestrator.lambda$execute$0(EngineExecutionOrchestrator.java:58)
	at org.junit.platform.launcher.core.EngineExecutionOrchestrator.withInterceptedStreams(EngineExecutionOrchestrator.java:141)
	at org.junit.platform.launcher.core.EngineExecutionOrchestrator.execute(EngineExecutionOrchestrator.java:57)
	at org.junit.platform.launcher.core.DefaultLauncher.execute(DefaultLauncher.java:103)
	at org.junit.platform.launcher.core.DefaultLauncher.execute(DefaultLauncher.java:85)
	at org.junit.platform.launcher.core.DelegatingLauncher.execute(DelegatingLauncher.java:47)
	at org.apache.maven.surefire.junitplatform.LazyLauncher.execute(LazyLauncher.java:56)
	at org.apache.maven.surefire.junitplatform.JUnitPlatformProvider.execute(JUnitPlatformProvider.java:184)
	at org.apache.maven.surefire.junitplatform.JUnitPlatformProvider.invokeAllTests(JUnitPlatformProvider.java:148)
	at org.apache.maven.surefire.junitplatform.JUnitPlatformProvider.invoke(JUnitPlatformProvider.java:122)
	at org.apache.maven.surefire.booter.ForkedBooter.runSuitesInProcess(ForkedBooter.java:385)
	at org.apache.maven.surefire.booter.ForkedBooter.execute(ForkedBooter.java:162)
	at org.apache.maven.surefire.booter.ForkedBooter.run(ForkedBooter.java:507)
	at org.apache.maven.surefire.booter.ForkedBooter.main(ForkedBooter.java:495)

[ERRO] 2026-01-09 18:51:47.166 - Erro-29
  Exceção: java.lang.RuntimeException: Erro 29
java.lang.RuntimeException: Erro 29
	at testes.ErrorLoggerTest.testeLogNaoCresceIndefinidamente(ErrorLoggerTest.java:398)
	at java.base/jdk.internal.reflect.DirectMethodHandleAccessor.invoke(DirectMethodHandleAccessor.java:103)
	at java.base/java.lang.reflect.Method.invoke(Method.java:580)
	at org.junit.platform.commons.util.ReflectionUtils.invokeMethod(ReflectionUtils.java:728)
	at org.junit.jupiter.engine.execution.MethodInvocation.proceed(MethodInvocation.java:60)
	at org.junit.jupiter.engine.execution.InvocationInterceptorChain$ValidatingInvocation.proceed(InvocationInterceptorChain.java:131)
	at org.junit.jupiter.engine.extension.TimeoutExtension.intercept(TimeoutExtension.java:156)
	at org.junit.jupiter.engine.extension.TimeoutExtension.interceptTestableMethod(TimeoutExtension.java:147)
	at org.junit.jupiter.engine.extension.TimeoutExtension.interceptTestMethod(TimeoutExtension.java:86)
	at org.junit.jupiter.engine.execution.InterceptingExecutableInvoker$ReflectiveInterceptorCall.lambda$ofVoidMethod$0(InterceptingExecutableInvoker.java:103)
	at org.junit.jupiter.engine.execution.InterceptingExecutableInvoker.lambda$invoke$0(InterceptingExecutableInvoker.java:93)
	at org.junit.jupiter.engine.execution.InvocationInterceptorChain$InterceptedInvocation.proceed(InvocationInterceptorChain.java:106)
	at org.junit.jupiter.engine.execution.InvocationInterceptorChain.proceed(InvocationInterceptorChain.java:64)
	at org.junit.jupiter.engine.execution.InvocationInterceptorChain.chainAndInvoke(InvocationInterceptorChain.java:45)
	at org.junit.jupiter.engine.execution.InvocationInterceptorChain.invoke(InvocationInterceptorChain.java:37)
	at org.junit.jupiter.engine.execution.InterceptingExecutableInvoker.invoke(InterceptingExecutableInvoker.java:92)
	at org.junit.jupiter.engine.execution.InterceptingExecutableInvoker.invoke(InterceptingExecutableInvoker.java:86)
	at org.junit.jupiter.engine.descriptor.TestMethodTestDescriptor.lambda$invokeTestMethod$7(TestMethodTestDescriptor.java:218)
	at org.junit.platform.engine.support.hierarchical.ThrowableCollector.execute(ThrowableCollector.java:73)
	at org.junit.jupiter.engine.descriptor.TestMethodTestDescriptor.invokeTestMethod(TestMethodTestDescriptor.java:214)
	at org.junit.jupiter.engine.descriptor.TestMethodTestDescriptor.execute(TestMethodTestDescriptor.java:139)
	at org.junit.jupiter.engine.descriptor.TestMethodTestDescriptor.execute(TestMethodTestDescriptor.java:69)
	at org.junit.platform.engine.support.hierarchical.NodeTestTask.lambda$executeRecursively$6(NodeTestTask.java:151)
	at org.junit.platform.engine.support.hierarchical.ThrowableCollector.execute(ThrowableCollector.java:73)
	at org.junit.platform.engine.support.hierarchical.NodeTestTask.lambda$executeRecursively$8(NodeTestTask.java:141)
	at org.junit.platform.engine.support.hierarchical.Node.around(Node.java:137)
	at org.junit.platform.engine.support.hierarchical.NodeTestTask.lambda$executeRecursively$9(NodeTestTask.java:139)
	at org.junit.platform.engine.support.hierarchical.ThrowableCollector.execute(ThrowableCollector.java:73)
	at org.junit.platform.engine.support.hierarchical.NodeTestTask.executeRecursively(NodeTestTask.java:138)
	at org.junit.platform.engine.support.hierarchical.NodeTestTask.execute(NodeTestTask.java:95)
	at java.base/java.util.ArrayList.forEach(ArrayList.java:1597)
	at org.junit.platform.engine.support.hierarchical.SameThreadHierarchicalTestExecutorService.invokeAll(SameThreadHierarchicalTestExecutorService.java:41)
	at org.junit.platform.engine.support.hierarchical.NodeTestTask.lambda$executeRecursively$6(NodeTestTask.java:155)
	at org.junit.platform.engine.support.hierarchical.ThrowableCollector.execute(ThrowableCollector.java:73)
	at org.junit.platform.engine.support.hierarchical.NodeTestTask.lambda$executeRecursively$8(NodeTestTask.java:141)
	at org.junit.platform.engine.support.hierarchical.Node.around(Node.java:137)
	at org.junit.platform.engine.support.hierarchical.NodeTestTask.lambda$executeRecursively$9(NodeTestTask.java:139)
	at org.junit.platform.engine.support.hierarchical.ThrowableCollector.execute(ThrowableCollector.java:73)
	at org.junit.platform.engine.support.hierarchical.NodeTestTask.executeRecursively(NodeTestTask.java:138)
	at org.junit.platform.engine.support.hierarchical.NodeTestTask.execute(NodeTestTask.java:95)
	at java.base/java.util.ArrayList.forEach(ArrayList.java:1597)
	at org.junit.platform.engine.support.hierarchical.SameThreadHierarchicalTestExecutorService.invokeAll(SameThreadHierarchicalTestExecutorService.java:41)
	at org.junit.platform.engine.support.hierarchical.NodeTestTask.lambda$executeRecursively$6(NodeTestTask.java:155)
	at org.junit.platform.engine.support.hierarchical.ThrowableCollector.execute(ThrowableCollector.java:73)
	at org.junit.platform.engine.support.hierarchical.NodeTestTask.lambda$executeRecursively$8(NodeTestTask.java:141)
	at org.junit.platform.engine.support.hierarchical.Node.around(Node.java:137)
	at org.junit.platform.engine.support.hierarchical.NodeTestTask.lambda$executeRecursively$9(NodeTestTask.java:139)
	at org.junit.platform.engine.support.hierarchical.ThrowableCollector.execute(ThrowableCollector.java:73)
	at org.junit.platform.engine.support.hierarchical.NodeTestTask.executeRecursively(NodeTestTask.java:138)
	at org.junit.platform.engine.support.hierarchical.NodeTestTask.execute(NodeTestTask.java:95)
	at org.junit.platform.engine.support.hierarchical.SameThreadHierarchicalTestExecutorService.submit(SameThreadHierarchicalTestExecutorService.java:35)
	at org.junit.platform.engine.support.hierarchical.HierarchicalTestExecutor.execute(HierarchicalTestExecutor.java:57)
	at org.junit.platform.engine.support.hierarchical.HierarchicalTestEngine.execute(HierarchicalTestEngine.java:54)
	at org.junit.platform.launcher.core.EngineExecutionOrchestrator.execute(EngineExecutionOrchestrator.java:198)
	at org.junit.platform.launcher.core.EngineExecutionOrchestrator.execute(EngineExecutionOrchestrator.java:169)
	at org.junit.platform.launcher.core.EngineExecutionOrchestrator.execute(EngineExecutionOrchestrator.java:93)
	at org.junit.platform.launcher.core.EngineExecutionOrchestrator.lambda$execute$0(EngineExecutionOrchestrator.java:58)
	at org.junit.platform.launcher.core.EngineExecutionOrchestrator.withInterceptedStreams(EngineExecutionOrchestrator.java:141)
	at org.junit.platform.launcher.core.EngineExecutionOrchestrator.execute(EngineExecutionOrchestrator.java:57)
	at org.junit.platform.launcher.core.DefaultLauncher.execute(DefaultLauncher.java:103)
	at org.junit.platform.launcher.core.DefaultLauncher.execute(DefaultLauncher.java:85)
	at org.junit.platform.launcher.core.DelegatingLauncher.execute(DelegatingLauncher.java:47)
	at org.apache.maven.surefire.junitplatform.LazyLauncher.execute(LazyLauncher.java:56)
	at org.apache.maven.surefire.junitplatform.JUnitPlatformProvider.execute(JUnitPlatformProvider.java:184)
	at org.apache.maven.surefire.junitplatform.JUnitPlatformProvider.invokeAllTests(JUnitPlatformProvider.java:148)
	at org.apache.maven.surefire.junitplatform.JUnitPlatformProvider.invoke(JUnitPlatformProvider.java:122)
	at org.apache.maven.surefire.booter.ForkedBooter.runSuitesInProcess(ForkedBooter.java:385)
	at org.apache.maven.surefire.booter.ForkedBooter.execute(ForkedBooter.java:162)
	at org.apache.maven.surefire.booter.ForkedBooter.run(ForkedBooter.java:507)
	at org.apache.maven.surefire.booter.ForkedBooter.main(ForkedBooter.java:495)

[ERRO] 2026-01-09 18:51:47.166 - Erro-30
  Exceção: java.lang.RuntimeException: Erro 30
java.lang.RuntimeException: Erro 30
	at testes.ErrorLoggerTest.testeLogNaoCresceIndefinidamente(ErrorLoggerTest.java:398)
	at java.base/jdk.internal.reflect.DirectMethodHandleAccessor.invoke(DirectMethodHandleAccessor.java:103)
	at java.base/java.lang.reflect.Method.invoke(Method.java:580)
	at org.junit.platform.commons.util.ReflectionUtils.invokeMethod(ReflectionUtils.java:728)
	at org.junit.jupiter.engine.execution.MethodInvocation.proceed(MethodInvocation.java:60)
	at org.junit.jupiter.engine.execution.InvocationInterceptorChain$ValidatingInvocation.proceed(InvocationInterceptorChain.java:131)
	at org.junit.jupiter.engine.extension.TimeoutExtension.intercept(TimeoutExtension.java:156)
	at org.junit.jupiter.engine.extension.TimeoutExtension.interceptTestableMethod(TimeoutExtension.java:147)
	at org.junit.jupiter.engine.extension.TimeoutExtension.interceptTestMethod(TimeoutExtension.java:86)
	at org.junit.jupiter.engine.execution.InterceptingExecutableInvoker$ReflectiveInterceptorCall.lambda$ofVoidMethod$0(InterceptingExecutableInvoker.java:103)
	at org.junit.jupiter.engine.execution.InterceptingExecutableInvoker.lambda$invoke$0(InterceptingExecutableInvoker.java:93)
	at org.junit.jupiter.engine.execution.InvocationInterceptorChain$InterceptedInvocation.proceed(InvocationInterceptorChain.java:106)
	at org.junit.jupiter.engine.execution.InvocationInterceptorChain.proceed(InvocationInterceptorChain.java:64)
	at org.junit.jupiter.engine.execution.InvocationInterceptorChain.chainAndInvoke(InvocationInterceptorChain.java:45)
	at org.junit.jupiter.engine.execution.InvocationInterceptorChain.invoke(InvocationInterceptorChain.java:37)
	at org.junit.jupiter.engine.execution.InterceptingExecutableInvoker.invoke(InterceptingExecutableInvoker.java:92)
	at org.junit.jupiter.engine.execution.InterceptingExecutableInvoker.invoke(InterceptingExecutableInvoker.java:86)
	at org.junit.jupiter.engine.descriptor.TestMethodTestDescriptor.lambda$invokeTestMethod$7(TestMethodTestDescriptor.java:218)
	at org.junit.platform.engine.support.hierarchical.ThrowableCollector.execute(ThrowableCollector.java:73)
	at org.junit.jupiter.engine.descriptor.TestMethodTestDescriptor.invokeTestMethod(TestMethodTestDescriptor.java:214)
	at org.junit.jupiter.engine.descriptor.TestMethodTestDescriptor.execute(TestMethodTestDescriptor.java:139)
	at org.junit.jupiter.engine.descriptor.TestMethodTestDescriptor.execute(TestMethodTestDescriptor.java:69)
	at org.junit.platform.engine.support.hierarchical.NodeTestTask.lambda$executeRecursively$6(NodeTestTask.java:151)
	at org.junit.platform.engine.support.hierarchical.ThrowableCollector.execute(ThrowableCollector.java:73)
	at org.junit.platform.engine.support.hierarchical.NodeTestTask.lambda$executeRecursively$8(NodeTestTask.java:141)
	at org.junit.platform.engine.support.hierarchical.Node.around(Node.java:137)
	at org.junit.platform.engine.support.hierarchical.NodeTestTask.lambda$executeRecursively$9(NodeTestTask.java:139)
	at org.junit.platform.engine.support.hierarchical.ThrowableCollector.execute(ThrowableCollector.java:73)
	at org.junit.platform.engine.support.hierarchical.NodeTestTask.executeRecursively(NodeTestTask.java:138)
	at org.junit.platform.engine.support.hierarchical.NodeTestTask.execute(NodeTestTask.java:95)
	at java.base/java.util.ArrayList.forEach(ArrayList.java:1597)
	at org.junit.platform.engine.support.hierarchical.SameThreadHierarchicalTestExecutorService.invokeAll(SameThreadHierarchicalTestExecutorService.java:41)
	at org.junit.platform.engine.support.hierarchical.NodeTestTask.lambda$executeRecursively$6(NodeTestTask.java:155)
	at org.junit.platform.engine.support.hierarchical.ThrowableCollector.execute(ThrowableCollector.java:73)
	at org.junit.platform.engine.support.hierarchical.NodeTestTask.lambda$executeRecursively$8(NodeTestTask.java:141)
	at org.junit.platform.engine.support.hierarchical.Node.around(Node.java:137)
	at org.junit.platform.engine.support.hierarchical.NodeTestTask.lambda$executeRecursively$9(NodeTestTask.java:139)
	at org.junit.platform.engine.support.hierarchical.ThrowableCollector.execute(ThrowableCollector.java:73)
	at org.junit.platform.engine.support.hierarchical.NodeTestTask.executeRecursively(NodeTestTask.java:138)
	at org.junit.platform.engine.support.hierarchical.NodeTestTask.execute(NodeTestTask.java:95)
	at java.base/java.util.ArrayList.forEach(ArrayList.java:1597)
	at org.junit.platform.engine.support.hierarchical.SameThreadHierarchicalTestExecutorService.invokeAll(SameThreadHierarchicalTestExecutorService.java:41)
	at org.junit.platform.engine.support.hierarchical.NodeTestTask.lambda$executeRecursively$6(NodeTestTask.java:155)
	at org.junit.platform.engine.support.hierarchical.ThrowableCollector.execute(ThrowableCollector.java:73)
	at org.junit.platform.engine.support.hierarchical.NodeTestTask.lambda$executeRecursively$8(NodeTestTask.java:141)
	at org.junit.platform.engine.support.hierarchical.Node.around(Node.java:137)
	at org.junit.platform.engine.support.hierarchical.NodeTestTask.lambda$executeRecursively$9(NodeTestTask.java:139)
	at org.junit.platform.engine.support.hierarchical.ThrowableCollector.execute(ThrowableCollector.java:73)
	at org.junit.platform.engine.support.hierarchical.NodeTestTask.executeRecursively(NodeTestTask.java:138)
	at org.junit.platform.engine.support.hierarchical.NodeTestTask.execute(NodeTestTask.java:95)
	at org.junit.platform.engine.support.hierarchical.SameThreadHierarchicalTestExecutorService.submit(SameThreadHierarchicalTestExecutorService.java:35)
	at org.junit.platform.engine.support.hierarchical.HierarchicalTestExecutor.execute(HierarchicalTestExecutor.java:57)
	at org.junit.platform.engine.support.hierarchical.HierarchicalTestEngine.execute(HierarchicalTestEngine.java:54)
	at org.junit.platform.launcher.core.EngineExecutionOrchestrator.execute(EngineExecutionOrchestrator.java:198)
	at org.junit.platform.launcher.core.EngineExecutionOrchestrator.execute(EngineExecutionOrchestrator.java:169)
	at org.junit.platform.launcher.core.EngineExecutionOrchestrator.execute(EngineExecutionOrchestrator.java:93)
	at org.junit.platform.launcher.core.EngineExecutionOrchestrator.lambda$execute$0(EngineExecutionOrchestrator.java:58)
	at org.junit.platform.launcher.core.EngineExecutionOrchestrator.withInterceptedStreams(EngineExecutionOrchestrator.java:141)
	at org.junit.platform.launcher.core.EngineExecutionOrchestrator.execute(EngineExecutionOrchestrator.java:57)
	at org.junit.platform.launcher.core.DefaultLauncher.execute(DefaultLauncher.java:103)
	at org.junit.platform.launcher.core.DefaultLauncher.execute(DefaultLauncher.java:85)
	at org.junit.platform.launcher.core.DelegatingLauncher.execute(DelegatingLauncher.java:47)
	at org.apache.maven.surefire.junitplatform.LazyLauncher.execute(LazyLauncher.java:56)
	at org.apache.maven.surefire.junitplatform.JUnitPlatformProvider.execute(JUnitPlatformProvider.java:184)
	at org.apache.maven.surefire.junitplatform.JUnitPlatformProvider.invokeAllTests(JUnitPlatformProvider.java:148)
	at org.apache.maven.surefire.junitplatform.JUnitPlatformProvider.invoke(JUnitPlatformProvider.java:122)
	at org.apache.maven.surefire.booter.ForkedBooter.runSuitesInProcess(ForkedBooter.java:385)
	at org.apache.maven.surefire.booter.ForkedBooter.execute(ForkedBooter.java:162)
	at org.apache.maven.surefire.booter.ForkedBooter.run(ForkedBooter.java:507)
	at org.apache.maven.surefire.booter.ForkedBooter.main(ForkedBooter.java:495)

[ERRO] 2026-01-09 18:51:47.167 - Erro-31
  Exceção: java.lang.RuntimeException: Erro 31
java.lang.RuntimeException: Erro 31
	at testes.ErrorLoggerTest.testeLogNaoCresceIndefinidamente(ErrorLoggerTest.java:398)
	at java.base/jdk.internal.reflect.DirectMethodHandleAccessor.invoke(DirectMethodHandleAccessor.java:103)
	at java.base/java.lang.reflect.Method.invoke(Method.java:580)
	at org.junit.platform.commons.util.ReflectionUtils.invokeMethod(ReflectionUtils.java:728)
	at org.junit.jupiter.engine.execution.MethodInvocation.proceed(MethodInvocation.java:60)
	at org.junit.jupiter.engine.execution.InvocationInterceptorChain$ValidatingInvocation.proceed(InvocationInterceptorChain.java:131)
	at org.junit.jupiter.engine.extension.TimeoutExtension.intercept(TimeoutExtension.java:156)
	at org.junit.jupiter.engine.extension.TimeoutExtension.interceptTestableMethod(TimeoutExtension.java:147)
	at org.junit.jupiter.engine.extension.TimeoutExtension.interceptTestMethod(TimeoutExtension.java:86)
	at org.junit.jupiter.engine.execution.InterceptingExecutableInvoker$ReflectiveInterceptorCall.lambda$ofVoidMethod$0(InterceptingExecutableInvoker.java:103)
	at org.junit.jupiter.engine.execution.InterceptingExecutableInvoker.lambda$invoke$0(InterceptingExecutableInvoker.java:93)
	at org.junit.jupiter.engine.execution.InvocationInterceptorChain$InterceptedInvocation.proceed(InvocationInterceptorChain.java:106)
	at org.junit.jupiter.engine.execution.InvocationInterceptorChain.proceed(InvocationInterceptorChain.java:64)
	at org.junit.jupiter.engine.execution.InvocationInterceptorChain.chainAndInvoke(InvocationInterceptorChain.java:45)
	at org.junit.jupiter.engine.execution.InvocationInterceptorChain.invoke(InvocationInterceptorChain.java:37)
	at org.junit.jupiter.engine.execution.InterceptingExecutableInvoker.invoke(InterceptingExecutableInvoker.java:92)
	at org.junit.jupiter.engine.execution.InterceptingExecutableInvoker.invoke(InterceptingExecutableInvoker.java:86)
	at org.junit.jupiter.engine.descriptor.TestMethodTestDescriptor.lambda$invokeTestMethod$7(TestMethodTestDescriptor.java:218)
	at org.junit.platform.engine.support.hierarchical.ThrowableCollector.execute(ThrowableCollector.java:73)
	at org.junit.jupiter.engine.descriptor.TestMethodTestDescriptor.invokeTestMethod(TestMethodTestDescriptor.java:214)
	at org.junit.jupiter.engine.descriptor.TestMethodTestDescriptor.execute(TestMethodTestDescriptor.java:139)
	at org.junit.jupiter.engine.descriptor.TestMethodTestDescriptor.execute(TestMethodTestDescriptor.java:69)
	at org.junit.platform.engine.support.hierarchical.NodeTestTask.lambda$executeRecursively$6(NodeTestTask.java:151)
	at org.junit.platform.engine.support.hierarchical.ThrowableCollector.execute(ThrowableCollector.java:73)
	at org.junit.platform.engine.support.hierarchical.NodeTestTask.lambda$executeRecursively$8(NodeTestTask.java:141)
	at org.junit.platform.engine.support.hierarchical.Node.around(Node.java:137)
	at org.junit.platform.engine.support.hierarchical.NodeTestTask.lambda$executeRecursively$9(NodeTestTask.java:139)
	at org.junit.platform.engine.support.hierarchical.ThrowableCollector.execute(ThrowableCollector.java:73)
	at org.junit.platform.engine.support.hierarchical.NodeTestTask.executeRecursively(NodeTestTask.java:138)
	at org.junit.platform.engine.support.hierarchical.NodeTestTask.execute(NodeTestTask.java:95)
	at java.base/java.util.ArrayList.forEach(ArrayList.java:1597)
	at org.junit.platform.engine.support.hierarchical.SameThreadHierarchicalTestExecutorService.invokeAll(SameThreadHierarchicalTestExecutorService.java:41)
	at org.junit.platform.engine.support.hierarchical.NodeTestTask.lambda$executeRecursively$6(NodeTestTask.java:155)
	at org.junit.platform.engine.support.hierarchical.ThrowableCollector.execute(ThrowableCollector.java:73)
	at org.junit.platform.engine.support.hierarchical.NodeTestTask.lambda$executeRecursively$8(NodeTestTask.java:141)
	at org.junit.platform.engine.support.hierarchical.Node.around(Node.java:137)
	at org.junit.platform.engine.support.hierarchical.NodeTestTask.lambda$executeRecursively$9(NodeTestTask.java:139)
	at org.junit.platform.engine.support.hierarchical.ThrowableCollector.execute(ThrowableCollector.java:73)
	at org.junit.platform.engine.support.hierarchical.NodeTestTask.executeRecursively(NodeTestTask.java:138)
	at org.junit.platform.engine.support.hierarchical.NodeTestTask.execute(NodeTestTask.java:95)
	at java.base/java.util.ArrayList.forEach(ArrayList.java:1597)
	at org.junit.platform.engine.support.hierarchical.SameThreadHierarchicalTestExecutorService.invokeAll(SameThreadHierarchicalTestExecutorService.java:41)
	at org.junit.platform.engine.support.hierarchical.NodeTestTask.lambda$executeRecursively$6(NodeTestTask.java:155)
	at org.junit.platform.engine.support.hierarchical.ThrowableCollector.execute(ThrowableCollector.java:73)
	at org.junit.platform.engine.support.hierarchical.NodeTestTask.lambda$executeRecursively$8(NodeTestTask.java:141)
	at org.junit.platform.engine.support.hierarchical.Node.around(Node.java:137)
	at org.junit.platform.engine.support.hierarchical.NodeTestTask.lambda$executeRecursively$9(NodeTestTask.java:139)
	at org.junit.platform.engine.support.hierarchical.ThrowableCollector.execute(ThrowableCollector.java:73)
	at org.junit.platform.engine.support.hierarchical.NodeTestTask.executeRecursively(NodeTestTask.java:138)
	at org.junit.platform.engine.support.hierarchical.NodeTestTask.execute(NodeTestTask.java:95)
	at org.junit.platform.engine.support.hierarchical.SameThreadHierarchicalTestExecutorService.submit(SameThreadHierarchicalTestExecutorService.java:35)
	at org.junit.platform.engine.support.hierarchical.HierarchicalTestExecutor.execute(HierarchicalTestExecutor.java:57)
	at org.junit.platform.engine.support.hierarchical.HierarchicalTestEngine.execute(HierarchicalTestEngine.java:54)
	at org.junit.platform.launcher.core.EngineExecutionOrchestrator.execute(EngineExecutionOrchestrator.java:198)
	at org.junit.platform.launcher.core.EngineExecutionOrchestrator.execute(EngineExecutionOrchestrator.java:169)
	at org.junit.platform.launcher.core.EngineExecutionOrchestrator.execute(EngineExecutionOrchestrator.java:93)
	at org.junit.platform.launcher.core.EngineExecutionOrchestrator.lambda$execute$0(EngineExecutionOrchestrator.java:58)
	at org.junit.platform.launcher.core.EngineExecutionOrchestrator.withInterceptedStreams(EngineExecutionOrchestrator.java:141)
	at org.junit.platform.launcher.core.EngineExecutionOrchestrator.execute(EngineExecutionOrchestrator.java:57)
	at org.junit.platform.launcher.core.DefaultLauncher.execute(DefaultLauncher.java:103)
	at org.junit.platform.launcher.core.DefaultLauncher.execute(DefaultLauncher.java:85)
	at org.junit.platform.launcher.core.DelegatingLauncher.execute(DelegatingLauncher.java:47)
	at org.apache.maven.surefire.junitplatform.LazyLauncher.execute(LazyLauncher.java:56)
	at org.apache.maven.surefire.junitplatform.JUnitPlatformProvider.execute(JUnitPlatformProvider.java:184)
	at org.apache.maven.surefire.junitplatform.JUnitPlatformProvider.invokeAllTests(JUnitPlatformProvider.java:148)
	at org.apache.maven.surefire.junitplatform.JUnitPlatformProvider.invoke(JUnitPlatformProvider.java:122)
	at org.apache.maven.surefire.booter.ForkedBooter.runSuitesInProcess(ForkedBooter.java:385)
	at org.apache.maven.surefire.booter.ForkedBooter.execute(ForkedBooter.java:162)
	at org.apache.maven.surefire.booter.ForkedBooter.run(ForkedBooter.java:507)
	at org.apache.maven.surefire.booter.ForkedBooter.main(ForkedBooter.java:495)

[ERRO] 2026-01-09 18:51:47.167 - Erro-32
  Exceção: java.lang.RuntimeException: Erro 32
java.lang.RuntimeException: Erro 32
	at testes.ErrorLoggerTest.testeLogNaoCresceIndefinidamente(ErrorLoggerTest.java:398)
	at java.base/jdk.internal.reflect.DirectMethodHandleAccessor.invoke(DirectMethodHandleAccessor.java:103)
	at java.base/java.lang.reflect.Method.invoke(Method.java:580)
	at org.junit.platform.commons.util.ReflectionUtils.invokeMethod(ReflectionUtils.java:728)
	at org.junit.jupiter.engine.execution.MethodInvocation.proceed(MethodInvocation.java:60)
	at org.junit.jupiter.engine.execution.InvocationInterceptorChain$ValidatingInvocation.proceed(InvocationInterceptorChain.java:131)
	at org.junit.jupiter.engine.extension.TimeoutExtension.intercept(TimeoutExtension.java:156)
	at org.junit.jupiter.engine.extension.TimeoutExtension.interceptTestableMethod(TimeoutExtension.java:147)
	at org.junit.jupiter.engine.extension.TimeoutExtension.interceptTestMethod(TimeoutExtension.java:86)
	at org.junit.jupiter.engine.execution.InterceptingExecutableInvoker$ReflectiveInterceptorCall.lambda$ofVoidMethod$0(InterceptingExecutableInvoker.java:103)
	at org.junit.jupiter.engine.execution.InterceptingExecutableInvoker.lambda$invoke$0(InterceptingExecutableInvoker.java:93)
	at org.junit.jupiter.engine.execution.InvocationInterceptorChain$InterceptedInvocation.proceed(InvocationInterceptorChain.java:106)
	at org.junit.jupiter.engine.execution.InvocationInterceptorChain.proceed(InvocationInterceptorChain.java:64)
	at org.junit.jupiter.engine.execution.InvocationInterceptorChain.chainAndInvoke(InvocationInterceptorChain.java:45)
	at org.junit.jupiter.engine.execution.InvocationInterceptorChain.invoke(InvocationInterceptorChain.java:37)
	at org.junit.jupiter.engine.execution.InterceptingExecutableInvoker.invoke(InterceptingExecutableInvoker.java:92)
	at org.junit.jupiter.engine.execution.InterceptingExecutableInvoker.invoke(InterceptingExecutableInvoker.java:86)
	at org.junit.jupiter.engine.descriptor.TestMethodTestDescriptor.lambda$invokeTestMethod$7(TestMethodTestDescriptor.java:218)
	at org.junit.platform.engine.support.hierarchical.ThrowableCollector.execute(ThrowableCollector.java:73)
	at org.junit.jupiter.engine.descriptor.TestMethodTestDescriptor.invokeTestMethod(TestMethodTestDescriptor.java:214)
	at org.junit.jupiter.engine.descriptor.TestMethodTestDescriptor.execute(TestMethodTestDescriptor.java:139)
	at org.junit.jupiter.engine.descriptor.TestMethodTestDescriptor.execute(TestMethodTestDescriptor.java:69)
	at org.junit.platform.engine.support.hierarchical.NodeTestTask.lambda$executeRecursively$6(NodeTestTask.java:151)
	at org.junit.platform.engine.support.hierarchical.ThrowableCollector.execute(ThrowableCollector.java:73)
	at org.junit.platform.engine.support.hierarchical.NodeTestTask.lambda$executeRecursively$8(NodeTestTask.java:141)
	at org.junit.platform.engine.support.hierarchical.Node.around(Node.java:137)
	at org.junit.platform.engine.support.hierarchical.NodeTestTask.lambda$executeRecursively$9(NodeTestTask.java:139)
	at org.junit.platform.engine.support.hierarchical.ThrowableCollector.execute(ThrowableCollector.java:73)
	at org.junit.platform.engine.support.hierarchical.NodeTestTask.executeRecursively(NodeTestTask.java:138)
	at org.junit.platform.engine.support.hierarchical.NodeTestTask.execute(NodeTestTask.java:95)
	at java.base/java.util.ArrayList.forEach(ArrayList.java:1597)
	at org.junit.platform.engine.support.hierarchical.SameThreadHierarchicalTestExecutorService.invokeAll(SameThreadHierarchicalTestExecutorService.java:41)
	at org.junit.platform.engine.support.hierarchical.NodeTestTask.lambda$executeRecursively$6(NodeTestTask.java:155)
	at org.junit.platform.engine.support.hierarchical.ThrowableCollector.execute(ThrowableCollector.java:73)
	at org.junit.platform.engine.support.hierarchical.NodeTestTask.lambda$executeRecursively$8(NodeTestTask.java:141)
	at org.junit.platform.engine.support.hierarchical.Node.around(Node.java:137)
	at org.junit.platform.engine.support.hierarchical.NodeTestTask.lambda$executeRecursively$9(NodeTestTask.java:139)
	at org.junit.platform.engine.support.hierarchical.ThrowableCollector.execute(ThrowableCollector.java:73)
	at org.junit.platform.engine.support.hierarchical.NodeTestTask.executeRecursively(NodeTestTask.java:138)
	at org.junit.platform.engine.support.hierarchical.NodeTestTask.execute(NodeTestTask.java:95)
	at java.base/java.util.ArrayList.forEach(ArrayList.java:1597)
	at org.junit.platform.engine.support.hierarchical.SameThreadHierarchicalTestExecutorService.invokeAll(SameThreadHierarchicalTestExecutorService.java:41)
	at org.junit.platform.engine.support.hierarchical.NodeTestTask.lambda$executeRecursively$6(NodeTestTask.java:155)
	at org.junit.platform.engine.support.hierarchical.ThrowableCollector.execute(ThrowableCollector.java:73)
	at org.junit.platform.engine.support.hierarchical.NodeTestTask.lambda$executeRecursively$8(NodeTestTask.java:141)
	at org.junit.platform.engine.support.hierarchical.Node.around(Node.java:137)
	at org.junit.platform.engine.support.hierarchical.NodeTestTask.lambda$executeRecursively$9(NodeTestTask.java:139)
	at org.junit.platform.engine.support.hierarchical.ThrowableCollector.execute(ThrowableCollector.java:73)
	at org.junit.platform.engine.support.hierarchical.NodeTestTask.executeRecursively(NodeTestTask.java:138)
	at org.junit.platform.engine.support.hierarchical.NodeTestTask.execute(NodeTestTask.java:95)
	at org.junit.platform.engine.support.hierarchical.SameThreadHierarchicalTestExecutorService.submit(SameThreadHierarchicalTestExecutorService.java:35)
	at org.junit.platform.engine.support.hierarchical.HierarchicalTestExecutor.execute(HierarchicalTestExecutor.java:57)
	at org.junit.platform.engine.support.hierarchical.HierarchicalTestEngine.execute(HierarchicalTestEngine.java:54)
	at org.junit.platform.launcher.core.EngineExecutionOrchestrator.execute(EngineExecutionOrchestrator.java:198)
	at org.junit.platform.launcher.core.EngineExecutionOrchestrator.execute(EngineExecutionOrchestrator.java:169)
	at org.junit.platform.launcher.core.EngineExecutionOrchestrator.execute(EngineExecutionOrchestrator.java:93)
	at org.junit.platform.launcher.core.EngineExecutionOrchestrator.lambda$execute$0(EngineExecutionOrchestrator.java:58)
	at org.junit.platform.launcher.core.EngineExecutionOrchestrator.withInterceptedStreams(EngineExecutionOrchestrator.java:141)
	at org.junit.platform.launcher.core.EngineExecutionOrchestrator.execute(EngineExecutionOrchestrator.java:57)
	at org.junit.platform.launcher.core.DefaultLauncher.execute(DefaultLauncher.java:103)
	at org.junit.platform.launcher.core.DefaultLauncher.execute(DefaultLauncher.java:85)
	at org.junit.platform.launcher.core.DelegatingLauncher.execute(DelegatingLauncher.java:47)
	at org.apache.maven.surefire.junitplatform.LazyLauncher.execute(LazyLauncher.java:56)
	at org.apache.maven.surefire.junitplatform.JUnitPlatformProvider.execute(JUnitPlatformProvider.java:184)
	at org.apache.maven.surefire.junitplatform.JUnitPlatformProvider.invokeAllTests(JUnitPlatformProvider.java:148)
	at org.apache.maven.surefire.junitplatform.JUnitPlatformProvider.invoke(JUnitPlatformProvider.java:122)
	at org.apache.maven.surefire.booter.ForkedBooter.runSuitesInProcess(ForkedBooter.java:385)
	at org.apache.maven.surefire.booter.ForkedBooter.execute(ForkedBooter.java:162)
	at org.apache.maven.surefire.booter.ForkedBooter.run(ForkedBooter.java:507)
	at org.apache.maven.surefire.booter.ForkedBooter.main(ForkedBooter.java:495)

[ERRO] 2026-01-09 18:51:47.167 - Erro-33
  Exceção: java.lang.RuntimeException: Erro 33
java.lang.RuntimeException: Erro 33
	at testes.ErrorLoggerTest.testeLogNaoCresceIndefinidamente(ErrorLoggerTest.java:398)
	at java.base/jdk.internal.reflect.DirectMethodHandleAccessor.invoke(DirectMethodHandleAccessor.java:103)
	at java.base/java.lang.reflect.Method.invoke(Method.java:580)
	at org.junit.platform.commons.util.ReflectionUtils.invokeMethod(ReflectionUtils.java:728)
	at org.junit.jupiter.engine.execution.MethodInvocation.proceed(MethodInvocation.java:60)
	at org.junit.jupiter.engine.execution.InvocationInterceptorChain$ValidatingInvocation.proceed(InvocationInterceptorChain.java:131)
	at org.junit.jupiter.engine.extension.TimeoutExtension.intercept(TimeoutExtension.java:156)
	at org.junit.jupiter.engine.extension.TimeoutExtension.interceptTestableMethod(TimeoutExtension.java:147)
	at org.junit.jupiter.engine.extension.TimeoutExtension.interceptTestMethod(TimeoutExtension.java:86)
	at org.junit.jupiter.engine.execution.InterceptingExecutableInvoker$ReflectiveInterceptorCall.lambda$ofVoidMethod$0(InterceptingExecutableInvoker.java:103)
	at org.junit.jupiter.engine.execution.InterceptingExecutableInvoker.lambda$invoke$0(InterceptingExecutableInvoker.java:93)
	at org.junit.jupiter.engine.execution.InvocationInterceptorChain$InterceptedInvocation.proceed(InvocationInterceptorChain.java:106)
	at org.junit.jupiter.engine.execution.InvocationInterceptorChain.proceed(InvocationInterceptorChain.java:64)
	at org.junit.jupiter.engine.execution.InvocationInterceptorChain.chainAndInvoke(InvocationInterceptorChain.java:45)
	at org.junit.jupiter.engine.execution.InvocationInterceptorChain.invoke(InvocationInterceptorChain.java:37)
	at org.junit.jupiter.engine.execution.InterceptingExecutableInvoker.invoke(InterceptingExecutableInvoker.java:92)
	at org.junit.jupiter.engine.execution.InterceptingExecutableInvoker.invoke(InterceptingExecutableInvoker.java:86)
	at org.junit.jupiter.engine.descriptor.TestMethodTestDescriptor.lambda$invokeTestMethod$7(TestMethodTestDescriptor.java:218)
	at org.junit.platform.engine.support.hierarchical.ThrowableCollector.execute(ThrowableCollector.java:73)
	at org.junit.jupiter.engine.descriptor.TestMethodTestDescriptor.invokeTestMethod(TestMethodTestDescriptor.java:214)
	at org.junit.jupiter.engine.descriptor.TestMethodTestDescriptor.execute(TestMethodTestDescriptor.java:139)
	at org.junit.jupiter.engine.descriptor.TestMethodTestDescriptor.execute(TestMethodTestDescriptor.java:69)
	at org.junit.platform.engine.support.hierarchical.NodeTestTask.lambda$executeRecursively$6(NodeTestTask.java:151)
	at org.junit.platform.engine.support.hierarchical.ThrowableCollector.execute(ThrowableCollector.java:73)
	at org.junit.platform.engine.support.hierarchical.NodeTestTask.lambda$executeRecursively$8(NodeTestTask.java:141)
	at org.junit.platform.engine.support.hierarchical.Node.around(Node.java:137)
	at org.junit.platform.engine.support.hierarchical.NodeTestTask.lambda$executeRecursively$9(NodeTestTask.java:139)
	at org.junit.platform.engine.support.hierarchical.ThrowableCollector.execute(ThrowableCollector.java:73)
	at org.junit.platform.engine.support.hierarchical.NodeTestTask.executeRecursively(NodeTestTask.java:138)
	at org.junit.platform.engine.support.hierarchical.NodeTestTask.execute(NodeTestTask.java:95)
	at java.base/java.util.ArrayList.forEach(ArrayList.java:1597)
	at org.junit.platform.engine.support.hierarchical.SameThreadHierarchicalTestExecutorService.invokeAll(SameThreadHierarchicalTestExecutorService.java:41)
	at org.junit.platform.engine.support.hierarchical.NodeTestTask.lambda$executeRecursively$6(NodeTestTask.java:155)
	at org.junit.platform.engine.support.hierarchical.ThrowableCollector.execute(ThrowableCollector.java:73)
	at org.junit.platform.engine.support.hierarchical.NodeTestTask.lambda$executeRecursively$8(NodeTestTask.java:141)
	at org.junit.platform.engine.support.hierarchical.Node.around(Node.java:137)
	at org.junit.platform.engine.support.hierarchical.NodeTestTask.lambda$executeRecursively$9(NodeTestTask.java:139)
	at org.junit.platform.engine.support.hierarchical.ThrowableCollector.execute(ThrowableCollector.java:73)
	at org.junit.platform.engine.support.hierarchical.NodeTestTask.executeRecursively(NodeTestTask.java:138)
	at org.junit.platform.engine.support.hierarchical.NodeTestTask.execute(NodeTestTask.java:95)
	at java.base/java.util.ArrayList.forEach(ArrayList.java:1597)
	at org.junit.platform.engine.support.hierarchical.SameThreadHierarchicalTestExecutorService.invokeAll(SameThreadHierarchicalTestExecutorService.java:41)
	at org.junit.platform.engine.support.hierarchical.NodeTestTask.lambda$executeRecursively$6(NodeTestTask.java:155)
	at org.junit.platform.engine.support.hierarchical.ThrowableCollector.execute(ThrowableCollector.java:73)
	at org.junit.platform.engine.support.hierarchical.NodeTestTask.lambda$executeRecursively$8(NodeTestTask.java:141)
	at org.junit.platform.engine.support.hierarchical.Node.around(Node.java:137)
	at org.junit.platform.engine.support.hierarchical.NodeTestTask.lambda$executeRecursively$9(NodeTestTask.java:139)
	at org.junit.platform.engine.support.hierarchical.ThrowableCollector.execute(ThrowableCollector.java:73)
	at org.junit.platform.engine.support.hierarchical.NodeTestTask.executeRecursively(NodeTestTask.java:138)
	at org.junit.platform.engine.support.hierarchical.NodeTestTask.execute(NodeTestTask.java:95)
	at org.junit.platform.engine.support.hierarchical.SameThreadHierarchicalTestExecutorService.submit(SameThreadHierarchicalTestExecutorService.java:35)
	at org.junit.platform.engine.support.hierarchical.HierarchicalTestExecutor.execute(HierarchicalTestExecutor.java:57)
	at org.junit.platform.engine.support.hierarchical.HierarchicalTestEngine.execute(HierarchicalTestEngine.java:54)
	at org.junit.platform.launcher.core.EngineExecutionOrchestrator.execute(EngineExecutionOrchestrator.java:198)
	at org.junit.platform.launcher.core.EngineExecutionOrchestrator.execute(EngineExecutionOrchestrator.java:169)
	at org.junit.platform.launcher.core.EngineExecutionOrchestrator.execute(EngineExecutionOrchestrator.java:93)
	at org.junit.platform.launcher.core.EngineExecutionOrchestrator.lambda$execute$0(EngineExecutionOrchestrator.java:58)
	at org.junit.platform.launcher.core.EngineExecutionOrchestrator.withInterceptedStreams(EngineExecutionOrchestrator.java:141)
	at org.junit.platform.launcher.core.EngineExecutionOrchestrator.execute(EngineExecutionOrchestrator.java:57)
	at org.junit.platform.launcher.core.DefaultLauncher.execute(DefaultLauncher.java:103)
	at org.junit.platform.launcher.core.DefaultLauncher.execute(DefaultLauncher.java:85)
	at org.junit.platform.launcher.core.DelegatingLauncher.execute(DelegatingLauncher.java:47)
	at org.apache.maven.surefire.junitplatform.LazyLauncher.execute(LazyLauncher.java:56)
	at org.apache.maven.surefire.junitplatform.JUnitPlatformProvider.execute(JUnitPlatformProvider.java:184)
	at org.apache.maven.surefire.junitplatform.JUnitPlatformProvider.invokeAllTests(JUnitPlatformProvider.java:148)
	at org.apache.maven.surefire.junitplatform.JUnitPlatformProvider.invoke(JUnitPlatformProvider.java:122)
	at org.apache.maven.surefire.booter.ForkedBooter.runSuitesInProcess(ForkedBooter.java:385)
	at org.apache.maven.surefire.booter.ForkedBooter.execute(ForkedBooter.java:162)
	at org.apache.maven.surefire.booter.ForkedBooter.run(ForkedBooter.java:507)
	at org.apache.maven.surefire.booter.ForkedBooter.main(ForkedBooter.java:495)

[ERRO] 2026-01-09 18:51:47.168 - Erro-34
  Exceção: java.lang.RuntimeException: Erro 34
java.lang.RuntimeException: Erro 34
	at testes.ErrorLoggerTest.testeLogNaoCresceIndefinidamente(ErrorLoggerTest.java:398)
	at java.base/jdk.internal.reflect.DirectMethodHandleAccessor.invoke(DirectMethodHandleAccessor.java:103)
	at java.base/java.lang.reflect.Method.invoke(Method.java:580)
	at org.junit.platform.commons.util.ReflectionUtils.invokeMethod(ReflectionUtils.java:728)
	at org.junit.jupiter.engine.execution.MethodInvocation.proceed(MethodInvocation.java:60)
	at org.junit.jupiter.engine.execution.InvocationInterceptorChain$ValidatingInvocation.proceed(InvocationInterceptorChain.java:131)
	at org.junit.jupiter.engine.extension.TimeoutExtension.intercept(TimeoutExtension.java:156)
	at org.junit.jupiter.engine.extension.TimeoutExtension.interceptTestableMethod(TimeoutExtension.java:147)
	at org.junit.jupiter.engine.extension.TimeoutExtension.interceptTestMethod(TimeoutExtension.java:86)
	at org.junit.jupiter.engine.execution.InterceptingExecutableInvoker$ReflectiveInterceptorCall.lambda$ofVoidMethod$0(InterceptingExecutableInvoker.java:103)
	at org.junit.jupiter.engine.execution.InterceptingExecutableInvoker.lambda$invoke$0(InterceptingExecutableInvoker.java:93)
	at org.junit.jupiter.engine.execution.InvocationInterceptorChain$InterceptedInvocation.proceed(InvocationInterceptorChain.java:106)
	at org.junit.jupiter.engine.execution.InvocationInterceptorChain.proceed(InvocationInterceptorChain.java:64)
	at org.junit.jupiter.engine.execution.InvocationInterceptorChain.chainAndInvoke(InvocationInterceptorChain.java:45)
	at org.junit.jupiter.engine.execution.InvocationInterceptorChain.invoke(InvocationInterceptorChain.java:37)
	at org.junit.jupiter.engine.execution.InterceptingExecutableInvoker.invoke(InterceptingExecutableInvoker.java:92)
	at org.junit.jupiter.engine.execution.InterceptingExecutableInvoker.invoke(InterceptingExecutableInvoker.java:86)
	at org.junit.jupiter.engine.descriptor.TestMethodTestDescriptor.lambda$invokeTestMethod$7(TestMethodTestDescriptor.java:218)
	at org.junit.platform.engine.support.hierarchical.ThrowableCollector.execute(ThrowableCollector.java:73)
	at org.junit.jupiter.engine.descriptor.TestMethodTestDescriptor.invokeTestMethod(TestMethodTestDescriptor.java:214)
	at org.junit.jupiter.engine.descriptor.TestMethodTestDescriptor.execute(TestMethodTestDescriptor.java:139)
	at org.junit.jupiter.engine.descriptor.TestMethodTestDescriptor.execute(TestMethodTestDescriptor.java:69)
	at org.junit.platform.engine.support.hierarchical.NodeTestTask.lambda$executeRecursively$6(NodeTestTask.java:151)
	at org.junit.platform.engine.support.hierarchical.ThrowableCollector.execute(ThrowableCollector.java:73)
	at org.junit.platform.engine.support.hierarchical.NodeTestTask.lambda$executeRecursively$8(NodeTestTask.java:141)
	at org.junit.platform.engine.support.hierarchical.Node.around(Node.java:137)
	at org.junit.platform.engine.support.hierarchical.NodeTestTask.lambda$executeRecursively$9(NodeTestTask.java:139)
	at org.junit.platform.engine.support.hierarchical.ThrowableCollector.execute(ThrowableCollector.java:73)
	at org.junit.platform.engine.support.hierarchical.NodeTestTask.executeRecursively(NodeTestTask.java:138)
	at org.junit.platform.engine.support.hierarchical.NodeTestTask.execute(NodeTestTask.java:95)
	at java.base/java.util.ArrayList.forEach(ArrayList.java:1597)
	at org.junit.platform.engine.support.hierarchical.SameThreadHierarchicalTestExecutorService.invokeAll(SameThreadHierarchicalTestExecutorService.java:41)
	at org.junit.platform.engine.support.hierarchical.NodeTestTask.lambda$executeRecursively$6(NodeTestTask.java:155)
	at org.junit.platform.engine.support.hierarchical.ThrowableCollector.execute(ThrowableCollector.java:73)
	at org.junit.platform.engine.support.hierarchical.NodeTestTask.lambda$executeRecursively$8(NodeTestTask.java:141)
	at org.junit.platform.engine.support.hierarchical.Node.around(Node.java:137)
	at org.junit.platform.engine.support.hierarchical.NodeTestTask.lambda$executeRecursively$9(NodeTestTask.java:139)
	at org.junit.platform.engine.support.hierarchical.ThrowableCollector.execute(ThrowableCollector.java:73)
	at org.junit.platform.engine.support.hierarchical.NodeTestTask.executeRecursively(NodeTestTask.java:138)
	at org.junit.platform.engine.support.hierarchical.NodeTestTask.execute(NodeTestTask.java:95)
	at java.base/java.util.ArrayList.forEach(ArrayList.java:1597)
	at org.junit.platform.engine.support.hierarchical.SameThreadHierarchicalTestExecutorService.invokeAll(SameThreadHierarchicalTestExecutorService.java:41)
	at org.junit.platform.engine.support.hierarchical.NodeTestTask.lambda$executeRecursively$6(NodeTestTask.java:155)
	at org.junit.platform.engine.support.hierarchical.ThrowableCollector.execute(ThrowableCollector.java:73)
	at org.junit.platform.engine.support.hierarchical.NodeTestTask.lambda$executeRecursively$8(NodeTestTask.java:141)
	at org.junit.platform.engine.support.hierarchical.Node.around(Node.java:137)
	at org.junit.platform.engine.support.hierarchical.NodeTestTask.lambda$executeRecursively$9(NodeTestTask.java:139)
	at org.junit.platform.engine.support.hierarchical.ThrowableCollector.execute(ThrowableCollector.java:73)
	at org.junit.platform.engine.support.hierarchical.NodeTestTask.executeRecursively(NodeTestTask.java:138)
	at org.junit.platform.engine.support.hierarchical.NodeTestTask.execute(NodeTestTask.java:95)
	at org.junit.platform.engine.support.hierarchical.SameThreadHierarchicalTestExecutorService.submit(SameThreadHierarchicalTestExecutorService.java:35)
	at org.junit.platform.engine.support.hierarchical.HierarchicalTestExecutor.execute(HierarchicalTestExecutor.java:57)
	at org.junit.platform.engine.support.hierarchical.HierarchicalTestEngine.execute(HierarchicalTestEngine.java:54)
	at org.junit.platform.launcher.core.EngineExecutionOrchestrator.execute(EngineExecutionOrchestrator.java:198)
	at org.junit.platform.launcher.core.EngineExecutionOrchestrator.execute(EngineExecutionOrchestrator.java:169)
	at org.junit.platform.launcher.core.EngineExecutionOrchestrator.execute(EngineExecutionOrchestrator.java:93)
	at org.junit.platform.launcher.core.EngineExecutionOrchestrator.lambda$execute$0(EngineExecutionOrchestrator.java:58)
	at org.junit.platform.launcher.core.EngineExecutionOrchestrator.withInterceptedStreams(EngineExecutionOrchestrator.java:141)
	at org.junit.platform.launcher.core.EngineExecutionOrchestrator.execute(EngineExecutionOrchestrator.java:57)
	at org.junit.platform.launcher.core.DefaultLauncher.execute(DefaultLauncher.java:103)
	at org.junit.platform.launcher.core.DefaultLauncher.execute(DefaultLauncher.java:85)
	at org.junit.platform.launcher.core.DelegatingLauncher.execute(DelegatingLauncher.java:47)
	at org.apache.maven.surefire.junitplatform.LazyLauncher.execute(LazyLauncher.java:56)
	at org.apache.maven.surefire.junitplatform.JUnitPlatformProvider.execute(JUnitPlatformProvider.java:184)
	at org.apache.maven.surefire.junitplatform.JUnitPlatformProvider.invokeAllTests(JUnitPlatformProvider.java:148)
	at org.apache.maven.surefire.junitplatform.JUnitPlatformProvider.invoke(JUnitPlatformProvider.java:122)
	at org.apache.maven.surefire.booter.ForkedBooter.runSuitesInProcess(ForkedBooter.java:385)
	at org.apache.maven.surefire.booter.ForkedBooter.execute(ForkedBooter.java:162)
	at org.apache.maven.surefire.booter.ForkedBooter.run(ForkedBooter.java:507)
	at org.apache.maven.surefire.booter.ForkedBooter.main(ForkedBooter.java:495)

[ERRO] 2026-01-09 18:51:47.168 - Erro-35
  Exceção: java.lang.RuntimeException: Erro 35
java.lang.RuntimeException: Erro 35
	at testes.ErrorLoggerTest.testeLogNaoCresceIndefinidamente(ErrorLoggerTest.java:398)
	at java.base/jdk.internal.reflect.DirectMethodHandleAccessor.invoke(DirectMethodHandleAccessor.java:103)
	at java.base/java.lang.reflect.Method.invoke(Method.java:580)
	at org.junit.platform.commons.util.ReflectionUtils.invokeMethod(ReflectionUtils.java:728)
	at org.junit.jupiter.engine.execution.MethodInvocation.proceed(MethodInvocation.java:60)
	at org.junit.jupiter.engine.execution.InvocationInterceptorChain$ValidatingInvocation.proceed(InvocationInterceptorChain.java:131)
	at org.junit.jupiter.engine.extension.TimeoutExtension.intercept(TimeoutExtension.java:156)
	at org.junit.jupiter.engine.extension.TimeoutExtension.interceptTestableMethod(TimeoutExtension.java:147)
	at org.junit.jupiter.engine.extension.TimeoutExtension.interceptTestMethod(TimeoutExtension.java:86)
	at org.junit.jupiter.engine.execution.InterceptingExecutableInvoker$ReflectiveInterceptorCall.lambda$ofVoidMethod$0(InterceptingExecutableInvoker.java:103)
	at org.junit.jupiter.engine.execution.InterceptingExecutableInvoker.lambda$invoke$0(InterceptingExecutableInvoker.java:93)
	at org.junit.jupiter.engine.execution.InvocationInterceptorChain$InterceptedInvocation.proceed(InvocationInterceptorChain.java:106)
	at org.junit.jupiter.engine.execution.InvocationInterceptorChain.proceed(InvocationInterceptorChain.java:64)
	at org.junit.jupiter.engine.execution.InvocationInterceptorChain.chainAndInvoke(InvocationInterceptorChain.java:45)
	at org.junit.jupiter.engine.execution.InvocationInterceptorChain.invoke(InvocationInterceptorChain.java:37)
	at org.junit.jupiter.engine.execution.InterceptingExecutableInvoker.invoke(InterceptingExecutableInvoker.java:92)
	at org.junit.jupiter.engine.execution.InterceptingExecutableInvoker.invoke(InterceptingExecutableInvoker.java:86)
	at org.junit.jupiter.engine.descriptor.TestMethodTestDescriptor.lambda$invokeTestMethod$7(TestMethodTestDescriptor.java:218)
	at org.junit.platform.engine.support.hierarchical.ThrowableCollector.execute(ThrowableCollector.java:73)
	at org.junit.jupiter.engine.descriptor.TestMethodTestDescriptor.invokeTestMethod(TestMethodTestDescriptor.java:214)
	at org.junit.jupiter.engine.descriptor.TestMethodTestDescriptor.execute(TestMethodTestDescriptor.java:139)
	at org.junit.jupiter.engine.descriptor.TestMethodTestDescriptor.execute(TestMethodTestDescriptor.java:69)
	at org.junit.platform.engine.support.hierarchical.NodeTestTask.lambda$executeRecursively$6(NodeTestTask.java:151)
	at org.junit.platform.engine.support.hierarchical.ThrowableCollector.execute(ThrowableCollector.java:73)
	at org.junit.platform.engine.support.hierarchical.NodeTestTask.lambda$executeRecursively$8(NodeTestTask.java:141)
	at org.junit.platform.engine.support.hierarchical.Node.around(Node.java:137)
	at org.junit.platform.engine.support.hierarchical.NodeTestTask.lambda$executeRecursively$9(NodeTestTask.java:139)
	at org.junit.platform.engine.support.hierarchical.ThrowableCollector.execute(ThrowableCollector.java:73)
	at org.junit.platform.engine.support.hierarchical.NodeTestTask.executeRecursively(NodeTestTask.java:138)
	at org.junit.platform.engine.support.hierarchical.NodeTestTask.execute(NodeTestTask.java:95)
	at java.base/java.util.ArrayList.forEach(ArrayList.java:1597)
	at org.junit.platform.engine.support.hierarchical.SameThreadHierarchicalTestExecutorService.invokeAll(SameThreadHierarchicalTestExecutorService.java:41)
	at org.junit.platform.engine.support.hierarchical.NodeTestTask.lambda$executeRecursively$6(NodeTestTask.java:155)
	at org.junit.platform.engine.support.hierarchical.ThrowableCollector.execute(ThrowableCollector.java:73)
	at org.junit.platform.engine.support.hierarchical.NodeTestTask.lambda$executeRecursively$8(NodeTestTask.java:141)
	at org.junit.platform.engine.support.hierarchical.Node.around(Node.java:137)
	at org.junit.platform.engine.support.hierarchical.NodeTestTask.lambda$executeRecursively$9(NodeTestTask.java:139)
	at org.junit.platform.engine.support.hierarchical.ThrowableCollector.execute(ThrowableCollector.java:73)
	at org.junit.platform.engine.support.hierarchical.NodeTestTask.executeRecursively(NodeTestTask.java:138)
	at org.junit.platform.engine.support.hierarchical.NodeTestTask.execute(NodeTestTask.java:95)
	at java.base/java.util.ArrayList.forEach(ArrayList.java:1597)
	at org.junit.platform.engine.support.hierarchical.SameThreadHierarchicalTestExecutorService.invokeAll(SameThreadHierarchicalTestExecutorService.java:41)
	at org.junit.platform.engine.support.hierarchical.NodeTestTask.lambda$executeRecursively$6(NodeTestTask.java:155)
	at org.junit.platform.engine.support.hierarchical.ThrowableCollector.execute(ThrowableCollector.java:73)
	at org.junit.platform.engine.support.hierarchical.NodeTestTask.lambda$executeRecursively$8(NodeTestTask.java:141)
	at org.junit.platform.engine.support.hierarchical.Node.around(Node.java:137)
	at org.junit.platform.engine.support.hierarchical.NodeTestTask.lambda$executeRecursively$9(NodeTestTask.java:139)
	at org.junit.platform.engine.support.hierarchical.ThrowableCollector.execute(ThrowableCollector.java:73)
	at org.junit.platform.engine.support.hierarchical.NodeTestTask.executeRecursively(NodeTestTask.java:138)
	at org.junit.platform.engine.support.hierarchical.NodeTestTask.execute(NodeTestTask.java:95)
	at org.junit.platform.engine.support.hierarchical.SameThreadHierarchicalTestExecutorService.submit(SameThreadHierarchicalTestExecutorService.java:35)
	at org.junit.platform.engine.support.hierarchical.HierarchicalTestExecutor.execute(HierarchicalTestExecutor.java:57)
	at org.junit.platform.engine.support.hierarchical.HierarchicalTestEngine.execute(HierarchicalTestEngine.java:54)
	at org.junit.platform.launcher.core.EngineExecutionOrchestrator.execute(EngineExecutionOrchestrator.java:198)
	at org.junit.platform.launcher.core.EngineExecutionOrchestrator.execute(EngineExecutionOrchestrator.java:169)
	at org.junit.platform.launcher.core.EngineExecutionOrchestrator.execute(EngineExecutionOrchestrator.java:93)
	at org.junit.platform.launcher.core.EngineExecutionOrchestrator.lambda$execute$0(EngineExecutionOrchestrator.java:58)
	at org.junit.platform.launcher.core.EngineExecutionOrchestrator.withInterceptedStreams(EngineExecutionOrchestrator.java:141)
	at org.junit.platform.launcher.core.EngineExecutionOrchestrator.execute(EngineExecutionOrchestrator.java:57)
	at org.junit.platform.launcher.core.DefaultLauncher.execute(DefaultLauncher.java:103)
	at org.junit.platform.launcher.core.DefaultLauncher.execute(DefaultLauncher.java:85)
	at org.junit.platform.launcher.core.DelegatingLauncher.execute(DelegatingLauncher.java:47)
	at org.apache.maven.surefire.junitplatform.LazyLauncher.execute(LazyLauncher.java:56)
	at org.apache.maven.surefire.junitplatform.JUnitPlatformProvider.execute(JUnitPlatformProvider.java:184)
	at org.apache.maven.surefire.junitplatform.JUnitPlatformProvider.invokeAllTests(JUnitPlatformProvider.java:148)
	at org.apache.maven.surefire.junitplatform.JUnitPlatformProvider.invoke(JUnitPlatformProvider.java:122)
	at org.apache.maven.surefire.booter.ForkedBooter.runSuitesInProcess(ForkedBooter.java:385)
	at org.apache.maven.surefire.booter.ForkedBooter.execute(ForkedBooter.java:162)
	at org.apache.maven.surefire.booter.ForkedBooter.run(ForkedBooter.java:507)
	at org.apache.maven.surefire.booter.ForkedBooter.main(ForkedBooter.java:495)

[ERRO] 2026-01-09 18:51:47.169 - Erro-36
  Exceção: java.lang.RuntimeException: Erro 36
java.lang.RuntimeException: Erro 36
	at testes.ErrorLoggerTest.testeLogNaoCresceIndefinidamente(ErrorLoggerTest.java:398)
	at java.base/jdk.internal.reflect.DirectMethodHandleAccessor.invoke(DirectMethodHandleAccessor.java:103)
	at java.base/java.lang.reflect.Method.invoke(Method.java:580)
	at org.junit.platform.commons.util.ReflectionUtils.invokeMethod(ReflectionUtils.java:728)
	at org.junit.jupiter.engine.execution.MethodInvocation.proceed(MethodInvocation.java:60)
	at org.junit.jupiter.engine.execution.InvocationInterceptorChain$ValidatingInvocation.proceed(InvocationInterceptorChain.java:131)
	at org.junit.jupiter.engine.extension.TimeoutExtension.intercept(TimeoutExtension.java:156)
	at org.junit.jupiter.engine.extension.TimeoutExtension.interceptTestableMethod(TimeoutExtension.java:147)
	at org.junit.jupiter.engine.extension.TimeoutExtension.interceptTestMethod(TimeoutExtension.java:86)
	at org.junit.jupiter.engine.execution.InterceptingExecutableInvoker$ReflectiveInterceptorCall.lambda$ofVoidMethod$0(InterceptingExecutableInvoker.java:103)
	at org.junit.jupiter.engine.execution.InterceptingExecutableInvoker.lambda$invoke$0(InterceptingExecutableInvoker.java:93)
	at org.junit.jupiter.engine.execution.InvocationInterceptorChain$InterceptedInvocation.proceed(InvocationInterceptorChain.java:106)
	at org.junit.jupiter.engine.execution.InvocationInterceptorChain.proceed(InvocationInterceptorChain.java:64)
	at org.junit.jupiter.engine.execution.InvocationInterceptorChain.chainAndInvoke(InvocationInterceptorChain.java:45)
	at org.junit.jupiter.engine.execution.InvocationInterceptorChain.invoke(InvocationInterceptorChain.java:37)
	at org.junit.jupiter.engine.execution.InterceptingExecutableInvoker.invoke(InterceptingExecutableInvoker.java:92)
	at org.junit.jupiter.engine.execution.InterceptingExecutableInvoker.invoke(InterceptingExecutableInvoker.java:86)
	at org.junit.jupiter.engine.descriptor.TestMethodTestDescriptor.lambda$invokeTestMethod$7(TestMethodTestDescriptor.java:218)
	at org.junit.platform.engine.support.hierarchical.ThrowableCollector.execute(ThrowableCollector.java:73)
	at org.junit.jupiter.engine.descriptor.TestMethodTestDescriptor.invokeTestMethod(TestMethodTestDescriptor.java:214)
	at org.junit.jupiter.engine.descriptor.TestMethodTestDescriptor.execute(TestMethodTestDescriptor.java:139)
	at org.junit.jupiter.engine.descriptor.TestMethodTestDescriptor.execute(TestMethodTestDescriptor.java:69)
	at org.junit.platform.engine.support.hierarchical.NodeTestTask.lambda$executeRecursively$6(NodeTestTask.java:151)
	at org.junit.platform.engine.support.hierarchical.ThrowableCollector.execute(ThrowableCollector.java:73)
	at org.junit.platform.engine.support.hierarchical.NodeTestTask.lambda$executeRecursively$8(NodeTestTask.java:141)
	at org.junit.platform.engine.support.hierarchical.Node.around(Node.java:137)
	at org.junit.platform.engine.support.hierarchical.NodeTestTask.lambda$executeRecursively$9(NodeTestTask.java:139)
	at org.junit.platform.engine.support.hierarchical.ThrowableCollector.execute(ThrowableCollector.java:73)
	at org.junit.platform.engine.support.hierarchical.NodeTestTask.executeRecursively(NodeTestTask.java:138)
	at org.junit.platform.engine.support.hierarchical.NodeTestTask.execute(NodeTestTask.java:95)
	at java.base/java.util.ArrayList.forEach(ArrayList.java:1597)
	at org.junit.platform.engine.support.hierarchical.SameThreadHierarchicalTestExecutorService.invokeAll(SameThreadHierarchicalTestExecutorService.java:41)
	at org.junit.platform.engine.support.hierarchical.NodeTestTask.lambda$executeRecursively$6(NodeTestTask.java:155)
	at org.junit.platform.engine.support.hierarchical.ThrowableCollector.execute(ThrowableCollector.java:73)
	at org.junit.platform.engine.support.hierarchical.NodeTestTask.lambda$executeRecursively$8(NodeTestTask.java:141)
	at org.junit.platform.engine.support.hierarchical.Node.around(Node.java:137)
	at org.junit.platform.engine.support.hierarchical.NodeTestTask.lambda$executeRecursively$9(NodeTestTask.java:139)
	at org.junit.platform.engine.support.hierarchical.ThrowableCollector.execute(ThrowableCollector.java:73)
	at org.junit.platform.engine.support.hierarchical.NodeTestTask.executeRecursively(NodeTestTask.java:138)
	at org.junit.platform.engine.support.hierarchical.NodeTestTask.execute(NodeTestTask.java:95)
	at java.base/java.util.ArrayList.forEach(ArrayList.java:1597)
	at org.junit.platform.engine.support.hierarchical.SameThreadHierarchicalTestExecutorService.invokeAll(SameThreadHierarchicalTestExecutorService.java:41)
	at org.junit.platform.engine.support.hierarchical.NodeTestTask.lambda$executeRecursively$6(NodeTestTask.java:155)
	at org.junit.platform.engine.support.hierarchical.ThrowableCollector.execute(ThrowableCollector.java:73)
	at org.junit.platform.engine.support.hierarchical.NodeTestTask.lambda$executeRecursively$8(NodeTestTask.java:141)
	at org.junit.platform.engine.support.hierarchical.Node.around(Node.java:137)
	at org.junit.platform.engine.support.hierarchical.NodeTestTask.lambda$executeRecursively$9(NodeTestTask.java:139)
	at org.junit.platform.engine.support.hierarchical.ThrowableCollector.execute(ThrowableCollector.java:73)
	at org.junit.platform.engine.support.hierarchical.NodeTestTask.executeRecursively(NodeTestTask.java:138)
	at org.junit.platform.engine.support.hierarchical.NodeTestTask.execute(NodeTestTask.java:95)
	at org.junit.platform.engine.support.hierarchical.SameThreadHierarchicalTestExecutorService.submit(SameThreadHierarchicalTestExecutorService.java:35)
	at org.junit.platform.engine.support.hierarchical.HierarchicalTestExecutor.execute(HierarchicalTestExecutor.java:57)
	at org.junit.platform.engine.support.hierarchical.HierarchicalTestEngine.execute(HierarchicalTestEngine.java:54)
	at org.junit.platform.launcher.core.EngineExecutionOrchestrator.execute(EngineExecutionOrchestrator.java:198)
	at org.junit.platform.launcher.core.EngineExecutionOrchestrator.execute(EngineExecutionOrchestrator.java:169)
	at org.junit.platform.launcher.core.EngineExecutionOrchestrator.execute(EngineExecutionOrchestrator.java:93)
	at org.junit.platform.launcher.core.EngineExecutionOrchestrator.lambda$execute$0(EngineExecutionOrchestrator.java:58)
	at org.junit.platform.launcher.core.EngineExecutionOrchestrator.withInterceptedStreams(EngineExecutionOrchestrator.java:141)
	at org.junit.platform.launcher.core.EngineExecutionOrchestrator.execute(EngineExecutionOrchestrator.java:57)
	at org.junit.platform.launcher.core.DefaultLauncher.execute(DefaultLauncher.java:103)
	at org.junit.platform.launcher.core.DefaultLauncher.execute(DefaultLauncher.java:85)
	at org.junit.platform.launcher.core.DelegatingLauncher.execute(DelegatingLauncher.java:47)
	at org.apache.maven.surefire.junitplatform.LazyLauncher.execute(LazyLauncher.java:56)
	at org.apache.maven.surefire.junitplatform.JUnitPlatformProvider.execute(JUnitPlatformProvider.java:184)
	at org.apache.maven.surefire.junitplatform.JUnitPlatformProvider.invokeAllTests(JUnitPlatformProvider.java:148)
	at org.apache.maven.surefire.junitplatform.JUnitPlatformProvider.invoke(JUnitPlatformProvider.java:122)
	at org.apache.maven.surefire.booter.ForkedBooter.runSuitesInProcess(ForkedBooter.java:385)
	at org.apache.maven.surefire.booter.ForkedBooter.execute(ForkedBooter.java:162)
	at org.apache.maven.surefire.booter.ForkedBooter.run(ForkedBooter.java:507)
	at org.apache.maven.surefire.booter.ForkedBooter.main(ForkedBooter.java:495)

[ERRO] 2026-01-09 18:51:47.169 - Erro-37
  Exceção: java.lang.RuntimeException: Erro 37
java.lang.RuntimeException: Erro 37
	at testes.ErrorLoggerTest.testeLogNaoCresceIndefinidamente(ErrorLoggerTest.java:398)
	at java.base/jdk.internal.reflect.DirectMethodHandleAccessor.invoke(DirectMethodHandleAccessor.java:103)
	at java.base/java.lang.reflect.Method.invoke(Method.java:580)
	at org.junit.platform.commons.util.ReflectionUtils.invokeMethod(ReflectionUtils.java:728)
	at org.junit.jupiter.engine.execution.MethodInvocation.proceed(MethodInvocation.java:60)
	at org.junit.jupiter.engine.execution.InvocationInterceptorChain$ValidatingInvocation.proceed(InvocationInterceptorChain.java:131)
	at org.junit.jupiter.engine.extension.TimeoutExtension.intercept(TimeoutExtension.java:156)
	at org.junit.jupiter.engine.extension.TimeoutExtension.interceptTestableMethod(TimeoutExtension.java:147)
	at org.junit.jupiter.engine.extension.TimeoutExtension.interceptTestMethod(TimeoutExtension.java:86)
	at org.junit.jupiter.engine.execution.InterceptingExecutableInvoker$ReflectiveInterceptorCall.lambda$ofVoidMethod$0(InterceptingExecutableInvoker.java:103)
	at org.junit.jupiter.engine.execution.InterceptingExecutableInvoker.lambda$invoke$0(InterceptingExecutableInvoker.java:93)
	at org.junit.jupiter.engine.execution.InvocationInterceptorChain$InterceptedInvocation.proceed(InvocationInterceptorChain.java:106)
	at org.junit.jupiter.engine.execution.InvocationInterceptorChain.proceed(InvocationInterceptorChain.java:64)
	at org.junit.jupiter.engine.execution.InvocationInterceptorChain.chainAndInvoke(InvocationInterceptorChain.java:45)
	at org.junit.jupiter.engine.execution.InvocationInterceptorChain.invoke(InvocationInterceptorChain.java:37)
	at org.junit.jupiter.engine.execution.InterceptingExecutableInvoker.invoke(InterceptingExecutableInvoker.java:92)
	at org.junit.jupiter.engine.execution.InterceptingExecutableInvoker.invoke(InterceptingExecutableInvoker.java:86)
	at org.junit.jupiter.engine.descriptor.TestMethodTestDescriptor.lambda$invokeTestMethod$7(TestMethodTestDescriptor.java:218)
	at org.junit.platform.engine.support.hierarchical.ThrowableCollector.execute(ThrowableCollector.java:73)
	at org.junit.jupiter.engine.descriptor.TestMethodTestDescriptor.invokeTestMethod(TestMethodTestDescriptor.java:214)
	at org.junit.jupiter.engine.descriptor.TestMethodTestDescriptor.execute(TestMethodTestDescriptor.java:139)
	at org.junit.jupiter.engine.descriptor.TestMethodTestDescriptor.execute(TestMethodTestDescriptor.java:69)
	at org.junit.platform.engine.support.hierarchical.NodeTestTask.lambda$executeRecursively$6(NodeTestTask.java:151)
	at org.junit.platform.engine.support.hierarchical.ThrowableCollector.execute(ThrowableCollector.java:73)
	at org.junit.platform.engine.support.hierarchical.NodeTestTask.lambda$executeRecursively$8(NodeTestTask.java:141)
	at org.junit.platform.engine.support.hierarchical.Node.around(Node.java:137)
	at org.junit.platform.engine.support.hierarchical.NodeTestTask.lambda$executeRecursively$9(NodeTestTask.java:139)
	at org.junit.platform.engine.support.hierarchical.ThrowableCollector.execute(ThrowableCollector.java:73)
	at org.junit.platform.engine.support.hierarchical.NodeTestTask.executeRecursively(NodeTestTask.java:138)
	at org.junit.platform.engine.support.hierarchical.NodeTestTask.execute(NodeTestTask.java:95)
	at java.base/java.util.ArrayList.forEach(ArrayList.java:1597)
	at org.junit.platform.engine.support.hierarchical.SameThreadHierarchicalTestExecutorService.invokeAll(SameThreadHierarchicalTestExecutorService.java:41)
	at org.junit.platform.engine.support.hierarchical.NodeTestTask.lambda$executeRecursively$6(NodeTestTask.java:155)
	at org.junit.platform.engine.support.hierarchical.ThrowableCollector.execute(ThrowableCollector.java:73)
	at org.junit.platform.engine.support.hierarchical.NodeTestTask.lambda$executeRecursively$8(NodeTestTask.java:141)
	at org.junit.platform.engine.support.hierarchical.Node.around(Node.java:137)
	at org.junit.platform.engine.support.hierarchical.NodeTestTask.lambda$executeRecursively$9(NodeTestTask.java:139)
	at org.junit.platform.engine.support.hierarchical.ThrowableCollector.execute(ThrowableCollector.java:73)
	at org.junit.platform.engine.support.hierarchical.NodeTestTask.executeRecursively(NodeTestTask.java:138)
	at org.junit.platform.engine.support.hierarchical.NodeTestTask.execute(NodeTestTask.java:95)
	at java.base/java.util.ArrayList.forEach(ArrayList.java:1597)
	at org.junit.platform.engine.support.hierarchical.SameThreadHierarchicalTestExecutorService.invokeAll(SameThreadHierarchicalTestExecutorService.java:41)
	at org.junit.platform.engine.support.hierarchical.NodeTestTask.lambda$executeRecursively$6(NodeTestTask.java:155)
	at org.junit.platform.engine.support.hierarchical.ThrowableCollector.execute(ThrowableCollector.java:73)
	at org.junit.platform.engine.support.hierarchical.NodeTestTask.lambda$executeRecursively$8(NodeTestTask.java:141)
	at org.junit.platform.engine.support.hierarchical.Node.around(Node.java:137)
	at org.junit.platform.engine.support.hierarchical.NodeTestTask.lambda$executeRecursively$9(NodeTestTask.java:139)
	at org.junit.platform.engine.support.hierarchical.ThrowableCollector.execute(ThrowableCollector.java:73)
	at org.junit.platform.engine.support.hierarchical.NodeTestTask.executeRecursively(NodeTestTask.java:138)
	at org.junit.platform.engine.support.hierarchical.NodeTestTask.execute(NodeTestTask.java:95)
	at org.junit.platform.engine.support.hierarchical.SameThreadHierarchicalTestExecutorService.submit(SameThreadHierarchicalTestExecutorService.java:35)
	at org.junit.platform.engine.support.hierarchical.HierarchicalTestExecutor.execute(HierarchicalTestExecutor.java:57)
	at org.junit.platform.engine.support.hierarchical.HierarchicalTestEngine.execute(HierarchicalTestEngine.java:54)
	at org.junit.platform.launcher.core.EngineExecutionOrchestrator.execute(EngineExecutionOrchestrator.java:198)
	at org.junit.platform.launcher.core.EngineExecutionOrchestrator.execute(EngineExecutionOrchestrator.java:169)
	at org.junit.platform.launcher.core.EngineExecutionOrchestrator.execute(EngineExecutionOrchestrator.java:93)
	at org.junit.platform.launcher.core.EngineExecutionOrchestrator.lambda$execute$0(EngineExecutionOrchestrator.java:58)
	at org.junit.platform.launcher.core.EngineExecutionOrchestrator.withInterceptedStreams(EngineExecutionOrchestrator.java:141)
	at org.junit.platform.launcher.core.EngineExecutionOrchestrator.execute(EngineExecutionOrchestrator.java:57)
	at org.junit.platform.launcher.core.DefaultLauncher.execute(DefaultLauncher.java:103)
	at org.junit.platform.launcher.core.DefaultLauncher.execute(DefaultLauncher.java:85)
	at org.junit.platform.launcher.core.DelegatingLauncher.execute(DelegatingLauncher.java:47)
	at org.apache.maven.surefire.junitplatform.LazyLauncher.execute(LazyLauncher.java:56)
	at org.apache.maven.surefire.junitplatform.JUnitPlatformProvider.execute(JUnitPlatformProvider.java:184)
	at org.apache.maven.surefire.junitplatform.JUnitPlatformProvider.invokeAllTests(JUnitPlatformProvider.java:148)
	at org.apache.maven.surefire.junitplatform.JUnitPlatformProvider.invoke(JUnitPlatformProvider.java:122)
	at org.apache.maven.surefire.booter.ForkedBooter.runSuitesInProcess(ForkedBooter.java:385)
	at org.apache.maven.surefire.booter.ForkedBooter.execute(ForkedBooter.java:162)
	at org.apache.maven.surefire.booter.ForkedBooter.run(ForkedBooter.java:507)
	at org.apache.maven.surefire.booter.ForkedBooter.main(ForkedBooter.java:495)

[ERRO] 2026-01-09 18:51:47.169 - Erro-38
  Exceção: java.lang.RuntimeException: Erro 38
java.lang.RuntimeException: Erro 38
	at testes.ErrorLoggerTest.testeLogNaoCresceIndefinidamente(ErrorLoggerTest.java:398)
	at java.base/jdk.internal.reflect.DirectMethodHandleAccessor.invoke(DirectMethodHandleAccessor.java:103)
	at java.base/java.lang.reflect.Method.invoke(Method.java:580)
	at org.junit.platform.commons.util.ReflectionUtils.invokeMethod(ReflectionUtils.java:728)
	at org.junit.jupiter.engine.execution.MethodInvocation.proceed(MethodInvocation.java:60)
	at org.junit.jupiter.engine.execution.InvocationInterceptorChain$ValidatingInvocation.proceed(InvocationInterceptorChain.java:131)
	at org.junit.jupiter.engine.extension.TimeoutExtension.intercept(TimeoutExtension.java:156)
	at org.junit.jupiter.engine.extension.TimeoutExtension.interceptTestableMethod(TimeoutExtension.java:147)
	at org.junit.jupiter.engine.extension.TimeoutExtension.interceptTestMethod(TimeoutExtension.java:86)
	at org.junit.jupiter.engine.execution.InterceptingExecutableInvoker$ReflectiveInterceptorCall.lambda$ofVoidMethod$0(InterceptingExecutableInvoker.java:103)
	at org.junit.jupiter.engine.execution.InterceptingExecutableInvoker.lambda$invoke$0(InterceptingExecutableInvoker.java:93)
	at org.junit.jupiter.engine.execution.InvocationInterceptorChain$InterceptedInvocation.proceed(InvocationInterceptorChain.java:106)
	at org.junit.jupiter.engine.execution.InvocationInterceptorChain.proceed(InvocationInterceptorChain.java:64)
	at org.junit.jupiter.engine.execution.InvocationInterceptorChain.chainAndInvoke(InvocationInterceptorChain.java:45)
	at org.junit.jupiter.engine.execution.InvocationInterceptorChain.invoke(InvocationInterceptorChain.java:37)
	at org.junit.jupiter.engine.execution.InterceptingExecutableInvoker.invoke(InterceptingExecutableInvoker.java:92)
	at org.junit.jupiter.engine.execution.InterceptingExecutableInvoker.invoke(InterceptingExecutableInvoker.java:86)
	at org.junit.jupiter.engine.descriptor.TestMethodTestDescriptor.lambda$invokeTestMethod$7(TestMethodTestDescriptor.java:218)
	at org.junit.platform.engine.support.hierarchical.ThrowableCollector.execute(ThrowableCollector.java:73)
	at org.junit.jupiter.engine.descriptor.TestMethodTestDescriptor.invokeTestMethod(TestMethodTestDescriptor.java:214)
	at org.junit.jupiter.engine.descriptor.TestMethodTestDescriptor.execute(TestMethodTestDescriptor.java:139)
	at org.junit.jupiter.engine.descriptor.TestMethodTestDescriptor.execute(TestMethodTestDescriptor.java:69)
	at org.junit.platform.engine.support.hierarchical.NodeTestTask.lambda$executeRecursively$6(NodeTestTask.java:151)
	at org.junit.platform.engine.support.hierarchical.ThrowableCollector.execute(ThrowableCollector.java:73)
	at org.junit.platform.engine.support.hierarchical.NodeTestTask.lambda$executeRecursively$8(NodeTestTask.java:141)
	at org.junit.platform.engine.support.hierarchical.Node.around(Node.java:137)
	at org.junit.platform.engine.support.hierarchical.NodeTestTask.lambda$executeRecursively$9(NodeTestTask.java:139)
	at org.junit.platform.engine.support.hierarchical.ThrowableCollector.execute(ThrowableCollector.java:73)
	at org.junit.platform.engine.support.hierarchical.NodeTestTask.executeRecursively(NodeTestTask.java:138)
	at org.junit.platform.engine.support.hierarchical.NodeTestTask.execute(NodeTestTask.java:95)
	at java.base/java.util.ArrayList.forEach(ArrayList.java:1597)
	at org.junit.platform.engine.support.hierarchical.SameThreadHierarchicalTestExecutorService.invokeAll(SameThreadHierarchicalTestExecutorService.java:41)
	at org.junit.platform.engine.support.hierarchical.NodeTestTask.lambda$executeRecursively$6(NodeTestTask.java:155)
	at org.junit.platform.engine.support.hierarchical.ThrowableCollector.execute(ThrowableCollector.java:73)
	at org.junit.platform.engine.support.hierarchical.NodeTestTask.lambda$executeRecursively$8(NodeTestTask.java:141)
	at org.junit.platform.engine.support.hierarchical.Node.around(Node.java:137)
	at org.junit.platform.engine.support.hierarchical.NodeTestTask.lambda$executeRecursively$9(NodeTestTask.java:139)
	at org.junit.platform.engine.support.hierarchical.ThrowableCollector.execute(ThrowableCollector.java:73)
	at org.junit.platform.engine.support.hierarchical.NodeTestTask.executeRecursively(NodeTestTask.java:138)
	at org.junit.platform.engine.support.hierarchical.NodeTestTask.execute(NodeTestTask.java:95)
	at java.base/java.util.ArrayList.forEach(ArrayList.java:1597)
	at org.junit.platform.engine.support.hierarchical.SameThreadHierarchicalTestExecutorService.invokeAll(SameThreadHierarchicalTestExecutorService.java:41)
	at org.junit.platform.engine.support.hierarchical.NodeTestTask.lambda$executeRecursively$6(NodeTestTask.java:155)
	at org.junit.platform.engine.support.hierarchical.ThrowableCollector.execute(ThrowableCollector.java:73)
	at org.junit.platform.engine.support.hierarchical.NodeTestTask.lambda$executeRecursively$8(NodeTestTask.java:141)
	at org.junit.platform.engine.support.hierarchical.Node.around(Node.java:137)
	at org.junit.platform.engine.support.hierarchical.NodeTestTask.lambda$executeRecursively$9(NodeTestTask.java:139)
	at org.junit.platform.engine.support.hierarchical.ThrowableCollector.execute(ThrowableCollector.java:73)
	at org.junit.platform.engine.support.hierarchical.NodeTestTask.executeRecursively(NodeTestTask.java:138)
	at org.junit.platform.engine.support.hierarchical.NodeTestTask.execute(NodeTestTask.java:95)
	at org.junit.platform.engine.support.hierarchical.SameThreadHierarchicalTestExecutorService.submit(SameThreadHierarchicalTestExecutorService.java:35)
	at org.junit.platform.engine.support.hierarchical.HierarchicalTestExecutor.execute(HierarchicalTestExecutor.java:57)
	at org.junit.platform.engine.support.hierarchical.HierarchicalTestEngine.execute(HierarchicalTestEngine.java:54)
	at org.junit.platform.launcher.core.EngineExecutionOrchestrator.execute(EngineExecutionOrchestrator.java:198)
	at org.junit.platform.launcher.core.EngineExecutionOrchestrator.execute(EngineExecutionOrchestrator.java:169)
	at org.junit.platform.launcher.core.EngineExecutionOrchestrator.execute(EngineExecutionOrchestrator.java:93)
	at org.junit.platform.launcher.core.EngineExecutionOrchestrator.lambda$execute$0(EngineExecutionOrchestrator.java:58)
	at org.junit.platform.launcher.core.EngineExecutionOrchestrator.withInterceptedStreams(EngineExecutionOrchestrator.java:141)
	at org.junit.platform.launcher.core.EngineExecutionOrchestrator.execute(EngineExecutionOrchestrator.java:57)
	at org.junit.platform.launcher.core.DefaultLauncher.execute(DefaultLauncher.java:103)
	at org.junit.platform.launcher.core.DefaultLauncher.execute(DefaultLauncher.java:85)
	at org.junit.platform.launcher.core.DelegatingLauncher.execute(DelegatingLauncher.java:47)
	at org.apache.maven.surefire.junitplatform.LazyLauncher.execute(LazyLauncher.java:56)
	at org.apache.maven.surefire.junitplatform.JUnitPlatformProvider.execute(JUnitPlatformProvider.java:184)
	at org.apache.maven.surefire.junitplatform.JUnitPlatformProvider.invokeAllTests(JUnitPlatformProvider.java:148)
	at org.apache.maven.surefire.junitplatform.JUnitPlatformProvider.invoke(JUnitPlatformProvider.java:122)
	at org.apache.maven.surefire.booter.ForkedBooter.runSuitesInProcess(ForkedBooter.java:385)
	at org.apache.maven.surefire.booter.ForkedBooter.execute(ForkedBooter.java:162)
	at org.apache.maven.surefire.booter.ForkedBooter.run(ForkedBooter.java:507)
	at org.apache.maven.surefire.booter.ForkedBooter.main(ForkedBooter.java:495)

[ERRO] 2026-01-09 18:51:47.170 - Erro-39
  Exceção: java.lang.RuntimeException: Erro 39
java.lang.RuntimeException: Erro 39
	at testes.ErrorLoggerTest.testeLogNaoCresceIndefinidamente(ErrorLoggerTest.java:398)
	at java.base/jdk.internal.reflect.DirectMethodHandleAccessor.invoke(DirectMethodHandleAccessor.java:103)
	at java.base/java.lang.reflect.Method.invoke(Method.java:580)
	at org.junit.platform.commons.util.ReflectionUtils.invokeMethod(ReflectionUtils.java:728)
	at org.junit.jupiter.engine.execution.MethodInvocation.proceed(MethodInvocation.java:60)
	at org.junit.jupiter.engine.execution.InvocationInterceptorChain$ValidatingInvocation.proceed(InvocationInterceptorChain.java:131)
	at org.junit.jupiter.engine.extension.TimeoutExtension.intercept(TimeoutExtension.java:156)
	at org.junit.jupiter.engine.extension.TimeoutExtension.interceptTestableMethod(TimeoutExtension.java:147)
	at org.junit.jupiter.engine.extension.TimeoutExtension.interceptTestMethod(TimeoutExtension.java:86)
	at org.junit.jupiter.engine.execution.InterceptingExecutableInvoker$ReflectiveInterceptorCall.lambda$ofVoidMethod$0(InterceptingExecutableInvoker.java:103)
	at org.junit.jupiter.engine.execution.InterceptingExecutableInvoker.lambda$invoke$0(InterceptingExecutableInvoker.java:93)
	at org.junit.jupiter.engine.execution.InvocationInterceptorChain$InterceptedInvocation.proceed(InvocationInterceptorChain.java:106)
	at org.junit.jupiter.engine.execution.InvocationInterceptorChain.proceed(InvocationInterceptorChain.java:64)
	at org.junit.jupiter.engine.execution.InvocationInterceptorChain.chainAndInvoke(InvocationInterceptorChain.java:45)
	at org.junit.jupiter.engine.execution.InvocationInterceptorChain.invoke(InvocationInterceptorChain.java:37)
	at org.junit.jupiter.engine.execution.InterceptingExecutableInvoker.invoke(InterceptingExecutableInvoker.java:92)
	at org.junit.jupiter.engine.execution.InterceptingExecutableInvoker.invoke(InterceptingExecutableInvoker.java:86)
	at org.junit.jupiter.engine.descriptor.TestMethodTestDescriptor.lambda$invokeTestMethod$7(TestMethodTestDescriptor.java:218)
	at org.junit.platform.engine.support.hierarchical.ThrowableCollector.execute(ThrowableCollector.java:73)
	at org.junit.jupiter.engine.descriptor.TestMethodTestDescriptor.invokeTestMethod(TestMethodTestDescriptor.java:214)
	at org.junit.jupiter.engine.descriptor.TestMethodTestDescriptor.execute(TestMethodTestDescriptor.java:139)
	at org.junit.jupiter.engine.descriptor.TestMethodTestDescriptor.execute(TestMethodTestDescriptor.java:69)
	at org.junit.platform.engine.support.hierarchical.NodeTestTask.lambda$executeRecursively$6(NodeTestTask.java:151)
	at org.junit.platform.engine.support.hierarchical.ThrowableCollector.execute(ThrowableCollector.java:73)
	at org.junit.platform.engine.support.hierarchical.NodeTestTask.lambda$executeRecursively$8(NodeTestTask.java:141)
	at org.junit.platform.engine.support.hierarchical.Node.around(Node.java:137)
	at org.junit.platform.engine.support.hierarchical.NodeTestTask.lambda$executeRecursively$9(NodeTestTask.java:139)
	at org.junit.platform.engine.support.hierarchical.ThrowableCollector.execute(ThrowableCollector.java:73)
	at org.junit.platform.engine.support.hierarchical.NodeTestTask.executeRecursively(NodeTestTask.java:138)
	at org.junit.platform.engine.support.hierarchical.NodeTestTask.execute(NodeTestTask.java:95)
	at java.base/java.util.ArrayList.forEach(ArrayList.java:1597)
	at org.junit.platform.engine.support.hierarchical.SameThreadHierarchicalTestExecutorService.invokeAll(SameThreadHierarchicalTestExecutorService.java:41)
	at org.junit.platform.engine.support.hierarchical.NodeTestTask.lambda$executeRecursively$6(NodeTestTask.java:155)
	at org.junit.platform.engine.support.hierarchical.ThrowableCollector.execute(ThrowableCollector.java:73)
	at org.junit.platform.engine.support.hierarchical.NodeTestTask.lambda$executeRecursively$8(NodeTestTask.java:141)
	at org.junit.platform.engine.support.hierarchical.Node.around(Node.java:137)
	at org.junit.platform.engine.support.hierarchical.NodeTestTask.lambda$executeRecursively$9(NodeTestTask.java:139)
	at org.junit.platform.engine.support.hierarchical.ThrowableCollector.execute(ThrowableCollector.java:73)
	at org.junit.platform.engine.support.hierarchical.NodeTestTask.executeRecursively(NodeTestTask.java:138)
	at org.junit.platform.engine.support.hierarchical.NodeTestTask.execute(NodeTestTask.java:95)
	at java.base/java.util.ArrayList.forEach(ArrayList.java:1597)
	at org.junit.platform.engine.support.hierarchical.SameThreadHierarchicalTestExecutorService.invokeAll(SameThreadHierarchicalTestExecutorService.java:41)
	at org.junit.platform.engine.support.hierarchical.NodeTestTask.lambda$executeRecursively$6(NodeTestTask.java:155)
	at org.junit.platform.engine.support.hierarchical.ThrowableCollector.execute(ThrowableCollector.java:73)
	at org.junit.platform.engine.support.hierarchical.NodeTestTask.lambda$executeRecursively$8(NodeTestTask.java:141)
	at org.junit.platform.engine.support.hierarchical.Node.around(Node.java:137)
	at org.junit.platform.engine.support.hierarchical.NodeTestTask.lambda$executeRecursively$9(NodeTestTask.java:139)
	at org.junit.platform.engine.support.hierarchical.ThrowableCollector.execute(ThrowableCollector.java:73)
	at org.junit.platform.engine.support.hierarchical.NodeTestTask.executeRecursively(NodeTestTask.java:138)
	at org.junit.platform.engine.support.hierarchical.NodeTestTask.execute(NodeTestTask.java:95)
	at org.junit.platform.engine.support.hierarchical.SameThreadHierarchicalTestExecutorService.submit(SameThreadHierarchicalTestExecutorService.java:35)
	at org.junit.platform.engine.support.hierarchical.HierarchicalTestExecutor.execute(HierarchicalTestExecutor.java:57)
	at org.junit.platform.engine.support.hierarchical.HierarchicalTestEngine.execute(HierarchicalTestEngine.java:54)
	at org.junit.platform.launcher.core.EngineExecutionOrchestrator.execute(EngineExecutionOrchestrator.java:198)
	at org.junit.platform.launcher.core.EngineExecutionOrchestrator.execute(EngineExecutionOrchestrator.java:169)
	at org.junit.platform.launcher.core.EngineExecutionOrchestrator.execute(EngineExecutionOrchestrator.java:93)
	at org.junit.platform.launcher.core.EngineExecutionOrchestrator.lambda$execute$0(EngineExecutionOrchestrator.java:58)
	at org.junit.platform.launcher.core.EngineExecutionOrchestrator.withInterceptedStreams(EngineExecutionOrchestrator.java:141)
	at org.junit.platform.launcher.core.EngineExecutionOrchestrator.execute(EngineExecutionOrchestrator.java:57)
	at org.junit.platform.launcher.core.DefaultLauncher.execute(DefaultLauncher.java:103)
	at org.junit.platform.launcher.core.DefaultLauncher.execute(DefaultLauncher.java:85)
	at org.junit.platform.launcher.core.DelegatingLauncher.execute(DelegatingLauncher.java:47)
	at org.apache.maven.surefire.junitplatform.LazyLauncher.execute(LazyLauncher.java:56)
	at org.apache.maven.surefire.junitplatform.JUnitPlatformProvider.execute(JUnitPlatformProvider.java:184)
	at org.apache.maven.surefire.junitplatform.JUnitPlatformProvider.invokeAllTests(JUnitPlatformProvider.java:148)
	at org.apache.maven.surefire.junitplatform.JUnitPlatformProvider.invoke(JUnitPlatformProvider.java:122)
	at org.apache.maven.surefire.booter.ForkedBooter.runSuitesInProcess(ForkedBooter.java:385)
	at org.apache.maven.surefire.booter.ForkedBooter.execute(ForkedBooter.java:162)
	at org.apache.maven.surefire.booter.ForkedBooter.run(ForkedBooter.java:507)
	at org.apache.maven.surefire.booter.ForkedBooter.main(ForkedBooter.java:495)

[ERRO] 2026-01-09 18:51:47.170 - Erro-40
  Exceção: java.lang.RuntimeException: Erro 40
java.lang.RuntimeException: Erro 40
	at testes.ErrorLoggerTest.testeLogNaoCresceIndefinidamente(ErrorLoggerTest.java:398)
	at java.base/jdk.internal.reflect.DirectMethodHandleAccessor.invoke(DirectMethodHandleAccessor.java:103)
	at java.base/java.lang.reflect.Method.invoke(Method.java:580)
	at org.junit.platform.commons.util.ReflectionUtils.invokeMethod(ReflectionUtils.java:728)
	at org.junit.jupiter.engine.execution.MethodInvocation.proceed(MethodInvocation.java:60)
	at org.junit.jupiter.engine.execution.InvocationInterceptorChain$ValidatingInvocation.proceed(InvocationInterceptorChain.java:131)
	at org.junit.jupiter.engine.extension.TimeoutExtension.intercept(TimeoutExtension.java:156)
	at org.junit.jupiter.engine.extension.TimeoutExtension.interceptTestableMethod(TimeoutExtension.java:147)
	at org.junit.jupiter.engine.extension.TimeoutExtension.interceptTestMethod(TimeoutExtension.java:86)
	at org.junit.jupiter.engine.execution.InterceptingExecutableInvoker$ReflectiveInterceptorCall.lambda$ofVoidMethod$0(InterceptingExecutableInvoker.java:103)
	at org.junit.jupiter.engine.execution.InterceptingExecutableInvoker.lambda$invoke$0(InterceptingExecutableInvoker.java:93)
	at org.junit.jupiter.engine.execution.InvocationInterceptorChain$InterceptedInvocation.proceed(InvocationInterceptorChain.java:106)
	at org.junit.jupiter.engine.execution.InvocationInterceptorChain.proceed(InvocationInterceptorChain.java:64)
	at org.junit.jupiter.engine.execution.InvocationInterceptorChain.chainAndInvoke(InvocationInterceptorChain.java:45)
	at org.junit.jupiter.engine.execution.InvocationInterceptorChain.invoke(InvocationInterceptorChain.java:37)
	at org.junit.jupiter.engine.execution.InterceptingExecutableInvoker.invoke(InterceptingExecutableInvoker.java:92)
	at org.junit.jupiter.engine.execution.InterceptingExecutableInvoker.invoke(InterceptingExecutableInvoker.java:86)
	at org.junit.jupiter.engine.descriptor.TestMethodTestDescriptor.lambda$invokeTestMethod$7(TestMethodTestDescriptor.java:218)
	at org.junit.platform.engine.support.hierarchical.ThrowableCollector.execute(ThrowableCollector.java:73)
	at org.junit.jupiter.engine.descriptor.TestMethodTestDescriptor.invokeTestMethod(TestMethodTestDescriptor.java:214)
	at org.junit.jupiter.engine.descriptor.TestMethodTestDescriptor.execute(TestMethodTestDescriptor.java:139)
	at org.junit.jupiter.engine.descriptor.TestMethodTestDescriptor.execute(TestMethodTestDescriptor.java:69)
	at org.junit.platform.engine.support.hierarchical.NodeTestTask.lambda$executeRecursively$6(NodeTestTask.java:151)
	at org.junit.platform.engine.support.hierarchical.ThrowableCollector.execute(ThrowableCollector.java:73)
	at org.junit.platform.engine.support.hierarchical.NodeTestTask.lambda$executeRecursively$8(NodeTestTask.java:141)
	at org.junit.platform.engine.support.hierarchical.Node.around(Node.java:137)
	at org.junit.platform.engine.support.hierarchical.NodeTestTask.lambda$executeRecursively$9(NodeTestTask.java:139)
	at org.junit.platform.engine.support.hierarchical.ThrowableCollector.execute(ThrowableCollector.java:73)
	at org.junit.platform.engine.support.hierarchical.NodeTestTask.executeRecursively(NodeTestTask.java:138)
	at org.junit.platform.engine.support.hierarchical.NodeTestTask.execute(NodeTestTask.java:95)
	at java.base/java.util.ArrayList.forEach(ArrayList.java:1597)
	at org.junit.platform.engine.support.hierarchical.SameThreadHierarchicalTestExecutorService.invokeAll(SameThreadHierarchicalTestExecutorService.java:41)
	at org.junit.platform.engine.support.hierarchical.NodeTestTask.lambda$executeRecursively$6(NodeTestTask.java:155)
	at org.junit.platform.engine.support.hierarchical.ThrowableCollector.execute(ThrowableCollector.java:73)
	at org.junit.platform.engine.support.hierarchical.NodeTestTask.lambda$executeRecursively$8(NodeTestTask.java:141)
	at org.junit.platform.engine.support.hierarchical.Node.around(Node.java:137)
	at org.junit.platform.engine.support.hierarchical.NodeTestTask.lambda$executeRecursively$9(NodeTestTask.java:139)
	at org.junit.platform.engine.support.hierarchical.ThrowableCollector.execute(ThrowableCollector.java:73)
	at org.junit.platform.engine.support.hierarchical.NodeTestTask.executeRecursively(NodeTestTask.java:138)
	at org.junit.platform.engine.support.hierarchical.NodeTestTask.execute(NodeTestTask.java:95)
	at java.base/java.util.ArrayList.forEach(ArrayList.java:1597)
	at org.junit.platform.engine.support.hierarchical.SameThreadHierarchicalTestExecutorService.invokeAll(SameThreadHierarchicalTestExecutorService.java:41)
	at org.junit.platform.engine.support.hierarchical.NodeTestTask.lambda$executeRecursively$6(NodeTestTask.java:155)
	at org.junit.platform.engine.support.hierarchical.ThrowableCollector.execute(ThrowableCollector.java:73)
	at org.junit.platform.engine.support.hierarchical.NodeTestTask.lambda$executeRecursively$8(NodeTestTask.java:141)
	at org.junit.platform.engine.support.hierarchical.Node.around(Node.java:137)
	at org.junit.platform.engine.support.hierarchical.NodeTestTask.lambda$executeRecursively$9(NodeTestTask.java:139)
	at org.junit.platform.engine.support.hierarchical.ThrowableCollector.execute(ThrowableCollector.java:73)
	at org.junit.platform.engine.support.hierarchical.NodeTestTask.executeRecursively(NodeTestTask.java:138)
	at org.junit.platform.engine.support.hierarchical.NodeTestTask.execute(NodeTestTask.java:95)
	at org.junit.platform.engine.support.hierarchical.SameThreadHierarchicalTestExecutorService.submit(SameThreadHierarchicalTestExecutorService.java:35)
	at org.junit.platform.engine.support.hierarchical.HierarchicalTestExecutor.execute(HierarchicalTestExecutor.java:57)
	at org.junit.platform.engine.support.hierarchical.HierarchicalTestEngine.execute(HierarchicalTestEngine.java:54)
	at org.junit.platform.launcher.core.EngineExecutionOrchestrator.execute(EngineExecutionOrchestrator.java:198)
	at org.junit.platform.launcher.core.EngineExecutionOrchestrator.execute(EngineExecutionOrchestrator.java:169)
	at org.junit.platform.launcher.core.EngineExecutionOrchestrator.execute(EngineExecutionOrchestrator.java:93)
	at org.junit.platform.launcher.core.EngineExecutionOrchestrator.lambda$execute$0(EngineExecutionOrchestrator.java:58)
	at org.junit.platform.launcher.core.EngineExecutionOrchestrator.withInterceptedStreams(EngineExecutionOrchestrator.java:141)
	at org.junit.platform.launcher.core.EngineExecutionOrchestrator.execute(EngineExecutionOrchestrator.java:57)
	at org.junit.platform.launcher.core.DefaultLauncher.execute(DefaultLauncher.java:103)
	at org.junit.platform.launcher.core.DefaultLauncher.execute(DefaultLauncher.java:85)
	at org.junit.platform.launcher.core.DelegatingLauncher.execute(DelegatingLauncher.java:47)
	at org.apache.maven.surefire.junitplatform.LazyLauncher.execute(LazyLauncher.java:56)
	at org.apache.maven.surefire.junitplatform.JUnitPlatformProvider.execute(JUnitPlatformProvider.java:184)
	at org.apache.maven.surefire.junitplatform.JUnitPlatformProvider.invokeAllTests(JUnitPlatformProvider.java:148)
	at org.apache.maven.surefire.junitplatform.JUnitPlatformProvider.invoke(JUnitPlatformProvider.java:122)
	at org.apache.maven.surefire.booter.ForkedBooter.runSuitesInProcess(ForkedBooter.java:385)
	at org.apache.maven.surefire.booter.ForkedBooter.execute(ForkedBooter.java:162)
	at org.apache.maven.surefire.booter.ForkedBooter.run(ForkedBooter.java:507)
	at org.apache.maven.surefire.booter.ForkedBooter.main(ForkedBooter.java:495)

[ERRO] 2026-01-09 18:51:47.170 - Erro-41
  Exceção: java.lang.RuntimeException: Erro 41
java.lang.RuntimeException: Erro 41
	at testes.ErrorLoggerTest.testeLogNaoCresceIndefinidamente(ErrorLoggerTest.java:398)
	at java.base/jdk.internal.reflect.DirectMethodHandleAccessor.invoke(DirectMethodHandleAccessor.java:103)
	at java.base/java.lang.reflect.Method.invoke(Method.java:580)
	at org.junit.platform.commons.util.ReflectionUtils.invokeMethod(ReflectionUtils.java:728)
	at org.junit.jupiter.engine.execution.MethodInvocation.proceed(MethodInvocation.java:60)
	at org.junit.jupiter.engine.execution.InvocationInterceptorChain$ValidatingInvocation.proceed(InvocationInterceptorChain.java:131)
	at org.junit.jupiter.engine.extension.TimeoutExtension.intercept(TimeoutExtension.java:156)
	at org.junit.jupiter.engine.extension.TimeoutExtension.interceptTestableMethod(TimeoutExtension.java:147)
	at org.junit.jupiter.engine.extension.TimeoutExtension.interceptTestMethod(TimeoutExtension.java:86)
	at org.junit.jupiter.engine.execution.InterceptingExecutableInvoker$ReflectiveInterceptorCall.lambda$ofVoidMethod$0(InterceptingExecutableInvoker.java:103)
	at org.junit.jupiter.engine.execution.InterceptingExecutableInvoker.lambda$invoke$0(InterceptingExecutableInvoker.java:93)
	at org.junit.jupiter.engine.execution.InvocationInterceptorChain$InterceptedInvocation.proceed(InvocationInterceptorChain.java:106)
	at org.junit.jupiter.engine.execution.InvocationInterceptorChain.proceed(InvocationInterceptorChain.java:64)
	at org.junit.jupiter.engine.execution.InvocationInterceptorChain.chainAndInvoke(InvocationInterceptorChain.java:45)
	at org.junit.jupiter.engine.execution.InvocationInterceptorChain.invoke(InvocationInterceptorChain.java:37)
	at org.junit.jupiter.engine.execution.InterceptingExecutableInvoker.invoke(InterceptingExecutableInvoker.java:92)
	at org.junit.jupiter.engine.execution.InterceptingExecutableInvoker.invoke(InterceptingExecutableInvoker.java:86)
	at org.junit.jupiter.engine.descriptor.TestMethodTestDescriptor.lambda$invokeTestMethod$7(TestMethodTestDescriptor.java:218)
	at org.junit.platform.engine.support.hierarchical.ThrowableCollector.execute(ThrowableCollector.java:73)
	at org.junit.jupiter.engine.descriptor.TestMethodTestDescriptor.invokeTestMethod(TestMethodTestDescriptor.java:214)
	at org.junit.jupiter.engine.descriptor.TestMethodTestDescriptor.execute(TestMethodTestDescriptor.java:139)
	at org.junit.jupiter.engine.descriptor.TestMethodTestDescriptor.execute(TestMethodTestDescriptor.java:69)
	at org.junit.platform.engine.support.hierarchical.NodeTestTask.lambda$executeRecursively$6(NodeTestTask.java:151)
	at org.junit.platform.engine.support.hierarchical.ThrowableCollector.execute(ThrowableCollector.java:73)
	at org.junit.platform.engine.support.hierarchical.NodeTestTask.lambda$executeRecursively$8(NodeTestTask.java:141)
	at org.junit.platform.engine.support.hierarchical.Node.around(Node.java:137)
	at org.junit.platform.engine.support.hierarchical.NodeTestTask.lambda$executeRecursively$9(NodeTestTask.java:139)
	at org.junit.platform.engine.support.hierarchical.ThrowableCollector.execute(ThrowableCollector.java:73)
	at org.junit.platform.engine.support.hierarchical.NodeTestTask.executeRecursively(NodeTestTask.java:138)
	at org.junit.platform.engine.support.hierarchical.NodeTestTask.execute(NodeTestTask.java:95)
	at java.base/java.util.ArrayList.forEach(ArrayList.java:1597)
	at org.junit.platform.engine.support.hierarchical.SameThreadHierarchicalTestExecutorService.invokeAll(SameThreadHierarchicalTestExecutorService.java:41)
	at org.junit.platform.engine.support.hierarchical.NodeTestTask.lambda$executeRecursively$6(NodeTestTask.java:155)
	at org.junit.platform.engine.support.hierarchical.ThrowableCollector.execute(ThrowableCollector.java:73)
	at org.junit.platform.engine.support.hierarchical.NodeTestTask.lambda$executeRecursively$8(NodeTestTask.java:141)
	at org.junit.platform.engine.support.hierarchical.Node.around(Node.java:137)
	at org.junit.platform.engine.support.hierarchical.NodeTestTask.lambda$executeRecursively$9(NodeTestTask.java:139)
	at org.junit.platform.engine.support.hierarchical.ThrowableCollector.execute(ThrowableCollector.java:73)
	at org.junit.platform.engine.support.hierarchical.NodeTestTask.executeRecursively(NodeTestTask.java:138)
	at org.junit.platform.engine.support.hierarchical.NodeTestTask.execute(NodeTestTask.java:95)
	at java.base/java.util.ArrayList.forEach(ArrayList.java:1597)
	at org.junit.platform.engine.support.hierarchical.SameThreadHierarchicalTestExecutorService.invokeAll(SameThreadHierarchicalTestExecutorService.java:41)
	at org.junit.platform.engine.support.hierarchical.NodeTestTask.lambda$executeRecursively$6(NodeTestTask.java:155)
	at org.junit.platform.engine.support.hierarchical.ThrowableCollector.execute(ThrowableCollector.java:73)
	at org.junit.platform.engine.support.hierarchical.NodeTestTask.lambda$executeRecursively$8(NodeTestTask.java:141)
	at org.junit.platform.engine.support.hierarchical.Node.around(Node.java:137)
	at org.junit.platform.engine.support.hierarchical.NodeTestTask.lambda$executeRecursively$9(NodeTestTask.java:139)
	at org.junit.platform.engine.support.hierarchical.ThrowableCollector.execute(ThrowableCollector.java:73)
	at org.junit.platform.engine.support.hierarchical.NodeTestTask.executeRecursively(NodeTestTask.java:138)
	at org.junit.platform.engine.support.hierarchical.NodeTestTask.execute(NodeTestTask.java:95)
	at org.junit.platform.engine.support.hierarchical.SameThreadHierarchicalTestExecutorService.submit(SameThreadHierarchicalTestExecutorService.java:35)
	at org.junit.platform.engine.support.hierarchical.HierarchicalTestExecutor.execute(HierarchicalTestExecutor.java:57)
	at org.junit.platform.engine.support.hierarchical.HierarchicalTestEngine.execute(HierarchicalTestEngine.java:54)
	at org.junit.platform.launcher.core.EngineExecutionOrchestrator.execute(EngineExecutionOrchestrator.java:198)
	at org.junit.platform.launcher.core.EngineExecutionOrchestrator.execute(EngineExecutionOrchestrator.java:169)
	at org.junit.platform.launcher.core.EngineExecutionOrchestrator.execute(EngineExecutionOrchestrator.java:93)
	at org.junit.platform.launcher.core.EngineExecutionOrchestrator.lambda$execute$0(EngineExecutionOrchestrator.java:58)
	at org.junit.platform.launcher.core.EngineExecutionOrchestrator.withInterceptedStreams(EngineExecutionOrchestrator.java:141)
	at org.junit.platform.launcher.core.EngineExecutionOrchestrator.execute(EngineExecutionOrchestrator.java:57)
	at org.junit.platform.launcher.core.DefaultLauncher.execute(DefaultLauncher.java:103)
	at org.junit.platform.launcher.core.DefaultLauncher.execute(DefaultLauncher.java:85)
	at org.junit.platform.launcher.core.DelegatingLauncher.execute(DelegatingLauncher.java:47)
	at org.apache.maven.surefire.junitplatform.LazyLauncher.execute(LazyLauncher.java:56)
	at org.apache.maven.surefire.junitplatform.JUnitPlatformProvider.execute(JUnitPlatformProvider.java:184)
	at org.apache.maven.surefire.junitplatform.JUnitPlatformProvider.invokeAllTests(JUnitPlatformProvider.java:148)
	at org.apache.maven.surefire.junitplatform.JUnitPlatformProvider.invoke(JUnitPlatformProvider.java:122)
	at org.apache.maven.surefire.booter.ForkedBooter.runSuitesInProcess(ForkedBooter.java:385)
	at org.apache.maven.surefire.booter.ForkedBooter.execute(ForkedBooter.java:162)
	at org.apache.maven.surefire.booter.ForkedBooter.run(ForkedBooter.java:507)
	at org.apache.maven.surefire.booter.ForkedBooter.main(ForkedBooter.java:495)

[ERRO] 2026-01-09 18:51:47.171 - Erro-42
  Exceção: java.lang.RuntimeException: Erro 42
java.lang.RuntimeException: Erro 42
	at testes.ErrorLoggerTest.testeLogNaoCresceIndefinidamente(ErrorLoggerTest.java:398)
	at java.base/jdk.internal.reflect.DirectMethodHandleAccessor.invoke(DirectMethodHandleAccessor.java:103)
	at java.base/java.lang.reflect.Method.invoke(Method.java:580)
	at org.junit.platform.commons.util.ReflectionUtils.invokeMethod(ReflectionUtils.java:728)
	at org.junit.jupiter.engine.execution.MethodInvocation.proceed(MethodInvocation.java:60)
	at org.junit.jupiter.engine.execution.InvocationInterceptorChain$ValidatingInvocation.proceed(InvocationInterceptorChain.java:131)
	at org.junit.jupiter.engine.extension.TimeoutExtension.intercept(TimeoutExtension.java:156)
	at org.junit.jupiter.engine.extension.TimeoutExtension.interceptTestableMethod(TimeoutExtension.java:147)
	at org.junit.jupiter.engine.extension.TimeoutExtension.interceptTestMethod(TimeoutExtension.java:86)
	at org.junit.jupiter.engine.execution.InterceptingExecutableInvoker$ReflectiveInterceptorCall.lambda$ofVoidMethod$0(InterceptingExecutableInvoker.java:103)
	at org.junit.jupiter.engine.execution.InterceptingExecutableInvoker.lambda$invoke$0(InterceptingExecutableInvoker.java:93)
	at org.junit.jupiter.engine.execution.InvocationInterceptorChain$InterceptedInvocation.proceed(InvocationInterceptorChain.java:106)
	at org.junit.jupiter.engine.execution.InvocationInterceptorChain.proceed(InvocationInterceptorChain.java:64)
	at org.junit.jupiter.engine.execution.InvocationInterceptorChain.chainAndInvoke(InvocationInterceptorChain.java:45)
	at org.junit.jupiter.engine.execution.InvocationInterceptorChain.invoke(InvocationInterceptorChain.java:37)
	at org.junit.jupiter.engine.execution.InterceptingExecutableInvoker.invoke(InterceptingExecutableInvoker.java:92)
	at org.junit.jupiter.engine.execution.InterceptingExecutableInvoker.invoke(InterceptingExecutableInvoker.java:86)
	at org.junit.jupiter.engine.descriptor.TestMethodTestDescriptor.lambda$invokeTestMethod$7(TestMethodTestDescriptor.java:218)
	at org.junit.platform.engine.support.hierarchical.ThrowableCollector.execute(ThrowableCollector.java:73)
	at org.junit.jupiter.engine.descriptor.TestMethodTestDescriptor.invokeTestMethod(TestMethodTestDescriptor.java:214)
	at org.junit.jupiter.engine.descriptor.TestMethodTestDescriptor.execute(TestMethodTestDescriptor.java:139)
	at org.junit.jupiter.engine.descriptor.TestMethodTestDescriptor.execute(TestMethodTestDescriptor.java:69)
	at org.junit.platform.engine.support.hierarchical.NodeTestTask.lambda$executeRecursively$6(NodeTestTask.java:151)
	at org.junit.platform.engine.support.hierarchical.ThrowableCollector.execute(ThrowableCollector.java:73)
	at org.junit.platform.engine.support.hierarchical.NodeTestTask.lambda$executeRecursively$8(NodeTestTask.java:141)
	at org.junit.platform.engine.support.hierarchical.Node.around(Node.java:137)
	at org.junit.platform.engine.support.hierarchical.NodeTestTask.lambda$executeRecursively$9(NodeTestTask.java:139)
	at org.junit.platform.engine.support.hierarchical.ThrowableCollector.execute(ThrowableCollector.java:73)
	at org.junit.platform.engine.support.hierarchical.NodeTestTask.executeRecursively(NodeTestTask.java:138)
	at org.junit.platform.engine.support.hierarchical.NodeTestTask.execute(NodeTestTask.java:95)
	at java.base/java.util.ArrayList.forEach(ArrayList.java:1597)
	at org.junit.platform.engine.support.hierarchical.SameThreadHierarchicalTestExecutorService.invokeAll(SameThreadHierarchicalTestExecutorService.java:41)
	at org.junit.platform.engine.support.hierarchical.NodeTestTask.lambda$executeRecursively$6(NodeTestTask.java:155)
	at org.junit.platform.engine.support.hierarchical.ThrowableCollector.execute(ThrowableCollector.java:73)
	at org.junit.platform.engine.support.hierarchical.NodeTestTask.lambda$executeRecursively$8(NodeTestTask.java:141)
	at org.junit.platform.engine.support.hierarchical.Node.around(Node.java:137)
	at org.junit.platform.engine.support.hierarchical.NodeTestTask.lambda$executeRecursively$9(NodeTestTask.java:139)
	at org.junit.platform.engine.support.hierarchical.ThrowableCollector.execute(ThrowableCollector.java:73)
	at org.junit.platform.engine.support.hierarchical.NodeTestTask.executeRecursively(NodeTestTask.java:138)
	at org.junit.platform.engine.support.hierarchical.NodeTestTask.execute(NodeTestTask.java:95)
	at java.base/java.util.ArrayList.forEach(ArrayList.java:1597)
	at org.junit.platform.engine.support.hierarchical.SameThreadHierarchicalTestExecutorService.invokeAll(SameThreadHierarchicalTestExecutorService.java:41)
	at org.junit.platform.engine.support.hierarchical.NodeTestTask.lambda$executeRecursively$6(NodeTestTask.java:155)
	at org.junit.platform.engine.support.hierarchical.ThrowableCollector.execute(ThrowableCollector.java:73)
	at org.junit.platform.engine.support.hierarchical.NodeTestTask.lambda$executeRecursively$8(NodeTestTask.java:141)
	at org.junit.platform.engine.support.hierarchical.Node.around(Node.java:137)
	at org.junit.platform.engine.support.hierarchical.NodeTestTask.lambda$executeRecursively$9(NodeTestTask.java:139)
	at org.junit.platform.engine.support.hierarchical.ThrowableCollector.execute(ThrowableCollector.java:73)
	at org.junit.platform.engine.support.hierarchical.NodeTestTask.executeRecursively(NodeTestTask.java:138)
	at org.junit.platform.engine.support.hierarchical.NodeTestTask.execute(NodeTestTask.java:95)
	at org.junit.platform.engine.support.hierarchical.SameThreadHierarchicalTestExecutorService.submit(SameThreadHierarchicalTestExecutorService.java:35)
	at org.junit.platform.engine.support.hierarchical.HierarchicalTestExecutor.execute(HierarchicalTestExecutor.java:57)
	at org.junit.platform.engine.support.hierarchical.HierarchicalTestEngine.execute(HierarchicalTestEngine.java:54)
	at org.junit.platform.launcher.core.EngineExecutionOrchestrator.execute(EngineExecutionOrchestrator.java:198)
	at org.junit.platform.launcher.core.EngineExecutionOrchestrator.execute(EngineExecutionOrchestrator.java:169)
	at org.junit.platform.launcher.core.EngineExecutionOrchestrator.execute(EngineExecutionOrchestrator.java:93)
	at org.junit.platform.launcher.core.EngineExecutionOrchestrator.lambda$execute$0(EngineExecutionOrchestrator.java:58)
	at org.junit.platform.launcher.core.EngineExecutionOrchestrator.withInterceptedStreams(EngineExecutionOrchestrator.java:141)
	at org.junit.platform.launcher.core.EngineExecutionOrchestrator.execute(EngineExecutionOrchestrator.java:57)
	at org.junit.platform.launcher.core.DefaultLauncher.execute(DefaultLauncher.java:103)
	at org.junit.platform.launcher.core.DefaultLauncher.execute(DefaultLauncher.java:85)
	at org.junit.platform.launcher.core.DelegatingLauncher.execute(DelegatingLauncher.java:47)
	at org.apache.maven.surefire.junitplatform.LazyLauncher.execute(LazyLauncher.java:56)
	at org.apache.maven.surefire.junitplatform.JUnitPlatformProvider.execute(JUnitPlatformProvider.java:184)
	at org.apache.maven.surefire.junitplatform.JUnitPlatformProvider.invokeAllTests(JUnitPlatformProvider.java:148)
	at org.apache.maven.surefire.junitplatform.JUnitPlatformProvider.invoke(JUnitPlatformProvider.java:122)
	at org.apache.maven.surefire.booter.ForkedBooter.runSuitesInProcess(ForkedBooter.java:385)
	at org.apache.maven.surefire.booter.ForkedBooter.execute(ForkedBooter.java:162)
	at org.apache.maven.surefire.booter.ForkedBooter.run(ForkedBooter.java:507)
	at org.apache.maven.surefire.booter.ForkedBooter.main(ForkedBooter.java:495)

[ERRO] 2026-01-09 18:51:47.171 - Erro-43
  Exceção: java.lang.RuntimeException: Erro 43
java.lang.RuntimeException: Erro 43
	at testes.ErrorLoggerTest.testeLogNaoCresceIndefinidamente(ErrorLoggerTest.java:398)
	at java.base/jdk.internal.reflect.DirectMethodHandleAccessor.invoke(DirectMethodHandleAccessor.java:103)
	at java.base/java.lang.reflect.Method.invoke(Method.java:580)
	at org.junit.platform.commons.util.ReflectionUtils.invokeMethod(ReflectionUtils.java:728)
	at org.junit.jupiter.engine.execution.MethodInvocation.proceed(MethodInvocation.java:60)
	at org.junit.jupiter.engine.execution.InvocationInterceptorChain$ValidatingInvocation.proceed(InvocationInterceptorChain.java:131)
	at org.junit.jupiter.engine.extension.TimeoutExtension.intercept(TimeoutExtension.java:156)
	at org.junit.jupiter.engine.extension.TimeoutExtension.interceptTestableMethod(TimeoutExtension.java:147)
	at org.junit.jupiter.engine.extension.TimeoutExtension.interceptTestMethod(TimeoutExtension.java:86)
	at org.junit.jupiter.engine.execution.InterceptingExecutableInvoker$ReflectiveInterceptorCall.lambda$ofVoidMethod$0(InterceptingExecutableInvoker.java:103)
	at org.junit.jupiter.engine.execution.InterceptingExecutableInvoker.lambda$invoke$0(InterceptingExecutableInvoker.java:93)
	at org.junit.jupiter.engine.execution.InvocationInterceptorChain$InterceptedInvocation.proceed(InvocationInterceptorChain.java:106)
	at org.junit.jupiter.engine.execution.InvocationInterceptorChain.proceed(InvocationInterceptorChain.java:64)
	at org.junit.jupiter.engine.execution.InvocationInterceptorChain.chainAndInvoke(InvocationInterceptorChain.java:45)
	at org.junit.jupiter.engine.execution.InvocationInterceptorChain.invoke(InvocationInterceptorChain.java:37)
	at org.junit.jupiter.engine.execution.InterceptingExecutableInvoker.invoke(InterceptingExecutableInvoker.java:92)
	at org.junit.jupiter.engine.execution.InterceptingExecutableInvoker.invoke(InterceptingExecutableInvoker.java:86)
	at org.junit.jupiter.engine.descriptor.TestMethodTestDescriptor.lambda$invokeTestMethod$7(TestMethodTestDescriptor.java:218)
	at org.junit.platform.engine.support.hierarchical.ThrowableCollector.execute(ThrowableCollector.java:73)
	at org.junit.jupiter.engine.descriptor.TestMethodTestDescriptor.invokeTestMethod(TestMethodTestDescriptor.java:214)
	at org.junit.jupiter.engine.descriptor.TestMethodTestDescriptor.execute(TestMethodTestDescriptor.java:139)
	at org.junit.jupiter.engine.descriptor.TestMethodTestDescriptor.execute(TestMethodTestDescriptor.java:69)
	at org.junit.platform.engine.support.hierarchical.NodeTestTask.lambda$executeRecursively$6(NodeTestTask.java:151)
	at org.junit.platform.engine.support.hierarchical.ThrowableCollector.execute(ThrowableCollector.java:73)
	at org.junit.platform.engine.support.hierarchical.NodeTestTask.lambda$executeRecursively$8(NodeTestTask.java:141)
	at org.junit.platform.engine.support.hierarchical.Node.around(Node.java:137)
	at org.junit.platform.engine.support.hierarchical.NodeTestTask.lambda$executeRecursively$9(NodeTestTask.java:139)
	at org.junit.platform.engine.support.hierarchical.ThrowableCollector.execute(ThrowableCollector.java:73)
	at org.junit.platform.engine.support.hierarchical.NodeTestTask.executeRecursively(NodeTestTask.java:138)
	at org.junit.platform.engine.support.hierarchical.NodeTestTask.execute(NodeTestTask.java:95)
	at java.base/java.util.ArrayList.forEach(ArrayList.java:1597)
	at org.junit.platform.engine.support.hierarchical.SameThreadHierarchicalTestExecutorService.invokeAll(SameThreadHierarchicalTestExecutorService.java:41)
	at org.junit.platform.engine.support.hierarchical.NodeTestTask.lambda$executeRecursively$6(NodeTestTask.java:155)
	at org.junit.platform.engine.support.hierarchical.ThrowableCollector.execute(ThrowableCollector.java:73)
	at org.junit.platform.engine.support.hierarchical.NodeTestTask.lambda$executeRecursively$8(NodeTestTask.java:141)
	at org.junit.platform.engine.support.hierarchical.Node.around(Node.java:137)
	at org.junit.platform.engine.support.hierarchical.NodeTestTask.lambda$executeRecursively$9(NodeTestTask.java:139)
	at org.junit.platform.engine.support.hierarchical.ThrowableCollector.execute(ThrowableCollector.java:73)
	at org.junit.platform.engine.support.hierarchical.NodeTestTask.executeRecursively(NodeTestTask.java:138)
	at org.junit.platform.engine.support.hierarchical.NodeTestTask.execute(NodeTestTask.java:95)
	at java.base/java.util.ArrayList.forEach(ArrayList.java:1597)
	at org.junit.platform.engine.support.hierarchical.SameThreadHierarchicalTestExecutorService.invokeAll(SameThreadHierarchicalTestExecutorService.java:41)
	at org.junit.platform.engine.support.hierarchical.NodeTestTask.lambda$executeRecursively$6(NodeTestTask.java:155)
	at org.junit.platform.engine.support.hierarchical.ThrowableCollector.execute(ThrowableCollector.java:73)
	at org.junit.platform.engine.support.hierarchical.NodeTestTask.lambda$executeRecursively$8(NodeTestTask.java:141)
	at org.junit.platform.engine.support.hierarchical.Node.around(Node.java:137)
	at org.junit.platform.engine.support.hierarchical.NodeTestTask.lambda$executeRecursively$9(NodeTestTask.java:139)
	at org.junit.platform.engine.support.hierarchical.ThrowableCollector.execute(ThrowableCollector.java:73)
	at org.junit.platform.engine.support.hierarchical.NodeTestTask.executeRecursively(NodeTestTask.java:138)
	at org.junit.platform.engine.support.hierarchical.NodeTestTask.execute(NodeTestTask.java:95)
	at org.junit.platform.engine.support.hierarchical.SameThreadHierarchicalTestExecutorService.submit(SameThreadHierarchicalTestExecutorService.java:35)
	at org.junit.platform.engine.support.hierarchical.HierarchicalTestExecutor.execute(HierarchicalTestExecutor.java:57)
	at org.junit.platform.engine.support.hierarchical.HierarchicalTestEngine.execute(HierarchicalTestEngine.java:54)
	at org.junit.platform.launcher.core.EngineExecutionOrchestrator.execute(EngineExecutionOrchestrator.java:198)
	at org.junit.platform.launcher.core.EngineExecutionOrchestrator.execute(EngineExecutionOrchestrator.java:169)
	at org.junit.platform.launcher.core.EngineExecutionOrchestrator.execute(EngineExecutionOrchestrator.java:93)
	at org.junit.platform.launcher.core.EngineExecutionOrchestrator.lambda$execute$0(EngineExecutionOrchestrator.java:58)
	at org.junit.platform.launcher.core.EngineExecutionOrchestrator.withInterceptedStreams(EngineExecutionOrchestrator.java:141)
	at org.junit.platform.launcher.core.EngineExecutionOrchestrator.execute(EngineExecutionOrchestrator.java:57)
	at org.junit.platform.launcher.core.DefaultLauncher.execute(DefaultLauncher.java:103)
	at org.junit.platform.launcher.core.DefaultLauncher.execute(DefaultLauncher.java:85)
	at org.junit.platform.launcher.core.DelegatingLauncher.execute(DelegatingLauncher.java:47)
	at org.apache.maven.surefire.junitplatform.LazyLauncher.execute(LazyLauncher.java:56)
	at org.apache.maven.surefire.junitplatform.JUnitPlatformProvider.execute(JUnitPlatformProvider.java:184)
	at org.apache.maven.surefire.junitplatform.JUnitPlatformProvider.invokeAllTests(JUnitPlatformProvider.java:148)
	at org.apache.maven.surefire.junitplatform.JUnitPlatformProvider.invoke(JUnitPlatformProvider.java:122)
	at org.apache.maven.surefire.booter.ForkedBooter.runSuitesInProcess(ForkedBooter.java:385)
	at org.apache.maven.surefire.booter.ForkedBooter.execute(ForkedBooter.java:162)
	at org.apache.maven.surefire.booter.ForkedBooter.run(ForkedBooter.java:507)
	at org.apache.maven.surefire.booter.ForkedBooter.main(ForkedBooter.java:495)

[ERRO] 2026-01-09 18:51:47.171 - Erro-44
  Exceção: java.lang.RuntimeException: Erro 44
java.lang.RuntimeException: Erro 44
	at testes.ErrorLoggerTest.testeLogNaoCresceIndefinidamente(ErrorLoggerTest.java:398)
	at java.base/jdk.internal.reflect.DirectMethodHandleAccessor.invoke(DirectMethodHandleAccessor.java:103)
	at java.base/java.lang.reflect.Method.invoke(Method.java:580)
	at org.junit.platform.commons.util.ReflectionUtils.invokeMethod(ReflectionUtils.java:728)
	at org.junit.jupiter.engine.execution.MethodInvocation.proceed(MethodInvocation.java:60)
	at org.junit.jupiter.engine.execution.InvocationInterceptorChain$ValidatingInvocation.proceed(InvocationInterceptorChain.java:131)
	at org.junit.jupiter.engine.extension.TimeoutExtension.intercept(TimeoutExtension.java:156)
	at org.junit.jupiter.engine.extension.TimeoutExtension.interceptTestableMethod(TimeoutExtension.java:147)
	at org.junit.jupiter.engine.extension.TimeoutExtension.interceptTestMethod(TimeoutExtension.java:86)
	at org.junit.jupiter.engine.execution.InterceptingExecutableInvoker$ReflectiveInterceptorCall.lambda$ofVoidMethod$0(InterceptingExecutableInvoker.java:103)
	at org.junit.jupiter.engine.execution.InterceptingExecutableInvoker.lambda$invoke$0(InterceptingExecutableInvoker.java:93)
	at org.junit.jupiter.engine.execution.InvocationInterceptorChain$InterceptedInvocation.proceed(InvocationInterceptorChain.java:106)
	at org.junit.jupiter.engine.execution.InvocationInterceptorChain.proceed(InvocationInterceptorChain.java:64)
	at org.junit.jupiter.engine.execution.InvocationInterceptorChain.chainAndInvoke(InvocationInterceptorChain.java:45)
	at org.junit.jupiter.engine.execution.InvocationInterceptorChain.invoke(InvocationInterceptorChain.java:37)
	at org.junit.jupiter.engine.execution.InterceptingExecutableInvoker.invoke(InterceptingExecutableInvoker.java:92)
	at org.junit.jupiter.engine.execution.InterceptingExecutableInvoker.invoke(InterceptingExecutableInvoker.java:86)
	at org.junit.jupiter.engine.descriptor.TestMethodTestDescriptor.lambda$invokeTestMethod$7(TestMethodTestDescriptor.java:218)
	at org.junit.platform.engine.support.hierarchical.ThrowableCollector.execute(ThrowableCollector.java:73)
	at org.junit.jupiter.engine.descriptor.TestMethodTestDescriptor.invokeTestMethod(TestMethodTestDescriptor.java:214)
	at org.junit.jupiter.engine.descriptor.TestMethodTestDescriptor.execute(TestMethodTestDescriptor.java:139)
	at org.junit.jupiter.engine.descriptor.TestMethodTestDescriptor.execute(TestMethodTestDescriptor.java:69)
	at org.junit.platform.engine.support.hierarchical.NodeTestTask.lambda$executeRecursively$6(NodeTestTask.java:151)
	at org.junit.platform.engine.support.hierarchical.ThrowableCollector.execute(ThrowableCollector.java:73)
	at org.junit.platform.engine.support.hierarchical.NodeTestTask.lambda$executeRecursively$8(NodeTestTask.java:141)
	at org.junit.platform.engine.support.hierarchical.Node.around(Node.java:137)
	at org.junit.platform.engine.support.hierarchical.NodeTestTask.lambda$executeRecursively$9(NodeTestTask.java:139)
	at org.junit.platform.engine.support.hierarchical.ThrowableCollector.execute(ThrowableCollector.java:73)
	at org.junit.platform.engine.support.hierarchical.NodeTestTask.executeRecursively(NodeTestTask.java:138)
	at org.junit.platform.engine.support.hierarchical.NodeTestTask.execute(NodeTestTask.java:95)
	at java.base/java.util.ArrayList.forEach(ArrayList.java:1597)
	at org.junit.platform.engine.support.hierarchical.SameThreadHierarchicalTestExecutorService.invokeAll(SameThreadHierarchicalTestExecutorService.java:41)
	at org.junit.platform.engine.support.hierarchical.NodeTestTask.lambda$executeRecursively$6(NodeTestTask.java:155)
	at org.junit.platform.engine.support.hierarchical.ThrowableCollector.execute(ThrowableCollector.java:73)
	at org.junit.platform.engine.support.hierarchical.NodeTestTask.lambda$executeRecursively$8(NodeTestTask.java:141)
	at org.junit.platform.engine.support.hierarchical.Node.around(Node.java:137)
	at org.junit.platform.engine.support.hierarchical.NodeTestTask.lambda$executeRecursively$9(NodeTestTask.java:139)
	at org.junit.platform.engine.support.hierarchical.ThrowableCollector.execute(ThrowableCollector.java:73)
	at org.junit.platform.engine.support.hierarchical.NodeTestTask.executeRecursively(NodeTestTask.java:138)
	at org.junit.platform.engine.support.hierarchical.NodeTestTask.execute(NodeTestTask.java:95)
	at java.base/java.util.ArrayList.forEach(ArrayList.java:1597)
	at org.junit.platform.engine.support.hierarchical.SameThreadHierarchicalTestExecutorService.invokeAll(SameThreadHierarchicalTestExecutorService.java:41)
	at org.junit.platform.engine.support.hierarchical.NodeTestTask.lambda$executeRecursively$6(NodeTestTask.java:155)
	at org.junit.platform.engine.support.hierarchical.ThrowableCollector.execute(ThrowableCollector.java:73)
	at org.junit.platform.engine.support.hierarchical.NodeTestTask.lambda$executeRecursively$8(NodeTestTask.java:141)
	at org.junit.platform.engine.support.hierarchical.Node.around(Node.java:137)
	at org.junit.platform.engine.support.hierarchical.NodeTestTask.lambda$executeRecursively$9(NodeTestTask.java:139)
	at org.junit.platform.engine.support.hierarchical.ThrowableCollector.execute(ThrowableCollector.java:73)
	at org.junit.platform.engine.support.hierarchical.NodeTestTask.executeRecursively(NodeTestTask.java:138)
	at org.junit.platform.engine.support.hierarchical.NodeTestTask.execute(NodeTestTask.java:95)
	at org.junit.platform.engine.support.hierarchical.SameThreadHierarchicalTestExecutorService.submit(SameThreadHierarchicalTestExecutorService.java:35)
	at org.junit.platform.engine.support.hierarchical.HierarchicalTestExecutor.execute(HierarchicalTestExecutor.java:57)
	at org.junit.platform.engine.support.hierarchical.HierarchicalTestEngine.execute(HierarchicalTestEngine.java:54)
	at org.junit.platform.launcher.core.EngineExecutionOrchestrator.execute(EngineExecutionOrchestrator.java:198)
	at org.junit.platform.launcher.core.EngineExecutionOrchestrator.execute(EngineExecutionOrchestrator.java:169)
	at org.junit.platform.launcher.core.EngineExecutionOrchestrator.execute(EngineExecutionOrchestrator.java:93)
	at org.junit.platform.launcher.core.EngineExecutionOrchestrator.lambda$execute$0(EngineExecutionOrchestrator.java:58)
	at org.junit.platform.launcher.core.EngineExecutionOrchestrator.withInterceptedStreams(EngineExecutionOrchestrator.java:141)
	at org.junit.platform.launcher.core.EngineExecutionOrchestrator.execute(EngineExecutionOrchestrator.java:57)
	at org.junit.platform.launcher.core.DefaultLauncher.execute(DefaultLauncher.java:103)
	at org.junit.platform.launcher.core.DefaultLauncher.execute(DefaultLauncher.java:85)
	at org.junit.platform.launcher.core.DelegatingLauncher.execute(DelegatingLauncher.java:47)
	at org.apache.maven.surefire.junitplatform.LazyLauncher.execute(LazyLauncher.java:56)
	at org.apache.maven.surefire.junitplatform.JUnitPlatformProvider.execute(JUnitPlatformProvider.java:184)
	at org.apache.maven.surefire.junitplatform.JUnitPlatformProvider.invokeAllTests(JUnitPlatformProvider.java:148)
	at org.apache.maven.surefire.junitplatform.JUnitPlatformProvider.invoke(JUnitPlatformProvider.java:122)
	at org.apache.maven.surefire.booter.ForkedBooter.runSuitesInProcess(ForkedBooter.java:385)
	at org.apache.maven.surefire.booter.ForkedBooter.execute(ForkedBooter.java:162)
	at org.apache.maven.surefire.booter.ForkedBooter.run(ForkedBooter.java:507)
	at org.apache.maven.surefire.booter.ForkedBooter.main(ForkedBooter.java:495)

[ERRO] 2026-01-09 18:51:47.172 - Erro-45
  Exceção: java.lang.RuntimeException: Erro 45
java.lang.RuntimeException: Erro 45
	at testes.ErrorLoggerTest.testeLogNaoCresceIndefinidamente(ErrorLoggerTest.java:398)
	at java.base/jdk.internal.reflect.DirectMethodHandleAccessor.invoke(DirectMethodHandleAccessor.java:103)
	at java.base/java.lang.reflect.Method.invoke(Method.java:580)
	at org.junit.platform.commons.util.ReflectionUtils.invokeMethod(ReflectionUtils.java:728)
	at org.junit.jupiter.engine.execution.MethodInvocation.proceed(MethodInvocation.java:60)
	at org.junit.jupiter.engine.execution.InvocationInterceptorChain$ValidatingInvocation.proceed(InvocationInterceptorChain.java:131)
	at org.junit.jupiter.engine.extension.TimeoutExtension.intercept(TimeoutExtension.java:156)
	at org.junit.jupiter.engine.extension.TimeoutExtension.interceptTestableMethod(TimeoutExtension.java:147)
	at org.junit.jupiter.engine.extension.TimeoutExtension.interceptTestMethod(TimeoutExtension.java:86)
	at org.junit.jupiter.engine.execution.InterceptingExecutableInvoker$ReflectiveInterceptorCall.lambda$ofVoidMethod$0(InterceptingExecutableInvoker.java:103)
	at org.junit.jupiter.engine.execution.InterceptingExecutableInvoker.lambda$invoke$0(InterceptingExecutableInvoker.java:93)
	at org.junit.jupiter.engine.execution.InvocationInterceptorChain$InterceptedInvocation.proceed(InvocationInterceptorChain.java:106)
	at org.junit.jupiter.engine.execution.InvocationInterceptorChain.proceed(InvocationInterceptorChain.java:64)
	at org.junit.jupiter.engine.execution.InvocationInterceptorChain.chainAndInvoke(InvocationInterceptorChain.java:45)
	at org.junit.jupiter.engine.execution.InvocationInterceptorChain.invoke(InvocationInterceptorChain.java:37)
	at org.junit.jupiter.engine.execution.InterceptingExecutableInvoker.invoke(InterceptingExecutableInvoker.java:92)
	at org.junit.jupiter.engine.execution.InterceptingExecutableInvoker.invoke(InterceptingExecutableInvoker.java:86)
	at org.junit.jupiter.engine.descriptor.TestMethodTestDescriptor.lambda$invokeTestMethod$7(TestMethodTestDescriptor.java:218)
	at org.junit.platform.engine.support.hierarchical.ThrowableCollector.execute(ThrowableCollector.java:73)
	at org.junit.jupiter.engine.descriptor.TestMethodTestDescriptor.invokeTestMethod(TestMethodTestDescriptor.java:214)
	at org.junit.jupiter.engine.descriptor.TestMethodTestDescriptor.execute(TestMethodTestDescriptor.java:139)
	at org.junit.jupiter.engine.descriptor.TestMethodTestDescriptor.execute(TestMethodTestDescriptor.java:69)
	at org.junit.platform.engine.support.hierarchical.NodeTestTask.lambda$executeRecursively$6(NodeTestTask.java:151)
	at org.junit.platform.engine.support.hierarchical.ThrowableCollector.execute(ThrowableCollector.java:73)
	at org.junit.platform.engine.support.hierarchical.NodeTestTask.lambda$executeRecursively$8(NodeTestTask.java:141)
	at org.junit.platform.engine.support.hierarchical.Node.around(Node.java:137)
	at org.junit.platform.engine.support.hierarchical.NodeTestTask.lambda$executeRecursively$9(NodeTestTask.java:139)
	at org.junit.platform.engine.support.hierarchical.ThrowableCollector.execute(ThrowableCollector.java:73)
	at org.junit.platform.engine.support.hierarchical.NodeTestTask.executeRecursively(NodeTestTask.java:138)
	at org.junit.platform.engine.support.hierarchical.NodeTestTask.execute(NodeTestTask.java:95)
	at java.base/java.util.ArrayList.forEach(ArrayList.java:1597)
	at org.junit.platform.engine.support.hierarchical.SameThreadHierarchicalTestExecutorService.invokeAll(SameThreadHierarchicalTestExecutorService.java:41)
	at org.junit.platform.engine.support.hierarchical.NodeTestTask.lambda$executeRecursively$6(NodeTestTask.java:155)
	at org.junit.platform.engine.support.hierarchical.ThrowableCollector.execute(ThrowableCollector.java:73)
	at org.junit.platform.engine.support.hierarchical.NodeTestTask.lambda$executeRecursively$8(NodeTestTask.java:141)
	at org.junit.platform.engine.support.hierarchical.Node.around(Node.java:137)
	at org.junit.platform.engine.support.hierarchical.NodeTestTask.lambda$executeRecursively$9(NodeTestTask.java:139)
	at org.junit.platform.engine.support.hierarchical.ThrowableCollector.execute(ThrowableCollector.java:73)
	at org.junit.platform.engine.support.hierarchical.NodeTestTask.executeRecursively(NodeTestTask.java:138)
	at org.junit.platform.engine.support.hierarchical.NodeTestTask.execute(NodeTestTask.java:95)
	at java.base/java.util.ArrayList.forEach(ArrayList.java:1597)
	at org.junit.platform.engine.support.hierarchical.SameThreadHierarchicalTestExecutorService.invokeAll(SameThreadHierarchicalTestExecutorService.java:41)
	at org.junit.platform.engine.support.hierarchical.NodeTestTask.lambda$executeRecursively$6(NodeTestTask.java:155)
	at org.junit.platform.engine.support.hierarchical.ThrowableCollector.execute(ThrowableCollector.java:73)
	at org.junit.platform.engine.support.hierarchical.NodeTestTask.lambda$executeRecursively$8(NodeTestTask.java:141)
	at org.junit.platform.engine.support.hierarchical.Node.around(Node.java:137)
	at org.junit.platform.engine.support.hierarchical.NodeTestTask.lambda$executeRecursively$9(NodeTestTask.java:139)
	at org.junit.platform.engine.support.hierarchical.ThrowableCollector.execute(ThrowableCollector.java:73)
	at org.junit.platform.engine.support.hierarchical.NodeTestTask.executeRecursively(NodeTestTask.java:138)
	at org.junit.platform.engine.support.hierarchical.NodeTestTask.execute(NodeTestTask.java:95)
	at org.junit.platform.engine.support.hierarchical.SameThreadHierarchicalTestExecutorService.submit(SameThreadHierarchicalTestExecutorService.java:35)
	at org.junit.platform.engine.support.hierarchical.HierarchicalTestExecutor.execute(HierarchicalTestExecutor.java:57)
	at org.junit.platform.engine.support.hierarchical.HierarchicalTestEngine.execute(HierarchicalTestEngine.java:54)
	at org.junit.platform.launcher.core.EngineExecutionOrchestrator.execute(EngineExecutionOrchestrator.java:198)
	at org.junit.platform.launcher.core.EngineExecutionOrchestrator.execute(EngineExecutionOrchestrator.java:169)
	at org.junit.platform.launcher.core.EngineExecutionOrchestrator.execute(EngineExecutionOrchestrator.java:93)
	at org.junit.platform.launcher.core.EngineExecutionOrchestrator.lambda$execute$0(EngineExecutionOrchestrator.java:58)
	at org.junit.platform.launcher.core.EngineExecutionOrchestrator.withInterceptedStreams(EngineExecutionOrchestrator.java:141)
	at org.junit.platform.launcher.core.EngineExecutionOrchestrator.execute(EngineExecutionOrchestrator.java:57)
	at org.junit.platform.launcher.core.DefaultLauncher.execute(DefaultLauncher.java:103)
	at org.junit.platform.launcher.core.DefaultLauncher.execute(DefaultLauncher.java:85)
	at org.junit.platform.launcher.core.DelegatingLauncher.execute(DelegatingLauncher.java:47)
	at org.apache.maven.surefire.junitplatform.LazyLauncher.execute(LazyLauncher.java:56)
	at org.apache.maven.surefire.junitplatform.JUnitPlatformProvider.execute(JUnitPlatformProvider.java:184)
	at org.apache.maven.surefire.junitplatform.JUnitPlatformProvider.invokeAllTests(JUnitPlatformProvider.java:148)
	at org.apache.maven.surefire.junitplatform.JUnitPlatformProvider.invoke(JUnitPlatformProvider.java:122)
	at org.apache.maven.surefire.booter.ForkedBooter.runSuitesInProcess(ForkedBooter.java:385)
	at org.apache.maven.surefire.booter.ForkedBooter.execute(ForkedBooter.java:162)
	at org.apache.maven.surefire.booter.ForkedBooter.run(ForkedBooter.java:507)
	at org.apache.maven.surefire.booter.ForkedBooter.main(ForkedBooter.java:495)

[ERRO] 2026-01-09 18:51:47.172 - Erro-46
  Exceção: java.lang.RuntimeException: Erro 46
java.lang.RuntimeException: Erro 46
	at testes.ErrorLoggerTest.testeLogNaoCresceIndefinidamente(ErrorLoggerTest.java:398)
	at java.base/jdk.internal.reflect.DirectMethodHandleAccessor.invoke(DirectMethodHandleAccessor.java:103)
	at java.base/java.lang.reflect.Method.invoke(Method.java:580)
	at org.junit.platform.commons.util.ReflectionUtils.invokeMethod(ReflectionUtils.java:728)
	at org.junit.jupiter.engine.execution.MethodInvocation.proceed(MethodInvocation.java:60)
	at org.junit.jupiter.engine.execution.InvocationInterceptorChain$ValidatingInvocation.proceed(InvocationInterceptorChain.java:131)
	at org.junit.jupiter.engine.extension.TimeoutExtension.intercept(TimeoutExtension.java:156)
	at org.junit.jupiter.engine.extension.TimeoutExtension.interceptTestableMethod(TimeoutExtension.java:147)
	at org.junit.jupiter.engine.extension.TimeoutExtension.interceptTestMethod(TimeoutExtension.java:86)
	at org.junit.jupiter.engine.execution.InterceptingExecutableInvoker$ReflectiveInterceptorCall.lambda$ofVoidMethod$0(InterceptingExecutableInvoker.java:103)
	at org.junit.jupiter.engine.execution.InterceptingExecutableInvoker.lambda$invoke$0(InterceptingExecutableInvoker.java:93)
	at org.junit.jupiter.engine.execution.InvocationInterceptorChain$InterceptedInvocation.proceed(InvocationInterceptorChain.java:106)
	at org.junit.jupiter.engine.execution.InvocationInterceptorChain.proceed(InvocationInterceptorChain.java:64)
	at org.junit.jupiter.engine.execution.InvocationInterceptorChain.chainAndInvoke(InvocationInterceptorChain.java:45)
	at org.junit.jupiter.engine.execution.InvocationInterceptorChain.invoke(InvocationInterceptorChain.java:37)
	at org.junit.jupiter.engine.execution.InterceptingExecutableInvoker.invoke(InterceptingExecutableInvoker.java:92)
	at org.junit.jupiter.engine.execution.InterceptingExecutableInvoker.invoke(InterceptingExecutableInvoker.java:86)
	at org.junit.jupiter.engine.descriptor.TestMethodTestDescriptor.lambda$invokeTestMethod$7(TestMethodTestDescriptor.java:218)
	at org.junit.platform.engine.support.hierarchical.ThrowableCollector.execute(ThrowableCollector.java:73)
	at org.junit.jupiter.engine.descriptor.TestMethodTestDescriptor.invokeTestMethod(TestMethodTestDescriptor.java:214)
	at org.junit.jupiter.engine.descriptor.TestMethodTestDescriptor.execute(TestMethodTestDescriptor.java:139)
	at org.junit.jupiter.engine.descriptor.TestMethodTestDescriptor.execute(TestMethodTestDescriptor.java:69)
	at org.junit.platform.engine.support.hierarchical.NodeTestTask.lambda$executeRecursively$6(NodeTestTask.java:151)
	at org.junit.platform.engine.support.hierarchical.ThrowableCollector.execute(ThrowableCollector.java:73)
	at org.junit.platform.engine.support.hierarchical.NodeTestTask.lambda$executeRecursively$8(NodeTestTask.java:141)
	at org.junit.platform.engine.support.hierarchical.Node.around(Node.java:137)
	at org.junit.platform.engine.support.hierarchical.NodeTestTask.lambda$executeRecursively$9(NodeTestTask.java:139)
	at org.junit.platform.engine.support.hierarchical.ThrowableCollector.execute(ThrowableCollector.java:73)
	at org.junit.platform.engine.support.hierarchical.NodeTestTask.executeRecursively(NodeTestTask.java:138)
	at org.junit.platform.engine.support.hierarchical.NodeTestTask.execute(NodeTestTask.java:95)
	at java.base/java.util.ArrayList.forEach(ArrayList.java:1597)
	at org.junit.platform.engine.support.hierarchical.SameThreadHierarchicalTestExecutorService.invokeAll(SameThreadHierarchicalTestExecutorService.java:41)
	at org.junit.platform.engine.support.hierarchical.NodeTestTask.lambda$executeRecursively$6(NodeTestTask.java:155)
	at org.junit.platform.engine.support.hierarchical.ThrowableCollector.execute(ThrowableCollector.java:73)
	at org.junit.platform.engine.support.hierarchical.NodeTestTask.lambda$executeRecursively$8(NodeTestTask.java:141)
	at org.junit.platform.engine.support.hierarchical.Node.around(Node.java:137)
	at org.junit.platform.engine.support.hierarchical.NodeTestTask.lambda$executeRecursively$9(NodeTestTask.java:139)
	at org.junit.platform.engine.support.hierarchical.ThrowableCollector.execute(ThrowableCollector.java:73)
	at org.junit.platform.engine.support.hierarchical.NodeTestTask.executeRecursively(NodeTestTask.java:138)
	at org.junit.platform.engine.support.hierarchical.NodeTestTask.execute(NodeTestTask.java:95)
	at java.base/java.util.ArrayList.forEach(ArrayList.java:1597)
	at org.junit.platform.engine.support.hierarchical.SameThreadHierarchicalTestExecutorService.invokeAll(SameThreadHierarchicalTestExecutorService.java:41)
	at org.junit.platform.engine.support.hierarchical.NodeTestTask.lambda$executeRecursively$6(NodeTestTask.java:155)
	at org.junit.platform.engine.support.hierarchical.ThrowableCollector.execute(ThrowableCollector.java:73)
	at org.junit.platform.engine.support.hierarchical.NodeTestTask.lambda$executeRecursively$8(NodeTestTask.java:141)
	at org.junit.platform.engine.support.hierarchical.Node.around(Node.java:137)
	at org.junit.platform.engine.support.hierarchical.NodeTestTask.lambda$executeRecursively$9(NodeTestTask.java:139)
	at org.junit.platform.engine.support.hierarchical.ThrowableCollector.execute(ThrowableCollector.java:73)
	at org.junit.platform.engine.support.hierarchical.NodeTestTask.executeRecursively(NodeTestTask.java:138)
	at org.junit.platform.engine.support.hierarchical.NodeTestTask.execute(NodeTestTask.java:95)
	at org.junit.platform.engine.support.hierarchical.SameThreadHierarchicalTestExecutorService.submit(SameThreadHierarchicalTestExecutorService.java:35)
	at org.junit.platform.engine.support.hierarchical.HierarchicalTestExecutor.execute(HierarchicalTestExecutor.java:57)
	at org.junit.platform.engine.support.hierarchical.HierarchicalTestEngine.execute(HierarchicalTestEngine.java:54)
	at org.junit.platform.launcher.core.EngineExecutionOrchestrator.execute(EngineExecutionOrchestrator.java:198)
	at org.junit.platform.launcher.core.EngineExecutionOrchestrator.execute(EngineExecutionOrchestrator.java:169)
	at org.junit.platform.launcher.core.EngineExecutionOrchestrator.execute(EngineExecutionOrchestrator.java:93)
	at org.junit.platform.launcher.core.EngineExecutionOrchestrator.lambda$execute$0(EngineExecutionOrchestrator.java:58)
	at org.junit.platform.launcher.core.EngineExecutionOrchestrator.withInterceptedStreams(EngineExecutionOrchestrator.java:141)
	at org.junit.platform.launcher.core.EngineExecutionOrchestrator.execute(EngineExecutionOrchestrator.java:57)
	at org.junit.platform.launcher.core.DefaultLauncher.execute(DefaultLauncher.java:103)
	at org.junit.platform.launcher.core.DefaultLauncher.execute(DefaultLauncher.java:85)
	at org.junit.platform.launcher.core.DelegatingLauncher.execute(DelegatingLauncher.java:47)
	at org.apache.maven.surefire.junitplatform.LazyLauncher.execute(LazyLauncher.java:56)
	at org.apache.maven.surefire.junitplatform.JUnitPlatformProvider.execute(JUnitPlatformProvider.java:184)
	at org.apache.maven.surefire.junitplatform.JUnitPlatformProvider.invokeAllTests(JUnitPlatformProvider.java:148)
	at org.apache.maven.surefire.junitplatform.JUnitPlatformProvider.invoke(JUnitPlatformProvider.java:122)
	at org.apache.maven.surefire.booter.ForkedBooter.runSuitesInProcess(ForkedBooter.java:385)
	at org.apache.maven.surefire.booter.ForkedBooter.execute(ForkedBooter.java:162)
	at org.apache.maven.surefire.booter.ForkedBooter.run(ForkedBooter.java:507)
	at org.apache.maven.surefire.booter.ForkedBooter.main(ForkedBooter.java:495)

[ERRO] 2026-01-09 18:51:47.172 - Erro-47
  Exceção: java.lang.RuntimeException: Erro 47
java.lang.RuntimeException: Erro 47
	at testes.ErrorLoggerTest.testeLogNaoCresceIndefinidamente(ErrorLoggerTest.java:398)
	at java.base/jdk.internal.reflect.DirectMethodHandleAccessor.invoke(DirectMethodHandleAccessor.java:103)
	at java.base/java.lang.reflect.Method.invoke(Method.java:580)
	at org.junit.platform.commons.util.ReflectionUtils.invokeMethod(ReflectionUtils.java:728)
	at org.junit.jupiter.engine.execution.MethodInvocation.proceed(MethodInvocation.java:60)
	at org.junit.jupiter.engine.execution.InvocationInterceptorChain$ValidatingInvocation.proceed(InvocationInterceptorChain.java:131)
	at org.junit.jupiter.engine.extension.TimeoutExtension.intercept(TimeoutExtension.java:156)
	at org.junit.jupiter.engine.extension.TimeoutExtension.interceptTestableMethod(TimeoutExtension.java:147)
	at org.junit.jupiter.engine.extension.TimeoutExtension.interceptTestMethod(TimeoutExtension.java:86)
	at org.junit.jupiter.engine.execution.InterceptingExecutableInvoker$ReflectiveInterceptorCall.lambda$ofVoidMethod$0(InterceptingExecutableInvoker.java:103)
	at org.junit.jupiter.engine.execution.InterceptingExecutableInvoker.lambda$invoke$0(InterceptingExecutableInvoker.java:93)
	at org.junit.jupiter.engine.execution.InvocationInterceptorChain$InterceptedInvocation.proceed(InvocationInterceptorChain.java:106)
	at org.junit.jupiter.engine.execution.InvocationInterceptorChain.proceed(InvocationInterceptorChain.java:64)
	at org.junit.jupiter.engine.execution.InvocationInterceptorChain.chainAndInvoke(InvocationInterceptorChain.java:45)
	at org.junit.jupiter.engine.execution.InvocationInterceptorChain.invoke(InvocationInterceptorChain.java:37)
	at org.junit.jupiter.engine.execution.InterceptingExecutableInvoker.invoke(InterceptingExecutableInvoker.java:92)
	at org.junit.jupiter.engine.execution.InterceptingExecutableInvoker.invoke(InterceptingExecutableInvoker.java:86)
	at org.junit.jupiter.engine.descriptor.TestMethodTestDescriptor.lambda$invokeTestMethod$7(TestMethodTestDescriptor.java:218)
	at org.junit.platform.engine.support.hierarchical.ThrowableCollector.execute(ThrowableCollector.java:73)
	at org.junit.jupiter.engine.descriptor.TestMethodTestDescriptor.invokeTestMethod(TestMethodTestDescriptor.java:214)
	at org.junit.jupiter.engine.descriptor.TestMethodTestDescriptor.execute(TestMethodTestDescriptor.java:139)
	at org.junit.jupiter.engine.descriptor.TestMethodTestDescriptor.execute(TestMethodTestDescriptor.java:69)
	at org.junit.platform.engine.support.hierarchical.NodeTestTask.lambda$executeRecursively$6(NodeTestTask.java:151)
	at org.junit.platform.engine.support.hierarchical.ThrowableCollector.execute(ThrowableCollector.java:73)
	at org.junit.platform.engine.support.hierarchical.NodeTestTask.lambda$executeRecursively$8(NodeTestTask.java:141)
	at org.junit.platform.engine.support.hierarchical.Node.around(Node.java:137)
	at org.junit.platform.engine.support.hierarchical.NodeTestTask.lambda$executeRecursively$9(NodeTestTask.java:139)
	at org.junit.platform.engine.support.hierarchical.ThrowableCollector.execute(ThrowableCollector.java:73)
	at org.junit.platform.engine.support.hierarchical.NodeTestTask.executeRecursively(NodeTestTask.java:138)
	at org.junit.platform.engine.support.hierarchical.NodeTestTask.execute(NodeTestTask.java:95)
	at java.base/java.util.ArrayList.forEach(ArrayList.java:1597)
	at org.junit.platform.engine.support.hierarchical.SameThreadHierarchicalTestExecutorService.invokeAll(SameThreadHierarchicalTestExecutorService.java:41)
	at org.junit.platform.engine.support.hierarchical.NodeTestTask.lambda$executeRecursively$6(NodeTestTask.java:155)
	at org.junit.platform.engine.support.hierarchical.ThrowableCollector.execute(ThrowableCollector.java:73)
	at org.junit.platform.engine.support.hierarchical.NodeTestTask.lambda$executeRecursively$8(NodeTestTask.java:141)
	at org.junit.platform.engine.support.hierarchical.Node.around(Node.java:137)
	at org.junit.platform.engine.support.hierarchical.NodeTestTask.lambda$executeRecursively$9(NodeTestTask.java:139)
	at org.junit.platform.engine.support.hierarchical.ThrowableCollector.execute(ThrowableCollector.java:73)
	at org.junit.platform.engine.support.hierarchical.NodeTestTask.executeRecursively(NodeTestTask.java:138)
	at org.junit.platform.engine.support.hierarchical.NodeTestTask.execute(NodeTestTask.java:95)
	at java.base/java.util.ArrayList.forEach(ArrayList.java:1597)
	at org.junit.platform.engine.support.hierarchical.SameThreadHierarchicalTestExecutorService.invokeAll(SameThreadHierarchicalTestExecutorService.java:41)
	at org.junit.platform.engine.support.hierarchical.NodeTestTask.lambda$executeRecursively$6(NodeTestTask.java:155)
	at org.junit.platform.engine.support.hierarchical.ThrowableCollector.execute(ThrowableCollector.java:73)
	at org.junit.platform.engine.support.hierarchical.NodeTestTask.lambda$executeRecursively$8(NodeTestTask.java:141)
	at org.junit.platform.engine.support.hierarchical.Node.around(Node.java:137)
	at org.junit.platform.engine.support.hierarchical.NodeTestTask.lambda$executeRecursively$9(NodeTestTask.java:139)
	at org.junit.platform.engine.support.hierarchical.ThrowableCollector.execute(ThrowableCollector.java:73)
	at org.junit.platform.engine.support.hierarchical.NodeTestTask.executeRecursively(NodeTestTask.java:138)
	at org.junit.platform.engine.support.hierarchical.NodeTestTask.execute(NodeTestTask.java:95)
	at org.junit.platform.engine.support.hierarchical.SameThreadHierarchicalTestExecutorService.submit(SameThreadHierarchicalTestExecutorService.java:35)
	at org.junit.platform.engine.support.hierarchical.HierarchicalTestExecutor.execute(HierarchicalTestExecutor.java:57)
	at org.junit.platform.engine.support.hierarchical.HierarchicalTestEngine.execute(HierarchicalTestEngine.java:54)
	at org.junit.platform.launcher.core.EngineExecutionOrchestrator.execute(EngineExecutionOrchestrator.java:198)
	at org.junit.platform.launcher.core.EngineExecutionOrchestrator.execute(EngineExecutionOrchestrator.java:169)
	at org.junit.platform.launcher.core.EngineExecutionOrchestrator.execute(EngineExecutionOrchestrator.java:93)
	at org.junit.platform.launcher.core.EngineExecutionOrchestrator.lambda$execute$0(EngineExecutionOrchestrator.java:58)
	at org.junit.platform.launcher.core.EngineExecutionOrchestrator.withInterceptedStreams(EngineExecutionOrchestrator.java:141)
	at org.junit.platform.launcher.core.EngineExecutionOrchestrator.execute(EngineExecutionOrchestrator.java:57)
	at org.junit.platform.launcher.core.DefaultLauncher.execute(DefaultLauncher.java:103)
	at org.junit.platform.launcher.core.DefaultLauncher.execute(DefaultLauncher.java:85)
	at org.junit.platform.launcher.core.DelegatingLauncher.execute(DelegatingLauncher.java:47)
	at org.apache.maven.surefire.junitplatform.LazyLauncher.execute(LazyLauncher.java:56)
	at org.apache.maven.surefire.junitplatform.JUnitPlatformProvider.execute(JUnitPlatformProvider.java:184)
	at org.apache.maven.surefire.junitplatform.JUnitPlatformProvider.invokeAllTests(JUnitPlatformProvider.java:148)
	at org.apache.maven.surefire.junitplatform.JUnitPlatformProvider.invoke(JUnitPlatformProvider.java:122)
	at org.apache.maven.surefire.booter.ForkedBooter.runSuitesInProcess(ForkedBooter.java:385)
	at org.apache.maven.surefire.booter.ForkedBooter.execute(ForkedBooter.java:162)
	at org.apache.maven.surefire.booter.ForkedBooter.run(ForkedBooter.java:507)
	at org.apache.maven.surefire.booter.ForkedBooter.main(ForkedBooter.java:495)

[ERRO] 2026-01-09 18:51:47.173 - Erro-48
  Exceção: java.lang.RuntimeException: Erro 48
java.lang.RuntimeException: Erro 48
	at testes.ErrorLoggerTest.testeLogNaoCresceIndefinidamente(ErrorLoggerTest.java:398)
	at java.base/jdk.internal.reflect.DirectMethodHandleAccessor.invoke(DirectMethodHandleAccessor.java:103)
	at java.base/java.lang.reflect.Method.invoke(Method.java:580)
	at org.junit.platform.commons.util.ReflectionUtils.invokeMethod(ReflectionUtils.java:728)
	at org.junit.jupiter.engine.execution.MethodInvocation.proceed(MethodInvocation.java:60)
	at org.junit.jupiter.engine.execution.InvocationInterceptorChain$ValidatingInvocation.proceed(InvocationInterceptorChain.java:131)
	at org.junit.jupiter.engine.extension.TimeoutExtension.intercept(TimeoutExtension.java:156)
	at org.junit.jupiter.engine.extension.TimeoutExtension.interceptTestableMethod(TimeoutExtension.java:147)
	at org.junit.jupiter.engine.extension.TimeoutExtension.interceptTestMethod(TimeoutExtension.java:86)
	at org.junit.jupiter.engine.execution.InterceptingExecutableInvoker$ReflectiveInterceptorCall.lambda$ofVoidMethod$0(InterceptingExecutableInvoker.java:103)
	at org.junit.jupiter.engine.execution.InterceptingExecutableInvoker.lambda$invoke$0(InterceptingExecutableInvoker.java:93)
	at org.junit.jupiter.engine.execution.InvocationInterceptorChain$InterceptedInvocation.proceed(InvocationInterceptorChain.java:106)
	at org.junit.jupiter.engine.execution.InvocationInterceptorChain.proceed(InvocationInterceptorChain.java:64)
	at org.junit.jupiter.engine.execution.InvocationInterceptorChain.chainAndInvoke(InvocationInterceptorChain.java:45)
	at org.junit.jupiter.engine.execution.InvocationInterceptorChain.invoke(InvocationInterceptorChain.java:37)
	at org.junit.jupiter.engine.execution.InterceptingExecutableInvoker.invoke(InterceptingExecutableInvoker.java:92)
	at org.junit.jupiter.engine.execution.InterceptingExecutableInvoker.invoke(InterceptingExecutableInvoker.java:86)
	at org.junit.jupiter.engine.descriptor.TestMethodTestDescriptor.lambda$invokeTestMethod$7(TestMethodTestDescriptor.java:218)
	at org.junit.platform.engine.support.hierarchical.ThrowableCollector.execute(ThrowableCollector.java:73)
	at org.junit.jupiter.engine.descriptor.TestMethodTestDescriptor.invokeTestMethod(TestMethodTestDescriptor.java:214)
	at org.junit.jupiter.engine.descriptor.TestMethodTestDescriptor.execute(TestMethodTestDescriptor.java:139)
	at org.junit.jupiter.engine.descriptor.TestMethodTestDescriptor.execute(TestMethodTestDescriptor.java:69)
	at org.junit.platform.engine.support.hierarchical.NodeTestTask.lambda$executeRecursively$6(NodeTestTask.java:151)
	at org.junit.platform.engine.support.hierarchical.ThrowableCollector.execute(ThrowableCollector.java:73)
	at org.junit.platform.engine.support.hierarchical.NodeTestTask.lambda$executeRecursively$8(NodeTestTask.java:141)
	at org.junit.platform.engine.support.hierarchical.Node.around(Node.java:137)
	at org.junit.platform.engine.support.hierarchical.NodeTestTask.lambda$executeRecursively$9(NodeTestTask.java:139)
	at org.junit.platform.engine.support.hierarchical.ThrowableCollector.execute(ThrowableCollector.java:73)
	at org.junit.platform.engine.support.hierarchical.NodeTestTask.executeRecursively(NodeTestTask.java:138)
	at org.junit.platform.engine.support.hierarchical.NodeTestTask.execute(NodeTestTask.java:95)
	at java.base/java.util.ArrayList.forEach(ArrayList.java:1597)
	at org.junit.platform.engine.support.hierarchical.SameThreadHierarchicalTestExecutorService.invokeAll(SameThreadHierarchicalTestExecutorService.java:41)
	at org.junit.platform.engine.support.hierarchical.NodeTestTask.lambda$executeRecursively$6(NodeTestTask.java:155)
	at org.junit.platform.engine.support.hierarchical.ThrowableCollector.execute(ThrowableCollector.java:73)
	at org.junit.platform.engine.support.hierarchical.NodeTestTask.lambda$executeRecursively$8(NodeTestTask.java:141)
	at org.junit.platform.engine.support.hierarchical.Node.around(Node.java:137)
	at org.junit.platform.engine.support.hierarchical.NodeTestTask.lambda$executeRecursively$9(NodeTestTask.java:139)
	at org.junit.platform.engine.support.hierarchical.ThrowableCollector.execute(ThrowableCollector.java:73)
	at org.junit.platform.engine.support.hierarchical.NodeTestTask.executeRecursively(NodeTestTask.java:138)
	at org.junit.platform.engine.support.hierarchical.NodeTestTask.execute(NodeTestTask.java:95)
	at java.base/java.util.ArrayList.forEach(ArrayList.java:1597)
	at org.junit.platform.engine.support.hierarchical.SameThreadHierarchicalTestExecutorService.invokeAll(SameThreadHierarchicalTestExecutorService.java:41)
	at org.junit.platform.engine.support.hierarchical.NodeTestTask.lambda$executeRecursively$6(NodeTestTask.java:155)
	at org.junit.platform.engine.support.hierarchical.ThrowableCollector.execute(ThrowableCollector.java:73)
	at org.junit.platform.engine.support.hierarchical.NodeTestTask.lambda$executeRecursively$8(NodeTestTask.java:141)
	at org.junit.platform.engine.support.hierarchical.Node.around(Node.java:137)
	at org.junit.platform.engine.support.hierarchical.NodeTestTask.lambda$executeRecursively$9(NodeTestTask.java:139)
	at org.junit.platform.engine.support.hierarchical.ThrowableCollector.execute(ThrowableCollector.java:73)
	at org.junit.platform.engine.support.hierarchical.NodeTestTask.executeRecursively(NodeTestTask.java:138)
	at org.junit.platform.engine.support.hierarchical.NodeTestTask.execute(NodeTestTask.java:95)
	at org.junit.platform.engine.support.hierarchical.SameThreadHierarchicalTestExecutorService.submit(SameThreadHierarchicalTestExecutorService.java:35)
	at org.junit.platform.engine.support.hierarchical.HierarchicalTestExecutor.execute(HierarchicalTestExecutor.java:57)
	at org.junit.platform.engine.support.hierarchical.HierarchicalTestEngine.execute(HierarchicalTestEngine.java:54)
	at org.junit.platform.launcher.core.EngineExecutionOrchestrator.execute(EngineExecutionOrchestrator.java:198)
	at org.junit.platform.launcher.core.EngineExecutionOrchestrator.execute(EngineExecutionOrchestrator.java:169)
	at org.junit.platform.launcher.core.EngineExecutionOrchestrator.execute(EngineExecutionOrchestrator.java:93)
	at org.junit.platform.launcher.core.EngineExecutionOrchestrator.lambda$execute$0(EngineExecutionOrchestrator.java:58)
	at org.junit.platform.launcher.core.EngineExecutionOrchestrator.withInterceptedStreams(EngineExecutionOrchestrator.java:141)
	at org.junit.platform.launcher.core.EngineExecutionOrchestrator.execute(EngineExecutionOrchestrator.java:57)
	at org.junit.platform.launcher.core.DefaultLauncher.execute(DefaultLauncher.java:103)
	at org.junit.platform.launcher.core.DefaultLauncher.execute(DefaultLauncher.java:85)
	at org.junit.platform.launcher.core.DelegatingLauncher.execute(DelegatingLauncher.java:47)
	at org.apache.maven.surefire.junitplatform.LazyLauncher.execute(LazyLauncher.java:56)
	at org.apache.maven.surefire.junitplatform.JUnitPlatformProvider.execute(JUnitPlatformProvider.java:184)
	at org.apache.maven.surefire.junitplatform.JUnitPlatformProvider.invokeAllTests(JUnitPlatformProvider.java:148)
	at org.apache.maven.surefire.junitplatform.JUnitPlatformProvider.invoke(JUnitPlatformProvider.java:122)
	at org.apache.maven.surefire.booter.ForkedBooter.runSuitesInProcess(ForkedBooter.java:385)
	at org.apache.maven.surefire.booter.ForkedBooter.execute(ForkedBooter.java:162)
	at org.apache.maven.surefire.booter.ForkedBooter.run(ForkedBooter.java:507)
	at org.apache.maven.surefire.booter.ForkedBooter.main(ForkedBooter.java:495)

[ERRO] 2026-01-09 18:51:47.173 - Erro-49
  Exceção: java.lang.RuntimeException: Erro 49
java.lang.RuntimeException: Erro 49
	at testes.ErrorLoggerTest.testeLogNaoCresceIndefinidamente(ErrorLoggerTest.java:398)
	at java.base/jdk.internal.reflect.DirectMethodHandleAccessor.invoke(DirectMethodHandleAccessor.java:103)
	at java.base/java.lang.reflect.Method.invoke(Method.java:580)
	at org.junit.platform.commons.util.ReflectionUtils.invokeMethod(ReflectionUtils.java:728)
	at org.junit.jupiter.engine.execution.MethodInvocation.proceed(MethodInvocation.java:60)
	at org.junit.jupiter.engine.execution.InvocationInterceptorChain$ValidatingInvocation.proceed(InvocationInterceptorChain.java:131)
	at org.junit.jupiter.engine.extension.TimeoutExtension.intercept(TimeoutExtension.java:156)
	at org.junit.jupiter.engine.extension.TimeoutExtension.interceptTestableMethod(TimeoutExtension.java:147)
	at org.junit.jupiter.engine.extension.TimeoutExtension.interceptTestMethod(TimeoutExtension.java:86)
	at org.junit.jupiter.engine.execution.InterceptingExecutableInvoker$ReflectiveInterceptorCall.lambda$ofVoidMethod$0(InterceptingExecutableInvoker.java:103)
	at org.junit.jupiter.engine.execution.InterceptingExecutableInvoker.lambda$invoke$0(InterceptingExecutableInvoker.java:93)
	at org.junit.jupiter.engine.execution.InvocationInterceptorChain$InterceptedInvocation.proceed(InvocationInterceptorChain.java:106)
	at org.junit.jupiter.engine.execution.InvocationInterceptorChain.proceed(InvocationInterceptorChain.java:64)
	at org.junit.jupiter.engine.execution.InvocationInterceptorChain.chainAndInvoke(InvocationInterceptorChain.java:45)
	at org.junit.jupiter.engine.execution.InvocationInterceptorChain.invoke(InvocationInterceptorChain.java:37)
	at org.junit.jupiter.engine.execution.InterceptingExecutableInvoker.invoke(InterceptingExecutableInvoker.java:92)
	at org.junit.jupiter.engine.execution.InterceptingExecutableInvoker.invoke(InterceptingExecutableInvoker.java:86)
	at org.junit.jupiter.engine.descriptor.TestMethodTestDescriptor.lambda$invokeTestMethod$7(TestMethodTestDescriptor.java:218)
	at org.junit.platform.engine.support.hierarchical.ThrowableCollector.execute(ThrowableCollector.java:73)
	at org.junit.jupiter.engine.descriptor.TestMethodTestDescriptor.invokeTestMethod(TestMethodTestDescriptor.java:214)
	at org.junit.jupiter.engine.descriptor.TestMethodTestDescriptor.execute(TestMethodTestDescriptor.java:139)
	at org.junit.jupiter.engine.descriptor.TestMethodTestDescriptor.execute(TestMethodTestDescriptor.java:69)
	at org.junit.platform.engine.support.hierarchical.NodeTestTask.lambda$executeRecursively$6(NodeTestTask.java:151)
	at org.junit.platform.engine.support.hierarchical.ThrowableCollector.execute(ThrowableCollector.java:73)
	at org.junit.platform.engine.support.hierarchical.NodeTestTask.lambda$executeRecursively$8(NodeTestTask.java:141)
	at org.junit.platform.engine.support.hierarchical.Node.around(Node.java:137)
	at org.junit.platform.engine.support.hierarchical.NodeTestTask.lambda$executeRecursively$9(NodeTestTask.java:139)
	at org.junit.platform.engine.support.hierarchical.ThrowableCollector.execute(ThrowableCollector.java:73)
	at org.junit.platform.engine.support.hierarchical.NodeTestTask.executeRecursively(NodeTestTask.java:138)
	at org.junit.platform.engine.support.hierarchical.NodeTestTask.execute(NodeTestTask.java:95)
	at java.base/java.util.ArrayList.forEach(ArrayList.java:1597)
	at org.junit.platform.engine.support.hierarchical.SameThreadHierarchicalTestExecutorService.invokeAll(SameThreadHierarchicalTestExecutorService.java:41)
	at org.junit.platform.engine.support.hierarchical.NodeTestTask.lambda$executeRecursively$6(NodeTestTask.java:155)
	at org.junit.platform.engine.support.hierarchical.ThrowableCollector.execute(ThrowableCollector.java:73)
	at org.junit.platform.engine.support.hierarchical.NodeTestTask.lambda$executeRecursively$8(NodeTestTask.java:141)
	at org.junit.platform.engine.support.hierarchical.Node.around(Node.java:137)
	at org.junit.platform.engine.support.hierarchical.NodeTestTask.lambda$executeRecursively$9(NodeTestTask.java:139)
	at org.junit.platform.engine.support.hierarchical.ThrowableCollector.execute(ThrowableCollector.java:73)
	at org.junit.platform.engine.support.hierarchical.NodeTestTask.executeRecursively(NodeTestTask.java:138)
	at org.junit.platform.engine.support.hierarchical.NodeTestTask.execute(NodeTestTask.java:95)
	at java.base/java.util.ArrayList.forEach(ArrayList.java:1597)
	at org.junit.platform.engine.support.hierarchical.SameThreadHierarchicalTestExecutorService.invokeAll(SameThreadHierarchicalTestExecutorService.java:41)
	at org.junit.platform.engine.support.hierarchical.NodeTestTask.lambda$executeRecursively$6(NodeTestTask.java:155)
	at org.junit.platform.engine.support.hierarchical.ThrowableCollector.execute(ThrowableCollector.java:73)
	at org.junit.platform.engine.support.hierarchical.NodeTestTask.lambda$executeRecursively$8(NodeTestTask.java:141)
	at org.junit.platform.engine.support.hierarchical.Node.around(Node.java:137)
	at org.junit.platform.engine.support.hierarchical.NodeTestTask.lambda$executeRecursively$9(NodeTestTask.java:139)
	at org.junit.platform.engine.support.hierarchical.ThrowableCollector.execute(ThrowableCollector.java:73)
	at org.junit.platform.engine.support.hierarchical.NodeTestTask.executeRecursively(NodeTestTask.java:138)
	at org.junit.platform.engine.support.hierarchical.NodeTestTask.execute(NodeTestTask.java:95)
	at org.junit.platform.engine.support.hierarchical.SameThreadHierarchicalTestExecutorService.submit(SameThreadHierarchicalTestExecutorService.java:35)
	at org.junit.platform.engine.support.hierarchical.HierarchicalTestExecutor.execute(HierarchicalTestExecutor.java:57)
	at org.junit.platform.engine.support.hierarchical.HierarchicalTestEngine.execute(HierarchicalTestEngine.java:54)
	at org.junit.platform.launcher.core.EngineExecutionOrchestrator.execute(EngineExecutionOrchestrator.java:198)
	at org.junit.platform.launcher.core.EngineExecutionOrchestrator.execute(EngineExecutionOrchestrator.java:169)
	at org.junit.platform.launcher.core.EngineExecutionOrchestrator.execute(EngineExecutionOrchestrator.java:93)
	at org.junit.platform.launcher.core.EngineExecutionOrchestrator.lambda$execute$0(EngineExecutionOrchestrator.java:58)
	at org.junit.platform.launcher.core.EngineExecutionOrchestrator.withInterceptedStreams(EngineExecutionOrchestrator.java:141)
	at org.junit.platform.launcher.core.EngineExecutionOrchestrator.execute(EngineExecutionOrchestrator.java:57)
	at org.junit.platform.launcher.core.DefaultLauncher.execute(DefaultLauncher.java:103)
	at org.junit.platform.launcher.core.DefaultLauncher.execute(DefaultLauncher.java:85)
	at org.junit.platform.launcher.core.DelegatingLauncher.execute(DelegatingLauncher.java:47)
	at org.apache.maven.surefire.junitplatform.LazyLauncher.execute(LazyLauncher.java:56)
	at org.apache.maven.surefire.junitplatform.JUnitPlatformProvider.execute(JUnitPlatformProvider.java:184)
	at org.apache.maven.surefire.junitplatform.JUnitPlatformProvider.invokeAllTests(JUnitPlatformProvider.java:148)
	at org.apache.maven.surefire.junitplatform.JUnitPlatformProvider.invoke(JUnitPlatformProvider.java:122)
	at org.apache.maven.surefire.booter.ForkedBooter.runSuitesInProcess(ForkedBooter.java:385)
	at org.apache.maven.surefire.booter.ForkedBooter.execute(ForkedBooter.java:162)
	at org.apache.maven.surefire.booter.ForkedBooter.run(ForkedBooter.java:507)
	at org.apache.maven.surefire.booter.ForkedBooter.main(ForkedBooter.java:495)

[ERRO] 2026-01-09 18:51:47.174 - Erro-50
  Exceção: java.lang.RuntimeException: Erro 50
java.lang.RuntimeException: Erro 50
	at testes.ErrorLoggerTest.testeLogNaoCresceIndefinidamente(ErrorLoggerTest.java:398)
	at java.base/jdk.internal.reflect.DirectMethodHandleAccessor.invoke(DirectMethodHandleAccessor.java:103)
	at java.base/java.lang.reflect.Method.invoke(Method.java:580)
	at org.junit.platform.commons.util.ReflectionUtils.invokeMethod(ReflectionUtils.java:728)
	at org.junit.jupiter.engine.execution.MethodInvocation.proceed(MethodInvocation.java:60)
	at org.junit.jupiter.engine.execution.InvocationInterceptorChain$ValidatingInvocation.proceed(InvocationInterceptorChain.java:131)
	at org.junit.jupiter.engine.extension.TimeoutExtension.intercept(TimeoutExtension.java:156)
	at org.junit.jupiter.engine.extension.TimeoutExtension.interceptTestableMethod(TimeoutExtension.java:147)
	at org.junit.jupiter.engine.extension.TimeoutExtension.interceptTestMethod(TimeoutExtension.java:86)
	at org.junit.jupiter.engine.execution.InterceptingExecutableInvoker$ReflectiveInterceptorCall.lambda$ofVoidMethod$0(InterceptingExecutableInvoker.java:103)
	at org.junit.jupiter.engine.execution.InterceptingExecutableInvoker.lambda$invoke$0(InterceptingExecutableInvoker.java:93)
	at org.junit.jupiter.engine.execution.InvocationInterceptorChain$InterceptedInvocation.proceed(InvocationInterceptorChain.java:106)
	at org.junit.jupiter.engine.execution.InvocationInterceptorChain.proceed(InvocationInterceptorChain.java:64)
	at org.junit.jupiter.engine.execution.InvocationInterceptorChain.chainAndInvoke(InvocationInterceptorChain.java:45)
	at org.junit.jupiter.engine.execution.InvocationInterceptorChain.invoke(InvocationInterceptorChain.java:37)
	at org.junit.jupiter.engine.execution.InterceptingExecutableInvoker.invoke(InterceptingExecutableInvoker.java:92)
	at org.junit.jupiter.engine.execution.InterceptingExecutableInvoker.invoke(InterceptingExecutableInvoker.java:86)
	at org.junit.jupiter.engine.descriptor.TestMethodTestDescriptor.lambda$invokeTestMethod$7(TestMethodTestDescriptor.java:218)
	at org.junit.platform.engine.support.hierarchical.ThrowableCollector.execute(ThrowableCollector.java:73)
	at org.junit.jupiter.engine.descriptor.TestMethodTestDescriptor.invokeTestMethod(TestMethodTestDescriptor.java:214)
	at org.junit.jupiter.engine.descriptor.TestMethodTestDescriptor.execute(TestMethodTestDescriptor.java:139)
	at org.junit.jupiter.engine.descriptor.TestMethodTestDescriptor.execute(TestMethodTestDescriptor.java:69)
	at org.junit.platform.engine.support.hierarchical.NodeTestTask.lambda$executeRecursively$6(NodeTestTask.java:151)
	at org.junit.platform.engine.support.hierarchical.ThrowableCollector.execute(ThrowableCollector.java:73)
	at org.junit.platform.engine.support.hierarchical.NodeTestTask.lambda$executeRecursively$8(NodeTestTask.java:141)
	at org.junit.platform.engine.support.hierarchical.Node.around(Node.java:137)
	at org.junit.platform.engine.support.hierarchical.NodeTestTask.lambda$executeRecursively$9(NodeTestTask.java:139)
	at org.junit.platform.engine.support.hierarchical.ThrowableCollector.execute(ThrowableCollector.java:73)
	at org.junit.platform.engine.support.hierarchical.NodeTestTask.executeRecursively(NodeTestTask.java:138)
	at org.junit.platform.engine.support.hierarchical.NodeTestTask.execute(NodeTestTask.java:95)
	at java.base/java.util.ArrayList.forEach(ArrayList.java:1597)
	at org.junit.platform.engine.support.hierarchical.SameThreadHierarchicalTestExecutorService.invokeAll(SameThreadHierarchicalTestExecutorService.java:41)
	at org.junit.platform.engine.support.hierarchical.NodeTestTask.lambda$executeRecursively$6(NodeTestTask.java:155)
	at org.junit.platform.engine.support.hierarchical.ThrowableCollector.execute(ThrowableCollector.java:73)
	at org.junit.platform.engine.support.hierarchical.NodeTestTask.lambda$executeRecursively$8(NodeTestTask.java:141)
	at org.junit.platform.engine.support.hierarchical.Node.around(Node.java:137)
	at org.junit.platform.engine.support.hierarchical.NodeTestTask.lambda$executeRecursively$9(NodeTestTask.java:139)
	at org.junit.platform.engine.support.hierarchical.ThrowableCollector.execute(ThrowableCollector.java:73)
	at org.junit.platform.engine.support.hierarchical.NodeTestTask.executeRecursively(NodeTestTask.java:138)
	at org.junit.platform.engine.support.hierarchical.NodeTestTask.execute(NodeTestTask.java:95)
	at java.base/java.util.ArrayList.forEach(ArrayList.java:1597)
	at org.junit.platform.engine.support.hierarchical.SameThreadHierarchicalTestExecutorService.invokeAll(SameThreadHierarchicalTestExecutorService.java:41)
	at org.junit.platform.engine.support.hierarchical.NodeTestTask.lambda$executeRecursively$6(NodeTestTask.java:155)
	at org.junit.platform.engine.support.hierarchical.ThrowableCollector.execute(ThrowableCollector.java:73)
	at org.junit.platform.engine.support.hierarchical.NodeTestTask.lambda$executeRecursively$8(NodeTestTask.java:141)
	at org.junit.platform.engine.support.hierarchical.Node.around(Node.java:137)
	at org.junit.platform.engine.support.hierarchical.NodeTestTask.lambda$executeRecursively$9(NodeTestTask.java:139)
	at org.junit.platform.engine.support.hierarchical.ThrowableCollector.execute(ThrowableCollector.java:73)
	at org.junit.platform.engine.support.hierarchical.NodeTestTask.executeRecursively(NodeTestTask.java:138)
	at org.junit.platform.engine.support.hierarchical.NodeTestTask.execute(NodeTestTask.java:95)
	at org.junit.platform.engine.support.hierarchical.SameThreadHierarchicalTestExecutorService.submit(SameThreadHierarchicalTestExecutorService.java:35)
	at org.junit.platform.engine.support.hierarchical.HierarchicalTestExecutor.execute(HierarchicalTestExecutor.java:57)
	at org.junit.platform.engine.support.hierarchical.HierarchicalTestEngine.execute(HierarchicalTestEngine.java:54)
	at org.junit.platform.launcher.core.EngineExecutionOrchestrator.execute(EngineExecutionOrchestrator.java:198)
	at org.junit.platform.launcher.core.EngineExecutionOrchestrator.execute(EngineExecutionOrchestrator.java:169)
	at org.junit.platform.launcher.core.EngineExecutionOrchestrator.execute(EngineExecutionOrchestrator.java:93)
	at org.junit.platform.launcher.core.EngineExecutionOrchestrator.lambda$execute$0(EngineExecutionOrchestrator.java:58)
	at org.junit.platform.launcher.core.EngineExecutionOrchestrator.withInterceptedStreams(EngineExecutionOrchestrator.java:141)
	at org.junit.platform.launcher.core.EngineExecutionOrchestrator.execute(EngineExecutionOrchestrator.java:57)
	at org.junit.platform.launcher.core.DefaultLauncher.execute(DefaultLauncher.java:103)
	at org.junit.platform.launcher.core.DefaultLauncher.execute(DefaultLauncher.java:85)
	at org.junit.platform.launcher.core.DelegatingLauncher.execute(DelegatingLauncher.java:47)
	at org.apache.maven.surefire.junitplatform.LazyLauncher.execute(LazyLauncher.java:56)
	at org.apache.maven.surefire.junitplatform.JUnitPlatformProvider.execute(JUnitPlatformProvider.java:184)
	at org.apache.maven.surefire.junitplatform.JUnitPlatformProvider.invokeAllTests(JUnitPlatformProvider.java:148)
	at org.apache.maven.surefire.junitplatform.JUnitPlatformProvider.invoke(JUnitPlatformProvider.java:122)
	at org.apache.maven.surefire.booter.ForkedBooter.runSuitesInProcess(ForkedBooter.java:385)
	at org.apache.maven.surefire.booter.ForkedBooter.execute(ForkedBooter.java:162)
	at org.apache.maven.surefire.booter.ForkedBooter.run(ForkedBooter.java:507)
	at org.apache.maven.surefire.booter.ForkedBooter.main(ForkedBooter.java:495)

[ERRO] 2026-01-09 18:51:47.174 - Erro-51
  Exceção: java.lang.RuntimeException: Erro 51
java.lang.RuntimeException: Erro 51
	at testes.ErrorLoggerTest.testeLogNaoCresceIndefinidamente(ErrorLoggerTest.java:398)
	at java.base/jdk.internal.reflect.DirectMethodHandleAccessor.invoke(DirectMethodHandleAccessor.java:103)
	at java.base/java.lang.reflect.Method.invoke(Method.java:580)
	at org.junit.platform.commons.util.ReflectionUtils.invokeMethod(ReflectionUtils.java:728)
	at org.junit.jupiter.engine.execution.MethodInvocation.proceed(MethodInvocation.java:60)
	at org.junit.jupiter.engine.execution.InvocationInterceptorChain$ValidatingInvocation.proceed(InvocationInterceptorChain.java:131)
	at org.junit.jupiter.engine.extension.TimeoutExtension.intercept(TimeoutExtension.java:156)
	at org.junit.jupiter.engine.extension.TimeoutExtension.interceptTestableMethod(TimeoutExtension.java:147)
	at org.junit.jupiter.engine.extension.TimeoutExtension.interceptTestMethod(TimeoutExtension.java:86)
	at org.junit.jupiter.engine.execution.InterceptingExecutableInvoker$ReflectiveInterceptorCall.lambda$ofVoidMethod$0(InterceptingExecutableInvoker.java:103)
	at org.junit.jupiter.engine.execution.InterceptingExecutableInvoker.lambda$invoke$0(InterceptingExecutableInvoker.java:93)
	at org.junit.jupiter.engine.execution.InvocationInterceptorChain$InterceptedInvocation.proceed(InvocationInterceptorChain.java:106)
	at org.junit.jupiter.engine.execution.InvocationInterceptorChain.proceed(InvocationInterceptorChain.java:64)
	at org.junit.jupiter.engine.execution.InvocationInterceptorChain.chainAndInvoke(InvocationInterceptorChain.java:45)
	at org.junit.jupiter.engine.execution.InvocationInterceptorChain.invoke(InvocationInterceptorChain.java:37)
	at org.junit.jupiter.engine.execution.InterceptingExecutableInvoker.invoke(InterceptingExecutableInvoker.java:92)
	at org.junit.jupiter.engine.execution.InterceptingExecutableInvoker.invoke(InterceptingExecutableInvoker.java:86)
	at org.junit.jupiter.engine.descriptor.TestMethodTestDescriptor.lambda$invokeTestMethod$7(TestMethodTestDescriptor.java:218)
	at org.junit.platform.engine.support.hierarchical.ThrowableCollector.execute(ThrowableCollector.java:73)
	at org.junit.jupiter.engine.descriptor.TestMethodTestDescriptor.invokeTestMethod(TestMethodTestDescriptor.java:214)
	at org.junit.jupiter.engine.descriptor.TestMethodTestDescriptor.execute(TestMethodTestDescriptor.java:139)
	at org.junit.jupiter.engine.descriptor.TestMethodTestDescriptor.execute(TestMethodTestDescriptor.java:69)
	at org.junit.platform.engine.support.hierarchical.NodeTestTask.lambda$executeRecursively$6(NodeTestTask.java:151)
	at org.junit.platform.engine.support.hierarchical.ThrowableCollector.execute(ThrowableCollector.java:73)
	at org.junit.platform.engine.support.hierarchical.NodeTestTask.lambda$executeRecursively$8(NodeTestTask.java:141)
	at org.junit.platform.engine.support.hierarchical.Node.around(Node.java:137)
	at org.junit.platform.engine.support.hierarchical.NodeTestTask.lambda$executeRecursively$9(NodeTestTask.java:139)
	at org.junit.platform.engine.support.hierarchical.ThrowableCollector.execute(ThrowableCollector.java:73)
	at org.junit.platform.engine.support.hierarchical.NodeTestTask.executeRecursively(NodeTestTask.java:138)
	at org.junit.platform.engine.support.hierarchical.NodeTestTask.execute(NodeTestTask.java:95)
	at java.base/java.util.ArrayList.forEach(ArrayList.java:1597)
	at org.junit.platform.engine.support.hierarchical.SameThreadHierarchicalTestExecutorService.invokeAll(SameThreadHierarchicalTestExecutorService.java:41)
	at org.junit.platform.engine.support.hierarchical.NodeTestTask.lambda$executeRecursively$6(NodeTestTask.java:155)
	at org.junit.platform.engine.support.hierarchical.ThrowableCollector.execute(ThrowableCollector.java:73)
	at org.junit.platform.engine.support.hierarchical.NodeTestTask.lambda$executeRecursively$8(NodeTestTask.java:141)
	at org.junit.platform.engine.support.hierarchical.Node.around(Node.java:137)
	at org.junit.platform.engine.support.hierarchical.NodeTestTask.lambda$executeRecursively$9(NodeTestTask.java:139)
	at org.junit.platform.engine.support.hierarchical.ThrowableCollector.execute(ThrowableCollector.java:73)
	at org.junit.platform.engine.support.hierarchical.NodeTestTask.executeRecursively(NodeTestTask.java:138)
	at org.junit.platform.engine.support.hierarchical.NodeTestTask.execute(NodeTestTask.java:95)
	at java.base/java.util.ArrayList.forEach(ArrayList.java:1597)
	at org.junit.platform.engine.support.hierarchical.SameThreadHierarchicalTestExecutorService.invokeAll(SameThreadHierarchicalTestExecutorService.java:41)
	at org.junit.platform.engine.support.hierarchical.NodeTestTask.lambda$executeRecursively$6(NodeTestTask.java:155)
	at org.junit.platform.engine.support.hierarchical.ThrowableCollector.execute(ThrowableCollector.java:73)
	at org.junit.platform.engine.support.hierarchical.NodeTestTask.lambda$executeRecursively$8(NodeTestTask.java:141)
	at org.junit.platform.engine.support.hierarchical.Node.around(Node.java:137)
	at org.junit.platform.engine.support.hierarchical.NodeTestTask.lambda$executeRecursively$9(NodeTestTask.java:139)
	at org.junit.platform.engine.support.hierarchical.ThrowableCollector.execute(ThrowableCollector.java:73)
	at org.junit.platform.engine.support.hierarchical.NodeTestTask.executeRecursively(NodeTestTask.java:138)
	at org.junit.platform.engine.support.hierarchical.NodeTestTask.execute(NodeTestTask.java:95)
	at org.junit.platform.engine.support.hierarchical.SameThreadHierarchicalTestExecutorService.submit(SameThreadHierarchicalTestExecutorService.java:35)
	at org.junit.platform.engine.support.hierarchical.HierarchicalTestExecutor.execute(HierarchicalTestExecutor.java:57)
	at org.junit.platform.engine.support.hierarchical.HierarchicalTestEngine.execute(HierarchicalTestEngine.java:54)
	at org.junit.platform.launcher.core.EngineExecutionOrchestrator.execute(EngineExecutionOrchestrator.java:198)
	at org.junit.platform.launcher.core.EngineExecutionOrchestrator.execute(EngineExecutionOrchestrator.java:169)
	at org.junit.platform.launcher.core.EngineExecutionOrchestrator.execute(EngineExecutionOrchestrator.java:93)
	at org.junit.platform.launcher.core.EngineExecutionOrchestrator.lambda$execute$0(EngineExecutionOrchestrator.java:58)
	at org.junit.platform.launcher.core.EngineExecutionOrchestrator.withInterceptedStreams(EngineExecutionOrchestrator.java:141)
	at org.junit.platform.launcher.core.EngineExecutionOrchestrator.execute(EngineExecutionOrchestrator.java:57)
	at org.junit.platform.launcher.core.DefaultLauncher.execute(DefaultLauncher.java:103)
	at org.junit.platform.launcher.core.DefaultLauncher.execute(DefaultLauncher.java:85)
	at org.junit.platform.launcher.core.DelegatingLauncher.execute(DelegatingLauncher.java:47)
	at org.apache.maven.surefire.junitplatform.LazyLauncher.execute(LazyLauncher.java:56)
	at org.apache.maven.surefire.junitplatform.JUnitPlatformProvider.execute(JUnitPlatformProvider.java:184)
	at org.apache.maven.surefire.junitplatform.JUnitPlatformProvider.invokeAllTests(JUnitPlatformProvider.java:148)
	at org.apache.maven.surefire.junitplatform.JUnitPlatformProvider.invoke(JUnitPlatformProvider.java:122)
	at org.apache.maven.surefire.booter.ForkedBooter.runSuitesInProcess(ForkedBooter.java:385)
	at org.apache.maven.surefire.booter.ForkedBooter.execute(ForkedBooter.java:162)
	at org.apache.maven.surefire.booter.ForkedBooter.run(ForkedBooter.java:507)
	at org.apache.maven.surefire.booter.ForkedBooter.main(ForkedBooter.java:495)

[ERRO] 2026-01-09 18:51:47.174 - Erro-52
  Exceção: java.lang.RuntimeException: Erro 52
java.lang.RuntimeException: Erro 52
	at testes.ErrorLoggerTest.testeLogNaoCresceIndefinidamente(ErrorLoggerTest.java:398)
	at java.base/jdk.internal.reflect.DirectMethodHandleAccessor.invoke(DirectMethodHandleAccessor.java:103)
	at java.base/java.lang.reflect.Method.invoke(Method.java:580)
	at org.junit.platform.commons.util.ReflectionUtils.invokeMethod(ReflectionUtils.java:728)
	at org.junit.jupiter.engine.execution.MethodInvocation.proceed(MethodInvocation.java:60)
	at org.junit.jupiter.engine.execution.InvocationInterceptorChain$ValidatingInvocation.proceed(InvocationInterceptorChain.java:131)
	at org.junit.jupiter.engine.extension.TimeoutExtension.intercept(TimeoutExtension.java:156)
	at org.junit.jupiter.engine.extension.TimeoutExtension.interceptTestableMethod(TimeoutExtension.java:147)
	at org.junit.jupiter.engine.extension.TimeoutExtension.interceptTestMethod(TimeoutExtension.java:86)
	at org.junit.jupiter.engine.execution.InterceptingExecutableInvoker$ReflectiveInterceptorCall.lambda$ofVoidMethod$0(InterceptingExecutableInvoker.java:103)
	at org.junit.jupiter.engine.execution.InterceptingExecutableInvoker.lambda$invoke$0(InterceptingExecutableInvoker.java:93)
	at org.junit.jupiter.engine.execution.InvocationInterceptorChain$InterceptedInvocation.proceed(InvocationInterceptorChain.java:106)
	at org.junit.jupiter.engine.execution.InvocationInterceptorChain.proceed(InvocationInterceptorChain.java:64)
	at org.junit.jupiter.engine.execution.InvocationInterceptorChain.chainAndInvoke(InvocationInterceptorChain.java:45)
	at org.junit.jupiter.engine.execution.InvocationInterceptorChain.invoke(InvocationInterceptorChain.java:37)
	at org.junit.jupiter.engine.execution.InterceptingExecutableInvoker.invoke(InterceptingExecutableInvoker.java:92)
	at org.junit.jupiter.engine.execution.InterceptingExecutableInvoker.invoke(InterceptingExecutableInvoker.java:86)
	at org.junit.jupiter.engine.descriptor.TestMethodTestDescriptor.lambda$invokeTestMethod$7(TestMethodTestDescriptor.java:218)
	at org.junit.platform.engine.support.hierarchical.ThrowableCollector.execute(ThrowableCollector.java:73)
	at org.junit.jupiter.engine.descriptor.TestMethodTestDescriptor.invokeTestMethod(TestMethodTestDescriptor.java:214)
	at org.junit.jupiter.engine.descriptor.TestMethodTestDescriptor.execute(TestMethodTestDescriptor.java:139)
	at org.junit.jupiter.engine.descriptor.TestMethodTestDescriptor.execute(TestMethodTestDescriptor.java:69)
	at org.junit.platform.engine.support.hierarchical.NodeTestTask.lambda$executeRecursively$6(NodeTestTask.java:151)
	at org.junit.platform.engine.support.hierarchical.ThrowableCollector.execute(ThrowableCollector.java:73)
	at org.junit.platform.engine.support.hierarchical.NodeTestTask.lambda$executeRecursively$8(NodeTestTask.java:141)
	at org.junit.platform.engine.support.hierarchical.Node.around(Node.java:137)
	at org.junit.platform.engine.support.hierarchical.NodeTestTask.lambda$executeRecursively$9(NodeTestTask.java:139)
	at org.junit.platform.engine.support.hierarchical.ThrowableCollector.execute(ThrowableCollector.java:73)
	at org.junit.platform.engine.support.hierarchical.NodeTestTask.executeRecursively(NodeTestTask.java:138)
	at org.junit.platform.engine.support.hierarchical.NodeTestTask.execute(NodeTestTask.java:95)
	at java.base/java.util.ArrayList.forEach(ArrayList.java:1597)
	at org.junit.platform.engine.support.hierarchical.SameThreadHierarchicalTestExecutorService.invokeAll(SameThreadHierarchicalTestExecutorService.java:41)
	at org.junit.platform.engine.support.hierarchical.NodeTestTask.lambda$executeRecursively$6(NodeTestTask.java:155)
	at org.junit.platform.engine.support.hierarchical.ThrowableCollector.execute(ThrowableCollector.java:73)
	at org.junit.platform.engine.support.hierarchical.NodeTestTask.lambda$executeRecursively$8(NodeTestTask.java:141)
	at org.junit.platform.engine.support.hierarchical.Node.around(Node.java:137)
	at org.junit.platform.engine.support.hierarchical.NodeTestTask.lambda$executeRecursively$9(NodeTestTask.java:139)
	at org.junit.platform.engine.support.hierarchical.ThrowableCollector.execute(ThrowableCollector.java:73)
	at org.junit.platform.engine.support.hierarchical.NodeTestTask.executeRecursively(NodeTestTask.java:138)
	at org.junit.platform.engine.support.hierarchical.NodeTestTask.execute(NodeTestTask.java:95)
	at java.base/java.util.ArrayList.forEach(ArrayList.java:1597)
	at org.junit.platform.engine.support.hierarchical.SameThreadHierarchicalTestExecutorService.invokeAll(SameThreadHierarchicalTestExecutorService.java:41)
	at org.junit.platform.engine.support.hierarchical.NodeTestTask.lambda$executeRecursively$6(NodeTestTask.java:155)
	at org.junit.platform.engine.support.hierarchical.ThrowableCollector.execute(ThrowableCollector.java:73)
	at org.junit.platform.engine.support.hierarchical.NodeTestTask.lambda$executeRecursively$8(NodeTestTask.java:141)
	at org.junit.platform.engine.support.hierarchical.Node.around(Node.java:137)
	at org.junit.platform.engine.support.hierarchical.NodeTestTask.lambda$executeRecursively$9(NodeTestTask.java:139)
	at org.junit.platform.engine.support.hierarchical.ThrowableCollector.execute(ThrowableCollector.java:73)
	at org.junit.platform.engine.support.hierarchical.NodeTestTask.executeRecursively(NodeTestTask.java:138)
	at org.junit.platform.engine.support.hierarchical.NodeTestTask.execute(NodeTestTask.java:95)
	at org.junit.platform.engine.support.hierarchical.SameThreadHierarchicalTestExecutorService.submit(SameThreadHierarchicalTestExecutorService.java:35)
	at org.junit.platform.engine.support.hierarchical.HierarchicalTestExecutor.execute(HierarchicalTestExecutor.java:57)
	at org.junit.platform.engine.support.hierarchical.HierarchicalTestEngine.execute(HierarchicalTestEngine.java:54)
	at org.junit.platform.launcher.core.EngineExecutionOrchestrator.execute(EngineExecutionOrchestrator.java:198)
	at org.junit.platform.launcher.core.EngineExecutionOrchestrator.execute(EngineExecutionOrchestrator.java:169)
	at org.junit.platform.launcher.core.EngineExecutionOrchestrator.execute(EngineExecutionOrchestrator.java:93)
	at org.junit.platform.launcher.core.EngineExecutionOrchestrator.lambda$execute$0(EngineExecutionOrchestrator.java:58)
	at org.junit.platform.launcher.core.EngineExecutionOrchestrator.withInterceptedStreams(EngineExecutionOrchestrator.java:141)
	at org.junit.platform.launcher.core.EngineExecutionOrchestrator.execute(EngineExecutionOrchestrator.java:57)
	at org.junit.platform.launcher.core.DefaultLauncher.execute(DefaultLauncher.java:103)
	at org.junit.platform.launcher.core.DefaultLauncher.execute(DefaultLauncher.java:85)
	at org.junit.platform.launcher.core.DelegatingLauncher.execute(DelegatingLauncher.java:47)
	at org.apache.maven.surefire.junitplatform.LazyLauncher.execute(LazyLauncher.java:56)
	at org.apache.maven.surefire.junitplatform.JUnitPlatformProvider.execute(JUnitPlatformProvider.java:184)
	at org.apache.maven.surefire.junitplatform.JUnitPlatformProvider.invokeAllTests(JUnitPlatformProvider.java:148)
	at org.apache.maven.surefire.junitplatform.JUnitPlatformProvider.invoke(JUnitPlatformProvider.java:122)
	at org.apache.maven.surefire.booter.ForkedBooter.runSuitesInProcess(ForkedBooter.java:385)
	at org.apache.maven.surefire.booter.ForkedBooter.execute(ForkedBooter.java:162)
	at org.apache.maven.surefire.booter.ForkedBooter.run(ForkedBooter.java:507)
	at org.apache.maven.surefire.booter.ForkedBooter.main(ForkedBooter.java:495)

[ERRO] 2026-01-09 18:51:47.174 - Erro-53
  Exceção: java.lang.RuntimeException: Erro 53
java.lang.RuntimeException: Erro 53
	at testes.ErrorLoggerTest.testeLogNaoCresceIndefinidamente(ErrorLoggerTest.java:398)
	at java.base/jdk.internal.reflect.DirectMethodHandleAccessor.invoke(DirectMethodHandleAccessor.java:103)
	at java.base/java.lang.reflect.Method.invoke(Method.java:580)
	at org.junit.platform.commons.util.ReflectionUtils.invokeMethod(ReflectionUtils.java:728)
	at org.junit.jupiter.engine.execution.MethodInvocation.proceed(MethodInvocation.java:60)
	at org.junit.jupiter.engine.execution.InvocationInterceptorChain$ValidatingInvocation.proceed(InvocationInterceptorChain.java:131)
	at org.junit.jupiter.engine.extension.TimeoutExtension.intercept(TimeoutExtension.java:156)
	at org.junit.jupiter.engine.extension.TimeoutExtension.interceptTestableMethod(TimeoutExtension.java:147)
	at org.junit.jupiter.engine.extension.TimeoutExtension.interceptTestMethod(TimeoutExtension.java:86)
	at org.junit.jupiter.engine.execution.InterceptingExecutableInvoker$ReflectiveInterceptorCall.lambda$ofVoidMethod$0(InterceptingExecutableInvoker.java:103)
	at org.junit.jupiter.engine.execution.InterceptingExecutableInvoker.lambda$invoke$0(InterceptingExecutableInvoker.java:93)
	at org.junit.jupiter.engine.execution.InvocationInterceptorChain$InterceptedInvocation.proceed(InvocationInterceptorChain.java:106)
	at org.junit.jupiter.engine.execution.InvocationInterceptorChain.proceed(InvocationInterceptorChain.java:64)
	at org.junit.jupiter.engine.execution.InvocationInterceptorChain.chainAndInvoke(InvocationInterceptorChain.java:45)
	at org.junit.jupiter.engine.execution.InvocationInterceptorChain.invoke(InvocationInterceptorChain.java:37)
	at org.junit.jupiter.engine.execution.InterceptingExecutableInvoker.invoke(InterceptingExecutableInvoker.java:92)
	at org.junit.jupiter.engine.execution.InterceptingExecutableInvoker.invoke(InterceptingExecutableInvoker.java:86)
	at org.junit.jupiter.engine.descriptor.TestMethodTestDescriptor.lambda$invokeTestMethod$7(TestMethodTestDescriptor.java:218)
	at org.junit.platform.engine.support.hierarchical.ThrowableCollector.execute(ThrowableCollector.java:73)
	at org.junit.jupiter.engine.descriptor.TestMethodTestDescriptor.invokeTestMethod(TestMethodTestDescriptor.java:214)
	at org.junit.jupiter.engine.descriptor.TestMethodTestDescriptor.execute(TestMethodTestDescriptor.java:139)
	at org.junit.jupiter.engine.descriptor.TestMethodTestDescriptor.execute(TestMethodTestDescriptor.java:69)
	at org.junit.platform.engine.support.hierarchical.NodeTestTask.lambda$executeRecursively$6(NodeTestTask.java:151)
	at org.junit.platform.engine.support.hierarchical.ThrowableCollector.execute(ThrowableCollector.java:73)
	at org.junit.platform.engine.support.hierarchical.NodeTestTask.lambda$executeRecursively$8(NodeTestTask.java:141)
	at org.junit.platform.engine.support.hierarchical.Node.around(Node.java:137)
	at org.junit.platform.engine.support.hierarchical.NodeTestTask.lambda$executeRecursively$9(NodeTestTask.java:139)
	at org.junit.platform.engine.support.hierarchical.ThrowableCollector.execute(ThrowableCollector.java:73)
	at org.junit.platform.engine.support.hierarchical.NodeTestTask.executeRecursively(NodeTestTask.java:138)
	at org.junit.platform.engine.support.hierarchical.NodeTestTask.execute(NodeTestTask.java:95)
	at java.base/java.util.ArrayList.forEach(ArrayList.java:1597)
	at org.junit.platform.engine.support.hierarchical.SameThreadHierarchicalTestExecutorService.invokeAll(SameThreadHierarchicalTestExecutorService.java:41)
	at org.junit.platform.engine.support.hierarchical.NodeTestTask.lambda$executeRecursively$6(NodeTestTask.java:155)
	at org.junit.platform.engine.support.hierarchical.ThrowableCollector.execute(ThrowableCollector.java:73)
	at org.junit.platform.engine.support.hierarchical.NodeTestTask.lambda$executeRecursively$8(NodeTestTask.java:141)
	at org.junit.platform.engine.support.hierarchical.Node.around(Node.java:137)
	at org.junit.platform.engine.support.hierarchical.NodeTestTask.lambda$executeRecursively$9(NodeTestTask.java:139)
	at org.junit.platform.engine.support.hierarchical.ThrowableCollector.execute(ThrowableCollector.java:73)
	at org.junit.platform.engine.support.hierarchical.NodeTestTask.executeRecursively(NodeTestTask.java:138)
	at org.junit.platform.engine.support.hierarchical.NodeTestTask.execute(NodeTestTask.java:95)
	at java.base/java.util.ArrayList.forEach(ArrayList.java:1597)
	at org.junit.platform.engine.support.hierarchical.SameThreadHierarchicalTestExecutorService.invokeAll(SameThreadHierarchicalTestExecutorService.java:41)
	at org.junit.platform.engine.support.hierarchical.NodeTestTask.lambda$executeRecursively$6(NodeTestTask.java:155)
	at org.junit.platform.engine.support.hierarchical.ThrowableCollector.execute(ThrowableCollector.java:73)
	at org.junit.platform.engine.support.hierarchical.NodeTestTask.lambda$executeRecursively$8(NodeTestTask.java:141)
	at org.junit.platform.engine.support.hierarchical.Node.around(Node.java:137)
	at org.junit.platform.engine.support.hierarchical.NodeTestTask.lambda$executeRecursively$9(NodeTestTask.java:139)
	at org.junit.platform.engine.support.hierarchical.ThrowableCollector.execute(ThrowableCollector.java:73)
	at org.junit.platform.engine.support.hierarchical.NodeTestTask.executeRecursively(NodeTestTask.java:138)
	at org.junit.platform.engine.support.hierarchical.NodeTestTask.execute(NodeTestTask.java:95)
	at org.junit.platform.engine.support.hierarchical.SameThreadHierarchicalTestExecutorService.submit(SameThreadHierarchicalTestExecutorService.java:35)
	at org.junit.platform.engine.support.hierarchical.HierarchicalTestExecutor.execute(HierarchicalTestExecutor.java:57)
	at org.junit.platform.engine.support.hierarchical.HierarchicalTestEngine.execute(HierarchicalTestEngine.java:54)
	at org.junit.platform.launcher.core.EngineExecutionOrchestrator.execute(EngineExecutionOrchestrator.java:198)
	at org.junit.platform.launcher.core.EngineExecutionOrchestrator.execute(EngineExecutionOrchestrator.java:169)
	at org.junit.platform.launcher.core.EngineExecutionOrchestrator.execute(EngineExecutionOrchestrator.java:93)
	at org.junit.platform.launcher.core.EngineExecutionOrchestrator.lambda$execute$0(EngineExecutionOrchestrator.java:58)
	at org.junit.platform.launcher.core.EngineExecutionOrchestrator.withInterceptedStreams(EngineExecutionOrchestrator.java:141)
	at org.junit.platform.launcher.core.EngineExecutionOrchestrator.execute(EngineExecutionOrchestrator.java:57)
	at org.junit.platform.launcher.core.DefaultLauncher.execute(DefaultLauncher.java:103)
	at org.junit.platform.launcher.core.DefaultLauncher.execute(DefaultLauncher.java:85)
	at org.junit.platform.launcher.core.DelegatingLauncher.execute(DelegatingLauncher.java:47)
	at org.apache.maven.surefire.junitplatform.LazyLauncher.execute(LazyLauncher.java:56)
	at org.apache.maven.surefire.junitplatform.JUnitPlatformProvider.execute(JUnitPlatformProvider.java:184)
	at org.apache.maven.surefire.junitplatform.JUnitPlatformProvider.invokeAllTests(JUnitPlatformProvider.java:148)
	at org.apache.maven.surefire.junitplatform.JUnitPlatformProvider.invoke(JUnitPlatformProvider.java:122)
	at org.apache.maven.surefire.booter.ForkedBooter.runSuitesInProcess(ForkedBooter.java:385)
	at org.apache.maven.surefire.booter.ForkedBooter.execute(ForkedBooter.java:162)
	at org.apache.maven.surefire.booter.ForkedBooter.run(ForkedBooter.java:507)
	at org.apache.maven.surefire.booter.ForkedBooter.main(ForkedBooter.java:495)

[ERRO] 2026-01-09 18:51:47.175 - Erro-54
  Exceção: java.lang.RuntimeException: Erro 54
java.lang.RuntimeException: Erro 54
	at testes.ErrorLoggerTest.testeLogNaoCresceIndefinidamente(ErrorLoggerTest.java:398)
	at java.base/jdk.internal.reflect.DirectMethodHandleAccessor.invoke(DirectMethodHandleAccessor.java:103)
	at java.base/java.lang.reflect.Method.invoke(Method.java:580)
	at org.junit.platform.commons.util.ReflectionUtils.invokeMethod(ReflectionUtils.java:728)
	at org.junit.jupiter.engine.execution.MethodInvocation.proceed(MethodInvocation.java:60)
	at org.junit.jupiter.engine.execution.InvocationInterceptorChain$ValidatingInvocation.proceed(InvocationInterceptorChain.java:131)
	at org.junit.jupiter.engine.extension.TimeoutExtension.intercept(TimeoutExtension.java:156)
	at org.junit.jupiter.engine.extension.TimeoutExtension.interceptTestableMethod(TimeoutExtension.java:147)
	at org.junit.jupiter.engine.extension.TimeoutExtension.interceptTestMethod(TimeoutExtension.java:86)
	at org.junit.jupiter.engine.execution.InterceptingExecutableInvoker$ReflectiveInterceptorCall.lambda$ofVoidMethod$0(InterceptingExecutableInvoker.java:103)
	at org.junit.jupiter.engine.execution.InterceptingExecutableInvoker.lambda$invoke$0(InterceptingExecutableInvoker.java:93)
	at org.junit.jupiter.engine.execution.InvocationInterceptorChain$InterceptedInvocation.proceed(InvocationInterceptorChain.java:106)
	at org.junit.jupiter.engine.execution.InvocationInterceptorChain.proceed(InvocationInterceptorChain.java:64)
	at org.junit.jupiter.engine.execution.InvocationInterceptorChain.chainAndInvoke(InvocationInterceptorChain.java:45)
	at org.junit.jupiter.engine.execution.InvocationInterceptorChain.invoke(InvocationInterceptorChain.java:37)
	at org.junit.jupiter.engine.execution.InterceptingExecutableInvoker.invoke(InterceptingExecutableInvoker.java:92)
	at org.junit.jupiter.engine.execution.InterceptingExecutableInvoker.invoke(InterceptingExecutableInvoker.java:86)
	at org.junit.jupiter.engine.descriptor.TestMethodTestDescriptor.lambda$invokeTestMethod$7(TestMethodTestDescriptor.java:218)
	at org.junit.platform.engine.support.hierarchical.ThrowableCollector.execute(ThrowableCollector.java:73)
	at org.junit.jupiter.engine.descriptor.TestMethodTestDescriptor.invokeTestMethod(TestMethodTestDescriptor.java:214)
	at org.junit.jupiter.engine.descriptor.TestMethodTestDescriptor.execute(TestMethodTestDescriptor.java:139)
	at org.junit.jupiter.engine.descriptor.TestMethodTestDescriptor.execute(TestMethodTestDescriptor.java:69)
	at org.junit.platform.engine.support.hierarchical.NodeTestTask.lambda$executeRecursively$6(NodeTestTask.java:151)
	at org.junit.platform.engine.support.hierarchical.ThrowableCollector.execute(ThrowableCollector.java:73)
	at org.junit.platform.engine.support.hierarchical.NodeTestTask.lambda$executeRecursively$8(NodeTestTask.java:141)
	at org.junit.platform.engine.support.hierarchical.Node.around(Node.java:137)
	at org.junit.platform.engine.support.hierarchical.NodeTestTask.lambda$executeRecursively$9(NodeTestTask.java:139)
	at org.junit.platform.engine.support.hierarchical.ThrowableCollector.execute(ThrowableCollector.java:73)
	at org.junit.platform.engine.support.hierarchical.NodeTestTask.executeRecursively(NodeTestTask.java:138)
	at org.junit.platform.engine.support.hierarchical.NodeTestTask.execute(NodeTestTask.java:95)
	at java.base/java.util.ArrayList.forEach(ArrayList.java:1597)
	at org.junit.platform.engine.support.hierarchical.SameThreadHierarchicalTestExecutorService.invokeAll(SameThreadHierarchicalTestExecutorService.java:41)
	at org.junit.platform.engine.support.hierarchical.NodeTestTask.lambda$executeRecursively$6(NodeTestTask.java:155)
	at org.junit.platform.engine.support.hierarchical.ThrowableCollector.execute(ThrowableCollector.java:73)
	at org.junit.platform.engine.support.hierarchical.NodeTestTask.lambda$executeRecursively$8(NodeTestTask.java:141)
	at org.junit.platform.engine.support.hierarchical.Node.around(Node.java:137)
	at org.junit.platform.engine.support.hierarchical.NodeTestTask.lambda$executeRecursively$9(NodeTestTask.java:139)
	at org.junit.platform.engine.support.hierarchical.ThrowableCollector.execute(ThrowableCollector.java:73)
	at org.junit.platform.engine.support.hierarchical.NodeTestTask.executeRecursively(NodeTestTask.java:138)
	at org.junit.platform.engine.support.hierarchical.NodeTestTask.execute(NodeTestTask.java:95)
	at java.base/java.util.ArrayList.forEach(ArrayList.java:1597)
	at org.junit.platform.engine.support.hierarchical.SameThreadHierarchicalTestExecutorService.invokeAll(SameThreadHierarchicalTestExecutorService.java:41)
	at org.junit.platform.engine.support.hierarchical.NodeTestTask.lambda$executeRecursively$6(NodeTestTask.java:155)
	at org.junit.platform.engine.support.hierarchical.ThrowableCollector.execute(ThrowableCollector.java:73)
	at org.junit.platform.engine.support.hierarchical.NodeTestTask.lambda$executeRecursively$8(NodeTestTask.java:141)
	at org.junit.platform.engine.support.hierarchical.Node.around(Node.java:137)
	at org.junit.platform.engine.support.hierarchical.NodeTestTask.lambda$executeRecursively$9(NodeTestTask.java:139)
	at org.junit.platform.engine.support.hierarchical.ThrowableCollector.execute(ThrowableCollector.java:73)
	at org.junit.platform.engine.support.hierarchical.NodeTestTask.executeRecursively(NodeTestTask.java:138)
	at org.junit.platform.engine.support.hierarchical.NodeTestTask.execute(NodeTestTask.java:95)
	at org.junit.platform.engine.support.hierarchical.SameThreadHierarchicalTestExecutorService.submit(SameThreadHierarchicalTestExecutorService.java:35)
	at org.junit.platform.engine.support.hierarchical.HierarchicalTestExecutor.execute(HierarchicalTestExecutor.java:57)
	at org.junit.platform.engine.support.hierarchical.HierarchicalTestEngine.execute(HierarchicalTestEngine.java:54)
	at org.junit.platform.launcher.core.EngineExecutionOrchestrator.execute(EngineExecutionOrchestrator.java:198)
	at org.junit.platform.launcher.core.EngineExecutionOrchestrator.execute(EngineExecutionOrchestrator.java:169)
	at org.junit.platform.launcher.core.EngineExecutionOrchestrator.execute(EngineExecutionOrchestrator.java:93)
	at org.junit.platform.launcher.core.EngineExecutionOrchestrator.lambda$execute$0(EngineExecutionOrchestrator.java:58)
	at org.junit.platform.launcher.core.EngineExecutionOrchestrator.withInterceptedStreams(EngineExecutionOrchestrator.java:141)
	at org.junit.platform.launcher.core.EngineExecutionOrchestrator.execute(EngineExecutionOrchestrator.java:57)
	at org.junit.platform.launcher.core.DefaultLauncher.execute(DefaultLauncher.java:103)
	at org.junit.platform.launcher.core.DefaultLauncher.execute(DefaultLauncher.java:85)
	at org.junit.platform.launcher.core.DelegatingLauncher.execute(DelegatingLauncher.java:47)
	at org.apache.maven.surefire.junitplatform.LazyLauncher.execute(LazyLauncher.java:56)
	at org.apache.maven.surefire.junitplatform.JUnitPlatformProvider.execute(JUnitPlatformProvider.java:184)
	at org.apache.maven.surefire.junitplatform.JUnitPlatformProvider.invokeAllTests(JUnitPlatformProvider.java:148)
	at org.apache.maven.surefire.junitplatform.JUnitPlatformProvider.invoke(JUnitPlatformProvider.java:122)
	at org.apache.maven.surefire.booter.ForkedBooter.runSuitesInProcess(ForkedBooter.java:385)
	at org.apache.maven.surefire.booter.ForkedBooter.execute(ForkedBooter.java:162)
	at org.apache.maven.surefire.booter.ForkedBooter.run(ForkedBooter.java:507)
	at org.apache.maven.surefire.booter.ForkedBooter.main(ForkedBooter.java:495)

[ERRO] 2026-01-09 18:51:47.175 - Erro-55
  Exceção: java.lang.RuntimeException: Erro 55
java.lang.RuntimeException: Erro 55
	at testes.ErrorLoggerTest.testeLogNaoCresceIndefinidamente(ErrorLoggerTest.java:398)
	at java.base/jdk.internal.reflect.DirectMethodHandleAccessor.invoke(DirectMethodHandleAccessor.java:103)
	at java.base/java.lang.reflect.Method.invoke(Method.java:580)
	at org.junit.platform.commons.util.ReflectionUtils.invokeMethod(ReflectionUtils.java:728)
	at org.junit.jupiter.engine.execution.MethodInvocation.proceed(MethodInvocation.java:60)
	at org.junit.jupiter.engine.execution.InvocationInterceptorChain$ValidatingInvocation.proceed(InvocationInterceptorChain.java:131)
	at org.junit.jupiter.engine.extension.TimeoutExtension.intercept(TimeoutExtension.java:156)
	at org.junit.jupiter.engine.extension.TimeoutExtension.interceptTestableMethod(TimeoutExtension.java:147)
	at org.junit.jupiter.engine.extension.TimeoutExtension.interceptTestMethod(TimeoutExtension.java:86)
	at org.junit.jupiter.engine.execution.InterceptingExecutableInvoker$ReflectiveInterceptorCall.lambda$ofVoidMethod$0(InterceptingExecutableInvoker.java:103)
	at org.junit.jupiter.engine.execution.InterceptingExecutableInvoker.lambda$invoke$0(InterceptingExecutableInvoker.java:93)
	at org.junit.jupiter.engine.execution.InvocationInterceptorChain$InterceptedInvocation.proceed(InvocationInterceptorChain.java:106)
	at org.junit.jupiter.engine.execution.InvocationInterceptorChain.proceed(InvocationInterceptorChain.java:64)
	at org.junit.jupiter.engine.execution.InvocationInterceptorChain.chainAndInvoke(InvocationInterceptorChain.java:45)
	at org.junit.jupiter.engine.execution.InvocationInterceptorChain.invoke(InvocationInterceptorChain.java:37)
	at org.junit.jupiter.engine.execution.InterceptingExecutableInvoker.invoke(InterceptingExecutableInvoker.java:92)
	at org.junit.jupiter.engine.execution.InterceptingExecutableInvoker.invoke(InterceptingExecutableInvoker.java:86)
	at org.junit.jupiter.engine.descriptor.TestMethodTestDescriptor.lambda$invokeTestMethod$7(TestMethodTestDescriptor.java:218)
	at org.junit.platform.engine.support.hierarchical.ThrowableCollector.execute(ThrowableCollector.java:73)
	at org.junit.jupiter.engine.descriptor.TestMethodTestDescriptor.invokeTestMethod(TestMethodTestDescriptor.java:214)
	at org.junit.jupiter.engine.descriptor.TestMethodTestDescriptor.execute(TestMethodTestDescriptor.java:139)
	at org.junit.jupiter.engine.descriptor.TestMethodTestDescriptor.execute(TestMethodTestDescriptor.java:69)
	at org.junit.platform.engine.support.hierarchical.NodeTestTask.lambda$executeRecursively$6(NodeTestTask.java:151)
	at org.junit.platform.engine.support.hierarchical.ThrowableCollector.execute(ThrowableCollector.java:73)
	at org.junit.platform.engine.support.hierarchical.NodeTestTask.lambda$executeRecursively$8(NodeTestTask.java:141)
	at org.junit.platform.engine.support.hierarchical.Node.around(Node.java:137)
	at org.junit.platform.engine.support.hierarchical.NodeTestTask.lambda$executeRecursively$9(NodeTestTask.java:139)
	at org.junit.platform.engine.support.hierarchical.ThrowableCollector.execute(ThrowableCollector.java:73)
	at org.junit.platform.engine.support.hierarchical.NodeTestTask.executeRecursively(NodeTestTask.java:138)
	at org.junit.platform.engine.support.hierarchical.NodeTestTask.execute(NodeTestTask.java:95)
	at java.base/java.util.ArrayList.forEach(ArrayList.java:1597)
	at org.junit.platform.engine.support.hierarchical.SameThreadHierarchicalTestExecutorService.invokeAll(SameThreadHierarchicalTestExecutorService.java:41)
	at org.junit.platform.engine.support.hierarchical.NodeTestTask.lambda$executeRecursively$6(NodeTestTask.java:155)
	at org.junit.platform.engine.support.hierarchical.ThrowableCollector.execute(ThrowableCollector.java:73)
	at org.junit.platform.engine.support.hierarchical.NodeTestTask.lambda$executeRecursively$8(NodeTestTask.java:141)
	at org.junit.platform.engine.support.hierarchical.Node.around(Node.java:137)
	at org.junit.platform.engine.support.hierarchical.NodeTestTask.lambda$executeRecursively$9(NodeTestTask.java:139)
	at org.junit.platform.engine.support.hierarchical.ThrowableCollector.execute(ThrowableCollector.java:73)
	at org.junit.platform.engine.support.hierarchical.NodeTestTask.executeRecursively(NodeTestTask.java:138)
	at org.junit.platform.engine.support.hierarchical.NodeTestTask.execute(NodeTestTask.java:95)
	at java.base/java.util.ArrayList.forEach(ArrayList.java:1597)
	at org.junit.platform.engine.support.hierarchical.SameThreadHierarchicalTestExecutorService.invokeAll(SameThreadHierarchicalTestExecutorService.java:41)
	at org.junit.platform.engine.support.hierarchical.NodeTestTask.lambda$executeRecursively$6(NodeTestTask.java:155)
	at org.junit.platform.engine.support.hierarchical.ThrowableCollector.execute(ThrowableCollector.java:73)
	at org.junit.platform.engine.support.hierarchical.NodeTestTask.lambda$executeRecursively$8(NodeTestTask.java:141)
	at org.junit.platform.engine.support.hierarchical.Node.around(Node.java:137)
	at org.junit.platform.engine.support.hierarchical.NodeTestTask.lambda$executeRecursively$9(NodeTestTask.java:139)
	at org.junit.platform.engine.support.hierarchical.ThrowableCollector.execute(ThrowableCollector.java:73)
	at org.junit.platform.engine.support.hierarchical.NodeTestTask.executeRecursively(NodeTestTask.java:138)
	at org.junit.platform.engine.support.hierarchical.NodeTestTask.execute(NodeTestTask.java:95)
	at org.junit.platform.engine.support.hierarchical.SameThreadHierarchicalTestExecutorService.submit(SameThreadHierarchicalTestExecutorService.java:35)
	at org.junit.platform.engine.support.hierarchical.HierarchicalTestExecutor.execute(HierarchicalTestExecutor.java:57)
	at org.junit.platform.engine.support.hierarchical.HierarchicalTestEngine.execute(HierarchicalTestEngine.java:54)
	at org.junit.platform.launcher.core.EngineExecutionOrchestrator.execute(EngineExecutionOrchestrator.java:198)
	at org.junit.platform.launcher.core.EngineExecutionOrchestrator.execute(EngineExecutionOrchestrator.java:169)
	at org.junit.platform.launcher.core.EngineExecutionOrchestrator.execute(EngineExecutionOrchestrator.java:93)
	at org.junit.platform.launcher.core.EngineExecutionOrchestrator.lambda$execute$0(EngineExecutionOrchestrator.java:58)
	at org.junit.platform.launcher.core.EngineExecutionOrchestrator.withInterceptedStreams(EngineExecutionOrchestrator.java:141)
	at org.junit.platform.launcher.core.EngineExecutionOrchestrator.execute(EngineExecutionOrchestrator.java:57)
	at org.junit.platform.launcher.core.DefaultLauncher.execute(DefaultLauncher.java:103)
	at org.junit.platform.launcher.core.DefaultLauncher.execute(DefaultLauncher.java:85)
	at org.junit.platform.launcher.core.DelegatingLauncher.execute(DelegatingLauncher.java:47)
	at org.apache.maven.surefire.junitplatform.LazyLauncher.execute(LazyLauncher.java:56)
	at org.apache.maven.surefire.junitplatform.JUnitPlatformProvider.execute(JUnitPlatformProvider.java:184)
	at org.apache.maven.surefire.junitplatform.JUnitPlatformProvider.invokeAllTests(JUnitPlatformProvider.java:148)
	at org.apache.maven.surefire.junitplatform.JUnitPlatformProvider.invoke(JUnitPlatformProvider.java:122)
	at org.apache.maven.surefire.booter.ForkedBooter.runSuitesInProcess(ForkedBooter.java:385)
	at org.apache.maven.surefire.booter.ForkedBooter.execute(ForkedBooter.java:162)
	at org.apache.maven.surefire.booter.ForkedBooter.run(ForkedBooter.java:507)
	at org.apache.maven.surefire.booter.ForkedBooter.main(ForkedBooter.java:495)

[ERRO] 2026-01-09 18:51:47.175 - Erro-56
  Exceção: java.lang.RuntimeException: Erro 56
java.lang.RuntimeException: Erro 56
	at testes.ErrorLoggerTest.testeLogNaoCresceIndefinidamente(ErrorLoggerTest.java:398)
	at java.base/jdk.internal.reflect.DirectMethodHandleAccessor.invoke(DirectMethodHandleAccessor.java:103)
	at java.base/java.lang.reflect.Method.invoke(Method.java:580)
	at org.junit.platform.commons.util.ReflectionUtils.invokeMethod(ReflectionUtils.java:728)
	at org.junit.jupiter.engine.execution.MethodInvocation.proceed(MethodInvocation.java:60)
	at org.junit.jupiter.engine.execution.InvocationInterceptorChain$ValidatingInvocation.proceed(InvocationInterceptorChain.java:131)
	at org.junit.jupiter.engine.extension.TimeoutExtension.intercept(TimeoutExtension.java:156)
	at org.junit.jupiter.engine.extension.TimeoutExtension.interceptTestableMethod(TimeoutExtension.java:147)
	at org.junit.jupiter.engine.extension.TimeoutExtension.interceptTestMethod(TimeoutExtension.java:86)
	at org.junit.jupiter.engine.execution.InterceptingExecutableInvoker$ReflectiveInterceptorCall.lambda$ofVoidMethod$0(InterceptingExecutableInvoker.java:103)
	at org.junit.jupiter.engine.execution.InterceptingExecutableInvoker.lambda$invoke$0(InterceptingExecutableInvoker.java:93)
	at org.junit.jupiter.engine.execution.InvocationInterceptorChain$InterceptedInvocation.proceed(InvocationInterceptorChain.java:106)
	at org.junit.jupiter.engine.execution.InvocationInterceptorChain.proceed(InvocationInterceptorChain.java:64)
	at org.junit.jupiter.engine.execution.InvocationInterceptorChain.chainAndInvoke(InvocationInterceptorChain.java:45)
	at org.junit.jupiter.engine.execution.InvocationInterceptorChain.invoke(InvocationInterceptorChain.java:37)
	at org.junit.jupiter.engine.execution.InterceptingExecutableInvoker.invoke(InterceptingExecutableInvoker.java:92)
	at org.junit.jupiter.engine.execution.InterceptingExecutableInvoker.invoke(InterceptingExecutableInvoker.java:86)
	at org.junit.jupiter.engine.descriptor.TestMethodTestDescriptor.lambda$invokeTestMethod$7(TestMethodTestDescriptor.java:218)
	at org.junit.platform.engine.support.hierarchical.ThrowableCollector.execute(ThrowableCollector.java:73)
	at org.junit.jupiter.engine.descriptor.TestMethodTestDescriptor.invokeTestMethod(TestMethodTestDescriptor.java:214)
	at org.junit.jupiter.engine.descriptor.TestMethodTestDescriptor.execute(TestMethodTestDescriptor.java:139)
	at org.junit.jupiter.engine.descriptor.TestMethodTestDescriptor.execute(TestMethodTestDescriptor.java:69)
	at org.junit.platform.engine.support.hierarchical.NodeTestTask.lambda$executeRecursively$6(NodeTestTask.java:151)
	at org.junit.platform.engine.support.hierarchical.ThrowableCollector.execute(ThrowableCollector.java:73)
	at org.junit.platform.engine.support.hierarchical.NodeTestTask.lambda$executeRecursively$8(NodeTestTask.java:141)
	at org.junit.platform.engine.support.hierarchical.Node.around(Node.java:137)
	at org.junit.platform.engine.support.hierarchical.NodeTestTask.lambda$executeRecursively$9(NodeTestTask.java:139)
	at org.junit.platform.engine.support.hierarchical.ThrowableCollector.execute(ThrowableCollector.java:73)
	at org.junit.platform.engine.support.hierarchical.NodeTestTask.executeRecursively(NodeTestTask.java:138)
	at org.junit.platform.engine.support.hierarchical.NodeTestTask.execute(NodeTestTask.java:95)
	at java.base/java.util.ArrayList.forEach(ArrayList.java:1597)
	at org.junit.platform.engine.support.hierarchical.SameThreadHierarchicalTestExecutorService.invokeAll(SameThreadHierarchicalTestExecutorService.java:41)
	at org.junit.platform.engine.support.hierarchical.NodeTestTask.lambda$executeRecursively$6(NodeTestTask.java:155)
	at org.junit.platform.engine.support.hierarchical.ThrowableCollector.execute(ThrowableCollector.java:73)
	at org.junit.platform.engine.support.hierarchical.NodeTestTask.lambda$executeRecursively$8(NodeTestTask.java:141)
	at org.junit.platform.engine.support.hierarchical.Node.around(Node.java:137)
	at org.junit.platform.engine.support.hierarchical.NodeTestTask.lambda$executeRecursively$9(NodeTestTask.java:139)
	at org.junit.platform.engine.support.hierarchical.ThrowableCollector.execute(ThrowableCollector.java:73)
	at org.junit.platform.engine.support.hierarchical.NodeTestTask.executeRecursively(NodeTestTask.java:138)
	at org.junit.platform.engine.support.hierarchical.NodeTestTask.execute(NodeTestTask.java:95)
	at java.base/java.util.ArrayList.forEach(ArrayList.java:1597)
	at org.junit.platform.engine.support.hierarchical.SameThreadHierarchicalTestExecutorService.invokeAll(SameThreadHierarchicalTestExecutorService.java:41)
	at org.junit.platform.engine.support.hierarchical.NodeTestTask.lambda$executeRecursively$6(NodeTestTask.java:155)
	at org.junit.platform.engine.support.hierarchical.ThrowableCollector.execute(ThrowableCollector.java:73)
	at org.junit.platform.engine.support.hierarchical.NodeTestTask.lambda$executeRecursively$8(NodeTestTask.java:141)
	at org.junit.platform.engine.support.hierarchical.Node.around(Node.java:137)
	at org.junit.platform.engine.support.hierarchical.NodeTestTask.lambda$executeRecursively$9(NodeTestTask.java:139)
	at org.junit.platform.engine.support.hierarchical.ThrowableCollector.execute(ThrowableCollector.java:73)
	at org.junit.platform.engine.support.hierarchical.NodeTestTask.executeRecursively(NodeTestTask.java:138)
	at org.junit.platform.engine.support.hierarchical.NodeTestTask.execute(NodeTestTask.java:95)
	at org.junit.platform.engine.support.hierarchical.SameThreadHierarchicalTestExecutorService.submit(SameThreadHierarchicalTestExecutorService.java:35)
	at org.junit.platform.engine.support.hierarchical.HierarchicalTestExecutor.execute(HierarchicalTestExecutor.java:57)
	at org.junit.platform.engine.support.hierarchical.HierarchicalTestEngine.execute(HierarchicalTestEngine.java:54)
	at org.junit.platform.launcher.core.EngineExecutionOrchestrator.execute(EngineExecutionOrchestrator.java:198)
	at org.junit.platform.launcher.core.EngineExecutionOrchestrator.execute(EngineExecutionOrchestrator.java:169)
	at org.junit.platform.launcher.core.EngineExecutionOrchestrator.execute(EngineExecutionOrchestrator.java:93)
	at org.junit.platform.launcher.core.EngineExecutionOrchestrator.lambda$execute$0(EngineExecutionOrchestrator.java:58)
	at org.junit.platform.launcher.core.EngineExecutionOrchestrator.withInterceptedStreams(EngineExecutionOrchestrator.java:141)
	at org.junit.platform.launcher.core.EngineExecutionOrchestrator.execute(EngineExecutionOrchestrator.java:57)
	at org.junit.platform.launcher.core.DefaultLauncher.execute(DefaultLauncher.java:103)
	at org.junit.platform.launcher.core.DefaultLauncher.execute(DefaultLauncher.java:85)
	at org.junit.platform.launcher.core.DelegatingLauncher.execute(DelegatingLauncher.java:47)
	at org.apache.maven.surefire.junitplatform.LazyLauncher.execute(LazyLauncher.java:56)
	at org.apache.maven.surefire.junitplatform.JUnitPlatformProvider.execute(JUnitPlatformProvider.java:184)
	at org.apache.maven.surefire.junitplatform.JUnitPlatformProvider.invokeAllTests(JUnitPlatformProvider.java:148)
	at org.apache.maven.surefire.junitplatform.JUnitPlatformProvider.invoke(JUnitPlatformProvider.java:122)
	at org.apache.maven.surefire.booter.ForkedBooter.runSuitesInProcess(ForkedBooter.java:385)
	at org.apache.maven.surefire.booter.ForkedBooter.execute(ForkedBooter.java:162)
	at org.apache.maven.surefire.booter.ForkedBooter.run(ForkedBooter.java:507)
	at org.apache.maven.surefire.booter.ForkedBooter.main(ForkedBooter.java:495)

[ERRO] 2026-01-09 18:51:47.176 - Erro-57
  Exceção: java.lang.RuntimeException: Erro 57
java.lang.RuntimeException: Erro 57
	at testes.ErrorLoggerTest.testeLogNaoCresceIndefinidamente(ErrorLoggerTest.java:398)
	at java.base/jdk.internal.reflect.DirectMethodHandleAccessor.invoke(DirectMethodHandleAccessor.java:103)
	at java.base/java.lang.reflect.Method.invoke(Method.java:580)
	at org.junit.platform.commons.util.ReflectionUtils.invokeMethod(ReflectionUtils.java:728)
	at org.junit.jupiter.engine.execution.MethodInvocation.proceed(MethodInvocation.java:60)
	at org.junit.jupiter.engine.execution.InvocationInterceptorChain$ValidatingInvocation.proceed(InvocationInterceptorChain.java:131)
	at org.junit.jupiter.engine.extension.TimeoutExtension.intercept(TimeoutExtension.java:156)
	at org.junit.jupiter.engine.extension.TimeoutExtension.interceptTestableMethod(TimeoutExtension.java:147)
	at org.junit.jupiter.engine.extension.TimeoutExtension.interceptTestMethod(TimeoutExtension.java:86)
	at org.junit.jupiter.engine.execution.InterceptingExecutableInvoker$ReflectiveInterceptorCall.lambda$ofVoidMethod$0(InterceptingExecutableInvoker.java:103)
	at org.junit.jupiter.engine.execution.InterceptingExecutableInvoker.lambda$invoke$0(InterceptingExecutableInvoker.java:93)
	at org.junit.jupiter.engine.execution.InvocationInterceptorChain$InterceptedInvocation.proceed(InvocationInterceptorChain.java:106)
	at org.junit.jupiter.engine.execution.InvocationInterceptorChain.proceed(InvocationInterceptorChain.java:64)
	at org.junit.jupiter.engine.execution.InvocationInterceptorChain.chainAndInvoke(InvocationInterceptorChain.java:45)
	at org.junit.jupiter.engine.execution.InvocationInterceptorChain.invoke(InvocationInterceptorChain.java:37)
	at org.junit.jupiter.engine.execution.InterceptingExecutableInvoker.invoke(InterceptingExecutableInvoker.java:92)
	at org.junit.jupiter.engine.execution.InterceptingExecutableInvoker.invoke(InterceptingExecutableInvoker.java:86)
	at org.junit.jupiter.engine.descriptor.TestMethodTestDescriptor.lambda$invokeTestMethod$7(TestMethodTestDescriptor.java:218)
	at org.junit.platform.engine.support.hierarchical.ThrowableCollector.execute(ThrowableCollector.java:73)
	at org.junit.jupiter.engine.descriptor.TestMethodTestDescriptor.invokeTestMethod(TestMethodTestDescriptor.java:214)
	at org.junit.jupiter.engine.descriptor.TestMethodTestDescriptor.execute(TestMethodTestDescriptor.java:139)
	at org.junit.jupiter.engine.descriptor.TestMethodTestDescriptor.execute(TestMethodTestDescriptor.java:69)
	at org.junit.platform.engine.support.hierarchical.NodeTestTask.lambda$executeRecursively$6(NodeTestTask.java:151)
	at org.junit.platform.engine.support.hierarchical.ThrowableCollector.execute(ThrowableCollector.java:73)
	at org.junit.platform.engine.support.hierarchical.NodeTestTask.lambda$executeRecursively$8(NodeTestTask.java:141)
	at org.junit.platform.engine.support.hierarchical.Node.around(Node.java:137)
	at org.junit.platform.engine.support.hierarchical.NodeTestTask.lambda$executeRecursively$9(NodeTestTask.java:139)
	at org.junit.platform.engine.support.hierarchical.ThrowableCollector.execute(ThrowableCollector.java:73)
	at org.junit.platform.engine.support.hierarchical.NodeTestTask.executeRecursively(NodeTestTask.java:138)
	at org.junit.platform.engine.support.hierarchical.NodeTestTask.execute(NodeTestTask.java:95)
	at java.base/java.util.ArrayList.forEach(ArrayList.java:1597)
	at org.junit.platform.engine.support.hierarchical.SameThreadHierarchicalTestExecutorService.invokeAll(SameThreadHierarchicalTestExecutorService.java:41)
	at org.junit.platform.engine.support.hierarchical.NodeTestTask.lambda$executeRecursively$6(NodeTestTask.java:155)
	at org.junit.platform.engine.support.hierarchical.ThrowableCollector.execute(ThrowableCollector.java:73)
	at org.junit.platform.engine.support.hierarchical.NodeTestTask.lambda$executeRecursively$8(NodeTestTask.java:141)
	at org.junit.platform.engine.support.hierarchical.Node.around(Node.java:137)
	at org.junit.platform.engine.support.hierarchical.NodeTestTask.lambda$executeRecursively$9(NodeTestTask.java:139)
	at org.junit.platform.engine.support.hierarchical.ThrowableCollector.execute(ThrowableCollector.java:73)
	at org.junit.platform.engine.support.hierarchical.NodeTestTask.executeRecursively(NodeTestTask.java:138)
	at org.junit.platform.engine.support.hierarchical.NodeTestTask.execute(NodeTestTask.java:95)
	at java.base/java.util.ArrayList.forEach(ArrayList.java:1597)
	at org.junit.platform.engine.support.hierarchical.SameThreadHierarchicalTestExecutorService.invokeAll(SameThreadHierarchicalTestExecutorService.java:41)
	at org.junit.platform.engine.support.hierarchical.NodeTestTask.lambda$executeRecursively$6(NodeTestTask.java:155)
	at org.junit.platform.engine.support.hierarchical.ThrowableCollector.execute(ThrowableCollector.java:73)
	at org.junit.platform.engine.support.hierarchical.NodeTestTask.lambda$executeRecursively$8(NodeTestTask.java:141)
	at org.junit.platform.engine.support.hierarchical.Node.around(Node.java:137)
	at org.junit.platform.engine.support.hierarchical.NodeTestTask.lambda$executeRecursively$9(NodeTestTask.java:139)
	at org.junit.platform.engine.support.hierarchical.ThrowableCollector.execute(ThrowableCollector.java:73)
	at org.junit.platform.engine.support.hierarchical.NodeTestTask.executeRecursively(NodeTestTask.java:138)
	at org.junit.platform.engine.support.hierarchical.NodeTestTask.execute(NodeTestTask.java:95)
	at org.junit.platform.engine.support.hierarchical.SameThreadHierarchicalTestExecutorService.submit(SameThreadHierarchicalTestExecutorService.java:35)
	at org.junit.platform.engine.support.hierarchical.HierarchicalTestExecutor.execute(HierarchicalTestExecutor.java:57)
	at org.junit.platform.engine.support.hierarchical.HierarchicalTestEngine.execute(HierarchicalTestEngine.java:54)
	at org.junit.platform.launcher.core.EngineExecutionOrchestrator.execute(EngineExecutionOrchestrator.java:198)
	at org.junit.platform.launcher.core.EngineExecutionOrchestrator.execute(EngineExecutionOrchestrator.java:169)
	at org.junit.platform.launcher.core.EngineExecutionOrchestrator.execute(EngineExecutionOrchestrator.java:93)
	at org.junit.platform.launcher.core.EngineExecutionOrchestrator.lambda$execute$0(EngineExecutionOrchestrator.java:58)
	at org.junit.platform.launcher.core.EngineExecutionOrchestrator.withInterceptedStreams(EngineExecutionOrchestrator.java:141)
	at org.junit.platform.launcher.core.EngineExecutionOrchestrator.execute(EngineExecutionOrchestrator.java:57)
	at org.junit.platform.launcher.core.DefaultLauncher.execute(DefaultLauncher.java:103)
	at org.junit.platform.launcher.core.DefaultLauncher.execute(DefaultLauncher.java:85)
	at org.junit.platform.launcher.core.DelegatingLauncher.execute(DelegatingLauncher.java:47)
	at org.apache.maven.surefire.junitplatform.LazyLauncher.execute(LazyLauncher.java:56)
	at org.apache.maven.surefire.junitplatform.JUnitPlatformProvider.execute(JUnitPlatformProvider.java:184)
	at org.apache.maven.surefire.junitplatform.JUnitPlatformProvider.invokeAllTests(JUnitPlatformProvider.java:148)
	at org.apache.maven.surefire.junitplatform.JUnitPlatformProvider.invoke(JUnitPlatformProvider.java:122)
	at org.apache.maven.surefire.booter.ForkedBooter.runSuitesInProcess(ForkedBooter.java:385)
	at org.apache.maven.surefire.booter.ForkedBooter.execute(ForkedBooter.java:162)
	at org.apache.maven.surefire.booter.ForkedBooter.run(ForkedBooter.java:507)
	at org.apache.maven.surefire.booter.ForkedBooter.main(ForkedBooter.java:495)

[ERRO] 2026-01-09 18:51:47.176 - Erro-58
  Exceção: java.lang.RuntimeException: Erro 58
java.lang.RuntimeException: Erro 58
	at testes.ErrorLoggerTest.testeLogNaoCresceIndefinidamente(ErrorLoggerTest.java:398)
	at java.base/jdk.internal.reflect.DirectMethodHandleAccessor.invoke(DirectMethodHandleAccessor.java:103)
	at java.base/java.lang.reflect.Method.invoke(Method.java:580)
	at org.junit.platform.commons.util.ReflectionUtils.invokeMethod(ReflectionUtils.java:728)
	at org.junit.jupiter.engine.execution.MethodInvocation.proceed(MethodInvocation.java:60)
	at org.junit.jupiter.engine.execution.InvocationInterceptorChain$ValidatingInvocation.proceed(InvocationInterceptorChain.java:131)
	at org.junit.jupiter.engine.extension.TimeoutExtension.intercept(TimeoutExtension.java:156)
	at org.junit.jupiter.engine.extension.TimeoutExtension.interceptTestableMethod(TimeoutExtension.java:147)
	at org.junit.jupiter.engine.extension.TimeoutExtension.interceptTestMethod(TimeoutExtension.java:86)
	at org.junit.jupiter.engine.execution.InterceptingExecutableInvoker$ReflectiveInterceptorCall.lambda$ofVoidMethod$0(InterceptingExecutableInvoker.java:103)
	at org.junit.jupiter.engine.execution.InterceptingExecutableInvoker.lambda$invoke$0(InterceptingExecutableInvoker.java:93)
	at org.junit.jupiter.engine.execution.InvocationInterceptorChain$InterceptedInvocation.proceed(InvocationInterceptorChain.java:106)
	at org.junit.jupiter.engine.execution.InvocationInterceptorChain.proceed(InvocationInterceptorChain.java:64)
	at org.junit.jupiter.engine.execution.InvocationInterceptorChain.chainAndInvoke(InvocationInterceptorChain.java:45)
	at org.junit.jupiter.engine.execution.InvocationInterceptorChain.invoke(InvocationInterceptorChain.java:37)
	at org.junit.jupiter.engine.execution.InterceptingExecutableInvoker.invoke(InterceptingExecutableInvoker.java:92)
	at org.junit.jupiter.engine.execution.InterceptingExecutableInvoker.invoke(InterceptingExecutableInvoker.java:86)
	at org.junit.jupiter.engine.descriptor.TestMethodTestDescriptor.lambda$invokeTestMethod$7(TestMethodTestDescriptor.java:218)
	at org.junit.platform.engine.support.hierarchical.ThrowableCollector.execute(ThrowableCollector.java:73)
	at org.junit.jupiter.engine.descriptor.TestMethodTestDescriptor.invokeTestMethod(TestMethodTestDescriptor.java:214)
	at org.junit.jupiter.engine.descriptor.TestMethodTestDescriptor.execute(TestMethodTestDescriptor.java:139)
	at org.junit.jupiter.engine.descriptor.TestMethodTestDescriptor.execute(TestMethodTestDescriptor.java:69)
	at org.junit.platform.engine.support.hierarchical.NodeTestTask.lambda$executeRecursively$6(NodeTestTask.java:151)
	at org.junit.platform.engine.support.hierarchical.ThrowableCollector.execute(ThrowableCollector.java:73)
	at org.junit.platform.engine.support.hierarchical.NodeTestTask.lambda$executeRecursively$8(NodeTestTask.java:141)
	at org.junit.platform.engine.support.hierarchical.Node.around(Node.java:137)
	at org.junit.platform.engine.support.hierarchical.NodeTestTask.lambda$executeRecursively$9(NodeTestTask.java:139)
	at org.junit.platform.engine.support.hierarchical.ThrowableCollector.execute(ThrowableCollector.java:73)
	at org.junit.platform.engine.support.hierarchical.NodeTestTask.executeRecursively(NodeTestTask.java:138)
	at org.junit.platform.engine.support.hierarchical.NodeTestTask.execute(NodeTestTask.java:95)
	at java.base/java.util.ArrayList.forEach(ArrayList.java:1597)
	at org.junit.platform.engine.support.hierarchical.SameThreadHierarchicalTestExecutorService.invokeAll(SameThreadHierarchicalTestExecutorService.java:41)
	at org.junit.platform.engine.support.hierarchical.NodeTestTask.lambda$executeRecursively$6(NodeTestTask.java:155)
	at org.junit.platform.engine.support.hierarchical.ThrowableCollector.execute(ThrowableCollector.java:73)
	at org.junit.platform.engine.support.hierarchical.NodeTestTask.lambda$executeRecursively$8(NodeTestTask.java:141)
	at org.junit.platform.engine.support.hierarchical.Node.around(Node.java:137)
	at org.junit.platform.engine.support.hierarchical.NodeTestTask.lambda$executeRecursively$9(NodeTestTask.java:139)
	at org.junit.platform.engine.support.hierarchical.ThrowableCollector.execute(ThrowableCollector.java:73)
	at org.junit.platform.engine.support.hierarchical.NodeTestTask.executeRecursively(NodeTestTask.java:138)
	at org.junit.platform.engine.support.hierarchical.NodeTestTask.execute(NodeTestTask.java:95)
	at java.base/java.util.ArrayList.forEach(ArrayList.java:1597)
	at org.junit.platform.engine.support.hierarchical.SameThreadHierarchicalTestExecutorService.invokeAll(SameThreadHierarchicalTestExecutorService.java:41)
	at org.junit.platform.engine.support.hierarchical.NodeTestTask.lambda$executeRecursively$6(NodeTestTask.java:155)
	at org.junit.platform.engine.support.hierarchical.ThrowableCollector.execute(ThrowableCollector.java:73)
	at org.junit.platform.engine.support.hierarchical.NodeTestTask.lambda$executeRecursively$8(NodeTestTask.java:141)
	at org.junit.platform.engine.support.hierarchical.Node.around(Node.java:137)
	at org.junit.platform.engine.support.hierarchical.NodeTestTask.lambda$executeRecursively$9(NodeTestTask.java:139)
	at org.junit.platform.engine.support.hierarchical.ThrowableCollector.execute(ThrowableCollector.java:73)
	at org.junit.platform.engine.support.hierarchical.NodeTestTask.executeRecursively(NodeTestTask.java:138)
	at org.junit.platform.engine.support.hierarchical.NodeTestTask.execute(NodeTestTask.java:95)
	at org.junit.platform.engine.support.hierarchical.SameThreadHierarchicalTestExecutorService.submit(SameThreadHierarchicalTestExecutorService.java:35)
	at org.junit.platform.engine.support.hierarchical.HierarchicalTestExecutor.execute(HierarchicalTestExecutor.java:57)
	at org.junit.platform.engine.support.hierarchical.HierarchicalTestEngine.execute(HierarchicalTestEngine.java:54)
	at org.junit.platform.launcher.core.EngineExecutionOrchestrator.execute(EngineExecutionOrchestrator.java:198)
	at org.junit.platform.launcher.core.EngineExecutionOrchestrator.execute(EngineExecutionOrchestrator.java:169)
	at org.junit.platform.launcher.core.EngineExecutionOrchestrator.execute(EngineExecutionOrchestrator.java:93)
	at org.junit.platform.launcher.core.EngineExecutionOrchestrator.lambda$execute$0(EngineExecutionOrchestrator.java:58)
	at org.junit.platform.launcher.core.EngineExecutionOrchestrator.withInterceptedStreams(EngineExecutionOrchestrator.java:141)
	at org.junit.platform.launcher.core.EngineExecutionOrchestrator.execute(EngineExecutionOrchestrator.java:57)
	at org.junit.platform.launcher.core.DefaultLauncher.execute(DefaultLauncher.java:103)
	at org.junit.platform.launcher.core.DefaultLauncher.execute(DefaultLauncher.java:85)
	at org.junit.platform.launcher.core.DelegatingLauncher.execute(DelegatingLauncher.java:47)
	at org.apache.maven.surefire.junitplatform.LazyLauncher.execute(LazyLauncher.java:56)
	at org.apache.maven.surefire.junitplatform.JUnitPlatformProvider.execute(JUnitPlatformProvider.java:184)
	at org.apache.maven.surefire.junitplatform.JUnitPlatformProvider.invokeAllTests(JUnitPlatformProvider.java:148)
	at org.apache.maven.surefire.junitplatform.JUnitPlatformProvider.invoke(JUnitPlatformProvider.java:122)
	at org.apache.maven.surefire.booter.ForkedBooter.runSuitesInProcess(ForkedBooter.java:385)
	at org.apache.maven.surefire.booter.ForkedBooter.execute(ForkedBooter.java:162)
	at org.apache.maven.surefire.booter.ForkedBooter.run(ForkedBooter.java:507)
	at org.apache.maven.surefire.booter.ForkedBooter.main(ForkedBooter.java:495)

[ERRO] 2026-01-09 18:51:47.177 - Erro-59
  Exceção: java.lang.RuntimeException: Erro 59
java.lang.RuntimeException: Erro 59
	at testes.ErrorLoggerTest.testeLogNaoCresceIndefinidamente(ErrorLoggerTest.java:398)
	at java.base/jdk.internal.reflect.DirectMethodHandleAccessor.invoke(DirectMethodHandleAccessor.java:103)
	at java.base/java.lang.reflect.Method.invoke(Method.java:580)
	at org.junit.platform.commons.util.ReflectionUtils.invokeMethod(ReflectionUtils.java:728)
	at org.junit.jupiter.engine.execution.MethodInvocation.proceed(MethodInvocation.java:60)
	at org.junit.jupiter.engine.execution.InvocationInterceptorChain$ValidatingInvocation.proceed(InvocationInterceptorChain.java:131)
	at org.junit.jupiter.engine.extension.TimeoutExtension.intercept(TimeoutExtension.java:156)
	at org.junit.jupiter.engine.extension.TimeoutExtension.interceptTestableMethod(TimeoutExtension.java:147)
	at org.junit.jupiter.engine.extension.TimeoutExtension.interceptTestMethod(TimeoutExtension.java:86)
	at org.junit.jupiter.engine.execution.InterceptingExecutableInvoker$ReflectiveInterceptorCall.lambda$ofVoidMethod$0(InterceptingExecutableInvoker.java:103)
	at org.junit.jupiter.engine.execution.InterceptingExecutableInvoker.lambda$invoke$0(InterceptingExecutableInvoker.java:93)
	at org.junit.jupiter.engine.execution.InvocationInterceptorChain$InterceptedInvocation.proceed(InvocationInterceptorChain.java:106)
	at org.junit.jupiter.engine.execution.InvocationInterceptorChain.proceed(InvocationInterceptorChain.java:64)
	at org.junit.jupiter.engine.execution.InvocationInterceptorChain.chainAndInvoke(InvocationInterceptorChain.java:45)
	at org.junit.jupiter.engine.execution.InvocationInterceptorChain.invoke(InvocationInterceptorChain.java:37)
	at org.junit.jupiter.engine.execution.InterceptingExecutableInvoker.invoke(InterceptingExecutableInvoker.java:92)
	at org.junit.jupiter.engine.execution.InterceptingExecutableInvoker.invoke(InterceptingExecutableInvoker.java:86)
	at org.junit.jupiter.engine.descriptor.TestMethodTestDescriptor.lambda$invokeTestMethod$7(TestMethodTestDescriptor.java:218)
	at org.junit.platform.engine.support.hierarchical.ThrowableCollector.execute(ThrowableCollector.java:73)
	at org.junit.jupiter.engine.descriptor.TestMethodTestDescriptor.invokeTestMethod(TestMethodTestDescriptor.java:214)
	at org.junit.jupiter.engine.descriptor.TestMethodTestDescriptor.execute(TestMethodTestDescriptor.java:139)
	at org.junit.jupiter.engine.descriptor.TestMethodTestDescriptor.execute(TestMethodTestDescriptor.java:69)
	at org.junit.platform.engine.support.hierarchical.NodeTestTask.lambda$executeRecursively$6(NodeTestTask.java:151)
	at org.junit.platform.engine.support.hierarchical.ThrowableCollector.execute(ThrowableCollector.java:73)
	at org.junit.platform.engine.support.hierarchical.NodeTestTask.lambda$executeRecursively$8(NodeTestTask.java:141)
	at org.junit.platform.engine.support.hierarchical.Node.around(Node.java:137)
	at org.junit.platform.engine.support.hierarchical.NodeTestTask.lambda$executeRecursively$9(NodeTestTask.java:139)
	at org.junit.platform.engine.support.hierarchical.ThrowableCollector.execute(ThrowableCollector.java:73)
	at org.junit.platform.engine.support.hierarchical.NodeTestTask.executeRecursively(NodeTestTask.java:138)
	at org.junit.platform.engine.support.hierarchical.NodeTestTask.execute(NodeTestTask.java:95)
	at java.base/java.util.ArrayList.forEach(ArrayList.java:1597)
	at org.junit.platform.engine.support.hierarchical.SameThreadHierarchicalTestExecutorService.invokeAll(SameThreadHierarchicalTestExecutorService.java:41)
	at org.junit.platform.engine.support.hierarchical.NodeTestTask.lambda$executeRecursively$6(NodeTestTask.java:155)
	at org.junit.platform.engine.support.hierarchical.ThrowableCollector.execute(ThrowableCollector.java:73)
	at org.junit.platform.engine.support.hierarchical.NodeTestTask.lambda$executeRecursively$8(NodeTestTask.java:141)
	at org.junit.platform.engine.support.hierarchical.Node.around(Node.java:137)
	at org.junit.platform.engine.support.hierarchical.NodeTestTask.lambda$executeRecursively$9(NodeTestTask.java:139)
	at org.junit.platform.engine.support.hierarchical.ThrowableCollector.execute(ThrowableCollector.java:73)
	at org.junit.platform.engine.support.hierarchical.NodeTestTask.executeRecursively(NodeTestTask.java:138)
	at org.junit.platform.engine.support.hierarchical.NodeTestTask.execute(NodeTestTask.java:95)
	at java.base/java.util.ArrayList.forEach(ArrayList.java:1597)
	at org.junit.platform.engine.support.hierarchical.SameThreadHierarchicalTestExecutorService.invokeAll(SameThreadHierarchicalTestExecutorService.java:41)
	at org.junit.platform.engine.support.hierarchical.NodeTestTask.lambda$executeRecursively$6(NodeTestTask.java:155)
	at org.junit.platform.engine.support.hierarchical.ThrowableCollector.execute(ThrowableCollector.java:73)
	at org.junit.platform.engine.support.hierarchical.NodeTestTask.lambda$executeRecursively$8(NodeTestTask.java:141)
	at org.junit.platform.engine.support.hierarchical.Node.around(Node.java:137)
	at org.junit.platform.engine.support.hierarchical.NodeTestTask.lambda$executeRecursively$9(NodeTestTask.java:139)
	at org.junit.platform.engine.support.hierarchical.ThrowableCollector.execute(ThrowableCollector.java:73)
	at org.junit.platform.engine.support.hierarchical.NodeTestTask.executeRecursively(NodeTestTask.java:138)
	at org.junit.platform.engine.support.hierarchical.NodeTestTask.execute(NodeTestTask.java:95)
	at org.junit.platform.engine.support.hierarchical.SameThreadHierarchicalTestExecutorService.submit(SameThreadHierarchicalTestExecutorService.java:35)
	at org.junit.platform.engine.support.hierarchical.HierarchicalTestExecutor.execute(HierarchicalTestExecutor.java:57)
	at org.junit.platform.engine.support.hierarchical.HierarchicalTestEngine.execute(HierarchicalTestEngine.java:54)
	at org.junit.platform.launcher.core.EngineExecutionOrchestrator.execute(EngineExecutionOrchestrator.java:198)
	at org.junit.platform.launcher.core.EngineExecutionOrchestrator.execute(EngineExecutionOrchestrator.java:169)
	at org.junit.platform.launcher.core.EngineExecutionOrchestrator.execute(EngineExecutionOrchestrator.java:93)
	at org.junit.platform.launcher.core.EngineExecutionOrchestrator.lambda$execute$0(EngineExecutionOrchestrator.java:58)
	at org.junit.platform.launcher.core.EngineExecutionOrchestrator.withInterceptedStreams(EngineExecutionOrchestrator.java:141)
	at org.junit.platform.launcher.core.EngineExecutionOrchestrator.execute(EngineExecutionOrchestrator.java:57)
	at org.junit.platform.launcher.core.DefaultLauncher.execute(DefaultLauncher.java:103)
	at org.junit.platform.launcher.core.DefaultLauncher.execute(DefaultLauncher.java:85)
	at org.junit.platform.launcher.core.DelegatingLauncher.execute(DelegatingLauncher.java:47)
	at org.apache.maven.surefire.junitplatform.LazyLauncher.execute(LazyLauncher.java:56)
	at org.apache.maven.surefire.junitplatform.JUnitPlatformProvider.execute(JUnitPlatformProvider.java:184)
	at org.apache.maven.surefire.junitplatform.JUnitPlatformProvider.invokeAllTests(JUnitPlatformProvider.java:148)
	at org.apache.maven.surefire.junitplatform.JUnitPlatformProvider.invoke(JUnitPlatformProvider.java:122)
	at org.apache.maven.surefire.booter.ForkedBooter.runSuitesInProcess(ForkedBooter.java:385)
	at org.apache.maven.surefire.booter.ForkedBooter.execute(ForkedBooter.java:162)
	at org.apache.maven.surefire.booter.ForkedBooter.run(ForkedBooter.java:507)
	at org.apache.maven.surefire.booter.ForkedBooter.main(ForkedBooter.java:495)

[ERRO] 2026-01-09 18:51:47.177 - Erro-60
  Exceção: java.lang.RuntimeException: Erro 60
java.lang.RuntimeException: Erro 60
	at testes.ErrorLoggerTest.testeLogNaoCresceIndefinidamente(ErrorLoggerTest.java:398)
	at java.base/jdk.internal.reflect.DirectMethodHandleAccessor.invoke(DirectMethodHandleAccessor.java:103)
	at java.base/java.lang.reflect.Method.invoke(Method.java:580)
	at org.junit.platform.commons.util.ReflectionUtils.invokeMethod(ReflectionUtils.java:728)
	at org.junit.jupiter.engine.execution.MethodInvocation.proceed(MethodInvocation.java:60)
	at org.junit.jupiter.engine.execution.InvocationInterceptorChain$ValidatingInvocation.proceed(InvocationInterceptorChain.java:131)
	at org.junit.jupiter.engine.extension.TimeoutExtension.intercept(TimeoutExtension.java:156)
	at org.junit.jupiter.engine.extension.TimeoutExtension.interceptTestableMethod(TimeoutExtension.java:147)
	at org.junit.jupiter.engine.extension.TimeoutExtension.interceptTestMethod(TimeoutExtension.java:86)
	at org.junit.jupiter.engine.execution.InterceptingExecutableInvoker$ReflectiveInterceptorCall.lambda$ofVoidMethod$0(InterceptingExecutableInvoker.java:103)
	at org.junit.jupiter.engine.execution.InterceptingExecutableInvoker.lambda$invoke$0(InterceptingExecutableInvoker.java:93)
	at org.junit.jupiter.engine.execution.InvocationInterceptorChain$InterceptedInvocation.proceed(InvocationInterceptorChain.java:106)
	at org.junit.jupiter.engine.execution.InvocationInterceptorChain.proceed(InvocationInterceptorChain.java:64)
	at org.junit.jupiter.engine.execution.InvocationInterceptorChain.chainAndInvoke(InvocationInterceptorChain.java:45)
	at org.junit.jupiter.engine.execution.InvocationInterceptorChain.invoke(InvocationInterceptorChain.java:37)
	at org.junit.jupiter.engine.execution.InterceptingExecutableInvoker.invoke(InterceptingExecutableInvoker.java:92)
	at org.junit.jupiter.engine.execution.InterceptingExecutableInvoker.invoke(InterceptingExecutableInvoker.java:86)
	at org.junit.jupiter.engine.descriptor.TestMethodTestDescriptor.lambda$invokeTestMethod$7(TestMethodTestDescriptor.java:218)
	at org.junit.platform.engine.support.hierarchical.ThrowableCollector.execute(ThrowableCollector.java:73)
	at org.junit.jupiter.engine.descriptor.TestMethodTestDescriptor.invokeTestMethod(TestMethodTestDescriptor.java:214)
	at org.junit.jupiter.engine.descriptor.TestMethodTestDescriptor.execute(TestMethodTestDescriptor.java:139)
	at org.junit.jupiter.engine.descriptor.TestMethodTestDescriptor.execute(TestMethodTestDescriptor.java:69)
	at org.junit.platform.engine.support.hierarchical.NodeTestTask.lambda$executeRecursively$6(NodeTestTask.java:151)
	at org.junit.platform.engine.support.hierarchical.ThrowableCollector.execute(ThrowableCollector.java:73)
	at org.junit.platform.engine.support.hierarchical.NodeTestTask.lambda$executeRecursively$8(NodeTestTask.java:141)
	at org.junit.platform.engine.support.hierarchical.Node.around(Node.java:137)
	at org.junit.platform.engine.support.hierarchical.NodeTestTask.lambda$executeRecursively$9(NodeTestTask.java:139)
	at org.junit.platform.engine.support.hierarchical.ThrowableCollector.execute(ThrowableCollector.java:73)
	at org.junit.platform.engine.support.hierarchical.NodeTestTask.executeRecursively(NodeTestTask.java:138)
	at org.junit.platform.engine.support.hierarchical.NodeTestTask.execute(NodeTestTask.java:95)
	at java.base/java.util.ArrayList.forEach(ArrayList.java:1597)
	at org.junit.platform.engine.support.hierarchical.SameThreadHierarchicalTestExecutorService.invokeAll(SameThreadHierarchicalTestExecutorService.java:41)
	at org.junit.platform.engine.support.hierarchical.NodeTestTask.lambda$executeRecursively$6(NodeTestTask.java:155)
	at org.junit.platform.engine.support.hierarchical.ThrowableCollector.execute(ThrowableCollector.java:73)
	at org.junit.platform.engine.support.hierarchical.NodeTestTask.lambda$executeRecursively$8(NodeTestTask.java:141)
	at org.junit.platform.engine.support.hierarchical.Node.around(Node.java:137)
	at org.junit.platform.engine.support.hierarchical.NodeTestTask.lambda$executeRecursively$9(NodeTestTask.java:139)
	at org.junit.platform.engine.support.hierarchical.ThrowableCollector.execute(ThrowableCollector.java:73)
	at org.junit.platform.engine.support.hierarchical.NodeTestTask.executeRecursively(NodeTestTask.java:138)
	at org.junit.platform.engine.support.hierarchical.NodeTestTask.execute(NodeTestTask.java:95)
	at java.base/java.util.ArrayList.forEach(ArrayList.java:1597)
	at org.junit.platform.engine.support.hierarchical.SameThreadHierarchicalTestExecutorService.invokeAll(SameThreadHierarchicalTestExecutorService.java:41)
	at org.junit.platform.engine.support.hierarchical.NodeTestTask.lambda$executeRecursively$6(NodeTestTask.java:155)
	at org.junit.platform.engine.support.hierarchical.ThrowableCollector.execute(ThrowableCollector.java:73)
	at org.junit.platform.engine.support.hierarchical.NodeTestTask.lambda$executeRecursively$8(NodeTestTask.java:141)
	at org.junit.platform.engine.support.hierarchical.Node.around(Node.java:137)
	at org.junit.platform.engine.support.hierarchical.NodeTestTask.lambda$executeRecursively$9(NodeTestTask.java:139)
	at org.junit.platform.engine.support.hierarchical.ThrowableCollector.execute(ThrowableCollector.java:73)
	at org.junit.platform.engine.support.hierarchical.NodeTestTask.executeRecursively(NodeTestTask.java:138)
	at org.junit.platform.engine.support.hierarchical.NodeTestTask.execute(NodeTestTask.java:95)
	at org.junit.platform.engine.support.hierarchical.SameThreadHierarchicalTestExecutorService.submit(SameThreadHierarchicalTestExecutorService.java:35)
	at org.junit.platform.engine.support.hierarchical.HierarchicalTestExecutor.execute(HierarchicalTestExecutor.java:57)
	at org.junit.platform.engine.support.hierarchical.HierarchicalTestEngine.execute(HierarchicalTestEngine.java:54)
	at org.junit.platform.launcher.core.EngineExecutionOrchestrator.execute(EngineExecutionOrchestrator.java:198)
	at org.junit.platform.launcher.core.EngineExecutionOrchestrator.execute(EngineExecutionOrchestrator.java:169)
	at org.junit.platform.launcher.core.EngineExecutionOrchestrator.execute(EngineExecutionOrchestrator.java:93)
	at org.junit.platform.launcher.core.EngineExecutionOrchestrator.lambda$execute$0(EngineExecutionOrchestrator.java:58)
	at org.junit.platform.launcher.core.EngineExecutionOrchestrator.withInterceptedStreams(EngineExecutionOrchestrator.java:141)
	at org.junit.platform.launcher.core.EngineExecutionOrchestrator.execute(EngineExecutionOrchestrator.java:57)
	at org.junit.platform.launcher.core.DefaultLauncher.execute(DefaultLauncher.java:103)
	at org.junit.platform.launcher.core.DefaultLauncher.execute(DefaultLauncher.java:85)
	at org.junit.platform.launcher.core.DelegatingLauncher.execute(DelegatingLauncher.java:47)
	at org.apache.maven.surefire.junitplatform.LazyLauncher.execute(LazyLauncher.java:56)
	at org.apache.maven.surefire.junitplatform.JUnitPlatformProvider.execute(JUnitPlatformProvider.java:184)
	at org.apache.maven.surefire.junitplatform.JUnitPlatformProvider.invokeAllTests(JUnitPlatformProvider.java:148)
	at org.apache.maven.surefire.junitplatform.JUnitPlatformProvider.invoke(JUnitPlatformProvider.java:122)
	at org.apache.maven.surefire.booter.ForkedBooter.runSuitesInProcess(ForkedBooter.java:385)
	at org.apache.maven.surefire.booter.ForkedBooter.execute(ForkedBooter.java:162)
	at org.apache.maven.surefire.booter.ForkedBooter.run(ForkedBooter.java:507)
	at org.apache.maven.surefire.booter.ForkedBooter.main(ForkedBooter.java:495)

[ERRO] 2026-01-09 18:51:47.177 - Erro-61
  Exceção: java.lang.RuntimeException: Erro 61
java.lang.RuntimeException: Erro 61
	at testes.ErrorLoggerTest.testeLogNaoCresceIndefinidamente(ErrorLoggerTest.java:398)
	at java.base/jdk.internal.reflect.DirectMethodHandleAccessor.invoke(DirectMethodHandleAccessor.java:103)
	at java.base/java.lang.reflect.Method.invoke(Method.java:580)
	at org.junit.platform.commons.util.ReflectionUtils.invokeMethod(ReflectionUtils.java:728)
	at org.junit.jupiter.engine.execution.MethodInvocation.proceed(MethodInvocation.java:60)
	at org.junit.jupiter.engine.execution.InvocationInterceptorChain$ValidatingInvocation.proceed(InvocationInterceptorChain.java:131)
	at org.junit.jupiter.engine.extension.TimeoutExtension.intercept(TimeoutExtension.java:156)
	at org.junit.jupiter.engine.extension.TimeoutExtension.interceptTestableMethod(TimeoutExtension.java:147)
	at org.junit.jupiter.engine.extension.TimeoutExtension.interceptTestMethod(TimeoutExtension.java:86)
	at org.junit.jupiter.engine.execution.InterceptingExecutableInvoker$ReflectiveInterceptorCall.lambda$ofVoidMethod$0(InterceptingExecutableInvoker.java:103)
	at org.junit.jupiter.engine.execution.InterceptingExecutableInvoker.lambda$invoke$0(InterceptingExecutableInvoker.java:93)
	at org.junit.jupiter.engine.execution.InvocationInterceptorChain$InterceptedInvocation.proceed(InvocationInterceptorChain.java:106)
	at org.junit.jupiter.engine.execution.InvocationInterceptorChain.proceed(InvocationInterceptorChain.java:64)
	at org.junit.jupiter.engine.execution.InvocationInterceptorChain.chainAndInvoke(InvocationInterceptorChain.java:45)
	at org.junit.jupiter.engine.execution.InvocationInterceptorChain.invoke(InvocationInterceptorChain.java:37)
	at org.junit.jupiter.engine.execution.InterceptingExecutableInvoker.invoke(InterceptingExecutableInvoker.java:92)
	at org.junit.jupiter.engine.execution.InterceptingExecutableInvoker.invoke(InterceptingExecutableInvoker.java:86)
	at org.junit.jupiter.engine.descriptor.TestMethodTestDescriptor.lambda$invokeTestMethod$7(TestMethodTestDescriptor.java:218)
	at org.junit.platform.engine.support.hierarchical.ThrowableCollector.execute(ThrowableCollector.java:73)
	at org.junit.jupiter.engine.descriptor.TestMethodTestDescriptor.invokeTestMethod(TestMethodTestDescriptor.java:214)
	at org.junit.jupiter.engine.descriptor.TestMethodTestDescriptor.execute(TestMethodTestDescriptor.java:139)
	at org.junit.jupiter.engine.descriptor.TestMethodTestDescriptor.execute(TestMethodTestDescriptor.java:69)
	at org.junit.platform.engine.support.hierarchical.NodeTestTask.lambda$executeRecursively$6(NodeTestTask.java:151)
	at org.junit.platform.engine.support.hierarchical.ThrowableCollector.execute(ThrowableCollector.java:73)
	at org.junit.platform.engine.support.hierarchical.NodeTestTask.lambda$executeRecursively$8(NodeTestTask.java:141)
	at org.junit.platform.engine.support.hierarchical.Node.around(Node.java:137)
	at org.junit.platform.engine.support.hierarchical.NodeTestTask.lambda$executeRecursively$9(NodeTestTask.java:139)
	at org.junit.platform.engine.support.hierarchical.ThrowableCollector.execute(ThrowableCollector.java:73)
	at org.junit.platform.engine.support.hierarchical.NodeTestTask.executeRecursively(NodeTestTask.java:138)
	at org.junit.platform.engine.support.hierarchical.NodeTestTask.execute(NodeTestTask.java:95)
	at java.base/java.util.ArrayList.forEach(ArrayList.java:1597)
	at org.junit.platform.engine.support.hierarchical.SameThreadHierarchicalTestExecutorService.invokeAll(SameThreadHierarchicalTestExecutorService.java:41)
	at org.junit.platform.engine.support.hierarchical.NodeTestTask.lambda$executeRecursively$6(NodeTestTask.java:155)
	at org.junit.platform.engine.support.hierarchical.ThrowableCollector.execute(ThrowableCollector.java:73)
	at org.junit.platform.engine.support.hierarchical.NodeTestTask.lambda$executeRecursively$8(NodeTestTask.java:141)
	at org.junit.platform.engine.support.hierarchical.Node.around(Node.java:137)
	at org.junit.platform.engine.support.hierarchical.NodeTestTask.lambda$executeRecursively$9(NodeTestTask.java:139)
	at org.junit.platform.engine.support.hierarchical.ThrowableCollector.execute(ThrowableCollector.java:73)
	at org.junit.platform.engine.support.hierarchical.NodeTestTask.executeRecursively(NodeTestTask.java:138)
	at org.junit.platform.engine.support.hierarchical.NodeTestTask.execute(NodeTestTask.java:95)
	at java.base/java.util.ArrayList.forEach(ArrayList.java:1597)
	at org.junit.platform.engine.support.hierarchical.SameThreadHierarchicalTestExecutorService.invokeAll(SameThreadHierarchicalTestExecutorService.java:41)
	at org.junit.platform.engine.support.hierarchical.NodeTestTask.lambda$executeRecursively$6(NodeTestTask.java:155)
	at org.junit.platform.engine.support.hierarchical.ThrowableCollector.execute(ThrowableCollector.java:73)
	at org.junit.platform.engine.support.hierarchical.NodeTestTask.lambda$executeRecursively$8(NodeTestTask.java:141)
	at org.junit.platform.engine.support.hierarchical.Node.around(Node.java:137)
	at org.junit.platform.engine.support.hierarchical.NodeTestTask.lambda$executeRecursively$9(NodeTestTask.java:139)
	at org.junit.platform.engine.support.hierarchical.ThrowableCollector.execute(ThrowableCollector.java:73)
	at org.junit.platform.engine.support.hierarchical.NodeTestTask.executeRecursively(NodeTestTask.java:138)
	at org.junit.platform.engine.support.hierarchical.NodeTestTask.execute(NodeTestTask.java:95)
	at org.junit.platform.engine.support.hierarchical.SameThreadHierarchicalTestExecutorService.submit(SameThreadHierarchicalTestExecutorService.java:35)
	at org.junit.platform.engine.support.hierarchical.HierarchicalTestExecutor.execute(HierarchicalTestExecutor.java:57)
	at org.junit.platform.engine.support.hierarchical.HierarchicalTestEngine.execute(HierarchicalTestEngine.java:54)
	at org.junit.platform.launcher.core.EngineExecutionOrchestrator.execute(EngineExecutionOrchestrator.java:198)
	at org.junit.platform.launcher.core.EngineExecutionOrchestrator.execute(EngineExecutionOrchestrator.java:169)
	at org.junit.platform.launcher.core.EngineExecutionOrchestrator.execute(EngineExecutionOrchestrator.java:93)
	at org.junit.platform.launcher.core.EngineExecutionOrchestrator.lambda$execute$0(EngineExecutionOrchestrator.java:58)
	at org.junit.platform.launcher.core.EngineExecutionOrchestrator.withInterceptedStreams(EngineExecutionOrchestrator.java:141)
	at org.junit.platform.launcher.core.EngineExecutionOrchestrator.execute(EngineExecutionOrchestrator.java:57)
	at org.junit.platform.launcher.core.DefaultLauncher.execute(DefaultLauncher.java:103)
	at org.junit.platform.launcher.core.DefaultLauncher.execute(DefaultLauncher.java:85)
	at org.junit.platform.launcher.core.DelegatingLauncher.execute(DelegatingLauncher.java:47)
	at org.apache.maven.surefire.junitplatform.LazyLauncher.execute(LazyLauncher.java:56)
	at org.apache.maven.surefire.junitplatform.JUnitPlatformProvider.execute(JUnitPlatformProvider.java:184)
	at org.apache.maven.surefire.junitplatform.JUnitPlatformProvider.invokeAllTests(JUnitPlatformProvider.java:148)
	at org.apache.maven.surefire.junitplatform.JUnitPlatformProvider.invoke(JUnitPlatformProvider.java:122)
	at org.apache.maven.surefire.booter.ForkedBooter.runSuitesInProcess(ForkedBooter.java:385)
	at org.apache.maven.surefire.booter.ForkedBooter.execute(ForkedBooter.java:162)
	at org.apache.maven.surefire.booter.ForkedBooter.run(ForkedBooter.java:507)
	at org.apache.maven.surefire.booter.ForkedBooter.main(ForkedBooter.java:495)

[ERRO] 2026-01-09 18:51:47.177 - Erro-62
  Exceção: java.lang.RuntimeException: Erro 62
java.lang.RuntimeException: Erro 62
	at testes.ErrorLoggerTest.testeLogNaoCresceIndefinidamente(ErrorLoggerTest.java:398)
	at java.base/jdk.internal.reflect.DirectMethodHandleAccessor.invoke(DirectMethodHandleAccessor.java:103)
	at java.base/java.lang.reflect.Method.invoke(Method.java:580)
	at org.junit.platform.commons.util.ReflectionUtils.invokeMethod(ReflectionUtils.java:728)
	at org.junit.jupiter.engine.execution.MethodInvocation.proceed(MethodInvocation.java:60)
	at org.junit.jupiter.engine.execution.InvocationInterceptorChain$ValidatingInvocation.proceed(InvocationInterceptorChain.java:131)
	at org.junit.jupiter.engine.extension.TimeoutExtension.intercept(TimeoutExtension.java:156)
	at org.junit.jupiter.engine.extension.TimeoutExtension.interceptTestableMethod(TimeoutExtension.java:147)
	at org.junit.jupiter.engine.extension.TimeoutExtension.interceptTestMethod(TimeoutExtension.java:86)
	at org.junit.jupiter.engine.execution.InterceptingExecutableInvoker$ReflectiveInterceptorCall.lambda$ofVoidMethod$0(InterceptingExecutableInvoker.java:103)
	at org.junit.jupiter.engine.execution.InterceptingExecutableInvoker.lambda$invoke$0(InterceptingExecutableInvoker.java:93)
	at org.junit.jupiter.engine.execution.InvocationInterceptorChain$InterceptedInvocation.proceed(InvocationInterceptorChain.java:106)
	at org.junit.jupiter.engine.execution.InvocationInterceptorChain.proceed(InvocationInterceptorChain.java:64)
	at org.junit.jupiter.engine.execution.InvocationInterceptorChain.chainAndInvoke(InvocationInterceptorChain.java:45)
	at org.junit.jupiter.engine.execution.InvocationInterceptorChain.invoke(InvocationInterceptorChain.java:37)
	at org.junit.jupiter.engine.execution.InterceptingExecutableInvoker.invoke(InterceptingExecutableInvoker.java:92)
	at org.junit.jupiter.engine.execution.InterceptingExecutableInvoker.invoke(InterceptingExecutableInvoker.java:86)
	at org.junit.jupiter.engine.descriptor.TestMethodTestDescriptor.lambda$invokeTestMethod$7(TestMethodTestDescriptor.java:218)
	at org.junit.platform.engine.support.hierarchical.ThrowableCollector.execute(ThrowableCollector.java:73)
	at org.junit.jupiter.engine.descriptor.TestMethodTestDescriptor.invokeTestMethod(TestMethodTestDescriptor.java:214)
	at org.junit.jupiter.engine.descriptor.TestMethodTestDescriptor.execute(TestMethodTestDescriptor.java:139)
	at org.junit.jupiter.engine.descriptor.TestMethodTestDescriptor.execute(TestMethodTestDescriptor.java:69)
	at org.junit.platform.engine.support.hierarchical.NodeTestTask.lambda$executeRecursively$6(NodeTestTask.java:151)
	at org.junit.platform.engine.support.hierarchical.ThrowableCollector.execute(ThrowableCollector.java:73)
	at org.junit.platform.engine.support.hierarchical.NodeTestTask.lambda$executeRecursively$8(NodeTestTask.java:141)
	at org.junit.platform.engine.support.hierarchical.Node.around(Node.java:137)
	at org.junit.platform.engine.support.hierarchical.NodeTestTask.lambda$executeRecursively$9(NodeTestTask.java:139)
	at org.junit.platform.engine.support.hierarchical.ThrowableCollector.execute(ThrowableCollector.java:73)
	at org.junit.platform.engine.support.hierarchical.NodeTestTask.executeRecursively(NodeTestTask.java:138)
	at org.junit.platform.engine.support.hierarchical.NodeTestTask.execute(NodeTestTask.java:95)
	at java.base/java.util.ArrayList.forEach(ArrayList.java:1597)
	at org.junit.platform.engine.support.hierarchical.SameThreadHierarchicalTestExecutorService.invokeAll(SameThreadHierarchicalTestExecutorService.java:41)
	at org.junit.platform.engine.support.hierarchical.NodeTestTask.lambda$executeRecursively$6(NodeTestTask.java:155)
	at org.junit.platform.engine.support.hierarchical.ThrowableCollector.execute(ThrowableCollector.java:73)
	at org.junit.platform.engine.support.hierarchical.NodeTestTask.lambda$executeRecursively$8(NodeTestTask.java:141)
	at org.junit.platform.engine.support.hierarchical.Node.around(Node.java:137)
	at org.junit.platform.engine.support.hierarchical.NodeTestTask.lambda$executeRecursively$9(NodeTestTask.java:139)
	at org.junit.platform.engine.support.hierarchical.ThrowableCollector.execute(ThrowableCollector.java:73)
	at org.junit.platform.engine.support.hierarchical.NodeTestTask.executeRecursively(NodeTestTask.java:138)
	at org.junit.platform.engine.support.hierarchical.NodeTestTask.execute(NodeTestTask.java:95)
	at java.base/java.util.ArrayList.forEach(ArrayList.java:1597)
	at org.junit.platform.engine.support.hierarchical.SameThreadHierarchicalTestExecutorService.invokeAll(SameThreadHierarchicalTestExecutorService.java:41)
	at org.junit.platform.engine.support.hierarchical.NodeTestTask.lambda$executeRecursively$6(NodeTestTask.java:155)
	at org.junit.platform.engine.support.hierarchical.ThrowableCollector.execute(ThrowableCollector.java:73)
	at org.junit.platform.engine.support.hierarchical.NodeTestTask.lambda$executeRecursively$8(NodeTestTask.java:141)
	at org.junit.platform.engine.support.hierarchical.Node.around(Node.java:137)
	at org.junit.platform.engine.support.hierarchical.NodeTestTask.lambda$executeRecursively$9(NodeTestTask.java:139)
	at org.junit.platform.engine.support.hierarchical.ThrowableCollector.execute(ThrowableCollector.java:73)
	at org.junit.platform.engine.support.hierarchical.NodeTestTask.executeRecursively(NodeTestTask.java:138)
	at org.junit.platform.engine.support.hierarchical.NodeTestTask.execute(NodeTestTask.java:95)
	at org.junit.platform.engine.support.hierarchical.SameThreadHierarchicalTestExecutorService.submit(SameThreadHierarchicalTestExecutorService.java:35)
	at org.junit.platform.engine.support.hierarchical.HierarchicalTestExecutor.execute(HierarchicalTestExecutor.java:57)
	at org.junit.platform.engine.support.hierarchical.HierarchicalTestEngine.execute(HierarchicalTestEngine.java:54)
	at org.junit.platform.launcher.core.EngineExecutionOrchestrator.execute(EngineExecutionOrchestrator.java:198)
	at org.junit.platform.launcher.core.EngineExecutionOrchestrator.execute(EngineExecutionOrchestrator.java:169)
	at org.junit.platform.launcher.core.EngineExecutionOrchestrator.execute(EngineExecutionOrchestrator.java:93)
	at org.junit.platform.launcher.core.EngineExecutionOrchestrator.lambda$execute$0(EngineExecutionOrchestrator.java:58)
	at org.junit.platform.launcher.core.EngineExecutionOrchestrator.withInterceptedStreams(EngineExecutionOrchestrator.java:141)
	at org.junit.platform.launcher.core.EngineExecutionOrchestrator.execute(EngineExecutionOrchestrator.java:57)
	at org.junit.platform.launcher.core.DefaultLauncher.execute(DefaultLauncher.java:103)
	at org.junit.platform.launcher.core.DefaultLauncher.execute(DefaultLauncher.java:85)
	at org.junit.platform.launcher.core.DelegatingLauncher.execute(DelegatingLauncher.java:47)
	at org.apache.maven.surefire.junitplatform.LazyLauncher.execute(LazyLauncher.java:56)
	at org.apache.maven.surefire.junitplatform.JUnitPlatformProvider.execute(JUnitPlatformProvider.java:184)
	at org.apache.maven.surefire.junitplatform.JUnitPlatformProvider.invokeAllTests(JUnitPlatformProvider.java:148)
	at org.apache.maven.surefire.junitplatform.JUnitPlatformProvider.invoke(JUnitPlatformProvider.java:122)
	at org.apache.maven.surefire.booter.ForkedBooter.runSuitesInProcess(ForkedBooter.java:385)
	at org.apache.maven.surefire.booter.ForkedBooter.execute(ForkedBooter.java:162)
	at org.apache.maven.surefire.booter.ForkedBooter.run(ForkedBooter.java:507)
	at org.apache.maven.surefire.booter.ForkedBooter.main(ForkedBooter.java:495)

[ERRO] 2026-01-09 18:51:47.178 - Erro-63
  Exceção: java.lang.RuntimeException: Erro 63
java.lang.RuntimeException: Erro 63
	at testes.ErrorLoggerTest.testeLogNaoCresceIndefinidamente(ErrorLoggerTest.java:398)
	at java.base/jdk.internal.reflect.DirectMethodHandleAccessor.invoke(DirectMethodHandleAccessor.java:103)
	at java.base/java.lang.reflect.Method.invoke(Method.java:580)
	at org.junit.platform.commons.util.ReflectionUtils.invokeMethod(ReflectionUtils.java:728)
	at org.junit.jupiter.engine.execution.MethodInvocation.proceed(MethodInvocation.java:60)
	at org.junit.jupiter.engine.execution.InvocationInterceptorChain$ValidatingInvocation.proceed(InvocationInterceptorChain.java:131)
	at org.junit.jupiter.engine.extension.TimeoutExtension.intercept(TimeoutExtension.java:156)
	at org.junit.jupiter.engine.extension.TimeoutExtension.interceptTestableMethod(TimeoutExtension.java:147)
	at org.junit.jupiter.engine.extension.TimeoutExtension.interceptTestMethod(TimeoutExtension.java:86)
	at org.junit.jupiter.engine.execution.InterceptingExecutableInvoker$ReflectiveInterceptorCall.lambda$ofVoidMethod$0(InterceptingExecutableInvoker.java:103)
	at org.junit.jupiter.engine.execution.InterceptingExecutableInvoker.lambda$invoke$0(InterceptingExecutableInvoker.java:93)
	at org.junit.jupiter.engine.execution.InvocationInterceptorChain$InterceptedInvocation.proceed(InvocationInterceptorChain.java:106)
	at org.junit.jupiter.engine.execution.InvocationInterceptorChain.proceed(InvocationInterceptorChain.java:64)
	at org.junit.jupiter.engine.execution.InvocationInterceptorChain.chainAndInvoke(InvocationInterceptorChain.java:45)
	at org.junit.jupiter.engine.execution.InvocationInterceptorChain.invoke(InvocationInterceptorChain.java:37)
	at org.junit.jupiter.engine.execution.InterceptingExecutableInvoker.invoke(InterceptingExecutableInvoker.java:92)
	at org.junit.jupiter.engine.execution.InterceptingExecutableInvoker.invoke(InterceptingExecutableInvoker.java:86)
	at org.junit.jupiter.engine.descriptor.TestMethodTestDescriptor.lambda$invokeTestMethod$7(TestMethodTestDescriptor.java:218)
	at org.junit.platform.engine.support.hierarchical.ThrowableCollector.execute(ThrowableCollector.java:73)
	at org.junit.jupiter.engine.descriptor.TestMethodTestDescriptor.invokeTestMethod(TestMethodTestDescriptor.java:214)
	at org.junit.jupiter.engine.descriptor.TestMethodTestDescriptor.execute(TestMethodTestDescriptor.java:139)
	at org.junit.jupiter.engine.descriptor.TestMethodTestDescriptor.execute(TestMethodTestDescriptor.java:69)
	at org.junit.platform.engine.support.hierarchical.NodeTestTask.lambda$executeRecursively$6(NodeTestTask.java:151)
	at org.junit.platform.engine.support.hierarchical.ThrowableCollector.execute(ThrowableCollector.java:73)
	at org.junit.platform.engine.support.hierarchical.NodeTestTask.lambda$executeRecursively$8(NodeTestTask.java:141)
	at org.junit.platform.engine.support.hierarchical.Node.around(Node.java:137)
	at org.junit.platform.engine.support.hierarchical.NodeTestTask.lambda$executeRecursively$9(NodeTestTask.java:139)
	at org.junit.platform.engine.support.hierarchical.ThrowableCollector.execute(ThrowableCollector.java:73)
	at org.junit.platform.engine.support.hierarchical.NodeTestTask.executeRecursively(NodeTestTask.java:138)
	at org.junit.platform.engine.support.hierarchical.NodeTestTask.execute(NodeTestTask.java:95)
	at java.base/java.util.ArrayList.forEach(ArrayList.java:1597)
	at org.junit.platform.engine.support.hierarchical.SameThreadHierarchicalTestExecutorService.invokeAll(SameThreadHierarchicalTestExecutorService.java:41)
	at org.junit.platform.engine.support.hierarchical.NodeTestTask.lambda$executeRecursively$6(NodeTestTask.java:155)
	at org.junit.platform.engine.support.hierarchical.ThrowableCollector.execute(ThrowableCollector.java:73)
	at org.junit.platform.engine.support.hierarchical.NodeTestTask.lambda$executeRecursively$8(NodeTestTask.java:141)
	at org.junit.platform.engine.support.hierarchical.Node.around(Node.java:137)
	at org.junit.platform.engine.support.hierarchical.NodeTestTask.lambda$executeRecursively$9(NodeTestTask.java:139)
	at org.junit.platform.engine.support.hierarchical.ThrowableCollector.execute(ThrowableCollector.java:73)
	at org.junit.platform.engine.support.hierarchical.NodeTestTask.executeRecursively(NodeTestTask.java:138)
	at org.junit.platform.engine.support.hierarchical.NodeTestTask.execute(NodeTestTask.java:95)
	at java.base/java.util.ArrayList.forEach(ArrayList.java:1597)
	at org.junit.platform.engine.support.hierarchical.SameThreadHierarchicalTestExecutorService.invokeAll(SameThreadHierarchicalTestExecutorService.java:41)
	at org.junit.platform.engine.support.hierarchical.NodeTestTask.lambda$executeRecursively$6(NodeTestTask.java:155)
	at org.junit.platform.engine.support.hierarchical.ThrowableCollector.execute(ThrowableCollector.java:73)
	at org.junit.platform.engine.support.hierarchical.NodeTestTask.lambda$executeRecursively$8(NodeTestTask.java:141)
	at org.junit.platform.engine.support.hierarchical.Node.around(Node.java:137)
	at org.junit.platform.engine.support.hierarchical.NodeTestTask.lambda$executeRecursively$9(NodeTestTask.java:139)
	at org.junit.platform.engine.support.hierarchical.ThrowableCollector.execute(ThrowableCollector.java:73)
	at org.junit.platform.engine.support.hierarchical.NodeTestTask.executeRecursively(NodeTestTask.java:138)
	at org.junit.platform.engine.support.hierarchical.NodeTestTask.execute(NodeTestTask.java:95)
	at org.junit.platform.engine.support.hierarchical.SameThreadHierarchicalTestExecutorService.submit(SameThreadHierarchicalTestExecutorService.java:35)
	at org.junit.platform.engine.support.hierarchical.HierarchicalTestExecutor.execute(HierarchicalTestExecutor.java:57)
	at org.junit.platform.engine.support.hierarchical.HierarchicalTestEngine.execute(HierarchicalTestEngine.java:54)
	at org.junit.platform.launcher.core.EngineExecutionOrchestrator.execute(EngineExecutionOrchestrator.java:198)
	at org.junit.platform.launcher.core.EngineExecutionOrchestrator.execute(EngineExecutionOrchestrator.java:169)
	at org.junit.platform.launcher.core.EngineExecutionOrchestrator.execute(EngineExecutionOrchestrator.java:93)
	at org.junit.platform.launcher.core.EngineExecutionOrchestrator.lambda$execute$0(EngineExecutionOrchestrator.java:58)
	at org.junit.platform.launcher.core.EngineExecutionOrchestrator.withInterceptedStreams(EngineExecutionOrchestrator.java:141)
	at org.junit.platform.launcher.core.EngineExecutionOrchestrator.execute(EngineExecutionOrchestrator.java:57)
	at org.junit.platform.launcher.core.DefaultLauncher.execute(DefaultLauncher.java:103)
	at org.junit.platform.launcher.core.DefaultLauncher.execute(DefaultLauncher.java:85)
	at org.junit.platform.launcher.core.DelegatingLauncher.execute(DelegatingLauncher.java:47)
	at org.apache.maven.surefire.junitplatform.LazyLauncher.execute(LazyLauncher.java:56)
	at org.apache.maven.surefire.junitplatform.JUnitPlatformProvider.execute(JUnitPlatformProvider.java:184)
	at org.apache.maven.surefire.junitplatform.JUnitPlatformProvider.invokeAllTests(JUnitPlatformProvider.java:148)
	at org.apache.maven.surefire.junitplatform.JUnitPlatformProvider.invoke(JUnitPlatformProvider.java:122)
	at org.apache.maven.surefire.booter.ForkedBooter.runSuitesInProcess(ForkedBooter.java:385)
	at org.apache.maven.surefire.booter.ForkedBooter.execute(ForkedBooter.java:162)
	at org.apache.maven.surefire.booter.ForkedBooter.run(ForkedBooter.java:507)
	at org.apache.maven.surefire.booter.ForkedBooter.main(ForkedBooter.java:495)

[ERRO] 2026-01-09 18:51:47.178 - Erro-64
  Exceção: java.lang.RuntimeException: Erro 64
java.lang.RuntimeException: Erro 64
	at testes.ErrorLoggerTest.testeLogNaoCresceIndefinidamente(ErrorLoggerTest.java:398)
	at java.base/jdk.internal.reflect.DirectMethodHandleAccessor.invoke(DirectMethodHandleAccessor.java:103)
	at java.base/java.lang.reflect.Method.invoke(Method.java:580)
	at org.junit.platform.commons.util.ReflectionUtils.invokeMethod(ReflectionUtils.java:728)
	at org.junit.jupiter.engine.execution.MethodInvocation.proceed(MethodInvocation.java:60)
	at org.junit.jupiter.engine.execution.InvocationInterceptorChain$ValidatingInvocation.proceed(InvocationInterceptorChain.java:131)
	at org.junit.jupiter.engine.extension.TimeoutExtension.intercept(TimeoutExtension.java:156)
	at org.junit.jupiter.engine.extension.TimeoutExtension.interceptTestableMethod(TimeoutExtension.java:147)
	at org.junit.jupiter.engine.extension.TimeoutExtension.interceptTestMethod(TimeoutExtension.java:86)
	at org.junit.jupiter.engine.execution.InterceptingExecutableInvoker$ReflectiveInterceptorCall.lambda$ofVoidMethod$0(InterceptingExecutableInvoker.java:103)
	at org.junit.jupiter.engine.execution.InterceptingExecutableInvoker.lambda$invoke$0(InterceptingExecutableInvoker.java:93)
	at org.junit.jupiter.engine.execution.InvocationInterceptorChain$InterceptedInvocation.proceed(InvocationInterceptorChain.java:106)
	at org.junit.jupiter.engine.execution.InvocationInterceptorChain.proceed(InvocationInterceptorChain.java:64)
	at org.junit.jupiter.engine.execution.InvocationInterceptorChain.chainAndInvoke(InvocationInterceptorChain.java:45)
	at org.junit.jupiter.engine.execution.InvocationInterceptorChain.invoke(InvocationInterceptorChain.java:37)
	at org.junit.jupiter.engine.execution.InterceptingExecutableInvoker.invoke(InterceptingExecutableInvoker.java:92)
	at org.junit.jupiter.engine.execution.InterceptingExecutableInvoker.invoke(InterceptingExecutableInvoker.java:86)
	at org.junit.jupiter.engine.descriptor.TestMethodTestDescriptor.lambda$invokeTestMethod$7(TestMethodTestDescriptor.java:218)
	at org.junit.platform.engine.support.hierarchical.ThrowableCollector.execute(ThrowableCollector.java:73)
	at org.junit.jupiter.engine.descriptor.TestMethodTestDescriptor.invokeTestMethod(TestMethodTestDescriptor.java:214)
	at org.junit.jupiter.engine.descriptor.TestMethodTestDescriptor.execute(TestMethodTestDescriptor.java:139)
	at org.junit.jupiter.engine.descriptor.TestMethodTestDescriptor.execute(TestMethodTestDescriptor.java:69)
	at org.junit.platform.engine.support.hierarchical.NodeTestTask.lambda$executeRecursively$6(NodeTestTask.java:151)
	at org.junit.platform.engine.support.hierarchical.ThrowableCollector.execute(ThrowableCollector.java:73)
	at org.junit.platform.engine.support.hierarchical.NodeTestTask.lambda$executeRecursively$8(NodeTestTask.java:141)
	at org.junit.platform.engine.support.hierarchical.Node.around(Node.java:137)
	at org.junit.platform.engine.support.hierarchical.NodeTestTask.lambda$executeRecursively$9(NodeTestTask.java:139)
	at org.junit.platform.engine.support.hierarchical.ThrowableCollector.execute(ThrowableCollector.java:73)
	at org.junit.platform.engine.support.hierarchical.NodeTestTask.executeRecursively(NodeTestTask.java:138)
	at org.junit.platform.engine.support.hierarchical.NodeTestTask.execute(NodeTestTask.java:95)
	at java.base/java.util.ArrayList.forEach(ArrayList.java:1597)
	at org.junit.platform.engine.support.hierarchical.SameThreadHierarchicalTestExecutorService.invokeAll(SameThreadHierarchicalTestExecutorService.java:41)
	at org.junit.platform.engine.support.hierarchical.NodeTestTask.lambda$executeRecursively$6(NodeTestTask.java:155)
	at org.junit.platform.engine.support.hierarchical.ThrowableCollector.execute(ThrowableCollector.java:73)
	at org.junit.platform.engine.support.hierarchical.NodeTestTask.lambda$executeRecursively$8(NodeTestTask.java:141)
	at org.junit.platform.engine.support.hierarchical.Node.around(Node.java:137)
	at org.junit.platform.engine.support.hierarchical.NodeTestTask.lambda$executeRecursively$9(NodeTestTask.java:139)
	at org.junit.platform.engine.support.hierarchical.ThrowableCollector.execute(ThrowableCollector.java:73)
	at org.junit.platform.engine.support.hierarchical.NodeTestTask.executeRecursively(NodeTestTask.java:138)
	at org.junit.platform.engine.support.hierarchical.NodeTestTask.execute(NodeTestTask.java:95)
	at java.base/java.util.ArrayList.forEach(ArrayList.java:1597)
	at org.junit.platform.engine.support.hierarchical.SameThreadHierarchicalTestExecutorService.invokeAll(SameThreadHierarchicalTestExecutorService.java:41)
	at org.junit.platform.engine.support.hierarchical.NodeTestTask.lambda$executeRecursively$6(NodeTestTask.java:155)
	at org.junit.platform.engine.support.hierarchical.ThrowableCollector.execute(ThrowableCollector.java:73)
	at org.junit.platform.engine.support.hierarchical.NodeTestTask.lambda$executeRecursively$8(NodeTestTask.java:141)
	at org.junit.platform.engine.support.hierarchical.Node.around(Node.java:137)
	at org.junit.platform.engine.support.hierarchical.NodeTestTask.lambda$executeRecursively$9(NodeTestTask.java:139)
	at org.junit.platform.engine.support.hierarchical.ThrowableCollector.execute(ThrowableCollector.java:73)
	at org.junit.platform.engine.support.hierarchical.NodeTestTask.executeRecursively(NodeTestTask.java:138)
	at org.junit.platform.engine.support.hierarchical.NodeTestTask.execute(NodeTestTask.java:95)
	at org.junit.platform.engine.support.hierarchical.SameThreadHierarchicalTestExecutorService.submit(SameThreadHierarchicalTestExecutorService.java:35)
	at org.junit.platform.engine.support.hierarchical.HierarchicalTestExecutor.execute(HierarchicalTestExecutor.java:57)
	at org.junit.platform.engine.support.hierarchical.HierarchicalTestEngine.execute(HierarchicalTestEngine.java:54)
	at org.junit.platform.launcher.core.EngineExecutionOrchestrator.execute(EngineExecutionOrchestrator.java:198)
	at org.junit.platform.launcher.core.EngineExecutionOrchestrator.execute(EngineExecutionOrchestrator.java:169)
	at org.junit.platform.launcher.core.EngineExecutionOrchestrator.execute(EngineExecutionOrchestrator.java:93)
	at org.junit.platform.launcher.core.EngineExecutionOrchestrator.lambda$execute$0(EngineExecutionOrchestrator.java:58)
	at org.junit.platform.launcher.core.EngineExecutionOrchestrator.withInterceptedStreams(EngineExecutionOrchestrator.java:141)
	at org.junit.platform.launcher.core.EngineExecutionOrchestrator.execute(EngineExecutionOrchestrator.java:57)
	at org.junit.platform.launcher.core.DefaultLauncher.execute(DefaultLauncher.java:103)
	at org.junit.platform.launcher.core.DefaultLauncher.execute(DefaultLauncher.java:85)
	at org.junit.platform.launcher.core.DelegatingLauncher.execute(DelegatingLauncher.java:47)
	at org.apache.maven.surefire.junitplatform.LazyLauncher.execute(LazyLauncher.java:56)
	at org.apache.maven.surefire.junitplatform.JUnitPlatformProvider.execute(JUnitPlatformProvider.java:184)
	at org.apache.maven.surefire.junitplatform.JUnitPlatformProvider.invokeAllTests(JUnitPlatformProvider.java:148)
	at org.apache.maven.surefire.junitplatform.JUnitPlatformProvider.invoke(JUnitPlatformProvider.java:122)
	at org.apache.maven.surefire.booter.ForkedBooter.runSuitesInProcess(ForkedBooter.java:385)
	at org.apache.maven.surefire.booter.ForkedBooter.execute(ForkedBooter.java:162)
	at org.apache.maven.surefire.booter.ForkedBooter.run(ForkedBooter.java:507)
	at org.apache.maven.surefire.booter.ForkedBooter.main(ForkedBooter.java:495)

[ERRO] 2026-01-09 18:51:47.179 - Erro-65
  Exceção: java.lang.RuntimeException: Erro 65
java.lang.RuntimeException: Erro 65
	at testes.ErrorLoggerTest.testeLogNaoCresceIndefinidamente(ErrorLoggerTest.java:398)
	at java.base/jdk.internal.reflect.DirectMethodHandleAccessor.invoke(DirectMethodHandleAccessor.java:103)
	at java.base/java.lang.reflect.Method.invoke(Method.java:580)
	at org.junit.platform.commons.util.ReflectionUtils.invokeMethod(ReflectionUtils.java:728)
	at org.junit.jupiter.engine.execution.MethodInvocation.proceed(MethodInvocation.java:60)
	at org.junit.jupiter.engine.execution.InvocationInterceptorChain$ValidatingInvocation.proceed(InvocationInterceptorChain.java:131)
	at org.junit.jupiter.engine.extension.TimeoutExtension.intercept(TimeoutExtension.java:156)
	at org.junit.jupiter.engine.extension.TimeoutExtension.interceptTestableMethod(TimeoutExtension.java:147)
	at org.junit.jupiter.engine.extension.TimeoutExtension.interceptTestMethod(TimeoutExtension.java:86)
	at org.junit.jupiter.engine.execution.InterceptingExecutableInvoker$ReflectiveInterceptorCall.lambda$ofVoidMethod$0(InterceptingExecutableInvoker.java:103)
	at org.junit.jupiter.engine.execution.InterceptingExecutableInvoker.lambda$invoke$0(InterceptingExecutableInvoker.java:93)
	at org.junit.jupiter.engine.execution.InvocationInterceptorChain$InterceptedInvocation.proceed(InvocationInterceptorChain.java:106)
	at org.junit.jupiter.engine.execution.InvocationInterceptorChain.proceed(InvocationInterceptorChain.java:64)
	at org.junit.jupiter.engine.execution.InvocationInterceptorChain.chainAndInvoke(InvocationInterceptorChain.java:45)
	at org.junit.jupiter.engine.execution.InvocationInterceptorChain.invoke(InvocationInterceptorChain.java:37)
	at org.junit.jupiter.engine.execution.InterceptingExecutableInvoker.invoke(InterceptingExecutableInvoker.java:92)
	at org.junit.jupiter.engine.execution.InterceptingExecutableInvoker.invoke(InterceptingExecutableInvoker.java:86)
	at org.junit.jupiter.engine.descriptor.TestMethodTestDescriptor.lambda$invokeTestMethod$7(TestMethodTestDescriptor.java:218)
	at org.junit.platform.engine.support.hierarchical.ThrowableCollector.execute(ThrowableCollector.java:73)
	at org.junit.jupiter.engine.descriptor.TestMethodTestDescriptor.invokeTestMethod(TestMethodTestDescriptor.java:214)
	at org.junit.jupiter.engine.descriptor.TestMethodTestDescriptor.execute(TestMethodTestDescriptor.java:139)
	at org.junit.jupiter.engine.descriptor.TestMethodTestDescriptor.execute(TestMethodTestDescriptor.java:69)
	at org.junit.platform.engine.support.hierarchical.NodeTestTask.lambda$executeRecursively$6(NodeTestTask.java:151)
	at org.junit.platform.engine.support.hierarchical.ThrowableCollector.execute(ThrowableCollector.java:73)
	at org.junit.platform.engine.support.hierarchical.NodeTestTask.lambda$executeRecursively$8(NodeTestTask.java:141)
	at org.junit.platform.engine.support.hierarchical.Node.around(Node.java:137)
	at org.junit.platform.engine.support.hierarchical.NodeTestTask.lambda$executeRecursively$9(NodeTestTask.java:139)
	at org.junit.platform.engine.support.hierarchical.ThrowableCollector.execute(ThrowableCollector.java:73)
	at org.junit.platform.engine.support.hierarchical.NodeTestTask.executeRecursively(NodeTestTask.java:138)
	at org.junit.platform.engine.support.hierarchical.NodeTestTask.execute(NodeTestTask.java:95)
	at java.base/java.util.ArrayList.forEach(ArrayList.java:1597)
	at org.junit.platform.engine.support.hierarchical.SameThreadHierarchicalTestExecutorService.invokeAll(SameThreadHierarchicalTestExecutorService.java:41)
	at org.junit.platform.engine.support.hierarchical.NodeTestTask.lambda$executeRecursively$6(NodeTestTask.java:155)
	at org.junit.platform.engine.support.hierarchical.ThrowableCollector.execute(ThrowableCollector.java:73)
	at org.junit.platform.engine.support.hierarchical.NodeTestTask.lambda$executeRecursively$8(NodeTestTask.java:141)
	at org.junit.platform.engine.support.hierarchical.Node.around(Node.java:137)
	at org.junit.platform.engine.support.hierarchical.NodeTestTask.lambda$executeRecursively$9(NodeTestTask.java:139)
	at org.junit.platform.engine.support.hierarchical.ThrowableCollector.execute(ThrowableCollector.java:73)
	at org.junit.platform.engine.support.hierarchical.NodeTestTask.executeRecursively(NodeTestTask.java:138)
	at org.junit.platform.engine.support.hierarchical.NodeTestTask.execute(NodeTestTask.java:95)
	at java.base/java.util.ArrayList.forEach(ArrayList.java:1597)
	at org.junit.platform.engine.support.hierarchical.SameThreadHierarchicalTestExecutorService.invokeAll(SameThreadHierarchicalTestExecutorService.java:41)
	at org.junit.platform.engine.support.hierarchical.NodeTestTask.lambda$executeRecursively$6(NodeTestTask.java:155)
	at org.junit.platform.engine.support.hierarchical.ThrowableCollector.execute(ThrowableCollector.java:73)
	at org.junit.platform.engine.support.hierarchical.NodeTestTask.lambda$executeRecursively$8(NodeTestTask.java:141)
	at org.junit.platform.engine.support.hierarchical.Node.around(Node.java:137)
	at org.junit.platform.engine.support.hierarchical.NodeTestTask.lambda$executeRecursively$9(NodeTestTask.java:139)
	at org.junit.platform.engine.support.hierarchical.ThrowableCollector.execute(ThrowableCollector.java:73)
	at org.junit.platform.engine.support.hierarchical.NodeTestTask.executeRecursively(NodeTestTask.java:138)
	at org.junit.platform.engine.support.hierarchical.NodeTestTask.execute(NodeTestTask.java:95)
	at org.junit.platform.engine.support.hierarchical.SameThreadHierarchicalTestExecutorService.submit(SameThreadHierarchicalTestExecutorService.java:35)
	at org.junit.platform.engine.support.hierarchical.HierarchicalTestExecutor.execute(HierarchicalTestExecutor.java:57)
	at org.junit.platform.engine.support.hierarchical.HierarchicalTestEngine.execute(HierarchicalTestEngine.java:54)
	at org.junit.platform.launcher.core.EngineExecutionOrchestrator.execute(EngineExecutionOrchestrator.java:198)
	at org.junit.platform.launcher.core.EngineExecutionOrchestrator.execute(EngineExecutionOrchestrator.java:169)
	at org.junit.platform.launcher.core.EngineExecutionOrchestrator.execute(EngineExecutionOrchestrator.java:93)
	at org.junit.platform.launcher.core.EngineExecutionOrchestrator.lambda$execute$0(EngineExecutionOrchestrator.java:58)
	at org.junit.platform.launcher.core.EngineExecutionOrchestrator.withInterceptedStreams(EngineExecutionOrchestrator.java:141)
	at org.junit.platform.launcher.core.EngineExecutionOrchestrator.execute(EngineExecutionOrchestrator.java:57)
	at org.junit.platform.launcher.core.DefaultLauncher.execute(DefaultLauncher.java:103)
	at org.junit.platform.launcher.core.DefaultLauncher.execute(DefaultLauncher.java:85)
	at org.junit.platform.launcher.core.DelegatingLauncher.execute(DelegatingLauncher.java:47)
	at org.apache.maven.surefire.junitplatform.LazyLauncher.execute(LazyLauncher.java:56)
	at org.apache.maven.surefire.junitplatform.JUnitPlatformProvider.execute(JUnitPlatformProvider.java:184)
	at org.apache.maven.surefire.junitplatform.JUnitPlatformProvider.invokeAllTests(JUnitPlatformProvider.java:148)
	at org.apache.maven.surefire.junitplatform.JUnitPlatformProvider.invoke(JUnitPlatformProvider.java:122)
	at org.apache.maven.surefire.booter.ForkedBooter.runSuitesInProcess(ForkedBooter.java:385)
	at org.apache.maven.surefire.booter.ForkedBooter.execute(ForkedBooter.java:162)
	at org.apache.maven.surefire.booter.ForkedBooter.run(ForkedBooter.java:507)
	at org.apache.maven.surefire.booter.ForkedBooter.main(ForkedBooter.java:495)

[ERRO] 2026-01-09 18:51:47.179 - Erro-66
  Exceção: java.lang.RuntimeException: Erro 66
java.lang.RuntimeException: Erro 66
	at testes.ErrorLoggerTest.testeLogNaoCresceIndefinidamente(ErrorLoggerTest.java:398)
	at java.base/jdk.internal.reflect.DirectMethodHandleAccessor.invoke(DirectMethodHandleAccessor.java:103)
	at java.base/java.lang.reflect.Method.invoke(Method.java:580)
	at org.junit.platform.commons.util.ReflectionUtils.invokeMethod(ReflectionUtils.java:728)
	at org.junit.jupiter.engine.execution.MethodInvocation.proceed(MethodInvocation.java:60)
	at org.junit.jupiter.engine.execution.InvocationInterceptorChain$ValidatingInvocation.proceed(InvocationInterceptorChain.java:131)
	at org.junit.jupiter.engine.extension.TimeoutExtension.intercept(TimeoutExtension.java:156)
	at org.junit.jupiter.engine.extension.TimeoutExtension.interceptTestableMethod(TimeoutExtension.java:147)
	at org.junit.jupiter.engine.extension.TimeoutExtension.interceptTestMethod(TimeoutExtension.java:86)
	at org.junit.jupiter.engine.execution.InterceptingExecutableInvoker$ReflectiveInterceptorCall.lambda$ofVoidMethod$0(InterceptingExecutableInvoker.java:103)
	at org.junit.jupiter.engine.execution.InterceptingExecutableInvoker.lambda$invoke$0(InterceptingExecutableInvoker.java:93)
	at org.junit.jupiter.engine.execution.InvocationInterceptorChain$InterceptedInvocation.proceed(InvocationInterceptorChain.java:106)
	at org.junit.jupiter.engine.execution.InvocationInterceptorChain.proceed(InvocationInterceptorChain.java:64)
	at org.junit.jupiter.engine.execution.InvocationInterceptorChain.chainAndInvoke(InvocationInterceptorChain.java:45)
	at org.junit.jupiter.engine.execution.InvocationInterceptorChain.invoke(InvocationInterceptorChain.java:37)
	at org.junit.jupiter.engine.execution.InterceptingExecutableInvoker.invoke(InterceptingExecutableInvoker.java:92)
	at org.junit.jupiter.engine.execution.InterceptingExecutableInvoker.invoke(InterceptingExecutableInvoker.java:86)
	at org.junit.jupiter.engine.descriptor.TestMethodTestDescriptor.lambda$invokeTestMethod$7(TestMethodTestDescriptor.java:218)
	at org.junit.platform.engine.support.hierarchical.ThrowableCollector.execute(ThrowableCollector.java:73)
	at org.junit.jupiter.engine.descriptor.TestMethodTestDescriptor.invokeTestMethod(TestMethodTestDescriptor.java:214)
	at org.junit.jupiter.engine.descriptor.TestMethodTestDescriptor.execute(TestMethodTestDescriptor.java:139)
	at org.junit.jupiter.engine.descriptor.TestMethodTestDescriptor.execute(TestMethodTestDescriptor.java:69)
	at org.junit.platform.engine.support.hierarchical.NodeTestTask.lambda$executeRecursively$6(NodeTestTask.java:151)
	at org.junit.platform.engine.support.hierarchical.ThrowableCollector.execute(ThrowableCollector.java:73)
	at org.junit.platform.engine.support.hierarchical.NodeTestTask.lambda$executeRecursively$8(NodeTestTask.java:141)
	at org.junit.platform.engine.support.hierarchical.Node.around(Node.java:137)
	at org.junit.platform.engine.support.hierarchical.NodeTestTask.lambda$executeRecursively$9(NodeTestTask.java:139)
	at org.junit.platform.engine.support.hierarchical.ThrowableCollector.execute(ThrowableCollector.java:73)
	at org.junit.platform.engine.support.hierarchical.NodeTestTask.executeRecursively(NodeTestTask.java:138)
	at org.junit.platform.engine.support.hierarchical.NodeTestTask.execute(NodeTestTask.java:95)
	at java.base/java.util.ArrayList.forEach(ArrayList.java:1597)
	at org.junit.platform.engine.support.hierarchical.SameThreadHierarchicalTestExecutorService.invokeAll(SameThreadHierarchicalTestExecutorService.java:41)
	at org.junit.platform.engine.support.hierarchical.NodeTestTask.lambda$executeRecursively$6(NodeTestTask.java:155)
	at org.junit.platform.engine.support.hierarchical.ThrowableCollector.execute(ThrowableCollector.java:73)
	at org.junit.platform.engine.support.hierarchical.NodeTestTask.lambda$executeRecursively$8(NodeTestTask.java:141)
	at org.junit.platform.engine.support.hierarchical.Node.around(Node.java:137)
	at org.junit.platform.engine.support.hierarchical.NodeTestTask.lambda$executeRecursively$9(NodeTestTask.java:139)
	at org.junit.platform.engine.support.hierarchical.ThrowableCollector.execute(ThrowableCollector.java:73)
	at org.junit.platform.engine.support.hierarchical.NodeTestTask.executeRecursively(NodeTestTask.java:138)
	at org.junit.platform.engine.support.hierarchical.NodeTestTask.execute(NodeTestTask.java:95)
	at java.base/java.util.ArrayList.forEach(ArrayList.java:1597)
	at org.junit.platform.engine.support.hierarchical.SameThreadHierarchicalTestExecutorService.invokeAll(SameThreadHierarchicalTestExecutorService.java:41)
	at org.junit.platform.engine.support.hierarchical.NodeTestTask.lambda$executeRecursively$6(NodeTestTask.java:155)
	at org.junit.platform.engine.support.hierarchical.ThrowableCollector.execute(ThrowableCollector.java:73)
	at org.junit.platform.engine.support.hierarchical.NodeTestTask.lambda$executeRecursively$8(NodeTestTask.java:141)
	at org.junit.platform.engine.support.hierarchical.Node.around(Node.java:137)
	at org.junit.platform.engine.support.hierarchical.NodeTestTask.lambda$executeRecursively$9(NodeTestTask.java:139)
	at org.junit.platform.engine.support.hierarchical.ThrowableCollector.execute(ThrowableCollector.java:73)
	at org.junit.platform.engine.support.hierarchical.NodeTestTask.executeRecursively(NodeTestTask.java:138)
	at org.junit.platform.engine.support.hierarchical.NodeTestTask.execute(NodeTestTask.java:95)
	at org.junit.platform.engine.support.hierarchical.SameThreadHierarchicalTestExecutorService.submit(SameThreadHierarchicalTestExecutorService.java:35)
	at org.junit.platform.engine.support.hierarchical.HierarchicalTestExecutor.execute(HierarchicalTestExecutor.java:57)
	at org.junit.platform.engine.support.hierarchical.HierarchicalTestEngine.execute(HierarchicalTestEngine.java:54)
	at org.junit.platform.launcher.core.EngineExecutionOrchestrator.execute(EngineExecutionOrchestrator.java:198)
	at org.junit.platform.launcher.core.EngineExecutionOrchestrator.execute(EngineExecutionOrchestrator.java:169)
	at org.junit.platform.launcher.core.EngineExecutionOrchestrator.execute(EngineExecutionOrchestrator.java:93)
	at org.junit.platform.launcher.core.EngineExecutionOrchestrator.lambda$execute$0(EngineExecutionOrchestrator.java:58)
	at org.junit.platform.launcher.core.EngineExecutionOrchestrator.withInterceptedStreams(EngineExecutionOrchestrator.java:141)
	at org.junit.platform.launcher.core.EngineExecutionOrchestrator.execute(EngineExecutionOrchestrator.java:57)
	at org.junit.platform.launcher.core.DefaultLauncher.execute(DefaultLauncher.java:103)
	at org.junit.platform.launcher.core.DefaultLauncher.execute(DefaultLauncher.java:85)
	at org.junit.platform.launcher.core.DelegatingLauncher.execute(DelegatingLauncher.java:47)
	at org.apache.maven.surefire.junitplatform.LazyLauncher.execute(LazyLauncher.java:56)
	at org.apache.maven.surefire.junitplatform.JUnitPlatformProvider.execute(JUnitPlatformProvider.java:184)
	at org.apache.maven.surefire.junitplatform.JUnitPlatformProvider.invokeAllTests(JUnitPlatformProvider.java:148)
	at org.apache.maven.surefire.junitplatform.JUnitPlatformProvider.invoke(JUnitPlatformProvider.java:122)
	at org.apache.maven.surefire.booter.ForkedBooter.runSuitesInProcess(ForkedBooter.java:385)
	at org.apache.maven.surefire.booter.ForkedBooter.execute(ForkedBooter.java:162)
	at org.apache.maven.surefire.booter.ForkedBooter.run(ForkedBooter.java:507)
	at org.apache.maven.surefire.booter.ForkedBooter.main(ForkedBooter.java:495)

[ERRO] 2026-01-09 18:51:47.179 - Erro-67
  Exceção: java.lang.RuntimeException: Erro 67
java.lang.RuntimeException: Erro 67
	at testes.ErrorLoggerTest.testeLogNaoCresceIndefinidamente(ErrorLoggerTest.java:398)
	at java.base/jdk.internal.reflect.DirectMethodHandleAccessor.invoke(DirectMethodHandleAccessor.java:103)
	at java.base/java.lang.reflect.Method.invoke(Method.java:580)
	at org.junit.platform.commons.util.ReflectionUtils.invokeMethod(ReflectionUtils.java:728)
	at org.junit.jupiter.engine.execution.MethodInvocation.proceed(MethodInvocation.java:60)
	at org.junit.jupiter.engine.execution.InvocationInterceptorChain$ValidatingInvocation.proceed(InvocationInterceptorChain.java:131)
	at org.junit.jupiter.engine.extension.TimeoutExtension.intercept(TimeoutExtension.java:156)
	at org.junit.jupiter.engine.extension.TimeoutExtension.interceptTestableMethod(TimeoutExtension.java:147)
	at org.junit.jupiter.engine.extension.TimeoutExtension.interceptTestMethod(TimeoutExtension.java:86)
	at org.junit.jupiter.engine.execution.InterceptingExecutableInvoker$ReflectiveInterceptorCall.lambda$ofVoidMethod$0(InterceptingExecutableInvoker.java:103)
	at org.junit.jupiter.engine.execution.InterceptingExecutableInvoker.lambda$invoke$0(InterceptingExecutableInvoker.java:93)
	at org.junit.jupiter.engine.execution.InvocationInterceptorChain$InterceptedInvocation.proceed(InvocationInterceptorChain.java:106)
	at org.junit.jupiter.engine.execution.InvocationInterceptorChain.proceed(InvocationInterceptorChain.java:64)
	at org.junit.jupiter.engine.execution.InvocationInterceptorChain.chainAndInvoke(InvocationInterceptorChain.java:45)
	at org.junit.jupiter.engine.execution.InvocationInterceptorChain.invoke(InvocationInterceptorChain.java:37)
	at org.junit.jupiter.engine.execution.InterceptingExecutableInvoker.invoke(InterceptingExecutableInvoker.java:92)
	at org.junit.jupiter.engine.execution.InterceptingExecutableInvoker.invoke(InterceptingExecutableInvoker.java:86)
	at org.junit.jupiter.engine.descriptor.TestMethodTestDescriptor.lambda$invokeTestMethod$7(TestMethodTestDescriptor.java:218)
	at org.junit.platform.engine.support.hierarchical.ThrowableCollector.execute(ThrowableCollector.java:73)
	at org.junit.jupiter.engine.descriptor.TestMethodTestDescriptor.invokeTestMethod(TestMethodTestDescriptor.java:214)
	at org.junit.jupiter.engine.descriptor.TestMethodTestDescriptor.execute(TestMethodTestDescriptor.java:139)
	at org.junit.jupiter.engine.descriptor.TestMethodTestDescriptor.execute(TestMethodTestDescriptor.java:69)
	at org.junit.platform.engine.support.hierarchical.NodeTestTask.lambda$executeRecursively$6(NodeTestTask.java:151)
	at org.junit.platform.engine.support.hierarchical.ThrowableCollector.execute(ThrowableCollector.java:73)
	at org.junit.platform.engine.support.hierarchical.NodeTestTask.lambda$executeRecursively$8(NodeTestTask.java:141)
	at org.junit.platform.engine.support.hierarchical.Node.around(Node.java:137)
	at org.junit.platform.engine.support.hierarchical.NodeTestTask.lambda$executeRecursively$9(NodeTestTask.java:139)
	at org.junit.platform.engine.support.hierarchical.ThrowableCollector.execute(ThrowableCollector.java:73)
	at org.junit.platform.engine.support.hierarchical.NodeTestTask.executeRecursively(NodeTestTask.java:138)
	at org.junit.platform.engine.support.hierarchical.NodeTestTask.execute(NodeTestTask.java:95)
	at java.base/java.util.ArrayList.forEach(ArrayList.java:1597)
	at org.junit.platform.engine.support.hierarchical.SameThreadHierarchicalTestExecutorService.invokeAll(SameThreadHierarchicalTestExecutorService.java:41)
	at org.junit.platform.engine.support.hierarchical.NodeTestTask.lambda$executeRecursively$6(NodeTestTask.java:155)
	at org.junit.platform.engine.support.hierarchical.ThrowableCollector.execute(ThrowableCollector.java:73)
	at org.junit.platform.engine.support.hierarchical.NodeTestTask.lambda$executeRecursively$8(NodeTestTask.java:141)
	at org.junit.platform.engine.support.hierarchical.Node.around(Node.java:137)
	at org.junit.platform.engine.support.hierarchical.NodeTestTask.lambda$executeRecursively$9(NodeTestTask.java:139)
	at org.junit.platform.engine.support.hierarchical.ThrowableCollector.execute(ThrowableCollector.java:73)
	at org.junit.platform.engine.support.hierarchical.NodeTestTask.executeRecursively(NodeTestTask.java:138)
	at org.junit.platform.engine.support.hierarchical.NodeTestTask.execute(NodeTestTask.java:95)
	at java.base/java.util.ArrayList.forEach(ArrayList.java:1597)
	at org.junit.platform.engine.support.hierarchical.SameThreadHierarchicalTestExecutorService.invokeAll(SameThreadHierarchicalTestExecutorService.java:41)
	at org.junit.platform.engine.support.hierarchical.NodeTestTask.lambda$executeRecursively$6(NodeTestTask.java:155)
	at org.junit.platform.engine.support.hierarchical.ThrowableCollector.execute(ThrowableCollector.java:73)
	at org.junit.platform.engine.support.hierarchical.NodeTestTask.lambda$executeRecursively$8(NodeTestTask.java:141)
	at org.junit.platform.engine.support.hierarchical.Node.around(Node.java:137)
	at org.junit.platform.engine.support.hierarchical.NodeTestTask.lambda$executeRecursively$9(NodeTestTask.java:139)
	at org.junit.platform.engine.support.hierarchical.ThrowableCollector.execute(ThrowableCollector.java:73)
	at org.junit.platform.engine.support.hierarchical.NodeTestTask.executeRecursively(NodeTestTask.java:138)
	at org.junit.platform.engine.support.hierarchical.NodeTestTask.execute(NodeTestTask.java:95)
	at org.junit.platform.engine.support.hierarchical.SameThreadHierarchicalTestExecutorService.submit(SameThreadHierarchicalTestExecutorService.java:35)
	at org.junit.platform.engine.support.hierarchical.HierarchicalTestExecutor.execute(HierarchicalTestExecutor.java:57)
	at org.junit.platform.engine.support.hierarchical.HierarchicalTestEngine.execute(HierarchicalTestEngine.java:54)
	at org.junit.platform.launcher.core.EngineExecutionOrchestrator.execute(EngineExecutionOrchestrator.java:198)
	at org.junit.platform.launcher.core.EngineExecutionOrchestrator.execute(EngineExecutionOrchestrator.java:169)
	at org.junit.platform.launcher.core.EngineExecutionOrchestrator.execute(EngineExecutionOrchestrator.java:93)
	at org.junit.platform.launcher.core.EngineExecutionOrchestrator.lambda$execute$0(EngineExecutionOrchestrator.java:58)
	at org.junit.platform.launcher.core.EngineExecutionOrchestrator.withInterceptedStreams(EngineExecutionOrchestrator.java:141)
	at org.junit.platform.launcher.core.EngineExecutionOrchestrator.execute(EngineExecutionOrchestrator.java:57)
	at org.junit.platform.launcher.core.DefaultLauncher.execute(DefaultLauncher.java:103)
	at org.junit.platform.launcher.core.DefaultLauncher.execute(DefaultLauncher.java:85)
	at org.junit.platform.launcher.core.DelegatingLauncher.execute(DelegatingLauncher.java:47)
	at org.apache.maven.surefire.junitplatform.LazyLauncher.execute(LazyLauncher.java:56)
	at org.apache.maven.surefire.junitplatform.JUnitPlatformProvider.execute(JUnitPlatformProvider.java:184)
	at org.apache.maven.surefire.junitplatform.JUnitPlatformProvider.invokeAllTests(JUnitPlatformProvider.java:148)
	at org.apache.maven.surefire.junitplatform.JUnitPlatformProvider.invoke(JUnitPlatformProvider.java:122)
	at org.apache.maven.surefire.booter.ForkedBooter.runSuitesInProcess(ForkedBooter.java:385)
	at org.apache.maven.surefire.booter.ForkedBooter.execute(ForkedBooter.java:162)
	at org.apache.maven.surefire.booter.ForkedBooter.run(ForkedBooter.java:507)
	at org.apache.maven.surefire.booter.ForkedBooter.main(ForkedBooter.java:495)

[ERRO] 2026-01-09 18:51:47.179 - Erro-68
  Exceção: java.lang.RuntimeException: Erro 68
java.lang.RuntimeException: Erro 68
	at testes.ErrorLoggerTest.testeLogNaoCresceIndefinidamente(ErrorLoggerTest.java:398)
	at java.base/jdk.internal.reflect.DirectMethodHandleAccessor.invoke(DirectMethodHandleAccessor.java:103)
	at java.base/java.lang.reflect.Method.invoke(Method.java:580)
	at org.junit.platform.commons.util.ReflectionUtils.invokeMethod(ReflectionUtils.java:728)
	at org.junit.jupiter.engine.execution.MethodInvocation.proceed(MethodInvocation.java:60)
	at org.junit.jupiter.engine.execution.InvocationInterceptorChain$ValidatingInvocation.proceed(InvocationInterceptorChain.java:131)
	at org.junit.jupiter.engine.extension.TimeoutExtension.intercept(TimeoutExtension.java:156)
	at org.junit.jupiter.engine.extension.TimeoutExtension.interceptTestableMethod(TimeoutExtension.java:147)
	at org.junit.jupiter.engine.extension.TimeoutExtension.interceptTestMethod(TimeoutExtension.java:86)
	at org.junit.jupiter.engine.execution.InterceptingExecutableInvoker$ReflectiveInterceptorCall.lambda$ofVoidMethod$0(InterceptingExecutableInvoker.java:103)
	at org.junit.jupiter.engine.execution.InterceptingExecutableInvoker.lambda$invoke$0(InterceptingExecutableInvoker.java:93)
	at org.junit.jupiter.engine.execution.InvocationInterceptorChain$InterceptedInvocation.proceed(InvocationInterceptorChain.java:106)
	at org.junit.jupiter.engine.execution.InvocationInterceptorChain.proceed(InvocationInterceptorChain.java:64)
	at org.junit.jupiter.engine.execution.InvocationInterceptorChain.chainAndInvoke(InvocationInterceptorChain.java:45)
	at org.junit.jupiter.engine.execution.InvocationInterceptorChain.invoke(InvocationInterceptorChain.java:37)
	at org.junit.jupiter.engine.execution.InterceptingExecutableInvoker.invoke(InterceptingExecutableInvoker.java:92)
	at org.junit.jupiter.engine.execution.InterceptingExecutableInvoker.invoke(InterceptingExecutableInvoker.java:86)
	at org.junit.jupiter.engine.descriptor.TestMethodTestDescriptor.lambda$invokeTestMethod$7(TestMethodTestDescriptor.java:218)
	at org.junit.platform.engine.support.hierarchical.ThrowableCollector.execute(ThrowableCollector.java:73)
	at org.junit.jupiter.engine.descriptor.TestMethodTestDescriptor.invokeTestMethod(TestMethodTestDescriptor.java:214)
	at org.junit.jupiter.engine.descriptor.TestMethodTestDescriptor.execute(TestMethodTestDescriptor.java:139)
	at org.junit.jupiter.engine.descriptor.TestMethodTestDescriptor.execute(TestMethodTestDescriptor.java:69)
	at org.junit.platform.engine.support.hierarchical.NodeTestTask.lambda$executeRecursively$6(NodeTestTask.java:151)
	at org.junit.platform.engine.support.hierarchical.ThrowableCollector.execute(ThrowableCollector.java:73)
	at org.junit.platform.engine.support.hierarchical.NodeTestTask.lambda$executeRecursively$8(NodeTestTask.java:141)
	at org.junit.platform.engine.support.hierarchical.Node.around(Node.java:137)
	at org.junit.platform.engine.support.hierarchical.NodeTestTask.lambda$executeRecursively$9(NodeTestTask.java:139)
	at org.junit.platform.engine.support.hierarchical.ThrowableCollector.execute(ThrowableCollector.java:73)
	at org.junit.platform.engine.support.hierarchical.NodeTestTask.executeRecursively(NodeTestTask.java:138)
	at org.junit.platform.engine.support.hierarchical.NodeTestTask.execute(NodeTestTask.java:95)
	at java.base/java.util.ArrayList.forEach(ArrayList.java:1597)
	at org.junit.platform.engine.support.hierarchical.SameThreadHierarchicalTestExecutorService.invokeAll(SameThreadHierarchicalTestExecutorService.java:41)
	at org.junit.platform.engine.support.hierarchical.NodeTestTask.lambda$executeRecursively$6(NodeTestTask.java:155)
	at org.junit.platform.engine.support.hierarchical.ThrowableCollector.execute(ThrowableCollector.java:73)
	at org.junit.platform.engine.support.hierarchical.NodeTestTask.lambda$executeRecursively$8(NodeTestTask.java:141)
	at org.junit.platform.engine.support.hierarchical.Node.around(Node.java:137)
	at org.junit.platform.engine.support.hierarchical.NodeTestTask.lambda$executeRecursively$9(NodeTestTask.java:139)
	at org.junit.platform.engine.support.hierarchical.ThrowableCollector.execute(ThrowableCollector.java:73)
	at org.junit.platform.engine.support.hierarchical.NodeTestTask.executeRecursively(NodeTestTask.java:138)
	at org.junit.platform.engine.support.hierarchical.NodeTestTask.execute(NodeTestTask.java:95)
	at java.base/java.util.ArrayList.forEach(ArrayList.java:1597)
	at org.junit.platform.engine.support.hierarchical.SameThreadHierarchicalTestExecutorService.invokeAll(SameThreadHierarchicalTestExecutorService.java:41)
	at org.junit.platform.engine.support.hierarchical.NodeTestTask.lambda$executeRecursively$6(NodeTestTask.java:155)
	at org.junit.platform.engine.support.hierarchical.ThrowableCollector.execute(ThrowableCollector.java:73)
	at org.junit.platform.engine.support.hierarchical.NodeTestTask.lambda$executeRecursively$8(NodeTestTask.java:141)
	at org.junit.platform.engine.support.hierarchical.Node.around(Node.java:137)
	at org.junit.platform.engine.support.hierarchical.NodeTestTask.lambda$executeRecursively$9(NodeTestTask.java:139)
	at org.junit.platform.engine.support.hierarchical.ThrowableCollector.execute(ThrowableCollector.java:73)
	at org.junit.platform.engine.support.hierarchical.NodeTestTask.executeRecursively(NodeTestTask.java:138)
	at org.junit.platform.engine.support.hierarchical.NodeTestTask.execute(NodeTestTask.java:95)
	at org.junit.platform.engine.support.hierarchical.SameThreadHierarchicalTestExecutorService.submit(SameThreadHierarchicalTestExecutorService.java:35)
	at org.junit.platform.engine.support.hierarchical.HierarchicalTestExecutor.execute(HierarchicalTestExecutor.java:57)
	at org.junit.platform.engine.support.hierarchical.HierarchicalTestEngine.execute(HierarchicalTestEngine.java:54)
	at org.junit.platform.launcher.core.EngineExecutionOrchestrator.execute(EngineExecutionOrchestrator.java:198)
	at org.junit.platform.launcher.core.EngineExecutionOrchestrator.execute(EngineExecutionOrchestrator.java:169)
	at org.junit.platform.launcher.core.EngineExecutionOrchestrator.execute(EngineExecutionOrchestrator.java:93)
	at org.junit.platform.launcher.core.EngineExecutionOrchestrator.lambda$execute$0(EngineExecutionOrchestrator.java:58)
	at org.junit.platform.launcher.core.EngineExecutionOrchestrator.withInterceptedStreams(EngineExecutionOrchestrator.java:141)
	at org.junit.platform.launcher.core.EngineExecutionOrchestrator.execute(EngineExecutionOrchestrator.java:57)
	at org.junit.platform.launcher.core.DefaultLauncher.execute(DefaultLauncher.java:103)
	at org.junit.platform.launcher.core.DefaultLauncher.execute(DefaultLauncher.java:85)
	at org.junit.platform.launcher.core.DelegatingLauncher.execute(DelegatingLauncher.java:47)
	at org.apache.maven.surefire.junitplatform.LazyLauncher.execute(LazyLauncher.java:56)
	at org.apache.maven.surefire.junitplatform.JUnitPlatformProvider.execute(JUnitPlatformProvider.java:184)
	at org.apache.maven.surefire.junitplatform.JUnitPlatformProvider.invokeAllTests(JUnitPlatformProvider.java:148)
	at org.apache.maven.surefire.junitplatform.JUnitPlatformProvider.invoke(JUnitPlatformProvider.java:122)
	at org.apache.maven.surefire.booter.ForkedBooter.runSuitesInProcess(ForkedBooter.java:385)
	at org.apache.maven.surefire.booter.ForkedBooter.execute(ForkedBooter.java:162)
	at org.apache.maven.surefire.booter.ForkedBooter.run(ForkedBooter.java:507)
	at org.apache.maven.surefire.booter.ForkedBooter.main(ForkedBooter.java:495)

[ERRO] 2026-01-09 18:51:47.180 - Erro-69
  Exceção: java.lang.RuntimeException: Erro 69
java.lang.RuntimeException: Erro 69
	at testes.ErrorLoggerTest.testeLogNaoCresceIndefinidamente(ErrorLoggerTest.java:398)
	at java.base/jdk.internal.reflect.DirectMethodHandleAccessor.invoke(DirectMethodHandleAccessor.java:103)
	at java.base/java.lang.reflect.Method.invoke(Method.java:580)
	at org.junit.platform.commons.util.ReflectionUtils.invokeMethod(ReflectionUtils.java:728)
	at org.junit.jupiter.engine.execution.MethodInvocation.proceed(MethodInvocation.java:60)
	at org.junit.jupiter.engine.execution.InvocationInterceptorChain$ValidatingInvocation.proceed(InvocationInterceptorChain.java:131)
	at org.junit.jupiter.engine.extension.TimeoutExtension.intercept(TimeoutExtension.java:156)
	at org.junit.jupiter.engine.extension.TimeoutExtension.interceptTestableMethod(TimeoutExtension.java:147)
	at org.junit.jupiter.engine.extension.TimeoutExtension.interceptTestMethod(TimeoutExtension.java:86)
	at org.junit.jupiter.engine.execution.InterceptingExecutableInvoker$ReflectiveInterceptorCall.lambda$ofVoidMethod$0(InterceptingExecutableInvoker.java:103)
	at org.junit.jupiter.engine.execution.InterceptingExecutableInvoker.lambda$invoke$0(InterceptingExecutableInvoker.java:93)
	at org.junit.jupiter.engine.execution.InvocationInterceptorChain$InterceptedInvocation.proceed(InvocationInterceptorChain.java:106)
	at org.junit.jupiter.engine.execution.InvocationInterceptorChain.proceed(InvocationInterceptorChain.java:64)
	at org.junit.jupiter.engine.execution.InvocationInterceptorChain.chainAndInvoke(InvocationInterceptorChain.java:45)
	at org.junit.jupiter.engine.execution.InvocationInterceptorChain.invoke(InvocationInterceptorChain.java:37)
	at org.junit.jupiter.engine.execution.InterceptingExecutableInvoker.invoke(InterceptingExecutableInvoker.java:92)
	at org.junit.jupiter.engine.execution.InterceptingExecutableInvoker.invoke(InterceptingExecutableInvoker.java:86)
	at org.junit.jupiter.engine.descriptor.TestMethodTestDescriptor.lambda$invokeTestMethod$7(TestMethodTestDescriptor.java:218)
	at org.junit.platform.engine.support.hierarchical.ThrowableCollector.execute(ThrowableCollector.java:73)
	at org.junit.jupiter.engine.descriptor.TestMethodTestDescriptor.invokeTestMethod(TestMethodTestDescriptor.java:214)
	at org.junit.jupiter.engine.descriptor.TestMethodTestDescriptor.execute(TestMethodTestDescriptor.java:139)
	at org.junit.jupiter.engine.descriptor.TestMethodTestDescriptor.execute(TestMethodTestDescriptor.java:69)
	at org.junit.platform.engine.support.hierarchical.NodeTestTask.lambda$executeRecursively$6(NodeTestTask.java:151)
	at org.junit.platform.engine.support.hierarchical.ThrowableCollector.execute(ThrowableCollector.java:73)
	at org.junit.platform.engine.support.hierarchical.NodeTestTask.lambda$executeRecursively$8(NodeTestTask.java:141)
	at org.junit.platform.engine.support.hierarchical.Node.around(Node.java:137)
	at org.junit.platform.engine.support.hierarchical.NodeTestTask.lambda$executeRecursively$9(NodeTestTask.java:139)
	at org.junit.platform.engine.support.hierarchical.ThrowableCollector.execute(ThrowableCollector.java:73)
	at org.junit.platform.engine.support.hierarchical.NodeTestTask.executeRecursively(NodeTestTask.java:138)
	at org.junit.platform.engine.support.hierarchical.NodeTestTask.execute(NodeTestTask.java:95)
	at java.base/java.util.ArrayList.forEach(ArrayList.java:1597)
	at org.junit.platform.engine.support.hierarchical.SameThreadHierarchicalTestExecutorService.invokeAll(SameThreadHierarchicalTestExecutorService.java:41)
	at org.junit.platform.engine.support.hierarchical.NodeTestTask.lambda$executeRecursively$6(NodeTestTask.java:155)
	at org.junit.platform.engine.support.hierarchical.ThrowableCollector.execute(ThrowableCollector.java:73)
	at org.junit.platform.engine.support.hierarchical.NodeTestTask.lambda$executeRecursively$8(NodeTestTask.java:141)
	at org.junit.platform.engine.support.hierarchical.Node.around(Node.java:137)
	at org.junit.platform.engine.support.hierarchical.NodeTestTask.lambda$executeRecursively$9(NodeTestTask.java:139)
	at org.junit.platform.engine.support.hierarchical.ThrowableCollector.execute(ThrowableCollector.java:73)
	at org.junit.platform.engine.support.hierarchical.NodeTestTask.executeRecursively(NodeTestTask.java:138)
	at org.junit.platform.engine.support.hierarchical.NodeTestTask.execute(NodeTestTask.java:95)
	at java.base/java.util.ArrayList.forEach(ArrayList.java:1597)
	at org.junit.platform.engine.support.hierarchical.SameThreadHierarchicalTestExecutorService.invokeAll(SameThreadHierarchicalTestExecutorService.java:41)
	at org.junit.platform.engine.support.hierarchical.NodeTestTask.lambda$executeRecursively$6(NodeTestTask.java:155)
	at org.junit.platform.engine.support.hierarchical.ThrowableCollector.execute(ThrowableCollector.java:73)
	at org.junit.platform.engine.support.hierarchical.NodeTestTask.lambda$executeRecursively$8(NodeTestTask.java:141)
	at org.junit.platform.engine.support.hierarchical.Node.around(Node.java:137)
	at org.junit.platform.engine.support.hierarchical.NodeTestTask.lambda$executeRecursively$9(NodeTestTask.java:139)
	at org.junit.platform.engine.support.hierarchical.ThrowableCollector.execute(ThrowableCollector.java:73)
	at org.junit.platform.engine.support.hierarchical.NodeTestTask.executeRecursively(NodeTestTask.java:138)
	at org.junit.platform.engine.support.hierarchical.NodeTestTask.execute(NodeTestTask.java:95)
	at org.junit.platform.engine.support.hierarchical.SameThreadHierarchicalTestExecutorService.submit(SameThreadHierarchicalTestExecutorService.java:35)
	at org.junit.platform.engine.support.hierarchical.HierarchicalTestExecutor.execute(HierarchicalTestExecutor.java:57)
	at org.junit.platform.engine.support.hierarchical.HierarchicalTestEngine.execute(HierarchicalTestEngine.java:54)
	at org.junit.platform.launcher.core.EngineExecutionOrchestrator.execute(EngineExecutionOrchestrator.java:198)
	at org.junit.platform.launcher.core.EngineExecutionOrchestrator.execute(EngineExecutionOrchestrator.java:169)
	at org.junit.platform.launcher.core.EngineExecutionOrchestrator.execute(EngineExecutionOrchestrator.java:93)
	at org.junit.platform.launcher.core.EngineExecutionOrchestrator.lambda$execute$0(EngineExecutionOrchestrator.java:58)
	at org.junit.platform.launcher.core.EngineExecutionOrchestrator.withInterceptedStreams(EngineExecutionOrchestrator.java:141)
	at org.junit.platform.launcher.core.EngineExecutionOrchestrator.execute(EngineExecutionOrchestrator.java:57)
	at org.junit.platform.launcher.core.DefaultLauncher.execute(DefaultLauncher.java:103)
	at org.junit.platform.launcher.core.DefaultLauncher.execute(DefaultLauncher.java:85)
	at org.junit.platform.launcher.core.DelegatingLauncher.execute(DelegatingLauncher.java:47)
	at org.apache.maven.surefire.junitplatform.LazyLauncher.execute(LazyLauncher.java:56)
	at org.apache.maven.surefire.junitplatform.JUnitPlatformProvider.execute(JUnitPlatformProvider.java:184)
	at org.apache.maven.surefire.junitplatform.JUnitPlatformProvider.invokeAllTests(JUnitPlatformProvider.java:148)
	at org.apache.maven.surefire.junitplatform.JUnitPlatformProvider.invoke(JUnitPlatformProvider.java:122)
	at org.apache.maven.surefire.booter.ForkedBooter.runSuitesInProcess(ForkedBooter.java:385)
	at org.apache.maven.surefire.booter.ForkedBooter.execute(ForkedBooter.java:162)
	at org.apache.maven.surefire.booter.ForkedBooter.run(ForkedBooter.java:507)
	at org.apache.maven.surefire.booter.ForkedBooter.main(ForkedBooter.java:495)

[ERRO] 2026-01-09 18:51:47.180 - Erro-70
  Exceção: java.lang.RuntimeException: Erro 70
java.lang.RuntimeException: Erro 70
	at testes.ErrorLoggerTest.testeLogNaoCresceIndefinidamente(ErrorLoggerTest.java:398)
	at java.base/jdk.internal.reflect.DirectMethodHandleAccessor.invoke(DirectMethodHandleAccessor.java:103)
	at java.base/java.lang.reflect.Method.invoke(Method.java:580)
	at org.junit.platform.commons.util.ReflectionUtils.invokeMethod(ReflectionUtils.java:728)
	at org.junit.jupiter.engine.execution.MethodInvocation.proceed(MethodInvocation.java:60)
	at org.junit.jupiter.engine.execution.InvocationInterceptorChain$ValidatingInvocation.proceed(InvocationInterceptorChain.java:131)
	at org.junit.jupiter.engine.extension.TimeoutExtension.intercept(TimeoutExtension.java:156)
	at org.junit.jupiter.engine.extension.TimeoutExtension.interceptTestableMethod(TimeoutExtension.java:147)
	at org.junit.jupiter.engine.extension.TimeoutExtension.interceptTestMethod(TimeoutExtension.java:86)
	at org.junit.jupiter.engine.execution.InterceptingExecutableInvoker$ReflectiveInterceptorCall.lambda$ofVoidMethod$0(InterceptingExecutableInvoker.java:103)
	at org.junit.jupiter.engine.execution.InterceptingExecutableInvoker.lambda$invoke$0(InterceptingExecutableInvoker.java:93)
	at org.junit.jupiter.engine.execution.InvocationInterceptorChain$InterceptedInvocation.proceed(InvocationInterceptorChain.java:106)
	at org.junit.jupiter.engine.execution.InvocationInterceptorChain.proceed(InvocationInterceptorChain.java:64)
	at org.junit.jupiter.engine.execution.InvocationInterceptorChain.chainAndInvoke(InvocationInterceptorChain.java:45)
	at org.junit.jupiter.engine.execution.InvocationInterceptorChain.invoke(InvocationInterceptorChain.java:37)
	at org.junit.jupiter.engine.execution.InterceptingExecutableInvoker.invoke(InterceptingExecutableInvoker.java:92)
	at org.junit.jupiter.engine.execution.InterceptingExecutableInvoker.invoke(InterceptingExecutableInvoker.java:86)
	at org.junit.jupiter.engine.descriptor.TestMethodTestDescriptor.lambda$invokeTestMethod$7(TestMethodTestDescriptor.java:218)
	at org.junit.platform.engine.support.hierarchical.ThrowableCollector.execute(ThrowableCollector.java:73)
	at org.junit.jupiter.engine.descriptor.TestMethodTestDescriptor.invokeTestMethod(TestMethodTestDescriptor.java:214)
	at org.junit.jupiter.engine.descriptor.TestMethodTestDescriptor.execute(TestMethodTestDescriptor.java:139)
	at org.junit.jupiter.engine.descriptor.TestMethodTestDescriptor.execute(TestMethodTestDescriptor.java:69)
	at org.junit.platform.engine.support.hierarchical.NodeTestTask.lambda$executeRecursively$6(NodeTestTask.java:151)
	at org.junit.platform.engine.support.hierarchical.ThrowableCollector.execute(ThrowableCollector.java:73)
	at org.junit.platform.engine.support.hierarchical.NodeTestTask.lambda$executeRecursively$8(NodeTestTask.java:141)
	at org.junit.platform.engine.support.hierarchical.Node.around(Node.java:137)
	at org.junit.platform.engine.support.hierarchical.NodeTestTask.lambda$executeRecursively$9(NodeTestTask.java:139)
	at org.junit.platform.engine.support.hierarchical.ThrowableCollector.execute(ThrowableCollector.java:73)
	at org.junit.platform.engine.support.hierarchical.NodeTestTask.executeRecursively(NodeTestTask.java:138)
	at org.junit.platform.engine.support.hierarchical.NodeTestTask.execute(NodeTestTask.java:95)
	at java.base/java.util.ArrayList.forEach(ArrayList.java:1597)
	at org.junit.platform.engine.support.hierarchical.SameThreadHierarchicalTestExecutorService.invokeAll(SameThreadHierarchicalTestExecutorService.java:41)
	at org.junit.platform.engine.support.hierarchical.NodeTestTask.lambda$executeRecursively$6(NodeTestTask.java:155)
	at org.junit.platform.engine.support.hierarchical.ThrowableCollector.execute(ThrowableCollector.java:73)
	at org.junit.platform.engine.support.hierarchical.NodeTestTask.lambda$executeRecursively$8(NodeTestTask.java:141)
	at org.junit.platform.engine.support.hierarchical.Node.around(Node.java:137)
	at org.junit.platform.engine.support.hierarchical.NodeTestTask.lambda$executeRecursively$9(NodeTestTask.java:139)
	at org.junit.platform.engine.support.hierarchical.ThrowableCollector.execute(ThrowableCollector.java:73)
	at org.junit.platform.engine.support.hierarchical.NodeTestTask.executeRecursively(NodeTestTask.java:138)
	at org.junit.platform.engine.support.hierarchical.NodeTestTask.execute(NodeTestTask.java:95)
	at java.base/java.util.ArrayList.forEach(ArrayList.java:1597)
	at org.junit.platform.engine.support.hierarchical.SameThreadHierarchicalTestExecutorService.invokeAll(SameThreadHierarchicalTestExecutorService.java:41)
	at org.junit.platform.engine.support.hierarchical.NodeTestTask.lambda$executeRecursively$6(NodeTestTask.java:155)
	at org.junit.platform.engine.support.hierarchical.ThrowableCollector.execute(ThrowableCollector.java:73)
	at org.junit.platform.engine.support.hierarchical.NodeTestTask.lambda$executeRecursively$8(NodeTestTask.java:141)
	at org.junit.platform.engine.support.hierarchical.Node.around(Node.java:137)
	at org.junit.platform.engine.support.hierarchical.NodeTestTask.lambda$executeRecursively$9(NodeTestTask.java:139)
	at org.junit.platform.engine.support.hierarchical.ThrowableCollector.execute(ThrowableCollector.java:73)
	at org.junit.platform.engine.support.hierarchical.NodeTestTask.executeRecursively(NodeTestTask.java:138)
	at org.junit.platform.engine.support.hierarchical.NodeTestTask.execute(NodeTestTask.java:95)
	at org.junit.platform.engine.support.hierarchical.SameThreadHierarchicalTestExecutorService.submit(SameThreadHierarchicalTestExecutorService.java:35)
	at org.junit.platform.engine.support.hierarchical.HierarchicalTestExecutor.execute(HierarchicalTestExecutor.java:57)
	at org.junit.platform.engine.support.hierarchical.HierarchicalTestEngine.execute(HierarchicalTestEngine.java:54)
	at org.junit.platform.launcher.core.EngineExecutionOrchestrator.execute(EngineExecutionOrchestrator.java:198)
	at org.junit.platform.launcher.core.EngineExecutionOrchestrator.execute(EngineExecutionOrchestrator.java:169)
	at org.junit.platform.launcher.core.EngineExecutionOrchestrator.execute(EngineExecutionOrchestrator.java:93)
	at org.junit.platform.launcher.core.EngineExecutionOrchestrator.lambda$execute$0(EngineExecutionOrchestrator.java:58)
	at org.junit.platform.launcher.core.EngineExecutionOrchestrator.withInterceptedStreams(EngineExecutionOrchestrator.java:141)
	at org.junit.platform.launcher.core.EngineExecutionOrchestrator.execute(EngineExecutionOrchestrator.java:57)
	at org.junit.platform.launcher.core.DefaultLauncher.execute(DefaultLauncher.java:103)
	at org.junit.platform.launcher.core.DefaultLauncher.execute(DefaultLauncher.java:85)
	at org.junit.platform.launcher.core.DelegatingLauncher.execute(DelegatingLauncher.java:47)
	at org.apache.maven.surefire.junitplatform.LazyLauncher.execute(LazyLauncher.java:56)
	at org.apache.maven.surefire.junitplatform.JUnitPlatformProvider.execute(JUnitPlatformProvider.java:184)
	at org.apache.maven.surefire.junitplatform.JUnitPlatformProvider.invokeAllTests(JUnitPlatformProvider.java:148)
	at org.apache.maven.surefire.junitplatform.JUnitPlatformProvider.invoke(JUnitPlatformProvider.java:122)
	at org.apache.maven.surefire.booter.ForkedBooter.runSuitesInProcess(ForkedBooter.java:385)
	at org.apache.maven.surefire.booter.ForkedBooter.execute(ForkedBooter.java:162)
	at org.apache.maven.surefire.booter.ForkedBooter.run(ForkedBooter.java:507)
	at org.apache.maven.surefire.booter.ForkedBooter.main(ForkedBooter.java:495)

[ERRO] 2026-01-09 18:51:47.180 - Erro-71
  Exceção: java.lang.RuntimeException: Erro 71
java.lang.RuntimeException: Erro 71
	at testes.ErrorLoggerTest.testeLogNaoCresceIndefinidamente(ErrorLoggerTest.java:398)
	at java.base/jdk.internal.reflect.DirectMethodHandleAccessor.invoke(DirectMethodHandleAccessor.java:103)
	at java.base/java.lang.reflect.Method.invoke(Method.java:580)
	at org.junit.platform.commons.util.ReflectionUtils.invokeMethod(ReflectionUtils.java:728)
	at org.junit.jupiter.engine.execution.MethodInvocation.proceed(MethodInvocation.java:60)
	at org.junit.jupiter.engine.execution.InvocationInterceptorChain$ValidatingInvocation.proceed(InvocationInterceptorChain.java:131)
	at org.junit.jupiter.engine.extension.TimeoutExtension.intercept(TimeoutExtension.java:156)
	at org.junit.jupiter.engine.extension.TimeoutExtension.interceptTestableMethod(TimeoutExtension.java:147)
	at org.junit.jupiter.engine.extension.TimeoutExtension.interceptTestMethod(TimeoutExtension.java:86)
	at org.junit.jupiter.engine.execution.InterceptingExecutableInvoker$ReflectiveInterceptorCall.lambda$ofVoidMethod$0(InterceptingExecutableInvoker.java:103)
	at org.junit.jupiter.engine.execution.InterceptingExecutableInvoker.lambda$invoke$0(InterceptingExecutableInvoker.java:93)
	at org.junit.jupiter.engine.execution.InvocationInterceptorChain$InterceptedInvocation.proceed(InvocationInterceptorChain.java:106)
	at org.junit.jupiter.engine.execution.InvocationInterceptorChain.proceed(InvocationInterceptorChain.java:64)
	at org.junit.jupiter.engine.execution.InvocationInterceptorChain.chainAndInvoke(InvocationInterceptorChain.java:45)
	at org.junit.jupiter.engine.execution.InvocationInterceptorChain.invoke(InvocationInterceptorChain.java:37)
	at org.junit.jupiter.engine.execution.InterceptingExecutableInvoker.invoke(InterceptingExecutableInvoker.java:92)
	at org.junit.jupiter.engine.execution.InterceptingExecutableInvoker.invoke(InterceptingExecutableInvoker.java:86)
	at org.junit.jupiter.engine.descriptor.TestMethodTestDescriptor.lambda$invokeTestMethod$7(TestMethodTestDescriptor.java:218)
	at org.junit.platform.engine.support.hierarchical.ThrowableCollector.execute(ThrowableCollector.java:73)
	at org.junit.jupiter.engine.descriptor.TestMethodTestDescriptor.invokeTestMethod(TestMethodTestDescriptor.java:214)
	at org.junit.jupiter.engine.descriptor.TestMethodTestDescriptor.execute(TestMethodTestDescriptor.java:139)
	at org.junit.jupiter.engine.descriptor.TestMethodTestDescriptor.execute(TestMethodTestDescriptor.java:69)
	at org.junit.platform.engine.support.hierarchical.NodeTestTask.lambda$executeRecursively$6(NodeTestTask.java:151)
	at org.junit.platform.engine.support.hierarchical.ThrowableCollector.execute(ThrowableCollector.java:73)
	at org.junit.platform.engine.support.hierarchical.NodeTestTask.lambda$executeRecursively$8(NodeTestTask.java:141)
	at org.junit.platform.engine.support.hierarchical.Node.around(Node.java:137)
	at org.junit.platform.engine.support.hierarchical.NodeTestTask.lambda$executeRecursively$9(NodeTestTask.java:139)
	at org.junit.platform.engine.support.hierarchical.ThrowableCollector.execute(ThrowableCollector.java:73)
	at org.junit.platform.engine.support.hierarchical.NodeTestTask.executeRecursively(NodeTestTask.java:138)
	at org.junit.platform.engine.support.hierarchical.NodeTestTask.execute(NodeTestTask.java:95)
	at java.base/java.util.ArrayList.forEach(ArrayList.java:1597)
	at org.junit.platform.engine.support.hierarchical.SameThreadHierarchicalTestExecutorService.invokeAll(SameThreadHierarchicalTestExecutorService.java:41)
	at org.junit.platform.engine.support.hierarchical.NodeTestTask.lambda$executeRecursively$6(NodeTestTask.java:155)
	at org.junit.platform.engine.support.hierarchical.ThrowableCollector.execute(ThrowableCollector.java:73)
	at org.junit.platform.engine.support.hierarchical.NodeTestTask.lambda$executeRecursively$8(NodeTestTask.java:141)
	at org.junit.platform.engine.support.hierarchical.Node.around(Node.java:137)
	at org.junit.platform.engine.support.hierarchical.NodeTestTask.lambda$executeRecursively$9(NodeTestTask.java:139)
	at org.junit.platform.engine.support.hierarchical.ThrowableCollector.execute(ThrowableCollector.java:73)
	at org.junit.platform.engine.support.hierarchical.NodeTestTask.executeRecursively(NodeTestTask.java:138)
	at org.junit.platform.engine.support.hierarchical.NodeTestTask.execute(NodeTestTask.java:95)
	at java.base/java.util.ArrayList.forEach(ArrayList.java:1597)
	at org.junit.platform.engine.support.hierarchical.SameThreadHierarchicalTestExecutorService.invokeAll(SameThreadHierarchicalTestExecutorService.java:41)
	at org.junit.platform.engine.support.hierarchical.NodeTestTask.lambda$executeRecursively$6(NodeTestTask.java:155)
	at org.junit.platform.engine.support.hierarchical.ThrowableCollector.execute(ThrowableCollector.java:73)
	at org.junit.platform.engine.support.hierarchical.NodeTestTask.lambda$executeRecursively$8(NodeTestTask.java:141)
	at org.junit.platform.engine.support.hierarchical.Node.around(Node.java:137)
	at org.junit.platform.engine.support.hierarchical.NodeTestTask.lambda$executeRecursively$9(NodeTestTask.java:139)
	at org.junit.platform.engine.support.hierarchical.ThrowableCollector.execute(ThrowableCollector.java:73)
	at org.junit.platform.engine.support.hierarchical.NodeTestTask.executeRecursively(NodeTestTask.java:138)
	at org.junit.platform.engine.support.hierarchical.NodeTestTask.execute(NodeTestTask.java:95)
	at org.junit.platform.engine.support.hierarchical.SameThreadHierarchicalTestExecutorService.submit(SameThreadHierarchicalTestExecutorService.java:35)
	at org.junit.platform.engine.support.hierarchical.HierarchicalTestExecutor.execute(HierarchicalTestExecutor.java:57)
	at org.junit.platform.engine.support.hierarchical.HierarchicalTestEngine.execute(HierarchicalTestEngine.java:54)
	at org.junit.platform.launcher.core.EngineExecutionOrchestrator.execute(EngineExecutionOrchestrator.java:198)
	at org.junit.platform.launcher.core.EngineExecutionOrchestrator.execute(EngineExecutionOrchestrator.java:169)
	at org.junit.platform.launcher.core.EngineExecutionOrchestrator.execute(EngineExecutionOrchestrator.java:93)
	at org.junit.platform.launcher.core.EngineExecutionOrchestrator.lambda$execute$0(EngineExecutionOrchestrator.java:58)
	at org.junit.platform.launcher.core.EngineExecutionOrchestrator.withInterceptedStreams(EngineExecutionOrchestrator.java:141)
	at org.junit.platform.launcher.core.EngineExecutionOrchestrator.execute(EngineExecutionOrchestrator.java:57)
	at org.junit.platform.launcher.core.DefaultLauncher.execute(DefaultLauncher.java:103)
	at org.junit.platform.launcher.core.DefaultLauncher.execute(DefaultLauncher.java:85)
	at org.junit.platform.launcher.core.DelegatingLauncher.execute(DelegatingLauncher.java:47)
	at org.apache.maven.surefire.junitplatform.LazyLauncher.execute(LazyLauncher.java:56)
	at org.apache.maven.surefire.junitplatform.JUnitPlatformProvider.execute(JUnitPlatformProvider.java:184)
	at org.apache.maven.surefire.junitplatform.JUnitPlatformProvider.invokeAllTests(JUnitPlatformProvider.java:148)
	at org.apache.maven.surefire.junitplatform.JUnitPlatformProvider.invoke(JUnitPlatformProvider.java:122)
	at org.apache.maven.surefire.booter.ForkedBooter.runSuitesInProcess(ForkedBooter.java:385)
	at org.apache.maven.surefire.booter.ForkedBooter.execute(ForkedBooter.java:162)
	at org.apache.maven.surefire.booter.ForkedBooter.run(ForkedBooter.java:507)
	at org.apache.maven.surefire.booter.ForkedBooter.main(ForkedBooter.java:495)

[ERRO] 2026-01-09 18:51:47.181 - Erro-72
  Exceção: java.lang.RuntimeException: Erro 72
java.lang.RuntimeException: Erro 72
	at testes.ErrorLoggerTest.testeLogNaoCresceIndefinidamente(ErrorLoggerTest.java:398)
	at java.base/jdk.internal.reflect.DirectMethodHandleAccessor.invoke(DirectMethodHandleAccessor.java:103)
	at java.base/java.lang.reflect.Method.invoke(Method.java:580)
	at org.junit.platform.commons.util.ReflectionUtils.invokeMethod(ReflectionUtils.java:728)
	at org.junit.jupiter.engine.execution.MethodInvocation.proceed(MethodInvocation.java:60)
	at org.junit.jupiter.engine.execution.InvocationInterceptorChain$ValidatingInvocation.proceed(InvocationInterceptorChain.java:131)
	at org.junit.jupiter.engine.extension.TimeoutExtension.intercept(TimeoutExtension.java:156)
	at org.junit.jupiter.engine.extension.TimeoutExtension.interceptTestableMethod(TimeoutExtension.java:147)
	at org.junit.jupiter.engine.extension.TimeoutExtension.interceptTestMethod(TimeoutExtension.java:86)
	at org.junit.jupiter.engine.execution.InterceptingExecutableInvoker$ReflectiveInterceptorCall.lambda$ofVoidMethod$0(InterceptingExecutableInvoker.java:103)
	at org.junit.jupiter.engine.execution.InterceptingExecutableInvoker.lambda$invoke$0(InterceptingExecutableInvoker.java:93)
	at org.junit.jupiter.engine.execution.InvocationInterceptorChain$InterceptedInvocation.proceed(InvocationInterceptorChain.java:106)
	at org.junit.jupiter.engine.execution.InvocationInterceptorChain.proceed(InvocationInterceptorChain.java:64)
	at org.junit.jupiter.engine.execution.InvocationInterceptorChain.chainAndInvoke(InvocationInterceptorChain.java:45)
	at org.junit.jupiter.engine.execution.InvocationInterceptorChain.invoke(InvocationInterceptorChain.java:37)
	at org.junit.jupiter.engine.execution.InterceptingExecutableInvoker.invoke(InterceptingExecutableInvoker.java:92)
	at org.junit.jupiter.engine.execution.InterceptingExecutableInvoker.invoke(InterceptingExecutableInvoker.java:86)
	at org.junit.jupiter.engine.descriptor.TestMethodTestDescriptor.lambda$invokeTestMethod$7(TestMethodTestDescriptor.java:218)
	at org.junit.platform.engine.support.hierarchical.ThrowableCollector.execute(ThrowableCollector.java:73)
	at org.junit.jupiter.engine.descriptor.TestMethodTestDescriptor.invokeTestMethod(TestMethodTestDescriptor.java:214)
	at org.junit.jupiter.engine.descriptor.TestMethodTestDescriptor.execute(TestMethodTestDescriptor.java:139)
	at org.junit.jupiter.engine.descriptor.TestMethodTestDescriptor.execute(TestMethodTestDescriptor.java:69)
	at org.junit.platform.engine.support.hierarchical.NodeTestTask.lambda$executeRecursively$6(NodeTestTask.java:151)
	at org.junit.platform.engine.support.hierarchical.ThrowableCollector.execute(ThrowableCollector.java:73)
	at org.junit.platform.engine.support.hierarchical.NodeTestTask.lambda$executeRecursively$8(NodeTestTask.java:141)
	at org.junit.platform.engine.support.hierarchical.Node.around(Node.java:137)
	at org.junit.platform.engine.support.hierarchical.NodeTestTask.lambda$executeRecursively$9(NodeTestTask.java:139)
	at org.junit.platform.engine.support.hierarchical.ThrowableCollector.execute(ThrowableCollector.java:73)
	at org.junit.platform.engine.support.hierarchical.NodeTestTask.executeRecursively(NodeTestTask.java:138)
	at org.junit.platform.engine.support.hierarchical.NodeTestTask.execute(NodeTestTask.java:95)
	at java.base/java.util.ArrayList.forEach(ArrayList.java:1597)
	at org.junit.platform.engine.support.hierarchical.SameThreadHierarchicalTestExecutorService.invokeAll(SameThreadHierarchicalTestExecutorService.java:41)
	at org.junit.platform.engine.support.hierarchical.NodeTestTask.lambda$executeRecursively$6(NodeTestTask.java:155)
	at org.junit.platform.engine.support.hierarchical.ThrowableCollector.execute(ThrowableCollector.java:73)
	at org.junit.platform.engine.support.hierarchical.NodeTestTask.lambda$executeRecursively$8(NodeTestTask.java:141)
	at org.junit.platform.engine.support.hierarchical.Node.around(Node.java:137)
	at org.junit.platform.engine.support.hierarchical.NodeTestTask.lambda$executeRecursively$9(NodeTestTask.java:139)
	at org.junit.platform.engine.support.hierarchical.ThrowableCollector.execute(ThrowableCollector.java:73)
	at org.junit.platform.engine.support.hierarchical.NodeTestTask.executeRecursively(NodeTestTask.java:138)
	at org.junit.platform.engine.support.hierarchical.NodeTestTask.execute(NodeTestTask.java:95)
	at java.base/java.util.ArrayList.forEach(ArrayList.java:1597)
	at org.junit.platform.engine.support.hierarchical.SameThreadHierarchicalTestExecutorService.invokeAll(SameThreadHierarchicalTestExecutorService.java:41)
	at org.junit.platform.engine.support.hierarchical.NodeTestTask.lambda$executeRecursively$6(NodeTestTask.java:155)
	at org.junit.platform.engine.support.hierarchical.ThrowableCollector.execute(ThrowableCollector.java:73)
	at org.junit.platform.engine.support.hierarchical.NodeTestTask.lambda$executeRecursively$8(NodeTestTask.java:141)
	at org.junit.platform.engine.support.hierarchical.Node.around(Node.java:137)
	at org.junit.platform.engine.support.hierarchical.NodeTestTask.lambda$executeRecursively$9(NodeTestTask.java:139)
	at org.junit.platform.engine.support.hierarchical.ThrowableCollector.execute(ThrowableCollector.java:73)
	at org.junit.platform.engine.support.hierarchical.NodeTestTask.executeRecursively(NodeTestTask.java:138)
	at org.junit.platform.engine.support.hierarchical.NodeTestTask.execute(NodeTestTask.java:95)
	at org.junit.platform.engine.support.hierarchical.SameThreadHierarchicalTestExecutorService.submit(SameThreadHierarchicalTestExecutorService.java:35)
	at org.junit.platform.engine.support.hierarchical.HierarchicalTestExecutor.execute(HierarchicalTestExecutor.java:57)
	at org.junit.platform.engine.support.hierarchical.HierarchicalTestEngine.execute(HierarchicalTestEngine.java:54)
	at org.junit.platform.launcher.core.EngineExecutionOrchestrator.execute(EngineExecutionOrchestrator.java:198)
	at org.junit.platform.launcher.core.EngineExecutionOrchestrator.execute(EngineExecutionOrchestrator.java:169)
	at org.junit.platform.launcher.core.EngineExecutionOrchestrator.execute(EngineExecutionOrchestrator.java:93)
	at org.junit.platform.launcher.core.EngineExecutionOrchestrator.lambda$execute$0(EngineExecutionOrchestrator.java:58)
	at org.junit.platform.launcher.core.EngineExecutionOrchestrator.withInterceptedStreams(EngineExecutionOrchestrator.java:141)
	at org.junit.platform.launcher.core.EngineExecutionOrchestrator.execute(EngineExecutionOrchestrator.java:57)
	at org.junit.platform.launcher.core.DefaultLauncher.execute(DefaultLauncher.java:103)
	at org.junit.platform.launcher.core.DefaultLauncher.execute(DefaultLauncher.java:85)
	at org.junit.platform.launcher.core.DelegatingLauncher.execute(DelegatingLauncher.java:47)
	at org.apache.maven.surefire.junitplatform.LazyLauncher.execute(LazyLauncher.java:56)
	at org.apache.maven.surefire.junitplatform.JUnitPlatformProvider.execute(JUnitPlatformProvider.java:184)
	at org.apache.maven.surefire.junitplatform.JUnitPlatformProvider.invokeAllTests(JUnitPlatformProvider.java:148)
	at org.apache.maven.surefire.junitplatform.JUnitPlatformProvider.invoke(JUnitPlatformProvider.java:122)
	at org.apache.maven.surefire.booter.ForkedBooter.runSuitesInProcess(ForkedBooter.java:385)
	at org.apache.maven.surefire.booter.ForkedBooter.execute(ForkedBooter.java:162)
	at org.apache.maven.surefire.booter.ForkedBooter.run(ForkedBooter.java:507)
	at org.apache.maven.surefire.booter.ForkedBooter.main(ForkedBooter.java:495)

[ERRO] 2026-01-09 18:51:47.181 - Erro-73
  Exceção: java.lang.RuntimeException: Erro 73
java.lang.RuntimeException: Erro 73
	at testes.ErrorLoggerTest.testeLogNaoCresceIndefinidamente(ErrorLoggerTest.java:398)
	at java.base/jdk.internal.reflect.DirectMethodHandleAccessor.invoke(DirectMethodHandleAccessor.java:103)
	at java.base/java.lang.reflect.Method.invoke(Method.java:580)
	at org.junit.platform.commons.util.ReflectionUtils.invokeMethod(ReflectionUtils.java:728)
	at org.junit.jupiter.engine.execution.MethodInvocation.proceed(MethodInvocation.java:60)
	at org.junit.jupiter.engine.execution.InvocationInterceptorChain$ValidatingInvocation.proceed(InvocationInterceptorChain.java:131)
	at org.junit.jupiter.engine.extension.TimeoutExtension.intercept(TimeoutExtension.java:156)
	at org.junit.jupiter.engine.extension.TimeoutExtension.interceptTestableMethod(TimeoutExtension.java:147)
	at org.junit.jupiter.engine.extension.TimeoutExtension.interceptTestMethod(TimeoutExtension.java:86)
	at org.junit.jupiter.engine.execution.InterceptingExecutableInvoker$ReflectiveInterceptorCall.lambda$ofVoidMethod$0(InterceptingExecutableInvoker.java:103)
	at org.junit.jupiter.engine.execution.InterceptingExecutableInvoker.lambda$invoke$0(InterceptingExecutableInvoker.java:93)
	at org.junit.jupiter.engine.execution.InvocationInterceptorChain$InterceptedInvocation.proceed(InvocationInterceptorChain.java:106)
	at org.junit.jupiter.engine.execution.InvocationInterceptorChain.proceed(InvocationInterceptorChain.java:64)
	at org.junit.jupiter.engine.execution.InvocationInterceptorChain.chainAndInvoke(InvocationInterceptorChain.java:45)
	at org.junit.jupiter.engine.execution.InvocationInterceptorChain.invoke(InvocationInterceptorChain.java:37)
	at org.junit.jupiter.engine.execution.InterceptingExecutableInvoker.invoke(InterceptingExecutableInvoker.java:92)
	at org.junit.jupiter.engine.execution.InterceptingExecutableInvoker.invoke(InterceptingExecutableInvoker.java:86)
	at org.junit.jupiter.engine.descriptor.TestMethodTestDescriptor.lambda$invokeTestMethod$7(TestMethodTestDescriptor.java:218)
	at org.junit.platform.engine.support.hierarchical.ThrowableCollector.execute(ThrowableCollector.java:73)
	at org.junit.jupiter.engine.descriptor.TestMethodTestDescriptor.invokeTestMethod(TestMethodTestDescriptor.java:214)
	at org.junit.jupiter.engine.descriptor.TestMethodTestDescriptor.execute(TestMethodTestDescriptor.java:139)
	at org.junit.jupiter.engine.descriptor.TestMethodTestDescriptor.execute(TestMethodTestDescriptor.java:69)
	at org.junit.platform.engine.support.hierarchical.NodeTestTask.lambda$executeRecursively$6(NodeTestTask.java:151)
	at org.junit.platform.engine.support.hierarchical.ThrowableCollector.execute(ThrowableCollector.java:73)
	at org.junit.platform.engine.support.hierarchical.NodeTestTask.lambda$executeRecursively$8(NodeTestTask.java:141)
	at org.junit.platform.engine.support.hierarchical.Node.around(Node.java:137)
	at org.junit.platform.engine.support.hierarchical.NodeTestTask.lambda$executeRecursively$9(NodeTestTask.java:139)
	at org.junit.platform.engine.support.hierarchical.ThrowableCollector.execute(ThrowableCollector.java:73)
	at org.junit.platform.engine.support.hierarchical.NodeTestTask.executeRecursively(NodeTestTask.java:138)
	at org.junit.platform.engine.support.hierarchical.NodeTestTask.execute(NodeTestTask.java:95)
	at java.base/java.util.ArrayList.forEach(ArrayList.java:1597)
	at org.junit.platform.engine.support.hierarchical.SameThreadHierarchicalTestExecutorService.invokeAll(SameThreadHierarchicalTestExecutorService.java:41)
	at org.junit.platform.engine.support.hierarchical.NodeTestTask.lambda$executeRecursively$6(NodeTestTask.java:155)
	at org.junit.platform.engine.support.hierarchical.ThrowableCollector.execute(ThrowableCollector.java:73)
	at org.junit.platform.engine.support.hierarchical.NodeTestTask.lambda$executeRecursively$8(NodeTestTask.java:141)
	at org.junit.platform.engine.support.hierarchical.Node.around(Node.java:137)
	at org.junit.platform.engine.support.hierarchical.NodeTestTask.lambda$executeRecursively$9(NodeTestTask.java:139)
	at org.junit.platform.engine.support.hierarchical.ThrowableCollector.execute(ThrowableCollector.java:73)
	at org.junit.platform.engine.support.hierarchical.NodeTestTask.executeRecursively(NodeTestTask.java:138)
	at org.junit.platform.engine.support.hierarchical.NodeTestTask.execute(NodeTestTask.java:95)
	at java.base/java.util.ArrayList.forEach(ArrayList.java:1597)
	at org.junit.platform.engine.support.hierarchical.SameThreadHierarchicalTestExecutorService.invokeAll(SameThreadHierarchicalTestExecutorService.java:41)
	at org.junit.platform.engine.support.hierarchical.NodeTestTask.lambda$executeRecursively$6(NodeTestTask.java:155)
	at org.junit.platform.engine.support.hierarchical.ThrowableCollector.execute(ThrowableCollector.java:73)
	at org.junit.platform.engine.support.hierarchical.NodeTestTask.lambda$executeRecursively$8(NodeTestTask.java:141)
	at org.junit.platform.engine.support.hierarchical.Node.around(Node.java:137)
	at org.junit.platform.engine.support.hierarchical.NodeTestTask.lambda$executeRecursively$9(NodeTestTask.java:139)
	at org.junit.platform.engine.support.hierarchical.ThrowableCollector.execute(ThrowableCollector.java:73)
	at org.junit.platform.engine.support.hierarchical.NodeTestTask.executeRecursively(NodeTestTask.java:138)
	at org.junit.platform.engine.support.hierarchical.NodeTestTask.execute(NodeTestTask.java:95)
	at org.junit.platform.engine.support.hierarchical.SameThreadHierarchicalTestExecutorService.submit(SameThreadHierarchicalTestExecutorService.java:35)
	at org.junit.platform.engine.support.hierarchical.HierarchicalTestExecutor.execute(HierarchicalTestExecutor.java:57)
	at org.junit.platform.engine.support.hierarchical.HierarchicalTestEngine.execute(HierarchicalTestEngine.java:54)
	at org.junit.platform.launcher.core.EngineExecutionOrchestrator.execute(EngineExecutionOrchestrator.java:198)
	at org.junit.platform.launcher.core.EngineExecutionOrchestrator.execute(EngineExecutionOrchestrator.java:169)
	at org.junit.platform.launcher.core.EngineExecutionOrchestrator.execute(EngineExecutionOrchestrator.java:93)
	at org.junit.platform.launcher.core.EngineExecutionOrchestrator.lambda$execute$0(EngineExecutionOrchestrator.java:58)
	at org.junit.platform.launcher.core.EngineExecutionOrchestrator.withInterceptedStreams(EngineExecutionOrchestrator.java:141)
	at org.junit.platform.launcher.core.EngineExecutionOrchestrator.execute(EngineExecutionOrchestrator.java:57)
	at org.junit.platform.launcher.core.DefaultLauncher.execute(DefaultLauncher.java:103)
	at org.junit.platform.launcher.core.DefaultLauncher.execute(DefaultLauncher.java:85)
	at org.junit.platform.launcher.core.DelegatingLauncher.execute(DelegatingLauncher.java:47)
	at org.apache.maven.surefire.junitplatform.LazyLauncher.execute(LazyLauncher.java:56)
	at org.apache.maven.surefire.junitplatform.JUnitPlatformProvider.execute(JUnitPlatformProvider.java:184)
	at org.apache.maven.surefire.junitplatform.JUnitPlatformProvider.invokeAllTests(JUnitPlatformProvider.java:148)
	at org.apache.maven.surefire.junitplatform.JUnitPlatformProvider.invoke(JUnitPlatformProvider.java:122)
	at org.apache.maven.surefire.booter.ForkedBooter.runSuitesInProcess(ForkedBooter.java:385)
	at org.apache.maven.surefire.booter.ForkedBooter.execute(ForkedBooter.java:162)
	at org.apache.maven.surefire.booter.ForkedBooter.run(ForkedBooter.java:507)
	at org.apache.maven.surefire.booter.ForkedBooter.main(ForkedBooter.java:495)

[ERRO] 2026-01-09 18:51:47.181 - Erro-74
  Exceção: java.lang.RuntimeException: Erro 74
java.lang.RuntimeException: Erro 74
	at testes.ErrorLoggerTest.testeLogNaoCresceIndefinidamente(ErrorLoggerTest.java:398)
	at java.base/jdk.internal.reflect.DirectMethodHandleAccessor.invoke(DirectMethodHandleAccessor.java:103)
	at java.base/java.lang.reflect.Method.invoke(Method.java:580)
	at org.junit.platform.commons.util.ReflectionUtils.invokeMethod(ReflectionUtils.java:728)
	at org.junit.jupiter.engine.execution.MethodInvocation.proceed(MethodInvocation.java:60)
	at org.junit.jupiter.engine.execution.InvocationInterceptorChain$ValidatingInvocation.proceed(InvocationInterceptorChain.java:131)
	at org.junit.jupiter.engine.extension.TimeoutExtension.intercept(TimeoutExtension.java:156)
	at org.junit.jupiter.engine.extension.TimeoutExtension.interceptTestableMethod(TimeoutExtension.java:147)
	at org.junit.jupiter.engine.extension.TimeoutExtension.interceptTestMethod(TimeoutExtension.java:86)
	at org.junit.jupiter.engine.execution.InterceptingExecutableInvoker$ReflectiveInterceptorCall.lambda$ofVoidMethod$0(InterceptingExecutableInvoker.java:103)
	at org.junit.jupiter.engine.execution.InterceptingExecutableInvoker.lambda$invoke$0(InterceptingExecutableInvoker.java:93)
	at org.junit.jupiter.engine.execution.InvocationInterceptorChain$InterceptedInvocation.proceed(InvocationInterceptorChain.java:106)
	at org.junit.jupiter.engine.execution.InvocationInterceptorChain.proceed(InvocationInterceptorChain.java:64)
	at org.junit.jupiter.engine.execution.InvocationInterceptorChain.chainAndInvoke(InvocationInterceptorChain.java:45)
	at org.junit.jupiter.engine.execution.InvocationInterceptorChain.invoke(InvocationInterceptorChain.java:37)
	at org.junit.jupiter.engine.execution.InterceptingExecutableInvoker.invoke(InterceptingExecutableInvoker.java:92)
	at org.junit.jupiter.engine.execution.InterceptingExecutableInvoker.invoke(InterceptingExecutableInvoker.java:86)
	at org.junit.jupiter.engine.descriptor.TestMethodTestDescriptor.lambda$invokeTestMethod$7(TestMethodTestDescriptor.java:218)
	at org.junit.platform.engine.support.hierarchical.ThrowableCollector.execute(ThrowableCollector.java:73)
	at org.junit.jupiter.engine.descriptor.TestMethodTestDescriptor.invokeTestMethod(TestMethodTestDescriptor.java:214)
	at org.junit.jupiter.engine.descriptor.TestMethodTestDescriptor.execute(TestMethodTestDescriptor.java:139)
	at org.junit.jupiter.engine.descriptor.TestMethodTestDescriptor.execute(TestMethodTestDescriptor.java:69)
	at org.junit.platform.engine.support.hierarchical.NodeTestTask.lambda$executeRecursively$6(NodeTestTask.java:151)
	at org.junit.platform.engine.support.hierarchical.ThrowableCollector.execute(ThrowableCollector.java:73)
	at org.junit.platform.engine.support.hierarchical.NodeTestTask.lambda$executeRecursively$8(NodeTestTask.java:141)
	at org.junit.platform.engine.support.hierarchical.Node.around(Node.java:137)
	at org.junit.platform.engine.support.hierarchical.NodeTestTask.lambda$executeRecursively$9(NodeTestTask.java:139)
	at org.junit.platform.engine.support.hierarchical.ThrowableCollector.execute(ThrowableCollector.java:73)
	at org.junit.platform.engine.support.hierarchical.NodeTestTask.executeRecursively(NodeTestTask.java:138)
	at org.junit.platform.engine.support.hierarchical.NodeTestTask.execute(NodeTestTask.java:95)
	at java.base/java.util.ArrayList.forEach(ArrayList.java:1597)
	at org.junit.platform.engine.support.hierarchical.SameThreadHierarchicalTestExecutorService.invokeAll(SameThreadHierarchicalTestExecutorService.java:41)
	at org.junit.platform.engine.support.hierarchical.NodeTestTask.lambda$executeRecursively$6(NodeTestTask.java:155)
	at org.junit.platform.engine.support.hierarchical.ThrowableCollector.execute(ThrowableCollector.java:73)
	at org.junit.platform.engine.support.hierarchical.NodeTestTask.lambda$executeRecursively$8(NodeTestTask.java:141)
	at org.junit.platform.engine.support.hierarchical.Node.around(Node.java:137)
	at org.junit.platform.engine.support.hierarchical.NodeTestTask.lambda$executeRecursively$9(NodeTestTask.java:139)
	at org.junit.platform.engine.support.hierarchical.ThrowableCollector.execute(ThrowableCollector.java:73)
	at org.junit.platform.engine.support.hierarchical.NodeTestTask.executeRecursively(NodeTestTask.java:138)
	at org.junit.platform.engine.support.hierarchical.NodeTestTask.execute(NodeTestTask.java:95)
	at java.base/java.util.ArrayList.forEach(ArrayList.java:1597)
	at org.junit.platform.engine.support.hierarchical.SameThreadHierarchicalTestExecutorService.invokeAll(SameThreadHierarchicalTestExecutorService.java:41)
	at org.junit.platform.engine.support.hierarchical.NodeTestTask.lambda$executeRecursively$6(NodeTestTask.java:155)
	at org.junit.platform.engine.support.hierarchical.ThrowableCollector.execute(ThrowableCollector.java:73)
	at org.junit.platform.engine.support.hierarchical.NodeTestTask.lambda$executeRecursively$8(NodeTestTask.java:141)
	at org.junit.platform.engine.support.hierarchical.Node.around(Node.java:137)
	at org.junit.platform.engine.support.hierarchical.NodeTestTask.lambda$executeRecursively$9(NodeTestTask.java:139)
	at org.junit.platform.engine.support.hierarchical.ThrowableCollector.execute(ThrowableCollector.java:73)
	at org.junit.platform.engine.support.hierarchical.NodeTestTask.executeRecursively(NodeTestTask.java:138)
	at org.junit.platform.engine.support.hierarchical.NodeTestTask.execute(NodeTestTask.java:95)
	at org.junit.platform.engine.support.hierarchical.SameThreadHierarchicalTestExecutorService.submit(SameThreadHierarchicalTestExecutorService.java:35)
	at org.junit.platform.engine.support.hierarchical.HierarchicalTestExecutor.execute(HierarchicalTestExecutor.java:57)
	at org.junit.platform.engine.support.hierarchical.HierarchicalTestEngine.execute(HierarchicalTestEngine.java:54)
	at org.junit.platform.launcher.core.EngineExecutionOrchestrator.execute(EngineExecutionOrchestrator.java:198)
	at org.junit.platform.launcher.core.EngineExecutionOrchestrator.execute(EngineExecutionOrchestrator.java:169)
	at org.junit.platform.launcher.core.EngineExecutionOrchestrator.execute(EngineExecutionOrchestrator.java:93)
	at org.junit.platform.launcher.core.EngineExecutionOrchestrator.lambda$execute$0(EngineExecutionOrchestrator.java:58)
	at org.junit.platform.launcher.core.EngineExecutionOrchestrator.withInterceptedStreams(EngineExecutionOrchestrator.java:141)
	at org.junit.platform.launcher.core.EngineExecutionOrchestrator.execute(EngineExecutionOrchestrator.java:57)
	at org.junit.platform.launcher.core.DefaultLauncher.execute(DefaultLauncher.java:103)
	at org.junit.platform.launcher.core.DefaultLauncher.execute(DefaultLauncher.java:85)
	at org.junit.platform.launcher.core.DelegatingLauncher.execute(DelegatingLauncher.java:47)
	at org.apache.maven.surefire.junitplatform.LazyLauncher.execute(LazyLauncher.java:56)
	at org.apache.maven.surefire.junitplatform.JUnitPlatformProvider.execute(JUnitPlatformProvider.java:184)
	at org.apache.maven.surefire.junitplatform.JUnitPlatformProvider.invokeAllTests(JUnitPlatformProvider.java:148)
	at org.apache.maven.surefire.junitplatform.JUnitPlatformProvider.invoke(JUnitPlatformProvider.java:122)
	at org.apache.maven.surefire.booter.ForkedBooter.runSuitesInProcess(ForkedBooter.java:385)
	at org.apache.maven.surefire.booter.ForkedBooter.execute(ForkedBooter.java:162)
	at org.apache.maven.surefire.booter.ForkedBooter.run(ForkedBooter.java:507)
	at org.apache.maven.surefire.booter.ForkedBooter.main(ForkedBooter.java:495)

[ERRO] 2026-01-09 18:51:47.182 - Erro-75
  Exceção: java.lang.RuntimeException: Erro 75
java.lang.RuntimeException: Erro 75
	at testes.ErrorLoggerTest.testeLogNaoCresceIndefinidamente(ErrorLoggerTest.java:398)
	at java.base/jdk.internal.reflect.DirectMethodHandleAccessor.invoke(DirectMethodHandleAccessor.java:103)
	at java.base/java.lang.reflect.Method.invoke(Method.java:580)
	at org.junit.platform.commons.util.ReflectionUtils.invokeMethod(ReflectionUtils.java:728)
	at org.junit.jupiter.engine.execution.MethodInvocation.proceed(MethodInvocation.java:60)
	at org.junit.jupiter.engine.execution.InvocationInterceptorChain$ValidatingInvocation.proceed(InvocationInterceptorChain.java:131)
	at org.junit.jupiter.engine.extension.TimeoutExtension.intercept(TimeoutExtension.java:156)
	at org.junit.jupiter.engine.extension.TimeoutExtension.interceptTestableMethod(TimeoutExtension.java:147)
	at org.junit.jupiter.engine.extension.TimeoutExtension.interceptTestMethod(TimeoutExtension.java:86)
	at org.junit.jupiter.engine.execution.InterceptingExecutableInvoker$ReflectiveInterceptorCall.lambda$ofVoidMethod$0(InterceptingExecutableInvoker.java:103)
	at org.junit.jupiter.engine.execution.InterceptingExecutableInvoker.lambda$invoke$0(InterceptingExecutableInvoker.java:93)
	at org.junit.jupiter.engine.execution.InvocationInterceptorChain$InterceptedInvocation.proceed(InvocationInterceptorChain.java:106)
	at org.junit.jupiter.engine.execution.InvocationInterceptorChain.proceed(InvocationInterceptorChain.java:64)
	at org.junit.jupiter.engine.execution.InvocationInterceptorChain.chainAndInvoke(InvocationInterceptorChain.java:45)
	at org.junit.jupiter.engine.execution.InvocationInterceptorChain.invoke(InvocationInterceptorChain.java:37)
	at org.junit.jupiter.engine.execution.InterceptingExecutableInvoker.invoke(InterceptingExecutableInvoker.java:92)
	at org.junit.jupiter.engine.execution.InterceptingExecutableInvoker.invoke(InterceptingExecutableInvoker.java:86)
	at org.junit.jupiter.engine.descriptor.TestMethodTestDescriptor.lambda$invokeTestMethod$7(TestMethodTestDescriptor.java:218)
	at org.junit.platform.engine.support.hierarchical.ThrowableCollector.execute(ThrowableCollector.java:73)
	at org.junit.jupiter.engine.descriptor.TestMethodTestDescriptor.invokeTestMethod(TestMethodTestDescriptor.java:214)
	at org.junit.jupiter.engine.descriptor.TestMethodTestDescriptor.execute(TestMethodTestDescriptor.java:139)
	at org.junit.jupiter.engine.descriptor.TestMethodTestDescriptor.execute(TestMethodTestDescriptor.java:69)
	at org.junit.platform.engine.support.hierarchical.NodeTestTask.lambda$executeRecursively$6(NodeTestTask.java:151)
	at org.junit.platform.engine.support.hierarchical.ThrowableCollector.execute(ThrowableCollector.java:73)
	at org.junit.platform.engine.support.hierarchical.NodeTestTask.lambda$executeRecursively$8(NodeTestTask.java:141)
	at org.junit.platform.engine.support.hierarchical.Node.around(Node.java:137)
	at org.junit.platform.engine.support.hierarchical.NodeTestTask.lambda$executeRecursively$9(NodeTestTask.java:139)
	at org.junit.platform.engine.support.hierarchical.ThrowableCollector.execute(ThrowableCollector.java:73)
	at org.junit.platform.engine.support.hierarchical.NodeTestTask.executeRecursively(NodeTestTask.java:138)
	at org.junit.platform.engine.support.hierarchical.NodeTestTask.execute(NodeTestTask.java:95)
	at java.base/java.util.ArrayList.forEach(ArrayList.java:1597)
	at org.junit.platform.engine.support.hierarchical.SameThreadHierarchicalTestExecutorService.invokeAll(SameThreadHierarchicalTestExecutorService.java:41)
	at org.junit.platform.engine.support.hierarchical.NodeTestTask.lambda$executeRecursively$6(NodeTestTask.java:155)
	at org.junit.platform.engine.support.hierarchical.ThrowableCollector.execute(ThrowableCollector.java:73)
	at org.junit.platform.engine.support.hierarchical.NodeTestTask.lambda$executeRecursively$8(NodeTestTask.java:141)
	at org.junit.platform.engine.support.hierarchical.Node.around(Node.java:137)
	at org.junit.platform.engine.support.hierarchical.NodeTestTask.lambda$executeRecursively$9(NodeTestTask.java:139)
	at org.junit.platform.engine.support.hierarchical.ThrowableCollector.execute(ThrowableCollector.java:73)
	at org.junit.platform.engine.support.hierarchical.NodeTestTask.executeRecursively(NodeTestTask.java:138)
	at org.junit.platform.engine.support.hierarchical.NodeTestTask.execute(NodeTestTask.java:95)
	at java.base/java.util.ArrayList.forEach(ArrayList.java:1597)
	at org.junit.platform.engine.support.hierarchical.SameThreadHierarchicalTestExecutorService.invokeAll(SameThreadHierarchicalTestExecutorService.java:41)
	at org.junit.platform.engine.support.hierarchical.NodeTestTask.lambda$executeRecursively$6(NodeTestTask.java:155)
	at org.junit.platform.engine.support.hierarchical.ThrowableCollector.execute(ThrowableCollector.java:73)
	at org.junit.platform.engine.support.hierarchical.NodeTestTask.lambda$executeRecursively$8(NodeTestTask.java:141)
	at org.junit.platform.engine.support.hierarchical.Node.around(Node.java:137)
	at org.junit.platform.engine.support.hierarchical.NodeTestTask.lambda$executeRecursively$9(NodeTestTask.java:139)
	at org.junit.platform.engine.support.hierarchical.ThrowableCollector.execute(ThrowableCollector.java:73)
	at org.junit.platform.engine.support.hierarchical.NodeTestTask.executeRecursively(NodeTestTask.java:138)
	at org.junit.platform.engine.support.hierarchical.NodeTestTask.execute(NodeTestTask.java:95)
	at org.junit.platform.engine.support.hierarchical.SameThreadHierarchicalTestExecutorService.submit(SameThreadHierarchicalTestExecutorService.java:35)
	at org.junit.platform.engine.support.hierarchical.HierarchicalTestExecutor.execute(HierarchicalTestExecutor.java:57)
	at org.junit.platform.engine.support.hierarchical.HierarchicalTestEngine.execute(HierarchicalTestEngine.java:54)
	at org.junit.platform.launcher.core.EngineExecutionOrchestrator.execute(EngineExecutionOrchestrator.java:198)
	at org.junit.platform.launcher.core.EngineExecutionOrchestrator.execute(EngineExecutionOrchestrator.java:169)
	at org.junit.platform.launcher.core.EngineExecutionOrchestrator.execute(EngineExecutionOrchestrator.java:93)
	at org.junit.platform.launcher.core.EngineExecutionOrchestrator.lambda$execute$0(EngineExecutionOrchestrator.java:58)
	at org.junit.platform.launcher.core.EngineExecutionOrchestrator.withInterceptedStreams(EngineExecutionOrchestrator.java:141)
	at org.junit.platform.launcher.core.EngineExecutionOrchestrator.execute(EngineExecutionOrchestrator.java:57)
	at org.junit.platform.launcher.core.DefaultLauncher.execute(DefaultLauncher.java:103)
	at org.junit.platform.launcher.core.DefaultLauncher.execute(DefaultLauncher.java:85)
	at org.junit.platform.launcher.core.DelegatingLauncher.execute(DelegatingLauncher.java:47)
	at org.apache.maven.surefire.junitplatform.LazyLauncher.execute(LazyLauncher.java:56)
	at org.apache.maven.surefire.junitplatform.JUnitPlatformProvider.execute(JUnitPlatformProvider.java:184)
	at org.apache.maven.surefire.junitplatform.JUnitPlatformProvider.invokeAllTests(JUnitPlatformProvider.java:148)
	at org.apache.maven.surefire.junitplatform.JUnitPlatformProvider.invoke(JUnitPlatformProvider.java:122)
	at org.apache.maven.surefire.booter.ForkedBooter.runSuitesInProcess(ForkedBooter.java:385)
	at org.apache.maven.surefire.booter.ForkedBooter.execute(ForkedBooter.java:162)
	at org.apache.maven.surefire.booter.ForkedBooter.run(ForkedBooter.java:507)
	at org.apache.maven.surefire.booter.ForkedBooter.main(ForkedBooter.java:495)

[ERRO] 2026-01-09 18:51:47.182 - Erro-76
  Exceção: java.lang.RuntimeException: Erro 76
java.lang.RuntimeException: Erro 76
	at testes.ErrorLoggerTest.testeLogNaoCresceIndefinidamente(ErrorLoggerTest.java:398)
	at java.base/jdk.internal.reflect.DirectMethodHandleAccessor.invoke(DirectMethodHandleAccessor.java:103)
	at java.base/java.lang.reflect.Method.invoke(Method.java:580)
	at org.junit.platform.commons.util.ReflectionUtils.invokeMethod(ReflectionUtils.java:728)
	at org.junit.jupiter.engine.execution.MethodInvocation.proceed(MethodInvocation.java:60)
	at org.junit.jupiter.engine.execution.InvocationInterceptorChain$ValidatingInvocation.proceed(InvocationInterceptorChain.java:131)
	at org.junit.jupiter.engine.extension.TimeoutExtension.intercept(TimeoutExtension.java:156)
	at org.junit.jupiter.engine.extension.TimeoutExtension.interceptTestableMethod(TimeoutExtension.java:147)
	at org.junit.jupiter.engine.extension.TimeoutExtension.interceptTestMethod(TimeoutExtension.java:86)
	at org.junit.jupiter.engine.execution.InterceptingExecutableInvoker$ReflectiveInterceptorCall.lambda$ofVoidMethod$0(InterceptingExecutableInvoker.java:103)
	at org.junit.jupiter.engine.execution.InterceptingExecutableInvoker.lambda$invoke$0(InterceptingExecutableInvoker.java:93)
	at org.junit.jupiter.engine.execution.InvocationInterceptorChain$InterceptedInvocation.proceed(InvocationInterceptorChain.java:106)
	at org.junit.jupiter.engine.execution.InvocationInterceptorChain.proceed(InvocationInterceptorChain.java:64)
	at org.junit.jupiter.engine.execution.InvocationInterceptorChain.chainAndInvoke(InvocationInterceptorChain.java:45)
	at org.junit.jupiter.engine.execution.InvocationInterceptorChain.invoke(InvocationInterceptorChain.java:37)
	at org.junit.jupiter.engine.execution.InterceptingExecutableInvoker.invoke(InterceptingExecutableInvoker.java:92)
	at org.junit.jupiter.engine.execution.InterceptingExecutableInvoker.invoke(InterceptingExecutableInvoker.java:86)
	at org.junit.jupiter.engine.descriptor.TestMethodTestDescriptor.lambda$invokeTestMethod$7(TestMethodTestDescriptor.java:218)
	at org.junit.platform.engine.support.hierarchical.ThrowableCollector.execute(ThrowableCollector.java:73)
	at org.junit.jupiter.engine.descriptor.TestMethodTestDescriptor.invokeTestMethod(TestMethodTestDescriptor.java:214)
	at org.junit.jupiter.engine.descriptor.TestMethodTestDescriptor.execute(TestMethodTestDescriptor.java:139)
	at org.junit.jupiter.engine.descriptor.TestMethodTestDescriptor.execute(TestMethodTestDescriptor.java:69)
	at org.junit.platform.engine.support.hierarchical.NodeTestTask.lambda$executeRecursively$6(NodeTestTask.java:151)
	at org.junit.platform.engine.support.hierarchical.ThrowableCollector.execute(ThrowableCollector.java:73)
	at org.junit.platform.engine.support.hierarchical.NodeTestTask.lambda$executeRecursively$8(NodeTestTask.java:141)
	at org.junit.platform.engine.support.hierarchical.Node.around(Node.java:137)
	at org.junit.platform.engine.support.hierarchical.NodeTestTask.lambda$executeRecursively$9(NodeTestTask.java:139)
	at org.junit.platform.engine.support.hierarchical.ThrowableCollector.execute(ThrowableCollector.java:73)
	at org.junit.platform.engine.support.hierarchical.NodeTestTask.executeRecursively(NodeTestTask.java:138)
	at org.junit.platform.engine.support.hierarchical.NodeTestTask.execute(NodeTestTask.java:95)
	at java.base/java.util.ArrayList.forEach(ArrayList.java:1597)
	at org.junit.platform.engine.support.hierarchical.SameThreadHierarchicalTestExecutorService.invokeAll(SameThreadHierarchicalTestExecutorService.java:41)
	at org.junit.platform.engine.support.hierarchical.NodeTestTask.lambda$executeRecursively$6(NodeTestTask.java:155)
	at org.junit.platform.engine.support.hierarchical.ThrowableCollector.execute(ThrowableCollector.java:73)
	at org.junit.platform.engine.support.hierarchical.NodeTestTask.lambda$executeRecursively$8(NodeTestTask.java:141)
	at org.junit.platform.engine.support.hierarchical.Node.around(Node.java:137)
	at org.junit.platform.engine.support.hierarchical.NodeTestTask.lambda$executeRecursively$9(NodeTestTask.java:139)
	at org.junit.platform.engine.support.hierarchical.ThrowableCollector.execute(ThrowableCollector.java:73)
	at org.junit.platform.engine.support.hierarchical.NodeTestTask.executeRecursively(NodeTestTask.java:138)
	at org.junit.platform.engine.support.hierarchical.NodeTestTask.execute(NodeTestTask.java:95)
	at java.base/java.util.ArrayList.forEach(ArrayList.java:1597)
	at org.junit.platform.engine.support.hierarchical.SameThreadHierarchicalTestExecutorService.invokeAll(SameThreadHierarchicalTestExecutorService.java:41)
	at org.junit.platform.engine.support.hierarchical.NodeTestTask.lambda$executeRecursively$6(NodeTestTask.java:155)
	at org.junit.platform.engine.support.hierarchical.ThrowableCollector.execute(ThrowableCollector.java:73)
	at org.junit.platform.engine.support.hierarchical.NodeTestTask.lambda$executeRecursively$8(NodeTestTask.java:141)
	at org.junit.platform.engine.support.hierarchical.Node.around(Node.java:137)
	at org.junit.platform.engine.support.hierarchical.NodeTestTask.lambda$executeRecursively$9(NodeTestTask.java:139)
	at org.junit.platform.engine.support.hierarchical.ThrowableCollector.execute(ThrowableCollector.java:73)
	at org.junit.platform.engine.support.hierarchical.NodeTestTask.executeRecursively(NodeTestTask.java:138)
	at org.junit.platform.engine.support.hierarchical.NodeTestTask.execute(NodeTestTask.java:95)
	at org.junit.platform.engine.support.hierarchical.SameThreadHierarchicalTestExecutorService.submit(SameThreadHierarchicalTestExecutorService.java:35)
	at org.junit.platform.engine.support.hierarchical.HierarchicalTestExecutor.execute(HierarchicalTestExecutor.java:57)
	at org.junit.platform.engine.support.hierarchical.HierarchicalTestEngine.execute(HierarchicalTestEngine.java:54)
	at org.junit.platform.launcher.core.EngineExecutionOrchestrator.execute(EngineExecutionOrchestrator.java:198)
	at org.junit.platform.launcher.core.EngineExecutionOrchestrator.execute(EngineExecutionOrchestrator.java:169)
	at org.junit.platform.launcher.core.EngineExecutionOrchestrator.execute(EngineExecutionOrchestrator.java:93)
	at org.junit.platform.launcher.core.EngineExecutionOrchestrator.lambda$execute$0(EngineExecutionOrchestrator.java:58)
	at org.junit.platform.launcher.core.EngineExecutionOrchestrator.withInterceptedStreams(EngineExecutionOrchestrator.java:141)
	at org.junit.platform.launcher.core.EngineExecutionOrchestrator.execute(EngineExecutionOrchestrator.java:57)
	at org.junit.platform.launcher.core.DefaultLauncher.execute(DefaultLauncher.java:103)
	at org.junit.platform.launcher.core.DefaultLauncher.execute(DefaultLauncher.java:85)
	at org.junit.platform.launcher.core.DelegatingLauncher.execute(DelegatingLauncher.java:47)
	at org.apache.maven.surefire.junitplatform.LazyLauncher.execute(LazyLauncher.java:56)
	at org.apache.maven.surefire.junitplatform.JUnitPlatformProvider.execute(JUnitPlatformProvider.java:184)
	at org.apache.maven.surefire.junitplatform.JUnitPlatformProvider.invokeAllTests(JUnitPlatformProvider.java:148)
	at org.apache.maven.surefire.junitplatform.JUnitPlatformProvider.invoke(JUnitPlatformProvider.java:122)
	at org.apache.maven.surefire.booter.ForkedBooter.runSuitesInProcess(ForkedBooter.java:385)
	at org.apache.maven.surefire.booter.ForkedBooter.execute(ForkedBooter.java:162)
	at org.apache.maven.surefire.booter.ForkedBooter.run(ForkedBooter.java:507)
	at org.apache.maven.surefire.booter.ForkedBooter.main(ForkedBooter.java:495)

[ERRO] 2026-01-09 18:51:47.183 - Erro-77
  Exceção: java.lang.RuntimeException: Erro 77
java.lang.RuntimeException: Erro 77
	at testes.ErrorLoggerTest.testeLogNaoCresceIndefinidamente(ErrorLoggerTest.java:398)
	at java.base/jdk.internal.reflect.DirectMethodHandleAccessor.invoke(DirectMethodHandleAccessor.java:103)
	at java.base/java.lang.reflect.Method.invoke(Method.java:580)
	at org.junit.platform.commons.util.ReflectionUtils.invokeMethod(ReflectionUtils.java:728)
	at org.junit.jupiter.engine.execution.MethodInvocation.proceed(MethodInvocation.java:60)
	at org.junit.jupiter.engine.execution.InvocationInterceptorChain$ValidatingInvocation.proceed(InvocationInterceptorChain.java:131)
	at org.junit.jupiter.engine.extension.TimeoutExtension.intercept(TimeoutExtension.java:156)
	at org.junit.jupiter.engine.extension.TimeoutExtension.interceptTestableMethod(TimeoutExtension.java:147)
	at org.junit.jupiter.engine.extension.TimeoutExtension.interceptTestMethod(TimeoutExtension.java:86)
	at org.junit.jupiter.engine.execution.InterceptingExecutableInvoker$ReflectiveInterceptorCall.lambda$ofVoidMethod$0(InterceptingExecutableInvoker.java:103)
	at org.junit.jupiter.engine.execution.InterceptingExecutableInvoker.lambda$invoke$0(InterceptingExecutableInvoker.java:93)
	at org.junit.jupiter.engine.execution.InvocationInterceptorChain$InterceptedInvocation.proceed(InvocationInterceptorChain.java:106)
	at org.junit.jupiter.engine.execution.InvocationInterceptorChain.proceed(InvocationInterceptorChain.java:64)
	at org.junit.jupiter.engine.execution.InvocationInterceptorChain.chainAndInvoke(InvocationInterceptorChain.java:45)
	at org.junit.jupiter.engine.execution.InvocationInterceptorChain.invoke(InvocationInterceptorChain.java:37)
	at org.junit.jupiter.engine.execution.InterceptingExecutableInvoker.invoke(InterceptingExecutableInvoker.java:92)
	at org.junit.jupiter.engine.execution.InterceptingExecutableInvoker.invoke(InterceptingExecutableInvoker.java:86)
	at org.junit.jupiter.engine.descriptor.TestMethodTestDescriptor.lambda$invokeTestMethod$7(TestMethodTestDescriptor.java:218)
	at org.junit.platform.engine.support.hierarchical.ThrowableCollector.execute(ThrowableCollector.java:73)
	at org.junit.jupiter.engine.descriptor.TestMethodTestDescriptor.invokeTestMethod(TestMethodTestDescriptor.java:214)
	at org.junit.jupiter.engine.descriptor.TestMethodTestDescriptor.execute(TestMethodTestDescriptor.java:139)
	at org.junit.jupiter.engine.descriptor.TestMethodTestDescriptor.execute(TestMethodTestDescriptor.java:69)
	at org.junit.platform.engine.support.hierarchical.NodeTestTask.lambda$executeRecursively$6(NodeTestTask.java:151)
	at org.junit.platform.engine.support.hierarchical.ThrowableCollector.execute(ThrowableCollector.java:73)
	at org.junit.platform.engine.support.hierarchical.NodeTestTask.lambda$executeRecursively$8(NodeTestTask.java:141)
	at org.junit.platform.engine.support.hierarchical.Node.around(Node.java:137)
	at org.junit.platform.engine.support.hierarchical.NodeTestTask.lambda$executeRecursively$9(NodeTestTask.java:139)
	at org.junit.platform.engine.support.hierarchical.ThrowableCollector.execute(ThrowableCollector.java:73)
	at org.junit.platform.engine.support.hierarchical.NodeTestTask.executeRecursively(NodeTestTask.java:138)
	at org.junit.platform.engine.support.hierarchical.NodeTestTask.execute(NodeTestTask.java:95)
	at java.base/java.util.ArrayList.forEach(ArrayList.java:1597)
	at org.junit.platform.engine.support.hierarchical.SameThreadHierarchicalTestExecutorService.invokeAll(SameThreadHierarchicalTestExecutorService.java:41)
	at org.junit.platform.engine.support.hierarchical.NodeTestTask.lambda$executeRecursively$6(NodeTestTask.java:155)
	at org.junit.platform.engine.support.hierarchical.ThrowableCollector.execute(ThrowableCollector.java:73)
	at org.junit.platform.engine.support.hierarchical.NodeTestTask.lambda$executeRecursively$8(NodeTestTask.java:141)
	at org.junit.platform.engine.support.hierarchical.Node.around(Node.java:137)
	at org.junit.platform.engine.support.hierarchical.NodeTestTask.lambda$executeRecursively$9(NodeTestTask.java:139)
	at org.junit.platform.engine.support.hierarchical.ThrowableCollector.execute(ThrowableCollector.java:73)
	at org.junit.platform.engine.support.hierarchical.NodeTestTask.executeRecursively(NodeTestTask.java:138)
	at org.junit.platform.engine.support.hierarchical.NodeTestTask.execute(NodeTestTask.java:95)
	at java.base/java.util.ArrayList.forEach(ArrayList.java:1597)
	at org.junit.platform.engine.support.hierarchical.SameThreadHierarchicalTestExecutorService.invokeAll(SameThreadHierarchicalTestExecutorService.java:41)
	at org.junit.platform.engine.support.hierarchical.NodeTestTask.lambda$executeRecursively$6(NodeTestTask.java:155)
	at org.junit.platform.engine.support.hierarchical.ThrowableCollector.execute(ThrowableCollector.java:73)
	at org.junit.platform.engine.support.hierarchical.NodeTestTask.lambda$executeRecursively$8(NodeTestTask.java:141)
	at org.junit.platform.engine.support.hierarchical.Node.around(Node.java:137)
	at org.junit.platform.engine.support.hierarchical.NodeTestTask.lambda$executeRecursively$9(NodeTestTask.java:139)
	at org.junit.platform.engine.support.hierarchical.ThrowableCollector.execute(ThrowableCollector.java:73)
	at org.junit.platform.engine.support.hierarchical.NodeTestTask.executeRecursively(NodeTestTask.java:138)
	at org.junit.platform.engine.support.hierarchical.NodeTestTask.execute(NodeTestTask.java:95)
	at org.junit.platform.engine.support.hierarchical.SameThreadHierarchicalTestExecutorService.submit(SameThreadHierarchicalTestExecutorService.java:35)
	at org.junit.platform.engine.support.hierarchical.HierarchicalTestExecutor.execute(HierarchicalTestExecutor.java:57)
	at org.junit.platform.engine.support.hierarchical.HierarchicalTestEngine.execute(HierarchicalTestEngine.java:54)
	at org.junit.platform.launcher.core.EngineExecutionOrchestrator.execute(EngineExecutionOrchestrator.java:198)
	at org.junit.platform.launcher.core.EngineExecutionOrchestrator.execute(EngineExecutionOrchestrator.java:169)
	at org.junit.platform.launcher.core.EngineExecutionOrchestrator.execute(EngineExecutionOrchestrator.java:93)
	at org.junit.platform.launcher.core.EngineExecutionOrchestrator.lambda$execute$0(EngineExecutionOrchestrator.java:58)
	at org.junit.platform.launcher.core.EngineExecutionOrchestrator.withInterceptedStreams(EngineExecutionOrchestrator.java:141)
	at org.junit.platform.launcher.core.EngineExecutionOrchestrator.execute(EngineExecutionOrchestrator.java:57)
	at org.junit.platform.launcher.core.DefaultLauncher.execute(DefaultLauncher.java:103)
	at org.junit.platform.launcher.core.DefaultLauncher.execute(DefaultLauncher.java:85)
	at org.junit.platform.launcher.core.DelegatingLauncher.execute(DelegatingLauncher.java:47)
	at org.apache.maven.surefire.junitplatform.LazyLauncher.execute(LazyLauncher.java:56)
	at org.apache.maven.surefire.junitplatform.JUnitPlatformProvider.execute(JUnitPlatformProvider.java:184)
	at org.apache.maven.surefire.junitplatform.JUnitPlatformProvider.invokeAllTests(JUnitPlatformProvider.java:148)
	at org.apache.maven.surefire.junitplatform.JUnitPlatformProvider.invoke(JUnitPlatformProvider.java:122)
	at org.apache.maven.surefire.booter.ForkedBooter.runSuitesInProcess(ForkedBooter.java:385)
	at org.apache.maven.surefire.booter.ForkedBooter.execute(ForkedBooter.java:162)
	at org.apache.maven.surefire.booter.ForkedBooter.run(ForkedBooter.java:507)
	at org.apache.maven.surefire.booter.ForkedBooter.main(ForkedBooter.java:495)

[ERRO] 2026-01-09 18:51:47.183 - Erro-78
  Exceção: java.lang.RuntimeException: Erro 78
java.lang.RuntimeException: Erro 78
	at testes.ErrorLoggerTest.testeLogNaoCresceIndefinidamente(ErrorLoggerTest.java:398)
	at java.base/jdk.internal.reflect.DirectMethodHandleAccessor.invoke(DirectMethodHandleAccessor.java:103)
	at java.base/java.lang.reflect.Method.invoke(Method.java:580)
	at org.junit.platform.commons.util.ReflectionUtils.invokeMethod(ReflectionUtils.java:728)
	at org.junit.jupiter.engine.execution.MethodInvocation.proceed(MethodInvocation.java:60)
	at org.junit.jupiter.engine.execution.InvocationInterceptorChain$ValidatingInvocation.proceed(InvocationInterceptorChain.java:131)
	at org.junit.jupiter.engine.extension.TimeoutExtension.intercept(TimeoutExtension.java:156)
	at org.junit.jupiter.engine.extension.TimeoutExtension.interceptTestableMethod(TimeoutExtension.java:147)
	at org.junit.jupiter.engine.extension.TimeoutExtension.interceptTestMethod(TimeoutExtension.java:86)
	at org.junit.jupiter.engine.execution.InterceptingExecutableInvoker$ReflectiveInterceptorCall.lambda$ofVoidMethod$0(InterceptingExecutableInvoker.java:103)
	at org.junit.jupiter.engine.execution.InterceptingExecutableInvoker.lambda$invoke$0(InterceptingExecutableInvoker.java:93)
	at org.junit.jupiter.engine.execution.InvocationInterceptorChain$InterceptedInvocation.proceed(InvocationInterceptorChain.java:106)
	at org.junit.jupiter.engine.execution.InvocationInterceptorChain.proceed(InvocationInterceptorChain.java:64)
	at org.junit.jupiter.engine.execution.InvocationInterceptorChain.chainAndInvoke(InvocationInterceptorChain.java:45)
	at org.junit.jupiter.engine.execution.InvocationInterceptorChain.invoke(InvocationInterceptorChain.java:37)
	at org.junit.jupiter.engine.execution.InterceptingExecutableInvoker.invoke(InterceptingExecutableInvoker.java:92)
	at org.junit.jupiter.engine.execution.InterceptingExecutableInvoker.invoke(InterceptingExecutableInvoker.java:86)
	at org.junit.jupiter.engine.descriptor.TestMethodTestDescriptor.lambda$invokeTestMethod$7(TestMethodTestDescriptor.java:218)
	at org.junit.platform.engine.support.hierarchical.ThrowableCollector.execute(ThrowableCollector.java:73)
	at org.junit.jupiter.engine.descriptor.TestMethodTestDescriptor.invokeTestMethod(TestMethodTestDescriptor.java:214)
	at org.junit.jupiter.engine.descriptor.TestMethodTestDescriptor.execute(TestMethodTestDescriptor.java:139)
	at org.junit.jupiter.engine.descriptor.TestMethodTestDescriptor.execute(TestMethodTestDescriptor.java:69)
	at org.junit.platform.engine.support.hierarchical.NodeTestTask.lambda$executeRecursively$6(NodeTestTask.java:151)
	at org.junit.platform.engine.support.hierarchical.ThrowableCollector.execute(ThrowableCollector.java:73)
	at org.junit.platform.engine.support.hierarchical.NodeTestTask.lambda$executeRecursively$8(NodeTestTask.java:141)
	at org.junit.platform.engine.support.hierarchical.Node.around(Node.java:137)
	at org.junit.platform.engine.support.hierarchical.NodeTestTask.lambda$executeRecursively$9(NodeTestTask.java:139)
	at org.junit.platform.engine.support.hierarchical.ThrowableCollector.execute(ThrowableCollector.java:73)
	at org.junit.platform.engine.support.hierarchical.NodeTestTask.executeRecursively(NodeTestTask.java:138)
	at org.junit.platform.engine.support.hierarchical.NodeTestTask.execute(NodeTestTask.java:95)
	at java.base/java.util.ArrayList.forEach(ArrayList.java:1597)
	at org.junit.platform.engine.support.hierarchical.SameThreadHierarchicalTestExecutorService.invokeAll(SameThreadHierarchicalTestExecutorService.java:41)
	at org.junit.platform.engine.support.hierarchical.NodeTestTask.lambda$executeRecursively$6(NodeTestTask.java:155)
	at org.junit.platform.engine.support.hierarchical.ThrowableCollector.execute(ThrowableCollector.java:73)
	at org.junit.platform.engine.support.hierarchical.NodeTestTask.lambda$executeRecursively$8(NodeTestTask.java:141)
	at org.junit.platform.engine.support.hierarchical.Node.around(Node.java:137)
	at org.junit.platform.engine.support.hierarchical.NodeTestTask.lambda$executeRecursively$9(NodeTestTask.java:139)
	at org.junit.platform.engine.support.hierarchical.ThrowableCollector.execute(ThrowableCollector.java:73)
	at org.junit.platform.engine.support.hierarchical.NodeTestTask.executeRecursively(NodeTestTask.java:138)
	at org.junit.platform.engine.support.hierarchical.NodeTestTask.execute(NodeTestTask.java:95)
	at java.base/java.util.ArrayList.forEach(ArrayList.java:1597)
	at org.junit.platform.engine.support.hierarchical.SameThreadHierarchicalTestExecutorService.invokeAll(SameThreadHierarchicalTestExecutorService.java:41)
	at org.junit.platform.engine.support.hierarchical.NodeTestTask.lambda$executeRecursively$6(NodeTestTask.java:155)
	at org.junit.platform.engine.support.hierarchical.ThrowableCollector.execute(ThrowableCollector.java:73)
	at org.junit.platform.engine.support.hierarchical.NodeTestTask.lambda$executeRecursively$8(NodeTestTask.java:141)
	at org.junit.platform.engine.support.hierarchical.Node.around(Node.java:137)
	at org.junit.platform.engine.support.hierarchical.NodeTestTask.lambda$executeRecursively$9(NodeTestTask.java:139)
	at org.junit.platform.engine.support.hierarchical.ThrowableCollector.execute(ThrowableCollector.java:73)
	at org.junit.platform.engine.support.hierarchical.NodeTestTask.executeRecursively(NodeTestTask.java:138)
	at org.junit.platform.engine.support.hierarchical.NodeTestTask.execute(NodeTestTask.java:95)
	at org.junit.platform.engine.support.hierarchical.SameThreadHierarchicalTestExecutorService.submit(SameThreadHierarchicalTestExecutorService.java:35)
	at org.junit.platform.engine.support.hierarchical.HierarchicalTestExecutor.execute(HierarchicalTestExecutor.java:57)
	at org.junit.platform.engine.support.hierarchical.HierarchicalTestEngine.execute(HierarchicalTestEngine.java:54)
	at org.junit.platform.launcher.core.EngineExecutionOrchestrator.execute(EngineExecutionOrchestrator.java:198)
	at org.junit.platform.launcher.core.EngineExecutionOrchestrator.execute(EngineExecutionOrchestrator.java:169)
	at org.junit.platform.launcher.core.EngineExecutionOrchestrator.execute(EngineExecutionOrchestrator.java:93)
	at org.junit.platform.launcher.core.EngineExecutionOrchestrator.lambda$execute$0(EngineExecutionOrchestrator.java:58)
	at org.junit.platform.launcher.core.EngineExecutionOrchestrator.withInterceptedStreams(EngineExecutionOrchestrator.java:141)
	at org.junit.platform.launcher.core.EngineExecutionOrchestrator.execute(EngineExecutionOrchestrator.java:57)
	at org.junit.platform.launcher.core.DefaultLauncher.execute(DefaultLauncher.java:103)
	at org.junit.platform.launcher.core.DefaultLauncher.execute(DefaultLauncher.java:85)
	at org.junit.platform.launcher.core.DelegatingLauncher.execute(DelegatingLauncher.java:47)
	at org.apache.maven.surefire.junitplatform.LazyLauncher.execute(LazyLauncher.java:56)
	at org.apache.maven.surefire.junitplatform.JUnitPlatformProvider.execute(JUnitPlatformProvider.java:184)
	at org.apache.maven.surefire.junitplatform.JUnitPlatformProvider.invokeAllTests(JUnitPlatformProvider.java:148)
	at org.apache.maven.surefire.junitplatform.JUnitPlatformProvider.invoke(JUnitPlatformProvider.java:122)
	at org.apache.maven.surefire.booter.ForkedBooter.runSuitesInProcess(ForkedBooter.java:385)
	at org.apache.maven.surefire.booter.ForkedBooter.execute(ForkedBooter.java:162)
	at org.apache.maven.surefire.booter.ForkedBooter.run(ForkedBooter.java:507)
	at org.apache.maven.surefire.booter.ForkedBooter.main(ForkedBooter.java:495)

[ERRO] 2026-01-09 18:51:47.183 - Erro-79
  Exceção: java.lang.RuntimeException: Erro 79
java.lang.RuntimeException: Erro 79
	at testes.ErrorLoggerTest.testeLogNaoCresceIndefinidamente(ErrorLoggerTest.java:398)
	at java.base/jdk.internal.reflect.DirectMethodHandleAccessor.invoke(DirectMethodHandleAccessor.java:103)
	at java.base/java.lang.reflect.Method.invoke(Method.java:580)
	at org.junit.platform.commons.util.ReflectionUtils.invokeMethod(ReflectionUtils.java:728)
	at org.junit.jupiter.engine.execution.MethodInvocation.proceed(MethodInvocation.java:60)
	at org.junit.jupiter.engine.execution.InvocationInterceptorChain$ValidatingInvocation.proceed(InvocationInterceptorChain.java:131)
	at org.junit.jupiter.engine.extension.TimeoutExtension.intercept(TimeoutExtension.java:156)
	at org.junit.jupiter.engine.extension.TimeoutExtension.interceptTestableMethod(TimeoutExtension.java:147)
	at org.junit.jupiter.engine.extension.TimeoutExtension.interceptTestMethod(TimeoutExtension.java:86)
	at org.junit.jupiter.engine.execution.InterceptingExecutableInvoker$ReflectiveInterceptorCall.lambda$ofVoidMethod$0(InterceptingExecutableInvoker.java:103)
	at org.junit.jupiter.engine.execution.InterceptingExecutableInvoker.lambda$invoke$0(InterceptingExecutableInvoker.java:93)
	at org.junit.jupiter.engine.execution.InvocationInterceptorChain$InterceptedInvocation.proceed(InvocationInterceptorChain.java:106)
	at org.junit.jupiter.engine.execution.InvocationInterceptorChain.proceed(InvocationInterceptorChain.java:64)
	at org.junit.jupiter.engine.execution.InvocationInterceptorChain.chainAndInvoke(InvocationInterceptorChain.java:45)
	at org.junit.jupiter.engine.execution.InvocationInterceptorChain.invoke(InvocationInterceptorChain.java:37)
	at org.junit.jupiter.engine.execution.InterceptingExecutableInvoker.invoke(InterceptingExecutableInvoker.java:92)
	at org.junit.jupiter.engine.execution.InterceptingExecutableInvoker.invoke(InterceptingExecutableInvoker.java:86)
	at org.junit.jupiter.engine.descriptor.TestMethodTestDescriptor.lambda$invokeTestMethod$7(TestMethodTestDescriptor.java:218)
	at org.junit.platform.engine.support.hierarchical.ThrowableCollector.execute(ThrowableCollector.java:73)
	at org.junit.jupiter.engine.descriptor.TestMethodTestDescriptor.invokeTestMethod(TestMethodTestDescriptor.java:214)
	at org.junit.jupiter.engine.descriptor.TestMethodTestDescriptor.execute(TestMethodTestDescriptor.java:139)
	at org.junit.jupiter.engine.descriptor.TestMethodTestDescriptor.execute(TestMethodTestDescriptor.java:69)
	at org.junit.platform.engine.support.hierarchical.NodeTestTask.lambda$executeRecursively$6(NodeTestTask.java:151)
	at org.junit.platform.engine.support.hierarchical.ThrowableCollector.execute(ThrowableCollector.java:73)
	at org.junit.platform.engine.support.hierarchical.NodeTestTask.lambda$executeRecursively$8(NodeTestTask.java:141)
	at org.junit.platform.engine.support.hierarchical.Node.around(Node.java:137)
	at org.junit.platform.engine.support.hierarchical.NodeTestTask.lambda$executeRecursively$9(NodeTestTask.java:139)
	at org.junit.platform.engine.support.hierarchical.ThrowableCollector.execute(ThrowableCollector.java:73)
	at org.junit.platform.engine.support.hierarchical.NodeTestTask.executeRecursively(NodeTestTask.java:138)
	at org.junit.platform.engine.support.hierarchical.NodeTestTask.execute(NodeTestTask.java:95)
	at java.base/java.util.ArrayList.forEach(ArrayList.java:1597)
	at org.junit.platform.engine.support.hierarchical.SameThreadHierarchicalTestExecutorService.invokeAll(SameThreadHierarchicalTestExecutorService.java:41)
	at org.junit.platform.engine.support.hierarchical.NodeTestTask.lambda$executeRecursively$6(NodeTestTask.java:155)
	at org.junit.platform.engine.support.hierarchical.ThrowableCollector.execute(ThrowableCollector.java:73)
	at org.junit.platform.engine.support.hierarchical.NodeTestTask.lambda$executeRecursively$8(NodeTestTask.java:141)
	at org.junit.platform.engine.support.hierarchical.Node.around(Node.java:137)
	at org.junit.platform.engine.support.hierarchical.NodeTestTask.lambda$executeRecursively$9(NodeTestTask.java:139)
	at org.junit.platform.engine.support.hierarchical.ThrowableCollector.execute(ThrowableCollector.java:73)
	at org.junit.platform.engine.support.hierarchical.NodeTestTask.executeRecursively(NodeTestTask.java:138)
	at org.junit.platform.engine.support.hierarchical.NodeTestTask.execute(NodeTestTask.java:95)
	at java.base/java.util.ArrayList.forEach(ArrayList.java:1597)
	at org.junit.platform.engine.support.hierarchical.SameThreadHierarchicalTestExecutorService.invokeAll(SameThreadHierarchicalTestExecutorService.java:41)
	at org.junit.platform.engine.support.hierarchical.NodeTestTask.lambda$executeRecursively$6(NodeTestTask.java:155)
	at org.junit.platform.engine.support.hierarchical.ThrowableCollector.execute(ThrowableCollector.java:73)
	at org.junit.platform.engine.support.hierarchical.NodeTestTask.lambda$executeRecursively$8(NodeTestTask.java:141)
	at org.junit.platform.engine.support.hierarchical.Node.around(Node.java:137)
	at org.junit.platform.engine.support.hierarchical.NodeTestTask.lambda$executeRecursively$9(NodeTestTask.java:139)
	at org.junit.platform.engine.support.hierarchical.ThrowableCollector.execute(ThrowableCollector.java:73)
	at org.junit.platform.engine.support.hierarchical.NodeTestTask.executeRecursively(NodeTestTask.java:138)
	at org.junit.platform.engine.support.hierarchical.NodeTestTask.execute(NodeTestTask.java:95)
	at org.junit.platform.engine.support.hierarchical.SameThreadHierarchicalTestExecutorService.submit(SameThreadHierarchicalTestExecutorService.java:35)
	at org.junit.platform.engine.support.hierarchical.HierarchicalTestExecutor.execute(HierarchicalTestExecutor.java:57)
	at org.junit.platform.engine.support.hierarchical.HierarchicalTestEngine.execute(HierarchicalTestEngine.java:54)
	at org.junit.platform.launcher.core.EngineExecutionOrchestrator.execute(EngineExecutionOrchestrator.java:198)
	at org.junit.platform.launcher.core.EngineExecutionOrchestrator.execute(EngineExecutionOrchestrator.java:169)
	at org.junit.platform.launcher.core.EngineExecutionOrchestrator.execute(EngineExecutionOrchestrator.java:93)
	at org.junit.platform.launcher.core.EngineExecutionOrchestrator.lambda$execute$0(EngineExecutionOrchestrator.java:58)
	at org.junit.platform.launcher.core.EngineExecutionOrchestrator.withInterceptedStreams(EngineExecutionOrchestrator.java:141)
	at org.junit.platform.launcher.core.EngineExecutionOrchestrator.execute(EngineExecutionOrchestrator.java:57)
	at org.junit.platform.launcher.core.DefaultLauncher.execute(DefaultLauncher.java:103)
	at org.junit.platform.launcher.core.DefaultLauncher.execute(DefaultLauncher.java:85)
	at org.junit.platform.launcher.core.DelegatingLauncher.execute(DelegatingLauncher.java:47)
	at org.apache.maven.surefire.junitplatform.LazyLauncher.execute(LazyLauncher.java:56)
	at org.apache.maven.surefire.junitplatform.JUnitPlatformProvider.execute(JUnitPlatformProvider.java:184)
	at org.apache.maven.surefire.junitplatform.JUnitPlatformProvider.invokeAllTests(JUnitPlatformProvider.java:148)
	at org.apache.maven.surefire.junitplatform.JUnitPlatformProvider.invoke(JUnitPlatformProvider.java:122)
	at org.apache.maven.surefire.booter.ForkedBooter.runSuitesInProcess(ForkedBooter.java:385)
	at org.apache.maven.surefire.booter.ForkedBooter.execute(ForkedBooter.java:162)
	at org.apache.maven.surefire.booter.ForkedBooter.run(ForkedBooter.java:507)
	at org.apache.maven.surefire.booter.ForkedBooter.main(ForkedBooter.java:495)

[ERRO] 2026-01-09 18:51:47.184 - Erro-80
  Exceção: java.lang.RuntimeException: Erro 80
java.lang.RuntimeException: Erro 80
	at testes.ErrorLoggerTest.testeLogNaoCresceIndefinidamente(ErrorLoggerTest.java:398)
	at java.base/jdk.internal.reflect.DirectMethodHandleAccessor.invoke(DirectMethodHandleAccessor.java:103)
	at java.base/java.lang.reflect.Method.invoke(Method.java:580)
	at org.junit.platform.commons.util.ReflectionUtils.invokeMethod(ReflectionUtils.java:728)
	at org.junit.jupiter.engine.execution.MethodInvocation.proceed(MethodInvocation.java:60)
	at org.junit.jupiter.engine.execution.InvocationInterceptorChain$ValidatingInvocation.proceed(InvocationInterceptorChain.java:131)
	at org.junit.jupiter.engine.extension.TimeoutExtension.intercept(TimeoutExtension.java:156)
	at org.junit.jupiter.engine.extension.TimeoutExtension.interceptTestableMethod(TimeoutExtension.java:147)
	at org.junit.jupiter.engine.extension.TimeoutExtension.interceptTestMethod(TimeoutExtension.java:86)
	at org.junit.jupiter.engine.execution.InterceptingExecutableInvoker$ReflectiveInterceptorCall.lambda$ofVoidMethod$0(InterceptingExecutableInvoker.java:103)
	at org.junit.jupiter.engine.execution.InterceptingExecutableInvoker.lambda$invoke$0(InterceptingExecutableInvoker.java:93)
	at org.junit.jupiter.engine.execution.InvocationInterceptorChain$InterceptedInvocation.proceed(InvocationInterceptorChain.java:106)
	at org.junit.jupiter.engine.execution.InvocationInterceptorChain.proceed(InvocationInterceptorChain.java:64)
	at org.junit.jupiter.engine.execution.InvocationInterceptorChain.chainAndInvoke(InvocationInterceptorChain.java:45)
	at org.junit.jupiter.engine.execution.InvocationInterceptorChain.invoke(InvocationInterceptorChain.java:37)
	at org.junit.jupiter.engine.execution.InterceptingExecutableInvoker.invoke(InterceptingExecutableInvoker.java:92)
	at org.junit.jupiter.engine.execution.InterceptingExecutableInvoker.invoke(InterceptingExecutableInvoker.java:86)
	at org.junit.jupiter.engine.descriptor.TestMethodTestDescriptor.lambda$invokeTestMethod$7(TestMethodTestDescriptor.java:218)
	at org.junit.platform.engine.support.hierarchical.ThrowableCollector.execute(ThrowableCollector.java:73)
	at org.junit.jupiter.engine.descriptor.TestMethodTestDescriptor.invokeTestMethod(TestMethodTestDescriptor.java:214)
	at org.junit.jupiter.engine.descriptor.TestMethodTestDescriptor.execute(TestMethodTestDescriptor.java:139)
	at org.junit.jupiter.engine.descriptor.TestMethodTestDescriptor.execute(TestMethodTestDescriptor.java:69)
	at org.junit.platform.engine.support.hierarchical.NodeTestTask.lambda$executeRecursively$6(NodeTestTask.java:151)
	at org.junit.platform.engine.support.hierarchical.ThrowableCollector.execute(ThrowableCollector.java:73)
	at org.junit.platform.engine.support.hierarchical.NodeTestTask.lambda$executeRecursively$8(NodeTestTask.java:141)
	at org.junit.platform.engine.support.hierarchical.Node.around(Node.java:137)
	at org.junit.platform.engine.support.hierarchical.NodeTestTask.lambda$executeRecursively$9(NodeTestTask.java:139)
	at org.junit.platform.engine.support.hierarchical.ThrowableCollector.execute(ThrowableCollector.java:73)
	at org.junit.platform.engine.support.hierarchical.NodeTestTask.executeRecursively(NodeTestTask.java:138)
	at org.junit.platform.engine.support.hierarchical.NodeTestTask.execute(NodeTestTask.java:95)
	at java.base/java.util.ArrayList.forEach(ArrayList.java:1597)
	at org.junit.platform.engine.support.hierarchical.SameThreadHierarchicalTestExecutorService.invokeAll(SameThreadHierarchicalTestExecutorService.java:41)
	at org.junit.platform.engine.support.hierarchical.NodeTestTask.lambda$executeRecursively$6(NodeTestTask.java:155)
	at org.junit.platform.engine.support.hierarchical.ThrowableCollector.execute(ThrowableCollector.java:73)
	at org.junit.platform.engine.support.hierarchical.NodeTestTask.lambda$executeRecursively$8(NodeTestTask.java:141)
	at org.junit.platform.engine.support.hierarchical.Node.around(Node.java:137)
	at org.junit.platform.engine.support.hierarchical.NodeTestTask.lambda$executeRecursively$9(NodeTestTask.java:139)
	at org.junit.platform.engine.support.hierarchical.ThrowableCollector.execute(ThrowableCollector.java:73)
	at org.junit.platform.engine.support.hierarchical.NodeTestTask.executeRecursively(NodeTestTask.java:138)
	at org.junit.platform.engine.support.hierarchical.NodeTestTask.execute(NodeTestTask.java:95)
	at java.base/java.util.ArrayList.forEach(ArrayList.java:1597)
	at org.junit.platform.engine.support.hierarchical.SameThreadHierarchicalTestExecutorService.invokeAll(SameThreadHierarchicalTestExecutorService.java:41)
	at org.junit.platform.engine.support.hierarchical.NodeTestTask.lambda$executeRecursively$6(NodeTestTask.java:155)
	at org.junit.platform.engine.support.hierarchical.ThrowableCollector.execute(ThrowableCollector.java:73)
	at org.junit.platform.engine.support.hierarchical.NodeTestTask.lambda$executeRecursively$8(NodeTestTask.java:141)
	at org.junit.platform.engine.support.hierarchical.Node.around(Node.java:137)
	at org.junit.platform.engine.support.hierarchical.NodeTestTask.lambda$executeRecursively$9(NodeTestTask.java:139)
	at org.junit.platform.engine.support.hierarchical.ThrowableCollector.execute(ThrowableCollector.java:73)
	at org.junit.platform.engine.support.hierarchical.NodeTestTask.executeRecursively(NodeTestTask.java:138)
	at org.junit.platform.engine.support.hierarchical.NodeTestTask.execute(NodeTestTask.java:95)
	at org.junit.platform.engine.support.hierarchical.SameThreadHierarchicalTestExecutorService.submit(SameThreadHierarchicalTestExecutorService.java:35)
	at org.junit.platform.engine.support.hierarchical.HierarchicalTestExecutor.execute(HierarchicalTestExecutor.java:57)
	at org.junit.platform.engine.support.hierarchical.HierarchicalTestEngine.execute(HierarchicalTestEngine.java:54)
	at org.junit.platform.launcher.core.EngineExecutionOrchestrator.execute(EngineExecutionOrchestrator.java:198)
	at org.junit.platform.launcher.core.EngineExecutionOrchestrator.execute(EngineExecutionOrchestrator.java:169)
	at org.junit.platform.launcher.core.EngineExecutionOrchestrator.execute(EngineExecutionOrchestrator.java:93)
	at org.junit.platform.launcher.core.EngineExecutionOrchestrator.lambda$execute$0(EngineExecutionOrchestrator.java:58)
	at org.junit.platform.launcher.core.EngineExecutionOrchestrator.withInterceptedStreams(EngineExecutionOrchestrator.java:141)
	at org.junit.platform.launcher.core.EngineExecutionOrchestrator.execute(EngineExecutionOrchestrator.java:57)
	at org.junit.platform.launcher.core.DefaultLauncher.execute(DefaultLauncher.java:103)
	at org.junit.platform.launcher.core.DefaultLauncher.execute(DefaultLauncher.java:85)
	at org.junit.platform.launcher.core.DelegatingLauncher.execute(DelegatingLauncher.java:47)
	at org.apache.maven.surefire.junitplatform.LazyLauncher.execute(LazyLauncher.java:56)
	at org.apache.maven.surefire.junitplatform.JUnitPlatformProvider.execute(JUnitPlatformProvider.java:184)
	at org.apache.maven.surefire.junitplatform.JUnitPlatformProvider.invokeAllTests(JUnitPlatformProvider.java:148)
	at org.apache.maven.surefire.junitplatform.JUnitPlatformProvider.invoke(JUnitPlatformProvider.java:122)
	at org.apache.maven.surefire.booter.ForkedBooter.runSuitesInProcess(ForkedBooter.java:385)
	at org.apache.maven.surefire.booter.ForkedBooter.execute(ForkedBooter.java:162)
	at org.apache.maven.surefire.booter.ForkedBooter.run(ForkedBooter.java:507)
	at org.apache.maven.surefire.booter.ForkedBooter.main(ForkedBooter.java:495)

[ERRO] 2026-01-09 18:51:47.184 - Erro-81
  Exceção: java.lang.RuntimeException: Erro 81
java.lang.RuntimeException: Erro 81
	at testes.ErrorLoggerTest.testeLogNaoCresceIndefinidamente(ErrorLoggerTest.java:398)
	at java.base/jdk.internal.reflect.DirectMethodHandleAccessor.invoke(DirectMethodHandleAccessor.java:103)
	at java.base/java.lang.reflect.Method.invoke(Method.java:580)
	at org.junit.platform.commons.util.ReflectionUtils.invokeMethod(ReflectionUtils.java:728)
	at org.junit.jupiter.engine.execution.MethodInvocation.proceed(MethodInvocation.java:60)
	at org.junit.jupiter.engine.execution.InvocationInterceptorChain$ValidatingInvocation.proceed(InvocationInterceptorChain.java:131)
	at org.junit.jupiter.engine.extension.TimeoutExtension.intercept(TimeoutExtension.java:156)
	at org.junit.jupiter.engine.extension.TimeoutExtension.interceptTestableMethod(TimeoutExtension.java:147)
	at org.junit.jupiter.engine.extension.TimeoutExtension.interceptTestMethod(TimeoutExtension.java:86)
	at org.junit.jupiter.engine.execution.InterceptingExecutableInvoker$ReflectiveInterceptorCall.lambda$ofVoidMethod$0(InterceptingExecutableInvoker.java:103)
	at org.junit.jupiter.engine.execution.InterceptingExecutableInvoker.lambda$invoke$0(InterceptingExecutableInvoker.java:93)
	at org.junit.jupiter.engine.execution.InvocationInterceptorChain$InterceptedInvocation.proceed(InvocationInterceptorChain.java:106)
	at org.junit.jupiter.engine.execution.InvocationInterceptorChain.proceed(InvocationInterceptorChain.java:64)
	at org.junit.jupiter.engine.execution.InvocationInterceptorChain.chainAndInvoke(InvocationInterceptorChain.java:45)
	at org.junit.jupiter.engine.execution.InvocationInterceptorChain.invoke(InvocationInterceptorChain.java:37)
	at org.junit.jupiter.engine.execution.InterceptingExecutableInvoker.invoke(InterceptingExecutableInvoker.java:92)
	at org.junit.jupiter.engine.execution.InterceptingExecutableInvoker.invoke(InterceptingExecutableInvoker.java:86)
	at org.junit.jupiter.engine.descriptor.TestMethodTestDescriptor.lambda$invokeTestMethod$7(TestMethodTestDescriptor.java:218)
	at org.junit.platform.engine.support.hierarchical.ThrowableCollector.execute(ThrowableCollector.java:73)
	at org.junit.jupiter.engine.descriptor.TestMethodTestDescriptor.invokeTestMethod(TestMethodTestDescriptor.java:214)
	at org.junit.jupiter.engine.descriptor.TestMethodTestDescriptor.execute(TestMethodTestDescriptor.java:139)
	at org.junit.jupiter.engine.descriptor.TestMethodTestDescriptor.execute(TestMethodTestDescriptor.java:69)
	at org.junit.platform.engine.support.hierarchical.NodeTestTask.lambda$executeRecursively$6(NodeTestTask.java:151)
	at org.junit.platform.engine.support.hierarchical.ThrowableCollector.execute(ThrowableCollector.java:73)
	at org.junit.platform.engine.support.hierarchical.NodeTestTask.lambda$executeRecursively$8(NodeTestTask.java:141)
	at org.junit.platform.engine.support.hierarchical.Node.around(Node.java:137)
	at org.junit.platform.engine.support.hierarchical.NodeTestTask.lambda$executeRecursively$9(NodeTestTask.java:139)
	at org.junit.platform.engine.support.hierarchical.ThrowableCollector.execute(ThrowableCollector.java:73)
	at org.junit.platform.engine.support.hierarchical.NodeTestTask.executeRecursively(NodeTestTask.java:138)
	at org.junit.platform.engine.support.hierarchical.NodeTestTask.execute(NodeTestTask.java:95)
	at java.base/java.util.ArrayList.forEach(ArrayList.java:1597)
	at org.junit.platform.engine.support.hierarchical.SameThreadHierarchicalTestExecutorService.invokeAll(SameThreadHierarchicalTestExecutorService.java:41)
	at org.junit.platform.engine.support.hierarchical.NodeTestTask.lambda$executeRecursively$6(NodeTestTask.java:155)
	at org.junit.platform.engine.support.hierarchical.ThrowableCollector.execute(ThrowableCollector.java:73)
	at org.junit.platform.engine.support.hierarchical.NodeTestTask.lambda$executeRecursively$8(NodeTestTask.java:141)
	at org.junit.platform.engine.support.hierarchical.Node.around(Node.java:137)
	at org.junit.platform.engine.support.hierarchical.NodeTestTask.lambda$executeRecursively$9(NodeTestTask.java:139)
	at org.junit.platform.engine.support.hierarchical.ThrowableCollector.execute(ThrowableCollector.java:73)
	at org.junit.platform.engine.support.hierarchical.NodeTestTask.executeRecursively(NodeTestTask.java:138)
	at org.junit.platform.engine.support.hierarchical.NodeTestTask.execute(NodeTestTask.java:95)
	at java.base/java.util.ArrayList.forEach(ArrayList.java:1597)
	at org.junit.platform.engine.support.hierarchical.SameThreadHierarchicalTestExecutorService.invokeAll(SameThreadHierarchicalTestExecutorService.java:41)
	at org.junit.platform.engine.support.hierarchical.NodeTestTask.lambda$executeRecursively$6(NodeTestTask.java:155)
	at org.junit.platform.engine.support.hierarchical.ThrowableCollector.execute(ThrowableCollector.java:73)
	at org.junit.platform.engine.support.hierarchical.NodeTestTask.lambda$executeRecursively$8(NodeTestTask.java:141)
	at org.junit.platform.engine.support.hierarchical.Node.around(Node.java:137)
	at org.junit.platform.engine.support.hierarchical.NodeTestTask.lambda$executeRecursively$9(NodeTestTask.java:139)
	at org.junit.platform.engine.support.hierarchical.ThrowableCollector.execute(ThrowableCollector.java:73)
	at org.junit.platform.engine.support.hierarchical.NodeTestTask.executeRecursively(NodeTestTask.java:138)
	at org.junit.platform.engine.support.hierarchical.NodeTestTask.execute(NodeTestTask.java:95)
	at org.junit.platform.engine.support.hierarchical.SameThreadHierarchicalTestExecutorService.submit(SameThreadHierarchicalTestExecutorService.java:35)
	at org.junit.platform.engine.support.hierarchical.HierarchicalTestExecutor.execute(HierarchicalTestExecutor.java:57)
	at org.junit.platform.engine.support.hierarchical.HierarchicalTestEngine.execute(HierarchicalTestEngine.java:54)
	at org.junit.platform.launcher.core.EngineExecutionOrchestrator.execute(EngineExecutionOrchestrator.java:198)
	at org.junit.platform.launcher.core.EngineExecutionOrchestrator.execute(EngineExecutionOrchestrator.java:169)
	at org.junit.platform.launcher.core.EngineExecutionOrchestrator.execute(EngineExecutionOrchestrator.java:93)
	at org.junit.platform.launcher.core.EngineExecutionOrchestrator.lambda$execute$0(EngineExecutionOrchestrator.java:58)
	at org.junit.platform.launcher.core.EngineExecutionOrchestrator.withInterceptedStreams(EngineExecutionOrchestrator.java:141)
	at org.junit.platform.launcher.core.EngineExecutionOrchestrator.execute(EngineExecutionOrchestrator.java:57)
	at org.junit.platform.launcher.core.DefaultLauncher.execute(DefaultLauncher.java:103)
	at org.junit.platform.launcher.core.DefaultLauncher.execute(DefaultLauncher.java:85)
	at org.junit.platform.launcher.core.DelegatingLauncher.execute(DelegatingLauncher.java:47)
	at org.apache.maven.surefire.junitplatform.LazyLauncher.execute(LazyLauncher.java:56)
	at org.apache.maven.surefire.junitplatform.JUnitPlatformProvider.execute(JUnitPlatformProvider.java:184)
	at org.apache.maven.surefire.junitplatform.JUnitPlatformProvider.invokeAllTests(JUnitPlatformProvider.java:148)
	at org.apache.maven.surefire.junitplatform.JUnitPlatformProvider.invoke(JUnitPlatformProvider.java:122)
	at org.apache.maven.surefire.booter.ForkedBooter.runSuitesInProcess(ForkedBooter.java:385)
	at org.apache.maven.surefire.booter.ForkedBooter.execute(ForkedBooter.java:162)
	at org.apache.maven.surefire.booter.ForkedBooter.run(ForkedBooter.java:507)
	at org.apache.maven.surefire.booter.ForkedBooter.main(ForkedBooter.java:495)

[ERRO] 2026-01-09 18:51:47.184 - Erro-82
  Exceção: java.lang.RuntimeException: Erro 82
java.lang.RuntimeException: Erro 82
	at testes.ErrorLoggerTest.testeLogNaoCresceIndefinidamente(ErrorLoggerTest.java:398)
	at java.base/jdk.internal.reflect.DirectMethodHandleAccessor.invoke(DirectMethodHandleAccessor.java:103)
	at java.base/java.lang.reflect.Method.invoke(Method.java:580)
	at org.junit.platform.commons.util.ReflectionUtils.invokeMethod(ReflectionUtils.java:728)
	at org.junit.jupiter.engine.execution.MethodInvocation.proceed(MethodInvocation.java:60)
	at org.junit.jupiter.engine.execution.InvocationInterceptorChain$ValidatingInvocation.proceed(InvocationInterceptorChain.java:131)
	at org.junit.jupiter.engine.extension.TimeoutExtension.intercept(TimeoutExtension.java:156)
	at org.junit.jupiter.engine.extension.TimeoutExtension.interceptTestableMethod(TimeoutExtension.java:147)
	at org.junit.jupiter.engine.extension.TimeoutExtension.interceptTestMethod(TimeoutExtension.java:86)
	at org.junit.jupiter.engine.execution.InterceptingExecutableInvoker$ReflectiveInterceptorCall.lambda$ofVoidMethod$0(InterceptingExecutableInvoker.java:103)
	at org.junit.jupiter.engine.execution.InterceptingExecutableInvoker.lambda$invoke$0(InterceptingExecutableInvoker.java:93)
	at org.junit.jupiter.engine.execution.InvocationInterceptorChain$InterceptedInvocation.proceed(InvocationInterceptorChain.java:106)
	at org.junit.jupiter.engine.execution.InvocationInterceptorChain.proceed(InvocationInterceptorChain.java:64)
	at org.junit.jupiter.engine.execution.InvocationInterceptorChain.chainAndInvoke(InvocationInterceptorChain.java:45)
	at org.junit.jupiter.engine.execution.InvocationInterceptorChain.invoke(InvocationInterceptorChain.java:37)
	at org.junit.jupiter.engine.execution.InterceptingExecutableInvoker.invoke(InterceptingExecutableInvoker.java:92)
	at org.junit.jupiter.engine.execution.InterceptingExecutableInvoker.invoke(InterceptingExecutableInvoker.java:86)
	at org.junit.jupiter.engine.descriptor.TestMethodTestDescriptor.lambda$invokeTestMethod$7(TestMethodTestDescriptor.java:218)
	at org.junit.platform.engine.support.hierarchical.ThrowableCollector.execute(ThrowableCollector.java:73)
	at org.junit.jupiter.engine.descriptor.TestMethodTestDescriptor.invokeTestMethod(TestMethodTestDescriptor.java:214)
	at org.junit.jupiter.engine.descriptor.TestMethodTestDescriptor.execute(TestMethodTestDescriptor.java:139)
	at org.junit.jupiter.engine.descriptor.TestMethodTestDescriptor.execute(TestMethodTestDescriptor.java:69)
	at org.junit.platform.engine.support.hierarchical.NodeTestTask.lambda$executeRecursively$6(NodeTestTask.java:151)
	at org.junit.platform.engine.support.hierarchical.ThrowableCollector.execute(ThrowableCollector.java:73)
	at org.junit.platform.engine.support.hierarchical.NodeTestTask.lambda$executeRecursively$8(NodeTestTask.java:141)
	at org.junit.platform.engine.support.hierarchical.Node.around(Node.java:137)
	at org.junit.platform.engine.support.hierarchical.NodeTestTask.lambda$executeRecursively$9(NodeTestTask.java:139)
	at org.junit.platform.engine.support.hierarchical.ThrowableCollector.execute(ThrowableCollector.java:73)
	at org.junit.platform.engine.support.hierarchical.NodeTestTask.executeRecursively(NodeTestTask.java:138)
	at org.junit.platform.engine.support.hierarchical.NodeTestTask.execute(NodeTestTask.java:95)
	at java.base/java.util.ArrayList.forEach(ArrayList.java:1597)
	at org.junit.platform.engine.support.hierarchical.SameThreadHierarchicalTestExecutorService.invokeAll(SameThreadHierarchicalTestExecutorService.java:41)
	at org.junit.platform.engine.support.hierarchical.NodeTestTask.lambda$executeRecursively$6(NodeTestTask.java:155)
	at org.junit.platform.engine.support.hierarchical.ThrowableCollector.execute(ThrowableCollector.java:73)
	at org.junit.platform.engine.support.hierarchical.NodeTestTask.lambda$executeRecursively$8(NodeTestTask.java:141)
	at org.junit.platform.engine.support.hierarchical.Node.around(Node.java:137)
	at org.junit.platform.engine.support.hierarchical.NodeTestTask.lambda$executeRecursively$9(NodeTestTask.java:139)
	at org.junit.platform.engine.support.hierarchical.ThrowableCollector.execute(ThrowableCollector.java:73)
	at org.junit.platform.engine.support.hierarchical.NodeTestTask.executeRecursively(NodeTestTask.java:138)
	at org.junit.platform.engine.support.hierarchical.NodeTestTask.execute(NodeTestTask.java:95)
	at java.base/java.util.ArrayList.forEach(ArrayList.java:1597)
	at org.junit.platform.engine.support.hierarchical.SameThreadHierarchicalTestExecutorService.invokeAll(SameThreadHierarchicalTestExecutorService.java:41)
	at org.junit.platform.engine.support.hierarchical.NodeTestTask.lambda$executeRecursively$6(NodeTestTask.java:155)
	at org.junit.platform.engine.support.hierarchical.ThrowableCollector.execute(ThrowableCollector.java:73)
	at org.junit.platform.engine.support.hierarchical.NodeTestTask.lambda$executeRecursively$8(NodeTestTask.java:141)
	at org.junit.platform.engine.support.hierarchical.Node.around(Node.java:137)
	at org.junit.platform.engine.support.hierarchical.NodeTestTask.lambda$executeRecursively$9(NodeTestTask.java:139)
	at org.junit.platform.engine.support.hierarchical.ThrowableCollector.execute(ThrowableCollector.java:73)
	at org.junit.platform.engine.support.hierarchical.NodeTestTask.executeRecursively(NodeTestTask.java:138)
	at org.junit.platform.engine.support.hierarchical.NodeTestTask.execute(NodeTestTask.java:95)
	at org.junit.platform.engine.support.hierarchical.SameThreadHierarchicalTestExecutorService.submit(SameThreadHierarchicalTestExecutorService.java:35)
	at org.junit.platform.engine.support.hierarchical.HierarchicalTestExecutor.execute(HierarchicalTestExecutor.java:57)
	at org.junit.platform.engine.support.hierarchical.HierarchicalTestEngine.execute(HierarchicalTestEngine.java:54)
	at org.junit.platform.launcher.core.EngineExecutionOrchestrator.execute(EngineExecutionOrchestrator.java:198)
	at org.junit.platform.launcher.core.EngineExecutionOrchestrator.execute(EngineExecutionOrchestrator.java:169)
	at org.junit.platform.launcher.core.EngineExecutionOrchestrator.execute(EngineExecutionOrchestrator.java:93)
	at org.junit.platform.launcher.core.EngineExecutionOrchestrator.lambda$execute$0(EngineExecutionOrchestrator.java:58)
	at org.junit.platform.launcher.core.EngineExecutionOrchestrator.withInterceptedStreams(EngineExecutionOrchestrator.java:141)
	at org.junit.platform.launcher.core.EngineExecutionOrchestrator.execute(EngineExecutionOrchestrator.java:57)
	at org.junit.platform.launcher.core.DefaultLauncher.execute(DefaultLauncher.java:103)
	at org.junit.platform.launcher.core.DefaultLauncher.execute(DefaultLauncher.java:85)
	at org.junit.platform.launcher.core.DelegatingLauncher.execute(DelegatingLauncher.java:47)
	at org.apache.maven.surefire.junitplatform.LazyLauncher.execute(LazyLauncher.java:56)
	at org.apache.maven.surefire.junitplatform.JUnitPlatformProvider.execute(JUnitPlatformProvider.java:184)
	at org.apache.maven.surefire.junitplatform.JUnitPlatformProvider.invokeAllTests(JUnitPlatformProvider.java:148)
	at org.apache.maven.surefire.junitplatform.JUnitPlatformProvider.invoke(JUnitPlatformProvider.java:122)
	at org.apache.maven.surefire.booter.ForkedBooter.runSuitesInProcess(ForkedBooter.java:385)
	at org.apache.maven.surefire.booter.ForkedBooter.execute(ForkedBooter.java:162)
	at org.apache.maven.surefire.booter.ForkedBooter.run(ForkedBooter.java:507)
	at org.apache.maven.surefire.booter.ForkedBooter.main(ForkedBooter.java:495)

[ERRO] 2026-01-09 18:51:47.185 - Erro-83
  Exceção: java.lang.RuntimeException: Erro 83
java.lang.RuntimeException: Erro 83
	at testes.ErrorLoggerTest.testeLogNaoCresceIndefinidamente(ErrorLoggerTest.java:398)
	at java.base/jdk.internal.reflect.DirectMethodHandleAccessor.invoke(DirectMethodHandleAccessor.java:103)
	at java.base/java.lang.reflect.Method.invoke(Method.java:580)
	at org.junit.platform.commons.util.ReflectionUtils.invokeMethod(ReflectionUtils.java:728)
	at org.junit.jupiter.engine.execution.MethodInvocation.proceed(MethodInvocation.java:60)
	at org.junit.jupiter.engine.execution.InvocationInterceptorChain$ValidatingInvocation.proceed(InvocationInterceptorChain.java:131)
	at org.junit.jupiter.engine.extension.TimeoutExtension.intercept(TimeoutExtension.java:156)
	at org.junit.jupiter.engine.extension.TimeoutExtension.interceptTestableMethod(TimeoutExtension.java:147)
	at org.junit.jupiter.engine.extension.TimeoutExtension.interceptTestMethod(TimeoutExtension.java:86)
	at org.junit.jupiter.engine.execution.InterceptingExecutableInvoker$ReflectiveInterceptorCall.lambda$ofVoidMethod$0(InterceptingExecutableInvoker.java:103)
	at org.junit.jupiter.engine.execution.InterceptingExecutableInvoker.lambda$invoke$0(InterceptingExecutableInvoker.java:93)
	at org.junit.jupiter.engine.execution.InvocationInterceptorChain$InterceptedInvocation.proceed(InvocationInterceptorChain.java:106)
	at org.junit.jupiter.engine.execution.InvocationInterceptorChain.proceed(InvocationInterceptorChain.java:64)
	at org.junit.jupiter.engine.execution.InvocationInterceptorChain.chainAndInvoke(InvocationInterceptorChain.java:45)
	at org.junit.jupiter.engine.execution.InvocationInterceptorChain.invoke(InvocationInterceptorChain.java:37)
	at org.junit.jupiter.engine.execution.InterceptingExecutableInvoker.invoke(InterceptingExecutableInvoker.java:92)
	at org.junit.jupiter.engine.execution.InterceptingExecutableInvoker.invoke(InterceptingExecutableInvoker.java:86)
	at org.junit.jupiter.engine.descriptor.TestMethodTestDescriptor.lambda$invokeTestMethod$7(TestMethodTestDescriptor.java:218)
	at org.junit.platform.engine.support.hierarchical.ThrowableCollector.execute(ThrowableCollector.java:73)
	at org.junit.jupiter.engine.descriptor.TestMethodTestDescriptor.invokeTestMethod(TestMethodTestDescriptor.java:214)
	at org.junit.jupiter.engine.descriptor.TestMethodTestDescriptor.execute(TestMethodTestDescriptor.java:139)
	at org.junit.jupiter.engine.descriptor.TestMethodTestDescriptor.execute(TestMethodTestDescriptor.java:69)
	at org.junit.platform.engine.support.hierarchical.NodeTestTask.lambda$executeRecursively$6(NodeTestTask.java:151)
	at org.junit.platform.engine.support.hierarchical.ThrowableCollector.execute(ThrowableCollector.java:73)
	at org.junit.platform.engine.support.hierarchical.NodeTestTask.lambda$executeRecursively$8(NodeTestTask.java:141)
	at org.junit.platform.engine.support.hierarchical.Node.around(Node.java:137)
	at org.junit.platform.engine.support.hierarchical.NodeTestTask.lambda$executeRecursively$9(NodeTestTask.java:139)
	at org.junit.platform.engine.support.hierarchical.ThrowableCollector.execute(ThrowableCollector.java:73)
	at org.junit.platform.engine.support.hierarchical.NodeTestTask.executeRecursively(NodeTestTask.java:138)
	at org.junit.platform.engine.support.hierarchical.NodeTestTask.execute(NodeTestTask.java:95)
	at java.base/java.util.ArrayList.forEach(ArrayList.java:1597)
	at org.junit.platform.engine.support.hierarchical.SameThreadHierarchicalTestExecutorService.invokeAll(SameThreadHierarchicalTestExecutorService.java:41)
	at org.junit.platform.engine.support.hierarchical.NodeTestTask.lambda$executeRecursively$6(NodeTestTask.java:155)
	at org.junit.platform.engine.support.hierarchical.ThrowableCollector.execute(ThrowableCollector.java:73)
	at org.junit.platform.engine.support.hierarchical.NodeTestTask.lambda$executeRecursively$8(NodeTestTask.java:141)
	at org.junit.platform.engine.support.hierarchical.Node.around(Node.java:137)
	at org.junit.platform.engine.support.hierarchical.NodeTestTask.lambda$executeRecursively$9(NodeTestTask.java:139)
	at org.junit.platform.engine.support.hierarchical.ThrowableCollector.execute(ThrowableCollector.java:73)
	at org.junit.platform.engine.support.hierarchical.NodeTestTask.executeRecursively(NodeTestTask.java:138)
	at org.junit.platform.engine.support.hierarchical.NodeTestTask.execute(NodeTestTask.java:95)
	at java.base/java.util.ArrayList.forEach(ArrayList.java:1597)
	at org.junit.platform.engine.support.hierarchical.SameThreadHierarchicalTestExecutorService.invokeAll(SameThreadHierarchicalTestExecutorService.java:41)
	at org.junit.platform.engine.support.hierarchical.NodeTestTask.lambda$executeRecursively$6(NodeTestTask.java:155)
	at org.junit.platform.engine.support.hierarchical.ThrowableCollector.execute(ThrowableCollector.java:73)
	at org.junit.platform.engine.support.hierarchical.NodeTestTask.lambda$executeRecursively$8(NodeTestTask.java:141)
	at org.junit.platform.engine.support.hierarchical.Node.around(Node.java:137)
	at org.junit.platform.engine.support.hierarchical.NodeTestTask.lambda$executeRecursively$9(NodeTestTask.java:139)
	at org.junit.platform.engine.support.hierarchical.ThrowableCollector.execute(ThrowableCollector.java:73)
	at org.junit.platform.engine.support.hierarchical.NodeTestTask.executeRecursively(NodeTestTask.java:138)
	at org.junit.platform.engine.support.hierarchical.NodeTestTask.execute(NodeTestTask.java:95)
	at org.junit.platform.engine.support.hierarchical.SameThreadHierarchicalTestExecutorService.submit(SameThreadHierarchicalTestExecutorService.java:35)
	at org.junit.platform.engine.support.hierarchical.HierarchicalTestExecutor.execute(HierarchicalTestExecutor.java:57)
	at org.junit.platform.engine.support.hierarchical.HierarchicalTestEngine.execute(HierarchicalTestEngine.java:54)
	at org.junit.platform.launcher.core.EngineExecutionOrchestrator.execute(EngineExecutionOrchestrator.java:198)
	at org.junit.platform.launcher.core.EngineExecutionOrchestrator.execute(EngineExecutionOrchestrator.java:169)
	at org.junit.platform.launcher.core.EngineExecutionOrchestrator.execute(EngineExecutionOrchestrator.java:93)
	at org.junit.platform.launcher.core.EngineExecutionOrchestrator.lambda$execute$0(EngineExecutionOrchestrator.java:58)
	at org.junit.platform.launcher.core.EngineExecutionOrchestrator.withInterceptedStreams(EngineExecutionOrchestrator.java:141)
	at org.junit.platform.launcher.core.EngineExecutionOrchestrator.execute(EngineExecutionOrchestrator.java:57)
	at org.junit.platform.launcher.core.DefaultLauncher.execute(DefaultLauncher.java:103)
	at org.junit.platform.launcher.core.DefaultLauncher.execute(DefaultLauncher.java:85)
	at org.junit.platform.launcher.core.DelegatingLauncher.execute(DelegatingLauncher.java:47)
	at org.apache.maven.surefire.junitplatform.LazyLauncher.execute(LazyLauncher.java:56)
	at org.apache.maven.surefire.junitplatform.JUnitPlatformProvider.execute(JUnitPlatformProvider.java:184)
	at org.apache.maven.surefire.junitplatform.JUnitPlatformProvider.invokeAllTests(JUnitPlatformProvider.java:148)
	at org.apache.maven.surefire.junitplatform.JUnitPlatformProvider.invoke(JUnitPlatformProvider.java:122)
	at org.apache.maven.surefire.booter.ForkedBooter.runSuitesInProcess(ForkedBooter.java:385)
	at org.apache.maven.surefire.booter.ForkedBooter.execute(ForkedBooter.java:162)
	at org.apache.maven.surefire.booter.ForkedBooter.run(ForkedBooter.java:507)
	at org.apache.maven.surefire.booter.ForkedBooter.main(ForkedBooter.java:495)

[ERRO] 2026-01-09 18:51:47.185 - Erro-84
  Exceção: java.lang.RuntimeException: Erro 84
java.lang.RuntimeException: Erro 84
	at testes.ErrorLoggerTest.testeLogNaoCresceIndefinidamente(ErrorLoggerTest.java:398)
	at java.base/jdk.internal.reflect.DirectMethodHandleAccessor.invoke(DirectMethodHandleAccessor.java:103)
	at java.base/java.lang.reflect.Method.invoke(Method.java:580)
	at org.junit.platform.commons.util.ReflectionUtils.invokeMethod(ReflectionUtils.java:728)
	at org.junit.jupiter.engine.execution.MethodInvocation.proceed(MethodInvocation.java:60)
	at org.junit.jupiter.engine.execution.InvocationInterceptorChain$ValidatingInvocation.proceed(InvocationInterceptorChain.java:131)
	at org.junit.jupiter.engine.extension.TimeoutExtension.intercept(TimeoutExtension.java:156)
	at org.junit.jupiter.engine.extension.TimeoutExtension.interceptTestableMethod(TimeoutExtension.java:147)
	at org.junit.jupiter.engine.extension.TimeoutExtension.interceptTestMethod(TimeoutExtension.java:86)
	at org.junit.jupiter.engine.execution.InterceptingExecutableInvoker$ReflectiveInterceptorCall.lambda$ofVoidMethod$0(InterceptingExecutableInvoker.java:103)
	at org.junit.jupiter.engine.execution.InterceptingExecutableInvoker.lambda$invoke$0(InterceptingExecutableInvoker.java:93)
	at org.junit.jupiter.engine.execution.InvocationInterceptorChain$InterceptedInvocation.proceed(InvocationInterceptorChain.java:106)
	at org.junit.jupiter.engine.execution.InvocationInterceptorChain.proceed(InvocationInterceptorChain.java:64)
	at org.junit.jupiter.engine.execution.InvocationInterceptorChain.chainAndInvoke(InvocationInterceptorChain.java:45)
	at org.junit.jupiter.engine.execution.InvocationInterceptorChain.invoke(InvocationInterceptorChain.java:37)
	at org.junit.jupiter.engine.execution.InterceptingExecutableInvoker.invoke(InterceptingExecutableInvoker.java:92)
	at org.junit.jupiter.engine.execution.InterceptingExecutableInvoker.invoke(InterceptingExecutableInvoker.java:86)
	at org.junit.jupiter.engine.descriptor.TestMethodTestDescriptor.lambda$invokeTestMethod$7(TestMethodTestDescriptor.java:218)
	at org.junit.platform.engine.support.hierarchical.ThrowableCollector.execute(ThrowableCollector.java:73)
	at org.junit.jupiter.engine.descriptor.TestMethodTestDescriptor.invokeTestMethod(TestMethodTestDescriptor.java:214)
	at org.junit.jupiter.engine.descriptor.TestMethodTestDescriptor.execute(TestMethodTestDescriptor.java:139)
	at org.junit.jupiter.engine.descriptor.TestMethodTestDescriptor.execute(TestMethodTestDescriptor.java:69)
	at org.junit.platform.engine.support.hierarchical.NodeTestTask.lambda$executeRecursively$6(NodeTestTask.java:151)
	at org.junit.platform.engine.support.hierarchical.ThrowableCollector.execute(ThrowableCollector.java:73)
	at org.junit.platform.engine.support.hierarchical.NodeTestTask.lambda$executeRecursively$8(NodeTestTask.java:141)
	at org.junit.platform.engine.support.hierarchical.Node.around(Node.java:137)
	at org.junit.platform.engine.support.hierarchical.NodeTestTask.lambda$executeRecursively$9(NodeTestTask.java:139)
	at org.junit.platform.engine.support.hierarchical.ThrowableCollector.execute(ThrowableCollector.java:73)
	at org.junit.platform.engine.support.hierarchical.NodeTestTask.executeRecursively(NodeTestTask.java:138)
	at org.junit.platform.engine.support.hierarchical.NodeTestTask.execute(NodeTestTask.java:95)
	at java.base/java.util.ArrayList.forEach(ArrayList.java:1597)
	at org.junit.platform.engine.support.hierarchical.SameThreadHierarchicalTestExecutorService.invokeAll(SameThreadHierarchicalTestExecutorService.java:41)
	at org.junit.platform.engine.support.hierarchical.NodeTestTask.lambda$executeRecursively$6(NodeTestTask.java:155)
	at org.junit.platform.engine.support.hierarchical.ThrowableCollector.execute(ThrowableCollector.java:73)
	at org.junit.platform.engine.support.hierarchical.NodeTestTask.lambda$executeRecursively$8(NodeTestTask.java:141)
	at org.junit.platform.engine.support.hierarchical.Node.around(Node.java:137)
	at org.junit.platform.engine.support.hierarchical.NodeTestTask.lambda$executeRecursively$9(NodeTestTask.java:139)
	at org.junit.platform.engine.support.hierarchical.ThrowableCollector.execute(ThrowableCollector.java:73)
	at org.junit.platform.engine.support.hierarchical.NodeTestTask.executeRecursively(NodeTestTask.java:138)
	at org.junit.platform.engine.support.hierarchical.NodeTestTask.execute(NodeTestTask.java:95)
	at java.base/java.util.ArrayList.forEach(ArrayList.java:1597)
	at org.junit.platform.engine.support.hierarchical.SameThreadHierarchicalTestExecutorService.invokeAll(SameThreadHierarchicalTestExecutorService.java:41)
	at org.junit.platform.engine.support.hierarchical.NodeTestTask.lambda$executeRecursively$6(NodeTestTask.java:155)
	at org.junit.platform.engine.support.hierarchical.ThrowableCollector.execute(ThrowableCollector.java:73)
	at org.junit.platform.engine.support.hierarchical.NodeTestTask.lambda$executeRecursively$8(NodeTestTask.java:141)
	at org.junit.platform.engine.support.hierarchical.Node.around(Node.java:137)
	at org.junit.platform.engine.support.hierarchical.NodeTestTask.lambda$executeRecursively$9(NodeTestTask.java:139)
	at org.junit.platform.engine.support.hierarchical.ThrowableCollector.execute(ThrowableCollector.java:73)
	at org.junit.platform.engine.support.hierarchical.NodeTestTask.executeRecursively(NodeTestTask.java:138)
	at org.junit.platform.engine.support.hierarchical.NodeTestTask.execute(NodeTestTask.java:95)
	at org.junit.platform.engine.support.hierarchical.SameThreadHierarchicalTestExecutorService.submit(SameThreadHierarchicalTestExecutorService.java:35)
	at org.junit.platform.engine.support.hierarchical.HierarchicalTestExecutor.execute(HierarchicalTestExecutor.java:57)
	at org.junit.platform.engine.support.hierarchical.HierarchicalTestEngine.execute(HierarchicalTestEngine.java:54)
	at org.junit.platform.launcher.core.EngineExecutionOrchestrator.execute(EngineExecutionOrchestrator.java:198)
	at org.junit.platform.launcher.core.EngineExecutionOrchestrator.execute(EngineExecutionOrchestrator.java:169)
	at org.junit.platform.launcher.core.EngineExecutionOrchestrator.execute(EngineExecutionOrchestrator.java:93)
	at org.junit.platform.launcher.core.EngineExecutionOrchestrator.lambda$execute$0(EngineExecutionOrchestrator.java:58)
	at org.junit.platform.launcher.core.EngineExecutionOrchestrator.withInterceptedStreams(EngineExecutionOrchestrator.java:141)
	at org.junit.platform.launcher.core.EngineExecutionOrchestrator.execute(EngineExecutionOrchestrator.java:57)
	at org.junit.platform.launcher.core.DefaultLauncher.execute(DefaultLauncher.java:103)
	at org.junit.platform.launcher.core.DefaultLauncher.execute(DefaultLauncher.java:85)
	at org.junit.platform.launcher.core.DelegatingLauncher.execute(DelegatingLauncher.java:47)
	at org.apache.maven.surefire.junitplatform.LazyLauncher.execute(LazyLauncher.java:56)
	at org.apache.maven.surefire.junitplatform.JUnitPlatformProvider.execute(JUnitPlatformProvider.java:184)
	at org.apache.maven.surefire.junitplatform.JUnitPlatformProvider.invokeAllTests(JUnitPlatformProvider.java:148)
	at org.apache.maven.surefire.junitplatform.JUnitPlatformProvider.invoke(JUnitPlatformProvider.java:122)
	at org.apache.maven.surefire.booter.ForkedBooter.runSuitesInProcess(ForkedBooter.java:385)
	at org.apache.maven.surefire.booter.ForkedBooter.execute(ForkedBooter.java:162)
	at org.apache.maven.surefire.booter.ForkedBooter.run(ForkedBooter.java:507)
	at org.apache.maven.surefire.booter.ForkedBooter.main(ForkedBooter.java:495)

[ERRO] 2026-01-09 18:51:47.185 - Erro-85
  Exceção: java.lang.RuntimeException: Erro 85
java.lang.RuntimeException: Erro 85
	at testes.ErrorLoggerTest.testeLogNaoCresceIndefinidamente(ErrorLoggerTest.java:398)
	at java.base/jdk.internal.reflect.DirectMethodHandleAccessor.invoke(DirectMethodHandleAccessor.java:103)
	at java.base/java.lang.reflect.Method.invoke(Method.java:580)
	at org.junit.platform.commons.util.ReflectionUtils.invokeMethod(ReflectionUtils.java:728)
	at org.junit.jupiter.engine.execution.MethodInvocation.proceed(MethodInvocation.java:60)
	at org.junit.jupiter.engine.execution.InvocationInterceptorChain$ValidatingInvocation.proceed(InvocationInterceptorChain.java:131)
	at org.junit.jupiter.engine.extension.TimeoutExtension.intercept(TimeoutExtension.java:156)
	at org.junit.jupiter.engine.extension.TimeoutExtension.interceptTestableMethod(TimeoutExtension.java:147)
	at org.junit.jupiter.engine.extension.TimeoutExtension.interceptTestMethod(TimeoutExtension.java:86)
	at org.junit.jupiter.engine.execution.InterceptingExecutableInvoker$ReflectiveInterceptorCall.lambda$ofVoidMethod$0(InterceptingExecutableInvoker.java:103)
	at org.junit.jupiter.engine.execution.InterceptingExecutableInvoker.lambda$invoke$0(InterceptingExecutableInvoker.java:93)
	at org.junit.jupiter.engine.execution.InvocationInterceptorChain$InterceptedInvocation.proceed(InvocationInterceptorChain.java:106)
	at org.junit.jupiter.engine.execution.InvocationInterceptorChain.proceed(InvocationInterceptorChain.java:64)
	at org.junit.jupiter.engine.execution.InvocationInterceptorChain.chainAndInvoke(InvocationInterceptorChain.java:45)
	at org.junit.jupiter.engine.execution.InvocationInterceptorChain.invoke(InvocationInterceptorChain.java:37)
	at org.junit.jupiter.engine.execution.InterceptingExecutableInvoker.invoke(InterceptingExecutableInvoker.java:92)
	at org.junit.jupiter.engine.execution.InterceptingExecutableInvoker.invoke(InterceptingExecutableInvoker.java:86)
	at org.junit.jupiter.engine.descriptor.TestMethodTestDescriptor.lambda$invokeTestMethod$7(TestMethodTestDescriptor.java:218)
	at org.junit.platform.engine.support.hierarchical.ThrowableCollector.execute(ThrowableCollector.java:73)
	at org.junit.jupiter.engine.descriptor.TestMethodTestDescriptor.invokeTestMethod(TestMethodTestDescriptor.java:214)
	at org.junit.jupiter.engine.descriptor.TestMethodTestDescriptor.execute(TestMethodTestDescriptor.java:139)
	at org.junit.jupiter.engine.descriptor.TestMethodTestDescriptor.execute(TestMethodTestDescriptor.java:69)
	at org.junit.platform.engine.support.hierarchical.NodeTestTask.lambda$executeRecursively$6(NodeTestTask.java:151)
	at org.junit.platform.engine.support.hierarchical.ThrowableCollector.execute(ThrowableCollector.java:73)
	at org.junit.platform.engine.support.hierarchical.NodeTestTask.lambda$executeRecursively$8(NodeTestTask.java:141)
	at org.junit.platform.engine.support.hierarchical.Node.around(Node.java:137)
	at org.junit.platform.engine.support.hierarchical.NodeTestTask.lambda$executeRecursively$9(NodeTestTask.java:139)
	at org.junit.platform.engine.support.hierarchical.ThrowableCollector.execute(ThrowableCollector.java:73)
	at org.junit.platform.engine.support.hierarchical.NodeTestTask.executeRecursively(NodeTestTask.java:138)
	at org.junit.platform.engine.support.hierarchical.NodeTestTask.execute(NodeTestTask.java:95)
	at java.base/java.util.ArrayList.forEach(ArrayList.java:1597)
	at org.junit.platform.engine.support.hierarchical.SameThreadHierarchicalTestExecutorService.invokeAll(SameThreadHierarchicalTestExecutorService.java:41)
	at org.junit.platform.engine.support.hierarchical.NodeTestTask.lambda$executeRecursively$6(NodeTestTask.java:155)
	at org.junit.platform.engine.support.hierarchical.ThrowableCollector.execute(ThrowableCollector.java:73)
	at org.junit.platform.engine.support.hierarchical.NodeTestTask.lambda$executeRecursively$8(NodeTestTask.java:141)
	at org.junit.platform.engine.support.hierarchical.Node.around(Node.java:137)
	at org.junit.platform.engine.support.hierarchical.NodeTestTask.lambda$executeRecursively$9(NodeTestTask.java:139)
	at org.junit.platform.engine.support.hierarchical.ThrowableCollector.execute(ThrowableCollector.java:73)
	at org.junit.platform.engine.support.hierarchical.NodeTestTask.executeRecursively(NodeTestTask.java:138)
	at org.junit.platform.engine.support.hierarchical.NodeTestTask.execute(NodeTestTask.java:95)
	at java.base/java.util.ArrayList.forEach(ArrayList.java:1597)
	at org.junit.platform.engine.support.hierarchical.SameThreadHierarchicalTestExecutorService.invokeAll(SameThreadHierarchicalTestExecutorService.java:41)
	at org.junit.platform.engine.support.hierarchical.NodeTestTask.lambda$executeRecursively$6(NodeTestTask.java:155)
	at org.junit.platform.engine.support.hierarchical.ThrowableCollector.execute(ThrowableCollector.java:73)
	at org.junit.platform.engine.support.hierarchical.NodeTestTask.lambda$executeRecursively$8(NodeTestTask.java:141)
	at org.junit.platform.engine.support.hierarchical.Node.around(Node.java:137)
	at org.junit.platform.engine.support.hierarchical.NodeTestTask.lambda$executeRecursively$9(NodeTestTask.java:139)
	at org.junit.platform.engine.support.hierarchical.ThrowableCollector.execute(ThrowableCollector.java:73)
	at org.junit.platform.engine.support.hierarchical.NodeTestTask.executeRecursively(NodeTestTask.java:138)
	at org.junit.platform.engine.support.hierarchical.NodeTestTask.execute(NodeTestTask.java:95)
	at org.junit.platform.engine.support.hierarchical.SameThreadHierarchicalTestExecutorService.submit(SameThreadHierarchicalTestExecutorService.java:35)
	at org.junit.platform.engine.support.hierarchical.HierarchicalTestExecutor.execute(HierarchicalTestExecutor.java:57)
	at org.junit.platform.engine.support.hierarchical.HierarchicalTestEngine.execute(HierarchicalTestEngine.java:54)
	at org.junit.platform.launcher.core.EngineExecutionOrchestrator.execute(EngineExecutionOrchestrator.java:198)
	at org.junit.platform.launcher.core.EngineExecutionOrchestrator.execute(EngineExecutionOrchestrator.java:169)
	at org.junit.platform.launcher.core.EngineExecutionOrchestrator.execute(EngineExecutionOrchestrator.java:93)
	at org.junit.platform.launcher.core.EngineExecutionOrchestrator.lambda$execute$0(EngineExecutionOrchestrator.java:58)
	at org.junit.platform.launcher.core.EngineExecutionOrchestrator.withInterceptedStreams(EngineExecutionOrchestrator.java:141)
	at org.junit.platform.launcher.core.EngineExecutionOrchestrator.execute(EngineExecutionOrchestrator.java:57)
	at org.junit.platform.launcher.core.DefaultLauncher.execute(DefaultLauncher.java:103)
	at org.junit.platform.launcher.core.DefaultLauncher.execute(DefaultLauncher.java:85)
	at org.junit.platform.launcher.core.DelegatingLauncher.execute(DelegatingLauncher.java:47)
	at org.apache.maven.surefire.junitplatform.LazyLauncher.execute(LazyLauncher.java:56)
	at org.apache.maven.surefire.junitplatform.JUnitPlatformProvider.execute(JUnitPlatformProvider.java:184)
	at org.apache.maven.surefire.junitplatform.JUnitPlatformProvider.invokeAllTests(JUnitPlatformProvider.java:148)
	at org.apache.maven.surefire.junitplatform.JUnitPlatformProvider.invoke(JUnitPlatformProvider.java:122)
	at org.apache.maven.surefire.booter.ForkedBooter.runSuitesInProcess(ForkedBooter.java:385)
	at org.apache.maven.surefire.booter.ForkedBooter.execute(ForkedBooter.java:162)
	at org.apache.maven.surefire.booter.ForkedBooter.run(ForkedBooter.java:507)
	at org.apache.maven.surefire.booter.ForkedBooter.main(ForkedBooter.java:495)

[ERRO] 2026-01-09 18:51:47.186 - Erro-86
  Exceção: java.lang.RuntimeException: Erro 86
java.lang.RuntimeException: Erro 86
	at testes.ErrorLoggerTest.testeLogNaoCresceIndefinidamente(ErrorLoggerTest.java:398)
	at java.base/jdk.internal.reflect.DirectMethodHandleAccessor.invoke(DirectMethodHandleAccessor.java:103)
	at java.base/java.lang.reflect.Method.invoke(Method.java:580)
	at org.junit.platform.commons.util.ReflectionUtils.invokeMethod(ReflectionUtils.java:728)
	at org.junit.jupiter.engine.execution.MethodInvocation.proceed(MethodInvocation.java:60)
	at org.junit.jupiter.engine.execution.InvocationInterceptorChain$ValidatingInvocation.proceed(InvocationInterceptorChain.java:131)
	at org.junit.jupiter.engine.extension.TimeoutExtension.intercept(TimeoutExtension.java:156)
	at org.junit.jupiter.engine.extension.TimeoutExtension.interceptTestableMethod(TimeoutExtension.java:147)
	at org.junit.jupiter.engine.extension.TimeoutExtension.interceptTestMethod(TimeoutExtension.java:86)
	at org.junit.jupiter.engine.execution.InterceptingExecutableInvoker$ReflectiveInterceptorCall.lambda$ofVoidMethod$0(InterceptingExecutableInvoker.java:103)
	at org.junit.jupiter.engine.execution.InterceptingExecutableInvoker.lambda$invoke$0(InterceptingExecutableInvoker.java:93)
	at org.junit.jupiter.engine.execution.InvocationInterceptorChain$InterceptedInvocation.proceed(InvocationInterceptorChain.java:106)
	at org.junit.jupiter.engine.execution.InvocationInterceptorChain.proceed(InvocationInterceptorChain.java:64)
	at org.junit.jupiter.engine.execution.InvocationInterceptorChain.chainAndInvoke(InvocationInterceptorChain.java:45)
	at org.junit.jupiter.engine.execution.InvocationInterceptorChain.invoke(InvocationInterceptorChain.java:37)
	at org.junit.jupiter.engine.execution.InterceptingExecutableInvoker.invoke(InterceptingExecutableInvoker.java:92)
	at org.junit.jupiter.engine.execution.InterceptingExecutableInvoker.invoke(InterceptingExecutableInvoker.java:86)
	at org.junit.jupiter.engine.descriptor.TestMethodTestDescriptor.lambda$invokeTestMethod$7(TestMethodTestDescriptor.java:218)
	at org.junit.platform.engine.support.hierarchical.ThrowableCollector.execute(ThrowableCollector.java:73)
	at org.junit.jupiter.engine.descriptor.TestMethodTestDescriptor.invokeTestMethod(TestMethodTestDescriptor.java:214)
	at org.junit.jupiter.engine.descriptor.TestMethodTestDescriptor.execute(TestMethodTestDescriptor.java:139)
	at org.junit.jupiter.engine.descriptor.TestMethodTestDescriptor.execute(TestMethodTestDescriptor.java:69)
	at org.junit.platform.engine.support.hierarchical.NodeTestTask.lambda$executeRecursively$6(NodeTestTask.java:151)
	at org.junit.platform.engine.support.hierarchical.ThrowableCollector.execute(ThrowableCollector.java:73)
	at org.junit.platform.engine.support.hierarchical.NodeTestTask.lambda$executeRecursively$8(NodeTestTask.java:141)
	at org.junit.platform.engine.support.hierarchical.Node.around(Node.java:137)
	at org.junit.platform.engine.support.hierarchical.NodeTestTask.lambda$executeRecursively$9(NodeTestTask.java:139)
	at org.junit.platform.engine.support.hierarchical.ThrowableCollector.execute(ThrowableCollector.java:73)
	at org.junit.platform.engine.support.hierarchical.NodeTestTask.executeRecursively(NodeTestTask.java:138)
	at org.junit.platform.engine.support.hierarchical.NodeTestTask.execute(NodeTestTask.java:95)
	at java.base/java.util.ArrayList.forEach(ArrayList.java:1597)
	at org.junit.platform.engine.support.hierarchical.SameThreadHierarchicalTestExecutorService.invokeAll(SameThreadHierarchicalTestExecutorService.java:41)
	at org.junit.platform.engine.support.hierarchical.NodeTestTask.lambda$executeRecursively$6(NodeTestTask.java:155)
	at org.junit.platform.engine.support.hierarchical.ThrowableCollector.execute(ThrowableCollector.java:73)
	at org.junit.platform.engine.support.hierarchical.NodeTestTask.lambda$executeRecursively$8(NodeTestTask.java:141)
	at org.junit.platform.engine.support.hierarchical.Node.around(Node.java:137)
	at org.junit.platform.engine.support.hierarchical.NodeTestTask.lambda$executeRecursively$9(NodeTestTask.java:139)
	at org.junit.platform.engine.support.hierarchical.ThrowableCollector.execute(ThrowableCollector.java:73)
	at org.junit.platform.engine.support.hierarchical.NodeTestTask.executeRecursively(NodeTestTask.java:138)
	at org.junit.platform.engine.support.hierarchical.NodeTestTask.execute(NodeTestTask.java:95)
	at java.base/java.util.ArrayList.forEach(ArrayList.java:1597)
	at org.junit.platform.engine.support.hierarchical.SameThreadHierarchicalTestExecutorService.invokeAll(SameThreadHierarchicalTestExecutorService.java:41)
	at org.junit.platform.engine.support.hierarchical.NodeTestTask.lambda$executeRecursively$6(NodeTestTask.java:155)
	at org.junit.platform.engine.support.hierarchical.ThrowableCollector.execute(ThrowableCollector.java:73)
	at org.junit.platform.engine.support.hierarchical.NodeTestTask.lambda$executeRecursively$8(NodeTestTask.java:141)
	at org.junit.platform.engine.support.hierarchical.Node.around(Node.java:137)
	at org.junit.platform.engine.support.hierarchical.NodeTestTask.lambda$executeRecursively$9(NodeTestTask.java:139)
	at org.junit.platform.engine.support.hierarchical.ThrowableCollector.execute(ThrowableCollector.java:73)
	at org.junit.platform.engine.support.hierarchical.NodeTestTask.executeRecursively(NodeTestTask.java:138)
	at org.junit.platform.engine.support.hierarchical.NodeTestTask.execute(NodeTestTask.java:95)
	at org.junit.platform.engine.support.hierarchical.SameThreadHierarchicalTestExecutorService.submit(SameThreadHierarchicalTestExecutorService.java:35)
	at org.junit.platform.engine.support.hierarchical.HierarchicalTestExecutor.execute(HierarchicalTestExecutor.java:57)
	at org.junit.platform.engine.support.hierarchical.HierarchicalTestEngine.execute(HierarchicalTestEngine.java:54)
	at org.junit.platform.launcher.core.EngineExecutionOrchestrator.execute(EngineExecutionOrchestrator.java:198)
	at org.junit.platform.launcher.core.EngineExecutionOrchestrator.execute(EngineExecutionOrchestrator.java:169)
	at org.junit.platform.launcher.core.EngineExecutionOrchestrator.execute(EngineExecutionOrchestrator.java:93)
	at org.junit.platform.launcher.core.EngineExecutionOrchestrator.lambda$execute$0(EngineExecutionOrchestrator.java:58)
	at org.junit.platform.launcher.core.EngineExecutionOrchestrator.withInterceptedStreams(EngineExecutionOrchestrator.java:141)
	at org.junit.platform.launcher.core.EngineExecutionOrchestrator.execute(EngineExecutionOrchestrator.java:57)
	at org.junit.platform.launcher.core.DefaultLauncher.execute(DefaultLauncher.java:103)
	at org.junit.platform.launcher.core.DefaultLauncher.execute(DefaultLauncher.java:85)
	at org.junit.platform.launcher.core.DelegatingLauncher.execute(DelegatingLauncher.java:47)
	at org.apache.maven.surefire.junitplatform.LazyLauncher.execute(LazyLauncher.java:56)
	at org.apache.maven.surefire.junitplatform.JUnitPlatformProvider.execute(JUnitPlatformProvider.java:184)
	at org.apache.maven.surefire.junitplatform.JUnitPlatformProvider.invokeAllTests(JUnitPlatformProvider.java:148)
	at org.apache.maven.surefire.junitplatform.JUnitPlatformProvider.invoke(JUnitPlatformProvider.java:122)
	at org.apache.maven.surefire.booter.ForkedBooter.runSuitesInProcess(ForkedBooter.java:385)
	at org.apache.maven.surefire.booter.ForkedBooter.execute(ForkedBooter.java:162)
	at org.apache.maven.surefire.booter.ForkedBooter.run(ForkedBooter.java:507)
	at org.apache.maven.surefire.booter.ForkedBooter.main(ForkedBooter.java:495)

[ERRO] 2026-01-09 18:51:47.186 - Erro-87
  Exceção: java.lang.RuntimeException: Erro 87
java.lang.RuntimeException: Erro 87
	at testes.ErrorLoggerTest.testeLogNaoCresceIndefinidamente(ErrorLoggerTest.java:398)
	at java.base/jdk.internal.reflect.DirectMethodHandleAccessor.invoke(DirectMethodHandleAccessor.java:103)
	at java.base/java.lang.reflect.Method.invoke(Method.java:580)
	at org.junit.platform.commons.util.ReflectionUtils.invokeMethod(ReflectionUtils.java:728)
	at org.junit.jupiter.engine.execution.MethodInvocation.proceed(MethodInvocation.java:60)
	at org.junit.jupiter.engine.execution.InvocationInterceptorChain$ValidatingInvocation.proceed(InvocationInterceptorChain.java:131)
	at org.junit.jupiter.engine.extension.TimeoutExtension.intercept(TimeoutExtension.java:156)
	at org.junit.jupiter.engine.extension.TimeoutExtension.interceptTestableMethod(TimeoutExtension.java:147)
	at org.junit.jupiter.engine.extension.TimeoutExtension.interceptTestMethod(TimeoutExtension.java:86)
	at org.junit.jupiter.engine.execution.InterceptingExecutableInvoker$ReflectiveInterceptorCall.lambda$ofVoidMethod$0(InterceptingExecutableInvoker.java:103)
	at org.junit.jupiter.engine.execution.InterceptingExecutableInvoker.lambda$invoke$0(InterceptingExecutableInvoker.java:93)
	at org.junit.jupiter.engine.execution.InvocationInterceptorChain$InterceptedInvocation.proceed(InvocationInterceptorChain.java:106)
	at org.junit.jupiter.engine.execution.InvocationInterceptorChain.proceed(InvocationInterceptorChain.java:64)
	at org.junit.jupiter.engine.execution.InvocationInterceptorChain.chainAndInvoke(InvocationInterceptorChain.java:45)
	at org.junit.jupiter.engine.execution.InvocationInterceptorChain.invoke(InvocationInterceptorChain.java:37)
	at org.junit.jupiter.engine.execution.InterceptingExecutableInvoker.invoke(InterceptingExecutableInvoker.java:92)
	at org.junit.jupiter.engine.execution.InterceptingExecutableInvoker.invoke(InterceptingExecutableInvoker.java:86)
	at org.junit.jupiter.engine.descriptor.TestMethodTestDescriptor.lambda$invokeTestMethod$7(TestMethodTestDescriptor.java:218)
	at org.junit.platform.engine.support.hierarchical.ThrowableCollector.execute(ThrowableCollector.java:73)
	at org.junit.jupiter.engine.descriptor.TestMethodTestDescriptor.invokeTestMethod(TestMethodTestDescriptor.java:214)
	at org.junit.jupiter.engine.descriptor.TestMethodTestDescriptor.execute(TestMethodTestDescriptor.java:139)
	at org.junit.jupiter.engine.descriptor.TestMethodTestDescriptor.execute(TestMethodTestDescriptor.java:69)
	at org.junit.platform.engine.support.hierarchical.NodeTestTask.lambda$executeRecursively$6(NodeTestTask.java:151)
	at org.junit.platform.engine.support.hierarchical.ThrowableCollector.execute(ThrowableCollector.java:73)
	at org.junit.platform.engine.support.hierarchical.NodeTestTask.lambda$executeRecursively$8(NodeTestTask.java:141)
	at org.junit.platform.engine.support.hierarchical.Node.around(Node.java:137)
	at org.junit.platform.engine.support.hierarchical.NodeTestTask.lambda$executeRecursively$9(NodeTestTask.java:139)
	at org.junit.platform.engine.support.hierarchical.ThrowableCollector.execute(ThrowableCollector.java:73)
	at org.junit.platform.engine.support.hierarchical.NodeTestTask.executeRecursively(NodeTestTask.java:138)
	at org.junit.platform.engine.support.hierarchical.NodeTestTask.execute(NodeTestTask.java:95)
	at java.base/java.util.ArrayList.forEach(ArrayList.java:1597)
	at org.junit.platform.engine.support.hierarchical.SameThreadHierarchicalTestExecutorService.invokeAll(SameThreadHierarchicalTestExecutorService.java:41)
	at org.junit.platform.engine.support.hierarchical.NodeTestTask.lambda$executeRecursively$6(NodeTestTask.java:155)
	at org.junit.platform.engine.support.hierarchical.ThrowableCollector.execute(ThrowableCollector.java:73)
	at org.junit.platform.engine.support.hierarchical.NodeTestTask.lambda$executeRecursively$8(NodeTestTask.java:141)
	at org.junit.platform.engine.support.hierarchical.Node.around(Node.java:137)
	at org.junit.platform.engine.support.hierarchical.NodeTestTask.lambda$executeRecursively$9(NodeTestTask.java:139)
	at org.junit.platform.engine.support.hierarchical.ThrowableCollector.execute(ThrowableCollector.java:73)
	at org.junit.platform.engine.support.hierarchical.NodeTestTask.executeRecursively(NodeTestTask.java:138)
	at org.junit.platform.engine.support.hierarchical.NodeTestTask.execute(NodeTestTask.java:95)
	at java.base/java.util.ArrayList.forEach(ArrayList.java:1597)
	at org.junit.platform.engine.support.hierarchical.SameThreadHierarchicalTestExecutorService.invokeAll(SameThreadHierarchicalTestExecutorService.java:41)
	at org.junit.platform.engine.support.hierarchical.NodeTestTask.lambda$executeRecursively$6(NodeTestTask.java:155)
	at org.junit.platform.engine.support.hierarchical.ThrowableCollector.execute(ThrowableCollector.java:73)
	at org.junit.platform.engine.support.hierarchical.NodeTestTask.lambda$executeRecursively$8(NodeTestTask.java:141)
	at org.junit.platform.engine.support.hierarchical.Node.around(Node.java:137)
	at org.junit.platform.engine.support.hierarchical.NodeTestTask.lambda$executeRecursively$9(NodeTestTask.java:139)
	at org.junit.platform.engine.support.hierarchical.ThrowableCollector.execute(ThrowableCollector.java:73)
	at org.junit.platform.engine.support.hierarchical.NodeTestTask.executeRecursively(NodeTestTask.java:138)
	at org.junit.platform.engine.support.hierarchical.NodeTestTask.execute(NodeTestTask.java:95)
	at org.junit.platform.engine.support.hierarchical.SameThreadHierarchicalTestExecutorService.submit(SameThreadHierarchicalTestExecutorService.java:35)
	at org.junit.platform.engine.support.hierarchical.HierarchicalTestExecutor.execute(HierarchicalTestExecutor.java:57)
	at org.junit.platform.engine.support.hierarchical.HierarchicalTestEngine.execute(HierarchicalTestEngine.java:54)
	at org.junit.platform.launcher.core.EngineExecutionOrchestrator.execute(EngineExecutionOrchestrator.java:198)
	at org.junit.platform.launcher.core.EngineExecutionOrchestrator.execute(EngineExecutionOrchestrator.java:169)
	at org.junit.platform.launcher.core.EngineExecutionOrchestrator.execute(EngineExecutionOrchestrator.java:93)
	at org.junit.platform.launcher.core.EngineExecutionOrchestrator.lambda$execute$0(EngineExecutionOrchestrator.java:58)
	at org.junit.platform.launcher.core.EngineExecutionOrchestrator.withInterceptedStreams(EngineExecutionOrchestrator.java:141)
	at org.junit.platform.launcher.core.EngineExecutionOrchestrator.execute(EngineExecutionOrchestrator.java:57)
	at org.junit.platform.launcher.core.DefaultLauncher.execute(DefaultLauncher.java:103)
	at org.junit.platform.launcher.core.DefaultLauncher.execute(DefaultLauncher.java:85)
	at org.junit.platform.launcher.core.DelegatingLauncher.execute(DelegatingLauncher.java:47)
	at org.apache.maven.surefire.junitplatform.LazyLauncher.execute(LazyLauncher.java:56)
	at org.apache.maven.surefire.junitplatform.JUnitPlatformProvider.execute(JUnitPlatformProvider.java:184)
	at org.apache.maven.surefire.junitplatform.JUnitPlatformProvider.invokeAllTests(JUnitPlatformProvider.java:148)
	at org.apache.maven.surefire.junitplatform.JUnitPlatformProvider.invoke(JUnitPlatformProvider.java:122)
	at org.apache.maven.surefire.booter.ForkedBooter.runSuitesInProcess(ForkedBooter.java:385)
	at org.apache.maven.surefire.booter.ForkedBooter.execute(ForkedBooter.java:162)
	at org.apache.maven.surefire.booter.ForkedBooter.run(ForkedBooter.java:507)
	at org.apache.maven.surefire.booter.ForkedBooter.main(ForkedBooter.java:495)

[ERRO] 2026-01-09 18:51:47.186 - Erro-88
  Exceção: java.lang.RuntimeException: Erro 88
java.lang.RuntimeException: Erro 88
	at testes.ErrorLoggerTest.testeLogNaoCresceIndefinidamente(ErrorLoggerTest.java:398)
	at java.base/jdk.internal.reflect.DirectMethodHandleAccessor.invoke(DirectMethodHandleAccessor.java:103)
	at java.base/java.lang.reflect.Method.invoke(Method.java:580)
	at org.junit.platform.commons.util.ReflectionUtils.invokeMethod(ReflectionUtils.java:728)
	at org.junit.jupiter.engine.execution.MethodInvocation.proceed(MethodInvocation.java:60)
	at org.junit.jupiter.engine.execution.InvocationInterceptorChain$ValidatingInvocation.proceed(InvocationInterceptorChain.java:131)
	at org.junit.jupiter.engine.extension.TimeoutExtension.intercept(TimeoutExtension.java:156)
	at org.junit.jupiter.engine.extension.TimeoutExtension.interceptTestableMethod(TimeoutExtension.java:147)
	at org.junit.jupiter.engine.extension.TimeoutExtension.interceptTestMethod(TimeoutExtension.java:86)
	at org.junit.jupiter.engine.execution.InterceptingExecutableInvoker$ReflectiveInterceptorCall.lambda$ofVoidMethod$0(InterceptingExecutableInvoker.java:103)
	at org.junit.jupiter.engine.execution.InterceptingExecutableInvoker.lambda$invoke$0(InterceptingExecutableInvoker.java:93)
	at org.junit.jupiter.engine.execution.InvocationInterceptorChain$InterceptedInvocation.proceed(InvocationInterceptorChain.java:106)
	at org.junit.jupiter.engine.execution.InvocationInterceptorChain.proceed(InvocationInterceptorChain.java:64)
	at org.junit.jupiter.engine.execution.InvocationInterceptorChain.chainAndInvoke(InvocationInterceptorChain.java:45)
	at org.junit.jupiter.engine.execution.InvocationInterceptorChain.invoke(InvocationInterceptorChain.java:37)
	at org.junit.jupiter.engine.execution.InterceptingExecutableInvoker.invoke(InterceptingExecutableInvoker.java:92)
	at org.junit.jupiter.engine.execution.InterceptingExecutableInvoker.invoke(InterceptingExecutableInvoker.java:86)
	at org.junit.jupiter.engine.descriptor.TestMethodTestDescriptor.lambda$invokeTestMethod$7(TestMethodTestDescriptor.java:218)
	at org.junit.platform.engine.support.hierarchical.ThrowableCollector.execute(ThrowableCollector.java:73)
	at org.junit.jupiter.engine.descriptor.TestMethodTestDescriptor.invokeTestMethod(TestMethodTestDescriptor.java:214)
	at org.junit.jupiter.engine.descriptor.TestMethodTestDescriptor.execute(TestMethodTestDescriptor.java:139)
	at org.junit.jupiter.engine.descriptor.TestMethodTestDescriptor.execute(TestMethodTestDescriptor.java:69)
	at org.junit.platform.engine.support.hierarchical.NodeTestTask.lambda$executeRecursively$6(NodeTestTask.java:151)
	at org.junit.platform.engine.support.hierarchical.ThrowableCollector.execute(ThrowableCollector.java:73)
	at org.junit.platform.engine.support.hierarchical.NodeTestTask.lambda$executeRecursively$8(NodeTestTask.java:141)
	at org.junit.platform.engine.support.hierarchical.Node.around(Node.java:137)
	at org.junit.platform.engine.support.hierarchical.NodeTestTask.lambda$executeRecursively$9(NodeTestTask.java:139)
	at org.junit.platform.engine.support.hierarchical.ThrowableCollector.execute(ThrowableCollector.java:73)
	at org.junit.platform.engine.support.hierarchical.NodeTestTask.executeRecursively(NodeTestTask.java:138)
	at org.junit.platform.engine.support.hierarchical.NodeTestTask.execute(NodeTestTask.java:95)
	at java.base/java.util.ArrayList.forEach(ArrayList.java:1597)
	at org.junit.platform.engine.support.hierarchical.SameThreadHierarchicalTestExecutorService.invokeAll(SameThreadHierarchicalTestExecutorService.java:41)
	at org.junit.platform.engine.support.hierarchical.NodeTestTask.lambda$executeRecursively$6(NodeTestTask.java:155)
	at org.junit.platform.engine.support.hierarchical.ThrowableCollector.execute(ThrowableCollector.java:73)
	at org.junit.platform.engine.support.hierarchical.NodeTestTask.lambda$executeRecursively$8(NodeTestTask.java:141)
	at org.junit.platform.engine.support.hierarchical.Node.around(Node.java:137)
	at org.junit.platform.engine.support.hierarchical.NodeTestTask.lambda$executeRecursively$9(NodeTestTask.java:139)
	at org.junit.platform.engine.support.hierarchical.ThrowableCollector.execute(ThrowableCollector.java:73)
	at org.junit.platform.engine.support.hierarchical.NodeTestTask.executeRecursively(NodeTestTask.java:138)
	at org.junit.platform.engine.support.hierarchical.NodeTestTask.execute(NodeTestTask.java:95)
	at java.base/java.util.ArrayList.forEach(ArrayList.java:1597)
	at org.junit.platform.engine.support.hierarchical.SameThreadHierarchicalTestExecutorService.invokeAll(SameThreadHierarchicalTestExecutorService.java:41)
	at org.junit.platform.engine.support.hierarchical.NodeTestTask.lambda$executeRecursively$6(NodeTestTask.java:155)
	at org.junit.platform.engine.support.hierarchical.ThrowableCollector.execute(ThrowableCollector.java:73)
	at org.junit.platform.engine.support.hierarchical.NodeTestTask.lambda$executeRecursively$8(NodeTestTask.java:141)
	at org.junit.platform.engine.support.hierarchical.Node.around(Node.java:137)
	at org.junit.platform.engine.support.hierarchical.NodeTestTask.lambda$executeRecursively$9(NodeTestTask.java:139)
	at org.junit.platform.engine.support.hierarchical.ThrowableCollector.execute(ThrowableCollector.java:73)
	at org.junit.platform.engine.support.hierarchical.NodeTestTask.executeRecursively(NodeTestTask.java:138)
	at org.junit.platform.engine.support.hierarchical.NodeTestTask.execute(NodeTestTask.java:95)
	at org.junit.platform.engine.support.hierarchical.SameThreadHierarchicalTestExecutorService.submit(SameThreadHierarchicalTestExecutorService.java:35)
	at org.junit.platform.engine.support.hierarchical.HierarchicalTestExecutor.execute(HierarchicalTestExecutor.java:57)
	at org.junit.platform.engine.support.hierarchical.HierarchicalTestEngine.execute(HierarchicalTestEngine.java:54)
	at org.junit.platform.launcher.core.EngineExecutionOrchestrator.execute(EngineExecutionOrchestrator.java:198)
	at org.junit.platform.launcher.core.EngineExecutionOrchestrator.execute(EngineExecutionOrchestrator.java:169)
	at org.junit.platform.launcher.core.EngineExecutionOrchestrator.execute(EngineExecutionOrchestrator.java:93)
	at org.junit.platform.launcher.core.EngineExecutionOrchestrator.lambda$execute$0(EngineExecutionOrchestrator.java:58)
	at org.junit.platform.launcher.core.EngineExecutionOrchestrator.withInterceptedStreams(EngineExecutionOrchestrator.java:141)
	at org.junit.platform.launcher.core.EngineExecutionOrchestrator.execute(EngineExecutionOrchestrator.java:57)
	at org.junit.platform.launcher.core.DefaultLauncher.execute(DefaultLauncher.java:103)
	at org.junit.platform.launcher.core.DefaultLauncher.execute(DefaultLauncher.java:85)
	at org.junit.platform.launcher.core.DelegatingLauncher.execute(DelegatingLauncher.java:47)
	at org.apache.maven.surefire.junitplatform.LazyLauncher.execute(LazyLauncher.java:56)
	at org.apache.maven.surefire.junitplatform.JUnitPlatformProvider.execute(JUnitPlatformProvider.java:184)
	at org.apache.maven.surefire.junitplatform.JUnitPlatformProvider.invokeAllTests(JUnitPlatformProvider.java:148)
	at org.apache.maven.surefire.junitplatform.JUnitPlatformProvider.invoke(JUnitPlatformProvider.java:122)
	at org.apache.maven.surefire.booter.ForkedBooter.runSuitesInProcess(ForkedBooter.java:385)
	at org.apache.maven.surefire.booter.ForkedBooter.execute(ForkedBooter.java:162)
	at org.apache.maven.surefire.booter.ForkedBooter.run(ForkedBooter.java:507)
	at org.apache.maven.surefire.booter.ForkedBooter.main(ForkedBooter.java:495)

[ERRO] 2026-01-09 18:51:47.186 - Erro-89
  Exceção: java.lang.RuntimeException: Erro 89
java.lang.RuntimeException: Erro 89
	at testes.ErrorLoggerTest.testeLogNaoCresceIndefinidamente(ErrorLoggerTest.java:398)
	at java.base/jdk.internal.reflect.DirectMethodHandleAccessor.invoke(DirectMethodHandleAccessor.java:103)
	at java.base/java.lang.reflect.Method.invoke(Method.java:580)
	at org.junit.platform.commons.util.ReflectionUtils.invokeMethod(ReflectionUtils.java:728)
	at org.junit.jupiter.engine.execution.MethodInvocation.proceed(MethodInvocation.java:60)
	at org.junit.jupiter.engine.execution.InvocationInterceptorChain$ValidatingInvocation.proceed(InvocationInterceptorChain.java:131)
	at org.junit.jupiter.engine.extension.TimeoutExtension.intercept(TimeoutExtension.java:156)
	at org.junit.jupiter.engine.extension.TimeoutExtension.interceptTestableMethod(TimeoutExtension.java:147)
	at org.junit.jupiter.engine.extension.TimeoutExtension.interceptTestMethod(TimeoutExtension.java:86)
	at org.junit.jupiter.engine.execution.InterceptingExecutableInvoker$ReflectiveInterceptorCall.lambda$ofVoidMethod$0(InterceptingExecutableInvoker.java:103)
	at org.junit.jupiter.engine.execution.InterceptingExecutableInvoker.lambda$invoke$0(InterceptingExecutableInvoker.java:93)
	at org.junit.jupiter.engine.execution.InvocationInterceptorChain$InterceptedInvocation.proceed(InvocationInterceptorChain.java:106)
	at org.junit.jupiter.engine.execution.InvocationInterceptorChain.proceed(InvocationInterceptorChain.java:64)
	at org.junit.jupiter.engine.execution.InvocationInterceptorChain.chainAndInvoke(InvocationInterceptorChain.java:45)
	at org.junit.jupiter.engine.execution.InvocationInterceptorChain.invoke(InvocationInterceptorChain.java:37)
	at org.junit.jupiter.engine.execution.InterceptingExecutableInvoker.invoke(InterceptingExecutableInvoker.java:92)
	at org.junit.jupiter.engine.execution.InterceptingExecutableInvoker.invoke(InterceptingExecutableInvoker.java:86)
	at org.junit.jupiter.engine.descriptor.TestMethodTestDescriptor.lambda$invokeTestMethod$7(TestMethodTestDescriptor.java:218)
	at org.junit.platform.engine.support.hierarchical.ThrowableCollector.execute(ThrowableCollector.java:73)
	at org.junit.jupiter.engine.descriptor.TestMethodTestDescriptor.invokeTestMethod(TestMethodTestDescriptor.java:214)
	at org.junit.jupiter.engine.descriptor.TestMethodTestDescriptor.execute(TestMethodTestDescriptor.java:139)
	at org.junit.jupiter.engine.descriptor.TestMethodTestDescriptor.execute(TestMethodTestDescriptor.java:69)
	at org.junit.platform.engine.support.hierarchical.NodeTestTask.lambda$executeRecursively$6(NodeTestTask.java:151)
	at org.junit.platform.engine.support.hierarchical.ThrowableCollector.execute(ThrowableCollector.java:73)
	at org.junit.platform.engine.support.hierarchical.NodeTestTask.lambda$executeRecursively$8(NodeTestTask.java:141)
	at org.junit.platform.engine.support.hierarchical.Node.around(Node.java:137)
	at org.junit.platform.engine.support.hierarchical.NodeTestTask.lambda$executeRecursively$9(NodeTestTask.java:139)
	at org.junit.platform.engine.support.hierarchical.ThrowableCollector.execute(ThrowableCollector.java:73)
	at org.junit.platform.engine.support.hierarchical.NodeTestTask.executeRecursively(NodeTestTask.java:138)
	at org.junit.platform.engine.support.hierarchical.NodeTestTask.execute(NodeTestTask.java:95)
	at java.base/java.util.ArrayList.forEach(ArrayList.java:1597)
	at org.junit.platform.engine.support.hierarchical.SameThreadHierarchicalTestExecutorService.invokeAll(SameThreadHierarchicalTestExecutorService.java:41)
	at org.junit.platform.engine.support.hierarchical.NodeTestTask.lambda$executeRecursively$6(NodeTestTask.java:155)
	at org.junit.platform.engine.support.hierarchical.ThrowableCollector.execute(ThrowableCollector.java:73)
	at org.junit.platform.engine.support.hierarchical.NodeTestTask.lambda$executeRecursively$8(NodeTestTask.java:141)
	at org.junit.platform.engine.support.hierarchical.Node.around(Node.java:137)
	at org.junit.platform.engine.support.hierarchical.NodeTestTask.lambda$executeRecursively$9(NodeTestTask.java:139)
	at org.junit.platform.engine.support.hierarchical.ThrowableCollector.execute(ThrowableCollector.java:73)
	at org.junit.platform.engine.support.hierarchical.NodeTestTask.executeRecursively(NodeTestTask.java:138)
	at org.junit.platform.engine.support.hierarchical.NodeTestTask.execute(NodeTestTask.java:95)
	at java.base/java.util.ArrayList.forEach(ArrayList.java:1597)
	at org.junit.platform.engine.support.hierarchical.SameThreadHierarchicalTestExecutorService.invokeAll(SameThreadHierarchicalTestExecutorService.java:41)
	at org.junit.platform.engine.support.hierarchical.NodeTestTask.lambda$executeRecursively$6(NodeTestTask.java:155)
	at org.junit.platform.engine.support.hierarchical.ThrowableCollector.execute(ThrowableCollector.java:73)
	at org.junit.platform.engine.support.hierarchical.NodeTestTask.lambda$executeRecursively$8(NodeTestTask.java:141)
	at org.junit.platform.engine.support.hierarchical.Node.around(Node.java:137)
	at org.junit.platform.engine.support.hierarchical.NodeTestTask.lambda$executeRecursively$9(NodeTestTask.java:139)
	at org.junit.platform.engine.support.hierarchical.ThrowableCollector.execute(ThrowableCollector.java:73)
	at org.junit.platform.engine.support.hierarchical.NodeTestTask.executeRecursively(NodeTestTask.java:138)
	at org.junit.platform.engine.support.hierarchical.NodeTestTask.execute(NodeTestTask.java:95)
	at org.junit.platform.engine.support.hierarchical.SameThreadHierarchicalTestExecutorService.submit(SameThreadHierarchicalTestExecutorService.java:35)
	at org.junit.platform.engine.support.hierarchical.HierarchicalTestExecutor.execute(HierarchicalTestExecutor.java:57)
	at org.junit.platform.engine.support.hierarchical.HierarchicalTestEngine.execute(HierarchicalTestEngine.java:54)
	at org.junit.platform.launcher.core.EngineExecutionOrchestrator.execute(EngineExecutionOrchestrator.java:198)
	at org.junit.platform.launcher.core.EngineExecutionOrchestrator.execute(EngineExecutionOrchestrator.java:169)
	at org.junit.platform.launcher.core.EngineExecutionOrchestrator.execute(EngineExecutionOrchestrator.java:93)
	at org.junit.platform.launcher.core.EngineExecutionOrchestrator.lambda$execute$0(EngineExecutionOrchestrator.java:58)
	at org.junit.platform.launcher.core.EngineExecutionOrchestrator.withInterceptedStreams(EngineExecutionOrchestrator.java:141)
	at org.junit.platform.launcher.core.EngineExecutionOrchestrator.execute(EngineExecutionOrchestrator.java:57)
	at org.junit.platform.launcher.core.DefaultLauncher.execute(DefaultLauncher.java:103)
	at org.junit.platform.launcher.core.DefaultLauncher.execute(DefaultLauncher.java:85)
	at org.junit.platform.launcher.core.DelegatingLauncher.execute(DelegatingLauncher.java:47)
	at org.apache.maven.surefire.junitplatform.LazyLauncher.execute(LazyLauncher.java:56)
	at org.apache.maven.surefire.junitplatform.JUnitPlatformProvider.execute(JUnitPlatformProvider.java:184)
	at org.apache.maven.surefire.junitplatform.JUnitPlatformProvider.invokeAllTests(JUnitPlatformProvider.java:148)
	at org.apache.maven.surefire.junitplatform.JUnitPlatformProvider.invoke(JUnitPlatformProvider.java:122)
	at org.apache.maven.surefire.booter.ForkedBooter.runSuitesInProcess(ForkedBooter.java:385)
	at org.apache.maven.surefire.booter.ForkedBooter.execute(ForkedBooter.java:162)
	at org.apache.maven.surefire.booter.ForkedBooter.run(ForkedBooter.java:507)
	at org.apache.maven.surefire.booter.ForkedBooter.main(ForkedBooter.java:495)

[ERRO] 2026-01-09 18:51:47.186 - Erro-90
  Exceção: java.lang.RuntimeException: Erro 90
java.lang.RuntimeException: Erro 90
	at testes.ErrorLoggerTest.testeLogNaoCresceIndefinidamente(ErrorLoggerTest.java:398)
	at java.base/jdk.internal.reflect.DirectMethodHandleAccessor.invoke(DirectMethodHandleAccessor.java:103)
	at java.base/java.lang.reflect.Method.invoke(Method.java:580)
	at org.junit.platform.commons.util.ReflectionUtils.invokeMethod(ReflectionUtils.java:728)
	at org.junit.jupiter.engine.execution.MethodInvocation.proceed(MethodInvocation.java:60)
	at org.junit.jupiter.engine.execution.InvocationInterceptorChain$ValidatingInvocation.proceed(InvocationInterceptorChain.java:131)
	at org.junit.jupiter.engine.extension.TimeoutExtension.intercept(TimeoutExtension.java:156)
	at org.junit.jupiter.engine.extension.TimeoutExtension.interceptTestableMethod(TimeoutExtension.java:147)
	at org.junit.jupiter.engine.extension.TimeoutExtension.interceptTestMethod(TimeoutExtension.java:86)
	at org.junit.jupiter.engine.execution.InterceptingExecutableInvoker$ReflectiveInterceptorCall.lambda$ofVoidMethod$0(InterceptingExecutableInvoker.java:103)
	at org.junit.jupiter.engine.execution.InterceptingExecutableInvoker.lambda$invoke$0(InterceptingExecutableInvoker.java:93)
	at org.junit.jupiter.engine.execution.InvocationInterceptorChain$InterceptedInvocation.proceed(InvocationInterceptorChain.java:106)
	at org.junit.jupiter.engine.execution.InvocationInterceptorChain.proceed(InvocationInterceptorChain.java:64)
	at org.junit.jupiter.engine.execution.InvocationInterceptorChain.chainAndInvoke(InvocationInterceptorChain.java:45)
	at org.junit.jupiter.engine.execution.InvocationInterceptorChain.invoke(InvocationInterceptorChain.java:37)
	at org.junit.jupiter.engine.execution.InterceptingExecutableInvoker.invoke(InterceptingExecutableInvoker.java:92)
	at org.junit.jupiter.engine.execution.InterceptingExecutableInvoker.invoke(InterceptingExecutableInvoker.java:86)
	at org.junit.jupiter.engine.descriptor.TestMethodTestDescriptor.lambda$invokeTestMethod$7(TestMethodTestDescriptor.java:218)
	at org.junit.platform.engine.support.hierarchical.ThrowableCollector.execute(ThrowableCollector.java:73)
	at org.junit.jupiter.engine.descriptor.TestMethodTestDescriptor.invokeTestMethod(TestMethodTestDescriptor.java:214)
	at org.junit.jupiter.engine.descriptor.TestMethodTestDescriptor.execute(TestMethodTestDescriptor.java:139)
	at org.junit.jupiter.engine.descriptor.TestMethodTestDescriptor.execute(TestMethodTestDescriptor.java:69)
	at org.junit.platform.engine.support.hierarchical.NodeTestTask.lambda$executeRecursively$6(NodeTestTask.java:151)
	at org.junit.platform.engine.support.hierarchical.ThrowableCollector.execute(ThrowableCollector.java:73)
	at org.junit.platform.engine.support.hierarchical.NodeTestTask.lambda$executeRecursively$8(NodeTestTask.java:141)
	at org.junit.platform.engine.support.hierarchical.Node.around(Node.java:137)
	at org.junit.platform.engine.support.hierarchical.NodeTestTask.lambda$executeRecursively$9(NodeTestTask.java:139)
	at org.junit.platform.engine.support.hierarchical.ThrowableCollector.execute(ThrowableCollector.java:73)
	at org.junit.platform.engine.support.hierarchical.NodeTestTask.executeRecursively(NodeTestTask.java:138)
	at org.junit.platform.engine.support.hierarchical.NodeTestTask.execute(NodeTestTask.java:95)
	at java.base/java.util.ArrayList.forEach(ArrayList.java:1597)
	at org.junit.platform.engine.support.hierarchical.SameThreadHierarchicalTestExecutorService.invokeAll(SameThreadHierarchicalTestExecutorService.java:41)
	at org.junit.platform.engine.support.hierarchical.NodeTestTask.lambda$executeRecursively$6(NodeTestTask.java:155)
	at org.junit.platform.engine.support.hierarchical.ThrowableCollector.execute(ThrowableCollector.java:73)
	at org.junit.platform.engine.support.hierarchical.NodeTestTask.lambda$executeRecursively$8(NodeTestTask.java:141)
	at org.junit.platform.engine.support.hierarchical.Node.around(Node.java:137)
	at org.junit.platform.engine.support.hierarchical.NodeTestTask.lambda$executeRecursively$9(NodeTestTask.java:139)
	at org.junit.platform.engine.support.hierarchical.ThrowableCollector.execute(ThrowableCollector.java:73)
	at org.junit.platform.engine.support.hierarchical.NodeTestTask.executeRecursively(NodeTestTask.java:138)
	at org.junit.platform.engine.support.hierarchical.NodeTestTask.execute(NodeTestTask.java:95)
	at java.base/java.util.ArrayList.forEach(ArrayList.java:1597)
	at org.junit.platform.engine.support.hierarchical.SameThreadHierarchicalTestExecutorService.invokeAll(SameThreadHierarchicalTestExecutorService.java:41)
	at org.junit.platform.engine.support.hierarchical.NodeTestTask.lambda$executeRecursively$6(NodeTestTask.java:155)
	at org.junit.platform.engine.support.hierarchical.ThrowableCollector.execute(ThrowableCollector.java:73)
	at org.junit.platform.engine.support.hierarchical.NodeTestTask.lambda$executeRecursively$8(NodeTestTask.java:141)
	at org.junit.platform.engine.support.hierarchical.Node.around(Node.java:137)
	at org.junit.platform.engine.support.hierarchical.NodeTestTask.lambda$executeRecursively$9(NodeTestTask.java:139)
	at org.junit.platform.engine.support.hierarchical.ThrowableCollector.execute(ThrowableCollector.java:73)
	at org.junit.platform.engine.support.hierarchical.NodeTestTask.executeRecursively(NodeTestTask.java:138)
	at org.junit.platform.engine.support.hierarchical.NodeTestTask.execute(NodeTestTask.java:95)
	at org.junit.platform.engine.support.hierarchical.SameThreadHierarchicalTestExecutorService.submit(SameThreadHierarchicalTestExecutorService.java:35)
	at org.junit.platform.engine.support.hierarchical.HierarchicalTestExecutor.execute(HierarchicalTestExecutor.java:57)
	at org.junit.platform.engine.support.hierarchical.HierarchicalTestEngine.execute(HierarchicalTestEngine.java:54)
	at org.junit.platform.launcher.core.EngineExecutionOrchestrator.execute(EngineExecutionOrchestrator.java:198)
	at org.junit.platform.launcher.core.EngineExecutionOrchestrator.execute(EngineExecutionOrchestrator.java:169)
	at org.junit.platform.launcher.core.EngineExecutionOrchestrator.execute(EngineExecutionOrchestrator.java:93)
	at org.junit.platform.launcher.core.EngineExecutionOrchestrator.lambda$execute$0(EngineExecutionOrchestrator.java:58)
	at org.junit.platform.launcher.core.EngineExecutionOrchestrator.withInterceptedStreams(EngineExecutionOrchestrator.java:141)
	at org.junit.platform.launcher.core.EngineExecutionOrchestrator.execute(EngineExecutionOrchestrator.java:57)
	at org.junit.platform.launcher.core.DefaultLauncher.execute(DefaultLauncher.java:103)
	at org.junit.platform.launcher.core.DefaultLauncher.execute(DefaultLauncher.java:85)
	at org.junit.platform.launcher.core.DelegatingLauncher.execute(DelegatingLauncher.java:47)
	at org.apache.maven.surefire.junitplatform.LazyLauncher.execute(LazyLauncher.java:56)
	at org.apache.maven.surefire.junitplatform.JUnitPlatformProvider.execute(JUnitPlatformProvider.java:184)
	at org.apache.maven.surefire.junitplatform.JUnitPlatformProvider.invokeAllTests(JUnitPlatformProvider.java:148)
	at org.apache.maven.surefire.junitplatform.JUnitPlatformProvider.invoke(JUnitPlatformProvider.java:122)
	at org.apache.maven.surefire.booter.ForkedBooter.runSuitesInProcess(ForkedBooter.java:385)
	at org.apache.maven.surefire.booter.ForkedBooter.execute(ForkedBooter.java:162)
	at org.apache.maven.surefire.booter.ForkedBooter.run(ForkedBooter.java:507)
	at org.apache.maven.surefire.booter.ForkedBooter.main(ForkedBooter.java:495)

[ERRO] 2026-01-09 18:51:47.187 - Erro-91
  Exceção: java.lang.RuntimeException: Erro 91
java.lang.RuntimeException: Erro 91
	at testes.ErrorLoggerTest.testeLogNaoCresceIndefinidamente(ErrorLoggerTest.java:398)
	at java.base/jdk.internal.reflect.DirectMethodHandleAccessor.invoke(DirectMethodHandleAccessor.java:103)
	at java.base/java.lang.reflect.Method.invoke(Method.java:580)
	at org.junit.platform.commons.util.ReflectionUtils.invokeMethod(ReflectionUtils.java:728)
	at org.junit.jupiter.engine.execution.MethodInvocation.proceed(MethodInvocation.java:60)
	at org.junit.jupiter.engine.execution.InvocationInterceptorChain$ValidatingInvocation.proceed(InvocationInterceptorChain.java:131)
	at org.junit.jupiter.engine.extension.TimeoutExtension.intercept(TimeoutExtension.java:156)
	at org.junit.jupiter.engine.extension.TimeoutExtension.interceptTestableMethod(TimeoutExtension.java:147)
	at org.junit.jupiter.engine.extension.TimeoutExtension.interceptTestMethod(TimeoutExtension.java:86)
	at org.junit.jupiter.engine.execution.InterceptingExecutableInvoker$ReflectiveInterceptorCall.lambda$ofVoidMethod$0(InterceptingExecutableInvoker.java:103)
	at org.junit.jupiter.engine.execution.InterceptingExecutableInvoker.lambda$invoke$0(InterceptingExecutableInvoker.java:93)
	at org.junit.jupiter.engine.execution.InvocationInterceptorChain$InterceptedInvocation.proceed(InvocationInterceptorChain.java:106)
	at org.junit.jupiter.engine.execution.InvocationInterceptorChain.proceed(InvocationInterceptorChain.java:64)
	at org.junit.jupiter.engine.execution.InvocationInterceptorChain.chainAndInvoke(InvocationInterceptorChain.java:45)
	at org.junit.jupiter.engine.execution.InvocationInterceptorChain.invoke(InvocationInterceptorChain.java:37)
	at org.junit.jupiter.engine.execution.InterceptingExecutableInvoker.invoke(InterceptingExecutableInvoker.java:92)
	at org.junit.jupiter.engine.execution.InterceptingExecutableInvoker.invoke(InterceptingExecutableInvoker.java:86)
	at org.junit.jupiter.engine.descriptor.TestMethodTestDescriptor.lambda$invokeTestMethod$7(TestMethodTestDescriptor.java:218)
	at org.junit.platform.engine.support.hierarchical.ThrowableCollector.execute(ThrowableCollector.java:73)
	at org.junit.jupiter.engine.descriptor.TestMethodTestDescriptor.invokeTestMethod(TestMethodTestDescriptor.java:214)
	at org.junit.jupiter.engine.descriptor.TestMethodTestDescriptor.execute(TestMethodTestDescriptor.java:139)
	at org.junit.jupiter.engine.descriptor.TestMethodTestDescriptor.execute(TestMethodTestDescriptor.java:69)
	at org.junit.platform.engine.support.hierarchical.NodeTestTask.lambda$executeRecursively$6(NodeTestTask.java:151)
	at org.junit.platform.engine.support.hierarchical.ThrowableCollector.execute(ThrowableCollector.java:73)
	at org.junit.platform.engine.support.hierarchical.NodeTestTask.lambda$executeRecursively$8(NodeTestTask.java:141)
	at org.junit.platform.engine.support.hierarchical.Node.around(Node.java:137)
	at org.junit.platform.engine.support.hierarchical.NodeTestTask.lambda$executeRecursively$9(NodeTestTask.java:139)
	at org.junit.platform.engine.support.hierarchical.ThrowableCollector.execute(ThrowableCollector.java:73)
	at org.junit.platform.engine.support.hierarchical.NodeTestTask.executeRecursively(NodeTestTask.java:138)
	at org.junit.platform.engine.support.hierarchical.NodeTestTask.execute(NodeTestTask.java:95)
	at java.base/java.util.ArrayList.forEach(ArrayList.java:1597)
	at org.junit.platform.engine.support.hierarchical.SameThreadHierarchicalTestExecutorService.invokeAll(SameThreadHierarchicalTestExecutorService.java:41)
	at org.junit.platform.engine.support.hierarchical.NodeTestTask.lambda$executeRecursively$6(NodeTestTask.java:155)
	at org.junit.platform.engine.support.hierarchical.ThrowableCollector.execute(ThrowableCollector.java:73)
	at org.junit.platform.engine.support.hierarchical.NodeTestTask.lambda$executeRecursively$8(NodeTestTask.java:141)
	at org.junit.platform.engine.support.hierarchical.Node.around(Node.java:137)
	at org.junit.platform.engine.support.hierarchical.NodeTestTask.lambda$executeRecursively$9(NodeTestTask.java:139)
	at org.junit.platform.engine.support.hierarchical.ThrowableCollector.execute(ThrowableCollector.java:73)
	at org.junit.platform.engine.support.hierarchical.NodeTestTask.executeRecursively(NodeTestTask.java:138)
	at org.junit.platform.engine.support.hierarchical.NodeTestTask.execute(NodeTestTask.java:95)
	at java.base/java.util.ArrayList.forEach(ArrayList.java:1597)
	at org.junit.platform.engine.support.hierarchical.SameThreadHierarchicalTestExecutorService.invokeAll(SameThreadHierarchicalTestExecutorService.java:41)
	at org.junit.platform.engine.support.hierarchical.NodeTestTask.lambda$executeRecursively$6(NodeTestTask.java:155)
	at org.junit.platform.engine.support.hierarchical.ThrowableCollector.execute(ThrowableCollector.java:73)
	at org.junit.platform.engine.support.hierarchical.NodeTestTask.lambda$executeRecursively$8(NodeTestTask.java:141)
	at org.junit.platform.engine.support.hierarchical.Node.around(Node.java:137)
	at org.junit.platform.engine.support.hierarchical.NodeTestTask.lambda$executeRecursively$9(NodeTestTask.java:139)
	at org.junit.platform.engine.support.hierarchical.ThrowableCollector.execute(ThrowableCollector.java:73)
	at org.junit.platform.engine.support.hierarchical.NodeTestTask.executeRecursively(NodeTestTask.java:138)
	at org.junit.platform.engine.support.hierarchical.NodeTestTask.execute(NodeTestTask.java:95)
	at org.junit.platform.engine.support.hierarchical.SameThreadHierarchicalTestExecutorService.submit(SameThreadHierarchicalTestExecutorService.java:35)
	at org.junit.platform.engine.support.hierarchical.HierarchicalTestExecutor.execute(HierarchicalTestExecutor.java:57)
	at org.junit.platform.engine.support.hierarchical.HierarchicalTestEngine.execute(HierarchicalTestEngine.java:54)
	at org.junit.platform.launcher.core.EngineExecutionOrchestrator.execute(EngineExecutionOrchestrator.java:198)
	at org.junit.platform.launcher.core.EngineExecutionOrchestrator.execute(EngineExecutionOrchestrator.java:169)
	at org.junit.platform.launcher.core.EngineExecutionOrchestrator.execute(EngineExecutionOrchestrator.java:93)
	at org.junit.platform.launcher.core.EngineExecutionOrchestrator.lambda$execute$0(EngineExecutionOrchestrator.java:58)
	at org.junit.platform.launcher.core.EngineExecutionOrchestrator.withInterceptedStreams(EngineExecutionOrchestrator.java:141)
	at org.junit.platform.launcher.core.EngineExecutionOrchestrator.execute(EngineExecutionOrchestrator.java:57)
	at org.junit.platform.launcher.core.DefaultLauncher.execute(DefaultLauncher.java:103)
	at org.junit.platform.launcher.core.DefaultLauncher.execute(DefaultLauncher.java:85)
	at org.junit.platform.launcher.core.DelegatingLauncher.execute(DelegatingLauncher.java:47)
	at org.apache.maven.surefire.junitplatform.LazyLauncher.execute(LazyLauncher.java:56)
	at org.apache.maven.surefire.junitplatform.JUnitPlatformProvider.execute(JUnitPlatformProvider.java:184)
	at org.apache.maven.surefire.junitplatform.JUnitPlatformProvider.invokeAllTests(JUnitPlatformProvider.java:148)
	at org.apache.maven.surefire.junitplatform.JUnitPlatformProvider.invoke(JUnitPlatformProvider.java:122)
	at org.apache.maven.surefire.booter.ForkedBooter.runSuitesInProcess(ForkedBooter.java:385)
	at org.apache.maven.surefire.booter.ForkedBooter.execute(ForkedBooter.java:162)
	at org.apache.maven.surefire.booter.ForkedBooter.run(ForkedBooter.java:507)
	at org.apache.maven.surefire.booter.ForkedBooter.main(ForkedBooter.java:495)

[ERRO] 2026-01-09 18:51:47.187 - Erro-92
  Exceção: java.lang.RuntimeException: Erro 92
java.lang.RuntimeException: Erro 92
	at testes.ErrorLoggerTest.testeLogNaoCresceIndefinidamente(ErrorLoggerTest.java:398)
	at java.base/jdk.internal.reflect.DirectMethodHandleAccessor.invoke(DirectMethodHandleAccessor.java:103)
	at java.base/java.lang.reflect.Method.invoke(Method.java:580)
	at org.junit.platform.commons.util.ReflectionUtils.invokeMethod(ReflectionUtils.java:728)
	at org.junit.jupiter.engine.execution.MethodInvocation.proceed(MethodInvocation.java:60)
	at org.junit.jupiter.engine.execution.InvocationInterceptorChain$ValidatingInvocation.proceed(InvocationInterceptorChain.java:131)
	at org.junit.jupiter.engine.extension.TimeoutExtension.intercept(TimeoutExtension.java:156)
	at org.junit.jupiter.engine.extension.TimeoutExtension.interceptTestableMethod(TimeoutExtension.java:147)
	at org.junit.jupiter.engine.extension.TimeoutExtension.interceptTestMethod(TimeoutExtension.java:86)
	at org.junit.jupiter.engine.execution.InterceptingExecutableInvoker$ReflectiveInterceptorCall.lambda$ofVoidMethod$0(InterceptingExecutableInvoker.java:103)
	at org.junit.jupiter.engine.execution.InterceptingExecutableInvoker.lambda$invoke$0(InterceptingExecutableInvoker.java:93)
	at org.junit.jupiter.engine.execution.InvocationInterceptorChain$InterceptedInvocation.proceed(InvocationInterceptorChain.java:106)
	at org.junit.jupiter.engine.execution.InvocationInterceptorChain.proceed(InvocationInterceptorChain.java:64)
	at org.junit.jupiter.engine.execution.InvocationInterceptorChain.chainAndInvoke(InvocationInterceptorChain.java:45)
	at org.junit.jupiter.engine.execution.InvocationInterceptorChain.invoke(InvocationInterceptorChain.java:37)
	at org.junit.jupiter.engine.execution.InterceptingExecutableInvoker.invoke(InterceptingExecutableInvoker.java:92)
	at org.junit.jupiter.engine.execution.InterceptingExecutableInvoker.invoke(InterceptingExecutableInvoker.java:86)
	at org.junit.jupiter.engine.descriptor.TestMethodTestDescriptor.lambda$invokeTestMethod$7(TestMethodTestDescriptor.java:218)
	at org.junit.platform.engine.support.hierarchical.ThrowableCollector.execute(ThrowableCollector.java:73)
	at org.junit.jupiter.engine.descriptor.TestMethodTestDescriptor.invokeTestMethod(TestMethodTestDescriptor.java:214)
	at org.junit.jupiter.engine.descriptor.TestMethodTestDescriptor.execute(TestMethodTestDescriptor.java:139)
	at org.junit.jupiter.engine.descriptor.TestMethodTestDescriptor.execute(TestMethodTestDescriptor.java:69)
	at org.junit.platform.engine.support.hierarchical.NodeTestTask.lambda$executeRecursively$6(NodeTestTask.java:151)
	at org.junit.platform.engine.support.hierarchical.ThrowableCollector.execute(ThrowableCollector.java:73)
	at org.junit.platform.engine.support.hierarchical.NodeTestTask.lambda$executeRecursively$8(NodeTestTask.java:141)
	at org.junit.platform.engine.support.hierarchical.Node.around(Node.java:137)
	at org.junit.platform.engine.support.hierarchical.NodeTestTask.lambda$executeRecursively$9(NodeTestTask.java:139)
	at org.junit.platform.engine.support.hierarchical.ThrowableCollector.execute(ThrowableCollector.java:73)
	at org.junit.platform.engine.support.hierarchical.NodeTestTask.executeRecursively(NodeTestTask.java:138)
	at org.junit.platform.engine.support.hierarchical.NodeTestTask.execute(NodeTestTask.java:95)
	at java.base/java.util.ArrayList.forEach(ArrayList.java:1597)
	at org.junit.platform.engine.support.hierarchical.SameThreadHierarchicalTestExecutorService.invokeAll(SameThreadHierarchicalTestExecutorService.java:41)
	at org.junit.platform.engine.support.hierarchical.NodeTestTask.lambda$executeRecursively$6(NodeTestTask.java:155)
	at org.junit.platform.engine.support.hierarchical.ThrowableCollector.execute(ThrowableCollector.java:73)
	at org.junit.platform.engine.support.hierarchical.NodeTestTask.lambda$executeRecursively$8(NodeTestTask.java:141)
	at org.junit.platform.engine.support.hierarchical.Node.around(Node.java:137)
	at org.junit.platform.engine.support.hierarchical.NodeTestTask.lambda$executeRecursively$9(NodeTestTask.java:139)
	at org.junit.platform.engine.support.hierarchical.ThrowableCollector.execute(ThrowableCollector.java:73)
	at org.junit.platform.engine.support.hierarchical.NodeTestTask.executeRecursively(NodeTestTask.java:138)
	at org.junit.platform.engine.support.hierarchical.NodeTestTask.execute(NodeTestTask.java:95)
	at java.base/java.util.ArrayList.forEach(ArrayList.java:1597)
	at org.junit.platform.engine.support.hierarchical.SameThreadHierarchicalTestExecutorService.invokeAll(SameThreadHierarchicalTestExecutorService.java:41)
	at org.junit.platform.engine.support.hierarchical.NodeTestTask.lambda$executeRecursively$6(NodeTestTask.java:155)
	at org.junit.platform.engine.support.hierarchical.ThrowableCollector.execute(ThrowableCollector.java:73)
	at org.junit.platform.engine.support.hierarchical.NodeTestTask.lambda$executeRecursively$8(NodeTestTask.java:141)
	at org.junit.platform.engine.support.hierarchical.Node.around(Node.java:137)
	at org.junit.platform.engine.support.hierarchical.NodeTestTask.lambda$executeRecursively$9(NodeTestTask.java:139)
	at org.junit.platform.engine.support.hierarchical.ThrowableCollector.execute(ThrowableCollector.java:73)
	at org.junit.platform.engine.support.hierarchical.NodeTestTask.executeRecursively(NodeTestTask.java:138)
	at org.junit.platform.engine.support.hierarchical.NodeTestTask.execute(NodeTestTask.java:95)
	at org.junit.platform.engine.support.hierarchical.SameThreadHierarchicalTestExecutorService.submit(SameThreadHierarchicalTestExecutorService.java:35)
	at org.junit.platform.engine.support.hierarchical.HierarchicalTestExecutor.execute(HierarchicalTestExecutor.java:57)
	at org.junit.platform.engine.support.hierarchical.HierarchicalTestEngine.execute(HierarchicalTestEngine.java:54)
	at org.junit.platform.launcher.core.EngineExecutionOrchestrator.execute(EngineExecutionOrchestrator.java:198)
	at org.junit.platform.launcher.core.EngineExecutionOrchestrator.execute(EngineExecutionOrchestrator.java:169)
	at org.junit.platform.launcher.core.EngineExecutionOrchestrator.execute(EngineExecutionOrchestrator.java:93)
	at org.junit.platform.launcher.core.EngineExecutionOrchestrator.lambda$execute$0(EngineExecutionOrchestrator.java:58)
	at org.junit.platform.launcher.core.EngineExecutionOrchestrator.withInterceptedStreams(EngineExecutionOrchestrator.java:141)
	at org.junit.platform.launcher.core.EngineExecutionOrchestrator.execute(EngineExecutionOrchestrator.java:57)
	at org.junit.platform.launcher.core.DefaultLauncher.execute(DefaultLauncher.java:103)
	at org.junit.platform.launcher.core.DefaultLauncher.execute(DefaultLauncher.java:85)
	at org.junit.platform.launcher.core.DelegatingLauncher.execute(DelegatingLauncher.java:47)
	at org.apache.maven.surefire.junitplatform.LazyLauncher.execute(LazyLauncher.java:56)
	at org.apache.maven.surefire.junitplatform.JUnitPlatformProvider.execute(JUnitPlatformProvider.java:184)
	at org.apache.maven.surefire.junitplatform.JUnitPlatformProvider.invokeAllTests(JUnitPlatformProvider.java:148)
	at org.apache.maven.surefire.junitplatform.JUnitPlatformProvider.invoke(JUnitPlatformProvider.java:122)
	at org.apache.maven.surefire.booter.ForkedBooter.runSuitesInProcess(ForkedBooter.java:385)
	at org.apache.maven.surefire.booter.ForkedBooter.execute(ForkedBooter.java:162)
	at org.apache.maven.surefire.booter.ForkedBooter.run(ForkedBooter.java:507)
	at org.apache.maven.surefire.booter.ForkedBooter.main(ForkedBooter.java:495)

[ERRO] 2026-01-09 18:51:47.187 - Erro-93
  Exceção: java.lang.RuntimeException: Erro 93
java.lang.RuntimeException: Erro 93
	at testes.ErrorLoggerTest.testeLogNaoCresceIndefinidamente(ErrorLoggerTest.java:398)
	at java.base/jdk.internal.reflect.DirectMethodHandleAccessor.invoke(DirectMethodHandleAccessor.java:103)
	at java.base/java.lang.reflect.Method.invoke(Method.java:580)
	at org.junit.platform.commons.util.ReflectionUtils.invokeMethod(ReflectionUtils.java:728)
	at org.junit.jupiter.engine.execution.MethodInvocation.proceed(MethodInvocation.java:60)
	at org.junit.jupiter.engine.execution.InvocationInterceptorChain$ValidatingInvocation.proceed(InvocationInterceptorChain.java:131)
	at org.junit.jupiter.engine.extension.TimeoutExtension.intercept(TimeoutExtension.java:156)
	at org.junit.jupiter.engine.extension.TimeoutExtension.interceptTestableMethod(TimeoutExtension.java:147)
	at org.junit.jupiter.engine.extension.TimeoutExtension.interceptTestMethod(TimeoutExtension.java:86)
	at org.junit.jupiter.engine.execution.InterceptingExecutableInvoker$ReflectiveInterceptorCall.lambda$ofVoidMethod$0(InterceptingExecutableInvoker.java:103)
	at org.junit.jupiter.engine.execution.InterceptingExecutableInvoker.lambda$invoke$0(InterceptingExecutableInvoker.java:93)
	at org.junit.jupiter.engine.execution.InvocationInterceptorChain$InterceptedInvocation.proceed(InvocationInterceptorChain.java:106)
	at org.junit.jupiter.engine.execution.InvocationInterceptorChain.proceed(InvocationInterceptorChain.java:64)
	at org.junit.jupiter.engine.execution.InvocationInterceptorChain.chainAndInvoke(InvocationInterceptorChain.java:45)
	at org.junit.jupiter.engine.execution.InvocationInterceptorChain.invoke(InvocationInterceptorChain.java:37)
	at org.junit.jupiter.engine.execution.InterceptingExecutableInvoker.invoke(InterceptingExecutableInvoker.java:92)
	at org.junit.jupiter.engine.execution.InterceptingExecutableInvoker.invoke(InterceptingExecutableInvoker.java:86)
	at org.junit.jupiter.engine.descriptor.TestMethodTestDescriptor.lambda$invokeTestMethod$7(TestMethodTestDescriptor.java:218)
	at org.junit.platform.engine.support.hierarchical.ThrowableCollector.execute(ThrowableCollector.java:73)
	at org.junit.jupiter.engine.descriptor.TestMethodTestDescriptor.invokeTestMethod(TestMethodTestDescriptor.java:214)
	at org.junit.jupiter.engine.descriptor.TestMethodTestDescriptor.execute(TestMethodTestDescriptor.java:139)
	at org.junit.jupiter.engine.descriptor.TestMethodTestDescriptor.execute(TestMethodTestDescriptor.java:69)
	at org.junit.platform.engine.support.hierarchical.NodeTestTask.lambda$executeRecursively$6(NodeTestTask.java:151)
	at org.junit.platform.engine.support.hierarchical.ThrowableCollector.execute(ThrowableCollector.java:73)
	at org.junit.platform.engine.support.hierarchical.NodeTestTask.lambda$executeRecursively$8(NodeTestTask.java:141)
	at org.junit.platform.engine.support.hierarchical.Node.around(Node.java:137)
	at org.junit.platform.engine.support.hierarchical.NodeTestTask.lambda$executeRecursively$9(NodeTestTask.java:139)
	at org.junit.platform.engine.support.hierarchical.ThrowableCollector.execute(ThrowableCollector.java:73)
	at org.junit.platform.engine.support.hierarchical.NodeTestTask.executeRecursively(NodeTestTask.java:138)
	at org.junit.platform.engine.support.hierarchical.NodeTestTask.execute(NodeTestTask.java:95)
	at java.base/java.util.ArrayList.forEach(ArrayList.java:1597)
	at org.junit.platform.engine.support.hierarchical.SameThreadHierarchicalTestExecutorService.invokeAll(SameThreadHierarchicalTestExecutorService.java:41)
	at org.junit.platform.engine.support.hierarchical.NodeTestTask.lambda$executeRecursively$6(NodeTestTask.java:155)
	at org.junit.platform.engine.support.hierarchical.ThrowableCollector.execute(ThrowableCollector.java:73)
	at org.junit.platform.engine.support.hierarchical.NodeTestTask.lambda$executeRecursively$8(NodeTestTask.java:141)
	at org.junit.platform.engine.support.hierarchical.Node.around(Node.java:137)
	at org.junit.platform.engine.support.hierarchical.NodeTestTask.lambda$executeRecursively$9(NodeTestTask.java:139)
	at org.junit.platform.engine.support.hierarchical.ThrowableCollector.execute(ThrowableCollector.java:73)
	at org.junit.platform.engine.support.hierarchical.NodeTestTask.executeRecursively(NodeTestTask.java:138)
	at org.junit.platform.engine.support.hierarchical.NodeTestTask.execute(NodeTestTask.java:95)
	at java.base/java.util.ArrayList.forEach(ArrayList.java:1597)
	at org.junit.platform.engine.support.hierarchical.SameThreadHierarchicalTestExecutorService.invokeAll(SameThreadHierarchicalTestExecutorService.java:41)
	at org.junit.platform.engine.support.hierarchical.NodeTestTask.lambda$executeRecursively$6(NodeTestTask.java:155)
	at org.junit.platform.engine.support.hierarchical.ThrowableCollector.execute(ThrowableCollector.java:73)
	at org.junit.platform.engine.support.hierarchical.NodeTestTask.lambda$executeRecursively$8(NodeTestTask.java:141)
	at org.junit.platform.engine.support.hierarchical.Node.around(Node.java:137)
	at org.junit.platform.engine.support.hierarchical.NodeTestTask.lambda$executeRecursively$9(NodeTestTask.java:139)
	at org.junit.platform.engine.support.hierarchical.ThrowableCollector.execute(ThrowableCollector.java:73)
	at org.junit.platform.engine.support.hierarchical.NodeTestTask.executeRecursively(NodeTestTask.java:138)
	at org.junit.platform.engine.support.hierarchical.NodeTestTask.execute(NodeTestTask.java:95)
	at org.junit.platform.engine.support.hierarchical.SameThreadHierarchicalTestExecutorService.submit(SameThreadHierarchicalTestExecutorService.java:35)
	at org.junit.platform.engine.support.hierarchical.HierarchicalTestExecutor.execute(HierarchicalTestExecutor.java:57)
	at org.junit.platform.engine.support.hierarchical.HierarchicalTestEngine.execute(HierarchicalTestEngine.java:54)
	at org.junit.platform.launcher.core.EngineExecutionOrchestrator.execute(EngineExecutionOrchestrator.java:198)
	at org.junit.platform.launcher.core.EngineExecutionOrchestrator.execute(EngineExecutionOrchestrator.java:169)
	at org.junit.platform.launcher.core.EngineExecutionOrchestrator.execute(EngineExecutionOrchestrator.java:93)
	at org.junit.platform.launcher.core.EngineExecutionOrchestrator.lambda$execute$0(EngineExecutionOrchestrator.java:58)
	at org.junit.platform.launcher.core.EngineExecutionOrchestrator.withInterceptedStreams(EngineExecutionOrchestrator.java:141)
	at org.junit.platform.launcher.core.EngineExecutionOrchestrator.execute(EngineExecutionOrchestrator.java:57)
	at org.junit.platform.launcher.core.DefaultLauncher.execute(DefaultLauncher.java:103)
	at org.junit.platform.launcher.core.DefaultLauncher.execute(DefaultLauncher.java:85)
	at org.junit.platform.launcher.core.DelegatingLauncher.execute(DelegatingLauncher.java:47)
	at org.apache.maven.surefire.junitplatform.LazyLauncher.execute(LazyLauncher.java:56)
	at org.apache.maven.surefire.junitplatform.JUnitPlatformProvider.execute(JUnitPlatformProvider.java:184)
	at org.apache.maven.surefire.junitplatform.JUnitPlatformProvider.invokeAllTests(JUnitPlatformProvider.java:148)
	at org.apache.maven.surefire.junitplatform.JUnitPlatformProvider.invoke(JUnitPlatformProvider.java:122)
	at org.apache.maven.surefire.booter.ForkedBooter.runSuitesInProcess(ForkedBooter.java:385)
	at org.apache.maven.surefire.booter.ForkedBooter.execute(ForkedBooter.java:162)
	at org.apache.maven.surefire.booter.ForkedBooter.run(ForkedBooter.java:507)
	at org.apache.maven.surefire.booter.ForkedBooter.main(ForkedBooter.java:495)

[ERRO] 2026-01-09 18:51:47.187 - Erro-94
  Exceção: java.lang.RuntimeException: Erro 94
java.lang.RuntimeException: Erro 94
	at testes.ErrorLoggerTest.testeLogNaoCresceIndefinidamente(ErrorLoggerTest.java:398)
	at java.base/jdk.internal.reflect.DirectMethodHandleAccessor.invoke(DirectMethodHandleAccessor.java:103)
	at java.base/java.lang.reflect.Method.invoke(Method.java:580)
	at org.junit.platform.commons.util.ReflectionUtils.invokeMethod(ReflectionUtils.java:728)
	at org.junit.jupiter.engine.execution.MethodInvocation.proceed(MethodInvocation.java:60)
	at org.junit.jupiter.engine.execution.InvocationInterceptorChain$ValidatingInvocation.proceed(InvocationInterceptorChain.java:131)
	at org.junit.jupiter.engine.extension.TimeoutExtension.intercept(TimeoutExtension.java:156)
	at org.junit.jupiter.engine.extension.TimeoutExtension.interceptTestableMethod(TimeoutExtension.java:147)
	at org.junit.jupiter.engine.extension.TimeoutExtension.interceptTestMethod(TimeoutExtension.java:86)
	at org.junit.jupiter.engine.execution.InterceptingExecutableInvoker$ReflectiveInterceptorCall.lambda$ofVoidMethod$0(InterceptingExecutableInvoker.java:103)
	at org.junit.jupiter.engine.execution.InterceptingExecutableInvoker.lambda$invoke$0(InterceptingExecutableInvoker.java:93)
	at org.junit.jupiter.engine.execution.InvocationInterceptorChain$InterceptedInvocation.proceed(InvocationInterceptorChain.java:106)
	at org.junit.jupiter.engine.execution.InvocationInterceptorChain.proceed(InvocationInterceptorChain.java:64)
	at org.junit.jupiter.engine.execution.InvocationInterceptorChain.chainAndInvoke(InvocationInterceptorChain.java:45)
	at org.junit.jupiter.engine.execution.InvocationInterceptorChain.invoke(InvocationInterceptorChain.java:37)
	at org.junit.jupiter.engine.execution.InterceptingExecutableInvoker.invoke(InterceptingExecutableInvoker.java:92)
	at org.junit.jupiter.engine.execution.InterceptingExecutableInvoker.invoke(InterceptingExecutableInvoker.java:86)
	at org.junit.jupiter.engine.descriptor.TestMethodTestDescriptor.lambda$invokeTestMethod$7(TestMethodTestDescriptor.java:218)
	at org.junit.platform.engine.support.hierarchical.ThrowableCollector.execute(ThrowableCollector.java:73)
	at org.junit.jupiter.engine.descriptor.TestMethodTestDescriptor.invokeTestMethod(TestMethodTestDescriptor.java:214)
	at org.junit.jupiter.engine.descriptor.TestMethodTestDescriptor.execute(TestMethodTestDescriptor.java:139)
	at org.junit.jupiter.engine.descriptor.TestMethodTestDescriptor.execute(TestMethodTestDescriptor.java:69)
	at org.junit.platform.engine.support.hierarchical.NodeTestTask.lambda$executeRecursively$6(NodeTestTask.java:151)
	at org.junit.platform.engine.support.hierarchical.ThrowableCollector.execute(ThrowableCollector.java:73)
	at org.junit.platform.engine.support.hierarchical.NodeTestTask.lambda$executeRecursively$8(NodeTestTask.java:141)
	at org.junit.platform.engine.support.hierarchical.Node.around(Node.java:137)
	at org.junit.platform.engine.support.hierarchical.NodeTestTask.lambda$executeRecursively$9(NodeTestTask.java:139)
	at org.junit.platform.engine.support.hierarchical.ThrowableCollector.execute(ThrowableCollector.java:73)
	at org.junit.platform.engine.support.hierarchical.NodeTestTask.executeRecursively(NodeTestTask.java:138)
	at org.junit.platform.engine.support.hierarchical.NodeTestTask.execute(NodeTestTask.java:95)
	at java.base/java.util.ArrayList.forEach(ArrayList.java:1597)
	at org.junit.platform.engine.support.hierarchical.SameThreadHierarchicalTestExecutorService.invokeAll(SameThreadHierarchicalTestExecutorService.java:41)
	at org.junit.platform.engine.support.hierarchical.NodeTestTask.lambda$executeRecursively$6(NodeTestTask.java:155)
	at org.junit.platform.engine.support.hierarchical.ThrowableCollector.execute(ThrowableCollector.java:73)
	at org.junit.platform.engine.support.hierarchical.NodeTestTask.lambda$executeRecursively$8(NodeTestTask.java:141)
	at org.junit.platform.engine.support.hierarchical.Node.around(Node.java:137)
	at org.junit.platform.engine.support.hierarchical.NodeTestTask.lambda$executeRecursively$9(NodeTestTask.java:139)
	at org.junit.platform.engine.support.hierarchical.ThrowableCollector.execute(ThrowableCollector.java:73)
	at org.junit.platform.engine.support.hierarchical.NodeTestTask.executeRecursively(NodeTestTask.java:138)
	at org.junit.platform.engine.support.hierarchical.NodeTestTask.execute(NodeTestTask.java:95)
	at java.base/java.util.ArrayList.forEach(ArrayList.java:1597)
	at org.junit.platform.engine.support.hierarchical.SameThreadHierarchicalTestExecutorService.invokeAll(SameThreadHierarchicalTestExecutorService.java:41)
	at org.junit.platform.engine.support.hierarchical.NodeTestTask.lambda$executeRecursively$6(NodeTestTask.java:155)
	at org.junit.platform.engine.support.hierarchical.ThrowableCollector.execute(ThrowableCollector.java:73)
	at org.junit.platform.engine.support.hierarchical.NodeTestTask.lambda$executeRecursively$8(NodeTestTask.java:141)
	at org.junit.platform.engine.support.hierarchical.Node.around(Node.java:137)
	at org.junit.platform.engine.support.hierarchical.NodeTestTask.lambda$executeRecursively$9(NodeTestTask.java:139)
	at org.junit.platform.engine.support.hierarchical.ThrowableCollector.execute(ThrowableCollector.java:73)
	at org.junit.platform.engine.support.hierarchical.NodeTestTask.executeRecursively(NodeTestTask.java:138)
	at org.junit.platform.engine.support.hierarchical.NodeTestTask.execute(NodeTestTask.java:95)
	at org.junit.platform.engine.support.hierarchical.SameThreadHierarchicalTestExecutorService.submit(SameThreadHierarchicalTestExecutorService.java:35)
	at org.junit.platform.engine.support.hierarchical.HierarchicalTestExecutor.execute(HierarchicalTestExecutor.java:57)
	at org.junit.platform.engine.support.hierarchical.HierarchicalTestEngine.execute(HierarchicalTestEngine.java:54)
	at org.junit.platform.launcher.core.EngineExecutionOrchestrator.execute(EngineExecutionOrchestrator.java:198)
	at org.junit.platform.launcher.core.EngineExecutionOrchestrator.execute(EngineExecutionOrchestrator.java:169)
	at org.junit.platform.launcher.core.EngineExecutionOrchestrator.execute(EngineExecutionOrchestrator.java:93)
	at org.junit.platform.launcher.core.EngineExecutionOrchestrator.lambda$execute$0(EngineExecutionOrchestrator.java:58)
	at org.junit.platform.launcher.core.EngineExecutionOrchestrator.withInterceptedStreams(EngineExecutionOrchestrator.java:141)
	at org.junit.platform.launcher.core.EngineExecutionOrchestrator.execute(EngineExecutionOrchestrator.java:57)
	at org.junit.platform.launcher.core.DefaultLauncher.execute(DefaultLauncher.java:103)
	at org.junit.platform.launcher.core.DefaultLauncher.execute(DefaultLauncher.java:85)
	at org.junit.platform.launcher.core.DelegatingLauncher.execute(DelegatingLauncher.java:47)
	at org.apache.maven.surefire.junitplatform.LazyLauncher.execute(LazyLauncher.java:56)
	at org.apache.maven.surefire.junitplatform.JUnitPlatformProvider.execute(JUnitPlatformProvider.java:184)
	at org.apache.maven.surefire.junitplatform.JUnitPlatformProvider.invokeAllTests(JUnitPlatformProvider.java:148)
	at org.apache.maven.surefire.junitplatform.JUnitPlatformProvider.invoke(JUnitPlatformProvider.java:122)
	at org.apache.maven.surefire.booter.ForkedBooter.runSuitesInProcess(ForkedBooter.java:385)
	at org.apache.maven.surefire.booter.ForkedBooter.execute(ForkedBooter.java:162)
	at org.apache.maven.surefire.booter.ForkedBooter.run(ForkedBooter.java:507)
	at org.apache.maven.surefire.booter.ForkedBooter.main(ForkedBooter.java:495)

[ERRO] 2026-01-09 18:51:47.188 - Erro-95
  Exceção: java.lang.RuntimeException: Erro 95
java.lang.RuntimeException: Erro 95
	at testes.ErrorLoggerTest.testeLogNaoCresceIndefinidamente(ErrorLoggerTest.java:398)
	at java.base/jdk.internal.reflect.DirectMethodHandleAccessor.invoke(DirectMethodHandleAccessor.java:103)
	at java.base/java.lang.reflect.Method.invoke(Method.java:580)
	at org.junit.platform.commons.util.ReflectionUtils.invokeMethod(ReflectionUtils.java:728)
	at org.junit.jupiter.engine.execution.MethodInvocation.proceed(MethodInvocation.java:60)
	at org.junit.jupiter.engine.execution.InvocationInterceptorChain$ValidatingInvocation.proceed(InvocationInterceptorChain.java:131)
	at org.junit.jupiter.engine.extension.TimeoutExtension.intercept(TimeoutExtension.java:156)
	at org.junit.jupiter.engine.extension.TimeoutExtension.interceptTestableMethod(TimeoutExtension.java:147)
	at org.junit.jupiter.engine.extension.TimeoutExtension.interceptTestMethod(TimeoutExtension.java:86)
	at org.junit.jupiter.engine.execution.InterceptingExecutableInvoker$ReflectiveInterceptorCall.lambda$ofVoidMethod$0(InterceptingExecutableInvoker.java:103)
	at org.junit.jupiter.engine.execution.InterceptingExecutableInvoker.lambda$invoke$0(InterceptingExecutableInvoker.java:93)
	at org.junit.jupiter.engine.execution.InvocationInterceptorChain$InterceptedInvocation.proceed(InvocationInterceptorChain.java:106)
	at org.junit.jupiter.engine.execution.InvocationInterceptorChain.proceed(InvocationInterceptorChain.java:64)
	at org.junit.jupiter.engine.execution.InvocationInterceptorChain.chainAndInvoke(InvocationInterceptorChain.java:45)
	at org.junit.jupiter.engine.execution.InvocationInterceptorChain.invoke(InvocationInterceptorChain.java:37)
	at org.junit.jupiter.engine.execution.InterceptingExecutableInvoker.invoke(InterceptingExecutableInvoker.java:92)
	at org.junit.jupiter.engine.execution.InterceptingExecutableInvoker.invoke(InterceptingExecutableInvoker.java:86)
	at org.junit.jupiter.engine.descriptor.TestMethodTestDescriptor.lambda$invokeTestMethod$7(TestMethodTestDescriptor.java:218)
	at org.junit.platform.engine.support.hierarchical.ThrowableCollector.execute(ThrowableCollector.java:73)
	at org.junit.jupiter.engine.descriptor.TestMethodTestDescriptor.invokeTestMethod(TestMethodTestDescriptor.java:214)
	at org.junit.jupiter.engine.descriptor.TestMethodTestDescriptor.execute(TestMethodTestDescriptor.java:139)
	at org.junit.jupiter.engine.descriptor.TestMethodTestDescriptor.execute(TestMethodTestDescriptor.java:69)
	at org.junit.platform.engine.support.hierarchical.NodeTestTask.lambda$executeRecursively$6(NodeTestTask.java:151)
	at org.junit.platform.engine.support.hierarchical.ThrowableCollector.execute(ThrowableCollector.java:73)
	at org.junit.platform.engine.support.hierarchical.NodeTestTask.lambda$executeRecursively$8(NodeTestTask.java:141)
	at org.junit.platform.engine.support.hierarchical.Node.around(Node.java:137)
	at org.junit.platform.engine.support.hierarchical.NodeTestTask.lambda$executeRecursively$9(NodeTestTask.java:139)
	at org.junit.platform.engine.support.hierarchical.ThrowableCollector.execute(ThrowableCollector.java:73)
	at org.junit.platform.engine.support.hierarchical.NodeTestTask.executeRecursively(NodeTestTask.java:138)
	at org.junit.platform.engine.support.hierarchical.NodeTestTask.execute(NodeTestTask.java:95)
	at java.base/java.util.ArrayList.forEach(ArrayList.java:1597)
	at org.junit.platform.engine.support.hierarchical.SameThreadHierarchicalTestExecutorService.invokeAll(SameThreadHierarchicalTestExecutorService.java:41)
	at org.junit.platform.engine.support.hierarchical.NodeTestTask.lambda$executeRecursively$6(NodeTestTask.java:155)
	at org.junit.platform.engine.support.hierarchical.ThrowableCollector.execute(ThrowableCollector.java:73)
	at org.junit.platform.engine.support.hierarchical.NodeTestTask.lambda$executeRecursively$8(NodeTestTask.java:141)
	at org.junit.platform.engine.support.hierarchical.Node.around(Node.java:137)
	at org.junit.platform.engine.support.hierarchical.NodeTestTask.lambda$executeRecursively$9(NodeTestTask.java:139)
	at org.junit.platform.engine.support.hierarchical.ThrowableCollector.execute(ThrowableCollector.java:73)
	at org.junit.platform.engine.support.hierarchical.NodeTestTask.executeRecursively(NodeTestTask.java:138)
	at org.junit.platform.engine.support.hierarchical.NodeTestTask.execute(NodeTestTask.java:95)
	at java.base/java.util.ArrayList.forEach(ArrayList.java:1597)
	at org.junit.platform.engine.support.hierarchical.SameThreadHierarchicalTestExecutorService.invokeAll(SameThreadHierarchicalTestExecutorService.java:41)
	at org.junit.platform.engine.support.hierarchical.NodeTestTask.lambda$executeRecursively$6(NodeTestTask.java:155)
	at org.junit.platform.engine.support.hierarchical.ThrowableCollector.execute(ThrowableCollector.java:73)
	at org.junit.platform.engine.support.hierarchical.NodeTestTask.lambda$executeRecursively$8(NodeTestTask.java:141)
	at org.junit.platform.engine.support.hierarchical.Node.around(Node.java:137)
	at org.junit.platform.engine.support.hierarchical.NodeTestTask.lambda$executeRecursively$9(NodeTestTask.java:139)
	at org.junit.platform.engine.support.hierarchical.ThrowableCollector.execute(ThrowableCollector.java:73)
	at org.junit.platform.engine.support.hierarchical.NodeTestTask.executeRecursively(NodeTestTask.java:138)
	at org.junit.platform.engine.support.hierarchical.NodeTestTask.execute(NodeTestTask.java:95)
	at org.junit.platform.engine.support.hierarchical.SameThreadHierarchicalTestExecutorService.submit(SameThreadHierarchicalTestExecutorService.java:35)
	at org.junit.platform.engine.support.hierarchical.HierarchicalTestExecutor.execute(HierarchicalTestExecutor.java:57)
	at org.junit.platform.engine.support.hierarchical.HierarchicalTestEngine.execute(HierarchicalTestEngine.java:54)
	at org.junit.platform.launcher.core.EngineExecutionOrchestrator.execute(EngineExecutionOrchestrator.java:198)
	at org.junit.platform.launcher.core.EngineExecutionOrchestrator.execute(EngineExecutionOrchestrator.java:169)
	at org.junit.platform.launcher.core.EngineExecutionOrchestrator.execute(EngineExecutionOrchestrator.java:93)
	at org.junit.platform.launcher.core.EngineExecutionOrchestrator.lambda$execute$0(EngineExecutionOrchestrator.java:58)
	at org.junit.platform.launcher.core.EngineExecutionOrchestrator.withInterceptedStreams(EngineExecutionOrchestrator.java:141)
	at org.junit.platform.launcher.core.EngineExecutionOrchestrator.execute(EngineExecutionOrchestrator.java:57)
	at org.junit.platform.launcher.core.DefaultLauncher.execute(DefaultLauncher.java:103)
	at org.junit.platform.launcher.core.DefaultLauncher.execute(DefaultLauncher.java:85)
	at org.junit.platform.launcher.core.DelegatingLauncher.execute(DelegatingLauncher.java:47)
	at org.apache.maven.surefire.junitplatform.LazyLauncher.execute(LazyLauncher.java:56)
	at org.apache.maven.surefire.junitplatform.JUnitPlatformProvider.execute(JUnitPlatformProvider.java:184)
	at org.apache.maven.surefire.junitplatform.JUnitPlatformProvider.invokeAllTests(JUnitPlatformProvider.java:148)
	at org.apache.maven.surefire.junitplatform.JUnitPlatformProvider.invoke(JUnitPlatformProvider.java:122)
	at org.apache.maven.surefire.booter.ForkedBooter.runSuitesInProcess(ForkedBooter.java:385)
	at org.apache.maven.surefire.booter.ForkedBooter.execute(ForkedBooter.java:162)
	at org.apache.maven.surefire.booter.ForkedBooter.run(ForkedBooter.java:507)
	at org.apache.maven.surefire.booter.ForkedBooter.main(ForkedBooter.java:495)

[ERRO] 2026-01-09 18:51:47.188 - Erro-96
  Exceção: java.lang.RuntimeException: Erro 96
java.lang.RuntimeException: Erro 96
	at testes.ErrorLoggerTest.testeLogNaoCresceIndefinidamente(ErrorLoggerTest.java:398)
	at java.base/jdk.internal.reflect.DirectMethodHandleAccessor.invoke(DirectMethodHandleAccessor.java:103)
	at java.base/java.lang.reflect.Method.invoke(Method.java:580)
	at org.junit.platform.commons.util.ReflectionUtils.invokeMethod(ReflectionUtils.java:728)
	at org.junit.jupiter.engine.execution.MethodInvocation.proceed(MethodInvocation.java:60)
	at org.junit.jupiter.engine.execution.InvocationInterceptorChain$ValidatingInvocation.proceed(InvocationInterceptorChain.java:131)
	at org.junit.jupiter.engine.extension.TimeoutExtension.intercept(TimeoutExtension.java:156)
	at org.junit.jupiter.engine.extension.TimeoutExtension.interceptTestableMethod(TimeoutExtension.java:147)
	at org.junit.jupiter.engine.extension.TimeoutExtension.interceptTestMethod(TimeoutExtension.java:86)
	at org.junit.jupiter.engine.execution.InterceptingExecutableInvoker$ReflectiveInterceptorCall.lambda$ofVoidMethod$0(InterceptingExecutableInvoker.java:103)
	at org.junit.jupiter.engine.execution.InterceptingExecutableInvoker.lambda$invoke$0(InterceptingExecutableInvoker.java:93)
	at org.junit.jupiter.engine.execution.InvocationInterceptorChain$InterceptedInvocation.proceed(InvocationInterceptorChain.java:106)
	at org.junit.jupiter.engine.execution.InvocationInterceptorChain.proceed(InvocationInterceptorChain.java:64)
	at org.junit.jupiter.engine.execution.InvocationInterceptorChain.chainAndInvoke(InvocationInterceptorChain.java:45)
	at org.junit.jupiter.engine.execution.InvocationInterceptorChain.invoke(InvocationInterceptorChain.java:37)
	at org.junit.jupiter.engine.execution.InterceptingExecutableInvoker.invoke(InterceptingExecutableInvoker.java:92)
	at org.junit.jupiter.engine.execution.InterceptingExecutableInvoker.invoke(InterceptingExecutableInvoker.java:86)
	at org.junit.jupiter.engine.descriptor.TestMethodTestDescriptor.lambda$invokeTestMethod$7(TestMethodTestDescriptor.java:218)
	at org.junit.platform.engine.support.hierarchical.ThrowableCollector.execute(ThrowableCollector.java:73)
	at org.junit.jupiter.engine.descriptor.TestMethodTestDescriptor.invokeTestMethod(TestMethodTestDescriptor.java:214)
	at org.junit.jupiter.engine.descriptor.TestMethodTestDescriptor.execute(TestMethodTestDescriptor.java:139)
	at org.junit.jupiter.engine.descriptor.TestMethodTestDescriptor.execute(TestMethodTestDescriptor.java:69)
	at org.junit.platform.engine.support.hierarchical.NodeTestTask.lambda$executeRecursively$6(NodeTestTask.java:151)
	at org.junit.platform.engine.support.hierarchical.ThrowableCollector.execute(ThrowableCollector.java:73)
	at org.junit.platform.engine.support.hierarchical.NodeTestTask.lambda$executeRecursively$8(NodeTestTask.java:141)
	at org.junit.platform.engine.support.hierarchical.Node.around(Node.java:137)
	at org.junit.platform.engine.support.hierarchical.NodeTestTask.lambda$executeRecursively$9(NodeTestTask.java:139)
	at org.junit.platform.engine.support.hierarchical.ThrowableCollector.execute(ThrowableCollector.java:73)
	at org.junit.platform.engine.support.hierarchical.NodeTestTask.executeRecursively(NodeTestTask.java:138)
	at org.junit.platform.engine.support.hierarchical.NodeTestTask.execute(NodeTestTask.java:95)
	at java.base/java.util.ArrayList.forEach(ArrayList.java:1597)
	at org.junit.platform.engine.support.hierarchical.SameThreadHierarchicalTestExecutorService.invokeAll(SameThreadHierarchicalTestExecutorService.java:41)
	at org.junit.platform.engine.support.hierarchical.NodeTestTask.lambda$executeRecursively$6(NodeTestTask.java:155)
	at org.junit.platform.engine.support.hierarchical.ThrowableCollector.execute(ThrowableCollector.java:73)
	at org.junit.platform.engine.support.hierarchical.NodeTestTask.lambda$executeRecursively$8(NodeTestTask.java:141)
	at org.junit.platform.engine.support.hierarchical.Node.around(Node.java:137)
	at org.junit.platform.engine.support.hierarchical.NodeTestTask.lambda$executeRecursively$9(NodeTestTask.java:139)
	at org.junit.platform.engine.support.hierarchical.ThrowableCollector.execute(ThrowableCollector.java:73)
	at org.junit.platform.engine.support.hierarchical.NodeTestTask.executeRecursively(NodeTestTask.java:138)
	at org.junit.platform.engine.support.hierarchical.NodeTestTask.execute(NodeTestTask.java:95)
	at java.base/java.util.ArrayList.forEach(ArrayList.java:1597)
	at org.junit.platform.engine.support.hierarchical.SameThreadHierarchicalTestExecutorService.invokeAll(SameThreadHierarchicalTestExecutorService.java:41)
	at org.junit.platform.engine.support.hierarchical.NodeTestTask.lambda$executeRecursively$6(NodeTestTask.java:155)
	at org.junit.platform.engine.support.hierarchical.ThrowableCollector.execute(ThrowableCollector.java:73)
	at org.junit.platform.engine.support.hierarchical.NodeTestTask.lambda$executeRecursively$8(NodeTestTask.java:141)
	at org.junit.platform.engine.support.hierarchical.Node.around(Node.java:137)
	at org.junit.platform.engine.support.hierarchical.NodeTestTask.lambda$executeRecursively$9(NodeTestTask.java:139)
	at org.junit.platform.engine.support.hierarchical.ThrowableCollector.execute(ThrowableCollector.java:73)
	at org.junit.platform.engine.support.hierarchical.NodeTestTask.executeRecursively(NodeTestTask.java:138)
	at org.junit.platform.engine.support.hierarchical.NodeTestTask.execute(NodeTestTask.java:95)
	at org.junit.platform.engine.support.hierarchical.SameThreadHierarchicalTestExecutorService.submit(SameThreadHierarchicalTestExecutorService.java:35)
	at org.junit.platform.engine.support.hierarchical.HierarchicalTestExecutor.execute(HierarchicalTestExecutor.java:57)
	at org.junit.platform.engine.support.hierarchical.HierarchicalTestEngine.execute(HierarchicalTestEngine.java:54)
	at org.junit.platform.launcher.core.EngineExecutionOrchestrator.execute(EngineExecutionOrchestrator.java:198)
	at org.junit.platform.launcher.core.EngineExecutionOrchestrator.execute(EngineExecutionOrchestrator.java:169)
	at org.junit.platform.launcher.core.EngineExecutionOrchestrator.execute(EngineExecutionOrchestrator.java:93)
	at org.junit.platform.launcher.core.EngineExecutionOrchestrator.lambda$execute$0(EngineExecutionOrchestrator.java:58)
	at org.junit.platform.launcher.core.EngineExecutionOrchestrator.withInterceptedStreams(EngineExecutionOrchestrator.java:141)
	at org.junit.platform.launcher.core.EngineExecutionOrchestrator.execute(EngineExecutionOrchestrator.java:57)
	at org.junit.platform.launcher.core.DefaultLauncher.execute(DefaultLauncher.java:103)
	at org.junit.platform.launcher.core.DefaultLauncher.execute(DefaultLauncher.java:85)
	at org.junit.platform.launcher.core.DelegatingLauncher.execute(DelegatingLauncher.java:47)
	at org.apache.maven.surefire.junitplatform.LazyLauncher.execute(LazyLauncher.java:56)
	at org.apache.maven.surefire.junitplatform.JUnitPlatformProvider.execute(JUnitPlatformProvider.java:184)
	at org.apache.maven.surefire.junitplatform.JUnitPlatformProvider.invokeAllTests(JUnitPlatformProvider.java:148)
	at org.apache.maven.surefire.junitplatform.JUnitPlatformProvider.invoke(JUnitPlatformProvider.java:122)
	at org.apache.maven.surefire.booter.ForkedBooter.runSuitesInProcess(ForkedBooter.java:385)
	at org.apache.maven.surefire.booter.ForkedBooter.execute(ForkedBooter.java:162)
	at org.apache.maven.surefire.booter.ForkedBooter.run(ForkedBooter.java:507)
	at org.apache.maven.surefire.booter.ForkedBooter.main(ForkedBooter.java:495)

[ERRO] 2026-01-09 18:51:47.188 - Erro-97
  Exceção: java.lang.RuntimeException: Erro 97
java.lang.RuntimeException: Erro 97
	at testes.ErrorLoggerTest.testeLogNaoCresceIndefinidamente(ErrorLoggerTest.java:398)
	at java.base/jdk.internal.reflect.DirectMethodHandleAccessor.invoke(DirectMethodHandleAccessor.java:103)
	at java.base/java.lang.reflect.Method.invoke(Method.java:580)
	at org.junit.platform.commons.util.ReflectionUtils.invokeMethod(ReflectionUtils.java:728)
	at org.junit.jupiter.engine.execution.MethodInvocation.proceed(MethodInvocation.java:60)
	at org.junit.jupiter.engine.execution.InvocationInterceptorChain$ValidatingInvocation.proceed(InvocationInterceptorChain.java:131)
	at org.junit.jupiter.engine.extension.TimeoutExtension.intercept(TimeoutExtension.java:156)
	at org.junit.jupiter.engine.extension.TimeoutExtension.interceptTestableMethod(TimeoutExtension.java:147)
	at org.junit.jupiter.engine.extension.TimeoutExtension.interceptTestMethod(TimeoutExtension.java:86)
	at org.junit.jupiter.engine.execution.InterceptingExecutableInvoker$ReflectiveInterceptorCall.lambda$ofVoidMethod$0(InterceptingExecutableInvoker.java:103)
	at org.junit.jupiter.engine.execution.InterceptingExecutableInvoker.lambda$invoke$0(InterceptingExecutableInvoker.java:93)
	at org.junit.jupiter.engine.execution.InvocationInterceptorChain$InterceptedInvocation.proceed(InvocationInterceptorChain.java:106)
	at org.junit.jupiter.engine.execution.InvocationInterceptorChain.proceed(InvocationInterceptorChain.java:64)
	at org.junit.jupiter.engine.execution.InvocationInterceptorChain.chainAndInvoke(InvocationInterceptorChain.java:45)
	at org.junit.jupiter.engine.execution.InvocationInterceptorChain.invoke(InvocationInterceptorChain.java:37)
	at org.junit.jupiter.engine.execution.InterceptingExecutableInvoker.invoke(InterceptingExecutableInvoker.java:92)
	at org.junit.jupiter.engine.execution.InterceptingExecutableInvoker.invoke(InterceptingExecutableInvoker.java:86)
	at org.junit.jupiter.engine.descriptor.TestMethodTestDescriptor.lambda$invokeTestMethod$7(TestMethodTestDescriptor.java:218)
	at org.junit.platform.engine.support.hierarchical.ThrowableCollector.execute(ThrowableCollector.java:73)
	at org.junit.jupiter.engine.descriptor.TestMethodTestDescriptor.invokeTestMethod(TestMethodTestDescriptor.java:214)
	at org.junit.jupiter.engine.descriptor.TestMethodTestDescriptor.execute(TestMethodTestDescriptor.java:139)
	at org.junit.jupiter.engine.descriptor.TestMethodTestDescriptor.execute(TestMethodTestDescriptor.java:69)
	at org.junit.platform.engine.support.hierarchical.NodeTestTask.lambda$executeRecursively$6(NodeTestTask.java:151)
	at org.junit.platform.engine.support.hierarchical.ThrowableCollector.execute(ThrowableCollector.java:73)
	at org.junit.platform.engine.support.hierarchical.NodeTestTask.lambda$executeRecursively$8(NodeTestTask.java:141)
	at org.junit.platform.engine.support.hierarchical.Node.around(Node.java:137)
	at org.junit.platform.engine.support.hierarchical.NodeTestTask.lambda$executeRecursively$9(NodeTestTask.java:139)
	at org.junit.platform.engine.support.hierarchical.ThrowableCollector.execute(ThrowableCollector.java:73)
	at org.junit.platform.engine.support.hierarchical.NodeTestTask.executeRecursively(NodeTestTask.java:138)
	at org.junit.platform.engine.support.hierarchical.NodeTestTask.execute(NodeTestTask.java:95)
	at java.base/java.util.ArrayList.forEach(ArrayList.java:1597)
	at org.junit.platform.engine.support.hierarchical.SameThreadHierarchicalTestExecutorService.invokeAll(SameThreadHierarchicalTestExecutorService.java:41)
	at org.junit.platform.engine.support.hierarchical.NodeTestTask.lambda$executeRecursively$6(NodeTestTask.java:155)
	at org.junit.platform.engine.support.hierarchical.ThrowableCollector.execute(ThrowableCollector.java:73)
	at org.junit.platform.engine.support.hierarchical.NodeTestTask.lambda$executeRecursively$8(NodeTestTask.java:141)
	at org.junit.platform.engine.support.hierarchical.Node.around(Node.java:137)
	at org.junit.platform.engine.support.hierarchical.NodeTestTask.lambda$executeRecursively$9(NodeTestTask.java:139)
	at org.junit.platform.engine.support.hierarchical.ThrowableCollector.execute(ThrowableCollector.java:73)
	at org.junit.platform.engine.support.hierarchical.NodeTestTask.executeRecursively(NodeTestTask.java:138)
	at org.junit.platform.engine.support.hierarchical.NodeTestTask.execute(NodeTestTask.java:95)
	at java.base/java.util.ArrayList.forEach(ArrayList.java:1597)
	at org.junit.platform.engine.support.hierarchical.SameThreadHierarchicalTestExecutorService.invokeAll(SameThreadHierarchicalTestExecutorService.java:41)
	at org.junit.platform.engine.support.hierarchical.NodeTestTask.lambda$executeRecursively$6(NodeTestTask.java:155)
	at org.junit.platform.engine.support.hierarchical.ThrowableCollector.execute(ThrowableCollector.java:73)
	at org.junit.platform.engine.support.hierarchical.NodeTestTask.lambda$executeRecursively$8(NodeTestTask.java:141)
	at org.junit.platform.engine.support.hierarchical.Node.around(Node.java:137)
	at org.junit.platform.engine.support.hierarchical.NodeTestTask.lambda$executeRecursively$9(NodeTestTask.java:139)
	at org.junit.platform.engine.support.hierarchical.ThrowableCollector.execute(ThrowableCollector.java:73)
	at org.junit.platform.engine.support.hierarchical.NodeTestTask.executeRecursively(NodeTestTask.java:138)
	at org.junit.platform.engine.support.hierarchical.NodeTestTask.execute(NodeTestTask.java:95)
	at org.junit.platform.engine.support.hierarchical.SameThreadHierarchicalTestExecutorService.submit(SameThreadHierarchicalTestExecutorService.java:35)
	at org.junit.platform.engine.support.hierarchical.HierarchicalTestExecutor.execute(HierarchicalTestExecutor.java:57)
	at org.junit.platform.engine.support.hierarchical.HierarchicalTestEngine.execute(HierarchicalTestEngine.java:54)
	at org.junit.platform.launcher.core.EngineExecutionOrchestrator.execute(EngineExecutionOrchestrator.java:198)
	at org.junit.platform.launcher.core.EngineExecutionOrchestrator.execute(EngineExecutionOrchestrator.java:169)
	at org.junit.platform.launcher.core.EngineExecutionOrchestrator.execute(EngineExecutionOrchestrator.java:93)
	at org.junit.platform.launcher.core.EngineExecutionOrchestrator.lambda$execute$0(EngineExecutionOrchestrator.java:58)
	at org.junit.platform.launcher.core.EngineExecutionOrchestrator.withInterceptedStreams(EngineExecutionOrchestrator.java:141)
	at org.junit.platform.launcher.core.EngineExecutionOrchestrator.execute(EngineExecutionOrchestrator.java:57)
	at org.junit.platform.launcher.core.DefaultLauncher.execute(DefaultLauncher.java:103)
	at org.junit.platform.launcher.core.DefaultLauncher.execute(DefaultLauncher.java:85)
	at org.junit.platform.launcher.core.DelegatingLauncher.execute(DelegatingLauncher.java:47)
	at org.apache.maven.surefire.junitplatform.LazyLauncher.execute(LazyLauncher.java:56)
	at org.apache.maven.surefire.junitplatform.JUnitPlatformProvider.execute(JUnitPlatformProvider.java:184)
	at org.apache.maven.surefire.junitplatform.JUnitPlatformProvider.invokeAllTests(JUnitPlatformProvider.java:148)
	at org.apache.maven.surefire.junitplatform.JUnitPlatformProvider.invoke(JUnitPlatformProvider.java:122)
	at org.apache.maven.surefire.booter.ForkedBooter.runSuitesInProcess(ForkedBooter.java:385)
	at org.apache.maven.surefire.booter.ForkedBooter.execute(ForkedBooter.java:162)
	at org.apache.maven.surefire.booter.ForkedBooter.run(ForkedBooter.java:507)
	at org.apache.maven.surefire.booter.ForkedBooter.main(ForkedBooter.java:495)

[ERRO] 2026-01-09 18:51:47.188 - Erro-98
  Exceção: java.lang.RuntimeException: Erro 98
java.lang.RuntimeException: Erro 98
	at testes.ErrorLoggerTest.testeLogNaoCresceIndefinidamente(ErrorLoggerTest.java:398)
	at java.base/jdk.internal.reflect.DirectMethodHandleAccessor.invoke(DirectMethodHandleAccessor.java:103)
	at java.base/java.lang.reflect.Method.invoke(Method.java:580)
	at org.junit.platform.commons.util.ReflectionUtils.invokeMethod(ReflectionUtils.java:728)
	at org.junit.jupiter.engine.execution.MethodInvocation.proceed(MethodInvocation.java:60)
	at org.junit.jupiter.engine.execution.InvocationInterceptorChain$ValidatingInvocation.proceed(InvocationInterceptorChain.java:131)
	at org.junit.jupiter.engine.extension.TimeoutExtension.intercept(TimeoutExtension.java:156)
	at org.junit.jupiter.engine.extension.TimeoutExtension.interceptTestableMethod(TimeoutExtension.java:147)
	at org.junit.jupiter.engine.extension.TimeoutExtension.interceptTestMethod(TimeoutExtension.java:86)
	at org.junit.jupiter.engine.execution.InterceptingExecutableInvoker$ReflectiveInterceptorCall.lambda$ofVoidMethod$0(InterceptingExecutableInvoker.java:103)
	at org.junit.jupiter.engine.execution.InterceptingExecutableInvoker.lambda$invoke$0(InterceptingExecutableInvoker.java:93)
	at org.junit.jupiter.engine.execution.InvocationInterceptorChain$InterceptedInvocation.proceed(InvocationInterceptorChain.java:106)
	at org.junit.jupiter.engine.execution.InvocationInterceptorChain.proceed(InvocationInterceptorChain.java:64)
	at org.junit.jupiter.engine.execution.InvocationInterceptorChain.chainAndInvoke(InvocationInterceptorChain.java:45)
	at org.junit.jupiter.engine.execution.InvocationInterceptorChain.invoke(InvocationInterceptorChain.java:37)
	at org.junit.jupiter.engine.execution.InterceptingExecutableInvoker.invoke(InterceptingExecutableInvoker.java:92)
	at org.junit.jupiter.engine.execution.InterceptingExecutableInvoker.invoke(InterceptingExecutableInvoker.java:86)
	at org.junit.jupiter.engine.descriptor.TestMethodTestDescriptor.lambda$invokeTestMethod$7(TestMethodTestDescriptor.java:218)
	at org.junit.platform.engine.support.hierarchical.ThrowableCollector.execute(ThrowableCollector.java:73)
	at org.junit.jupiter.engine.descriptor.TestMethodTestDescriptor.invokeTestMethod(TestMethodTestDescriptor.java:214)
	at org.junit.jupiter.engine.descriptor.TestMethodTestDescriptor.execute(TestMethodTestDescriptor.java:139)
	at org.junit.jupiter.engine.descriptor.TestMethodTestDescriptor.execute(TestMethodTestDescriptor.java:69)
	at org.junit.platform.engine.support.hierarchical.NodeTestTask.lambda$executeRecursively$6(NodeTestTask.java:151)
	at org.junit.platform.engine.support.hierarchical.ThrowableCollector.execute(ThrowableCollector.java:73)
	at org.junit.platform.engine.support.hierarchical.NodeTestTask.lambda$executeRecursively$8(NodeTestTask.java:141)
	at org.junit.platform.engine.support.hierarchical.Node.around(Node.java:137)
	at org.junit.platform.engine.support.hierarchical.NodeTestTask.lambda$executeRecursively$9(NodeTestTask.java:139)
	at org.junit.platform.engine.support.hierarchical.ThrowableCollector.execute(ThrowableCollector.java:73)
	at org.junit.platform.engine.support.hierarchical.NodeTestTask.executeRecursively(NodeTestTask.java:138)
	at org.junit.platform.engine.support.hierarchical.NodeTestTask.execute(NodeTestTask.java:95)
	at java.base/java.util.ArrayList.forEach(ArrayList.java:1597)
	at org.junit.platform.engine.support.hierarchical.SameThreadHierarchicalTestExecutorService.invokeAll(SameThreadHierarchicalTestExecutorService.java:41)
	at org.junit.platform.engine.support.hierarchical.NodeTestTask.lambda$executeRecursively$6(NodeTestTask.java:155)
	at org.junit.platform.engine.support.hierarchical.ThrowableCollector.execute(ThrowableCollector.java:73)
	at org.junit.platform.engine.support.hierarchical.NodeTestTask.lambda$executeRecursively$8(NodeTestTask.java:141)
	at org.junit.platform.engine.support.hierarchical.Node.around(Node.java:137)
	at org.junit.platform.engine.support.hierarchical.NodeTestTask.lambda$executeRecursively$9(NodeTestTask.java:139)
	at org.junit.platform.engine.support.hierarchical.ThrowableCollector.execute(ThrowableCollector.java:73)
	at org.junit.platform.engine.support.hierarchical.NodeTestTask.executeRecursively(NodeTestTask.java:138)
	at org.junit.platform.engine.support.hierarchical.NodeTestTask.execute(NodeTestTask.java:95)
	at java.base/java.util.ArrayList.forEach(ArrayList.java:1597)
	at org.junit.platform.engine.support.hierarchical.SameThreadHierarchicalTestExecutorService.invokeAll(SameThreadHierarchicalTestExecutorService.java:41)
	at org.junit.platform.engine.support.hierarchical.NodeTestTask.lambda$executeRecursively$6(NodeTestTask.java:155)
	at org.junit.platform.engine.support.hierarchical.ThrowableCollector.execute(ThrowableCollector.java:73)
	at org.junit.platform.engine.support.hierarchical.NodeTestTask.lambda$executeRecursively$8(NodeTestTask.java:141)
	at org.junit.platform.engine.support.hierarchical.Node.around(Node.java:137)
	at org.junit.platform.engine.support.hierarchical.NodeTestTask.lambda$executeRecursively$9(NodeTestTask.java:139)
	at org.junit.platform.engine.support.hierarchical.ThrowableCollector.execute(ThrowableCollector.java:73)
	at org.junit.platform.engine.support.hierarchical.NodeTestTask.executeRecursively(NodeTestTask.java:138)
	at org.junit.platform.engine.support.hierarchical.NodeTestTask.execute(NodeTestTask.java:95)
	at org.junit.platform.engine.support.hierarchical.SameThreadHierarchicalTestExecutorService.submit(SameThreadHierarchicalTestExecutorService.java:35)
	at org.junit.platform.engine.support.hierarchical.HierarchicalTestExecutor.execute(HierarchicalTestExecutor.java:57)
	at org.junit.platform.engine.support.hierarchical.HierarchicalTestEngine.execute(HierarchicalTestEngine.java:54)
	at org.junit.platform.launcher.core.EngineExecutionOrchestrator.execute(EngineExecutionOrchestrator.java:198)
	at org.junit.platform.launcher.core.EngineExecutionOrchestrator.execute(EngineExecutionOrchestrator.java:169)
	at org.junit.platform.launcher.core.EngineExecutionOrchestrator.execute(EngineExecutionOrchestrator.java:93)
	at org.junit.platform.launcher.core.EngineExecutionOrchestrator.lambda$execute$0(EngineExecutionOrchestrator.java:58)
	at org.junit.platform.launcher.core.EngineExecutionOrchestrator.withInterceptedStreams(EngineExecutionOrchestrator.java:141)
	at org.junit.platform.launcher.core.EngineExecutionOrchestrator.execute(EngineExecutionOrchestrator.java:57)
	at org.junit.platform.launcher.core.DefaultLauncher.execute(DefaultLauncher.java:103)
	at org.junit.platform.launcher.core.DefaultLauncher.execute(DefaultLauncher.java:85)
	at org.junit.platform.launcher.core.DelegatingLauncher.execute(DelegatingLauncher.java:47)
	at org.apache.maven.surefire.junitplatform.LazyLauncher.execute(LazyLauncher.java:56)
	at org.apache.maven.surefire.junitplatform.JUnitPlatformProvider.execute(JUnitPlatformProvider.java:184)
	at org.apache.maven.surefire.junitplatform.JUnitPlatformProvider.invokeAllTests(JUnitPlatformProvider.java:148)
	at org.apache.maven.surefire.junitplatform.JUnitPlatformProvider.invoke(JUnitPlatformProvider.java:122)
	at org.apache.maven.surefire.booter.ForkedBooter.runSuitesInProcess(ForkedBooter.java:385)
	at org.apache.maven.surefire.booter.ForkedBooter.execute(ForkedBooter.java:162)
	at org.apache.maven.surefire.booter.ForkedBooter.run(ForkedBooter.java:507)
	at org.apache.maven.surefire.booter.ForkedBooter.main(ForkedBooter.java:495)

[ERRO] 2026-01-09 18:51:47.189 - Erro-99
  Exceção: java.lang.RuntimeException: Erro 99
java.lang.RuntimeException: Erro 99
	at testes.ErrorLoggerTest.testeLogNaoCresceIndefinidamente(ErrorLoggerTest.java:398)
	at java.base/jdk.internal.reflect.DirectMethodHandleAccessor.invoke(DirectMethodHandleAccessor.java:103)
	at java.base/java.lang.reflect.Method.invoke(Method.java:580)
	at org.junit.platform.commons.util.ReflectionUtils.invokeMethod(ReflectionUtils.java:728)
	at org.junit.jupiter.engine.execution.MethodInvocation.proceed(MethodInvocation.java:60)
	at org.junit.jupiter.engine.execution.InvocationInterceptorChain$ValidatingInvocation.proceed(InvocationInterceptorChain.java:131)
	at org.junit.jupiter.engine.extension.TimeoutExtension.intercept(TimeoutExtension.java:156)
	at org.junit.jupiter.engine.extension.TimeoutExtension.interceptTestableMethod(TimeoutExtension.java:147)
	at org.junit.jupiter.engine.extension.TimeoutExtension.interceptTestMethod(TimeoutExtension.java:86)
	at org.junit.jupiter.engine.execution.InterceptingExecutableInvoker$ReflectiveInterceptorCall.lambda$ofVoidMethod$0(InterceptingExecutableInvoker.java:103)
	at org.junit.jupiter.engine.execution.InterceptingExecutableInvoker.lambda$invoke$0(InterceptingExecutableInvoker.java:93)
	at org.junit.jupiter.engine.execution.InvocationInterceptorChain$InterceptedInvocation.proceed(InvocationInterceptorChain.java:106)
	at org.junit.jupiter.engine.execution.InvocationInterceptorChain.proceed(InvocationInterceptorChain.java:64)
	at org.junit.jupiter.engine.execution.InvocationInterceptorChain.chainAndInvoke(InvocationInterceptorChain.java:45)
	at org.junit.jupiter.engine.execution.InvocationInterceptorChain.invoke(InvocationInterceptorChain.java:37)
	at org.junit.jupiter.engine.execution.InterceptingExecutableInvoker.invoke(InterceptingExecutableInvoker.java:92)
	at org.junit.jupiter.engine.execution.InterceptingExecutableInvoker.invoke(InterceptingExecutableInvoker.java:86)
	at org.junit.jupiter.engine.descriptor.TestMethodTestDescriptor.lambda$invokeTestMethod$7(TestMethodTestDescriptor.java:218)
	at org.junit.platform.engine.support.hierarchical.ThrowableCollector.execute(ThrowableCollector.java:73)
	at org.junit.jupiter.engine.descriptor.TestMethodTestDescriptor.invokeTestMethod(TestMethodTestDescriptor.java:214)
	at org.junit.jupiter.engine.descriptor.TestMethodTestDescriptor.execute(TestMethodTestDescriptor.java:139)
	at org.junit.jupiter.engine.descriptor.TestMethodTestDescriptor.execute(TestMethodTestDescriptor.java:69)
	at org.junit.platform.engine.support.hierarchical.NodeTestTask.lambda$executeRecursively$6(NodeTestTask.java:151)
	at org.junit.platform.engine.support.hierarchical.ThrowableCollector.execute(ThrowableCollector.java:73)
	at org.junit.platform.engine.support.hierarchical.NodeTestTask.lambda$executeRecursively$8(NodeTestTask.java:141)
	at org.junit.platform.engine.support.hierarchical.Node.around(Node.java:137)
	at org.junit.platform.engine.support.hierarchical.NodeTestTask.lambda$executeRecursively$9(NodeTestTask.java:139)
	at org.junit.platform.engine.support.hierarchical.ThrowableCollector.execute(ThrowableCollector.java:73)
	at org.junit.platform.engine.support.hierarchical.NodeTestTask.executeRecursively(NodeTestTask.java:138)
	at org.junit.platform.engine.support.hierarchical.NodeTestTask.execute(NodeTestTask.java:95)
	at java.base/java.util.ArrayList.forEach(ArrayList.java:1597)
	at org.junit.platform.engine.support.hierarchical.SameThreadHierarchicalTestExecutorService.invokeAll(SameThreadHierarchicalTestExecutorService.java:41)
	at org.junit.platform.engine.support.hierarchical.NodeTestTask.lambda$executeRecursively$6(NodeTestTask.java:155)
	at org.junit.platform.engine.support.hierarchical.ThrowableCollector.execute(ThrowableCollector.java:73)
	at org.junit.platform.engine.support.hierarchical.NodeTestTask.lambda$executeRecursively$8(NodeTestTask.java:141)
	at org.junit.platform.engine.support.hierarchical.Node.around(Node.java:137)
	at org.junit.platform.engine.support.hierarchical.NodeTestTask.lambda$executeRecursively$9(NodeTestTask.java:139)
	at org.junit.platform.engine.support.hierarchical.ThrowableCollector.execute(ThrowableCollector.java:73)
	at org.junit.platform.engine.support.hierarchical.NodeTestTask.executeRecursively(NodeTestTask.java:138)
	at org.junit.platform.engine.support.hierarchical.NodeTestTask.execute(NodeTestTask.java:95)
	at java.base/java.util.ArrayList.forEach(ArrayList.java:1597)
	at org.junit.platform.engine.support.hierarchical.SameThreadHierarchicalTestExecutorService.invokeAll(SameThreadHierarchicalTestExecutorService.java:41)
	at org.junit.platform.engine.support.hierarchical.NodeTestTask.lambda$executeRecursively$6(NodeTestTask.java:155)
	at org.junit.platform.engine.support.hierarchical.ThrowableCollector.execute(ThrowableCollector.java:73)
	at org.junit.platform.engine.support.hierarchical.NodeTestTask.lambda$executeRecursively$8(NodeTestTask.java:141)
	at org.junit.platform.engine.support.hierarchical.Node.around(Node.java:137)
	at org.junit.platform.engine.support.hierarchical.NodeTestTask.lambda$executeRecursively$9(NodeTestTask.java:139)
	at org.junit.platform.engine.support.hierarchical.ThrowableCollector.execute(ThrowableCollector.java:73)
	at org.junit.platform.engine.support.hierarchical.NodeTestTask.executeRecursively(NodeTestTask.java:138)
	at org.junit.platform.engine.support.hierarchical.NodeTestTask.execute(NodeTestTask.java:95)
	at org.junit.platform.engine.support.hierarchical.SameThreadHierarchicalTestExecutorService.submit(SameThreadHierarchicalTestExecutorService.java:35)
	at org.junit.platform.engine.support.hierarchical.HierarchicalTestExecutor.execute(HierarchicalTestExecutor.java:57)
	at org.junit.platform.engine.support.hierarchical.HierarchicalTestEngine.execute(HierarchicalTestEngine.java:54)
	at org.junit.platform.launcher.core.EngineExecutionOrchestrator.execute(EngineExecutionOrchestrator.java:198)
	at org.junit.platform.launcher.core.EngineExecutionOrchestrator.execute(EngineExecutionOrchestrator.java:169)
	at org.junit.platform.launcher.core.EngineExecutionOrchestrator.execute(EngineExecutionOrchestrator.java:93)
	at org.junit.platform.launcher.core.EngineExecutionOrchestrator.lambda$execute$0(EngineExecutionOrchestrator.java:58)
	at org.junit.platform.launcher.core.EngineExecutionOrchestrator.withInterceptedStreams(EngineExecutionOrchestrator.java:141)
	at org.junit.platform.launcher.core.EngineExecutionOrchestrator.execute(EngineExecutionOrchestrator.java:57)
	at org.junit.platform.launcher.core.DefaultLauncher.execute(DefaultLauncher.java:103)
	at org.junit.platform.launcher.core.DefaultLauncher.execute(DefaultLauncher.java:85)
	at org.junit.platform.launcher.core.DelegatingLauncher.execute(DelegatingLauncher.java:47)
	at org.apache.maven.surefire.junitplatform.LazyLauncher.execute(LazyLauncher.java:56)
	at org.apache.maven.surefire.junitplatform.JUnitPlatformProvider.execute(JUnitPlatformProvider.java:184)
	at org.apache.maven.surefire.junitplatform.JUnitPlatformProvider.invokeAllTests(JUnitPlatformProvider.java:148)
	at org.apache.maven.surefire.junitplatform.JUnitPlatformProvider.invoke(JUnitPlatformProvider.java:122)
	at org.apache.maven.surefire.booter.ForkedBooter.runSuitesInProcess(ForkedBooter.java:385)
	at org.apache.maven.surefire.booter.ForkedBooter.execute(ForkedBooter.java:162)
	at org.apache.maven.surefire.booter.ForkedBooter.run(ForkedBooter.java:507)
	at org.apache.maven.surefire.booter.ForkedBooter.main(ForkedBooter.java:495)

[[1;34mINFO[m] [1;32mTests run: [0;1;32m15[m, Failures: 0, Errors: 0, Skipped: 0, Time elapsed: 1.323 s -- in testes.[1mErrorLoggerTest[m
[[1;34mINFO[m] Running testes.[1mStressTest[m
ServicoEventos iniciado no dia: 10 (Janela D=30)
RequestDispatcher criado com D=30 e S=10
==================================================
  SERVIÇO DE GESTÃO DE VENDAS
==================================================
Porta: 5556
Dias (D): 30
Séries (S): 10

Thread Pools:
  - Client Handlers: 20 threads
  - Request Workers: 50 threads
==================================================
Aguardando conexões...

DeadlockMonitor iniciado (intervalo: 30s)
ClienteMiddleware configurado com ConnectionPool (max=5)
ClienteMiddleware configurado com ConnectionPool (max=5)
ClienteMiddleware configurado com ConnectionPool (max=5)
ConnectionPool pronto para uso
ConnectionPool pronto para uso
ConnectionPool pronto para uso
ClienteMiddleware configurado com ConnectionPool (max=5)
ConnectionPool pronto para uso
ClienteMiddleware configurado com ConnectionPool (max=5)
ConnectionPool pronto para uso
ClienteMiddleware configurado com ConnectionPool (max=5)
ConnectionPool pronto para uso
ClienteMiddleware configurado com ConnectionPool (max=5)
ConnectionPool pronto para uso
[Server] Cliente conectado: /127.0.0.1 (Total: 1)
ClienteMiddleware configurado com ConnectionPool (max=5)
ConnectionPool pronto para uso
ClienteMiddleware configurado com ConnectionPool (max=5)
ConnectionPool pronto para uso
[Server] Cliente conectado: /127.0.0.1 (Total: 2)
ClienteMiddleware configurado com ConnectionPool (max=5)
ConnectionPool pronto para uso
[Server] Cliente conectado: /127.0.0.1 (Total: 3)
Cliente conectado: /127.0.0.1
ClienteMiddleware configurado com ConnectionPool (max=5)
ConnectionPool pronto para uso
[Server] Cliente conectado: /127.0.0.1 (Total: 4)
[Server] Cliente conectado: /127.0.0.1 (Total: 5)
ClienteMiddleware configurado com ConnectionPool (max=5)
ConnectionPool pronto para uso
Cliente conectado: /127.0.0.1
ClienteMiddleware configurado com ConnectionPool (max=5)
ConnectionPool pronto para uso
Cliente conectado: /127.0.0.1
Cliente conectado: /127.0.0.1
Cliente conectado: /127.0.0.1
[Server] Cliente conectado: /127.0.0.1 (Total: 6)
ClienteMiddleware configurado com ConnectionPool (max=5)
ConnectionPool pronto para uso
ClienteMiddleware configurado com ConnectionPool (max=5)
ConnectionPool pronto para uso
[Server] Cliente conectado: /127.0.0.1 (Total: 7)
Cliente conectado: /127.0.0.1
[Server] Cliente conectado: /127.0.0.1 (Total: 8)
Cliente conectado: /127.0.0.1
ClienteMiddleware configurado com ConnectionPool (max=5)
ConnectionPool pronto para uso
[Server] Cliente conectado: /127.0.0.1 (Total: 9)
Cliente conectado: /127.0.0.1
ClienteMiddleware configurado com ConnectionPool (max=5)
ConnectionPool pronto para uso
[Server] Cliente conectado: /127.0.0.1 (Total: 10)
ClienteMiddleware configurado com ConnectionPool (max=5)
ConnectionPool pronto para uso
Novo utilizador registado: stress094320916983684
[Server] Cliente conectado: /127.0.0.1 (Total: 11)
Cliente conectado: /127.0.0.1
ClienteMiddleware configurado com ConnectionPool (max=5)
ConnectionPool pronto para uso
Novo utilizador registado: stress394320917243786
ClienteMiddleware configurado com ConnectionPool (max=5)
ConnectionPool pronto para uso
Novo utilizador registado: stress494320917475165
Cliente conectado: /127.0.0.1
Cliente conectado: /127.0.0.1
[Server] Cliente conectado: /127.0.0.1 (Total: 12)
[Server] Cliente conectado: /127.0.0.1 (Total: 13)
Cliente conectado: /127.0.0.1
ClienteMiddleware configurado com ConnectionPool (max=5)
ConnectionPool pronto para uso
ClienteMiddleware configurado com ConnectionPool (max=5)
ConnectionPool pronto para uso
ClienteMiddleware configurado com ConnectionPool (max=5)
ConnectionPool pronto para uso
[Server] Cliente conectado: /127.0.0.1 (Total: 14)
Novo utilizador registado: stress294320916985714
[Server] Cliente conectado: /127.0.0.1 (Total: 15)
Cliente conectado: /127.0.0.1
Novo utilizador registado: stress594320918705007
Novo utilizador registado: stress694320917831249
Novo utilizador registado: stress794320917989361
ClienteMiddleware configurado com ConnectionPool (max=5)
ConnectionPool pronto para uso
[Server] Cliente conectado: /127.0.0.1 (Total: 16)
Cliente conectado: /127.0.0.1
Cliente conectado: /127.0.0.1
ClienteMiddleware configurado com ConnectionPool (max=5)
ConnectionPool pronto para uso
Cliente conectado: /127.0.0.1
ClienteMiddleware configurado com ConnectionPool (max=5)
ConnectionPool pronto para uso
Novo utilizador registado: stress194320916988602
ClienteMiddleware configurado com ConnectionPool (max=5)
ConnectionPool pronto para uso
Novo utilizador registado: stress1294320920221987
Novo utilizador registado: stress894320918791348
ClienteMiddleware configurado com ConnectionPool (max=5)
ConnectionPool pronto para uso
ClienteMiddleware configurado com ConnectionPool (max=5)
ConnectionPool pronto para uso
ClienteMiddleware configurado com ConnectionPool (max=5)
ConnectionPool pronto para uso
ClienteMiddleware configurado com ConnectionPool (max=5)
ConnectionPool pronto para uso
ClienteMiddleware configurado com ConnectionPool (max=5)
ConnectionPool pronto para uso
Utilizador autenticado: stress394320917243786
Utilizador autenticado: stress094320916983684
Utilizador autenticado: stress894320918791348
Utilizador autenticado: stress494320917475165
ClienteMiddleware configurado com ConnectionPool (max=5)
ConnectionPool pronto para uso
ClienteMiddleware configurado com ConnectionPool (max=5)
ConnectionPool pronto para uso
Novo utilizador registado: stress1094320919392486
ClienteMiddleware configurado com ConnectionPool (max=5)
ConnectionPool pronto para uso
ClienteMiddleware configurado com ConnectionPool (max=5)
ConnectionPool pronto para uso
ClienteMiddleware configurado com ConnectionPool (max=5)
ConnectionPool pronto para uso
Novo utilizador registado: stress1194320919762269
ClienteMiddleware configurado com ConnectionPool (max=5)
ConnectionPool pronto para uso
Novo utilizador registado: stress994320919041358
ClienteMiddleware configurado com ConnectionPool (max=5)
ConnectionPool pronto para uso
ClienteMiddleware configurado com ConnectionPool (max=5)
ConnectionPool pronto para uso
ClienteMiddleware configurado com ConnectionPool (max=5)
ConnectionPool pronto para uso
ClienteMiddleware configurado com ConnectionPool (max=5)
ConnectionPool pronto para uso
ClienteMiddleware configurado com ConnectionPool (max=5)
Utilizador autenticado: stress594320918705007
ConnectionPool pronto para uso
ClienteMiddleware configurado com ConnectionPool (max=5)
ConnectionPool pronto para uso
ClienteMiddleware configurado com ConnectionPool (max=5)
ConnectionPool pronto para uso
ClienteMiddleware configurado com ConnectionPool (max=5)
ConnectionPool pronto para uso
Utilizador autenticado: stress794320917989361
Utilizador autenticado: stress694320917831249
Novo utilizador registado: stress1394320921082765
Novo utilizador registado: stress1494320921024155
Utilizador autenticado: stress294320916985714
Novo utilizador registado: stress1594320921814813
ClienteMiddleware configurado com ConnectionPool (max=5)
ConnectionPool pronto para uso
[Server] Cliente conectado: /127.0.0.1 (Total: 17)
ClienteMiddleware configurado com ConnectionPool (max=5)
ConnectionPool pronto para uso
ClienteMiddleware configurado com ConnectionPool (max=5)
ConnectionPool pronto para uso
ClienteMiddleware configurado com ConnectionPool (max=5)
ConnectionPool pronto para uso
[Server] Cliente conectado: /127.0.0.1 (Total: 18)
[Server] Cliente conectado: /127.0.0.1 (Total: 19)
Utilizador autenticado: stress194320916988602
Cliente conectado: /127.0.0.1
[Server] Cliente conectado: /127.0.0.1 (Total: 20)
Utilizador autenticado: stress1294320920221987
Cliente conectado: /127.0.0.1
Utilizador autenticado: stress1094320919392486
[Server] Cliente conectado: /127.0.0.1 (Total: 21)
Cliente conectado: /127.0.0.1
[Server] Cliente conectado: /127.0.0.1 (Total: 22)
Cliente conectado: /127.0.0.1
[Server] Cliente conectado: /127.0.0.1 (Total: 23)
[Server] Cliente conectado: /127.0.0.1 (Total: 24)
[Server] Cliente conectado: /127.0.0.1 (Total: 25)
[Server] Cliente conectado: /127.0.0.1 (Total: 26)
[Server] Cliente conectado: /127.0.0.1 (Total: 27)
[Server] Cliente conectado: /127.0.0.1 (Total: 28)
Novo utilizador registado: stress1694320922246696
[Server] Cliente conectado: /127.0.0.1 (Total: 29)
[Server] Cliente conectado: /127.0.0.1 (Total: 30)
[Server] Cliente conectado: /127.0.0.1 (Total: 31)
[Server] Cliente conectado: /127.0.0.1 (Total: 32)
[Server] Cliente conectado: /127.0.0.1 (Total: 33)
[Server] Cliente conectado: /127.0.0.1 (Total: 34)
[Server] Cliente conectado: /127.0.0.1 (Total: 35)
[Server] Cliente conectado: /127.0.0.1 (Total: 36)
[Server] Cliente conectado: /127.0.0.1 (Total: 37)
[Server] Cliente conectado: /127.0.0.1 (Total: 38)
Novo utilizador registado: stress1794320922690450
[Server] Cliente conectado: /127.0.0.1 (Total: 39)
[Server] Cliente conectado: /127.0.0.1 (Total: 40)
Novo utilizador registado: stress1994320923675767
[Server] Cliente conectado: /127.0.0.1 (Total: 41)
Pool de handlers cheia! Rejeitando cliente /127.0.0.1
Utilizador autenticado: stress1694320922246696
[Server] Cliente removido: /127.0.0.1 (Restantes: 40)
[Server] Cliente conectado: /127.0.0.1 (Total: 41)
Pool de handlers cheia! Rejeitando cliente /127.0.0.1
[Server] Cliente removido: /127.0.0.1 (Restantes: 40)
[Server] Cliente conectado: /127.0.0.1 (Total: 41)
Pool de handlers cheia! Rejeitando cliente /127.0.0.1
[Server] Cliente removido: /127.0.0.1 (Restantes: 40)
[Server] Cliente conectado: /127.0.0.1 (Total: 41)
Pool de handlers cheia! Rejeitando cliente /127.0.0.1
[Server] Cliente removido: /127.0.0.1 (Restantes: 40)
[Server] Cliente conectado: /127.0.0.1 (Total: 41)
Pool de handlers cheia! Rejeitando cliente /127.0.0.1
[Server] Cliente removido: /127.0.0.1 (Restantes: 40)
[Server] Cliente conectado: /127.0.0.1 (Total: 41)
Pool de handlers cheia! Rejeitando cliente /127.0.0.1
[Server] Cliente removido: /127.0.0.1 (Restantes: 40)
[Server] Cliente conectado: /127.0.0.1 (Total: 41)
Pool de handlers cheia! Rejeitando cliente /127.0.0.1
Utilizador autenticado: stress994320919041358
Utilizador autenticado: stress1194320919762269
[Server] Cliente removido: /127.0.0.1 (Restantes: 40)
[Server] Cliente conectado: /127.0.0.1 (Total: 41)
Pool de handlers cheia! Rejeitando cliente /127.0.0.1
[Server] Cliente removido: /127.0.0.1 (Restantes: 40)
[Server] Cliente conectado: /127.0.0.1 (Total: 41)
Pool de handlers cheia! Rejeitando cliente /127.0.0.1
[Server] Cliente removido: /127.0.0.1 (Restantes: 40)
[Server] Cliente conectado: /127.0.0.1 (Total: 41)
Pool de handlers cheia! Rejeitando cliente /127.0.0.1
[Server] Cliente removido: /127.0.0.1 (Restantes: 40)
Cliente 26 - Exceção: Erro ao registrar: Erro ao invocar: null
Cliente 48 - Exceção: Erro ao registrar: Erro ao invocar: null
Cliente 28 - Exceção: Erro ao registrar: Erro ao invocar: null
Cliente 47 - Exceção: Erro ao registrar: Erro ao invocar: null
Cliente 49 - Exceção: Erro ao registrar: Erro ao invocar: null
Cliente 32 - Exceção: Erro ao registrar: Erro ao invocar: null
Cliente 31 - Exceção: Erro ao registrar: Erro ao invocar: null
Cliente 29 - Exceção: Erro ao registrar: Erro ao invocar: null
Cliente 25 - Exceção: Erro ao registrar: Erro ao invocar: null
Cliente 38 - Exceção: Erro ao registrar: Erro ao invocar: null
Utilizador autenticado: stress1494320921024155
Utilizador autenticado: stress1594320921814813
Utilizador autenticado: stress1394320921082765
Novo utilizador registado: stress1894320923382163
Utilizador autenticado: stress1994320923675767
Utilizador autenticado: stress1794320922690450
Utilizador autenticado: stress1894320923382163
Evento registrado: Produto=1, Qtd=1, Preço=10.00 (Dia 10)
Evento registrado: Produto=9, Qtd=1, Preço=10.00 (Dia 10)
Evento registrado: Produto=5, Qtd=1, Preço=10.00 (Dia 10)
Evento registrado: Produto=4, Qtd=1, Preço=10.00 (Dia 10)
Evento registrado: Produto=6, Qtd=1, Preço=10.00 (Dia 10)
Evento registrado: Produto=7, Qtd=1, Preço=10.00 (Dia 10)
Evento registrado: Produto=8, Qtd=1, Preço=10.00 (Dia 10)
Evento registrado: Produto=3, Qtd=1, Preço=10.00 (Dia 10)
Evento registrado: Produto=1, Qtd=1, Preço=10.00 (Dia 10)
Evento registrado: Produto=3, Qtd=1, Preço=10.00 (Dia 10)
Evento registrado: Produto=2, Qtd=1, Preço=10.00 (Dia 10)
Evento registrado: Produto=7, Qtd=1, Preço=10.00 (Dia 10)
Evento registrado: Produto=10, Qtd=1, Preço=10.00 (Dia 10)
Evento registrado: Produto=2, Qtd=1, Preço=10.00 (Dia 10)
Evento registrado: Produto=5, Qtd=1, Preço=10.00 (Dia 10)
Evento registrado: Produto=6, Qtd=1, Preço=10.00 (Dia 10)
Evento registrado: Produto=8, Qtd=1, Preço=10.00 (Dia 10)
Evento registrado: Produto=4, Qtd=1, Preço=10.00 (Dia 10)
Evento registrado: Produto=10, Qtd=1, Preço=10.00 (Dia 10)
Evento registrado: Produto=9, Qtd=1, Preço=10.00 (Dia 10)
Evento registrado: Produto=1, Qtd=1, Preço=10.00 (Dia 10)
Evento registrado: Produto=9, Qtd=1, Preço=10.00 (Dia 10)
Evento registrado: Produto=5, Qtd=1, Preço=10.00 (Dia 10)
Evento registrado: Produto=4, Qtd=1, Preço=10.00 (Dia 10)
Evento registrado: Produto=6, Qtd=1, Preço=10.00 (Dia 10)
Evento registrado: Produto=3, Qtd=1, Preço=10.00 (Dia 10)
Evento registrado: Produto=7, Qtd=1, Preço=10.00 (Dia 10)
Evento registrado: Produto=8, Qtd=1, Preço=10.00 (Dia 10)
Evento registrado: Produto=2, Qtd=1, Preço=10.00 (Dia 10)
Evento registrado: Produto=1, Qtd=1, Preço=10.00 (Dia 10)
Evento registrado: Produto=3, Qtd=1, Preço=10.00 (Dia 10)
Evento registrado: Produto=7, Qtd=1, Preço=10.00 (Dia 10)
Evento registrado: Produto=10, Qtd=1, Preço=10.00 (Dia 10)
Evento registrado: Produto=2, Qtd=1, Preço=10.00 (Dia 10)
Evento registrado: Produto=6, Qtd=1, Preço=10.00 (Dia 10)
Evento registrado: Produto=10, Qtd=1, Preço=10.00 (Dia 10)
Evento registrado: Produto=4, Qtd=1, Preço=10.00 (Dia 10)
Evento registrado: Produto=5, Qtd=1, Preço=10.00 (Dia 10)
Evento registrado: Produto=8, Qtd=1, Preço=10.00 (Dia 10)
Evento registrado: Produto=9, Qtd=1, Preço=10.00 (Dia 10)
Evento registrado: Produto=4, Qtd=1, Preço=10.00 (Dia 10)
Evento registrado: Produto=1, Qtd=1, Preço=10.00 (Dia 10)
Evento registrado: Produto=9, Qtd=1, Preço=10.00 (Dia 10)
Evento registrado: Produto=5, Qtd=1, Preço=10.00 (Dia 10)
Evento registrado: Produto=6, Qtd=1, Preço=10.00 (Dia 10)
Evento registrado: Produto=3, Qtd=1, Preço=10.00 (Dia 10)
Evento registrado: Produto=7, Qtd=1, Preço=10.00 (Dia 10)
Evento registrado: Produto=8, Qtd=1, Preço=10.00 (Dia 10)
Evento registrado: Produto=1, Qtd=1, Preço=10.00 (Dia 10)
Evento registrado: Produto=2, Qtd=1, Preço=10.00 (Dia 10)
Evento registrado: Produto=3, Qtd=1, Preço=10.00 (Dia 10)
Evento registrado: Produto=7, Qtd=1, Preço=10.00 (Dia 10)
Evento registrado: Produto=10, Qtd=1, Preço=10.00 (Dia 10)
Evento registrado: Produto=2, Qtd=1, Preço=10.00 (Dia 10)
Evento registrado: Produto=6, Qtd=1, Preço=10.00 (Dia 10)
Evento registrado: Produto=5, Qtd=1, Preço=10.00 (Dia 10)
Evento registrado: Produto=4, Qtd=1, Preço=10.00 (Dia 10)
Evento registrado: Produto=10, Qtd=1, Preço=10.00 (Dia 10)
Evento registrado: Produto=8, Qtd=1, Preço=10.00 (Dia 10)
Evento registrado: Produto=9, Qtd=1, Preço=10.00 (Dia 10)
Evento registrado: Produto=1, Qtd=1, Preço=10.00 (Dia 10)
Evento registrado: Produto=5, Qtd=1, Preço=10.00 (Dia 10)
Evento registrado: Produto=9, Qtd=1, Preço=10.00 (Dia 10)
Evento registrado: Produto=4, Qtd=1, Preço=10.00 (Dia 10)
Evento registrado: Produto=6, Qtd=1, Preço=10.00 (Dia 10)
Evento registrado: Produto=8, Qtd=1, Preço=10.00 (Dia 10)
Evento registrado: Produto=3, Qtd=1, Preço=10.00 (Dia 10)
Evento registrado: Produto=7, Qtd=1, Preço=10.00 (Dia 10)
Evento registrado: Produto=1, Qtd=1, Preço=10.00 (Dia 10)
Evento registrado: Produto=2, Qtd=1, Preço=10.00 (Dia 10)
Evento registrado: Produto=3, Qtd=1, Preço=10.00 (Dia 10)
Evento registrado: Produto=7, Qtd=1, Preço=10.00 (Dia 10)
Evento registrado: Produto=10, Qtd=1, Preço=10.00 (Dia 10)
Evento registrado: Produto=2, Qtd=1, Preço=10.00 (Dia 10)
Evento registrado: Produto=6, Qtd=1, Preço=10.00 (Dia 10)
Evento registrado: Produto=4, Qtd=1, Preço=10.00 (Dia 10)
Evento registrado: Produto=10, Qtd=1, Preço=10.00 (Dia 10)
Evento registrado: Produto=8, Qtd=1, Preço=10.00 (Dia 10)
Evento registrado: Produto=5, Qtd=1, Preço=10.00 (Dia 10)
Evento registrado: Produto=9, Qtd=1, Preço=10.00 (Dia 10)
Evento registrado: Produto=5, Qtd=1, Preço=10.00 (Dia 10)
Evento registrado: Produto=9, Qtd=1, Preço=10.00 (Dia 10)
Evento registrado: Produto=1, Qtd=1, Preço=10.00 (Dia 10)
Evento registrado: Produto=6, Qtd=1, Preço=10.00 (Dia 10)
Evento registrado: Produto=4, Qtd=1, Preço=10.00 (Dia 10)
Evento registrado: Produto=3, Qtd=1, Preço=10.00 (Dia 10)
Evento registrado: Produto=7, Qtd=1, Preço=10.00 (Dia 10)
Evento registrado: Produto=8, Qtd=1, Preço=10.00 (Dia 10)
Evento registrado: Produto=1, Qtd=1, Preço=10.00 (Dia 10)
Evento registrado: Produto=3, Qtd=1, Preço=10.00 (Dia 10)
Evento registrado: Produto=2, Qtd=1, Preço=10.00 (Dia 10)
Evento registrado: Produto=7, Qtd=1, Preço=10.00 (Dia 10)
Evento registrado: Produto=10, Qtd=1, Preço=10.00 (Dia 10)
Evento registrado: Produto=2, Qtd=1, Preço=10.00 (Dia 10)
Evento registrado: Produto=6, Qtd=1, Preço=10.00 (Dia 10)
Evento registrado: Produto=10, Qtd=1, Preço=10.00 (Dia 10)
Evento registrado: Produto=4, Qtd=1, Preço=10.00 (Dia 10)
Evento registrado: Produto=8, Qtd=1, Preço=10.00 (Dia 10)
Evento registrado: Produto=5, Qtd=1, Preço=10.00 (Dia 10)
Evento registrado: Produto=9, Qtd=1, Preço=10.00 (Dia 10)
Evento registrado: Produto=1, Qtd=1, Preço=10.00 (Dia 10)
Evento registrado: Produto=5, Qtd=1, Preço=10.00 (Dia 10)
Evento registrado: Produto=4, Qtd=1, Preço=10.00 (Dia 10)
Evento registrado: Produto=9, Qtd=1, Preço=10.00 (Dia 10)
Evento registrado: Produto=6, Qtd=1, Preço=10.00 (Dia 10)
Evento registrado: Produto=7, Qtd=1, Preço=10.00 (Dia 10)
Evento registrado: Produto=3, Qtd=1, Preço=10.00 (Dia 10)
Evento registrado: Produto=8, Qtd=1, Preço=10.00 (Dia 10)
Evento registrado: Produto=1, Qtd=1, Preço=10.00 (Dia 10)
Evento registrado: Produto=2, Qtd=1, Preço=10.00 (Dia 10)
Evento registrado: Produto=3, Qtd=1, Preço=10.00 (Dia 10)
Evento registrado: Produto=7, Qtd=1, Preço=10.00 (Dia 10)
Evento registrado: Produto=10, Qtd=1, Preço=10.00 (Dia 10)
Evento registrado: Produto=2, Qtd=1, Preço=10.00 (Dia 10)
Evento registrado: Produto=6, Qtd=1, Preço=10.00 (Dia 10)
Evento registrado: Produto=10, Qtd=1, Preço=10.00 (Dia 10)
Evento registrado: Produto=4, Qtd=1, Preço=10.00 (Dia 10)
Evento registrado: Produto=5, Qtd=1, Preço=10.00 (Dia 10)
Evento registrado: Produto=8, Qtd=1, Preço=10.00 (Dia 10)
Evento registrado: Produto=9, Qtd=1, Preço=10.00 (Dia 10)
Evento registrado: Produto=9, Qtd=1, Preço=10.00 (Dia 10)
Evento registrado: Produto=4, Qtd=1, Preço=10.00 (Dia 10)
Evento registrado: Produto=1, Qtd=1, Preço=10.00 (Dia 10)
Evento registrado: Produto=6, Qtd=1, Preço=10.00 (Dia 10)
Evento registrado: Produto=5, Qtd=1, Preço=10.00 (Dia 10)
Evento registrado: Produto=3, Qtd=1, Preço=10.00 (Dia 10)
Evento registrado: Produto=7, Qtd=1, Preço=10.00 (Dia 10)
Evento registrado: Produto=8, Qtd=1, Preço=10.00 (Dia 10)
Evento registrado: Produto=3, Qtd=1, Preço=10.00 (Dia 10)
Evento registrado: Produto=1, Qtd=1, Preço=10.00 (Dia 10)
Evento registrado: Produto=2, Qtd=1, Preço=10.00 (Dia 10)
Evento registrado: Produto=7, Qtd=1, Preço=10.00 (Dia 10)
Evento registrado: Produto=10, Qtd=1, Preço=10.00 (Dia 10)
Evento registrado: Produto=6, Qtd=1, Preço=10.00 (Dia 10)
Evento registrado: Produto=2, Qtd=1, Preço=10.00 (Dia 10)
Evento registrado: Produto=4, Qtd=1, Preço=10.00 (Dia 10)
Evento registrado: Produto=5, Qtd=1, Preço=10.00 (Dia 10)
Evento registrado: Produto=10, Qtd=1, Preço=10.00 (Dia 10)
Evento registrado: Produto=8, Qtd=1, Preço=10.00 (Dia 10)
Evento registrado: Produto=9, Qtd=1, Preço=10.00 (Dia 10)
Evento registrado: Produto=1, Qtd=1, Preço=10.00 (Dia 10)
Evento registrado: Produto=5, Qtd=1, Preço=10.00 (Dia 10)
Evento registrado: Produto=6, Qtd=1, Preço=10.00 (Dia 10)
Evento registrado: Produto=9, Qtd=1, Preço=10.00 (Dia 10)
Evento registrado: Produto=4, Qtd=1, Preço=10.00 (Dia 10)
Evento registrado: Produto=7, Qtd=1, Preço=10.00 (Dia 10)
Evento registrado: Produto=3, Qtd=1, Preço=10.00 (Dia 10)
Evento registrado: Produto=8, Qtd=1, Preço=10.00 (Dia 10)
Evento registrado: Produto=3, Qtd=1, Preço=10.00 (Dia 10)
Evento registrado: Produto=1, Qtd=1, Preço=10.00 (Dia 10)
Evento registrado: Produto=7, Qtd=1, Preço=10.00 (Dia 10)
Evento registrado: Produto=2, Qtd=1, Preço=10.00 (Dia 10)
Evento registrado: Produto=10, Qtd=1, Preço=10.00 (Dia 10)
Evento registrado: Produto=2, Qtd=1, Preço=10.00 (Dia 10)
Evento registrado: Produto=6, Qtd=1, Preço=10.00 (Dia 10)
Evento registrado: Produto=4, Qtd=1, Preço=10.00 (Dia 10)
Evento registrado: Produto=5, Qtd=1, Preço=10.00 (Dia 10)
Evento registrado: Produto=10, Qtd=1, Preço=10.00 (Dia 10)
Evento registrado: Produto=9, Qtd=1, Preço=10.00 (Dia 10)
Evento registrado: Produto=8, Qtd=1, Preço=10.00 (Dia 10)
Evento registrado: Produto=9, Qtd=1, Preço=10.00 (Dia 10)
Evento registrado: Produto=4, Qtd=1, Preço=10.00 (Dia 10)
Evento registrado: Produto=7, Qtd=1, Preço=10.00 (Dia 10)
Evento registrado: Produto=6, Qtd=1, Preço=10.00 (Dia 10)
Evento registrado: Produto=5, Qtd=1, Preço=10.00 (Dia 10)
Evento registrado: Produto=1, Qtd=1, Preço=10.00 (Dia 10)
Evento registrado: Produto=3, Qtd=1, Preço=10.00 (Dia 10)
Evento registrado: Produto=8, Qtd=1, Preço=10.00 (Dia 10)
Evento registrado: Produto=1, Qtd=1, Preço=10.00 (Dia 10)
Evento registrado: Produto=7, Qtd=1, Preço=10.00 (Dia 10)
Evento registrado: Produto=3, Qtd=1, Preço=10.00 (Dia 10)
Evento registrado: Produto=2, Qtd=1, Preço=10.00 (Dia 10)
Evento registrado: Produto=10, Qtd=1, Preço=10.00 (Dia 10)
Evento registrado: Produto=4, Qtd=1, Preço=10.00 (Dia 10)
Evento registrado: Produto=5, Qtd=1, Preço=10.00 (Dia 10)
Evento registrado: Produto=6, Qtd=1, Preço=10.00 (Dia 10)
Evento registrado: Produto=2, Qtd=1, Preço=10.00 (Dia 10)
Evento registrado: Produto=9, Qtd=1, Preço=10.00 (Dia 10)
Evento registrado: Produto=10, Qtd=1, Preço=10.00 (Dia 10)
Evento registrado: Produto=8, Qtd=1, Preço=10.00 (Dia 10)
Evento registrado: Produto=6, Qtd=1, Preço=10.00 (Dia 10)
Evento registrado: Produto=7, Qtd=1, Preço=10.00 (Dia 10)
Evento registrado: Produto=1, Qtd=1, Preço=10.00 (Dia 10)
Evento registrado: Produto=5, Qtd=1, Preço=10.00 (Dia 10)
Evento registrado: Produto=9, Qtd=1, Preço=10.00 (Dia 10)
Evento registrado: Produto=8, Qtd=1, Preço=10.00 (Dia 10)
Evento registrado: Produto=4, Qtd=1, Preço=10.00 (Dia 10)
Evento registrado: Produto=3, Qtd=1, Preço=10.00 (Dia 10)
Evento registrado: Produto=1, Qtd=1, Preço=10.00 (Dia 10)
Evento registrado: Produto=7, Qtd=1, Preço=10.00 (Dia 10)
Evento registrado: Produto=2, Qtd=1, Preço=10.00 (Dia 10)
Evento registrado: Produto=3, Qtd=1, Preço=10.00 (Dia 10)
Evento registrado: Produto=10, Qtd=1, Preço=10.00 (Dia 10)
Evento registrado: Produto=4, Qtd=1, Preço=10.00 (Dia 10)
Evento registrado: Produto=5, Qtd=1, Preço=10.00 (Dia 10)
Evento registrado: Produto=6, Qtd=1, Preço=10.00 (Dia 10)
Evento registrado: Produto=2, Qtd=1, Preço=10.00 (Dia 10)
Evento registrado: Produto=9, Qtd=1, Preço=10.00 (Dia 10)
Evento registrado: Produto=10, Qtd=1, Preço=10.00 (Dia 10)
Evento registrado: Produto=8, Qtd=1, Preço=10.00 (Dia 10)
ConnectionPool fechado
ConnectionPool fechado
ConnectionPool fechado
ConnectionPool fechado
ConnectionPool fechado
ConnectionPool fechado
ConnectionPool fechado
ConnectionPool fechado
Desconectado do servidor
ConnectionPool fechado
ConnectionPool fechado
ConnectionPool fechado
Desconectado do servidor
Desconectado do servidor
ConnectionPool fechado
Desconectado do servidor
ConnectionPool fechado
ConnectionPool fechado
Desconectado do servidor
Cliente desconectado: /127.0.0.1
Cliente desconectado: /127.0.0.1
ConnectionPool fechado
ConnectionPool fechado
Desconectado do servidor
[Server] Cliente removido: /127.0.0.1 (Restantes: 39)
Cliente desconectado: /127.0.0.1
Cliente conectado: /127.0.0.1
Cliente desconectado: /127.0.0.1
[Server] Cliente removido: /127.0.0.1 (Restantes: 38)
Cliente desconectado: /127.0.0.1
Cliente conectado: /127.0.0.1
[Server] Cliente removido: /127.0.0.1 (Restantes: 37)
Cliente desconectado: /127.0.0.1
Cliente conectado: /127.0.0.1
Cliente desconectado: /127.0.0.1
[Server] Cliente removido: /127.0.0.1 (Restantes: 36)
Cliente conectado: /127.0.0.1
[Server] Cliente removido: /127.0.0.1 (Restantes: 35)
Cliente desconectado: /127.0.0.1
Cliente conectado: /127.0.0.1
[Server] Cliente removido: /127.0.0.1 (Restantes: 34)
Cliente conectado: /127.0.0.1
Desconectado do servidor
[Server] Cliente removido: /127.0.0.1 (Restantes: 33)
[Server] Cliente removido: /127.0.0.1 (Restantes: 32)
Desconectado do servidor
Cliente conectado: /127.0.0.1
Cliente conectado: /127.0.0.1
Novo utilizador registado: stress2294320925984182
Novo utilizador registado: stress2194320925696336
Novo utilizador registado: stress2394320927826766
Novo utilizador registado: stress4294320936306308
Novo utilizador registado: stress4594320937154433
Novo utilizador registado: stress4494320936809016
Novo utilizador registado: stress4094320935597344
Novo utilizador registado: stress2094320925596373
Utilizador autenticado: stress2194320925696336
Utilizador autenticado: stress2394320927826766
Utilizador autenticado: stress4594320937154433
Utilizador autenticado: stress2294320925984182
Utilizador autenticado: stress4094320935597344
Utilizador autenticado: stress4294320936306308
Utilizador autenticado: stress4494320936809016
Utilizador autenticado: stress2094320925596373
ConnectionPool fechado
ConnectionPool fechado
ConnectionPool fechado
ConnectionPool fechado
ConnectionPool fechado
Desconectado do servidor
Desconectado do servidor
ConnectionPool fechado
ConnectionPool fechado
Desconectado do servidor
ConnectionPool fechado
Desconectado do servidor
Cliente desconectado: /127.0.0.1
[Server] Cliente removido: /127.0.0.1 (Restantes: 31)
Cliente desconectado: /127.0.0.1
Cliente conectado: /127.0.0.1
[Server] Cliente removido: /127.0.0.1 (Restantes: 30)
Cliente conectado: /127.0.0.1
Cliente desconectado: /127.0.0.1
[Server] Cliente removido: /127.0.0.1 (Restantes: 29)
Cliente conectado: /127.0.0.1
Cliente desconectado: /127.0.0.1
[Server] Cliente removido: /127.0.0.1 (Restantes: 28)
Cliente conectado: /127.0.0.1
Novo utilizador registado: stress4694320937914748
Novo utilizador registado: stress2494320928969857
Novo utilizador registado: stress3494320933619100
Novo utilizador registado: stress3694320933929637
Utilizador autenticado: stress3494320933619100
Utilizador autenticado: stress4694320937914748
Utilizador autenticado: stress2494320928969857
Utilizador autenticado: stress3694320933929637
ConnectionPool fechado
ConnectionPool fechado
Desconectado do servidor
Cliente desconectado: /127.0.0.1
[Server] Cliente removido: /127.0.0.1 (Restantes: 27)
Cliente conectado: /127.0.0.1
Novo utilizador registado: stress4194320935833138
Utilizador autenticado: stress4194320935833138
ConnectionPool fechado
ConnectionPool fechado
ConnectionPool fechado
Desconectado do servidor
ConnectionPool fechado
Desconectado do servidor
ConnectionPool fechado
ConnectionPool fechado
Desconectado do servidor
Cliente desconectado: /127.0.0.1
Cliente desconectado: /127.0.0.1
[Server] Cliente removido: /127.0.0.1 (Restantes: 26)
Cliente conectado: /127.0.0.1
[Server] Cliente removido: /127.0.0.1 (Restantes: 25)
Cliente conectado: /127.0.0.1
Cliente desconectado: /127.0.0.1
[Server] Cliente removido: /127.0.0.1 (Restantes: 24)
Cliente conectado: /127.0.0.1
Novo utilizador registado: stress4394320936518278
Novo utilizador registado: stress3994320935245714
ConnectionPool fechado
ConnectionPool fechado
Desconectado do servidor
Novo utilizador registado: stress2794320930513866
Cliente desconectado: /127.0.0.1
[Server] Cliente removido: /127.0.0.1 (Restantes: 23)
Cliente conectado: /127.0.0.1
Novo utilizador registado: stress3394320933415229
Utilizador autenticado: stress3994320935245714
ConnectionPool fechado
ConnectionPool fechado
Desconectado do servidor
Utilizador autenticado: stress4394320936518278
Utilizador autenticado: stress2794320930513866
Cliente desconectado: /127.0.0.1
[Server] Cliente removido: /127.0.0.1 (Restantes: 22)
Cliente conectado: /127.0.0.1
Novo utilizador registado: stress3094320931711761
Utilizador autenticado: stress3394320933415229
ConnectionPool fechado
ConnectionPool fechado
ConnectionPool fechado
ConnectionPool fechado
Desconectado do servidor
Desconectado do servidor
Cliente desconectado: /127.0.0.1
Cliente desconectado: /127.0.0.1
[Server] Cliente removido: /127.0.0.1 (Restantes: 21)
Cliente conectado: /127.0.0.1
[Server] Cliente removido: /127.0.0.1 (Restantes: 20)
Cliente conectado: /127.0.0.1
Utilizador autenticado: stress3094320931711761
Novo utilizador registado: stress3594320933770042
Novo utilizador registado: stress3794320934515272
Utilizador autenticado: stress3794320934515272
Utilizador autenticado: stress3594320933770042
Evento registrado: Produto=1, Qtd=1, Preço=10.00 (Dia 10)
Evento registrado: Produto=3, Qtd=1, Preço=10.00 (Dia 10)
Evento registrado: Produto=5, Qtd=1, Preço=10.00 (Dia 10)
Evento registrado: Produto=6, Qtd=1, Preço=10.00 (Dia 10)
Evento registrado: Produto=2, Qtd=1, Preço=10.00 (Dia 10)
Evento registrado: Produto=4, Qtd=1, Preço=10.00 (Dia 10)
Evento registrado: Produto=1, Qtd=1, Preço=10.00 (Dia 10)
Evento registrado: Produto=3, Qtd=1, Preço=10.00 (Dia 10)
Evento registrado: Produto=7, Qtd=1, Preço=10.00 (Dia 10)
Evento registrado: Produto=5, Qtd=1, Preço=10.00 (Dia 10)
Evento registrado: Produto=7, Qtd=1, Preço=10.00 (Dia 10)
Evento registrado: Produto=5, Qtd=1, Preço=10.00 (Dia 10)
Evento registrado: Produto=2, Qtd=1, Preço=10.00 (Dia 10)
Evento registrado: Produto=8, Qtd=1, Preço=10.00 (Dia 10)
Evento registrado: Produto=10, Qtd=1, Preço=10.00 (Dia 10)
Evento registrado: Produto=4, Qtd=1, Preço=10.00 (Dia 10)
Evento registrado: Produto=4, Qtd=1, Preço=10.00 (Dia 10)
Evento registrado: Produto=1, Qtd=1, Preço=10.00 (Dia 10)
Evento registrado: Produto=8, Qtd=1, Preço=10.00 (Dia 10)
Evento registrado: Produto=6, Qtd=1, Preço=10.00 (Dia 10)
Evento registrado: Produto=6, Qtd=1, Preço=10.00 (Dia 10)
Evento registrado: Produto=5, Qtd=1, Preço=10.00 (Dia 10)
Evento registrado: Produto=2, Qtd=1, Preço=10.00 (Dia 10)
Evento registrado: Produto=4, Qtd=1, Preço=10.00 (Dia 10)
Evento registrado: Produto=1, Qtd=1, Preço=10.00 (Dia 10)
Evento registrado: Produto=3, Qtd=1, Preço=10.00 (Dia 10)
Evento registrado: Produto=1, Qtd=1, Preço=10.00 (Dia 10)
Evento registrado: Produto=3, Qtd=1, Preço=10.00 (Dia 10)
Evento registrado: Produto=5, Qtd=1, Preço=10.00 (Dia 10)
Evento registrado: Produto=7, Qtd=1, Preço=10.00 (Dia 10)
Evento registrado: Produto=7, Qtd=1, Preço=10.00 (Dia 10)
Evento registrado: Produto=5, Qtd=1, Preço=10.00 (Dia 10)
Evento registrado: Produto=2, Qtd=1, Preço=10.00 (Dia 10)
Evento registrado: Produto=4, Qtd=1, Preço=10.00 (Dia 10)
Evento registrado: Produto=8, Qtd=1, Preço=10.00 (Dia 10)
Evento registrado: Produto=4, Qtd=1, Preço=10.00 (Dia 10)
Evento registrado: Produto=10, Qtd=1, Preço=10.00 (Dia 10)
Evento registrado: Produto=1, Qtd=1, Preço=10.00 (Dia 10)
Evento registrado: Produto=8, Qtd=1, Preço=10.00 (Dia 10)
Evento registrado: Produto=6, Qtd=1, Preço=10.00 (Dia 10)
Evento registrado: Produto=1, Qtd=1, Preço=10.00 (Dia 10)
Evento registrado: Produto=2, Qtd=1, Preço=10.00 (Dia 10)
Evento registrado: Produto=4, Qtd=1, Preço=10.00 (Dia 10)
Evento registrado: Produto=1, Qtd=1, Preço=10.00 (Dia 10)
Evento registrado: Produto=3, Qtd=1, Preço=10.00 (Dia 10)
Evento registrado: Produto=3, Qtd=1, Preço=10.00 (Dia 10)
Evento registrado: Produto=5, Qtd=1, Preço=10.00 (Dia 10)
Evento registrado: Produto=6, Qtd=1, Preço=10.00 (Dia 10)
Evento registrado: Produto=7, Qtd=1, Preço=10.00 (Dia 10)
Evento registrado: Produto=7, Qtd=1, Preço=10.00 (Dia 10)
Evento registrado: Produto=5, Qtd=1, Preço=10.00 (Dia 10)
Evento registrado: Produto=5, Qtd=1, Preço=10.00 (Dia 10)
Evento registrado: Produto=2, Qtd=1, Preço=10.00 (Dia 10)
Evento registrado: Produto=4, Qtd=1, Preço=10.00 (Dia 10)
Evento registrado: Produto=8, Qtd=1, Preço=10.00 (Dia 10)
Evento registrado: Produto=10, Qtd=1, Preço=10.00 (Dia 10)
Evento registrado: Produto=4, Qtd=1, Preço=10.00 (Dia 10)
Evento registrado: Produto=1, Qtd=1, Preço=10.00 (Dia 10)
Evento registrado: Produto=8, Qtd=1, Preço=10.00 (Dia 10)
Evento registrado: Produto=6, Qtd=1, Preço=10.00 (Dia 10)
Evento registrado: Produto=1, Qtd=1, Preço=10.00 (Dia 10)
Evento registrado: Produto=4, Qtd=1, Preço=10.00 (Dia 10)
Evento registrado: Produto=1, Qtd=1, Preço=10.00 (Dia 10)
Evento registrado: Produto=2, Qtd=1, Preço=10.00 (Dia 10)
Evento registrado: Produto=5, Qtd=1, Preço=10.00 (Dia 10)
Evento registrado: Produto=6, Qtd=1, Preço=10.00 (Dia 10)
Evento registrado: Produto=3, Qtd=1, Preço=10.00 (Dia 10)
Evento registrado: Produto=3, Qtd=1, Preço=10.00 (Dia 10)
Evento registrado: Produto=7, Qtd=1, Preço=10.00 (Dia 10)
Evento registrado: Produto=5, Qtd=1, Preço=10.00 (Dia 10)
Evento registrado: Produto=7, Qtd=1, Preço=10.00 (Dia 10)
Evento registrado: Produto=5, Qtd=1, Preço=10.00 (Dia 10)
Evento registrado: Produto=2, Qtd=1, Preço=10.00 (Dia 10)
Evento registrado: Produto=4, Qtd=1, Preço=10.00 (Dia 10)
Evento registrado: Produto=10, Qtd=1, Preço=10.00 (Dia 10)
Evento registrado: Produto=4, Qtd=1, Preço=10.00 (Dia 10)
Evento registrado: Produto=8, Qtd=1, Preço=10.00 (Dia 10)
Evento registrado: Produto=8, Qtd=1, Preço=10.00 (Dia 10)
Evento registrado: Produto=1, Qtd=1, Preço=10.00 (Dia 10)
Evento registrado: Produto=6, Qtd=1, Preço=10.00 (Dia 10)
Evento registrado: Produto=1, Qtd=1, Preço=10.00 (Dia 10)
Evento registrado: Produto=1, Qtd=1, Preço=10.00 (Dia 10)
Evento registrado: Produto=4, Qtd=1, Preço=10.00 (Dia 10)
Evento registrado: Produto=6, Qtd=1, Preço=10.00 (Dia 10)
Evento registrado: Produto=2, Qtd=1, Preço=10.00 (Dia 10)
Evento registrado: Produto=3, Qtd=1, Preço=10.00 (Dia 10)
Evento registrado: Produto=3, Qtd=1, Preço=10.00 (Dia 10)
Evento registrado: Produto=7, Qtd=1, Preço=10.00 (Dia 10)
Evento registrado: Produto=5, Qtd=1, Preço=10.00 (Dia 10)
Evento registrado: Produto=5, Qtd=1, Preço=10.00 (Dia 10)
Evento registrado: Produto=5, Qtd=1, Preço=10.00 (Dia 10)
Evento registrado: Produto=7, Qtd=1, Preço=10.00 (Dia 10)
Evento registrado: Produto=2, Qtd=1, Preço=10.00 (Dia 10)
Evento registrado: Produto=10, Qtd=1, Preço=10.00 (Dia 10)
Evento registrado: Produto=4, Qtd=1, Preço=10.00 (Dia 10)
Evento registrado: Produto=4, Qtd=1, Preço=10.00 (Dia 10)
Evento registrado: Produto=8, Qtd=1, Preço=10.00 (Dia 10)
Evento registrado: Produto=1, Qtd=1, Preço=10.00 (Dia 10)
Evento registrado: Produto=8, Qtd=1, Preço=10.00 (Dia 10)
Evento registrado: Produto=6, Qtd=1, Preço=10.00 (Dia 10)
Evento registrado: Produto=1, Qtd=1, Preço=10.00 (Dia 10)
Evento registrado: Produto=2, Qtd=1, Preço=10.00 (Dia 10)
Evento registrado: Produto=1, Qtd=1, Preço=10.00 (Dia 10)
Evento registrado: Produto=4, Qtd=1, Preço=10.00 (Dia 10)
Evento registrado: Produto=6, Qtd=1, Preço=10.00 (Dia 10)
Evento registrado: Produto=3, Qtd=1, Preço=10.00 (Dia 10)
Evento registrado: Produto=7, Qtd=1, Preço=10.00 (Dia 10)
Evento registrado: Produto=3, Qtd=1, Preço=10.00 (Dia 10)
Evento registrado: Produto=5, Qtd=1, Preço=10.00 (Dia 10)
Evento registrado: Produto=5, Qtd=1, Preço=10.00 (Dia 10)
Evento registrado: Produto=5, Qtd=1, Preço=10.00 (Dia 10)
Evento registrado: Produto=7, Qtd=1, Preço=10.00 (Dia 10)
Evento registrado: Produto=2, Qtd=1, Preço=10.00 (Dia 10)
Evento registrado: Produto=4, Qtd=1, Preço=10.00 (Dia 10)
Evento registrado: Produto=4, Qtd=1, Preço=10.00 (Dia 10)
Evento registrado: Produto=10, Qtd=1, Preço=10.00 (Dia 10)
Evento registrado: Produto=8, Qtd=1, Preço=10.00 (Dia 10)
Evento registrado: Produto=8, Qtd=1, Preço=10.00 (Dia 10)
Evento registrado: Produto=1, Qtd=1, Preço=10.00 (Dia 10)
Evento registrado: Produto=6, Qtd=1, Preço=10.00 (Dia 10)
Evento registrado: Produto=1, Qtd=1, Preço=10.00 (Dia 10)
Evento registrado: Produto=1, Qtd=1, Preço=10.00 (Dia 10)
Evento registrado: Produto=4, Qtd=1, Preço=10.00 (Dia 10)
Evento registrado: Produto=2, Qtd=1, Preço=10.00 (Dia 10)
Evento registrado: Produto=6, Qtd=1, Preço=10.00 (Dia 10)
Evento registrado: Produto=3, Qtd=1, Preço=10.00 (Dia 10)
Evento registrado: Produto=5, Qtd=1, Preço=10.00 (Dia 10)
Evento registrado: Produto=7, Qtd=1, Preço=10.00 (Dia 10)
Evento registrado: Produto=3, Qtd=1, Preço=10.00 (Dia 10)
Evento registrado: Produto=5, Qtd=1, Preço=10.00 (Dia 10)
Evento registrado: Produto=5, Qtd=1, Preço=10.00 (Dia 10)
Evento registrado: Produto=7, Qtd=1, Preço=10.00 (Dia 10)
Evento registrado: Produto=2, Qtd=1, Preço=10.00 (Dia 10)
Evento registrado: Produto=4, Qtd=1, Preço=10.00 (Dia 10)
Evento registrado: Produto=10, Qtd=1, Preço=10.00 (Dia 10)
Evento registrado: Produto=4, Qtd=1, Preço=10.00 (Dia 10)
Evento registrado: Produto=8, Qtd=1, Preço=10.00 (Dia 10)
Evento registrado: Produto=1, Qtd=1, Preço=10.00 (Dia 10)
Evento registrado: Produto=8, Qtd=1, Preço=10.00 (Dia 10)
Evento registrado: Produto=6, Qtd=1, Preço=10.00 (Dia 10)
Evento registrado: Produto=1, Qtd=1, Preço=10.00 (Dia 10)
Evento registrado: Produto=2, Qtd=1, Preço=10.00 (Dia 10)
Evento registrado: Produto=4, Qtd=1, Preço=10.00 (Dia 10)
Evento registrado: Produto=1, Qtd=1, Preço=10.00 (Dia 10)
Evento registrado: Produto=7, Qtd=1, Preço=10.00 (Dia 10)
Evento registrado: Produto=6, Qtd=1, Preço=10.00 (Dia 10)
Evento registrado: Produto=5, Qtd=1, Preço=10.00 (Dia 10)
Evento registrado: Produto=3, Qtd=1, Preço=10.00 (Dia 10)
Evento registrado: Produto=3, Qtd=1, Preço=10.00 (Dia 10)
Evento registrado: Produto=7, Qtd=1, Preço=10.00 (Dia 10)
Evento registrado: Produto=5, Qtd=1, Preço=10.00 (Dia 10)
Evento registrado: Produto=5, Qtd=1, Preço=10.00 (Dia 10)
Evento registrado: Produto=2, Qtd=1, Preço=10.00 (Dia 10)
Evento registrado: Produto=4, Qtd=1, Preço=10.00 (Dia 10)
Evento registrado: Produto=10, Qtd=1, Preço=10.00 (Dia 10)
Evento registrado: Produto=4, Qtd=1, Preço=10.00 (Dia 10)
Evento registrado: Produto=8, Qtd=1, Preço=10.00 (Dia 10)
Evento registrado: Produto=8, Qtd=1, Preço=10.00 (Dia 10)
Evento registrado: Produto=1, Qtd=1, Preço=10.00 (Dia 10)
Evento registrado: Produto=6, Qtd=1, Preço=10.00 (Dia 10)
Evento registrado: Produto=4, Qtd=1, Preço=10.00 (Dia 10)
Evento registrado: Produto=1, Qtd=1, Preço=10.00 (Dia 10)
Evento registrado: Produto=1, Qtd=1, Preço=10.00 (Dia 10)
Evento registrado: Produto=2, Qtd=1, Preço=10.00 (Dia 10)
Evento registrado: Produto=3, Qtd=1, Preço=10.00 (Dia 10)
Evento registrado: Produto=7, Qtd=1, Preço=10.00 (Dia 10)
Evento registrado: Produto=6, Qtd=1, Preço=10.00 (Dia 10)
Evento registrado: Produto=3, Qtd=1, Preço=10.00 (Dia 10)
Evento registrado: Produto=5, Qtd=1, Preço=10.00 (Dia 10)
Evento registrado: Produto=7, Qtd=1, Preço=10.00 (Dia 10)
Evento registrado: Produto=5, Qtd=1, Preço=10.00 (Dia 10)
Evento registrado: Produto=5, Qtd=1, Preço=10.00 (Dia 10)
Evento registrado: Produto=2, Qtd=1, Preço=10.00 (Dia 10)
Evento registrado: Produto=10, Qtd=1, Preço=10.00 (Dia 10)
Evento registrado: Produto=4, Qtd=1, Preço=10.00 (Dia 10)
Evento registrado: Produto=4, Qtd=1, Preço=10.00 (Dia 10)
Evento registrado: Produto=8, Qtd=1, Preço=10.00 (Dia 10)
Evento registrado: Produto=1, Qtd=1, Preço=10.00 (Dia 10)
Evento registrado: Produto=8, Qtd=1, Preço=10.00 (Dia 10)
Evento registrado: Produto=6, Qtd=1, Preço=10.00 (Dia 10)
Evento registrado: Produto=1, Qtd=1, Preço=10.00 (Dia 10)
Evento registrado: Produto=4, Qtd=1, Preço=10.00 (Dia 10)
Evento registrado: Produto=6, Qtd=1, Preço=10.00 (Dia 10)
Evento registrado: Produto=2, Qtd=1, Preço=10.00 (Dia 10)
Evento registrado: Produto=1, Qtd=1, Preço=10.00 (Dia 10)
Evento registrado: Produto=5, Qtd=1, Preço=10.00 (Dia 10)
Evento registrado: Produto=7, Qtd=1, Preço=10.00 (Dia 10)
Evento registrado: Produto=3, Qtd=1, Preço=10.00 (Dia 10)
Evento registrado: Produto=3, Qtd=1, Preço=10.00 (Dia 10)
Evento registrado: Produto=7, Qtd=1, Preço=10.00 (Dia 10)
Evento registrado: Produto=5, Qtd=1, Preço=10.00 (Dia 10)
Evento registrado: Produto=5, Qtd=1, Preço=10.00 (Dia 10)
Evento registrado: Produto=2, Qtd=1, Preço=10.00 (Dia 10)
Evento registrado: Produto=4, Qtd=1, Preço=10.00 (Dia 10)
Evento registrado: Produto=10, Qtd=1, Preço=10.00 (Dia 10)
Evento registrado: Produto=4, Qtd=1, Preço=10.00 (Dia 10)
Evento registrado: Produto=8, Qtd=1, Preço=10.00 (Dia 10)
Evento registrado: Produto=1, Qtd=1, Preço=10.00 (Dia 10)
Evento registrado: Produto=8, Qtd=1, Preço=10.00 (Dia 10)
Evento registrado: Produto=6, Qtd=1, Preço=10.00 (Dia 10)
ConnectionPool fechado
ConnectionPool fechado
ConnectionPool fechado
ConnectionPool fechado
Desconectado do servidor
Desconectado do servidor
Cliente desconectado: /127.0.0.1
Cliente desconectado: /127.0.0.1
[Server] Cliente removido: /127.0.0.1 (Restantes: 19)
[Server] Cliente removido: /127.0.0.1 (Restantes: 18)
ConnectionPool fechado
ConnectionPool fechado
ConnectionPool fechado
ConnectionPool fechado
Desconectado do servidor
ConnectionPool fechado
ConnectionPool fechado
ConnectionPool fechado
ConnectionPool fechado
Desconectado do servidor
Desconectado do servidor
ConnectionPool fechado
ConnectionPool fechado
Desconectado do servidor
Desconectado do servidor
ConnectionPool fechado
ConnectionPool fechado
Desconectado do servidor
Cliente desconectado: /127.0.0.1
Cliente desconectado: /127.0.0.1
[Server] Cliente removido: /127.0.0.1 (Restantes: 17)
[Server] Cliente removido: /127.0.0.1 (Restantes: 16)
Cliente desconectado: /127.0.0.1
ConnectionPool fechado
[Server] Cliente removido: /127.0.0.1 (Restantes: 15)
ConnectionPool fechado
Desconectado do servidor
Cliente desconectado: /127.0.0.1
[Server] Cliente removido: /127.0.0.1 (Restantes: 14)
Cliente desconectado: /127.0.0.1
[Server] Cliente removido: /127.0.0.1 (Restantes: 13)
Cliente desconectado: /127.0.0.1
Cliente desconectado: /127.0.0.1
[Server] Cliente removido: /127.0.0.1 (Restantes: 12)
[Server] Cliente removido: /127.0.0.1 (Restantes: 11)
ConnectionPool fechado
ConnectionPool fechado
Desconectado do servidor
Cliente desconectado: /127.0.0.1
[Server] Cliente removido: /127.0.0.1 (Restantes: 10)
ConnectionPool fechado
ConnectionPool fechado
Desconectado do servidor
Cliente desconectado: /127.0.0.1
[Server] Cliente removido: /127.0.0.1 (Restantes: 9)
ConnectionPool fechado
ConnectionPool fechado
Desconectado do servidor
Cliente desconectado: /127.0.0.1
[Server] Cliente removido: /127.0.0.1 (Restantes: 8)
ConnectionPool fechado
ConnectionPool fechado
Desconectado do servidor
Cliente desconectado: /127.0.0.1
[Server] Cliente removido: /127.0.0.1 (Restantes: 7)
ConnectionPool fechado
ConnectionPool fechado
ConnectionPool fechado
ConnectionPool fechado
ConnectionPool fechado
ConnectionPool fechado
Desconectado do servidor
Desconectado do servidor
Desconectado do servidor
Cliente desconectado: /127.0.0.1
Cliente desconectado: /127.0.0.1
Cliente desconectado: /127.0.0.1
[Server] Cliente removido: /127.0.0.1 (Restantes: 6)
[Server] Cliente removido: /127.0.0.1 (Restantes: 5)
[Server] Cliente removido: /127.0.0.1 (Restantes: 4)
ConnectionPool fechado
ConnectionPool fechado
Desconectado do servidor
Cliente desconectado: /127.0.0.1
[Server] Cliente removido: /127.0.0.1 (Restantes: 3)
ConnectionPool fechado
ConnectionPool fechado
Desconectado do servidor
ConnectionPool fechado
ConnectionPool fechado
Desconectado do servidor
Cliente desconectado: /127.0.0.1
Cliente desconectado: /127.0.0.1
[Server] Cliente removido: /127.0.0.1 (Restantes: 2)
[Server] Cliente removido: /127.0.0.1 (Restantes: 1)
ConnectionPool fechado
ConnectionPool fechado
Desconectado do servidor
Cliente desconectado: /127.0.0.1
[Server] Cliente removido: /127.0.0.1 (Restantes: 0)

[Carga] Resultados:
  Sucessos: 40
  Falhas:   10
  Duração:  949 ms
  Taxa:     80.0%
ClienteMiddleware configurado com ConnectionPool (max=5)
ConnectionPool pronto para uso
ClienteMiddleware configurado com ConnectionPool (max=5)
ConnectionPool pronto para uso
ClienteMiddleware configurado com ConnectionPool (max=5)
ConnectionPool pronto para uso
ClienteMiddleware configurado com ConnectionPool (max=5)
ConnectionPool pronto para uso
ClienteMiddleware configurado com ConnectionPool (max=5)
ConnectionPool pronto para uso
ClienteMiddleware configurado com ConnectionPool (max=5)
ConnectionPool pronto para uso
[Server] Cliente conectado: /127.0.0.1 (Total: 1)
[Server] Cliente conectado: /127.0.0.1 (Total: 2)
[Server] Cliente conectado: /127.0.0.1 (Total: 3)
[Server] Cliente conectado: /127.0.0.1 (Total: 4)
Cliente conectado: /127.0.0.1
[Server] Cliente conectado: /127.0.0.1 (Total: 5)
Cliente conectado: /127.0.0.1
[Server] Cliente conectado: /127.0.0.1 (Total: 6)
Cliente conectado: /127.0.0.1
ClienteMiddleware configurado com ConnectionPool (max=5)
ConnectionPool pronto para uso
Cliente conectado: /127.0.0.1
Novo utilizador registado: throughput394321865933625
Novo utilizador registado: throughput094321865757156
Cliente conectado: /127.0.0.1
Novo utilizador registado: throughput294321866289044
Novo utilizador registado: throughput594321866309272
[Server] Cliente conectado: /127.0.0.1 (Total: 7)
ClienteMiddleware configurado com ConnectionPool (max=5)
Novo utilizador registado: throughput494321866050293
ConnectionPool pronto para uso
Cliente conectado: /127.0.0.1
ClienteMiddleware configurado com ConnectionPool (max=5)
ConnectionPool pronto para uso
ClienteMiddleware configurado com ConnectionPool (max=5)
ConnectionPool pronto para uso
Cliente conectado: /127.0.0.1
[Server] Cliente conectado: /127.0.0.1 (Total: 8)
Cliente conectado: /127.0.0.1
[Server] Cliente conectado: /127.0.0.1 (Total: 9)
Cliente conectado: /127.0.0.1
[Server] Cliente conectado: /127.0.0.1 (Total: 10)
Cliente conectado: /127.0.0.1
Novo utilizador registado: throughput794321867726873
Utilizador autenticado: throughput394321865933625
Utilizador autenticado: throughput094321865757156
Novo utilizador registado: throughput994321867755399
Utilizador autenticado: throughput594321866309272
Utilizador autenticado: throughput294321866289044
Novo utilizador registado: throughput194321865882344
Utilizador autenticado: throughput494321866050293
Novo utilizador registado: throughput894321867423498
Utilizador autenticado: throughput794321867726873
Utilizador autenticado: throughput994321867755399
Utilizador autenticado: throughput194321865882344
Utilizador autenticado: throughput894321867423498
Novo utilizador registado: throughput694321866954076
Utilizador autenticado: throughput694321866954076
Evento registrado: Produto=1, Qtd=1, Preço=10.00 (Dia 10)
Evento registrado: Produto=1, Qtd=1, Preço=10.00 (Dia 10)
Evento registrado: Produto=1, Qtd=1, Preço=10.00 (Dia 10)
Evento registrado: Produto=1, Qtd=1, Preço=10.00 (Dia 10)
Evento registrado: Produto=1, Qtd=1, Preço=10.00 (Dia 10)
Evento registrado: Produto=1, Qtd=1, Preço=10.00 (Dia 10)
Evento registrado: Produto=1, Qtd=1, Preço=10.00 (Dia 10)
Evento registrado: Produto=1, Qtd=1, Preço=10.00 (Dia 10)
Evento registrado: Produto=1, Qtd=1, Preço=10.00 (Dia 10)
Evento registrado: Produto=1, Qtd=1, Preço=10.00 (Dia 10)
Evento registrado: Produto=1, Qtd=1, Preço=10.00 (Dia 10)
Evento registrado: Produto=1, Qtd=1, Preço=10.00 (Dia 10)
Evento registrado: Produto=1, Qtd=1, Preço=10.00 (Dia 10)
Evento registrado: Produto=1, Qtd=1, Preço=10.00 (Dia 10)
Evento registrado: Produto=1, Qtd=1, Preço=10.00 (Dia 10)
Evento registrado: Produto=1, Qtd=1, Preço=10.00 (Dia 10)
Evento registrado: Produto=1, Qtd=1, Preço=10.00 (Dia 10)
Evento registrado: Produto=1, Qtd=1, Preço=10.00 (Dia 10)
Evento registrado: Produto=1, Qtd=1, Preço=10.00 (Dia 10)
Evento registrado: Produto=1, Qtd=1, Preço=10.00 (Dia 10)
Evento registrado: Produto=1, Qtd=1, Preço=10.00 (Dia 10)
Evento registrado: Produto=1, Qtd=1, Preço=10.00 (Dia 10)
Evento registrado: Produto=1, Qtd=1, Preço=10.00 (Dia 10)
Evento registrado: Produto=1, Qtd=1, Preço=10.00 (Dia 10)
Evento registrado: Produto=1, Qtd=1, Preço=10.00 (Dia 10)
Evento registrado: Produto=1, Qtd=1, Preço=10.00 (Dia 10)
Evento registrado: Produto=1, Qtd=1, Preço=10.00 (Dia 10)
Evento registrado: Produto=1, Qtd=1, Preço=10.00 (Dia 10)
Evento registrado: Produto=1, Qtd=1, Preço=10.00 (Dia 10)
Evento registrado: Produto=1, Qtd=1, Preço=10.00 (Dia 10)
Evento registrado: Produto=1, Qtd=1, Preço=10.00 (Dia 10)
Evento registrado: Produto=1, Qtd=1, Preço=10.00 (Dia 10)
Evento registrado: Produto=1, Qtd=1, Preço=10.00 (Dia 10)
Evento registrado: Produto=1, Qtd=1, Preço=10.00 (Dia 10)
Evento registrado: Produto=1, Qtd=1, Preço=10.00 (Dia 10)
Evento registrado: Produto=1, Qtd=1, Preço=10.00 (Dia 10)
Evento registrado: Produto=1, Qtd=1, Preço=10.00 (Dia 10)
Evento registrado: Produto=1, Qtd=1, Preço=10.00 (Dia 10)
Evento registrado: Produto=1, Qtd=1, Preço=10.00 (Dia 10)
Evento registrado: Produto=1, Qtd=1, Preço=10.00 (Dia 10)
Evento registrado: Produto=1, Qtd=1, Preço=10.00 (Dia 10)
Evento registrado: Produto=1, Qtd=1, Preço=10.00 (Dia 10)
Evento registrado: Produto=1, Qtd=1, Preço=10.00 (Dia 10)
Evento registrado: Produto=1, Qtd=1, Preço=10.00 (Dia 10)
Evento registrado: Produto=1, Qtd=1, Preço=10.00 (Dia 10)
Evento registrado: Produto=1, Qtd=1, Preço=10.00 (Dia 10)
Evento registrado: Produto=1, Qtd=1, Preço=10.00 (Dia 10)
Evento registrado: Produto=1, Qtd=1, Preço=10.00 (Dia 10)
Evento registrado: Produto=1, Qtd=1, Preço=10.00 (Dia 10)
Evento registrado: Produto=1, Qtd=1, Preço=10.00 (Dia 10)
Evento registrado: Produto=1, Qtd=1, Preço=10.00 (Dia 10)
Evento registrado: Produto=1, Qtd=1, Preço=10.00 (Dia 10)
Evento registrado: Produto=1, Qtd=1, Preço=10.00 (Dia 10)
Evento registrado: Produto=1, Qtd=1, Preço=10.00 (Dia 10)
Evento registrado: Produto=1, Qtd=1, Preço=10.00 (Dia 10)
Evento registrado: Produto=1, Qtd=1, Preço=10.00 (Dia 10)
Evento registrado: Produto=1, Qtd=1, Preço=10.00 (Dia 10)
Evento registrado: Produto=1, Qtd=1, Preço=10.00 (Dia 10)
Evento registrado: Produto=1, Qtd=1, Preço=10.00 (Dia 10)
Evento registrado: Produto=1, Qtd=1, Preço=10.00 (Dia 10)
Evento registrado: Produto=1, Qtd=1, Preço=10.00 (Dia 10)
Evento registrado: Produto=1, Qtd=1, Preço=10.00 (Dia 10)
Evento registrado: Produto=1, Qtd=1, Preço=10.00 (Dia 10)
Evento registrado: Produto=1, Qtd=1, Preço=10.00 (Dia 10)
Evento registrado: Produto=1, Qtd=1, Preço=10.00 (Dia 10)
Evento registrado: Produto=1, Qtd=1, Preço=10.00 (Dia 10)
Evento registrado: Produto=1, Qtd=1, Preço=10.00 (Dia 10)
Evento registrado: Produto=1, Qtd=1, Preço=10.00 (Dia 10)
Evento registrado: Produto=1, Qtd=1, Preço=10.00 (Dia 10)
Evento registrado: Produto=1, Qtd=1, Preço=10.00 (Dia 10)
Evento registrado: Produto=1, Qtd=1, Preço=10.00 (Dia 10)
Evento registrado: Produto=1, Qtd=1, Preço=10.00 (Dia 10)
Evento registrado: Produto=1, Qtd=1, Preço=10.00 (Dia 10)
Evento registrado: Produto=1, Qtd=1, Preço=10.00 (Dia 10)
Evento registrado: Produto=1, Qtd=1, Preço=10.00 (Dia 10)
Evento registrado: Produto=1, Qtd=1, Preço=10.00 (Dia 10)
Evento registrado: Produto=1, Qtd=1, Preço=10.00 (Dia 10)
Evento registrado: Produto=1, Qtd=1, Preço=10.00 (Dia 10)
Evento registrado: Produto=1, Qtd=1, Preço=10.00 (Dia 10)
Evento registrado: Produto=1, Qtd=1, Preço=10.00 (Dia 10)
Evento registrado: Produto=1, Qtd=1, Preço=10.00 (Dia 10)
Evento registrado: Produto=1, Qtd=1, Preço=10.00 (Dia 10)
Evento registrado: Produto=1, Qtd=1, Preço=10.00 (Dia 10)
Evento registrado: Produto=1, Qtd=1, Preço=10.00 (Dia 10)
Evento registrado: Produto=1, Qtd=1, Preço=10.00 (Dia 10)
Evento registrado: Produto=1, Qtd=1, Preço=10.00 (Dia 10)
Evento registrado: Produto=1, Qtd=1, Preço=10.00 (Dia 10)
Evento registrado: Produto=1, Qtd=1, Preço=10.00 (Dia 10)
Evento registrado: Produto=1, Qtd=1, Preço=10.00 (Dia 10)
Evento registrado: Produto=1, Qtd=1, Preço=10.00 (Dia 10)
Evento registrado: Produto=1, Qtd=1, Preço=10.00 (Dia 10)
Evento registrado: Produto=1, Qtd=1, Preço=10.00 (Dia 10)
Evento registrado: Produto=1, Qtd=1, Preço=10.00 (Dia 10)
Evento registrado: Produto=1, Qtd=1, Preço=10.00 (Dia 10)
Evento registrado: Produto=1, Qtd=1, Preço=10.00 (Dia 10)
Evento registrado: Produto=1, Qtd=1, Preço=10.00 (Dia 10)
Evento registrado: Produto=1, Qtd=1, Preço=10.00 (Dia 10)
Evento registrado: Produto=1, Qtd=1, Preço=10.00 (Dia 10)
Evento registrado: Produto=1, Qtd=1, Preço=10.00 (Dia 10)
Evento registrado: Produto=1, Qtd=1, Preço=10.00 (Dia 10)
Evento registrado: Produto=1, Qtd=1, Preço=10.00 (Dia 10)
Evento registrado: Produto=1, Qtd=1, Preço=10.00 (Dia 10)
Evento registrado: Produto=1, Qtd=1, Preço=10.00 (Dia 10)
Evento registrado: Produto=1, Qtd=1, Preço=10.00 (Dia 10)
Evento registrado: Produto=1, Qtd=1, Preço=10.00 (Dia 10)
Evento registrado: Produto=1, Qtd=1, Preço=10.00 (Dia 10)
Evento registrado: Produto=1, Qtd=1, Preço=10.00 (Dia 10)
Evento registrado: Produto=1, Qtd=1, Preço=10.00 (Dia 10)
Evento registrado: Produto=1, Qtd=1, Preço=10.00 (Dia 10)
Evento registrado: Produto=1, Qtd=1, Preço=10.00 (Dia 10)
Evento registrado: Produto=1, Qtd=1, Preço=10.00 (Dia 10)
Evento registrado: Produto=1, Qtd=1, Preço=10.00 (Dia 10)
Evento registrado: Produto=1, Qtd=1, Preço=10.00 (Dia 10)
Evento registrado: Produto=1, Qtd=1, Preço=10.00 (Dia 10)
Evento registrado: Produto=1, Qtd=1, Preço=10.00 (Dia 10)
Evento registrado: Produto=1, Qtd=1, Preço=10.00 (Dia 10)
Evento registrado: Produto=1, Qtd=1, Preço=10.00 (Dia 10)
Evento registrado: Produto=1, Qtd=1, Preço=10.00 (Dia 10)
Evento registrado: Produto=1, Qtd=1, Preço=10.00 (Dia 10)
Evento registrado: Produto=1, Qtd=1, Preço=10.00 (Dia 10)
Evento registrado: Produto=1, Qtd=1, Preço=10.00 (Dia 10)
Evento registrado: Produto=1, Qtd=1, Preço=10.00 (Dia 10)
Evento registrado: Produto=1, Qtd=1, Preço=10.00 (Dia 10)
Evento registrado: Produto=1, Qtd=1, Preço=10.00 (Dia 10)
Evento registrado: Produto=1, Qtd=1, Preço=10.00 (Dia 10)
Evento registrado: Produto=1, Qtd=1, Preço=10.00 (Dia 10)
Evento registrado: Produto=1, Qtd=1, Preço=10.00 (Dia 10)
Evento registrado: Produto=1, Qtd=1, Preço=10.00 (Dia 10)
Evento registrado: Produto=1, Qtd=1, Preço=10.00 (Dia 10)
Evento registrado: Produto=1, Qtd=1, Preço=10.00 (Dia 10)
Evento registrado: Produto=1, Qtd=1, Preço=10.00 (Dia 10)
Evento registrado: Produto=1, Qtd=1, Preço=10.00 (Dia 10)
Evento registrado: Produto=1, Qtd=1, Preço=10.00 (Dia 10)
Evento registrado: Produto=1, Qtd=1, Preço=10.00 (Dia 10)
Evento registrado: Produto=1, Qtd=1, Preço=10.00 (Dia 10)
Evento registrado: Produto=1, Qtd=1, Preço=10.00 (Dia 10)
Evento registrado: Produto=1, Qtd=1, Preço=10.00 (Dia 10)
Evento registrado: Produto=1, Qtd=1, Preço=10.00 (Dia 10)
Evento registrado: Produto=1, Qtd=1, Preço=10.00 (Dia 10)
Evento registrado: Produto=1, Qtd=1, Preço=10.00 (Dia 10)
Evento registrado: Produto=1, Qtd=1, Preço=10.00 (Dia 10)
Evento registrado: Produto=1, Qtd=1, Preço=10.00 (Dia 10)
Evento registrado: Produto=1, Qtd=1, Preço=10.00 (Dia 10)
Evento registrado: Produto=1, Qtd=1, Preço=10.00 (Dia 10)
Evento registrado: Produto=1, Qtd=1, Preço=10.00 (Dia 10)
Evento registrado: Produto=1, Qtd=1, Preço=10.00 (Dia 10)
Evento registrado: Produto=1, Qtd=1, Preço=10.00 (Dia 10)
Evento registrado: Produto=1, Qtd=1, Preço=10.00 (Dia 10)
Evento registrado: Produto=1, Qtd=1, Preço=10.00 (Dia 10)
Evento registrado: Produto=1, Qtd=1, Preço=10.00 (Dia 10)
Evento registrado: Produto=1, Qtd=1, Preço=10.00 (Dia 10)
Evento registrado: Produto=1, Qtd=1, Preço=10.00 (Dia 10)
Evento registrado: Produto=1, Qtd=1, Preço=10.00 (Dia 10)
Evento registrado: Produto=1, Qtd=1, Preço=10.00 (Dia 10)
Evento registrado: Produto=1, Qtd=1, Preço=10.00 (Dia 10)
Evento registrado: Produto=1, Qtd=1, Preço=10.00 (Dia 10)
Evento registrado: Produto=1, Qtd=1, Preço=10.00 (Dia 10)
Evento registrado: Produto=1, Qtd=1, Preço=10.00 (Dia 10)
Evento registrado: Produto=1, Qtd=1, Preço=10.00 (Dia 10)
Evento registrado: Produto=1, Qtd=1, Preço=10.00 (Dia 10)
Evento registrado: Produto=1, Qtd=1, Preço=10.00 (Dia 10)
Evento registrado: Produto=1, Qtd=1, Preço=10.00 (Dia 10)
Evento registrado: Produto=1, Qtd=1, Preço=10.00 (Dia 10)
Evento registrado: Produto=1, Qtd=1, Preço=10.00 (Dia 10)
Evento registrado: Produto=1, Qtd=1, Preço=10.00 (Dia 10)
Evento registrado: Produto=1, Qtd=1, Preço=10.00 (Dia 10)
Evento registrado: Produto=1, Qtd=1, Preço=10.00 (Dia 10)
Evento registrado: Produto=1, Qtd=1, Preço=10.00 (Dia 10)
Evento registrado: Produto=1, Qtd=1, Preço=10.00 (Dia 10)
Evento registrado: Produto=1, Qtd=1, Preço=10.00 (Dia 10)
Evento registrado: Produto=1, Qtd=1, Preço=10.00 (Dia 10)
Evento registrado: Produto=1, Qtd=1, Preço=10.00 (Dia 10)
Evento registrado: Produto=1, Qtd=1, Preço=10.00 (Dia 10)
Evento registrado: Produto=1, Qtd=1, Preço=10.00 (Dia 10)
Evento registrado: Produto=1, Qtd=1, Preço=10.00 (Dia 10)
Evento registrado: Produto=1, Qtd=1, Preço=10.00 (Dia 10)
Evento registrado: Produto=1, Qtd=1, Preço=10.00 (Dia 10)
Evento registrado: Produto=1, Qtd=1, Preço=10.00 (Dia 10)
Evento registrado: Produto=1, Qtd=1, Preço=10.00 (Dia 10)
Evento registrado: Produto=1, Qtd=1, Preço=10.00 (Dia 10)
Evento registrado: Produto=1, Qtd=1, Preço=10.00 (Dia 10)
Evento registrado: Produto=1, Qtd=1, Preço=10.00 (Dia 10)
Evento registrado: Produto=1, Qtd=1, Preço=10.00 (Dia 10)
Evento registrado: Produto=1, Qtd=1, Preço=10.00 (Dia 10)
Evento registrado: Produto=1, Qtd=1, Preço=10.00 (Dia 10)
Evento registrado: Produto=1, Qtd=1, Preço=10.00 (Dia 10)
Evento registrado: Produto=1, Qtd=1, Preço=10.00 (Dia 10)
Evento registrado: Produto=1, Qtd=1, Preço=10.00 (Dia 10)
Evento registrado: Produto=1, Qtd=1, Preço=10.00 (Dia 10)
Evento registrado: Produto=1, Qtd=1, Preço=10.00 (Dia 10)
Evento registrado: Produto=1, Qtd=1, Preço=10.00 (Dia 10)
Evento registrado: Produto=1, Qtd=1, Preço=10.00 (Dia 10)
Evento registrado: Produto=1, Qtd=1, Preço=10.00 (Dia 10)
Evento registrado: Produto=1, Qtd=1, Preço=10.00 (Dia 10)
Evento registrado: Produto=1, Qtd=1, Preço=10.00 (Dia 10)
Evento registrado: Produto=1, Qtd=1, Preço=10.00 (Dia 10)
Evento registrado: Produto=1, Qtd=1, Preço=10.00 (Dia 10)
Evento registrado: Produto=1, Qtd=1, Preço=10.00 (Dia 10)
Evento registrado: Produto=1, Qtd=1, Preço=10.00 (Dia 10)
Evento registrado: Produto=1, Qtd=1, Preço=10.00 (Dia 10)
Evento registrado: Produto=1, Qtd=1, Preço=10.00 (Dia 10)
Evento registrado: Produto=1, Qtd=1, Preço=10.00 (Dia 10)
Evento registrado: Produto=1, Qtd=1, Preço=10.00 (Dia 10)
Evento registrado: Produto=1, Qtd=1, Preço=10.00 (Dia 10)
Evento registrado: Produto=1, Qtd=1, Preço=10.00 (Dia 10)
Evento registrado: Produto=1, Qtd=1, Preço=10.00 (Dia 10)
Evento registrado: Produto=1, Qtd=1, Preço=10.00 (Dia 10)
Evento registrado: Produto=1, Qtd=1, Preço=10.00 (Dia 10)
Evento registrado: Produto=1, Qtd=1, Preço=10.00 (Dia 10)
Evento registrado: Produto=1, Qtd=1, Preço=10.00 (Dia 10)
Evento registrado: Produto=1, Qtd=1, Preço=10.00 (Dia 10)
Evento registrado: Produto=1, Qtd=1, Preço=10.00 (Dia 10)
Evento registrado: Produto=1, Qtd=1, Preço=10.00 (Dia 10)
Evento registrado: Produto=1, Qtd=1, Preço=10.00 (Dia 10)
Evento registrado: Produto=1, Qtd=1, Preço=10.00 (Dia 10)
Evento registrado: Produto=1, Qtd=1, Preço=10.00 (Dia 10)
Evento registrado: Produto=1, Qtd=1, Preço=10.00 (Dia 10)
Evento registrado: Produto=1, Qtd=1, Preço=10.00 (Dia 10)
Evento registrado: Produto=1, Qtd=1, Preço=10.00 (Dia 10)
Evento registrado: Produto=1, Qtd=1, Preço=10.00 (Dia 10)
Evento registrado: Produto=1, Qtd=1, Preço=10.00 (Dia 10)
Evento registrado: Produto=1, Qtd=1, Preço=10.00 (Dia 10)
Evento registrado: Produto=1, Qtd=1, Preço=10.00 (Dia 10)
Evento registrado: Produto=1, Qtd=1, Preço=10.00 (Dia 10)
Evento registrado: Produto=1, Qtd=1, Preço=10.00 (Dia 10)
Evento registrado: Produto=1, Qtd=1, Preço=10.00 (Dia 10)
Evento registrado: Produto=1, Qtd=1, Preço=10.00 (Dia 10)
Evento registrado: Produto=1, Qtd=1, Preço=10.00 (Dia 10)
Evento registrado: Produto=1, Qtd=1, Preço=10.00 (Dia 10)
Evento registrado: Produto=1, Qtd=1, Preço=10.00 (Dia 10)
Evento registrado: Produto=1, Qtd=1, Preço=10.00 (Dia 10)
Evento registrado: Produto=1, Qtd=1, Preço=10.00 (Dia 10)
Evento registrado: Produto=1, Qtd=1, Preço=10.00 (Dia 10)
Evento registrado: Produto=1, Qtd=1, Preço=10.00 (Dia 10)
Evento registrado: Produto=1, Qtd=1, Preço=10.00 (Dia 10)
Evento registrado: Produto=1, Qtd=1, Preço=10.00 (Dia 10)
Evento registrado: Produto=1, Qtd=1, Preço=10.00 (Dia 10)
Evento registrado: Produto=1, Qtd=1, Preço=10.00 (Dia 10)
Evento registrado: Produto=1, Qtd=1, Preço=10.00 (Dia 10)
Evento registrado: Produto=1, Qtd=1, Preço=10.00 (Dia 10)
Evento registrado: Produto=1, Qtd=1, Preço=10.00 (Dia 10)
Evento registrado: Produto=1, Qtd=1, Preço=10.00 (Dia 10)
Evento registrado: Produto=1, Qtd=1, Preço=10.00 (Dia 10)
Evento registrado: Produto=1, Qtd=1, Preço=10.00 (Dia 10)
Evento registrado: Produto=1, Qtd=1, Preço=10.00 (Dia 10)
Evento registrado: Produto=1, Qtd=1, Preço=10.00 (Dia 10)
Evento registrado: Produto=1, Qtd=1, Preço=10.00 (Dia 10)
Evento registrado: Produto=1, Qtd=1, Preço=10.00 (Dia 10)
Evento registrado: Produto=1, Qtd=1, Preço=10.00 (Dia 10)
Evento registrado: Produto=1, Qtd=1, Preço=10.00 (Dia 10)
Evento registrado: Produto=1, Qtd=1, Preço=10.00 (Dia 10)
Evento registrado: Produto=1, Qtd=1, Preço=10.00 (Dia 10)
Evento registrado: Produto=1, Qtd=1, Preço=10.00 (Dia 10)
Evento registrado: Produto=1, Qtd=1, Preço=10.00 (Dia 10)
Evento registrado: Produto=1, Qtd=1, Preço=10.00 (Dia 10)
Evento registrado: Produto=1, Qtd=1, Preço=10.00 (Dia 10)
Evento registrado: Produto=1, Qtd=1, Preço=10.00 (Dia 10)
Evento registrado: Produto=1, Qtd=1, Preço=10.00 (Dia 10)
Evento registrado: Produto=1, Qtd=1, Preço=10.00 (Dia 10)
Evento registrado: Produto=1, Qtd=1, Preço=10.00 (Dia 10)
Evento registrado: Produto=1, Qtd=1, Preço=10.00 (Dia 10)
Evento registrado: Produto=1, Qtd=1, Preço=10.00 (Dia 10)
Evento registrado: Produto=1, Qtd=1, Preço=10.00 (Dia 10)
Evento registrado: Produto=1, Qtd=1, Preço=10.00 (Dia 10)
Evento registrado: Produto=1, Qtd=1, Preço=10.00 (Dia 10)
Evento registrado: Produto=1, Qtd=1, Preço=10.00 (Dia 10)
Evento registrado: Produto=1, Qtd=1, Preço=10.00 (Dia 10)
Evento registrado: Produto=1, Qtd=1, Preço=10.00 (Dia 10)
Evento registrado: Produto=1, Qtd=1, Preço=10.00 (Dia 10)
Evento registrado: Produto=1, Qtd=1, Preço=10.00 (Dia 10)
Evento registrado: Produto=1, Qtd=1, Preço=10.00 (Dia 10)
Evento registrado: Produto=1, Qtd=1, Preço=10.00 (Dia 10)
Evento registrado: Produto=1, Qtd=1, Preço=10.00 (Dia 10)
Evento registrado: Produto=1, Qtd=1, Preço=10.00 (Dia 10)
Evento registrado: Produto=1, Qtd=1, Preço=10.00 (Dia 10)
Evento registrado: Produto=1, Qtd=1, Preço=10.00 (Dia 10)
Evento registrado: Produto=1, Qtd=1, Preço=10.00 (Dia 10)
Evento registrado: Produto=1, Qtd=1, Preço=10.00 (Dia 10)
Evento registrado: Produto=1, Qtd=1, Preço=10.00 (Dia 10)
Evento registrado: Produto=1, Qtd=1, Preço=10.00 (Dia 10)
Evento registrado: Produto=1, Qtd=1, Preço=10.00 (Dia 10)
Evento registrado: Produto=1, Qtd=1, Preço=10.00 (Dia 10)
Evento registrado: Produto=1, Qtd=1, Preço=10.00 (Dia 10)
Evento registrado: Produto=1, Qtd=1, Preço=10.00 (Dia 10)
Evento registrado: Produto=1, Qtd=1, Preço=10.00 (Dia 10)
Evento registrado: Produto=1, Qtd=1, Preço=10.00 (Dia 10)
Evento registrado: Produto=1, Qtd=1, Preço=10.00 (Dia 10)
Evento registrado: Produto=1, Qtd=1, Preço=10.00 (Dia 10)
Evento registrado: Produto=1, Qtd=1, Preço=10.00 (Dia 10)
Evento registrado: Produto=1, Qtd=1, Preço=10.00 (Dia 10)
Evento registrado: Produto=1, Qtd=1, Preço=10.00 (Dia 10)
Evento registrado: Produto=1, Qtd=1, Preço=10.00 (Dia 10)
Evento registrado: Produto=1, Qtd=1, Preço=10.00 (Dia 10)
Evento registrado: Produto=1, Qtd=1, Preço=10.00 (Dia 10)
Evento registrado: Produto=1, Qtd=1, Preço=10.00 (Dia 10)
Evento registrado: Produto=1, Qtd=1, Preço=10.00 (Dia 10)
Evento registrado: Produto=1, Qtd=1, Preço=10.00 (Dia 10)
Evento registrado: Produto=1, Qtd=1, Preço=10.00 (Dia 10)
Evento registrado: Produto=1, Qtd=1, Preço=10.00 (Dia 10)
Evento registrado: Produto=1, Qtd=1, Preço=10.00 (Dia 10)
Evento registrado: Produto=1, Qtd=1, Preço=10.00 (Dia 10)
Evento registrado: Produto=1, Qtd=1, Preço=10.00 (Dia 10)
Evento registrado: Produto=1, Qtd=1, Preço=10.00 (Dia 10)
Evento registrado: Produto=1, Qtd=1, Preço=10.00 (Dia 10)
Evento registrado: Produto=1, Qtd=1, Preço=10.00 (Dia 10)
Evento registrado: Produto=1, Qtd=1, Preço=10.00 (Dia 10)
Evento registrado: Produto=1, Qtd=1, Preço=10.00 (Dia 10)
Evento registrado: Produto=1, Qtd=1, Preço=10.00 (Dia 10)
Evento registrado: Produto=1, Qtd=1, Preço=10.00 (Dia 10)
Evento registrado: Produto=1, Qtd=1, Preço=10.00 (Dia 10)
Evento registrado: Produto=1, Qtd=1, Preço=10.00 (Dia 10)
Evento registrado: Produto=1, Qtd=1, Preço=10.00 (Dia 10)
Evento registrado: Produto=1, Qtd=1, Preço=10.00 (Dia 10)
Evento registrado: Produto=1, Qtd=1, Preço=10.00 (Dia 10)
Evento registrado: Produto=1, Qtd=1, Preço=10.00 (Dia 10)
Evento registrado: Produto=1, Qtd=1, Preço=10.00 (Dia 10)
Evento registrado: Produto=1, Qtd=1, Preço=10.00 (Dia 10)
Evento registrado: Produto=1, Qtd=1, Preço=10.00 (Dia 10)
Evento registrado: Produto=1, Qtd=1, Preço=10.00 (Dia 10)
Evento registrado: Produto=1, Qtd=1, Preço=10.00 (Dia 10)
Evento registrado: Produto=1, Qtd=1, Preço=10.00 (Dia 10)
Evento registrado: Produto=1, Qtd=1, Preço=10.00 (Dia 10)
Evento registrado: Produto=1, Qtd=1, Preço=10.00 (Dia 10)
Evento registrado: Produto=1, Qtd=1, Preço=10.00 (Dia 10)
Evento registrado: Produto=1, Qtd=1, Preço=10.00 (Dia 10)
Evento registrado: Produto=1, Qtd=1, Preço=10.00 (Dia 10)
Evento registrado: Produto=1, Qtd=1, Preço=10.00 (Dia 10)
Evento registrado: Produto=1, Qtd=1, Preço=10.00 (Dia 10)
Evento registrado: Produto=1, Qtd=1, Preço=10.00 (Dia 10)
Evento registrado: Produto=1, Qtd=1, Preço=10.00 (Dia 10)
Evento registrado: Produto=1, Qtd=1, Preço=10.00 (Dia 10)
Evento registrado: Produto=1, Qtd=1, Preço=10.00 (Dia 10)
Evento registrado: Produto=1, Qtd=1, Preço=10.00 (Dia 10)
Evento registrado: Produto=1, Qtd=1, Preço=10.00 (Dia 10)
Evento registrado: Produto=1, Qtd=1, Preço=10.00 (Dia 10)
Evento registrado: Produto=1, Qtd=1, Preço=10.00 (Dia 10)
Evento registrado: Produto=1, Qtd=1, Preço=10.00 (Dia 10)
Evento registrado: Produto=1, Qtd=1, Preço=10.00 (Dia 10)
Evento registrado: Produto=1, Qtd=1, Preço=10.00 (Dia 10)
Evento registrado: Produto=1, Qtd=1, Preço=10.00 (Dia 10)
Evento registrado: Produto=1, Qtd=1, Preço=10.00 (Dia 10)
Evento registrado: Produto=1, Qtd=1, Preço=10.00 (Dia 10)
Evento registrado: Produto=1, Qtd=1, Preço=10.00 (Dia 10)
Evento registrado: Produto=1, Qtd=1, Preço=10.00 (Dia 10)
Evento registrado: Produto=1, Qtd=1, Preço=10.00 (Dia 10)
Evento registrado: Produto=1, Qtd=1, Preço=10.00 (Dia 10)
Evento registrado: Produto=1, Qtd=1, Preço=10.00 (Dia 10)
Evento registrado: Produto=1, Qtd=1, Preço=10.00 (Dia 10)
Evento registrado: Produto=1, Qtd=1, Preço=10.00 (Dia 10)
Evento registrado: Produto=1, Qtd=1, Preço=10.00 (Dia 10)
Evento registrado: Produto=1, Qtd=1, Preço=10.00 (Dia 10)
Evento registrado: Produto=1, Qtd=1, Preço=10.00 (Dia 10)
Evento registrado: Produto=1, Qtd=1, Preço=10.00 (Dia 10)
Evento registrado: Produto=1, Qtd=1, Preço=10.00 (Dia 10)
Evento registrado: Produto=1, Qtd=1, Preço=10.00 (Dia 10)
Evento registrado: Produto=1, Qtd=1, Preço=10.00 (Dia 10)
Evento registrado: Produto=1, Qtd=1, Preço=10.00 (Dia 10)
Evento registrado: Produto=1, Qtd=1, Preço=10.00 (Dia 10)
Evento registrado: Produto=1, Qtd=1, Preço=10.00 (Dia 10)
Evento registrado: Produto=1, Qtd=1, Preço=10.00 (Dia 10)
Evento registrado: Produto=1, Qtd=1, Preço=10.00 (Dia 10)
Evento registrado: Produto=1, Qtd=1, Preço=10.00 (Dia 10)
Evento registrado: Produto=1, Qtd=1, Preço=10.00 (Dia 10)
Evento registrado: Produto=1, Qtd=1, Preço=10.00 (Dia 10)
Evento registrado: Produto=1, Qtd=1, Preço=10.00 (Dia 10)
Evento registrado: Produto=1, Qtd=1, Preço=10.00 (Dia 10)
Evento registrado: Produto=1, Qtd=1, Preço=10.00 (Dia 10)
Evento registrado: Produto=1, Qtd=1, Preço=10.00 (Dia 10)
Evento registrado: Produto=1, Qtd=1, Preço=10.00 (Dia 10)
Evento registrado: Produto=1, Qtd=1, Preço=10.00 (Dia 10)
Evento registrado: Produto=1, Qtd=1, Preço=10.00 (Dia 10)
Evento registrado: Produto=1, Qtd=1, Preço=10.00 (Dia 10)
Evento registrado: Produto=1, Qtd=1, Preço=10.00 (Dia 10)
Evento registrado: Produto=1, Qtd=1, Preço=10.00 (Dia 10)
Evento registrado: Produto=1, Qtd=1, Preço=10.00 (Dia 10)
Evento registrado: Produto=1, Qtd=1, Preço=10.00 (Dia 10)
Evento registrado: Produto=1, Qtd=1, Preço=10.00 (Dia 10)
Evento registrado: Produto=1, Qtd=1, Preço=10.00 (Dia 10)
Evento registrado: Produto=1, Qtd=1, Preço=10.00 (Dia 10)
Evento registrado: Produto=1, Qtd=1, Preço=10.00 (Dia 10)
Evento registrado: Produto=1, Qtd=1, Preço=10.00 (Dia 10)
Evento registrado: Produto=1, Qtd=1, Preço=10.00 (Dia 10)
Evento registrado: Produto=1, Qtd=1, Preço=10.00 (Dia 10)
Evento registrado: Produto=1, Qtd=1, Preço=10.00 (Dia 10)
Evento registrado: Produto=1, Qtd=1, Preço=10.00 (Dia 10)
Evento registrado: Produto=1, Qtd=1, Preço=10.00 (Dia 10)
Evento registrado: Produto=1, Qtd=1, Preço=10.00 (Dia 10)
Evento registrado: Produto=1, Qtd=1, Preço=10.00 (Dia 10)
Evento registrado: Produto=1, Qtd=1, Preço=10.00 (Dia 10)
Evento registrado: Produto=1, Qtd=1, Preço=10.00 (Dia 10)
Evento registrado: Produto=1, Qtd=1, Preço=10.00 (Dia 10)
Evento registrado: Produto=1, Qtd=1, Preço=10.00 (Dia 10)
Evento registrado: Produto=1, Qtd=1, Preço=10.00 (Dia 10)
Evento registrado: Produto=1, Qtd=1, Preço=10.00 (Dia 10)
Evento registrado: Produto=1, Qtd=1, Preço=10.00 (Dia 10)
Evento registrado: Produto=1, Qtd=1, Preço=10.00 (Dia 10)
Evento registrado: Produto=1, Qtd=1, Preço=10.00 (Dia 10)
Evento registrado: Produto=1, Qtd=1, Preço=10.00 (Dia 10)
Evento registrado: Produto=1, Qtd=1, Preço=10.00 (Dia 10)
Evento registrado: Produto=1, Qtd=1, Preço=10.00 (Dia 10)
Evento registrado: Produto=1, Qtd=1, Preço=10.00 (Dia 10)
Evento registrado: Produto=1, Qtd=1, Preço=10.00 (Dia 10)
Evento registrado: Produto=1, Qtd=1, Preço=10.00 (Dia 10)
Evento registrado: Produto=1, Qtd=1, Preço=10.00 (Dia 10)
Evento registrado: Produto=1, Qtd=1, Preço=10.00 (Dia 10)
Evento registrado: Produto=1, Qtd=1, Preço=10.00 (Dia 10)
Evento registrado: Produto=1, Qtd=1, Preço=10.00 (Dia 10)
Evento registrado: Produto=1, Qtd=1, Preço=10.00 (Dia 10)
Evento registrado: Produto=1, Qtd=1, Preço=10.00 (Dia 10)
Evento registrado: Produto=1, Qtd=1, Preço=10.00 (Dia 10)
Evento registrado: Produto=1, Qtd=1, Preço=10.00 (Dia 10)
Evento registrado: Produto=1, Qtd=1, Preço=10.00 (Dia 10)
Evento registrado: Produto=1, Qtd=1, Preço=10.00 (Dia 10)
Evento registrado: Produto=1, Qtd=1, Preço=10.00 (Dia 10)
Evento registrado: Produto=1, Qtd=1, Preço=10.00 (Dia 10)
Evento registrado: Produto=1, Qtd=1, Preço=10.00 (Dia 10)
Evento registrado: Produto=1, Qtd=1, Preço=10.00 (Dia 10)
Evento registrado: Produto=1, Qtd=1, Preço=10.00 (Dia 10)
Evento registrado: Produto=1, Qtd=1, Preço=10.00 (Dia 10)
Evento registrado: Produto=1, Qtd=1, Preço=10.00 (Dia 10)
Evento registrado: Produto=1, Qtd=1, Preço=10.00 (Dia 10)
Evento registrado: Produto=1, Qtd=1, Preço=10.00 (Dia 10)
Evento registrado: Produto=1, Qtd=1, Preço=10.00 (Dia 10)
Evento registrado: Produto=1, Qtd=1, Preço=10.00 (Dia 10)
Evento registrado: Produto=1, Qtd=1, Preço=10.00 (Dia 10)
Evento registrado: Produto=1, Qtd=1, Preço=10.00 (Dia 10)
Evento registrado: Produto=1, Qtd=1, Preço=10.00 (Dia 10)
Evento registrado: Produto=1, Qtd=1, Preço=10.00 (Dia 10)
Evento registrado: Produto=1, Qtd=1, Preço=10.00 (Dia 10)
Evento registrado: Produto=1, Qtd=1, Preço=10.00 (Dia 10)
Evento registrado: Produto=1, Qtd=1, Preço=10.00 (Dia 10)
Evento registrado: Produto=1, Qtd=1, Preço=10.00 (Dia 10)
Evento registrado: Produto=1, Qtd=1, Preço=10.00 (Dia 10)
Evento registrado: Produto=1, Qtd=1, Preço=10.00 (Dia 10)
Evento registrado: Produto=1, Qtd=1, Preço=10.00 (Dia 10)
Evento registrado: Produto=1, Qtd=1, Preço=10.00 (Dia 10)
Evento registrado: Produto=1, Qtd=1, Preço=10.00 (Dia 10)
Evento registrado: Produto=1, Qtd=1, Preço=10.00 (Dia 10)
Evento registrado: Produto=1, Qtd=1, Preço=10.00 (Dia 10)
Evento registrado: Produto=1, Qtd=1, Preço=10.00 (Dia 10)
Evento registrado: Produto=1, Qtd=1, Preço=10.00 (Dia 10)
Evento registrado: Produto=1, Qtd=1, Preço=10.00 (Dia 10)
Evento registrado: Produto=1, Qtd=1, Preço=10.00 (Dia 10)
Evento registrado: Produto=1, Qtd=1, Preço=10.00 (Dia 10)
Evento registrado: Produto=1, Qtd=1, Preço=10.00 (Dia 10)
Evento registrado: Produto=1, Qtd=1, Preço=10.00 (Dia 10)
Evento registrado: Produto=1, Qtd=1, Preço=10.00 (Dia 10)
Evento registrado: Produto=1, Qtd=1, Preço=10.00 (Dia 10)
Evento registrado: Produto=1, Qtd=1, Preço=10.00 (Dia 10)
Evento registrado: Produto=1, Qtd=1, Preço=10.00 (Dia 10)
Evento registrado: Produto=1, Qtd=1, Preço=10.00 (Dia 10)
Evento registrado: Produto=1, Qtd=1, Preço=10.00 (Dia 10)
Evento registrado: Produto=1, Qtd=1, Preço=10.00 (Dia 10)
Evento registrado: Produto=1, Qtd=1, Preço=10.00 (Dia 10)
Evento registrado: Produto=1, Qtd=1, Preço=10.00 (Dia 10)
Evento registrado: Produto=1, Qtd=1, Preço=10.00 (Dia 10)
Evento registrado: Produto=1, Qtd=1, Preço=10.00 (Dia 10)
Evento registrado: Produto=1, Qtd=1, Preço=10.00 (Dia 10)
Evento registrado: Produto=1, Qtd=1, Preço=10.00 (Dia 10)
Evento registrado: Produto=1, Qtd=1, Preço=10.00 (Dia 10)
Evento registrado: Produto=1, Qtd=1, Preço=10.00 (Dia 10)
Evento registrado: Produto=1, Qtd=1, Preço=10.00 (Dia 10)
Evento registrado: Produto=1, Qtd=1, Preço=10.00 (Dia 10)
Evento registrado: Produto=1, Qtd=1, Preço=10.00 (Dia 10)
Evento registrado: Produto=1, Qtd=1, Preço=10.00 (Dia 10)
Evento registrado: Produto=1, Qtd=1, Preço=10.00 (Dia 10)
Evento registrado: Produto=1, Qtd=1, Preço=10.00 (Dia 10)
Evento registrado: Produto=1, Qtd=1, Preço=10.00 (Dia 10)
Evento registrado: Produto=1, Qtd=1, Preço=10.00 (Dia 10)
Evento registrado: Produto=1, Qtd=1, Preço=10.00 (Dia 10)
Evento registrado: Produto=1, Qtd=1, Preço=10.00 (Dia 10)
Evento registrado: Produto=1, Qtd=1, Preço=10.00 (Dia 10)
Evento registrado: Produto=1, Qtd=1, Preço=10.00 (Dia 10)
Evento registrado: Produto=1, Qtd=1, Preço=10.00 (Dia 10)
Evento registrado: Produto=1, Qtd=1, Preço=10.00 (Dia 10)
Evento registrado: Produto=1, Qtd=1, Preço=10.00 (Dia 10)
Evento registrado: Produto=1, Qtd=1, Preço=10.00 (Dia 10)
Evento registrado: Produto=1, Qtd=1, Preço=10.00 (Dia 10)
Evento registrado: Produto=1, Qtd=1, Preço=10.00 (Dia 10)
Evento registrado: Produto=1, Qtd=1, Preço=10.00 (Dia 10)
Evento registrado: Produto=1, Qtd=1, Preço=10.00 (Dia 10)
Evento registrado: Produto=1, Qtd=1, Preço=10.00 (Dia 10)
Evento registrado: Produto=1, Qtd=1, Preço=10.00 (Dia 10)
Evento registrado: Produto=1, Qtd=1, Preço=10.00 (Dia 10)
Evento registrado: Produto=1, Qtd=1, Preço=10.00 (Dia 10)
Evento registrado: Produto=1, Qtd=1, Preço=10.00 (Dia 10)
Evento registrado: Produto=1, Qtd=1, Preço=10.00 (Dia 10)
Evento registrado: Produto=1, Qtd=1, Preço=10.00 (Dia 10)
Evento registrado: Produto=1, Qtd=1, Preço=10.00 (Dia 10)
Evento registrado: Produto=1, Qtd=1, Preço=10.00 (Dia 10)
Evento registrado: Produto=1, Qtd=1, Preço=10.00 (Dia 10)
Evento registrado: Produto=1, Qtd=1, Preço=10.00 (Dia 10)
Evento registrado: Produto=1, Qtd=1, Preço=10.00 (Dia 10)
Evento registrado: Produto=1, Qtd=1, Preço=10.00 (Dia 10)
Evento registrado: Produto=1, Qtd=1, Preço=10.00 (Dia 10)
Evento registrado: Produto=1, Qtd=1, Preço=10.00 (Dia 10)
Evento registrado: Produto=1, Qtd=1, Preço=10.00 (Dia 10)
Evento registrado: Produto=1, Qtd=1, Preço=10.00 (Dia 10)
Evento registrado: Produto=1, Qtd=1, Preço=10.00 (Dia 10)
Evento registrado: Produto=1, Qtd=1, Preço=10.00 (Dia 10)
Evento registrado: Produto=1, Qtd=1, Preço=10.00 (Dia 10)
Evento registrado: Produto=1, Qtd=1, Preço=10.00 (Dia 10)
Evento registrado: Produto=1, Qtd=1, Preço=10.00 (Dia 10)
Evento registrado: Produto=1, Qtd=1, Preço=10.00 (Dia 10)
Evento registrado: Produto=1, Qtd=1, Preço=10.00 (Dia 10)
Evento registrado: Produto=1, Qtd=1, Preço=10.00 (Dia 10)
Evento registrado: Produto=1, Qtd=1, Preço=10.00 (Dia 10)
Evento registrado: Produto=1, Qtd=1, Preço=10.00 (Dia 10)
Evento registrado: Produto=1, Qtd=1, Preço=10.00 (Dia 10)
Evento registrado: Produto=1, Qtd=1, Preço=10.00 (Dia 10)
Evento registrado: Produto=1, Qtd=1, Preço=10.00 (Dia 10)
Evento registrado: Produto=1, Qtd=1, Preço=10.00 (Dia 10)
Evento registrado: Produto=1, Qtd=1, Preço=10.00 (Dia 10)
Evento registrado: Produto=1, Qtd=1, Preço=10.00 (Dia 10)
Evento registrado: Produto=1, Qtd=1, Preço=10.00 (Dia 10)
Evento registrado: Produto=1, Qtd=1, Preço=10.00 (Dia 10)
Evento registrado: Produto=1, Qtd=1, Preço=10.00 (Dia 10)
Evento registrado: Produto=1, Qtd=1, Preço=10.00 (Dia 10)
Evento registrado: Produto=1, Qtd=1, Preço=10.00 (Dia 10)
Evento registrado: Produto=1, Qtd=1, Preço=10.00 (Dia 10)
Evento registrado: Produto=1, Qtd=1, Preço=10.00 (Dia 10)
Evento registrado: Produto=1, Qtd=1, Preço=10.00 (Dia 10)
Evento registrado: Produto=1, Qtd=1, Preço=10.00 (Dia 10)
Evento registrado: Produto=1, Qtd=1, Preço=10.00 (Dia 10)
Evento registrado: Produto=1, Qtd=1, Preço=10.00 (Dia 10)
Evento registrado: Produto=1, Qtd=1, Preço=10.00 (Dia 10)
Evento registrado: Produto=1, Qtd=1, Preço=10.00 (Dia 10)
Evento registrado: Produto=1, Qtd=1, Preço=10.00 (Dia 10)
Evento registrado: Produto=1, Qtd=1, Preço=10.00 (Dia 10)
Evento registrado: Produto=1, Qtd=1, Preço=10.00 (Dia 10)
Evento registrado: Produto=1, Qtd=1, Preço=10.00 (Dia 10)
Evento registrado: Produto=1, Qtd=1, Preço=10.00 (Dia 10)
Evento registrado: Produto=1, Qtd=1, Preço=10.00 (Dia 10)
Evento registrado: Produto=1, Qtd=1, Preço=10.00 (Dia 10)
Evento registrado: Produto=1, Qtd=1, Preço=10.00 (Dia 10)
Evento registrado: Produto=1, Qtd=1, Preço=10.00 (Dia 10)
Evento registrado: Produto=1, Qtd=1, Preço=10.00 (Dia 10)
Evento registrado: Produto=1, Qtd=1, Preço=10.00 (Dia 10)
Evento registrado: Produto=1, Qtd=1, Preço=10.00 (Dia 10)
Evento registrado: Produto=1, Qtd=1, Preço=10.00 (Dia 10)
Evento registrado: Produto=1, Qtd=1, Preço=10.00 (Dia 10)
Evento registrado: Produto=1, Qtd=1, Preço=10.00 (Dia 10)
Evento registrado: Produto=1, Qtd=1, Preço=10.00 (Dia 10)
Evento registrado: Produto=1, Qtd=1, Preço=10.00 (Dia 10)
Evento registrado: Produto=1, Qtd=1, Preço=10.00 (Dia 10)
Evento registrado: Produto=1, Qtd=1, Preço=10.00 (Dia 10)
Evento registrado: Produto=1, Qtd=1, Preço=10.00 (Dia 10)
Evento registrado: Produto=1, Qtd=1, Preço=10.00 (Dia 10)
Evento registrado: Produto=1, Qtd=1, Preço=10.00 (Dia 10)
Evento registrado: Produto=1, Qtd=1, Preço=10.00 (Dia 10)
Evento registrado: Produto=1, Qtd=1, Preço=10.00 (Dia 10)
Evento registrado: Produto=1, Qtd=1, Preço=10.00 (Dia 10)
Evento registrado: Produto=1, Qtd=1, Preço=10.00 (Dia 10)
Evento registrado: Produto=1, Qtd=1, Preço=10.00 (Dia 10)
Evento registrado: Produto=1, Qtd=1, Preço=10.00 (Dia 10)
Evento registrado: Produto=1, Qtd=1, Preço=10.00 (Dia 10)
Evento registrado: Produto=1, Qtd=1, Preço=10.00 (Dia 10)
Evento registrado: Produto=1, Qtd=1, Preço=10.00 (Dia 10)
Evento registrado: Produto=1, Qtd=1, Preço=10.00 (Dia 10)
Evento registrado: Produto=1, Qtd=1, Preço=10.00 (Dia 10)
Evento registrado: Produto=1, Qtd=1, Preço=10.00 (Dia 10)
Evento registrado: Produto=1, Qtd=1, Preço=10.00 (Dia 10)
Evento registrado: Produto=1, Qtd=1, Preço=10.00 (Dia 10)
Evento registrado: Produto=1, Qtd=1, Preço=10.00 (Dia 10)
Evento registrado: Produto=1, Qtd=1, Preço=10.00 (Dia 10)
Evento registrado: Produto=1, Qtd=1, Preço=10.00 (Dia 10)
Evento registrado: Produto=1, Qtd=1, Preço=10.00 (Dia 10)
Evento registrado: Produto=1, Qtd=1, Preço=10.00 (Dia 10)
Evento registrado: Produto=1, Qtd=1, Preço=10.00 (Dia 10)
Evento registrado: Produto=1, Qtd=1, Preço=10.00 (Dia 10)
Evento registrado: Produto=1, Qtd=1, Preço=10.00 (Dia 10)
Evento registrado: Produto=1, Qtd=1, Preço=10.00 (Dia 10)
Evento registrado: Produto=1, Qtd=1, Preço=10.00 (Dia 10)
Evento registrado: Produto=1, Qtd=1, Preço=10.00 (Dia 10)
Evento registrado: Produto=1, Qtd=1, Preço=10.00 (Dia 10)
Evento registrado: Produto=1, Qtd=1, Preço=10.00 (Dia 10)
Evento registrado: Produto=1, Qtd=1, Preço=10.00 (Dia 10)
Evento registrado: Produto=1, Qtd=1, Preço=10.00 (Dia 10)
Evento registrado: Produto=1, Qtd=1, Preço=10.00 (Dia 10)
Evento registrado: Produto=1, Qtd=1, Preço=10.00 (Dia 10)
Evento registrado: Produto=1, Qtd=1, Preço=10.00 (Dia 10)
Evento registrado: Produto=1, Qtd=1, Preço=10.00 (Dia 10)
Evento registrado: Produto=1, Qtd=1, Preço=10.00 (Dia 10)
Evento registrado: Produto=1, Qtd=1, Preço=10.00 (Dia 10)
Evento registrado: Produto=1, Qtd=1, Preço=10.00 (Dia 10)
Evento registrado: Produto=1, Qtd=1, Preço=10.00 (Dia 10)
Evento registrado: Produto=1, Qtd=1, Preço=10.00 (Dia 10)
Evento registrado: Produto=1, Qtd=1, Preço=10.00 (Dia 10)
Evento registrado: Produto=1, Qtd=1, Preço=10.00 (Dia 10)
Evento registrado: Produto=1, Qtd=1, Preço=10.00 (Dia 10)
Evento registrado: Produto=1, Qtd=1, Preço=10.00 (Dia 10)
Evento registrado: Produto=1, Qtd=1, Preço=10.00 (Dia 10)
Evento registrado: Produto=1, Qtd=1, Preço=10.00 (Dia 10)
Evento registrado: Produto=1, Qtd=1, Preço=10.00 (Dia 10)
Evento registrado: Produto=1, Qtd=1, Preço=10.00 (Dia 10)
Evento registrado: Produto=1, Qtd=1, Preço=10.00 (Dia 10)
Evento registrado: Produto=1, Qtd=1, Preço=10.00 (Dia 10)
Evento registrado: Produto=1, Qtd=1, Preço=10.00 (Dia 10)
Evento registrado: Produto=1, Qtd=1, Preço=10.00 (Dia 10)
Evento registrado: Produto=1, Qtd=1, Preço=10.00 (Dia 10)
Evento registrado: Produto=1, Qtd=1, Preço=10.00 (Dia 10)
Evento registrado: Produto=1, Qtd=1, Preço=10.00 (Dia 10)
Evento registrado: Produto=1, Qtd=1, Preço=10.00 (Dia 10)
Evento registrado: Produto=1, Qtd=1, Preço=10.00 (Dia 10)
Evento registrado: Produto=1, Qtd=1, Preço=10.00 (Dia 10)
Evento registrado: Produto=1, Qtd=1, Preço=10.00 (Dia 10)
Evento registrado: Produto=1, Qtd=1, Preço=10.00 (Dia 10)
Evento registrado: Produto=1, Qtd=1, Preço=10.00 (Dia 10)
Evento registrado: Produto=1, Qtd=1, Preço=10.00 (Dia 10)
Evento registrado: Produto=1, Qtd=1, Preço=10.00 (Dia 10)
Evento registrado: Produto=1, Qtd=1, Preço=10.00 (Dia 10)
Evento registrado: Produto=1, Qtd=1, Preço=10.00 (Dia 10)
Evento registrado: Produto=1, Qtd=1, Preço=10.00 (Dia 10)
Evento registrado: Produto=1, Qtd=1, Preço=10.00 (Dia 10)
Evento registrado: Produto=1, Qtd=1, Preço=10.00 (Dia 10)
Evento registrado: Produto=1, Qtd=1, Preço=10.00 (Dia 10)
Evento registrado: Produto=1, Qtd=1, Preço=10.00 (Dia 10)
Evento registrado: Produto=1, Qtd=1, Preço=10.00 (Dia 10)
Evento registrado: Produto=1, Qtd=1, Preço=10.00 (Dia 10)
Evento registrado: Produto=1, Qtd=1, Preço=10.00 (Dia 10)
Evento registrado: Produto=1, Qtd=1, Preço=10.00 (Dia 10)
Evento registrado: Produto=1, Qtd=1, Preço=10.00 (Dia 10)
Evento registrado: Produto=1, Qtd=1, Preço=10.00 (Dia 10)
Evento registrado: Produto=1, Qtd=1, Preço=10.00 (Dia 10)
Evento registrado: Produto=1, Qtd=1, Preço=10.00 (Dia 10)
Evento registrado: Produto=1, Qtd=1, Preço=10.00 (Dia 10)
Evento registrado: Produto=1, Qtd=1, Preço=10.00 (Dia 10)
Evento registrado: Produto=1, Qtd=1, Preço=10.00 (Dia 10)
Evento registrado: Produto=1, Qtd=1, Preço=10.00 (Dia 10)
Evento registrado: Produto=1, Qtd=1, Preço=10.00 (Dia 10)
Evento registrado: Produto=1, Qtd=1, Preço=10.00 (Dia 10)
Evento registrado: Produto=1, Qtd=1, Preço=10.00 (Dia 10)
Evento registrado: Produto=1, Qtd=1, Preço=10.00 (Dia 10)
Evento registrado: Produto=1, Qtd=1, Preço=10.00 (Dia 10)
Evento registrado: Produto=1, Qtd=1, Preço=10.00 (Dia 10)
Evento registrado: Produto=1, Qtd=1, Preço=10.00 (Dia 10)
Evento registrado: Produto=1, Qtd=1, Preço=10.00 (Dia 10)
Evento registrado: Produto=1, Qtd=1, Preço=10.00 (Dia 10)
Evento registrado: Produto=1, Qtd=1, Preço=10.00 (Dia 10)
Evento registrado: Produto=1, Qtd=1, Preço=10.00 (Dia 10)
Evento registrado: Produto=1, Qtd=1, Preço=10.00 (Dia 10)
Evento registrado: Produto=1, Qtd=1, Preço=10.00 (Dia 10)
Evento registrado: Produto=1, Qtd=1, Preço=10.00 (Dia 10)
Evento registrado: Produto=1, Qtd=1, Preço=10.00 (Dia 10)
Evento registrado: Produto=1, Qtd=1, Preço=10.00 (Dia 10)
Evento registrado: Produto=1, Qtd=1, Preço=10.00 (Dia 10)
Evento registrado: Produto=1, Qtd=1, Preço=10.00 (Dia 10)
Evento registrado: Produto=1, Qtd=1, Preço=10.00 (Dia 10)
Evento registrado: Produto=1, Qtd=1, Preço=10.00 (Dia 10)
Evento registrado: Produto=1, Qtd=1, Preço=10.00 (Dia 10)
Evento registrado: Produto=1, Qtd=1, Preço=10.00 (Dia 10)
Evento registrado: Produto=1, Qtd=1, Preço=10.00 (Dia 10)
Evento registrado: Produto=1, Qtd=1, Preço=10.00 (Dia 10)
Evento registrado: Produto=1, Qtd=1, Preço=10.00 (Dia 10)
Evento registrado: Produto=1, Qtd=1, Preço=10.00 (Dia 10)
Evento registrado: Produto=1, Qtd=1, Preço=10.00 (Dia 10)
Evento registrado: Produto=1, Qtd=1, Preço=10.00 (Dia 10)
Evento registrado: Produto=1, Qtd=1, Preço=10.00 (Dia 10)
Evento registrado: Produto=1, Qtd=1, Preço=10.00 (Dia 10)
Evento registrado: Produto=1, Qtd=1, Preço=10.00 (Dia 10)
Evento registrado: Produto=1, Qtd=1, Preço=10.00 (Dia 10)
Evento registrado: Produto=1, Qtd=1, Preço=10.00 (Dia 10)
Evento registrado: Produto=1, Qtd=1, Preço=10.00 (Dia 10)
Evento registrado: Produto=1, Qtd=1, Preço=10.00 (Dia 10)
Evento registrado: Produto=1, Qtd=1, Preço=10.00 (Dia 10)
Evento registrado: Produto=1, Qtd=1, Preço=10.00 (Dia 10)
Evento registrado: Produto=1, Qtd=1, Preço=10.00 (Dia 10)
Evento registrado: Produto=1, Qtd=1, Preço=10.00 (Dia 10)
Evento registrado: Produto=1, Qtd=1, Preço=10.00 (Dia 10)
Evento registrado: Produto=1, Qtd=1, Preço=10.00 (Dia 10)
Evento registrado: Produto=1, Qtd=1, Preço=10.00 (Dia 10)
Evento registrado: Produto=1, Qtd=1, Preço=10.00 (Dia 10)
Evento registrado: Produto=1, Qtd=1, Preço=10.00 (Dia 10)
Evento registrado: Produto=1, Qtd=1, Preço=10.00 (Dia 10)
Evento registrado: Produto=1, Qtd=1, Preço=10.00 (Dia 10)
Evento registrado: Produto=1, Qtd=1, Preço=10.00 (Dia 10)
Evento registrado: Produto=1, Qtd=1, Preço=10.00 (Dia 10)
Evento registrado: Produto=1, Qtd=1, Preço=10.00 (Dia 10)
Evento registrado: Produto=1, Qtd=1, Preço=10.00 (Dia 10)
Evento registrado: Produto=1, Qtd=1, Preço=10.00 (Dia 10)
Evento registrado: Produto=1, Qtd=1, Preço=10.00 (Dia 10)
Evento registrado: Produto=1, Qtd=1, Preço=10.00 (Dia 10)
Evento registrado: Produto=1, Qtd=1, Preço=10.00 (Dia 10)
Evento registrado: Produto=1, Qtd=1, Preço=10.00 (Dia 10)
Evento registrado: Produto=1, Qtd=1, Preço=10.00 (Dia 10)
Evento registrado: Produto=1, Qtd=1, Preço=10.00 (Dia 10)
Evento registrado: Produto=1, Qtd=1, Preço=10.00 (Dia 10)
Evento registrado: Produto=1, Qtd=1, Preço=10.00 (Dia 10)
Evento registrado: Produto=1, Qtd=1, Preço=10.00 (Dia 10)
Evento registrado: Produto=1, Qtd=1, Preço=10.00 (Dia 10)
Evento registrado: Produto=1, Qtd=1, Preço=10.00 (Dia 10)
Evento registrado: Produto=1, Qtd=1, Preço=10.00 (Dia 10)
Evento registrado: Produto=1, Qtd=1, Preço=10.00 (Dia 10)
Evento registrado: Produto=1, Qtd=1, Preço=10.00 (Dia 10)
Evento registrado: Produto=1, Qtd=1, Preço=10.00 (Dia 10)
Evento registrado: Produto=1, Qtd=1, Preço=10.00 (Dia 10)
Evento registrado: Produto=1, Qtd=1, Preço=10.00 (Dia 10)
Evento registrado: Produto=1, Qtd=1, Preço=10.00 (Dia 10)
Evento registrado: Produto=1, Qtd=1, Preço=10.00 (Dia 10)
Evento registrado: Produto=1, Qtd=1, Preço=10.00 (Dia 10)
Evento registrado: Produto=1, Qtd=1, Preço=10.00 (Dia 10)
Evento registrado: Produto=1, Qtd=1, Preço=10.00 (Dia 10)
Evento registrado: Produto=1, Qtd=1, Preço=10.00 (Dia 10)
Evento registrado: Produto=1, Qtd=1, Preço=10.00 (Dia 10)
Evento registrado: Produto=1, Qtd=1, Preço=10.00 (Dia 10)
Evento registrado: Produto=1, Qtd=1, Preço=10.00 (Dia 10)
Evento registrado: Produto=1, Qtd=1, Preço=10.00 (Dia 10)
Evento registrado: Produto=1, Qtd=1, Preço=10.00 (Dia 10)
Evento registrado: Produto=1, Qtd=1, Preço=10.00 (Dia 10)
Evento registrado: Produto=1, Qtd=1, Preço=10.00 (Dia 10)
Evento registrado: Produto=1, Qtd=1, Preço=10.00 (Dia 10)
Evento registrado: Produto=1, Qtd=1, Preço=10.00 (Dia 10)
Evento registrado: Produto=1, Qtd=1, Preço=10.00 (Dia 10)
Evento registrado: Produto=1, Qtd=1, Preço=10.00 (Dia 10)
Evento registrado: Produto=1, Qtd=1, Preço=10.00 (Dia 10)
Evento registrado: Produto=1, Qtd=1, Preço=10.00 (Dia 10)
Evento registrado: Produto=1, Qtd=1, Preço=10.00 (Dia 10)
Evento registrado: Produto=1, Qtd=1, Preço=10.00 (Dia 10)
Evento registrado: Produto=1, Qtd=1, Preço=10.00 (Dia 10)
Evento registrado: Produto=1, Qtd=1, Preço=10.00 (Dia 10)
Evento registrado: Produto=1, Qtd=1, Preço=10.00 (Dia 10)
Evento registrado: Produto=1, Qtd=1, Preço=10.00 (Dia 10)
Evento registrado: Produto=1, Qtd=1, Preço=10.00 (Dia 10)
Evento registrado: Produto=1, Qtd=1, Preço=10.00 (Dia 10)
Evento registrado: Produto=1, Qtd=1, Preço=10.00 (Dia 10)
Evento registrado: Produto=1, Qtd=1, Preço=10.00 (Dia 10)
Evento registrado: Produto=1, Qtd=1, Preço=10.00 (Dia 10)
Evento registrado: Produto=1, Qtd=1, Preço=10.00 (Dia 10)
Evento registrado: Produto=1, Qtd=1, Preço=10.00 (Dia 10)
Evento registrado: Produto=1, Qtd=1, Preço=10.00 (Dia 10)
Evento registrado: Produto=1, Qtd=1, Preço=10.00 (Dia 10)
Evento registrado: Produto=1, Qtd=1, Preço=10.00 (Dia 10)
Evento registrado: Produto=1, Qtd=1, Preço=10.00 (Dia 10)
Evento registrado: Produto=1, Qtd=1, Preço=10.00 (Dia 10)
Evento registrado: Produto=1, Qtd=1, Preço=10.00 (Dia 10)
Evento registrado: Produto=1, Qtd=1, Preço=10.00 (Dia 10)
Evento registrado: Produto=1, Qtd=1, Preço=10.00 (Dia 10)
Evento registrado: Produto=1, Qtd=1, Preço=10.00 (Dia 10)
Evento registrado: Produto=1, Qtd=1, Preço=10.00 (Dia 10)
Evento registrado: Produto=1, Qtd=1, Preço=10.00 (Dia 10)
Evento registrado: Produto=1, Qtd=1, Preço=10.00 (Dia 10)
Evento registrado: Produto=1, Qtd=1, Preço=10.00 (Dia 10)
Evento registrado: Produto=1, Qtd=1, Preço=10.00 (Dia 10)
Evento registrado: Produto=1, Qtd=1, Preço=10.00 (Dia 10)
Evento registrado: Produto=1, Qtd=1, Preço=10.00 (Dia 10)
Evento registrado: Produto=1, Qtd=1, Preço=10.00 (Dia 10)
Evento registrado: Produto=1, Qtd=1, Preço=10.00 (Dia 10)
Evento registrado: Produto=1, Qtd=1, Preço=10.00 (Dia 10)
Evento registrado: Produto=1, Qtd=1, Preço=10.00 (Dia 10)
Evento registrado: Produto=1, Qtd=1, Preço=10.00 (Dia 10)
Evento registrado: Produto=1, Qtd=1, Preço=10.00 (Dia 10)
Evento registrado: Produto=1, Qtd=1, Preço=10.00 (Dia 10)
Evento registrado: Produto=1, Qtd=1, Preço=10.00 (Dia 10)
Evento registrado: Produto=1, Qtd=1, Preço=10.00 (Dia 10)
Evento registrado: Produto=1, Qtd=1, Preço=10.00 (Dia 10)
Evento registrado: Produto=1, Qtd=1, Preço=10.00 (Dia 10)
Evento registrado: Produto=1, Qtd=1, Preço=10.00 (Dia 10)
Evento registrado: Produto=1, Qtd=1, Preço=10.00 (Dia 10)
Evento registrado: Produto=1, Qtd=1, Preço=10.00 (Dia 10)
Evento registrado: Produto=1, Qtd=1, Preço=10.00 (Dia 10)
Evento registrado: Produto=1, Qtd=1, Preço=10.00 (Dia 10)
Evento registrado: Produto=1, Qtd=1, Preço=10.00 (Dia 10)
Evento registrado: Produto=1, Qtd=1, Preço=10.00 (Dia 10)
Evento registrado: Produto=1, Qtd=1, Preço=10.00 (Dia 10)
Evento registrado: Produto=1, Qtd=1, Preço=10.00 (Dia 10)
Evento registrado: Produto=1, Qtd=1, Preço=10.00 (Dia 10)
Evento registrado: Produto=1, Qtd=1, Preço=10.00 (Dia 10)
Evento registrado: Produto=1, Qtd=1, Preço=10.00 (Dia 10)
Evento registrado: Produto=1, Qtd=1, Preço=10.00 (Dia 10)
Evento registrado: Produto=1, Qtd=1, Preço=10.00 (Dia 10)
Evento registrado: Produto=1, Qtd=1, Preço=10.00 (Dia 10)
Evento registrado: Produto=1, Qtd=1, Preço=10.00 (Dia 10)
Evento registrado: Produto=1, Qtd=1, Preço=10.00 (Dia 10)
Evento registrado: Produto=1, Qtd=1, Preço=10.00 (Dia 10)
Evento registrado: Produto=1, Qtd=1, Preço=10.00 (Dia 10)
Evento registrado: Produto=1, Qtd=1, Preço=10.00 (Dia 10)
Evento registrado: Produto=1, Qtd=1, Preço=10.00 (Dia 10)
Evento registrado: Produto=1, Qtd=1, Preço=10.00 (Dia 10)
Evento registrado: Produto=1, Qtd=1, Preço=10.00 (Dia 10)
Evento registrado: Produto=1, Qtd=1, Preço=10.00 (Dia 10)
Evento registrado: Produto=1, Qtd=1, Preço=10.00 (Dia 10)
Evento registrado: Produto=1, Qtd=1, Preço=10.00 (Dia 10)
Evento registrado: Produto=1, Qtd=1, Preço=10.00 (Dia 10)
Evento registrado: Produto=1, Qtd=1, Preço=10.00 (Dia 10)
Evento registrado: Produto=1, Qtd=1, Preço=10.00 (Dia 10)
Evento registrado: Produto=1, Qtd=1, Preço=10.00 (Dia 10)
Evento registrado: Produto=1, Qtd=1, Preço=10.00 (Dia 10)
Evento registrado: Produto=1, Qtd=1, Preço=10.00 (Dia 10)
Evento registrado: Produto=1, Qtd=1, Preço=10.00 (Dia 10)
Evento registrado: Produto=1, Qtd=1, Preço=10.00 (Dia 10)
Evento registrado: Produto=1, Qtd=1, Preço=10.00 (Dia 10)
Evento registrado: Produto=1, Qtd=1, Preço=10.00 (Dia 10)
Evento registrado: Produto=1, Qtd=1, Preço=10.00 (Dia 10)
Evento registrado: Produto=1, Qtd=1, Preço=10.00 (Dia 10)
Evento registrado: Produto=1, Qtd=1, Preço=10.00 (Dia 10)
Evento registrado: Produto=1, Qtd=1, Preço=10.00 (Dia 10)
Evento registrado: Produto=1, Qtd=1, Preço=10.00 (Dia 10)
Evento registrado: Produto=1, Qtd=1, Preço=10.00 (Dia 10)
Evento registrado: Produto=1, Qtd=1, Preço=10.00 (Dia 10)
Evento registrado: Produto=1, Qtd=1, Preço=10.00 (Dia 10)
Evento registrado: Produto=1, Qtd=1, Preço=10.00 (Dia 10)
Evento registrado: Produto=1, Qtd=1, Preço=10.00 (Dia 10)
Evento registrado: Produto=1, Qtd=1, Preço=10.00 (Dia 10)
Evento registrado: Produto=1, Qtd=1, Preço=10.00 (Dia 10)
Evento registrado: Produto=1, Qtd=1, Preço=10.00 (Dia 10)
Evento registrado: Produto=1, Qtd=1, Preço=10.00 (Dia 10)
Evento registrado: Produto=1, Qtd=1, Preço=10.00 (Dia 10)
Evento registrado: Produto=1, Qtd=1, Preço=10.00 (Dia 10)
Evento registrado: Produto=1, Qtd=1, Preço=10.00 (Dia 10)
Evento registrado: Produto=1, Qtd=1, Preço=10.00 (Dia 10)
Evento registrado: Produto=1, Qtd=1, Preço=10.00 (Dia 10)
Evento registrado: Produto=1, Qtd=1, Preço=10.00 (Dia 10)
Evento registrado: Produto=1, Qtd=1, Preço=10.00 (Dia 10)
Evento registrado: Produto=1, Qtd=1, Preço=10.00 (Dia 10)
Evento registrado: Produto=1, Qtd=1, Preço=10.00 (Dia 10)
Evento registrado: Produto=1, Qtd=1, Preço=10.00 (Dia 10)
Evento registrado: Produto=1, Qtd=1, Preço=10.00 (Dia 10)
Evento registrado: Produto=1, Qtd=1, Preço=10.00 (Dia 10)
Evento registrado: Produto=1, Qtd=1, Preço=10.00 (Dia 10)
Evento registrado: Produto=1, Qtd=1, Preço=10.00 (Dia 10)
Evento registrado: Produto=1, Qtd=1, Preço=10.00 (Dia 10)
Evento registrado: Produto=1, Qtd=1, Preço=10.00 (Dia 10)
Evento registrado: Produto=1, Qtd=1, Preço=10.00 (Dia 10)
Evento registrado: Produto=1, Qtd=1, Preço=10.00 (Dia 10)
Evento registrado: Produto=1, Qtd=1, Preço=10.00 (Dia 10)
Evento registrado: Produto=1, Qtd=1, Preço=10.00 (Dia 10)
Evento registrado: Produto=1, Qtd=1, Preço=10.00 (Dia 10)
Evento registrado: Produto=1, Qtd=1, Preço=10.00 (Dia 10)
Evento registrado: Produto=1, Qtd=1, Preço=10.00 (Dia 10)
Evento registrado: Produto=1, Qtd=1, Preço=10.00 (Dia 10)
Evento registrado: Produto=1, Qtd=1, Preço=10.00 (Dia 10)
Evento registrado: Produto=1, Qtd=1, Preço=10.00 (Dia 10)
Evento registrado: Produto=1, Qtd=1, Preço=10.00 (Dia 10)
Evento registrado: Produto=1, Qtd=1, Preço=10.00 (Dia 10)
Evento registrado: Produto=1, Qtd=1, Preço=10.00 (Dia 10)
Evento registrado: Produto=1, Qtd=1, Preço=10.00 (Dia 10)
Evento registrado: Produto=1, Qtd=1, Preço=10.00 (Dia 10)
Evento registrado: Produto=1, Qtd=1, Preço=10.00 (Dia 10)
Evento registrado: Produto=1, Qtd=1, Preço=10.00 (Dia 10)
Evento registrado: Produto=1, Qtd=1, Preço=10.00 (Dia 10)
Evento registrado: Produto=1, Qtd=1, Preço=10.00 (Dia 10)
Evento registrado: Produto=1, Qtd=1, Preço=10.00 (Dia 10)
Evento registrado: Produto=1, Qtd=1, Preço=10.00 (Dia 10)
Evento registrado: Produto=1, Qtd=1, Preço=10.00 (Dia 10)
Evento registrado: Produto=1, Qtd=1, Preço=10.00 (Dia 10)
Evento registrado: Produto=1, Qtd=1, Preço=10.00 (Dia 10)
Evento registrado: Produto=1, Qtd=1, Preço=10.00 (Dia 10)
Evento registrado: Produto=1, Qtd=1, Preço=10.00 (Dia 10)
Evento registrado: Produto=1, Qtd=1, Preço=10.00 (Dia 10)
Evento registrado: Produto=1, Qtd=1, Preço=10.00 (Dia 10)
Evento registrado: Produto=1, Qtd=1, Preço=10.00 (Dia 10)
Evento registrado: Produto=1, Qtd=1, Preço=10.00 (Dia 10)
Evento registrado: Produto=1, Qtd=1, Preço=10.00 (Dia 10)
Evento registrado: Produto=1, Qtd=1, Preço=10.00 (Dia 10)
Evento registrado: Produto=1, Qtd=1, Preço=10.00 (Dia 10)
Evento registrado: Produto=1, Qtd=1, Preço=10.00 (Dia 10)
Evento registrado: Produto=1, Qtd=1, Preço=10.00 (Dia 10)
Evento registrado: Produto=1, Qtd=1, Preço=10.00 (Dia 10)
Evento registrado: Produto=1, Qtd=1, Preço=10.00 (Dia 10)
Evento registrado: Produto=1, Qtd=1, Preço=10.00 (Dia 10)
Evento registrado: Produto=1, Qtd=1, Preço=10.00 (Dia 10)
Evento registrado: Produto=1, Qtd=1, Preço=10.00 (Dia 10)
Evento registrado: Produto=1, Qtd=1, Preço=10.00 (Dia 10)
Evento registrado: Produto=1, Qtd=1, Preço=10.00 (Dia 10)
Evento registrado: Produto=1, Qtd=1, Preço=10.00 (Dia 10)
Evento registrado: Produto=1, Qtd=1, Preço=10.00 (Dia 10)
Evento registrado: Produto=1, Qtd=1, Preço=10.00 (Dia 10)
Evento registrado: Produto=1, Qtd=1, Preço=10.00 (Dia 10)
Evento registrado: Produto=1, Qtd=1, Preço=10.00 (Dia 10)
Evento registrado: Produto=1, Qtd=1, Preço=10.00 (Dia 10)
Evento registrado: Produto=1, Qtd=1, Preço=10.00 (Dia 10)
Evento registrado: Produto=1, Qtd=1, Preço=10.00 (Dia 10)
Evento registrado: Produto=1, Qtd=1, Preço=10.00 (Dia 10)
Evento registrado: Produto=1, Qtd=1, Preço=10.00 (Dia 10)
Evento registrado: Produto=1, Qtd=1, Preço=10.00 (Dia 10)
Evento registrado: Produto=1, Qtd=1, Preço=10.00 (Dia 10)
Evento registrado: Produto=1, Qtd=1, Preço=10.00 (Dia 10)
Evento registrado: Produto=1, Qtd=1, Preço=10.00 (Dia 10)
Evento registrado: Produto=1, Qtd=1, Preço=10.00 (Dia 10)
Evento registrado: Produto=1, Qtd=1, Preço=10.00 (Dia 10)
Evento registrado: Produto=1, Qtd=1, Preço=10.00 (Dia 10)
Evento registrado: Produto=1, Qtd=1, Preço=10.00 (Dia 10)
Evento registrado: Produto=1, Qtd=1, Preço=10.00 (Dia 10)
Evento registrado: Produto=1, Qtd=1, Preço=10.00 (Dia 10)
Evento registrado: Produto=1, Qtd=1, Preço=10.00 (Dia 10)
Evento registrado: Produto=1, Qtd=1, Preço=10.00 (Dia 10)
Evento registrado: Produto=1, Qtd=1, Preço=10.00 (Dia 10)
Evento registrado: Produto=1, Qtd=1, Preço=10.00 (Dia 10)
Evento registrado: Produto=1, Qtd=1, Preço=10.00 (Dia 10)
Evento registrado: Produto=1, Qtd=1, Preço=10.00 (Dia 10)
Evento registrado: Produto=1, Qtd=1, Preço=10.00 (Dia 10)
Evento registrado: Produto=1, Qtd=1, Preço=10.00 (Dia 10)
Evento registrado: Produto=1, Qtd=1, Preço=10.00 (Dia 10)
Evento registrado: Produto=1, Qtd=1, Preço=10.00 (Dia 10)
Evento registrado: Produto=1, Qtd=1, Preço=10.00 (Dia 10)
Evento registrado: Produto=1, Qtd=1, Preço=10.00 (Dia 10)
Evento registrado: Produto=1, Qtd=1, Preço=10.00 (Dia 10)
Evento registrado: Produto=1, Qtd=1, Preço=10.00 (Dia 10)
Evento registrado: Produto=1, Qtd=1, Preço=10.00 (Dia 10)
Evento registrado: Produto=1, Qtd=1, Preço=10.00 (Dia 10)
Evento registrado: Produto=1, Qtd=1, Preço=10.00 (Dia 10)
Evento registrado: Produto=1, Qtd=1, Preço=10.00 (Dia 10)
Evento registrado: Produto=1, Qtd=1, Preço=10.00 (Dia 10)
Evento registrado: Produto=1, Qtd=1, Preço=10.00 (Dia 10)
Evento registrado: Produto=1, Qtd=1, Preço=10.00 (Dia 10)
Evento registrado: Produto=1, Qtd=1, Preço=10.00 (Dia 10)
Evento registrado: Produto=1, Qtd=1, Preço=10.00 (Dia 10)
Evento registrado: Produto=1, Qtd=1, Preço=10.00 (Dia 10)
Evento registrado: Produto=1, Qtd=1, Preço=10.00 (Dia 10)
Evento registrado: Produto=1, Qtd=1, Preço=10.00 (Dia 10)
Evento registrado: Produto=1, Qtd=1, Preço=10.00 (Dia 10)
Evento registrado: Produto=1, Qtd=1, Preço=10.00 (Dia 10)
Evento registrado: Produto=1, Qtd=1, Preço=10.00 (Dia 10)
Evento registrado: Produto=1, Qtd=1, Preço=10.00 (Dia 10)
Evento registrado: Produto=1, Qtd=1, Preço=10.00 (Dia 10)
Evento registrado: Produto=1, Qtd=1, Preço=10.00 (Dia 10)
Evento registrado: Produto=1, Qtd=1, Preço=10.00 (Dia 10)
Evento registrado: Produto=1, Qtd=1, Preço=10.00 (Dia 10)
Evento registrado: Produto=1, Qtd=1, Preço=10.00 (Dia 10)
Evento registrado: Produto=1, Qtd=1, Preço=10.00 (Dia 10)
Evento registrado: Produto=1, Qtd=1, Preço=10.00 (Dia 10)
Evento registrado: Produto=1, Qtd=1, Preço=10.00 (Dia 10)
Evento registrado: Produto=1, Qtd=1, Preço=10.00 (Dia 10)
Evento registrado: Produto=1, Qtd=1, Preço=10.00 (Dia 10)
Evento registrado: Produto=1, Qtd=1, Preço=10.00 (Dia 10)
Evento registrado: Produto=1, Qtd=1, Preço=10.00 (Dia 10)
Evento registrado: Produto=1, Qtd=1, Preço=10.00 (Dia 10)
Evento registrado: Produto=1, Qtd=1, Preço=10.00 (Dia 10)
Evento registrado: Produto=1, Qtd=1, Preço=10.00 (Dia 10)
Evento registrado: Produto=1, Qtd=1, Preço=10.00 (Dia 10)
Evento registrado: Produto=1, Qtd=1, Preço=10.00 (Dia 10)
Evento registrado: Produto=1, Qtd=1, Preço=10.00 (Dia 10)
Evento registrado: Produto=1, Qtd=1, Preço=10.00 (Dia 10)
Evento registrado: Produto=1, Qtd=1, Preço=10.00 (Dia 10)
Evento registrado: Produto=1, Qtd=1, Preço=10.00 (Dia 10)
Evento registrado: Produto=1, Qtd=1, Preço=10.00 (Dia 10)
Evento registrado: Produto=1, Qtd=1, Preço=10.00 (Dia 10)
Evento registrado: Produto=1, Qtd=1, Preço=10.00 (Dia 10)
Evento registrado: Produto=1, Qtd=1, Preço=10.00 (Dia 10)
Evento registrado: Produto=1, Qtd=1, Preço=10.00 (Dia 10)
Evento registrado: Produto=1, Qtd=1, Preço=10.00 (Dia 10)
Evento registrado: Produto=1, Qtd=1, Preço=10.00 (Dia 10)
Evento registrado: Produto=1, Qtd=1, Preço=10.00 (Dia 10)
Evento registrado: Produto=1, Qtd=1, Preço=10.00 (Dia 10)
Evento registrado: Produto=1, Qtd=1, Preço=10.00 (Dia 10)
Evento registrado: Produto=1, Qtd=1, Preço=10.00 (Dia 10)
Evento registrado: Produto=1, Qtd=1, Preço=10.00 (Dia 10)
Evento registrado: Produto=1, Qtd=1, Preço=10.00 (Dia 10)
Evento registrado: Produto=1, Qtd=1, Preço=10.00 (Dia 10)
Evento registrado: Produto=1, Qtd=1, Preço=10.00 (Dia 10)
Evento registrado: Produto=1, Qtd=1, Preço=10.00 (Dia 10)
Evento registrado: Produto=1, Qtd=1, Preço=10.00 (Dia 10)
Evento registrado: Produto=1, Qtd=1, Preço=10.00 (Dia 10)
Evento registrado: Produto=1, Qtd=1, Preço=10.00 (Dia 10)
Evento registrado: Produto=1, Qtd=1, Preço=10.00 (Dia 10)
Evento registrado: Produto=1, Qtd=1, Preço=10.00 (Dia 10)
Evento registrado: Produto=1, Qtd=1, Preço=10.00 (Dia 10)
Evento registrado: Produto=1, Qtd=1, Preço=10.00 (Dia 10)
Evento registrado: Produto=1, Qtd=1, Preço=10.00 (Dia 10)
Evento registrado: Produto=1, Qtd=1, Preço=10.00 (Dia 10)
Evento registrado: Produto=1, Qtd=1, Preço=10.00 (Dia 10)
Evento registrado: Produto=1, Qtd=1, Preço=10.00 (Dia 10)
Evento registrado: Produto=1, Qtd=1, Preço=10.00 (Dia 10)
Evento registrado: Produto=1, Qtd=1, Preço=10.00 (Dia 10)
Evento registrado: Produto=1, Qtd=1, Preço=10.00 (Dia 10)
Evento registrado: Produto=1, Qtd=1, Preço=10.00 (Dia 10)
Evento registrado: Produto=1, Qtd=1, Preço=10.00 (Dia 10)
Evento registrado: Produto=1, Qtd=1, Preço=10.00 (Dia 10)
Evento registrado: Produto=1, Qtd=1, Preço=10.00 (Dia 10)
Evento registrado: Produto=1, Qtd=1, Preço=10.00 (Dia 10)
Evento registrado: Produto=1, Qtd=1, Preço=10.00 (Dia 10)
Evento registrado: Produto=1, Qtd=1, Preço=10.00 (Dia 10)
Evento registrado: Produto=1, Qtd=1, Preço=10.00 (Dia 10)
Evento registrado: Produto=1, Qtd=1, Preço=10.00 (Dia 10)
Evento registrado: Produto=1, Qtd=1, Preço=10.00 (Dia 10)
Evento registrado: Produto=1, Qtd=1, Preço=10.00 (Dia 10)
Evento registrado: Produto=1, Qtd=1, Preço=10.00 (Dia 10)
Evento registrado: Produto=1, Qtd=1, Preço=10.00 (Dia 10)
Evento registrado: Produto=1, Qtd=1, Preço=10.00 (Dia 10)
Evento registrado: Produto=1, Qtd=1, Preço=10.00 (Dia 10)
Evento registrado: Produto=1, Qtd=1, Preço=10.00 (Dia 10)
Evento registrado: Produto=1, Qtd=1, Preço=10.00 (Dia 10)
Evento registrado: Produto=1, Qtd=1, Preço=10.00 (Dia 10)
Evento registrado: Produto=1, Qtd=1, Preço=10.00 (Dia 10)
Evento registrado: Produto=1, Qtd=1, Preço=10.00 (Dia 10)
Evento registrado: Produto=1, Qtd=1, Preço=10.00 (Dia 10)
Evento registrado: Produto=1, Qtd=1, Preço=10.00 (Dia 10)
Evento registrado: Produto=1, Qtd=1, Preço=10.00 (Dia 10)
Evento registrado: Produto=1, Qtd=1, Preço=10.00 (Dia 10)
Evento registrado: Produto=1, Qtd=1, Preço=10.00 (Dia 10)
Evento registrado: Produto=1, Qtd=1, Preço=10.00 (Dia 10)
Evento registrado: Produto=1, Qtd=1, Preço=10.00 (Dia 10)
Evento registrado: Produto=1, Qtd=1, Preço=10.00 (Dia 10)
Evento registrado: Produto=1, Qtd=1, Preço=10.00 (Dia 10)
Evento registrado: Produto=1, Qtd=1, Preço=10.00 (Dia 10)
Evento registrado: Produto=1, Qtd=1, Preço=10.00 (Dia 10)
Evento registrado: Produto=1, Qtd=1, Preço=10.00 (Dia 10)
Evento registrado: Produto=1, Qtd=1, Preço=10.00 (Dia 10)
Evento registrado: Produto=1, Qtd=1, Preço=10.00 (Dia 10)
Evento registrado: Produto=1, Qtd=1, Preço=10.00 (Dia 10)
ConnectionPool fechado
ConnectionPool fechado
Desconectado do servidor
Cliente desconectado: /127.0.0.1
[Server] Cliente removido: /127.0.0.1 (Restantes: 9)
ConnectionPool fechado
ConnectionPool fechado
Desconectado do servidor
ConnectionPool fechado
ConnectionPool fechado
Desconectado do servidor
Cliente desconectado: /127.0.0.1
Cliente desconectado: /127.0.0.1
[Server] Cliente removido: /127.0.0.1 (Restantes: 8)
[Server] Cliente removido: /127.0.0.1 (Restantes: 7)
ConnectionPool fechado
ConnectionPool fechado
ConnectionPool fechado
ConnectionPool fechado
ConnectionPool fechado
ConnectionPool fechado
ConnectionPool fechado
ConnectionPool fechado
ConnectionPool fechado
ConnectionPool fechado
Desconectado do servidor
Desconectado do servidor
Desconectado do servidor
Desconectado do servidor
Desconectado do servidor
Cliente desconectado: /127.0.0.1
Cliente desconectado: /127.0.0.1
Cliente desconectado: /127.0.0.1
Cliente desconectado: /127.0.0.1
[Server] Cliente removido: /127.0.0.1 (Restantes: 6)
[Server] Cliente removido: /127.0.0.1 (Restantes: 5)
[Server] Cliente removido: /127.0.0.1 (Restantes: 4)
Cliente desconectado: /127.0.0.1
[Server] Cliente removido: /127.0.0.1 (Restantes: 3)
[Server] Cliente removido: /127.0.0.1 (Restantes: 2)
ConnectionPool fechado
ConnectionPool fechado
Desconectado do servidor
ConnectionPool fechado
ConnectionPool fechado
Desconectado do servidor
Cliente desconectado: /127.0.0.1
Cliente desconectado: /127.0.0.1
[Server] Cliente removido: /127.0.0.1 (Restantes: 1)
[Server] Cliente removido: /127.0.0.1 (Restantes: 0)
[Throughput] 239.46360153256705 req/s
ClienteMiddleware configurado com ConnectionPool (max=5)
ConnectionPool pronto para uso
[Server] Cliente conectado: /127.0.0.1 (Total: 1)
Cliente conectado: /127.0.0.1
Novo utilizador registado: latency94326044434936
Utilizador autenticado: latency94326044434936
Evento registrado: Produto=1, Qtd=1, Preço=10.00 (Dia 10)
Evento registrado: Produto=1, Qtd=1, Preço=10.00 (Dia 10)
Evento registrado: Produto=1, Qtd=1, Preço=10.00 (Dia 10)
Evento registrado: Produto=1, Qtd=1, Preço=10.00 (Dia 10)
Evento registrado: Produto=1, Qtd=1, Preço=10.00 (Dia 10)
Evento registrado: Produto=1, Qtd=1, Preço=10.00 (Dia 10)
Evento registrado: Produto=1, Qtd=1, Preço=10.00 (Dia 10)
Evento registrado: Produto=1, Qtd=1, Preço=10.00 (Dia 10)
Evento registrado: Produto=1, Qtd=1, Preço=10.00 (Dia 10)
Evento registrado: Produto=1, Qtd=1, Preço=10.00 (Dia 10)
Evento registrado: Produto=1, Qtd=1, Preço=10.00 (Dia 10)
Evento registrado: Produto=1, Qtd=1, Preço=10.00 (Dia 10)
Evento registrado: Produto=1, Qtd=1, Preço=10.00 (Dia 10)
Evento registrado: Produto=1, Qtd=1, Preço=10.00 (Dia 10)
Evento registrado: Produto=1, Qtd=1, Preço=10.00 (Dia 10)
Evento registrado: Produto=1, Qtd=1, Preço=10.00 (Dia 10)
Evento registrado: Produto=1, Qtd=1, Preço=10.00 (Dia 10)
Evento registrado: Produto=1, Qtd=1, Preço=10.00 (Dia 10)
Evento registrado: Produto=1, Qtd=1, Preço=10.00 (Dia 10)
Evento registrado: Produto=1, Qtd=1, Preço=10.00 (Dia 10)
Evento registrado: Produto=1, Qtd=1, Preço=10.00 (Dia 10)
Evento registrado: Produto=1, Qtd=1, Preço=10.00 (Dia 10)
Evento registrado: Produto=1, Qtd=1, Preço=10.00 (Dia 10)
Evento registrado: Produto=1, Qtd=1, Preço=10.00 (Dia 10)
Evento registrado: Produto=1, Qtd=1, Preço=10.00 (Dia 10)
Evento registrado: Produto=1, Qtd=1, Preço=10.00 (Dia 10)
Evento registrado: Produto=1, Qtd=1, Preço=10.00 (Dia 10)
Evento registrado: Produto=1, Qtd=1, Preço=10.00 (Dia 10)
Evento registrado: Produto=1, Qtd=1, Preço=10.00 (Dia 10)
Evento registrado: Produto=1, Qtd=1, Preço=10.00 (Dia 10)
Evento registrado: Produto=1, Qtd=1, Preço=10.00 (Dia 10)
Evento registrado: Produto=1, Qtd=1, Preço=10.00 (Dia 10)
Evento registrado: Produto=1, Qtd=1, Preço=10.00 (Dia 10)
Evento registrado: Produto=1, Qtd=1, Preço=10.00 (Dia 10)
Evento registrado: Produto=1, Qtd=1, Preço=10.00 (Dia 10)
Evento registrado: Produto=1, Qtd=1, Preço=10.00 (Dia 10)
Evento registrado: Produto=1, Qtd=1, Preço=10.00 (Dia 10)
Evento registrado: Produto=1, Qtd=1, Preço=10.00 (Dia 10)
Evento registrado: Produto=1, Qtd=1, Preço=10.00 (Dia 10)
Evento registrado: Produto=1, Qtd=1, Preço=10.00 (Dia 10)
Evento registrado: Produto=1, Qtd=1, Preço=10.00 (Dia 10)
Evento registrado: Produto=1, Qtd=1, Preço=10.00 (Dia 10)
Evento registrado: Produto=1, Qtd=1, Preço=10.00 (Dia 10)
Evento registrado: Produto=1, Qtd=1, Preço=10.00 (Dia 10)
Evento registrado: Produto=1, Qtd=1, Preço=10.00 (Dia 10)
Evento registrado: Produto=1, Qtd=1, Preço=10.00 (Dia 10)
Evento registrado: Produto=1, Qtd=1, Preço=10.00 (Dia 10)
Evento registrado: Produto=1, Qtd=1, Preço=10.00 (Dia 10)
Evento registrado: Produto=1, Qtd=1, Preço=10.00 (Dia 10)
Evento registrado: Produto=1, Qtd=1, Preço=10.00 (Dia 10)
Evento registrado: Produto=1, Qtd=1, Preço=10.00 (Dia 10)
Evento registrado: Produto=1, Qtd=1, Preço=10.00 (Dia 10)
Evento registrado: Produto=1, Qtd=1, Preço=10.00 (Dia 10)
Evento registrado: Produto=1, Qtd=1, Preço=10.00 (Dia 10)
Evento registrado: Produto=1, Qtd=1, Preço=10.00 (Dia 10)
Evento registrado: Produto=1, Qtd=1, Preço=10.00 (Dia 10)
Evento registrado: Produto=1, Qtd=1, Preço=10.00 (Dia 10)
Evento registrado: Produto=1, Qtd=1, Preço=10.00 (Dia 10)
Evento registrado: Produto=1, Qtd=1, Preço=10.00 (Dia 10)
Evento registrado: Produto=1, Qtd=1, Preço=10.00 (Dia 10)
Evento registrado: Produto=1, Qtd=1, Preço=10.00 (Dia 10)
Evento registrado: Produto=1, Qtd=1, Preço=10.00 (Dia 10)
Evento registrado: Produto=1, Qtd=1, Preço=10.00 (Dia 10)
Evento registrado: Produto=1, Qtd=1, Preço=10.00 (Dia 10)
Evento registrado: Produto=1, Qtd=1, Preço=10.00 (Dia 10)
Evento registrado: Produto=1, Qtd=1, Preço=10.00 (Dia 10)
Evento registrado: Produto=1, Qtd=1, Preço=10.00 (Dia 10)
Evento registrado: Produto=1, Qtd=1, Preço=10.00 (Dia 10)
Evento registrado: Produto=1, Qtd=1, Preço=10.00 (Dia 10)
Evento registrado: Produto=1, Qtd=1, Preço=10.00 (Dia 10)
Evento registrado: Produto=1, Qtd=1, Preço=10.00 (Dia 10)
Evento registrado: Produto=1, Qtd=1, Preço=10.00 (Dia 10)
Evento registrado: Produto=1, Qtd=1, Preço=10.00 (Dia 10)
Evento registrado: Produto=1, Qtd=1, Preço=10.00 (Dia 10)
Evento registrado: Produto=1, Qtd=1, Preço=10.00 (Dia 10)
Evento registrado: Produto=1, Qtd=1, Preço=10.00 (Dia 10)
Evento registrado: Produto=1, Qtd=1, Preço=10.00 (Dia 10)
Evento registrado: Produto=1, Qtd=1, Preço=10.00 (Dia 10)
Evento registrado: Produto=1, Qtd=1, Preço=10.00 (Dia 10)
Evento registrado: Produto=1, Qtd=1, Preço=10.00 (Dia 10)
Evento registrado: Produto=1, Qtd=1, Preço=10.00 (Dia 10)
Evento registrado: Produto=1, Qtd=1, Preço=10.00 (Dia 10)
Evento registrado: Produto=1, Qtd=1, Preço=10.00 (Dia 10)
Evento registrado: Produto=1, Qtd=1, Preço=10.00 (Dia 10)
Evento registrado: Produto=1, Qtd=1, Preço=10.00 (Dia 10)
Evento registrado: Produto=1, Qtd=1, Preço=10.00 (Dia 10)
Evento registrado: Produto=1, Qtd=1, Preço=10.00 (Dia 10)
Evento registrado: Produto=1, Qtd=1, Preço=10.00 (Dia 10)
Evento registrado: Produto=1, Qtd=1, Preço=10.00 (Dia 10)
Evento registrado: Produto=1, Qtd=1, Preço=10.00 (Dia 10)
Evento registrado: Produto=1, Qtd=1, Preço=10.00 (Dia 10)
Evento registrado: Produto=1, Qtd=1, Preço=10.00 (Dia 10)
Evento registrado: Produto=1, Qtd=1, Preço=10.00 (Dia 10)
Evento registrado: Produto=1, Qtd=1, Preço=10.00 (Dia 10)
Evento registrado: Produto=1, Qtd=1, Preço=10.00 (Dia 10)
Evento registrado: Produto=1, Qtd=1, Preço=10.00 (Dia 10)
Evento registrado: Produto=1, Qtd=1, Preço=10.00 (Dia 10)
Evento registrado: Produto=1, Qtd=1, Preço=10.00 (Dia 10)
Evento registrado: Produto=1, Qtd=1, Preço=10.00 (Dia 10)
Evento registrado: Produto=1, Qtd=1, Preço=10.00 (Dia 10)
ConnectionPool fechado
ConnectionPool fechado
Desconectado do servidor
Cliente desconectado: /127.0.0.1
[Latência] Média: 41 ms
[Server] Cliente removido: /127.0.0.1 (Restantes: 0)
ClienteMiddleware configurado com ConnectionPool (max=5)
ConnectionPool pronto para uso
ClienteMiddleware configurado com ConnectionPool (max=5)
ConnectionPool pronto para uso
ClienteMiddleware configurado com ConnectionPool (max=5)
ConnectionPool pronto para uso
ClienteMiddleware configurado com ConnectionPool (max=5)
ConnectionPool pronto para uso
ClienteMiddleware configurado com ConnectionPool (max=5)
ConnectionPool pronto para uso
ClienteMiddleware configurado com ConnectionPool (max=5)
ConnectionPool pronto para uso
[Server] Cliente conectado: /127.0.0.1 (Total: 1)
[Server] Cliente conectado: /127.0.0.1 (Total: 2)
ClienteMiddleware configurado com ConnectionPool (max=5)
ConnectionPool pronto para uso
[Server] Cliente conectado: /127.0.0.1 (Total: 3)
[Server] Cliente conectado: /127.0.0.1 (Total: 4)
[Server] Cliente conectado: /127.0.0.1 (Total: 5)
[Server] Cliente conectado: /127.0.0.1 (Total: 6)
Cliente conectado: /127.0.0.1
Cliente conectado: /127.0.0.1
Cliente conectado: /127.0.0.1
Cliente conectado: /127.0.0.1
[Server] Cliente conectado: /127.0.0.1 (Total: 7)
Cliente conectado: /127.0.0.1
Cliente conectado: /127.0.0.1
ClienteMiddleware configurado com ConnectionPool (max=5)
ConnectionPool pronto para uso
Cliente conectado: /127.0.0.1
Novo utilizador registado: sustained494330222412791
ClienteMiddleware configurado com ConnectionPool (max=5)
ConnectionPool pronto para uso
Novo utilizador registado: sustained094330221926011
Novo utilizador registado: sustained194330222018483
Novo utilizador registado: sustained294330222166478
Novo utilizador registado: sustained394330222326184
[Server] Cliente conectado: /127.0.0.1 (Total: 8)
Novo utilizador registado: sustained594330222614454
Novo utilizador registado: sustained694330223234746
[Server] Cliente conectado: /127.0.0.1 (Total: 9)
Cliente conectado: /127.0.0.1
Cliente conectado: /127.0.0.1
ClienteMiddleware configurado com ConnectionPool (max=5)
ConnectionPool pronto para uso
ClienteMiddleware configurado com ConnectionPool (max=5)
ConnectionPool pronto para uso
Utilizador autenticado: sustained094330221926011
ClienteMiddleware configurado com ConnectionPool (max=5)
ConnectionPool pronto para uso
ClienteMiddleware configurado com ConnectionPool (max=5)
Novo utilizador registado: sustained794330223887279
ConnectionPool pronto para uso
[Server] Cliente conectado: /127.0.0.1 (Total: 10)
Utilizador autenticado: sustained594330222614454
ClienteMiddleware configurado com ConnectionPool (max=5)
ConnectionPool pronto para uso
ClienteMiddleware configurado com ConnectionPool (max=5)
[Server] Cliente conectado: /127.0.0.1 (Total: 11)
ConnectionPool pronto para uso
[Server] Cliente conectado: /127.0.0.1 (Total: 12)
Novo utilizador registado: sustained894330224141931
[Server] Cliente conectado: /127.0.0.1 (Total: 13)
[Server] Cliente conectado: /127.0.0.1 (Total: 14)
[Server] Cliente conectado: /127.0.0.1 (Total: 15)
Utilizador autenticado: sustained294330222166478
Utilizador autenticado: sustained494330222412791
Cliente conectado: /127.0.0.1
Cliente conectado: /127.0.0.1
Cliente conectado: /127.0.0.1
Utilizador autenticado: sustained694330223234746
Cliente conectado: /127.0.0.1
Cliente conectado: /127.0.0.1
Utilizador autenticado: sustained194330222018483
Cliente conectado: /127.0.0.1
Utilizador autenticado: sustained794330223887279
Utilizador autenticado: sustained894330224141931
ClienteMiddleware configurado com ConnectionPool (max=5)
ConnectionPool pronto para uso
Utilizador autenticado: sustained394330222326184
Novo utilizador registado: sustained1194330225173506
Novo utilizador registado: sustained1094330224997155
Novo utilizador registado: sustained994330224958531
Novo utilizador registado: sustained1294330225379230
Novo utilizador registado: sustained1494330225718511
Novo utilizador registado: sustained1394330225747542
ClienteMiddleware configurado com ConnectionPool (max=5)
ConnectionPool pronto para uso
[Server] Cliente conectado: /127.0.0.1 (Total: 16)
Utilizador autenticado: sustained994330224958531
Cliente conectado: /127.0.0.1
Utilizador autenticado: sustained1494330225718511
ClienteMiddleware configurado com ConnectionPool (max=5)
ConnectionPool pronto para uso
Utilizador autenticado: sustained1094330224997155
Utilizador autenticado: sustained1194330225173506
ClienteMiddleware configurado com ConnectionPool (max=5)
ConnectionPool pronto para uso
[Server] Cliente conectado: /127.0.0.1 (Total: 17)
Utilizador autenticado: sustained1394330225747542
Novo utilizador registado: sustained1594330226834074
[Server] Cliente conectado: /127.0.0.1 (Total: 18)
[Server] Cliente conectado: /127.0.0.1 (Total: 19)
Cliente conectado: /127.0.0.1
Cliente conectado: /127.0.0.1
Cliente conectado: /127.0.0.1
ClienteMiddleware configurado com ConnectionPool (max=5)
ConnectionPool pronto para uso
Novo utilizador registado: sustained1694330227577747
Utilizador autenticado: sustained1294330225379230
Novo utilizador registado: sustained1794330227892294
Novo utilizador registado: sustained1894330228093064
Utilizador autenticado: sustained1594330226834074
[Server] Cliente conectado: /127.0.0.1 (Total: 20)
Utilizador autenticado: sustained1794330227892294
Utilizador autenticado: sustained1694330227577747
Cliente conectado: /127.0.0.1
Utilizador autenticado: sustained1894330228093064
Novo utilizador registado: sustained1994330228778035
Utilizador autenticado: sustained1994330228778035
Evento registrado: Produto=1, Qtd=1, Preço=10.00 (Dia 10)
Evento registrado: Produto=1, Qtd=1, Preço=10.00 (Dia 10)
Evento registrado: Produto=4, Qtd=1, Preço=10.00 (Dia 10)
Evento registrado: Produto=2, Qtd=1, Preço=10.00 (Dia 10)
Evento registrado: Produto=3, Qtd=1, Preço=10.00 (Dia 10)
Evento registrado: Produto=5, Qtd=1, Preço=10.00 (Dia 10)
Evento registrado: Produto=3, Qtd=1, Preço=10.00 (Dia 10)
Evento registrado: Produto=2, Qtd=1, Preço=10.00 (Dia 10)
Evento registrado: Produto=4, Qtd=1, Preço=10.00 (Dia 10)
Evento registrado: Produto=5, Qtd=1, Preço=10.00 (Dia 10)
Evento registrado: Produto=1, Qtd=1, Preço=10.00 (Dia 10)
Evento registrado: Produto=5, Qtd=1, Preço=10.00 (Dia 10)
Evento registrado: Produto=2, Qtd=1, Preço=10.00 (Dia 10)
Evento registrado: Produto=4, Qtd=1, Preço=10.00 (Dia 10)
Evento registrado: Produto=3, Qtd=1, Preço=10.00 (Dia 10)
Evento registrado: Produto=2, Qtd=1, Preço=10.00 (Dia 10)
Evento registrado: Produto=4, Qtd=1, Preço=10.00 (Dia 10)
Evento registrado: Produto=3, Qtd=1, Preço=10.00 (Dia 10)
Evento registrado: Produto=1, Qtd=1, Preço=10.00 (Dia 10)
Evento registrado: Produto=5, Qtd=1, Preço=10.00 (Dia 10)
Evento registrado: Produto=1, Qtd=1, Preço=10.00 (Dia 10)
Evento registrado: Produto=1, Qtd=1, Preço=10.00 (Dia 10)
Evento registrado: Produto=5, Qtd=1, Preço=10.00 (Dia 10)
Evento registrado: Produto=2, Qtd=1, Preço=10.00 (Dia 10)
Evento registrado: Produto=2, Qtd=1, Preço=10.00 (Dia 10)
Evento registrado: Produto=3, Qtd=1, Preço=10.00 (Dia 10)
Evento registrado: Produto=4, Qtd=1, Preço=10.00 (Dia 10)
Evento registrado: Produto=5, Qtd=1, Preço=10.00 (Dia 10)
Evento registrado: Produto=3, Qtd=1, Preço=10.00 (Dia 10)
Evento registrado: Produto=1, Qtd=1, Preço=10.00 (Dia 10)
Evento registrado: Produto=5, Qtd=1, Preço=10.00 (Dia 10)
Evento registrado: Produto=4, Qtd=1, Preço=10.00 (Dia 10)
Evento registrado: Produto=2, Qtd=1, Preço=10.00 (Dia 10)
Evento registrado: Produto=2, Qtd=1, Preço=10.00 (Dia 10)
Evento registrado: Produto=4, Qtd=1, Preço=10.00 (Dia 10)
Evento registrado: Produto=4, Qtd=1, Preço=10.00 (Dia 10)
Evento registrado: Produto=3, Qtd=1, Preço=10.00 (Dia 10)
Evento registrado: Produto=1, Qtd=1, Preço=10.00 (Dia 10)
Evento registrado: Produto=3, Qtd=1, Preço=10.00 (Dia 10)
Evento registrado: Produto=5, Qtd=1, Preço=10.00 (Dia 10)
Evento registrado: Produto=1, Qtd=1, Preço=10.00 (Dia 10)
Evento registrado: Produto=1, Qtd=1, Preço=10.00 (Dia 10)
Evento registrado: Produto=2, Qtd=1, Preço=10.00 (Dia 10)
Evento registrado: Produto=5, Qtd=1, Preço=10.00 (Dia 10)
Evento registrado: Produto=3, Qtd=1, Preço=10.00 (Dia 10)
Evento registrado: Produto=2, Qtd=1, Preço=10.00 (Dia 10)
Evento registrado: Produto=4, Qtd=1, Preço=10.00 (Dia 10)
Evento registrado: Produto=5, Qtd=1, Preço=10.00 (Dia 10)
Evento registrado: Produto=1, Qtd=1, Preço=10.00 (Dia 10)
Evento registrado: Produto=3, Qtd=1, Preço=10.00 (Dia 10)
Evento registrado: Produto=5, Qtd=1, Preço=10.00 (Dia 10)
Evento registrado: Produto=4, Qtd=1, Preço=10.00 (Dia 10)
Evento registrado: Produto=2, Qtd=1, Preço=10.00 (Dia 10)
Evento registrado: Produto=3, Qtd=1, Preço=10.00 (Dia 10)
Evento registrado: Produto=2, Qtd=1, Preço=10.00 (Dia 10)
Evento registrado: Produto=4, Qtd=1, Preço=10.00 (Dia 10)
Evento registrado: Produto=4, Qtd=1, Preço=10.00 (Dia 10)
Evento registrado: Produto=1, Qtd=1, Preço=10.00 (Dia 10)
Evento registrado: Produto=3, Qtd=1, Preço=10.00 (Dia 10)
Evento registrado: Produto=5, Qtd=1, Preço=10.00 (Dia 10)
Evento registrado: Produto=1, Qtd=1, Preço=10.00 (Dia 10)
Evento registrado: Produto=1, Qtd=1, Preço=10.00 (Dia 10)
Evento registrado: Produto=3, Qtd=1, Preço=10.00 (Dia 10)
Evento registrado: Produto=2, Qtd=1, Preço=10.00 (Dia 10)
Evento registrado: Produto=4, Qtd=1, Preço=10.00 (Dia 10)
Evento registrado: Produto=5, Qtd=1, Preço=10.00 (Dia 10)
Evento registrado: Produto=2, Qtd=1, Preço=10.00 (Dia 10)
Evento registrado: Produto=5, Qtd=1, Preço=10.00 (Dia 10)
Evento registrado: Produto=1, Qtd=1, Preço=10.00 (Dia 10)
Evento registrado: Produto=3, Qtd=1, Preço=10.00 (Dia 10)
Evento registrado: Produto=4, Qtd=1, Preço=10.00 (Dia 10)
Evento registrado: Produto=5, Qtd=1, Preço=10.00 (Dia 10)
Evento registrado: Produto=2, Qtd=1, Preço=10.00 (Dia 10)
Evento registrado: Produto=3, Qtd=1, Preço=10.00 (Dia 10)
Evento registrado: Produto=2, Qtd=1, Preço=10.00 (Dia 10)
Evento registrado: Produto=4, Qtd=1, Preço=10.00 (Dia 10)
Evento registrado: Produto=4, Qtd=1, Preço=10.00 (Dia 10)
Evento registrado: Produto=1, Qtd=1, Preço=10.00 (Dia 10)
Evento registrado: Produto=3, Qtd=1, Preço=10.00 (Dia 10)
Evento registrado: Produto=5, Qtd=1, Preço=10.00 (Dia 10)
Evento registrado: Produto=1, Qtd=1, Preço=10.00 (Dia 10)
Evento registrado: Produto=3, Qtd=1, Preço=10.00 (Dia 10)
Evento registrado: Produto=2, Qtd=1, Preço=10.00 (Dia 10)
Evento registrado: Produto=2, Qtd=1, Preço=10.00 (Dia 10)
Evento registrado: Produto=1, Qtd=1, Preço=10.00 (Dia 10)
Evento registrado: Produto=4, Qtd=1, Preço=10.00 (Dia 10)
Evento registrado: Produto=5, Qtd=1, Preço=10.00 (Dia 10)
Evento registrado: Produto=5, Qtd=1, Preço=10.00 (Dia 10)
Evento registrado: Produto=1, Qtd=1, Preço=10.00 (Dia 10)
Evento registrado: Produto=3, Qtd=1, Preço=10.00 (Dia 10)
Evento registrado: Produto=5, Qtd=1, Preço=10.00 (Dia 10)
Evento registrado: Produto=4, Qtd=1, Preço=10.00 (Dia 10)
Evento registrado: Produto=2, Qtd=1, Preço=10.00 (Dia 10)
Evento registrado: Produto=3, Qtd=1, Preço=10.00 (Dia 10)
Evento registrado: Produto=4, Qtd=1, Preço=10.00 (Dia 10)
Evento registrado: Produto=2, Qtd=1, Preço=10.00 (Dia 10)
Evento registrado: Produto=4, Qtd=1, Preço=10.00 (Dia 10)
Evento registrado: Produto=1, Qtd=1, Preço=10.00 (Dia 10)
Evento registrado: Produto=3, Qtd=1, Preço=10.00 (Dia 10)
Evento registrado: Produto=5, Qtd=1, Preço=10.00 (Dia 10)
Evento registrado: Produto=2, Qtd=1, Preço=10.00 (Dia 10)
Evento registrado: Produto=1, Qtd=1, Preço=10.00 (Dia 10)
Evento registrado: Produto=3, Qtd=1, Preço=10.00 (Dia 10)
Evento registrado: Produto=4, Qtd=1, Preço=10.00 (Dia 10)
Evento registrado: Produto=1, Qtd=1, Preço=10.00 (Dia 10)
Evento registrado: Produto=2, Qtd=1, Preço=10.00 (Dia 10)
Evento registrado: Produto=3, Qtd=1, Preço=10.00 (Dia 10)
Evento registrado: Produto=1, Qtd=1, Preço=10.00 (Dia 10)
Evento registrado: Produto=4, Qtd=1, Preço=10.00 (Dia 10)
Evento registrado: Produto=5, Qtd=1, Preço=10.00 (Dia 10)
Evento registrado: Produto=5, Qtd=1, Preço=10.00 (Dia 10)
Evento registrado: Produto=5, Qtd=1, Preço=10.00 (Dia 10)
Evento registrado: Produto=2, Qtd=1, Preço=10.00 (Dia 10)
Evento registrado: Produto=4, Qtd=1, Preço=10.00 (Dia 10)
Evento registrado: Produto=3, Qtd=1, Preço=10.00 (Dia 10)
Evento registrado: Produto=2, Qtd=1, Preço=10.00 (Dia 10)
Evento registrado: Produto=4, Qtd=1, Preço=10.00 (Dia 10)
Evento registrado: Produto=3, Qtd=1, Preço=10.00 (Dia 10)
Evento registrado: Produto=1, Qtd=1, Preço=10.00 (Dia 10)
Evento registrado: Produto=5, Qtd=1, Preço=10.00 (Dia 10)
Evento registrado: Produto=2, Qtd=1, Preço=10.00 (Dia 10)
Evento registrado: Produto=2, Qtd=1, Preço=10.00 (Dia 10)
Evento registrado: Produto=4, Qtd=1, Preço=10.00 (Dia 10)
Evento registrado: Produto=1, Qtd=1, Preço=10.00 (Dia 10)
Evento registrado: Produto=3, Qtd=1, Preço=10.00 (Dia 10)
Evento registrado: Produto=1, Qtd=1, Preço=10.00 (Dia 10)
Evento registrado: Produto=3, Qtd=1, Preço=10.00 (Dia 10)
Evento registrado: Produto=4, Qtd=1, Preço=10.00 (Dia 10)
Evento registrado: Produto=5, Qtd=1, Preço=10.00 (Dia 10)
Evento registrado: Produto=5, Qtd=1, Preço=10.00 (Dia 10)
Evento registrado: Produto=1, Qtd=1, Preço=10.00 (Dia 10)
Evento registrado: Produto=5, Qtd=1, Preço=10.00 (Dia 10)
Evento registrado: Produto=4, Qtd=1, Preço=10.00 (Dia 10)
Evento registrado: Produto=2, Qtd=1, Preço=10.00 (Dia 10)
Evento registrado: Produto=2, Qtd=1, Preço=10.00 (Dia 10)
Evento registrado: Produto=4, Qtd=1, Preço=10.00 (Dia 10)
Evento registrado: Produto=3, Qtd=1, Preço=10.00 (Dia 10)
Evento registrado: Produto=3, Qtd=1, Preço=10.00 (Dia 10)
Evento registrado: Produto=1, Qtd=1, Preço=10.00 (Dia 10)
Evento registrado: Produto=5, Qtd=1, Preço=10.00 (Dia 10)
Evento registrado: Produto=1, Qtd=1, Preço=10.00 (Dia 10)
Evento registrado: Produto=3, Qtd=1, Preço=10.00 (Dia 10)
Evento registrado: Produto=4, Qtd=1, Preço=10.00 (Dia 10)
Evento registrado: Produto=5, Qtd=1, Preço=10.00 (Dia 10)
Evento registrado: Produto=4, Qtd=1, Preço=10.00 (Dia 10)
Evento registrado: Produto=2, Qtd=1, Preço=10.00 (Dia 10)
Evento registrado: Produto=5, Qtd=1, Preço=10.00 (Dia 10)
Evento registrado: Produto=2, Qtd=1, Preço=10.00 (Dia 10)
Evento registrado: Produto=1, Qtd=1, Preço=10.00 (Dia 10)
Evento registrado: Produto=5, Qtd=1, Preço=10.00 (Dia 10)
Evento registrado: Produto=1, Qtd=1, Preço=10.00 (Dia 10)
Evento registrado: Produto=3, Qtd=1, Preço=10.00 (Dia 10)
Evento registrado: Produto=4, Qtd=1, Preço=10.00 (Dia 10)
Evento registrado: Produto=2, Qtd=1, Preço=10.00 (Dia 10)
Evento registrado: Produto=3, Qtd=1, Preço=10.00 (Dia 10)
Evento registrado: Produto=4, Qtd=1, Preço=10.00 (Dia 10)
Evento registrado: Produto=2, Qtd=1, Preço=10.00 (Dia 10)
Evento registrado: Produto=1, Qtd=1, Preço=10.00 (Dia 10)
Evento registrado: Produto=3, Qtd=1, Preço=10.00 (Dia 10)
Evento registrado: Produto=5, Qtd=1, Preço=10.00 (Dia 10)
Evento registrado: Produto=4, Qtd=1, Preço=10.00 (Dia 10)
Evento registrado: Produto=3, Qtd=1, Preço=10.00 (Dia 10)
Evento registrado: Produto=5, Qtd=1, Preço=10.00 (Dia 10)
Evento registrado: Produto=2, Qtd=1, Preço=10.00 (Dia 10)
Evento registrado: Produto=4, Qtd=1, Preço=10.00 (Dia 10)
Evento registrado: Produto=5, Qtd=1, Preço=10.00 (Dia 10)
Evento registrado: Produto=1, Qtd=1, Preço=10.00 (Dia 10)
Evento registrado: Produto=1, Qtd=1, Preço=10.00 (Dia 10)
Evento registrado: Produto=2, Qtd=1, Preço=10.00 (Dia 10)
Evento registrado: Produto=3, Qtd=1, Preço=10.00 (Dia 10)
Evento registrado: Produto=5, Qtd=1, Preço=10.00 (Dia 10)
Evento registrado: Produto=1, Qtd=1, Preço=10.00 (Dia 10)
Evento registrado: Produto=4, Qtd=1, Preço=10.00 (Dia 10)
Evento registrado: Produto=3, Qtd=1, Preço=10.00 (Dia 10)
Evento registrado: Produto=2, Qtd=1, Preço=10.00 (Dia 10)
Evento registrado: Produto=2, Qtd=1, Preço=10.00 (Dia 10)
Evento registrado: Produto=4, Qtd=1, Preço=10.00 (Dia 10)
Evento registrado: Produto=3, Qtd=1, Preço=10.00 (Dia 10)
Evento registrado: Produto=1, Qtd=1, Preço=10.00 (Dia 10)
Evento registrado: Produto=5, Qtd=1, Preço=10.00 (Dia 10)
Evento registrado: Produto=4, Qtd=1, Preço=10.00 (Dia 10)
Evento registrado: Produto=5, Qtd=1, Preço=10.00 (Dia 10)
Evento registrado: Produto=3, Qtd=1, Preço=10.00 (Dia 10)
Evento registrado: Produto=4, Qtd=1, Preço=10.00 (Dia 10)
Evento registrado: Produto=2, Qtd=1, Preço=10.00 (Dia 10)
Evento registrado: Produto=2, Qtd=1, Preço=10.00 (Dia 10)
Evento registrado: Produto=1, Qtd=1, Preço=10.00 (Dia 10)
Evento registrado: Produto=3, Qtd=1, Preço=10.00 (Dia 10)
Evento registrado: Produto=5, Qtd=1, Preço=10.00 (Dia 10)
Evento registrado: Produto=1, Qtd=1, Preço=10.00 (Dia 10)
Evento registrado: Produto=5, Qtd=1, Preço=10.00 (Dia 10)
Evento registrado: Produto=1, Qtd=1, Preço=10.00 (Dia 10)
Evento registrado: Produto=4, Qtd=1, Preço=10.00 (Dia 10)
Evento registrado: Produto=3, Qtd=1, Preço=10.00 (Dia 10)
Evento registrado: Produto=2, Qtd=1, Preço=10.00 (Dia 10)
Evento registrado: Produto=4, Qtd=1, Preço=10.00 (Dia 10)
Evento registrado: Produto=2, Qtd=1, Preço=10.00 (Dia 10)
Evento registrado: Produto=3, Qtd=1, Preço=10.00 (Dia 10)
Evento registrado: Produto=1, Qtd=1, Preço=10.00 (Dia 10)
Evento registrado: Produto=5, Qtd=1, Preço=10.00 (Dia 10)
Evento registrado: Produto=5, Qtd=1, Preço=10.00 (Dia 10)
Evento registrado: Produto=4, Qtd=1, Preço=10.00 (Dia 10)
Evento registrado: Produto=2, Qtd=1, Preço=10.00 (Dia 10)
Evento registrado: Produto=3, Qtd=1, Preço=10.00 (Dia 10)
Evento registrado: Produto=2, Qtd=1, Preço=10.00 (Dia 10)
Evento registrado: Produto=3, Qtd=1, Preço=10.00 (Dia 10)
Evento registrado: Produto=5, Qtd=1, Preço=10.00 (Dia 10)
Evento registrado: Produto=1, Qtd=1, Preço=10.00 (Dia 10)
Evento registrado: Produto=1, Qtd=1, Preço=10.00 (Dia 10)
Evento registrado: Produto=1, Qtd=1, Preço=10.00 (Dia 10)
Evento registrado: Produto=4, Qtd=1, Preço=10.00 (Dia 10)
Evento registrado: Produto=5, Qtd=1, Preço=10.00 (Dia 10)
Evento registrado: Produto=3, Qtd=1, Preço=10.00 (Dia 10)
Evento registrado: Produto=4, Qtd=1, Preço=10.00 (Dia 10)
Evento registrado: Produto=4, Qtd=1, Preço=10.00 (Dia 10)
Evento registrado: Produto=2, Qtd=1, Preço=10.00 (Dia 10)
Evento registrado: Produto=2, Qtd=1, Preço=10.00 (Dia 10)
Evento registrado: Produto=1, Qtd=1, Preço=10.00 (Dia 10)
Evento registrado: Produto=3, Qtd=1, Preço=10.00 (Dia 10)
Evento registrado: Produto=5, Qtd=1, Preço=10.00 (Dia 10)
Evento registrado: Produto=5, Qtd=1, Preço=10.00 (Dia 10)
Evento registrado: Produto=2, Qtd=1, Preço=10.00 (Dia 10)
Evento registrado: Produto=4, Qtd=1, Preço=10.00 (Dia 10)
Evento registrado: Produto=5, Qtd=1, Preço=10.00 (Dia 10)
Evento registrado: Produto=1, Qtd=1, Preço=10.00 (Dia 10)
Evento registrado: Produto=3, Qtd=1, Preço=10.00 (Dia 10)
Evento registrado: Produto=4, Qtd=1, Preço=10.00 (Dia 10)
Evento registrado: Produto=1, Qtd=1, Preço=10.00 (Dia 10)
Evento registrado: Produto=2, Qtd=1, Preço=10.00 (Dia 10)
Evento registrado: Produto=5, Qtd=1, Preço=10.00 (Dia 10)
Evento registrado: Produto=4, Qtd=1, Preço=10.00 (Dia 10)
Evento registrado: Produto=2, Qtd=1, Preço=10.00 (Dia 10)
Evento registrado: Produto=3, Qtd=1, Preço=10.00 (Dia 10)
Evento registrado: Produto=1, Qtd=1, Preço=10.00 (Dia 10)
Evento registrado: Produto=3, Qtd=1, Preço=10.00 (Dia 10)
Evento registrado: Produto=2, Qtd=1, Preço=10.00 (Dia 10)
Evento registrado: Produto=3, Qtd=1, Preço=10.00 (Dia 10)
Evento registrado: Produto=4, Qtd=1, Preço=10.00 (Dia 10)
Evento registrado: Produto=1, Qtd=1, Preço=10.00 (Dia 10)
Evento registrado: Produto=5, Qtd=1, Preço=10.00 (Dia 10)
Evento registrado: Produto=5, Qtd=1, Preço=10.00 (Dia 10)
Evento registrado: Produto=2, Qtd=1, Preço=10.00 (Dia 10)
Evento registrado: Produto=4, Qtd=1, Preço=10.00 (Dia 10)
Evento registrado: Produto=4, Qtd=1, Preço=10.00 (Dia 10)
Evento registrado: Produto=5, Qtd=1, Preço=10.00 (Dia 10)
Evento registrado: Produto=5, Qtd=1, Preço=10.00 (Dia 10)
Evento registrado: Produto=1, Qtd=1, Preço=10.00 (Dia 10)
Evento registrado: Produto=3, Qtd=1, Preço=10.00 (Dia 10)
Evento registrado: Produto=4, Qtd=1, Preço=10.00 (Dia 10)
Evento registrado: Produto=1, Qtd=1, Preço=10.00 (Dia 10)
Evento registrado: Produto=2, Qtd=1, Preço=10.00 (Dia 10)
Evento registrado: Produto=2, Qtd=1, Preço=10.00 (Dia 10)
Evento registrado: Produto=1, Qtd=1, Preço=10.00 (Dia 10)
Evento registrado: Produto=3, Qtd=1, Preço=10.00 (Dia 10)
Evento registrado: Produto=4, Qtd=1, Preço=10.00 (Dia 10)
Evento registrado: Produto=3, Qtd=1, Preço=10.00 (Dia 10)
Evento registrado: Produto=3, Qtd=1, Preço=10.00 (Dia 10)
Evento registrado: Produto=1, Qtd=1, Preço=10.00 (Dia 10)
Evento registrado: Produto=2, Qtd=1, Preço=10.00 (Dia 10)
Evento registrado: Produto=5, Qtd=1, Preço=10.00 (Dia 10)
Evento registrado: Produto=5, Qtd=1, Preço=10.00 (Dia 10)
Evento registrado: Produto=2, Qtd=1, Preço=10.00 (Dia 10)
Evento registrado: Produto=4, Qtd=1, Preço=10.00 (Dia 10)
Evento registrado: Produto=4, Qtd=1, Preço=10.00 (Dia 10)
Evento registrado: Produto=5, Qtd=1, Preço=10.00 (Dia 10)
Evento registrado: Produto=5, Qtd=1, Preço=10.00 (Dia 10)
Evento registrado: Produto=1, Qtd=1, Preço=10.00 (Dia 10)
Evento registrado: Produto=3, Qtd=1, Preço=10.00 (Dia 10)
Evento registrado: Produto=1, Qtd=1, Preço=10.00 (Dia 10)
Evento registrado: Produto=2, Qtd=1, Preço=10.00 (Dia 10)
Evento registrado: Produto=4, Qtd=1, Preço=10.00 (Dia 10)
Evento registrado: Produto=2, Qtd=1, Preço=10.00 (Dia 10)
Evento registrado: Produto=1, Qtd=1, Preço=10.00 (Dia 10)
Evento registrado: Produto=3, Qtd=1, Preço=10.00 (Dia 10)
Evento registrado: Produto=1, Qtd=1, Preço=10.00 (Dia 10)
Evento registrado: Produto=2, Qtd=1, Preço=10.00 (Dia 10)
Evento registrado: Produto=3, Qtd=1, Preço=10.00 (Dia 10)
Evento registrado: Produto=4, Qtd=1, Preço=10.00 (Dia 10)
Evento registrado: Produto=3, Qtd=1, Preço=10.00 (Dia 10)
Evento registrado: Produto=5, Qtd=1, Preço=10.00 (Dia 10)
Evento registrado: Produto=4, Qtd=1, Preço=10.00 (Dia 10)
Evento registrado: Produto=5, Qtd=1, Preço=10.00 (Dia 10)
Evento registrado: Produto=5, Qtd=1, Preço=10.00 (Dia 10)
Evento registrado: Produto=2, Qtd=1, Preço=10.00 (Dia 10)
Evento registrado: Produto=4, Qtd=1, Preço=10.00 (Dia 10)
Evento registrado: Produto=1, Qtd=1, Preço=10.00 (Dia 10)
Evento registrado: Produto=3, Qtd=1, Preço=10.00 (Dia 10)
Evento registrado: Produto=1, Qtd=1, Preço=10.00 (Dia 10)
Evento registrado: Produto=1, Qtd=1, Preço=10.00 (Dia 10)
Evento registrado: Produto=2, Qtd=1, Preço=10.00 (Dia 10)
Evento registrado: Produto=5, Qtd=1, Preço=10.00 (Dia 10)
Evento registrado: Produto=2, Qtd=1, Preço=10.00 (Dia 10)
Evento registrado: Produto=4, Qtd=1, Preço=10.00 (Dia 10)
Evento registrado: Produto=2, Qtd=1, Preço=10.00 (Dia 10)
Evento registrado: Produto=3, Qtd=1, Preço=10.00 (Dia 10)
Evento registrado: Produto=3, Qtd=1, Preço=10.00 (Dia 10)
Evento registrado: Produto=4, Qtd=1, Preço=10.00 (Dia 10)
Evento registrado: Produto=1, Qtd=1, Preço=10.00 (Dia 10)
Evento registrado: Produto=3, Qtd=1, Preço=10.00 (Dia 10)
Evento registrado: Produto=5, Qtd=1, Preço=10.00 (Dia 10)
Evento registrado: Produto=5, Qtd=1, Preço=10.00 (Dia 10)
Evento registrado: Produto=5, Qtd=1, Preço=10.00 (Dia 10)
Evento registrado: Produto=4, Qtd=1, Preço=10.00 (Dia 10)
Evento registrado: Produto=2, Qtd=1, Preço=10.00 (Dia 10)
Evento registrado: Produto=1, Qtd=1, Preço=10.00 (Dia 10)
Evento registrado: Produto=4, Qtd=1, Preço=10.00 (Dia 10)
Evento registrado: Produto=2, Qtd=1, Preço=10.00 (Dia 10)
Evento registrado: Produto=1, Qtd=1, Preço=10.00 (Dia 10)
Evento registrado: Produto=5, Qtd=1, Preço=10.00 (Dia 10)
Evento registrado: Produto=3, Qtd=1, Preço=10.00 (Dia 10)
Evento registrado: Produto=3, Qtd=1, Preço=10.00 (Dia 10)
Evento registrado: Produto=3, Qtd=1, Preço=10.00 (Dia 10)
Evento registrado: Produto=2, Qtd=1, Preço=10.00 (Dia 10)
Evento registrado: Produto=4, Qtd=1, Preço=10.00 (Dia 10)
Evento registrado: Produto=4, Qtd=1, Preço=10.00 (Dia 10)
Evento registrado: Produto=1, Qtd=1, Preço=10.00 (Dia 10)
Evento registrado: Produto=2, Qtd=1, Preço=10.00 (Dia 10)
Evento registrado: Produto=1, Qtd=1, Preço=10.00 (Dia 10)
Evento registrado: Produto=3, Qtd=1, Preço=10.00 (Dia 10)
Evento registrado: Produto=5, Qtd=1, Preço=10.00 (Dia 10)
Evento registrado: Produto=1, Qtd=1, Preço=10.00 (Dia 10)
Evento registrado: Produto=4, Qtd=1, Preço=10.00 (Dia 10)
Evento registrado: Produto=2, Qtd=1, Preço=10.00 (Dia 10)
Evento registrado: Produto=2, Qtd=1, Preço=10.00 (Dia 10)
Evento registrado: Produto=5, Qtd=1, Preço=10.00 (Dia 10)
Evento registrado: Produto=4, Qtd=1, Preço=10.00 (Dia 10)
Evento registrado: Produto=3, Qtd=1, Preço=10.00 (Dia 10)
Evento registrado: Produto=3, Qtd=1, Preço=10.00 (Dia 10)
Evento registrado: Produto=3, Qtd=1, Preço=10.00 (Dia 10)
Evento registrado: Produto=2, Qtd=1, Preço=10.00 (Dia 10)
Evento registrado: Produto=5, Qtd=1, Preço=10.00 (Dia 10)
Evento registrado: Produto=1, Qtd=1, Preço=10.00 (Dia 10)
Evento registrado: Produto=1, Qtd=1, Preço=10.00 (Dia 10)
Evento registrado: Produto=4, Qtd=1, Preço=10.00 (Dia 10)
Evento registrado: Produto=5, Qtd=1, Preço=10.00 (Dia 10)
Evento registrado: Produto=2, Qtd=1, Preço=10.00 (Dia 10)
Evento registrado: Produto=1, Qtd=1, Preço=10.00 (Dia 10)
Evento registrado: Produto=4, Qtd=1, Preço=10.00 (Dia 10)
Evento registrado: Produto=3, Qtd=1, Preço=10.00 (Dia 10)
Evento registrado: Produto=5, Qtd=1, Preço=10.00 (Dia 10)
Evento registrado: Produto=1, Qtd=1, Preço=10.00 (Dia 10)
Evento registrado: Produto=2, Qtd=1, Preço=10.00 (Dia 10)
Evento registrado: Produto=2, Qtd=1, Preço=10.00 (Dia 10)
Evento registrado: Produto=5, Qtd=1, Preço=10.00 (Dia 10)
Evento registrado: Produto=3, Qtd=1, Preço=10.00 (Dia 10)
Evento registrado: Produto=3, Qtd=1, Preço=10.00 (Dia 10)
Evento registrado: Produto=5, Qtd=1, Preço=10.00 (Dia 10)
Evento registrado: Produto=1, Qtd=1, Preço=10.00 (Dia 10)
Evento registrado: Produto=5, Qtd=1, Preço=10.00 (Dia 10)
Evento registrado: Produto=2, Qtd=1, Preço=10.00 (Dia 10)
Evento registrado: Produto=3, Qtd=1, Preço=10.00 (Dia 10)
Evento registrado: Produto=1, Qtd=1, Preço=10.00 (Dia 10)
Evento registrado: Produto=2, Qtd=1, Preço=10.00 (Dia 10)
Evento registrado: Produto=4, Qtd=1, Preço=10.00 (Dia 10)
Evento registrado: Produto=3, Qtd=1, Preço=10.00 (Dia 10)
Evento registrado: Produto=1, Qtd=1, Preço=10.00 (Dia 10)
Evento registrado: Produto=4, Qtd=1, Preço=10.00 (Dia 10)
Evento registrado: Produto=4, Qtd=1, Preço=10.00 (Dia 10)
Evento registrado: Produto=4, Qtd=1, Preço=10.00 (Dia 10)
Evento registrado: Produto=5, Qtd=1, Preço=10.00 (Dia 10)
Evento registrado: Produto=1, Qtd=1, Preço=10.00 (Dia 10)
Evento registrado: Produto=5, Qtd=1, Preço=10.00 (Dia 10)
Evento registrado: Produto=2, Qtd=1, Preço=10.00 (Dia 10)
Evento registrado: Produto=5, Qtd=1, Preço=10.00 (Dia 10)
Evento registrado: Produto=2, Qtd=1, Preço=10.00 (Dia 10)
Evento registrado: Produto=5, Qtd=1, Preço=10.00 (Dia 10)
Evento registrado: Produto=2, Qtd=1, Preço=10.00 (Dia 10)
Evento registrado: Produto=2, Qtd=1, Preço=10.00 (Dia 10)
Evento registrado: Produto=3, Qtd=1, Preço=10.00 (Dia 10)
Evento registrado: Produto=4, Qtd=1, Preço=10.00 (Dia 10)
Evento registrado: Produto=1, Qtd=1, Preço=10.00 (Dia 10)
Evento registrado: Produto=3, Qtd=1, Preço=10.00 (Dia 10)
Evento registrado: Produto=1, Qtd=1, Preço=10.00 (Dia 10)
Evento registrado: Produto=3, Qtd=1, Preço=10.00 (Dia 10)
Evento registrado: Produto=4, Qtd=1, Preço=10.00 (Dia 10)
Evento registrado: Produto=4, Qtd=1, Preço=10.00 (Dia 10)
Evento registrado: Produto=1, Qtd=1, Preço=10.00 (Dia 10)
Evento registrado: Produto=3, Qtd=1, Preço=10.00 (Dia 10)
Evento registrado: Produto=4, Qtd=1, Preço=10.00 (Dia 10)
Evento registrado: Produto=5, Qtd=1, Preço=10.00 (Dia 10)
Evento registrado: Produto=5, Qtd=1, Preço=10.00 (Dia 10)
Evento registrado: Produto=1, Qtd=1, Preço=10.00 (Dia 10)
Evento registrado: Produto=2, Qtd=1, Preço=10.00 (Dia 10)
Evento registrado: Produto=1, Qtd=1, Preço=10.00 (Dia 10)
Evento registrado: Produto=2, Qtd=1, Preço=10.00 (Dia 10)
Evento registrado: Produto=3, Qtd=1, Preço=10.00 (Dia 10)
Evento registrado: Produto=4, Qtd=1, Preço=10.00 (Dia 10)
Evento registrado: Produto=1, Qtd=1, Preço=10.00 (Dia 10)
Evento registrado: Produto=4, Qtd=1, Preço=10.00 (Dia 10)
Evento registrado: Produto=1, Qtd=1, Preço=10.00 (Dia 10)
Evento registrado: Produto=5, Qtd=1, Preço=10.00 (Dia 10)
Evento registrado: Produto=2, Qtd=1, Preço=10.00 (Dia 10)
Evento registrado: Produto=2, Qtd=1, Preço=10.00 (Dia 10)
Evento registrado: Produto=3, Qtd=1, Preço=10.00 (Dia 10)
Evento registrado: Produto=5, Qtd=1, Preço=10.00 (Dia 10)
Evento registrado: Produto=3, Qtd=1, Preço=10.00 (Dia 10)
Evento registrado: Produto=3, Qtd=1, Preço=10.00 (Dia 10)
Evento registrado: Produto=5, Qtd=1, Preço=10.00 (Dia 10)
Evento registrado: Produto=4, Qtd=1, Preço=10.00 (Dia 10)
Evento registrado: Produto=4, Qtd=1, Preço=10.00 (Dia 10)
Evento registrado: Produto=1, Qtd=1, Preço=10.00 (Dia 10)
Evento registrado: Produto=2, Qtd=1, Preço=10.00 (Dia 10)
Evento registrado: Produto=5, Qtd=1, Preço=10.00 (Dia 10)
Evento registrado: Produto=3, Qtd=1, Preço=10.00 (Dia 10)
Evento registrado: Produto=1, Qtd=1, Preço=10.00 (Dia 10)
Evento registrado: Produto=4, Qtd=1, Preço=10.00 (Dia 10)
Evento registrado: Produto=3, Qtd=1, Preço=10.00 (Dia 10)
Evento registrado: Produto=5, Qtd=1, Preço=10.00 (Dia 10)
Evento registrado: Produto=1, Qtd=1, Preço=10.00 (Dia 10)
Evento registrado: Produto=1, Qtd=1, Preço=10.00 (Dia 10)
Evento registrado: Produto=2, Qtd=1, Preço=10.00 (Dia 10)
Evento registrado: Produto=3, Qtd=1, Preço=10.00 (Dia 10)
Evento registrado: Produto=2, Qtd=1, Preço=10.00 (Dia 10)
Evento registrado: Produto=5, Qtd=1, Preço=10.00 (Dia 10)
Evento registrado: Produto=2, Qtd=1, Preço=10.00 (Dia 10)
Evento registrado: Produto=5, Qtd=1, Preço=10.00 (Dia 10)
Evento registrado: Produto=4, Qtd=1, Preço=10.00 (Dia 10)
Evento registrado: Produto=4, Qtd=1, Preço=10.00 (Dia 10)
Evento registrado: Produto=3, Qtd=1, Preço=10.00 (Dia 10)
Evento registrado: Produto=4, Qtd=1, Preço=10.00 (Dia 10)
Evento registrado: Produto=5, Qtd=1, Preço=10.00 (Dia 10)
Evento registrado: Produto=1, Qtd=1, Preço=10.00 (Dia 10)
Evento registrado: Produto=5, Qtd=1, Preço=10.00 (Dia 10)
Evento registrado: Produto=2, Qtd=1, Preço=10.00 (Dia 10)
Evento registrado: Produto=1, Qtd=1, Preço=10.00 (Dia 10)
Evento registrado: Produto=1, Qtd=1, Preço=10.00 (Dia 10)
Evento registrado: Produto=3, Qtd=1, Preço=10.00 (Dia 10)
Evento registrado: Produto=4, Qtd=1, Preço=10.00 (Dia 10)
Evento registrado: Produto=2, Qtd=1, Preço=10.00 (Dia 10)
Evento registrado: Produto=3, Qtd=1, Preço=10.00 (Dia 10)
Evento registrado: Produto=2, Qtd=1, Preço=10.00 (Dia 10)
Evento registrado: Produto=1, Qtd=1, Preço=10.00 (Dia 10)
Evento registrado: Produto=5, Qtd=1, Preço=10.00 (Dia 10)
Evento registrado: Produto=3, Qtd=1, Preço=10.00 (Dia 10)
Evento registrado: Produto=3, Qtd=1, Preço=10.00 (Dia 10)
Evento registrado: Produto=4, Qtd=1, Preço=10.00 (Dia 10)
Evento registrado: Produto=5, Qtd=1, Preço=10.00 (Dia 10)
Evento registrado: Produto=4, Qtd=1, Preço=10.00 (Dia 10)
Evento registrado: Produto=2, Qtd=1, Preço=10.00 (Dia 10)
Evento registrado: Produto=4, Qtd=1, Preço=10.00 (Dia 10)
Evento registrado: Produto=5, Qtd=1, Preço=10.00 (Dia 10)
Evento registrado: Produto=1, Qtd=1, Preço=10.00 (Dia 10)
Evento registrado: Produto=5, Qtd=1, Preço=10.00 (Dia 10)
Evento registrado: Produto=1, Qtd=1, Preço=10.00 (Dia 10)
Evento registrado: Produto=4, Qtd=1, Preço=10.00 (Dia 10)
Evento registrado: Produto=4, Qtd=1, Preço=10.00 (Dia 10)
Evento registrado: Produto=3, Qtd=1, Preço=10.00 (Dia 10)
Evento registrado: Produto=5, Qtd=1, Preço=10.00 (Dia 10)
Evento registrado: Produto=2, Qtd=1, Preço=10.00 (Dia 10)
Evento registrado: Produto=3, Qtd=1, Preço=10.00 (Dia 10)
Evento registrado: Produto=4, Qtd=1, Preço=10.00 (Dia 10)
Evento registrado: Produto=2, Qtd=1, Preço=10.00 (Dia 10)
Evento registrado: Produto=5, Qtd=1, Preço=10.00 (Dia 10)
Evento registrado: Produto=1, Qtd=1, Preço=10.00 (Dia 10)
Evento registrado: Produto=1, Qtd=1, Preço=10.00 (Dia 10)
Evento registrado: Produto=4, Qtd=1, Preço=10.00 (Dia 10)
Evento registrado: Produto=3, Qtd=1, Preço=10.00 (Dia 10)
Evento registrado: Produto=3, Qtd=1, Preço=10.00 (Dia 10)
Evento registrado: Produto=2, Qtd=1, Preço=10.00 (Dia 10)
Evento registrado: Produto=2, Qtd=1, Preço=10.00 (Dia 10)
Evento registrado: Produto=5, Qtd=1, Preço=10.00 (Dia 10)
Evento registrado: Produto=5, Qtd=1, Preço=10.00 (Dia 10)
Evento registrado: Produto=4, Qtd=1, Preço=10.00 (Dia 10)
Evento registrado: Produto=1, Qtd=1, Preço=10.00 (Dia 10)
Evento registrado: Produto=5, Qtd=1, Preço=10.00 (Dia 10)
Evento registrado: Produto=3, Qtd=1, Preço=10.00 (Dia 10)
Evento registrado: Produto=3, Qtd=1, Preço=10.00 (Dia 10)
Evento registrado: Produto=1, Qtd=1, Preço=10.00 (Dia 10)
Evento registrado: Produto=3, Qtd=1, Preço=10.00 (Dia 10)
Evento registrado: Produto=4, Qtd=1, Preço=10.00 (Dia 10)
Evento registrado: Produto=4, Qtd=1, Preço=10.00 (Dia 10)
Evento registrado: Produto=4, Qtd=1, Preço=10.00 (Dia 10)
Evento registrado: Produto=2, Qtd=1, Preço=10.00 (Dia 10)
Evento registrado: Produto=3, Qtd=1, Preço=10.00 (Dia 10)
Evento registrado: Produto=2, Qtd=1, Preço=10.00 (Dia 10)
Evento registrado: Produto=5, Qtd=1, Preço=10.00 (Dia 10)
Evento registrado: Produto=1, Qtd=1, Preço=10.00 (Dia 10)
Evento registrado: Produto=2, Qtd=1, Preço=10.00 (Dia 10)
Evento registrado: Produto=2, Qtd=1, Preço=10.00 (Dia 10)
Evento registrado: Produto=1, Qtd=1, Preço=10.00 (Dia 10)
Evento registrado: Produto=5, Qtd=1, Preço=10.00 (Dia 10)
Evento registrado: Produto=5, Qtd=1, Preço=10.00 (Dia 10)
Evento registrado: Produto=2, Qtd=1, Preço=10.00 (Dia 10)
Evento registrado: Produto=4, Qtd=1, Preço=10.00 (Dia 10)
Evento registrado: Produto=5, Qtd=1, Preço=10.00 (Dia 10)
Evento registrado: Produto=4, Qtd=1, Preço=10.00 (Dia 10)
Evento registrado: Produto=4, Qtd=1, Preço=10.00 (Dia 10)
Evento registrado: Produto=3, Qtd=1, Preço=10.00 (Dia 10)
Evento registrado: Produto=3, Qtd=1, Preço=10.00 (Dia 10)
Evento registrado: Produto=1, Qtd=1, Preço=10.00 (Dia 10)
Evento registrado: Produto=2, Qtd=1, Preço=10.00 (Dia 10)
Evento registrado: Produto=4, Qtd=1, Preço=10.00 (Dia 10)
Evento registrado: Produto=3, Qtd=1, Preço=10.00 (Dia 10)
Evento registrado: Produto=1, Qtd=1, Preço=10.00 (Dia 10)
Evento registrado: Produto=2, Qtd=1, Preço=10.00 (Dia 10)
Evento registrado: Produto=1, Qtd=1, Preço=10.00 (Dia 10)
Evento registrado: Produto=3, Qtd=1, Preço=10.00 (Dia 10)
Evento registrado: Produto=5, Qtd=1, Preço=10.00 (Dia 10)
Evento registrado: Produto=2, Qtd=1, Preço=10.00 (Dia 10)
Evento registrado: Produto=1, Qtd=1, Preço=10.00 (Dia 10)
Evento registrado: Produto=3, Qtd=1, Preço=10.00 (Dia 10)
Evento registrado: Produto=2, Qtd=1, Preço=10.00 (Dia 10)
Evento registrado: Produto=5, Qtd=1, Preço=10.00 (Dia 10)
Evento registrado: Produto=5, Qtd=1, Preço=10.00 (Dia 10)
Evento registrado: Produto=5, Qtd=1, Preço=10.00 (Dia 10)
Evento registrado: Produto=3, Qtd=1, Preço=10.00 (Dia 10)
Evento registrado: Produto=1, Qtd=1, Preço=10.00 (Dia 10)
Evento registrado: Produto=4, Qtd=1, Preço=10.00 (Dia 10)
Evento registrado: Produto=2, Qtd=1, Preço=10.00 (Dia 10)
Evento registrado: Produto=4, Qtd=1, Preço=10.00 (Dia 10)
Evento registrado: Produto=4, Qtd=1, Preço=10.00 (Dia 10)
Evento registrado: Produto=3, Qtd=1, Preço=10.00 (Dia 10)
Evento registrado: Produto=1, Qtd=1, Preço=10.00 (Dia 10)
Evento registrado: Produto=4, Qtd=1, Preço=10.00 (Dia 10)
Evento registrado: Produto=1, Qtd=1, Preço=10.00 (Dia 10)
Evento registrado: Produto=2, Qtd=1, Preço=10.00 (Dia 10)
Evento registrado: Produto=3, Qtd=1, Preço=10.00 (Dia 10)
Evento registrado: Produto=2, Qtd=1, Preço=10.00 (Dia 10)
Evento registrado: Produto=5, Qtd=1, Preço=10.00 (Dia 10)
Evento registrado: Produto=1, Qtd=1, Preço=10.00 (Dia 10)
Evento registrado: Produto=2, Qtd=1, Preço=10.00 (Dia 10)
Evento registrado: Produto=5, Qtd=1, Preço=10.00 (Dia 10)
Evento registrado: Produto=1, Qtd=1, Preço=10.00 (Dia 10)
Evento registrado: Produto=3, Qtd=1, Preço=10.00 (Dia 10)
Evento registrado: Produto=4, Qtd=1, Preço=10.00 (Dia 10)
Evento registrado: Produto=5, Qtd=1, Preço=10.00 (Dia 10)
Evento registrado: Produto=2, Qtd=1, Preço=10.00 (Dia 10)
Evento registrado: Produto=4, Qtd=1, Preço=10.00 (Dia 10)
Evento registrado: Produto=3, Qtd=1, Preço=10.00 (Dia 10)
Evento registrado: Produto=3, Qtd=1, Preço=10.00 (Dia 10)
Evento registrado: Produto=5, Qtd=1, Preço=10.00 (Dia 10)
Evento registrado: Produto=1, Qtd=1, Preço=10.00 (Dia 10)
Evento registrado: Produto=4, Qtd=1, Preço=10.00 (Dia 10)
Evento registrado: Produto=1, Qtd=1, Preço=10.00 (Dia 10)
Evento registrado: Produto=3, Qtd=1, Preço=10.00 (Dia 10)
Evento registrado: Produto=2, Qtd=1, Preço=10.00 (Dia 10)
Evento registrado: Produto=4, Qtd=1, Preço=10.00 (Dia 10)
Evento registrado: Produto=1, Qtd=1, Preço=10.00 (Dia 10)
Evento registrado: Produto=5, Qtd=1, Preço=10.00 (Dia 10)
Evento registrado: Produto=2, Qtd=1, Preço=10.00 (Dia 10)
Evento registrado: Produto=2, Qtd=1, Preço=10.00 (Dia 10)
Evento registrado: Produto=4, Qtd=1, Preço=10.00 (Dia 10)
Evento registrado: Produto=5, Qtd=1, Preço=10.00 (Dia 10)
Evento registrado: Produto=2, Qtd=1, Preço=10.00 (Dia 10)
Evento registrado: Produto=1, Qtd=1, Preço=10.00 (Dia 10)
Evento registrado: Produto=5, Qtd=1, Preço=10.00 (Dia 10)
Evento registrado: Produto=3, Qtd=1, Preço=10.00 (Dia 10)
Evento registrado: Produto=3, Qtd=1, Preço=10.00 (Dia 10)
Evento registrado: Produto=3, Qtd=1, Preço=10.00 (Dia 10)
Evento registrado: Produto=4, Qtd=1, Preço=10.00 (Dia 10)
Evento registrado: Produto=4, Qtd=1, Preço=10.00 (Dia 10)
Evento registrado: Produto=5, Qtd=1, Preço=10.00 (Dia 10)
Evento registrado: Produto=1, Qtd=1, Preço=10.00 (Dia 10)
Evento registrado: Produto=1, Qtd=1, Preço=10.00 (Dia 10)
Evento registrado: Produto=2, Qtd=1, Preço=10.00 (Dia 10)
Evento registrado: Produto=3, Qtd=1, Preço=10.00 (Dia 10)
Evento registrado: Produto=5, Qtd=1, Preço=10.00 (Dia 10)
Evento registrado: Produto=4, Qtd=1, Preço=10.00 (Dia 10)
Evento registrado: Produto=1, Qtd=1, Preço=10.00 (Dia 10)
Evento registrado: Produto=2, Qtd=1, Preço=10.00 (Dia 10)
Evento registrado: Produto=2, Qtd=1, Preço=10.00 (Dia 10)
Evento registrado: Produto=1, Qtd=1, Preço=10.00 (Dia 10)
Evento registrado: Produto=5, Qtd=1, Preço=10.00 (Dia 10)
Evento registrado: Produto=5, Qtd=1, Preço=10.00 (Dia 10)
Evento registrado: Produto=4, Qtd=1, Preço=10.00 (Dia 10)
Evento registrado: Produto=4, Qtd=1, Preço=10.00 (Dia 10)
Evento registrado: Produto=4, Qtd=1, Preço=10.00 (Dia 10)
Evento registrado: Produto=2, Qtd=1, Preço=10.00 (Dia 10)
Evento registrado: Produto=3, Qtd=1, Preço=10.00 (Dia 10)
Evento registrado: Produto=3, Qtd=1, Preço=10.00 (Dia 10)
Evento registrado: Produto=1, Qtd=1, Preço=10.00 (Dia 10)
Evento registrado: Produto=3, Qtd=1, Preço=10.00 (Dia 10)
Evento registrado: Produto=5, Qtd=1, Preço=10.00 (Dia 10)
Evento registrado: Produto=3, Qtd=1, Preço=10.00 (Dia 10)
Evento registrado: Produto=1, Qtd=1, Preço=10.00 (Dia 10)
Evento registrado: Produto=5, Qtd=1, Preço=10.00 (Dia 10)
Evento registrado: Produto=1, Qtd=1, Preço=10.00 (Dia 10)
Evento registrado: Produto=2, Qtd=1, Preço=10.00 (Dia 10)
Evento registrado: Produto=2, Qtd=1, Preço=10.00 (Dia 10)
Evento registrado: Produto=4, Qtd=1, Preço=10.00 (Dia 10)
Evento registrado: Produto=1, Qtd=1, Preço=10.00 (Dia 10)
Evento registrado: Produto=5, Qtd=1, Preço=10.00 (Dia 10)
Evento registrado: Produto=4, Qtd=1, Preço=10.00 (Dia 10)
Evento registrado: Produto=3, Qtd=1, Preço=10.00 (Dia 10)
Evento registrado: Produto=5, Qtd=1, Preço=10.00 (Dia 10)
Evento registrado: Produto=2, Qtd=1, Preço=10.00 (Dia 10)
Evento registrado: Produto=3, Qtd=1, Preço=10.00 (Dia 10)
Evento registrado: Produto=4, Qtd=1, Preço=10.00 (Dia 10)
Evento registrado: Produto=5, Qtd=1, Preço=10.00 (Dia 10)
Evento registrado: Produto=1, Qtd=1, Preço=10.00 (Dia 10)
Evento registrado: Produto=2, Qtd=1, Preço=10.00 (Dia 10)
Evento registrado: Produto=2, Qtd=1, Preço=10.00 (Dia 10)
Evento registrado: Produto=3, Qtd=1, Preço=10.00 (Dia 10)
Evento registrado: Produto=3, Qtd=1, Preço=10.00 (Dia 10)
Evento registrado: Produto=1, Qtd=1, Preço=10.00 (Dia 10)
Evento registrado: Produto=2, Qtd=1, Preço=10.00 (Dia 10)
Evento registrado: Produto=4, Qtd=1, Preço=10.00 (Dia 10)
Evento registrado: Produto=4, Qtd=1, Preço=10.00 (Dia 10)
Evento registrado: Produto=1, Qtd=1, Preço=10.00 (Dia 10)
Evento registrado: Produto=5, Qtd=1, Preço=10.00 (Dia 10)
Evento registrado: Produto=1, Qtd=1, Preço=10.00 (Dia 10)
Evento registrado: Produto=5, Qtd=1, Preço=10.00 (Dia 10)
Evento registrado: Produto=5, Qtd=1, Preço=10.00 (Dia 10)
Evento registrado: Produto=3, Qtd=1, Preço=10.00 (Dia 10)
Evento registrado: Produto=4, Qtd=1, Preço=10.00 (Dia 10)
Evento registrado: Produto=3, Qtd=1, Preço=10.00 (Dia 10)
Evento registrado: Produto=2, Qtd=1, Preço=10.00 (Dia 10)
Evento registrado: Produto=4, Qtd=1, Preço=10.00 (Dia 10)
Evento registrado: Produto=1, Qtd=1, Preço=10.00 (Dia 10)
Evento registrado: Produto=2, Qtd=1, Preço=10.00 (Dia 10)
Evento registrado: Produto=1, Qtd=1, Preço=10.00 (Dia 10)
Evento registrado: Produto=2, Qtd=1, Preço=10.00 (Dia 10)
Evento registrado: Produto=4, Qtd=1, Preço=10.00 (Dia 10)
Evento registrado: Produto=5, Qtd=1, Preço=10.00 (Dia 10)
Evento registrado: Produto=1, Qtd=1, Preço=10.00 (Dia 10)
Evento registrado: Produto=5, Qtd=1, Preço=10.00 (Dia 10)
Evento registrado: Produto=3, Qtd=1, Preço=10.00 (Dia 10)
Evento registrado: Produto=3, Qtd=1, Preço=10.00 (Dia 10)
Evento registrado: Produto=2, Qtd=1, Preço=10.00 (Dia 10)
Evento registrado: Produto=4, Qtd=1, Preço=10.00 (Dia 10)
Evento registrado: Produto=5, Qtd=1, Preço=10.00 (Dia 10)
Evento registrado: Produto=3, Qtd=1, Preço=10.00 (Dia 10)
Evento registrado: Produto=1, Qtd=1, Preço=10.00 (Dia 10)
Evento registrado: Produto=2, Qtd=1, Preço=10.00 (Dia 10)
Evento registrado: Produto=3, Qtd=1, Preço=10.00 (Dia 10)
Evento registrado: Produto=4, Qtd=1, Preço=10.00 (Dia 10)
Evento registrado: Produto=4, Qtd=1, Preço=10.00 (Dia 10)
Evento registrado: Produto=5, Qtd=1, Preço=10.00 (Dia 10)
Evento registrado: Produto=3, Qtd=1, Preço=10.00 (Dia 10)
Evento registrado: Produto=3, Qtd=1, Preço=10.00 (Dia 10)
Evento registrado: Produto=1, Qtd=1, Preço=10.00 (Dia 10)
Evento registrado: Produto=5, Qtd=1, Preço=10.00 (Dia 10)
Evento registrado: Produto=1, Qtd=1, Preço=10.00 (Dia 10)
Evento registrado: Produto=4, Qtd=1, Preço=10.00 (Dia 10)
Evento registrado: Produto=2, Qtd=1, Preço=10.00 (Dia 10)
Evento registrado: Produto=2, Qtd=1, Preço=10.00 (Dia 10)
Evento registrado: Produto=5, Qtd=1, Preço=10.00 (Dia 10)
Evento registrado: Produto=1, Qtd=1, Preço=10.00 (Dia 10)
Evento registrado: Produto=2, Qtd=1, Preço=10.00 (Dia 10)
Evento registrado: Produto=4, Qtd=1, Preço=10.00 (Dia 10)
Evento registrado: Produto=5, Qtd=1, Preço=10.00 (Dia 10)
Evento registrado: Produto=3, Qtd=1, Preço=10.00 (Dia 10)
Evento registrado: Produto=3, Qtd=1, Preço=10.00 (Dia 10)
Evento registrado: Produto=4, Qtd=1, Preço=10.00 (Dia 10)
Evento registrado: Produto=4, Qtd=1, Preço=10.00 (Dia 10)
Evento registrado: Produto=3, Qtd=1, Preço=10.00 (Dia 10)
Evento registrado: Produto=2, Qtd=1, Preço=10.00 (Dia 10)
Evento registrado: Produto=3, Qtd=1, Preço=10.00 (Dia 10)
Evento registrado: Produto=1, Qtd=1, Preço=10.00 (Dia 10)
Evento registrado: Produto=2, Qtd=1, Preço=10.00 (Dia 10)
Evento registrado: Produto=1, Qtd=1, Preço=10.00 (Dia 10)
Evento registrado: Produto=5, Qtd=1, Preço=10.00 (Dia 10)
Evento registrado: Produto=1, Qtd=1, Preço=10.00 (Dia 10)
Evento registrado: Produto=2, Qtd=1, Preço=10.00 (Dia 10)
Evento registrado: Produto=1, Qtd=1, Preço=10.00 (Dia 10)
Evento registrado: Produto=4, Qtd=1, Preço=10.00 (Dia 10)
Evento registrado: Produto=4, Qtd=1, Preço=10.00 (Dia 10)
Evento registrado: Produto=2, Qtd=1, Preço=10.00 (Dia 10)
Evento registrado: Produto=5, Qtd=1, Preço=10.00 (Dia 10)
Evento registrado: Produto=5, Qtd=1, Preço=10.00 (Dia 10)
Evento registrado: Produto=5, Qtd=1, Preço=10.00 (Dia 10)
Evento registrado: Produto=3, Qtd=1, Preço=10.00 (Dia 10)
Evento registrado: Produto=3, Qtd=1, Preço=10.00 (Dia 10)
Evento registrado: Produto=4, Qtd=1, Preço=10.00 (Dia 10)
Evento registrado: Produto=2, Qtd=1, Preço=10.00 (Dia 10)
Evento registrado: Produto=1, Qtd=1, Preço=10.00 (Dia 10)
Evento registrado: Produto=4, Qtd=1, Preço=10.00 (Dia 10)
Evento registrado: Produto=2, Qtd=1, Preço=10.00 (Dia 10)
Evento registrado: Produto=1, Qtd=1, Preço=10.00 (Dia 10)
Evento registrado: Produto=2, Qtd=1, Preço=10.00 (Dia 10)
Evento registrado: Produto=1, Qtd=1, Preço=10.00 (Dia 10)
Evento registrado: Produto=2, Qtd=1, Preço=10.00 (Dia 10)
Evento registrado: Produto=3, Qtd=1, Preço=10.00 (Dia 10)
Evento registrado: Produto=5, Qtd=1, Preço=10.00 (Dia 10)
Evento registrado: Produto=5, Qtd=1, Preço=10.00 (Dia 10)
Evento registrado: Produto=4, Qtd=1, Preço=10.00 (Dia 10)
Evento registrado: Produto=5, Qtd=1, Preço=10.00 (Dia 10)
Evento registrado: Produto=3, Qtd=1, Preço=10.00 (Dia 10)
Evento registrado: Produto=4, Qtd=1, Preço=10.00 (Dia 10)
Evento registrado: Produto=1, Qtd=1, Preço=10.00 (Dia 10)
Evento registrado: Produto=5, Qtd=1, Preço=10.00 (Dia 10)
Evento registrado: Produto=3, Qtd=1, Preço=10.00 (Dia 10)
Evento registrado: Produto=3, Qtd=1, Preço=10.00 (Dia 10)
Evento registrado: Produto=4, Qtd=1, Preço=10.00 (Dia 10)
Evento registrado: Produto=2, Qtd=1, Preço=10.00 (Dia 10)
Evento registrado: Produto=4, Qtd=1, Preço=10.00 (Dia 10)
Evento registrado: Produto=1, Qtd=1, Preço=10.00 (Dia 10)
Evento registrado: Produto=2, Qtd=1, Preço=10.00 (Dia 10)
Evento registrado: Produto=2, Qtd=1, Preço=10.00 (Dia 10)
Evento registrado: Produto=1, Qtd=1, Preço=10.00 (Dia 10)
Evento registrado: Produto=5, Qtd=1, Preço=10.00 (Dia 10)
Evento registrado: Produto=3, Qtd=1, Preço=10.00 (Dia 10)
Evento registrado: Produto=3, Qtd=1, Preço=10.00 (Dia 10)
Evento registrado: Produto=4, Qtd=1, Preço=10.00 (Dia 10)
Evento registrado: Produto=4, Qtd=1, Preço=10.00 (Dia 10)
Evento registrado: Produto=1, Qtd=1, Preço=10.00 (Dia 10)
Evento registrado: Produto=5, Qtd=1, Preço=10.00 (Dia 10)
Evento registrado: Produto=1, Qtd=1, Preço=10.00 (Dia 10)
Evento registrado: Produto=2, Qtd=1, Preço=10.00 (Dia 10)
Evento registrado: Produto=5, Qtd=1, Preço=10.00 (Dia 10)
Evento registrado: Produto=3, Qtd=1, Preço=10.00 (Dia 10)
Evento registrado: Produto=5, Qtd=1, Preço=10.00 (Dia 10)
Evento registrado: Produto=4, Qtd=1, Preço=10.00 (Dia 10)
Evento registrado: Produto=1, Qtd=1, Preço=10.00 (Dia 10)
Evento registrado: Produto=2, Qtd=1, Preço=10.00 (Dia 10)
Evento registrado: Produto=1, Qtd=1, Preço=10.00 (Dia 10)
Evento registrado: Produto=3, Qtd=1, Preço=10.00 (Dia 10)
Evento registrado: Produto=5, Qtd=1, Preço=10.00 (Dia 10)
Evento registrado: Produto=2, Qtd=1, Preço=10.00 (Dia 10)
Evento registrado: Produto=4, Qtd=1, Preço=10.00 (Dia 10)
Evento registrado: Produto=4, Qtd=1, Preço=10.00 (Dia 10)
Evento registrado: Produto=2, Qtd=1, Preço=10.00 (Dia 10)
Evento registrado: Produto=3, Qtd=1, Preço=10.00 (Dia 10)
Evento registrado: Produto=1, Qtd=1, Preço=10.00 (Dia 10)
Evento registrado: Produto=3, Qtd=1, Preço=10.00 (Dia 10)
Evento registrado: Produto=5, Qtd=1, Preço=10.00 (Dia 10)
Evento registrado: Produto=5, Qtd=1, Preço=10.00 (Dia 10)
Evento registrado: Produto=2, Qtd=1, Preço=10.00 (Dia 10)
Evento registrado: Produto=4, Qtd=1, Preço=10.00 (Dia 10)
Evento registrado: Produto=1, Qtd=1, Preço=10.00 (Dia 10)
Evento registrado: Produto=5, Qtd=1, Preço=10.00 (Dia 10)
Evento registrado: Produto=4, Qtd=1, Preço=10.00 (Dia 10)
Evento registrado: Produto=3, Qtd=1, Preço=10.00 (Dia 10)
Evento registrado: Produto=1, Qtd=1, Preço=10.00 (Dia 10)
Evento registrado: Produto=3, Qtd=1, Preço=10.00 (Dia 10)
Evento registrado: Produto=2, Qtd=1, Preço=10.00 (Dia 10)
Evento registrado: Produto=5, Qtd=1, Preço=10.00 (Dia 10)
Evento registrado: Produto=1, Qtd=1, Preço=10.00 (Dia 10)
Evento registrado: Produto=2, Qtd=1, Preço=10.00 (Dia 10)
Evento registrado: Produto=4, Qtd=1, Preço=10.00 (Dia 10)
Evento registrado: Produto=3, Qtd=1, Preço=10.00 (Dia 10)
Evento registrado: Produto=1, Qtd=1, Preço=10.00 (Dia 10)
Evento registrado: Produto=2, Qtd=1, Preço=10.00 (Dia 10)
Evento registrado: Produto=5, Qtd=1, Preço=10.00 (Dia 10)
Evento registrado: Produto=3, Qtd=1, Preço=10.00 (Dia 10)
Evento registrado: Produto=5, Qtd=1, Preço=10.00 (Dia 10)
Evento registrado: Produto=4, Qtd=1, Preço=10.00 (Dia 10)
Evento registrado: Produto=4, Qtd=1, Preço=10.00 (Dia 10)
Evento registrado: Produto=2, Qtd=1, Preço=10.00 (Dia 10)
Evento registrado: Produto=1, Qtd=1, Preço=10.00 (Dia 10)
Evento registrado: Produto=5, Qtd=1, Preço=10.00 (Dia 10)
Evento registrado: Produto=4, Qtd=1, Preço=10.00 (Dia 10)
Evento registrado: Produto=3, Qtd=1, Preço=10.00 (Dia 10)
Evento registrado: Produto=1, Qtd=1, Preço=10.00 (Dia 10)
Evento registrado: Produto=2, Qtd=1, Preço=10.00 (Dia 10)
Evento registrado: Produto=3, Qtd=1, Preço=10.00 (Dia 10)
Evento registrado: Produto=2, Qtd=1, Preço=10.00 (Dia 10)
Evento registrado: Produto=3, Qtd=1, Preço=10.00 (Dia 10)
Evento registrado: Produto=3, Qtd=1, Preço=10.00 (Dia 10)
Evento registrado: Produto=5, Qtd=1, Preço=10.00 (Dia 10)
Evento registrado: Produto=2, Qtd=1, Preço=10.00 (Dia 10)
Evento registrado: Produto=1, Qtd=1, Preço=10.00 (Dia 10)
Evento registrado: Produto=5, Qtd=1, Preço=10.00 (Dia 10)
Evento registrado: Produto=1, Qtd=1, Preço=10.00 (Dia 10)
Evento registrado: Produto=4, Qtd=1, Preço=10.00 (Dia 10)
Evento registrado: Produto=2, Qtd=1, Preço=10.00 (Dia 10)
Evento registrado: Produto=4, Qtd=1, Preço=10.00 (Dia 10)
Evento registrado: Produto=5, Qtd=1, Preço=10.00 (Dia 10)
Evento registrado: Produto=4, Qtd=1, Preço=10.00 (Dia 10)
Evento registrado: Produto=1, Qtd=1, Preço=10.00 (Dia 10)
Evento registrado: Produto=4, Qtd=1, Preço=10.00 (Dia 10)
Evento registrado: Produto=5, Qtd=1, Preço=10.00 (Dia 10)
Evento registrado: Produto=2, Qtd=1, Preço=10.00 (Dia 10)
Evento registrado: Produto=3, Qtd=1, Preço=10.00 (Dia 10)
Evento registrado: Produto=3, Qtd=1, Preço=10.00 (Dia 10)
Evento registrado: Produto=2, Qtd=1, Preço=10.00 (Dia 10)
Evento registrado: Produto=1, Qtd=1, Preço=10.00 (Dia 10)
Evento registrado: Produto=3, Qtd=1, Preço=10.00 (Dia 10)
Evento registrado: Produto=3, Qtd=1, Preço=10.00 (Dia 10)
Evento registrado: Produto=1, Qtd=1, Preço=10.00 (Dia 10)
Evento registrado: Produto=4, Qtd=1, Preço=10.00 (Dia 10)
Evento registrado: Produto=1, Qtd=1, Preço=10.00 (Dia 10)
Evento registrado: Produto=5, Qtd=1, Preço=10.00 (Dia 10)
Evento registrado: Produto=5, Qtd=1, Preço=10.00 (Dia 10)
Evento registrado: Produto=4, Qtd=1, Preço=10.00 (Dia 10)
Evento registrado: Produto=5, Qtd=1, Preço=10.00 (Dia 10)
Evento registrado: Produto=2, Qtd=1, Preço=10.00 (Dia 10)
Evento registrado: Produto=4, Qtd=1, Preço=10.00 (Dia 10)
Evento registrado: Produto=2, Qtd=1, Preço=10.00 (Dia 10)
Evento registrado: Produto=1, Qtd=1, Preço=10.00 (Dia 10)
Evento registrado: Produto=4, Qtd=1, Preço=10.00 (Dia 10)
Evento registrado: Produto=2, Qtd=1, Preço=10.00 (Dia 10)
Evento registrado: Produto=5, Qtd=1, Preço=10.00 (Dia 10)
Evento registrado: Produto=2, Qtd=1, Preço=10.00 (Dia 10)
Evento registrado: Produto=3, Qtd=1, Preço=10.00 (Dia 10)
Evento registrado: Produto=3, Qtd=1, Preço=10.00 (Dia 10)
Evento registrado: Produto=3, Qtd=1, Preço=10.00 (Dia 10)
Evento registrado: Produto=5, Qtd=1, Preço=10.00 (Dia 10)
Evento registrado: Produto=1, Qtd=1, Preço=10.00 (Dia 10)
Evento registrado: Produto=3, Qtd=1, Preço=10.00 (Dia 10)
Evento registrado: Produto=4, Qtd=1, Preço=10.00 (Dia 10)
Evento registrado: Produto=4, Qtd=1, Preço=10.00 (Dia 10)
Evento registrado: Produto=5, Qtd=1, Preço=10.00 (Dia 10)
Evento registrado: Produto=2, Qtd=1, Preço=10.00 (Dia 10)
Evento registrado: Produto=5, Qtd=1, Preço=10.00 (Dia 10)
Evento registrado: Produto=1, Qtd=1, Preço=10.00 (Dia 10)
Evento registrado: Produto=1, Qtd=1, Preço=10.00 (Dia 10)
Evento registrado: Produto=2, Qtd=1, Preço=10.00 (Dia 10)
Evento registrado: Produto=4, Qtd=1, Preço=10.00 (Dia 10)
Evento registrado: Produto=1, Qtd=1, Preço=10.00 (Dia 10)
Evento registrado: Produto=2, Qtd=1, Preço=10.00 (Dia 10)
Evento registrado: Produto=2, Qtd=1, Preço=10.00 (Dia 10)
Evento registrado: Produto=5, Qtd=1, Preço=10.00 (Dia 10)
Evento registrado: Produto=4, Qtd=1, Preço=10.00 (Dia 10)
Evento registrado: Produto=3, Qtd=1, Preço=10.00 (Dia 10)
Evento registrado: Produto=3, Qtd=1, Preço=10.00 (Dia 10)
Evento registrado: Produto=3, Qtd=1, Preço=10.00 (Dia 10)
Evento registrado: Produto=3, Qtd=1, Preço=10.00 (Dia 10)
Evento registrado: Produto=1, Qtd=1, Preço=10.00 (Dia 10)
Evento registrado: Produto=5, Qtd=1, Preço=10.00 (Dia 10)
Evento registrado: Produto=2, Qtd=1, Preço=10.00 (Dia 10)
Evento registrado: Produto=4, Qtd=1, Preço=10.00 (Dia 10)
Evento registrado: Produto=1, Qtd=1, Preço=10.00 (Dia 10)
Evento registrado: Produto=5, Qtd=1, Preço=10.00 (Dia 10)
Evento registrado: Produto=1, Qtd=1, Preço=10.00 (Dia 10)
Evento registrado: Produto=2, Qtd=1, Preço=10.00 (Dia 10)
Evento registrado: Produto=1, Qtd=1, Preço=10.00 (Dia 10)
Evento registrado: Produto=4, Qtd=1, Preço=10.00 (Dia 10)
Evento registrado: Produto=5, Qtd=1, Preço=10.00 (Dia 10)
Evento registrado: Produto=4, Qtd=1, Preço=10.00 (Dia 10)
Evento registrado: Produto=2, Qtd=1, Preço=10.00 (Dia 10)
Evento registrado: Produto=2, Qtd=1, Preço=10.00 (Dia 10)
Evento registrado: Produto=4, Qtd=1, Preço=10.00 (Dia 10)
Evento registrado: Produto=3, Qtd=1, Preço=10.00 (Dia 10)
Evento registrado: Produto=3, Qtd=1, Preço=10.00 (Dia 10)
Evento registrado: Produto=5, Qtd=1, Preço=10.00 (Dia 10)
Evento registrado: Produto=3, Qtd=1, Preço=10.00 (Dia 10)
Evento registrado: Produto=3, Qtd=1, Preço=10.00 (Dia 10)
Evento registrado: Produto=5, Qtd=1, Preço=10.00 (Dia 10)
Evento registrado: Produto=4, Qtd=1, Preço=10.00 (Dia 10)
Evento registrado: Produto=1, Qtd=1, Preço=10.00 (Dia 10)
Evento registrado: Produto=1, Qtd=1, Preço=10.00 (Dia 10)
Evento registrado: Produto=1, Qtd=1, Preço=10.00 (Dia 10)
Evento registrado: Produto=1, Qtd=1, Preço=10.00 (Dia 10)
Evento registrado: Produto=2, Qtd=1, Preço=10.00 (Dia 10)
Evento registrado: Produto=5, Qtd=1, Preço=10.00 (Dia 10)
Evento registrado: Produto=5, Qtd=1, Preço=10.00 (Dia 10)
Evento registrado: Produto=4, Qtd=1, Preço=10.00 (Dia 10)
Evento registrado: Produto=4, Qtd=1, Preço=10.00 (Dia 10)
Evento registrado: Produto=2, Qtd=1, Preço=10.00 (Dia 10)
Evento registrado: Produto=5, Qtd=1, Preço=10.00 (Dia 10)
Evento registrado: Produto=3, Qtd=1, Preço=10.00 (Dia 10)
Evento registrado: Produto=2, Qtd=1, Preço=10.00 (Dia 10)
Evento registrado: Produto=4, Qtd=1, Preço=10.00 (Dia 10)
Evento registrado: Produto=3, Qtd=1, Preço=10.00 (Dia 10)
Evento registrado: Produto=2, Qtd=1, Preço=10.00 (Dia 10)
Evento registrado: Produto=1, Qtd=1, Preço=10.00 (Dia 10)
Evento registrado: Produto=1, Qtd=1, Preço=10.00 (Dia 10)
Evento registrado: Produto=1, Qtd=1, Preço=10.00 (Dia 10)
Evento registrado: Produto=3, Qtd=1, Preço=10.00 (Dia 10)
Evento registrado: Produto=2, Qtd=1, Preço=10.00 (Dia 10)
Evento registrado: Produto=3, Qtd=1, Preço=10.00 (Dia 10)
Evento registrado: Produto=1, Qtd=1, Preço=10.00 (Dia 10)
Evento registrado: Produto=5, Qtd=1, Preço=10.00 (Dia 10)
Evento registrado: Produto=5, Qtd=1, Preço=10.00 (Dia 10)
Evento registrado: Produto=4, Qtd=1, Preço=10.00 (Dia 10)
Evento registrado: Produto=2, Qtd=1, Preço=10.00 (Dia 10)
Evento registrado: Produto=4, Qtd=1, Preço=10.00 (Dia 10)
Evento registrado: Produto=4, Qtd=1, Preço=10.00 (Dia 10)
Evento registrado: Produto=5, Qtd=1, Preço=10.00 (Dia 10)
Evento registrado: Produto=5, Qtd=1, Preço=10.00 (Dia 10)
Evento registrado: Produto=4, Qtd=1, Preço=10.00 (Dia 10)
Evento registrado: Produto=2, Qtd=1, Preço=10.00 (Dia 10)
Evento registrado: Produto=1, Qtd=1, Preço=10.00 (Dia 10)
Evento registrado: Produto=3, Qtd=1, Preço=10.00 (Dia 10)
Evento registrado: Produto=3, Qtd=1, Preço=10.00 (Dia 10)
Evento registrado: Produto=2, Qtd=1, Preço=10.00 (Dia 10)
Evento registrado: Produto=1, Qtd=1, Preço=10.00 (Dia 10)
Evento registrado: Produto=3, Qtd=1, Preço=10.00 (Dia 10)
Evento registrado: Produto=2, Qtd=1, Preço=10.00 (Dia 10)
Evento registrado: Produto=1, Qtd=1, Preço=10.00 (Dia 10)
Evento registrado: Produto=2, Qtd=1, Preço=10.00 (Dia 10)
Evento registrado: Produto=3, Qtd=1, Preço=10.00 (Dia 10)
Evento registrado: Produto=4, Qtd=1, Preço=10.00 (Dia 10)
Evento registrado: Produto=5, Qtd=1, Preço=10.00 (Dia 10)
Evento registrado: Produto=4, Qtd=1, Preço=10.00 (Dia 10)
Evento registrado: Produto=5, Qtd=1, Preço=10.00 (Dia 10)
Evento registrado: Produto=4, Qtd=1, Preço=10.00 (Dia 10)
Evento registrado: Produto=1, Qtd=1, Preço=10.00 (Dia 10)
Evento registrado: Produto=5, Qtd=1, Preço=10.00 (Dia 10)
Evento registrado: Produto=5, Qtd=1, Preço=10.00 (Dia 10)
Evento registrado: Produto=3, Qtd=1, Preço=10.00 (Dia 10)
Evento registrado: Produto=4, Qtd=1, Preço=10.00 (Dia 10)
Evento registrado: Produto=1, Qtd=1, Preço=10.00 (Dia 10)
Evento registrado: Produto=2, Qtd=1, Preço=10.00 (Dia 10)
Evento registrado: Produto=2, Qtd=1, Preço=10.00 (Dia 10)
Evento registrado: Produto=3, Qtd=1, Preço=10.00 (Dia 10)
Evento registrado: Produto=2, Qtd=1, Preço=10.00 (Dia 10)
Evento registrado: Produto=1, Qtd=1, Preço=10.00 (Dia 10)
Evento registrado: Produto=5, Qtd=1, Preço=10.00 (Dia 10)
Evento registrado: Produto=4, Qtd=1, Preço=10.00 (Dia 10)
Evento registrado: Produto=4, Qtd=1, Preço=10.00 (Dia 10)
Evento registrado: Produto=5, Qtd=1, Preço=10.00 (Dia 10)
Evento registrado: Produto=3, Qtd=1, Preço=10.00 (Dia 10)
Evento registrado: Produto=4, Qtd=1, Preço=10.00 (Dia 10)
Evento registrado: Produto=5, Qtd=1, Preço=10.00 (Dia 10)
Evento registrado: Produto=2, Qtd=1, Preço=10.00 (Dia 10)
Evento registrado: Produto=1, Qtd=1, Preço=10.00 (Dia 10)
Evento registrado: Produto=1, Qtd=1, Preço=10.00 (Dia 10)
Evento registrado: Produto=3, Qtd=1, Preço=10.00 (Dia 10)
Evento registrado: Produto=3, Qtd=1, Preço=10.00 (Dia 10)
Evento registrado: Produto=1, Qtd=1, Preço=10.00 (Dia 10)
Evento registrado: Produto=4, Qtd=1, Preço=10.00 (Dia 10)
Evento registrado: Produto=2, Qtd=1, Preço=10.00 (Dia 10)
Evento registrado: Produto=3, Qtd=1, Preço=10.00 (Dia 10)
Evento registrado: Produto=4, Qtd=1, Preço=10.00 (Dia 10)
Evento registrado: Produto=1, Qtd=1, Preço=10.00 (Dia 10)
Evento registrado: Produto=2, Qtd=1, Preço=10.00 (Dia 10)
Evento registrado: Produto=5, Qtd=1, Preço=10.00 (Dia 10)
Evento registrado: Produto=5, Qtd=1, Preço=10.00 (Dia 10)
Evento registrado: Produto=4, Qtd=1, Preço=10.00 (Dia 10)
Evento registrado: Produto=4, Qtd=1, Preço=10.00 (Dia 10)
Evento registrado: Produto=1, Qtd=1, Preço=10.00 (Dia 10)
Evento registrado: Produto=5, Qtd=1, Preço=10.00 (Dia 10)
Evento registrado: Produto=5, Qtd=1, Preço=10.00 (Dia 10)
Evento registrado: Produto=1, Qtd=1, Preço=10.00 (Dia 10)
Evento registrado: Produto=2, Qtd=1, Preço=10.00 (Dia 10)
Evento registrado: Produto=3, Qtd=1, Preço=10.00 (Dia 10)
Evento registrado: Produto=2, Qtd=1, Preço=10.00 (Dia 10)
Evento registrado: Produto=3, Qtd=1, Preço=10.00 (Dia 10)
Evento registrado: Produto=3, Qtd=1, Preço=10.00 (Dia 10)
Evento registrado: Produto=4, Qtd=1, Preço=10.00 (Dia 10)
Evento registrado: Produto=5, Qtd=1, Preço=10.00 (Dia 10)
Evento registrado: Produto=2, Qtd=1, Preço=10.00 (Dia 10)
Evento registrado: Produto=3, Qtd=1, Preço=10.00 (Dia 10)
Evento registrado: Produto=3, Qtd=1, Preço=10.00 (Dia 10)
Evento registrado: Produto=1, Qtd=1, Preço=10.00 (Dia 10)
Evento registrado: Produto=2, Qtd=1, Preço=10.00 (Dia 10)
Evento registrado: Produto=1, Qtd=1, Preço=10.00 (Dia 10)
Evento registrado: Produto=1, Qtd=1, Preço=10.00 (Dia 10)
Evento registrado: Produto=4, Qtd=1, Preço=10.00 (Dia 10)
Evento registrado: Produto=3, Qtd=1, Preço=10.00 (Dia 10)
Evento registrado: Produto=4, Qtd=1, Preço=10.00 (Dia 10)
Evento registrado: Produto=4, Qtd=1, Preço=10.00 (Dia 10)
Evento registrado: Produto=5, Qtd=1, Preço=10.00 (Dia 10)
Evento registrado: Produto=5, Qtd=1, Preço=10.00 (Dia 10)
Evento registrado: Produto=2, Qtd=1, Preço=10.00 (Dia 10)
Evento registrado: Produto=5, Qtd=1, Preço=10.00 (Dia 10)
Evento registrado: Produto=2, Qtd=1, Preço=10.00 (Dia 10)
Evento registrado: Produto=1, Qtd=1, Preço=10.00 (Dia 10)
Evento registrado: Produto=3, Qtd=1, Preço=10.00 (Dia 10)
Evento registrado: Produto=5, Qtd=1, Preço=10.00 (Dia 10)
Evento registrado: Produto=4, Qtd=1, Preço=10.00 (Dia 10)
Evento registrado: Produto=1, Qtd=1, Preço=10.00 (Dia 10)
Evento registrado: Produto=1, Qtd=1, Preço=10.00 (Dia 10)
Evento registrado: Produto=3, Qtd=1, Preço=10.00 (Dia 10)
Evento registrado: Produto=3, Qtd=1, Preço=10.00 (Dia 10)
Evento registrado: Produto=2, Qtd=1, Preço=10.00 (Dia 10)
Evento registrado: Produto=3, Qtd=1, Preço=10.00 (Dia 10)
Evento registrado: Produto=4, Qtd=1, Preço=10.00 (Dia 10)
Evento registrado: Produto=5, Qtd=1, Preço=10.00 (Dia 10)
Evento registrado: Produto=5, Qtd=1, Preço=10.00 (Dia 10)
Evento registrado: Produto=1, Qtd=1, Preço=10.00 (Dia 10)
Evento registrado: Produto=2, Qtd=1, Preço=10.00 (Dia 10)
Evento registrado: Produto=2, Qtd=1, Preço=10.00 (Dia 10)
Evento registrado: Produto=4, Qtd=1, Preço=10.00 (Dia 10)
Evento registrado: Produto=4, Qtd=1, Preço=10.00 (Dia 10)
Evento registrado: Produto=1, Qtd=1, Preço=10.00 (Dia 10)
Evento registrado: Produto=5, Qtd=1, Preço=10.00 (Dia 10)
Evento registrado: Produto=2, Qtd=1, Preço=10.00 (Dia 10)
Evento registrado: Produto=1, Qtd=1, Preço=10.00 (Dia 10)
Evento registrado: Produto=3, Qtd=1, Preço=10.00 (Dia 10)
Evento registrado: Produto=3, Qtd=1, Preço=10.00 (Dia 10)
Evento registrado: Produto=2, Qtd=1, Preço=10.00 (Dia 10)
Evento registrado: Produto=2, Qtd=1, Preço=10.00 (Dia 10)
Evento registrado: Produto=2, Qtd=1, Preço=10.00 (Dia 10)
Evento registrado: Produto=5, Qtd=1, Preço=10.00 (Dia 10)
Evento registrado: Produto=1, Qtd=1, Preço=10.00 (Dia 10)
Evento registrado: Produto=4, Qtd=1, Preço=10.00 (Dia 10)
Evento registrado: Produto=4, Qtd=1, Preço=10.00 (Dia 10)
Evento registrado: Produto=5, Qtd=1, Preço=10.00 (Dia 10)
Evento registrado: Produto=4, Qtd=1, Preço=10.00 (Dia 10)
Evento registrado: Produto=3, Qtd=1, Preço=10.00 (Dia 10)
Evento registrado: Produto=5, Qtd=1, Preço=10.00 (Dia 10)
Evento registrado: Produto=5, Qtd=1, Preço=10.00 (Dia 10)
Evento registrado: Produto=1, Qtd=1, Preço=10.00 (Dia 10)
Evento registrado: Produto=1, Qtd=1, Preço=10.00 (Dia 10)
Evento registrado: Produto=3, Qtd=1, Preço=10.00 (Dia 10)
Evento registrado: Produto=2, Qtd=1, Preço=10.00 (Dia 10)
Evento registrado: Produto=4, Qtd=1, Preço=10.00 (Dia 10)
Evento registrado: Produto=4, Qtd=1, Preço=10.00 (Dia 10)
Evento registrado: Produto=3, Qtd=1, Preço=10.00 (Dia 10)
Evento registrado: Produto=1, Qtd=1, Preço=10.00 (Dia 10)
Evento registrado: Produto=2, Qtd=1, Preço=10.00 (Dia 10)
Evento registrado: Produto=3, Qtd=1, Preço=10.00 (Dia 10)
Evento registrado: Produto=1, Qtd=1, Preço=10.00 (Dia 10)
Evento registrado: Produto=5, Qtd=1, Preço=10.00 (Dia 10)
Evento registrado: Produto=2, Qtd=1, Preço=10.00 (Dia 10)
Evento registrado: Produto=2, Qtd=1, Preço=10.00 (Dia 10)
Evento registrado: Produto=5, Qtd=1, Preço=10.00 (Dia 10)
Evento registrado: Produto=4, Qtd=1, Preço=10.00 (Dia 10)
Evento registrado: Produto=1, Qtd=1, Preço=10.00 (Dia 10)
Evento registrado: Produto=3, Qtd=1, Preço=10.00 (Dia 10)
Evento registrado: Produto=4, Qtd=1, Preço=10.00 (Dia 10)
Evento registrado: Produto=4, Qtd=1, Preço=10.00 (Dia 10)
Evento registrado: Produto=5, Qtd=1, Preço=10.00 (Dia 10)
Evento registrado: Produto=3, Qtd=1, Preço=10.00 (Dia 10)
Evento registrado: Produto=5, Qtd=1, Preço=10.00 (Dia 10)
Evento registrado: Produto=1, Qtd=1, Preço=10.00 (Dia 10)
Evento registrado: Produto=2, Qtd=1, Preço=10.00 (Dia 10)
Evento registrado: Produto=5, Qtd=1, Preço=10.00 (Dia 10)
Evento registrado: Produto=4, Qtd=1, Preço=10.00 (Dia 10)
Evento registrado: Produto=3, Qtd=1, Preço=10.00 (Dia 10)
Evento registrado: Produto=3, Qtd=1, Preço=10.00 (Dia 10)
Evento registrado: Produto=1, Qtd=1, Preço=10.00 (Dia 10)
Evento registrado: Produto=2, Qtd=1, Preço=10.00 (Dia 10)
Evento registrado: Produto=2, Qtd=1, Preço=10.00 (Dia 10)
Evento registrado: Produto=2, Qtd=1, Preço=10.00 (Dia 10)
Evento registrado: Produto=5, Qtd=1, Preço=10.00 (Dia 10)
Evento registrado: Produto=1, Qtd=1, Preço=10.00 (Dia 10)
Evento registrado: Produto=4, Qtd=1, Preço=10.00 (Dia 10)
Evento registrado: Produto=3, Qtd=1, Preço=10.00 (Dia 10)
Evento registrado: Produto=4, Qtd=1, Preço=10.00 (Dia 10)
Evento registrado: Produto=2, Qtd=1, Preço=10.00 (Dia 10)
Evento registrado: Produto=1, Qtd=1, Preço=10.00 (Dia 10)
Evento registrado: Produto=1, Qtd=1, Preço=10.00 (Dia 10)
Evento registrado: Produto=5, Qtd=1, Preço=10.00 (Dia 10)
Evento registrado: Produto=5, Qtd=1, Preço=10.00 (Dia 10)
Evento registrado: Produto=3, Qtd=1, Preço=10.00 (Dia 10)
Evento registrado: Produto=4, Qtd=1, Preço=10.00 (Dia 10)
Evento registrado: Produto=5, Qtd=1, Preço=10.00 (Dia 10)
Evento registrado: Produto=3, Qtd=1, Preço=10.00 (Dia 10)
Evento registrado: Produto=2, Qtd=1, Preço=10.00 (Dia 10)
Evento registrado: Produto=1, Qtd=1, Preço=10.00 (Dia 10)
Evento registrado: Produto=4, Qtd=1, Preço=10.00 (Dia 10)
Evento registrado: Produto=4, Qtd=1, Preço=10.00 (Dia 10)
Evento registrado: Produto=2, Qtd=1, Preço=10.00 (Dia 10)
Evento registrado: Produto=3, Qtd=1, Preço=10.00 (Dia 10)
Evento registrado: Produto=2, Qtd=1, Preço=10.00 (Dia 10)
Evento registrado: Produto=1, Qtd=1, Preço=10.00 (Dia 10)
Evento registrado: Produto=5, Qtd=1, Preço=10.00 (Dia 10)
Evento registrado: Produto=3, Qtd=1, Preço=10.00 (Dia 10)
Evento registrado: Produto=5, Qtd=1, Preço=10.00 (Dia 10)
Evento registrado: Produto=1, Qtd=1, Preço=10.00 (Dia 10)
Evento registrado: Produto=3, Qtd=1, Preço=10.00 (Dia 10)
Evento registrado: Produto=4, Qtd=1, Preço=10.00 (Dia 10)
Evento registrado: Produto=2, Qtd=1, Preço=10.00 (Dia 10)
Evento registrado: Produto=1, Qtd=1, Preço=10.00 (Dia 10)
Evento registrado: Produto=4, Qtd=1, Preço=10.00 (Dia 10)
Evento registrado: Produto=5, Qtd=1, Preço=10.00 (Dia 10)
Evento registrado: Produto=4, Qtd=1, Preço=10.00 (Dia 10)
Evento registrado: Produto=4, Qtd=1, Preço=10.00 (Dia 10)
Evento registrado: Produto=3, Qtd=1, Preço=10.00 (Dia 10)
Evento registrado: Produto=3, Qtd=1, Preço=10.00 (Dia 10)
Evento registrado: Produto=1, Qtd=1, Preço=10.00 (Dia 10)
Evento registrado: Produto=2, Qtd=1, Preço=10.00 (Dia 10)
Evento registrado: Produto=4, Qtd=1, Preço=10.00 (Dia 10)
Evento registrado: Produto=1, Qtd=1, Preço=10.00 (Dia 10)
Evento registrado: Produto=2, Qtd=1, Preço=10.00 (Dia 10)
Evento registrado: Produto=5, Qtd=1, Preço=10.00 (Dia 10)
Evento registrado: Produto=1, Qtd=1, Preço=10.00 (Dia 10)
Evento registrado: Produto=5, Qtd=1, Preço=10.00 (Dia 10)
Evento registrado: Produto=2, Qtd=1, Preço=10.00 (Dia 10)
Evento registrado: Produto=3, Qtd=1, Preço=10.00 (Dia 10)
Evento registrado: Produto=5, Qtd=1, Preço=10.00 (Dia 10)
Evento registrado: Produto=3, Qtd=1, Preço=10.00 (Dia 10)
Evento registrado: Produto=2, Qtd=1, Preço=10.00 (Dia 10)
Evento registrado: Produto=1, Qtd=1, Preço=10.00 (Dia 10)
Evento registrado: Produto=5, Qtd=1, Preço=10.00 (Dia 10)
Evento registrado: Produto=4, Qtd=1, Preço=10.00 (Dia 10)
Evento registrado: Produto=4, Qtd=1, Preço=10.00 (Dia 10)
Evento registrado: Produto=3, Qtd=1, Preço=10.00 (Dia 10)
Evento registrado: Produto=4, Qtd=1, Preço=10.00 (Dia 10)
Evento registrado: Produto=4, Qtd=1, Preço=10.00 (Dia 10)
Evento registrado: Produto=2, Qtd=1, Preço=10.00 (Dia 10)
Evento registrado: Produto=1, Qtd=1, Preço=10.00 (Dia 10)
Evento registrado: Produto=4, Qtd=1, Preço=10.00 (Dia 10)
Evento registrado: Produto=2, Qtd=1, Preço=10.00 (Dia 10)
Evento registrado: Produto=3, Qtd=1, Preço=10.00 (Dia 10)
Evento registrado: Produto=5, Qtd=1, Preço=10.00 (Dia 10)
Evento registrado: Produto=5, Qtd=1, Preço=10.00 (Dia 10)
Evento registrado: Produto=2, Qtd=1, Preço=10.00 (Dia 10)
Evento registrado: Produto=5, Qtd=1, Preço=10.00 (Dia 10)
Evento registrado: Produto=1, Qtd=1, Preço=10.00 (Dia 10)
Evento registrado: Produto=1, Qtd=1, Preço=10.00 (Dia 10)
Evento registrado: Produto=2, Qtd=1, Preço=10.00 (Dia 10)
Evento registrado: Produto=3, Qtd=1, Preço=10.00 (Dia 10)
Evento registrado: Produto=1, Qtd=1, Preço=10.00 (Dia 10)
Evento registrado: Produto=5, Qtd=1, Preço=10.00 (Dia 10)
Evento registrado: Produto=3, Qtd=1, Preço=10.00 (Dia 10)
Evento registrado: Produto=4, Qtd=1, Preço=10.00 (Dia 10)
Evento registrado: Produto=1, Qtd=1, Preço=10.00 (Dia 10)
Evento registrado: Produto=3, Qtd=1, Preço=10.00 (Dia 10)
Evento registrado: Produto=2, Qtd=1, Preço=10.00 (Dia 10)
Evento registrado: Produto=4, Qtd=1, Preço=10.00 (Dia 10)
Evento registrado: Produto=2, Qtd=1, Preço=10.00 (Dia 10)
Evento registrado: Produto=4, Qtd=1, Preço=10.00 (Dia 10)
Evento registrado: Produto=4, Qtd=1, Preço=10.00 (Dia 10)
Evento registrado: Produto=5, Qtd=1, Preço=10.00 (Dia 10)
Evento registrado: Produto=1, Qtd=1, Preço=10.00 (Dia 10)
Evento registrado: Produto=5, Qtd=1, Preço=10.00 (Dia 10)
Evento registrado: Produto=2, Qtd=1, Preço=10.00 (Dia 10)
Evento registrado: Produto=2, Qtd=1, Preço=10.00 (Dia 10)
Evento registrado: Produto=5, Qtd=1, Preço=10.00 (Dia 10)
Evento registrado: Produto=1, Qtd=1, Preço=10.00 (Dia 10)
Evento registrado: Produto=3, Qtd=1, Preço=10.00 (Dia 10)
Evento registrado: Produto=3, Qtd=1, Preço=10.00 (Dia 10)
Evento registrado: Produto=1, Qtd=1, Preço=10.00 (Dia 10)
Evento registrado: Produto=3, Qtd=1, Preço=10.00 (Dia 10)
Evento registrado: Produto=5, Qtd=1, Preço=10.00 (Dia 10)
Evento registrado: Produto=4, Qtd=1, Preço=10.00 (Dia 10)
Evento registrado: Produto=1, Qtd=1, Preço=10.00 (Dia 10)
Evento registrado: Produto=3, Qtd=1, Preço=10.00 (Dia 10)
Evento registrado: Produto=1, Qtd=1, Preço=10.00 (Dia 10)
Evento registrado: Produto=3, Qtd=1, Preço=10.00 (Dia 10)
Evento registrado: Produto=1, Qtd=1, Preço=10.00 (Dia 10)
Evento registrado: Produto=2, Qtd=1, Preço=10.00 (Dia 10)
Evento registrado: Produto=4, Qtd=1, Preço=10.00 (Dia 10)
Evento registrado: Produto=2, Qtd=1, Preço=10.00 (Dia 10)
Evento registrado: Produto=4, Qtd=1, Preço=10.00 (Dia 10)
Evento registrado: Produto=5, Qtd=1, Preço=10.00 (Dia 10)
Evento registrado: Produto=4, Qtd=1, Preço=10.00 (Dia 10)
Evento registrado: Produto=1, Qtd=1, Preço=10.00 (Dia 10)
Evento registrado: Produto=2, Qtd=1, Preço=10.00 (Dia 10)
Evento registrado: Produto=5, Qtd=1, Preço=10.00 (Dia 10)
Evento registrado: Produto=2, Qtd=1, Preço=10.00 (Dia 10)
Evento registrado: Produto=5, Qtd=1, Preço=10.00 (Dia 10)
Evento registrado: Produto=3, Qtd=1, Preço=10.00 (Dia 10)
Evento registrado: Produto=5, Qtd=1, Preço=10.00 (Dia 10)
Evento registrado: Produto=3, Qtd=1, Preço=10.00 (Dia 10)
Evento registrado: Produto=1, Qtd=1, Preço=10.00 (Dia 10)
Evento registrado: Produto=3, Qtd=1, Preço=10.00 (Dia 10)
Evento registrado: Produto=2, Qtd=1, Preço=10.00 (Dia 10)
Evento registrado: Produto=2, Qtd=1, Preço=10.00 (Dia 10)
Evento registrado: Produto=5, Qtd=1, Preço=10.00 (Dia 10)
Evento registrado: Produto=1, Qtd=1, Preço=10.00 (Dia 10)
Evento registrado: Produto=3, Qtd=1, Preço=10.00 (Dia 10)
Evento registrado: Produto=1, Qtd=1, Preço=10.00 (Dia 10)
Evento registrado: Produto=3, Qtd=1, Preço=10.00 (Dia 10)
Evento registrado: Produto=5, Qtd=1, Preço=10.00 (Dia 10)
Evento registrado: Produto=2, Qtd=1, Preço=10.00 (Dia 10)
Evento registrado: Produto=2, Qtd=1, Preço=10.00 (Dia 10)
Evento registrado: Produto=4, Qtd=1, Preço=10.00 (Dia 10)
Evento registrado: Produto=1, Qtd=1, Preço=10.00 (Dia 10)
Evento registrado: Produto=5, Qtd=1, Preço=10.00 (Dia 10)
Evento registrado: Produto=3, Qtd=1, Preço=10.00 (Dia 10)
Evento registrado: Produto=4, Qtd=1, Preço=10.00 (Dia 10)
Evento registrado: Produto=5, Qtd=1, Preço=10.00 (Dia 10)
Evento registrado: Produto=4, Qtd=1, Preço=10.00 (Dia 10)
Evento registrado: Produto=4, Qtd=1, Preço=10.00 (Dia 10)
Evento registrado: Produto=1, Qtd=1, Preço=10.00 (Dia 10)
Evento registrado: Produto=3, Qtd=1, Preço=10.00 (Dia 10)
Evento registrado: Produto=3, Qtd=1, Preço=10.00 (Dia 10)
Evento registrado: Produto=2, Qtd=1, Preço=10.00 (Dia 10)
Evento registrado: Produto=2, Qtd=1, Preço=10.00 (Dia 10)
Evento registrado: Produto=4, Qtd=1, Preço=10.00 (Dia 10)
Evento registrado: Produto=2, Qtd=1, Preço=10.00 (Dia 10)
Evento registrado: Produto=1, Qtd=1, Preço=10.00 (Dia 10)
Evento registrado: Produto=1, Qtd=1, Preço=10.00 (Dia 10)
Evento registrado: Produto=3, Qtd=1, Preço=10.00 (Dia 10)
Evento registrado: Produto=4, Qtd=1, Preço=10.00 (Dia 10)
Evento registrado: Produto=5, Qtd=1, Preço=10.00 (Dia 10)
Evento registrado: Produto=2, Qtd=1, Preço=10.00 (Dia 10)
Evento registrado: Produto=1, Qtd=1, Preço=10.00 (Dia 10)
Evento registrado: Produto=5, Qtd=1, Preço=10.00 (Dia 10)
Evento registrado: Produto=3, Qtd=1, Preço=10.00 (Dia 10)
Evento registrado: Produto=4, Qtd=1, Preço=10.00 (Dia 10)
Evento registrado: Produto=4, Qtd=1, Preço=10.00 (Dia 10)
Evento registrado: Produto=5, Qtd=1, Preço=10.00 (Dia 10)
Evento registrado: Produto=5, Qtd=1, Preço=10.00 (Dia 10)
Evento registrado: Produto=3, Qtd=1, Preço=10.00 (Dia 10)
Evento registrado: Produto=3, Qtd=1, Preço=10.00 (Dia 10)
Evento registrado: Produto=1, Qtd=1, Preço=10.00 (Dia 10)
Evento registrado: Produto=2, Qtd=1, Preço=10.00 (Dia 10)
Evento registrado: Produto=2, Qtd=1, Preço=10.00 (Dia 10)
Evento registrado: Produto=4, Qtd=1, Preço=10.00 (Dia 10)
Evento registrado: Produto=1, Qtd=1, Preço=10.00 (Dia 10)
Evento registrado: Produto=1, Qtd=1, Preço=10.00 (Dia 10)
Evento registrado: Produto=3, Qtd=1, Preço=10.00 (Dia 10)
Evento registrado: Produto=4, Qtd=1, Preço=10.00 (Dia 10)
Evento registrado: Produto=5, Qtd=1, Preço=10.00 (Dia 10)
Evento registrado: Produto=3, Qtd=1, Preço=10.00 (Dia 10)
Evento registrado: Produto=1, Qtd=1, Preço=10.00 (Dia 10)
Evento registrado: Produto=4, Qtd=1, Preço=10.00 (Dia 10)
Evento registrado: Produto=5, Qtd=1, Preço=10.00 (Dia 10)
Evento registrado: Produto=5, Qtd=1, Preço=10.00 (Dia 10)
Evento registrado: Produto=4, Qtd=1, Preço=10.00 (Dia 10)
Evento registrado: Produto=2, Qtd=1, Preço=10.00 (Dia 10)
Evento registrado: Produto=5, Qtd=1, Preço=10.00 (Dia 10)
Evento registrado: Produto=2, Qtd=1, Preço=10.00 (Dia 10)
Evento registrado: Produto=1, Qtd=1, Preço=10.00 (Dia 10)
Evento registrado: Produto=2, Qtd=1, Preço=10.00 (Dia 10)
Evento registrado: Produto=1, Qtd=1, Preço=10.00 (Dia 10)
Evento registrado: Produto=3, Qtd=1, Preço=10.00 (Dia 10)
Evento registrado: Produto=4, Qtd=1, Preço=10.00 (Dia 10)
Evento registrado: Produto=2, Qtd=1, Preço=10.00 (Dia 10)
Evento registrado: Produto=3, Qtd=1, Preço=10.00 (Dia 10)
Evento registrado: Produto=5, Qtd=1, Preço=10.00 (Dia 10)
Evento registrado: Produto=1, Qtd=1, Preço=10.00 (Dia 10)
Evento registrado: Produto=5, Qtd=1, Preço=10.00 (Dia 10)
Evento registrado: Produto=1, Qtd=1, Preço=10.00 (Dia 10)
Evento registrado: Produto=4, Qtd=1, Preço=10.00 (Dia 10)
Evento registrado: Produto=4, Qtd=1, Preço=10.00 (Dia 10)
Evento registrado: Produto=3, Qtd=1, Preço=10.00 (Dia 10)
Evento registrado: Produto=2, Qtd=1, Preço=10.00 (Dia 10)
Evento registrado: Produto=4, Qtd=1, Preço=10.00 (Dia 10)
Evento registrado: Produto=3, Qtd=1, Preço=10.00 (Dia 10)
Evento registrado: Produto=5, Qtd=1, Preço=10.00 (Dia 10)
Evento registrado: Produto=2, Qtd=1, Preço=10.00 (Dia 10)
Evento registrado: Produto=5, Qtd=1, Preço=10.00 (Dia 10)
Evento registrado: Produto=1, Qtd=1, Preço=10.00 (Dia 10)
Evento registrado: Produto=3, Qtd=1, Preço=10.00 (Dia 10)
Evento registrado: Produto=5, Qtd=1, Preço=10.00 (Dia 10)
Evento registrado: Produto=1, Qtd=1, Preço=10.00 (Dia 10)
Evento registrado: Produto=2, Qtd=1, Preço=10.00 (Dia 10)
Evento registrado: Produto=3, Qtd=1, Preço=10.00 (Dia 10)
Evento registrado: Produto=1, Qtd=1, Preço=10.00 (Dia 10)
Evento registrado: Produto=1, Qtd=1, Preço=10.00 (Dia 10)
Evento registrado: Produto=4, Qtd=1, Preço=10.00 (Dia 10)
Evento registrado: Produto=4, Qtd=1, Preço=10.00 (Dia 10)
Evento registrado: Produto=5, Qtd=1, Preço=10.00 (Dia 10)
Evento registrado: Produto=3, Qtd=1, Preço=10.00 (Dia 10)
Evento registrado: Produto=2, Qtd=1, Preço=10.00 (Dia 10)
Evento registrado: Produto=4, Qtd=1, Preço=10.00 (Dia 10)
Evento registrado: Produto=5, Qtd=1, Preço=10.00 (Dia 10)
Evento registrado: Produto=4, Qtd=1, Preço=10.00 (Dia 10)
Evento registrado: Produto=2, Qtd=1, Preço=10.00 (Dia 10)
Evento registrado: Produto=5, Qtd=1, Preço=10.00 (Dia 10)
Evento registrado: Produto=3, Qtd=1, Preço=10.00 (Dia 10)
Evento registrado: Produto=2, Qtd=1, Preço=10.00 (Dia 10)
Evento registrado: Produto=5, Qtd=1, Preço=10.00 (Dia 10)
Evento registrado: Produto=1, Qtd=1, Preço=10.00 (Dia 10)
Evento registrado: Produto=5, Qtd=1, Preço=10.00 (Dia 10)
Evento registrado: Produto=2, Qtd=1, Preço=10.00 (Dia 10)
Evento registrado: Produto=3, Qtd=1, Preço=10.00 (Dia 10)
Evento registrado: Produto=4, Qtd=1, Preço=10.00 (Dia 10)
Evento registrado: Produto=1, Qtd=1, Preço=10.00 (Dia 10)
Evento registrado: Produto=4, Qtd=1, Preço=10.00 (Dia 10)
Evento registrado: Produto=2, Qtd=1, Preço=10.00 (Dia 10)
Evento registrado: Produto=3, Qtd=1, Preço=10.00 (Dia 10)
Evento registrado: Produto=2, Qtd=1, Preço=10.00 (Dia 10)
Evento registrado: Produto=5, Qtd=1, Preço=10.00 (Dia 10)
Evento registrado: Produto=3, Qtd=1, Preço=10.00 (Dia 10)
Evento registrado: Produto=3, Qtd=1, Preço=10.00 (Dia 10)
Evento registrado: Produto=2, Qtd=1, Preço=10.00 (Dia 10)
Evento registrado: Produto=1, Qtd=1, Preço=10.00 (Dia 10)
Evento registrado: Produto=4, Qtd=1, Preço=10.00 (Dia 10)
Evento registrado: Produto=1, Qtd=1, Preço=10.00 (Dia 10)
Evento registrado: Produto=4, Qtd=1, Preço=10.00 (Dia 10)
Evento registrado: Produto=5, Qtd=1, Preço=10.00 (Dia 10)
Evento registrado: Produto=1, Qtd=1, Preço=10.00 (Dia 10)
Evento registrado: Produto=2, Qtd=1, Preço=10.00 (Dia 10)
Evento registrado: Produto=5, Qtd=1, Preço=10.00 (Dia 10)
Evento registrado: Produto=5, Qtd=1, Preço=10.00 (Dia 10)
Evento registrado: Produto=4, Qtd=1, Preço=10.00 (Dia 10)
Evento registrado: Produto=1, Qtd=1, Preço=10.00 (Dia 10)
Evento registrado: Produto=3, Qtd=1, Preço=10.00 (Dia 10)
Evento registrado: Produto=2, Qtd=1, Preço=10.00 (Dia 10)
Evento registrado: Produto=3, Qtd=1, Preço=10.00 (Dia 10)
Evento registrado: Produto=2, Qtd=1, Preço=10.00 (Dia 10)
Evento registrado: Produto=3, Qtd=1, Preço=10.00 (Dia 10)
Evento registrado: Produto=2, Qtd=1, Preço=10.00 (Dia 10)
Evento registrado: Produto=1, Qtd=1, Preço=10.00 (Dia 10)
Evento registrado: Produto=5, Qtd=1, Preço=10.00 (Dia 10)
Evento registrado: Produto=4, Qtd=1, Preço=10.00 (Dia 10)
Evento registrado: Produto=1, Qtd=1, Preço=10.00 (Dia 10)
Evento registrado: Produto=3, Qtd=1, Preço=10.00 (Dia 10)
Evento registrado: Produto=5, Qtd=1, Preço=10.00 (Dia 10)
Evento registrado: Produto=4, Qtd=1, Preço=10.00 (Dia 10)
Evento registrado: Produto=4, Qtd=1, Preço=10.00 (Dia 10)
Evento registrado: Produto=3, Qtd=1, Preço=10.00 (Dia 10)
Evento registrado: Produto=2, Qtd=1, Preço=10.00 (Dia 10)
Evento registrado: Produto=5, Qtd=1, Preço=10.00 (Dia 10)
Evento registrado: Produto=3, Qtd=1, Preço=10.00 (Dia 10)
Evento registrado: Produto=1, Qtd=1, Preço=10.00 (Dia 10)
Evento registrado: Produto=2, Qtd=1, Preço=10.00 (Dia 10)
Evento registrado: Produto=1, Qtd=1, Preço=10.00 (Dia 10)
Evento registrado: Produto=3, Qtd=1, Preço=10.00 (Dia 10)
Evento registrado: Produto=5, Qtd=1, Preço=10.00 (Dia 10)
Evento registrado: Produto=2, Qtd=1, Preço=10.00 (Dia 10)
Evento registrado: Produto=5, Qtd=1, Preço=10.00 (Dia 10)
Evento registrado: Produto=4, Qtd=1, Preço=10.00 (Dia 10)
Evento registrado: Produto=1, Qtd=1, Preço=10.00 (Dia 10)
Evento registrado: Produto=4, Qtd=1, Preço=10.00 (Dia 10)
Evento registrado: Produto=5, Qtd=1, Preço=10.00 (Dia 10)
Evento registrado: Produto=4, Qtd=1, Preço=10.00 (Dia 10)
Evento registrado: Produto=2, Qtd=1, Preço=10.00 (Dia 10)
Evento registrado: Produto=1, Qtd=1, Preço=10.00 (Dia 10)
Evento registrado: Produto=4, Qtd=1, Preço=10.00 (Dia 10)
Evento registrado: Produto=3, Qtd=1, Preço=10.00 (Dia 10)
Evento registrado: Produto=3, Qtd=1, Preço=10.00 (Dia 10)
Evento registrado: Produto=2, Qtd=1, Preço=10.00 (Dia 10)
Evento registrado: Produto=1, Qtd=1, Preço=10.00 (Dia 10)
Evento registrado: Produto=4, Qtd=1, Preço=10.00 (Dia 10)
Evento registrado: Produto=3, Qtd=1, Preço=10.00 (Dia 10)
Evento registrado: Produto=1, Qtd=1, Preço=10.00 (Dia 10)
Evento registrado: Produto=2, Qtd=1, Preço=10.00 (Dia 10)
Evento registrado: Produto=2, Qtd=1, Preço=10.00 (Dia 10)
Evento registrado: Produto=2, Qtd=1, Preço=10.00 (Dia 10)
Evento registrado: Produto=4, Qtd=1, Preço=10.00 (Dia 10)
Evento registrado: Produto=4, Qtd=1, Preço=10.00 (Dia 10)
Evento registrado: Produto=5, Qtd=1, Preço=10.00 (Dia 10)
Evento registrado: Produto=5, Qtd=1, Preço=10.00 (Dia 10)
Evento registrado: Produto=3, Qtd=1, Preço=10.00 (Dia 10)
Evento registrado: Produto=1, Qtd=1, Preço=10.00 (Dia 10)
Evento registrado: Produto=3, Qtd=1, Preço=10.00 (Dia 10)
Evento registrado: Produto=5, Qtd=1, Preço=10.00 (Dia 10)
Evento registrado: Produto=1, Qtd=1, Preço=10.00 (Dia 10)
Evento registrado: Produto=5, Qtd=1, Preço=10.00 (Dia 10)
Evento registrado: Produto=4, Qtd=1, Preço=10.00 (Dia 10)
Evento registrado: Produto=3, Qtd=1, Preço=10.00 (Dia 10)
Evento registrado: Produto=1, Qtd=1, Preço=10.00 (Dia 10)
Evento registrado: Produto=4, Qtd=1, Preço=10.00 (Dia 10)
Evento registrado: Produto=4, Qtd=1, Preço=10.00 (Dia 10)
Evento registrado: Produto=2, Qtd=1, Preço=10.00 (Dia 10)
Evento registrado: Produto=1, Qtd=1, Preço=10.00 (Dia 10)
Evento registrado: Produto=3, Qtd=1, Preço=10.00 (Dia 10)
Evento registrado: Produto=2, Qtd=1, Preço=10.00 (Dia 10)
Evento registrado: Produto=3, Qtd=1, Preço=10.00 (Dia 10)
Evento registrado: Produto=5, Qtd=1, Preço=10.00 (Dia 10)
Evento registrado: Produto=1, Qtd=1, Preço=10.00 (Dia 10)
Evento registrado: Produto=5, Qtd=1, Preço=10.00 (Dia 10)
Evento registrado: Produto=5, Qtd=1, Preço=10.00 (Dia 10)
Evento registrado: Produto=4, Qtd=1, Preço=10.00 (Dia 10)
Evento registrado: Produto=3, Qtd=1, Preço=10.00 (Dia 10)
Evento registrado: Produto=4, Qtd=1, Preço=10.00 (Dia 10)
Evento registrado: Produto=2, Qtd=1, Preço=10.00 (Dia 10)
Evento registrado: Produto=5, Qtd=1, Preço=10.00 (Dia 10)
Evento registrado: Produto=2, Qtd=1, Preço=10.00 (Dia 10)
Evento registrado: Produto=1, Qtd=1, Preço=10.00 (Dia 10)
Evento registrado: Produto=4, Qtd=1, Preço=10.00 (Dia 10)
Evento registrado: Produto=1, Qtd=1, Preço=10.00 (Dia 10)
Evento registrado: Produto=3, Qtd=1, Preço=10.00 (Dia 10)
Evento registrado: Produto=5, Qtd=1, Preço=10.00 (Dia 10)
Evento registrado: Produto=2, Qtd=1, Preço=10.00 (Dia 10)
Evento registrado: Produto=5, Qtd=1, Preço=10.00 (Dia 10)
Evento registrado: Produto=4, Qtd=1, Preço=10.00 (Dia 10)
Evento registrado: Produto=5, Qtd=1, Preço=10.00 (Dia 10)
Evento registrado: Produto=3, Qtd=1, Preço=10.00 (Dia 10)
Evento registrado: Produto=4, Qtd=1, Preço=10.00 (Dia 10)
Evento registrado: Produto=1, Qtd=1, Preço=10.00 (Dia 10)
Evento registrado: Produto=2, Qtd=1, Preço=10.00 (Dia 10)
Evento registrado: Produto=2, Qtd=1, Preço=10.00 (Dia 10)
Evento registrado: Produto=3, Qtd=1, Preço=10.00 (Dia 10)
Evento registrado: Produto=3, Qtd=1, Preço=10.00 (Dia 10)
Evento registrado: Produto=1, Qtd=1, Preço=10.00 (Dia 10)
Evento registrado: Produto=4, Qtd=1, Preço=10.00 (Dia 10)
Evento registrado: Produto=1, Qtd=1, Preço=10.00 (Dia 10)
Evento registrado: Produto=2, Qtd=1, Preço=10.00 (Dia 10)
Evento registrado: Produto=5, Qtd=1, Preço=10.00 (Dia 10)
Evento registrado: Produto=1, Qtd=1, Preço=10.00 (Dia 10)
Evento registrado: Produto=5, Qtd=1, Preço=10.00 (Dia 10)
Evento registrado: Produto=5, Qtd=1, Preço=10.00 (Dia 10)
Evento registrado: Produto=4, Qtd=1, Preço=10.00 (Dia 10)
Evento registrado: Produto=5, Qtd=1, Preço=10.00 (Dia 10)
Evento registrado: Produto=3, Qtd=1, Preço=10.00 (Dia 10)
Evento registrado: Produto=4, Qtd=1, Preço=10.00 (Dia 10)
Evento registrado: Produto=1, Qtd=1, Preço=10.00 (Dia 10)
Evento registrado: Produto=3, Qtd=1, Preço=10.00 (Dia 10)
Evento registrado: Produto=2, Qtd=1, Preço=10.00 (Dia 10)
Evento registrado: Produto=3, Qtd=1, Preço=10.00 (Dia 10)
Evento registrado: Produto=1, Qtd=1, Preço=10.00 (Dia 10)
Evento registrado: Produto=2, Qtd=1, Preço=10.00 (Dia 10)
Evento registrado: Produto=4, Qtd=1, Preço=10.00 (Dia 10)
Evento registrado: Produto=1, Qtd=1, Preço=10.00 (Dia 10)
Evento registrado: Produto=3, Qtd=1, Preço=10.00 (Dia 10)
Evento registrado: Produto=4, Qtd=1, Preço=10.00 (Dia 10)
Evento registrado: Produto=2, Qtd=1, Preço=10.00 (Dia 10)
Evento registrado: Produto=5, Qtd=1, Preço=10.00 (Dia 10)
Evento registrado: Produto=2, Qtd=1, Preço=10.00 (Dia 10)
Evento registrado: Produto=1, Qtd=1, Preço=10.00 (Dia 10)
Evento registrado: Produto=1, Qtd=1, Preço=10.00 (Dia 10)
Evento registrado: Produto=4, Qtd=1, Preço=10.00 (Dia 10)
Evento registrado: Produto=5, Qtd=1, Preço=10.00 (Dia 10)
Evento registrado: Produto=5, Qtd=1, Preço=10.00 (Dia 10)
Evento registrado: Produto=4, Qtd=1, Preço=10.00 (Dia 10)
Evento registrado: Produto=1, Qtd=1, Preço=10.00 (Dia 10)
Evento registrado: Produto=2, Qtd=1, Preço=10.00 (Dia 10)
Evento registrado: Produto=3, Qtd=1, Preço=10.00 (Dia 10)
Evento registrado: Produto=3, Qtd=1, Preço=10.00 (Dia 10)
Evento registrado: Produto=3, Qtd=1, Preço=10.00 (Dia 10)
Evento registrado: Produto=2, Qtd=1, Preço=10.00 (Dia 10)
Evento registrado: Produto=4, Qtd=1, Preço=10.00 (Dia 10)
Evento registrado: Produto=1, Qtd=1, Preço=10.00 (Dia 10)
Evento registrado: Produto=3, Qtd=1, Preço=10.00 (Dia 10)
Evento registrado: Produto=2, Qtd=1, Preço=10.00 (Dia 10)
Evento registrado: Produto=4, Qtd=1, Preço=10.00 (Dia 10)
Evento registrado: Produto=5, Qtd=1, Preço=10.00 (Dia 10)
Evento registrado: Produto=5, Qtd=1, Preço=10.00 (Dia 10)
Evento registrado: Produto=2, Qtd=1, Preço=10.00 (Dia 10)
Evento registrado: Produto=1, Qtd=1, Preço=10.00 (Dia 10)
Evento registrado: Produto=4, Qtd=1, Preço=10.00 (Dia 10)
Evento registrado: Produto=3, Qtd=1, Preço=10.00 (Dia 10)
Evento registrado: Produto=2, Qtd=1, Preço=10.00 (Dia 10)
Evento registrado: Produto=4, Qtd=1, Preço=10.00 (Dia 10)
Evento registrado: Produto=1, Qtd=1, Preço=10.00 (Dia 10)
Evento registrado: Produto=1, Qtd=1, Preço=10.00 (Dia 10)
Evento registrado: Produto=5, Qtd=1, Preço=10.00 (Dia 10)
Evento registrado: Produto=5, Qtd=1, Preço=10.00 (Dia 10)
Evento registrado: Produto=3, Qtd=1, Preço=10.00 (Dia 10)
Evento registrado: Produto=2, Qtd=1, Preço=10.00 (Dia 10)
Evento registrado: Produto=3, Qtd=1, Preço=10.00 (Dia 10)
Evento registrado: Produto=4, Qtd=1, Preço=10.00 (Dia 10)
Evento registrado: Produto=3, Qtd=1, Preço=10.00 (Dia 10)
Evento registrado: Produto=2, Qtd=1, Preço=10.00 (Dia 10)
Evento registrado: Produto=5, Qtd=1, Preço=10.00 (Dia 10)
Evento registrado: Produto=5, Qtd=1, Preço=10.00 (Dia 10)
Evento registrado: Produto=2, Qtd=1, Preço=10.00 (Dia 10)
Evento registrado: Produto=1, Qtd=1, Preço=10.00 (Dia 10)
Evento registrado: Produto=4, Qtd=1, Preço=10.00 (Dia 10)
Evento registrado: Produto=3, Qtd=1, Preço=10.00 (Dia 10)
Evento registrado: Produto=4, Qtd=1, Preço=10.00 (Dia 10)
Evento registrado: Produto=3, Qtd=1, Preço=10.00 (Dia 10)
Evento registrado: Produto=1, Qtd=1, Preço=10.00 (Dia 10)
Evento registrado: Produto=5, Qtd=1, Preço=10.00 (Dia 10)
Evento registrado: Produto=1, Qtd=1, Preço=10.00 (Dia 10)
Evento registrado: Produto=4, Qtd=1, Preço=10.00 (Dia 10)
Evento registrado: Produto=5, Qtd=1, Preço=10.00 (Dia 10)
Evento registrado: Produto=2, Qtd=1, Preço=10.00 (Dia 10)
Evento registrado: Produto=2, Qtd=1, Preço=10.00 (Dia 10)
Evento registrado: Produto=5, Qtd=1, Preço=10.00 (Dia 10)
Evento registrado: Produto=3, Qtd=1, Preço=10.00 (Dia 10)
Evento registrado: Produto=1, Qtd=1, Preço=10.00 (Dia 10)
Evento registrado: Produto=2, Qtd=1, Preço=10.00 (Dia 10)
Evento registrado: Produto=1, Qtd=1, Preço=10.00 (Dia 10)
Evento registrado: Produto=4, Qtd=1, Preço=10.00 (Dia 10)
Evento registrado: Produto=5, Qtd=1, Preço=10.00 (Dia 10)
Evento registrado: Produto=2, Qtd=1, Preço=10.00 (Dia 10)
Evento registrado: Produto=4, Qtd=1, Preço=10.00 (Dia 10)
Evento registrado: Produto=3, Qtd=1, Preço=10.00 (Dia 10)
Evento registrado: Produto=3, Qtd=1, Preço=10.00 (Dia 10)
Evento registrado: Produto=1, Qtd=1, Preço=10.00 (Dia 10)
Evento registrado: Produto=5, Qtd=1, Preço=10.00 (Dia 10)
Evento registrado: Produto=1, Qtd=1, Preço=10.00 (Dia 10)
Evento registrado: Produto=4, Qtd=1, Preço=10.00 (Dia 10)
Evento registrado: Produto=4, Qtd=1, Preço=10.00 (Dia 10)
Evento registrado: Produto=2, Qtd=1, Preço=10.00 (Dia 10)
Evento registrado: Produto=3, Qtd=1, Preço=10.00 (Dia 10)
Evento registrado: Produto=3, Qtd=1, Preço=10.00 (Dia 10)
Evento registrado: Produto=4, Qtd=1, Preço=10.00 (Dia 10)
Evento registrado: Produto=1, Qtd=1, Preço=10.00 (Dia 10)
Evento registrado: Produto=5, Qtd=1, Preço=10.00 (Dia 10)
Evento registrado: Produto=1, Qtd=1, Preço=10.00 (Dia 10)
Evento registrado: Produto=2, Qtd=1, Preço=10.00 (Dia 10)
Evento registrado: Produto=2, Qtd=1, Preço=10.00 (Dia 10)
Evento registrado: Produto=4, Qtd=1, Preço=10.00 (Dia 10)
Evento registrado: Produto=5, Qtd=1, Preço=10.00 (Dia 10)
Evento registrado: Produto=5, Qtd=1, Preço=10.00 (Dia 10)
Evento registrado: Produto=2, Qtd=1, Preço=10.00 (Dia 10)
Evento registrado: Produto=3, Qtd=1, Preço=10.00 (Dia 10)
Evento registrado: Produto=3, Qtd=1, Preço=10.00 (Dia 10)
Evento registrado: Produto=1, Qtd=1, Preço=10.00 (Dia 10)
Evento registrado: Produto=1, Qtd=1, Preço=10.00 (Dia 10)
Evento registrado: Produto=5, Qtd=1, Preço=10.00 (Dia 10)
Evento registrado: Produto=4, Qtd=1, Preço=10.00 (Dia 10)
Evento registrado: Produto=2, Qtd=1, Preço=10.00 (Dia 10)
Evento registrado: Produto=3, Qtd=1, Preço=10.00 (Dia 10)
Evento registrado: Produto=4, Qtd=1, Preço=10.00 (Dia 10)
Evento registrado: Produto=2, Qtd=1, Preço=10.00 (Dia 10)
Evento registrado: Produto=1, Qtd=1, Preço=10.00 (Dia 10)
Evento registrado: Produto=4, Qtd=1, Preço=10.00 (Dia 10)
Evento registrado: Produto=4, Qtd=1, Preço=10.00 (Dia 10)
Evento registrado: Produto=1, Qtd=1, Preço=10.00 (Dia 10)
Evento registrado: Produto=5, Qtd=1, Preço=10.00 (Dia 10)
Evento registrado: Produto=2, Qtd=1, Preço=10.00 (Dia 10)
Evento registrado: Produto=5, Qtd=1, Preço=10.00 (Dia 10)
Evento registrado: Produto=3, Qtd=1, Preço=10.00 (Dia 10)
Evento registrado: Produto=5, Qtd=1, Preço=10.00 (Dia 10)
Evento registrado: Produto=2, Qtd=1, Preço=10.00 (Dia 10)
Evento registrado: Produto=3, Qtd=1, Preço=10.00 (Dia 10)
Evento registrado: Produto=1, Qtd=1, Preço=10.00 (Dia 10)
Evento registrado: Produto=1, Qtd=1, Preço=10.00 (Dia 10)
Evento registrado: Produto=2, Qtd=1, Preço=10.00 (Dia 10)
Evento registrado: Produto=3, Qtd=1, Preço=10.00 (Dia 10)
Evento registrado: Produto=4, Qtd=1, Preço=10.00 (Dia 10)
Evento registrado: Produto=3, Qtd=1, Preço=10.00 (Dia 10)
Evento registrado: Produto=4, Qtd=1, Preço=10.00 (Dia 10)
Evento registrado: Produto=1, Qtd=1, Preço=10.00 (Dia 10)
Evento registrado: Produto=5, Qtd=1, Preço=10.00 (Dia 10)
Evento registrado: Produto=2, Qtd=1, Preço=10.00 (Dia 10)
Evento registrado: Produto=4, Qtd=1, Preço=10.00 (Dia 10)
Evento registrado: Produto=4, Qtd=1, Preço=10.00 (Dia 10)
Evento registrado: Produto=2, Qtd=1, Preço=10.00 (Dia 10)
Evento registrado: Produto=5, Qtd=1, Preço=10.00 (Dia 10)
Evento registrado: Produto=3, Qtd=1, Preço=10.00 (Dia 10)
Evento registrado: Produto=2, Qtd=1, Preço=10.00 (Dia 10)
Evento registrado: Produto=5, Qtd=1, Preço=10.00 (Dia 10)
Evento registrado: Produto=3, Qtd=1, Preço=10.00 (Dia 10)
Evento registrado: Produto=1, Qtd=1, Preço=10.00 (Dia 10)
Evento registrado: Produto=5, Qtd=1, Preço=10.00 (Dia 10)
Evento registrado: Produto=4, Qtd=1, Preço=10.00 (Dia 10)
Evento registrado: Produto=3, Qtd=1, Preço=10.00 (Dia 10)
Evento registrado: Produto=3, Qtd=1, Preço=10.00 (Dia 10)
Evento registrado: Produto=2, Qtd=1, Preço=10.00 (Dia 10)
Evento registrado: Produto=1, Qtd=1, Preço=10.00 (Dia 10)
Evento registrado: Produto=5, Qtd=1, Preço=10.00 (Dia 10)
Evento registrado: Produto=4, Qtd=1, Preço=10.00 (Dia 10)
Evento registrado: Produto=1, Qtd=1, Preço=10.00 (Dia 10)
Evento registrado: Produto=1, Qtd=1, Preço=10.00 (Dia 10)
Evento registrado: Produto=4, Qtd=1, Preço=10.00 (Dia 10)
Evento registrado: Produto=2, Qtd=1, Preço=10.00 (Dia 10)
Evento registrado: Produto=2, Qtd=1, Preço=10.00 (Dia 10)
Evento registrado: Produto=5, Qtd=1, Preço=10.00 (Dia 10)
Evento registrado: Produto=4, Qtd=1, Preço=10.00 (Dia 10)
Evento registrado: Produto=2, Qtd=1, Preço=10.00 (Dia 10)
Evento registrado: Produto=3, Qtd=1, Preço=10.00 (Dia 10)
Evento registrado: Produto=5, Qtd=1, Preço=10.00 (Dia 10)
Evento registrado: Produto=3, Qtd=1, Preço=10.00 (Dia 10)
Evento registrado: Produto=1, Qtd=1, Preço=10.00 (Dia 10)
Evento registrado: Produto=5, Qtd=1, Preço=10.00 (Dia 10)
Evento registrado: Produto=4, Qtd=1, Preço=10.00 (Dia 10)
Evento registrado: Produto=4, Qtd=1, Preço=10.00 (Dia 10)
Evento registrado: Produto=2, Qtd=1, Preço=10.00 (Dia 10)
Evento registrado: Produto=1, Qtd=1, Preço=10.00 (Dia 10)
Evento registrado: Produto=2, Qtd=1, Preço=10.00 (Dia 10)
Evento registrado: Produto=3, Qtd=1, Preço=10.00 (Dia 10)
Evento registrado: Produto=5, Qtd=1, Preço=10.00 (Dia 10)
Evento registrado: Produto=2, Qtd=1, Preço=10.00 (Dia 10)
Evento registrado: Produto=3, Qtd=1, Preço=10.00 (Dia 10)
Evento registrado: Produto=1, Qtd=1, Preço=10.00 (Dia 10)
Evento registrado: Produto=2, Qtd=1, Preço=10.00 (Dia 10)
Evento registrado: Produto=1, Qtd=1, Preço=10.00 (Dia 10)
Evento registrado: Produto=3, Qtd=1, Preço=10.00 (Dia 10)
Evento registrado: Produto=5, Qtd=1, Preço=10.00 (Dia 10)
Evento registrado: Produto=5, Qtd=1, Preço=10.00 (Dia 10)
Evento registrado: Produto=4, Qtd=1, Preço=10.00 (Dia 10)
Evento registrado: Produto=1, Qtd=1, Preço=10.00 (Dia 10)
Evento registrado: Produto=5, Qtd=1, Preço=10.00 (Dia 10)
Evento registrado: Produto=3, Qtd=1, Preço=10.00 (Dia 10)
Evento registrado: Produto=4, Qtd=1, Preço=10.00 (Dia 10)
Evento registrado: Produto=1, Qtd=1, Preço=10.00 (Dia 10)
Evento registrado: Produto=2, Qtd=1, Preço=10.00 (Dia 10)
Evento registrado: Produto=3, Qtd=1, Preço=10.00 (Dia 10)
Evento registrado: Produto=3, Qtd=1, Preço=10.00 (Dia 10)
Evento registrado: Produto=2, Qtd=1, Preço=10.00 (Dia 10)
Evento registrado: Produto=3, Qtd=1, Preço=10.00 (Dia 10)
Evento registrado: Produto=4, Qtd=1, Preço=10.00 (Dia 10)
Evento registrado: Produto=2, Qtd=1, Preço=10.00 (Dia 10)
Evento registrado: Produto=1, Qtd=1, Preço=10.00 (Dia 10)
Evento registrado: Produto=2, Qtd=1, Preço=10.00 (Dia 10)
Evento registrado: Produto=5, Qtd=1, Preço=10.00 (Dia 10)
Evento registrado: Produto=4, Qtd=1, Preço=10.00 (Dia 10)
Evento registrado: Produto=5, Qtd=1, Preço=10.00 (Dia 10)
Evento registrado: Produto=1, Qtd=1, Preço=10.00 (Dia 10)
Evento registrado: Produto=1, Qtd=1, Preço=10.00 (Dia 10)
Evento registrado: Produto=5, Qtd=1, Preço=10.00 (Dia 10)
Evento registrado: Produto=4, Qtd=1, Preço=10.00 (Dia 10)
Evento registrado: Produto=3, Qtd=1, Preço=10.00 (Dia 10)
Evento registrado: Produto=5, Qtd=1, Preço=10.00 (Dia 10)
Evento registrado: Produto=4, Qtd=1, Preço=10.00 (Dia 10)
Evento registrado: Produto=2, Qtd=1, Preço=10.00 (Dia 10)
Evento registrado: Produto=2, Qtd=1, Preço=10.00 (Dia 10)
Evento registrado: Produto=4, Qtd=1, Preço=10.00 (Dia 10)
Evento registrado: Produto=1, Qtd=1, Preço=10.00 (Dia 10)
Evento registrado: Produto=3, Qtd=1, Preço=10.00 (Dia 10)
Evento registrado: Produto=2, Qtd=1, Preço=10.00 (Dia 10)
Evento registrado: Produto=5, Qtd=1, Preço=10.00 (Dia 10)
Evento registrado: Produto=4, Qtd=1, Preço=10.00 (Dia 10)
Evento registrado: Produto=1, Qtd=1, Preço=10.00 (Dia 10)
Evento registrado: Produto=3, Qtd=1, Preço=10.00 (Dia 10)
Evento registrado: Produto=5, Qtd=1, Preço=10.00 (Dia 10)
Evento registrado: Produto=3, Qtd=1, Preço=10.00 (Dia 10)
Evento registrado: Produto=1, Qtd=1, Preço=10.00 (Dia 10)
Evento registrado: Produto=2, Qtd=1, Preço=10.00 (Dia 10)
Evento registrado: Produto=5, Qtd=1, Preço=10.00 (Dia 10)
Evento registrado: Produto=4, Qtd=1, Preço=10.00 (Dia 10)
Evento registrado: Produto=3, Qtd=1, Preço=10.00 (Dia 10)
Evento registrado: Produto=5, Qtd=1, Preço=10.00 (Dia 10)
Evento registrado: Produto=4, Qtd=1, Preço=10.00 (Dia 10)
Evento registrado: Produto=1, Qtd=1, Preço=10.00 (Dia 10)
Evento registrado: Produto=4, Qtd=1, Preço=10.00 (Dia 10)
Evento registrado: Produto=2, Qtd=1, Preço=10.00 (Dia 10)
Evento registrado: Produto=3, Qtd=1, Preço=10.00 (Dia 10)
Evento registrado: Produto=3, Qtd=1, Preço=10.00 (Dia 10)
Evento registrado: Produto=1, Qtd=1, Preço=10.00 (Dia 10)
Evento registrado: Produto=1, Qtd=1, Preço=10.00 (Dia 10)
Evento registrado: Produto=3, Qtd=1, Preço=10.00 (Dia 10)
Evento registrado: Produto=2, Qtd=1, Preço=10.00 (Dia 10)
Evento registrado: Produto=1, Qtd=1, Preço=10.00 (Dia 10)
Evento registrado: Produto=5, Qtd=1, Preço=10.00 (Dia 10)
Evento registrado: Produto=2, Qtd=1, Preço=10.00 (Dia 10)
Evento registrado: Produto=2, Qtd=1, Preço=10.00 (Dia 10)
Evento registrado: Produto=5, Qtd=1, Preço=10.00 (Dia 10)
Evento registrado: Produto=5, Qtd=1, Preço=10.00 (Dia 10)
Evento registrado: Produto=4, Qtd=1, Preço=10.00 (Dia 10)
Evento registrado: Produto=1, Qtd=1, Preço=10.00 (Dia 10)
Evento registrado: Produto=4, Qtd=1, Preço=10.00 (Dia 10)
Evento registrado: Produto=3, Qtd=1, Preço=10.00 (Dia 10)
Evento registrado: Produto=4, Qtd=1, Preço=10.00 (Dia 10)
Evento registrado: Produto=5, Qtd=1, Preço=10.00 (Dia 10)
Evento registrado: Produto=4, Qtd=1, Preço=10.00 (Dia 10)
Evento registrado: Produto=3, Qtd=1, Preço=10.00 (Dia 10)
Evento registrado: Produto=1, Qtd=1, Preço=10.00 (Dia 10)
Evento registrado: Produto=1, Qtd=1, Preço=10.00 (Dia 10)
Evento registrado: Produto=5, Qtd=1, Preço=10.00 (Dia 10)
Evento registrado: Produto=3, Qtd=1, Preço=10.00 (Dia 10)
Evento registrado: Produto=1, Qtd=1, Preço=10.00 (Dia 10)
Evento registrado: Produto=4, Qtd=1, Preço=10.00 (Dia 10)
Evento registrado: Produto=5, Qtd=1, Preço=10.00 (Dia 10)
Evento registrado: Produto=4, Qtd=1, Preço=10.00 (Dia 10)
Evento registrado: Produto=3, Qtd=1, Preço=10.00 (Dia 10)
Evento registrado: Produto=2, Qtd=1, Preço=10.00 (Dia 10)
Evento registrado: Produto=5, Qtd=1, Preço=10.00 (Dia 10)
Evento registrado: Produto=2, Qtd=1, Preço=10.00 (Dia 10)
Evento registrado: Produto=5, Qtd=1, Preço=10.00 (Dia 10)
Evento registrado: Produto=2, Qtd=1, Preço=10.00 (Dia 10)
Evento registrado: Produto=3, Qtd=1, Preço=10.00 (Dia 10)
Evento registrado: Produto=1, Qtd=1, Preço=10.00 (Dia 10)
Evento registrado: Produto=2, Qtd=1, Preço=10.00 (Dia 10)
Evento registrado: Produto=4, Qtd=1, Preço=10.00 (Dia 10)
Evento registrado: Produto=4, Qtd=1, Preço=10.00 (Dia 10)
Evento registrado: Produto=1, Qtd=1, Preço=10.00 (Dia 10)
Evento registrado: Produto=3, Qtd=1, Preço=10.00 (Dia 10)
Evento registrado: Produto=1, Qtd=1, Preço=10.00 (Dia 10)
Evento registrado: Produto=5, Qtd=1, Preço=10.00 (Dia 10)
Evento registrado: Produto=1, Qtd=1, Preço=10.00 (Dia 10)
Evento registrado: Produto=4, Qtd=1, Preço=10.00 (Dia 10)
Evento registrado: Produto=2, Qtd=1, Preço=10.00 (Dia 10)
Evento registrado: Produto=4, Qtd=1, Preço=10.00 (Dia 10)
Evento registrado: Produto=5, Qtd=1, Preço=10.00 (Dia 10)
Evento registrado: Produto=3, Qtd=1, Preço=10.00 (Dia 10)
Evento registrado: Produto=3, Qtd=1, Preço=10.00 (Dia 10)
Evento registrado: Produto=3, Qtd=1, Preço=10.00 (Dia 10)
Evento registrado: Produto=2, Qtd=1, Preço=10.00 (Dia 10)
Evento registrado: Produto=2, Qtd=1, Preço=10.00 (Dia 10)
Evento registrado: Produto=5, Qtd=1, Preço=10.00 (Dia 10)
Evento registrado: Produto=4, Qtd=1, Preço=10.00 (Dia 10)
Evento registrado: Produto=2, Qtd=1, Preço=10.00 (Dia 10)
Evento registrado: Produto=5, Qtd=1, Preço=10.00 (Dia 10)
Evento registrado: Produto=1, Qtd=1, Preço=10.00 (Dia 10)
Evento registrado: Produto=1, Qtd=1, Preço=10.00 (Dia 10)
Evento registrado: Produto=3, Qtd=1, Preço=10.00 (Dia 10)
Evento registrado: Produto=4, Qtd=1, Preço=10.00 (Dia 10)
Evento registrado: Produto=4, Qtd=1, Preço=10.00 (Dia 10)
Evento registrado: Produto=5, Qtd=1, Preço=10.00 (Dia 10)
Evento registrado: Produto=2, Qtd=1, Preço=10.00 (Dia 10)
Evento registrado: Produto=4, Qtd=1, Preço=10.00 (Dia 10)
Evento registrado: Produto=5, Qtd=1, Preço=10.00 (Dia 10)
Evento registrado: Produto=1, Qtd=1, Preço=10.00 (Dia 10)
Evento registrado: Produto=2, Qtd=1, Preço=10.00 (Dia 10)
Evento registrado: Produto=1, Qtd=1, Preço=10.00 (Dia 10)
Evento registrado: Produto=3, Qtd=1, Preço=10.00 (Dia 10)
Evento registrado: Produto=2, Qtd=1, Preço=10.00 (Dia 10)
Evento registrado: Produto=5, Qtd=1, Preço=10.00 (Dia 10)
Evento registrado: Produto=4, Qtd=1, Preço=10.00 (Dia 10)
Evento registrado: Produto=5, Qtd=1, Preço=10.00 (Dia 10)
Evento registrado: Produto=1, Qtd=1, Preço=10.00 (Dia 10)
Evento registrado: Produto=3, Qtd=1, Preço=10.00 (Dia 10)
Evento registrado: Produto=2, Qtd=1, Preço=10.00 (Dia 10)
Evento registrado: Produto=3, Qtd=1, Preço=10.00 (Dia 10)
Evento registrado: Produto=2, Qtd=1, Preço=10.00 (Dia 10)
Evento registrado: Produto=1, Qtd=1, Preço=10.00 (Dia 10)
Evento registrado: Produto=1, Qtd=1, Preço=10.00 (Dia 10)
Evento registrado: Produto=5, Qtd=1, Preço=10.00 (Dia 10)
Evento registrado: Produto=4, Qtd=1, Preço=10.00 (Dia 10)
Evento registrado: Produto=3, Qtd=1, Preço=10.00 (Dia 10)
Evento registrado: Produto=5, Qtd=1, Preço=10.00 (Dia 10)
Evento registrado: Produto=4, Qtd=1, Preço=10.00 (Dia 10)
Evento registrado: Produto=4, Qtd=1, Preço=10.00 (Dia 10)
Evento registrado: Produto=3, Qtd=1, Preço=10.00 (Dia 10)
Evento registrado: Produto=2, Qtd=1, Preço=10.00 (Dia 10)
Evento registrado: Produto=5, Qtd=1, Preço=10.00 (Dia 10)
Evento registrado: Produto=5, Qtd=1, Preço=10.00 (Dia 10)
Evento registrado: Produto=3, Qtd=1, Preço=10.00 (Dia 10)
Evento registrado: Produto=3, Qtd=1, Preço=10.00 (Dia 10)
Evento registrado: Produto=4, Qtd=1, Preço=10.00 (Dia 10)
Evento registrado: Produto=2, Qtd=1, Preço=10.00 (Dia 10)
Evento registrado: Produto=1, Qtd=1, Preço=10.00 (Dia 10)
Evento registrado: Produto=2, Qtd=1, Preço=10.00 (Dia 10)
Evento registrado: Produto=1, Qtd=1, Preço=10.00 (Dia 10)
Evento registrado: Produto=1, Qtd=1, Preço=10.00 (Dia 10)
Evento registrado: Produto=5, Qtd=1, Preço=10.00 (Dia 10)
Evento registrado: Produto=4, Qtd=1, Preço=10.00 (Dia 10)
Evento registrado: Produto=4, Qtd=1, Preço=10.00 (Dia 10)
Evento registrado: Produto=3, Qtd=1, Preço=10.00 (Dia 10)
Evento registrado: Produto=5, Qtd=1, Preço=10.00 (Dia 10)
Evento registrado: Produto=5, Qtd=1, Preço=10.00 (Dia 10)
Evento registrado: Produto=3, Qtd=1, Preço=10.00 (Dia 10)
Evento registrado: Produto=5, Qtd=1, Preço=10.00 (Dia 10)
Evento registrado: Produto=4, Qtd=1, Preço=10.00 (Dia 10)
Evento registrado: Produto=1, Qtd=1, Preço=10.00 (Dia 10)
Evento registrado: Produto=4, Qtd=1, Preço=10.00 (Dia 10)
Evento registrado: Produto=1, Qtd=1, Preço=10.00 (Dia 10)
Evento registrado: Produto=3, Qtd=1, Preço=10.00 (Dia 10)
Evento registrado: Produto=2, Qtd=1, Preço=10.00 (Dia 10)
Evento registrado: Produto=2, Qtd=1, Preço=10.00 (Dia 10)
Evento registrado: Produto=2, Qtd=1, Preço=10.00 (Dia 10)
Evento registrado: Produto=3, Qtd=1, Preço=10.00 (Dia 10)
Evento registrado: Produto=1, Qtd=1, Preço=10.00 (Dia 10)
Evento registrado: Produto=2, Qtd=1, Preço=10.00 (Dia 10)
Evento registrado: Produto=1, Qtd=1, Preço=10.00 (Dia 10)
Evento registrado: Produto=5, Qtd=1, Preço=10.00 (Dia 10)
Evento registrado: Produto=4, Qtd=1, Preço=10.00 (Dia 10)
Evento registrado: Produto=4, Qtd=1, Preço=10.00 (Dia 10)
Evento registrado: Produto=5, Qtd=1, Preço=10.00 (Dia 10)
Evento registrado: Produto=5, Qtd=1, Preço=10.00 (Dia 10)
Evento registrado: Produto=4, Qtd=1, Preço=10.00 (Dia 10)
Evento registrado: Produto=4, Qtd=1, Preço=10.00 (Dia 10)
Evento registrado: Produto=3, Qtd=1, Preço=10.00 (Dia 10)
Evento registrado: Produto=3, Qtd=1, Preço=10.00 (Dia 10)
Evento registrado: Produto=1, Qtd=1, Preço=10.00 (Dia 10)
Evento registrado: Produto=3, Qtd=1, Preço=10.00 (Dia 10)
Evento registrado: Produto=5, Qtd=1, Preço=10.00 (Dia 10)
Evento registrado: Produto=1, Qtd=1, Preço=10.00 (Dia 10)
Evento registrado: Produto=3, Qtd=1, Preço=10.00 (Dia 10)
Evento registrado: Produto=2, Qtd=1, Preço=10.00 (Dia 10)
Evento registrado: Produto=2, Qtd=1, Preço=10.00 (Dia 10)
Evento registrado: Produto=1, Qtd=1, Preço=10.00 (Dia 10)
Evento registrado: Produto=2, Qtd=1, Preço=10.00 (Dia 10)
Evento registrado: Produto=2, Qtd=1, Preço=10.00 (Dia 10)
Evento registrado: Produto=5, Qtd=1, Preço=10.00 (Dia 10)
Evento registrado: Produto=4, Qtd=1, Preço=10.00 (Dia 10)
Evento registrado: Produto=1, Qtd=1, Preço=10.00 (Dia 10)
Evento registrado: Produto=4, Qtd=1, Preço=10.00 (Dia 10)
Evento registrado: Produto=3, Qtd=1, Preço=10.00 (Dia 10)
Evento registrado: Produto=4, Qtd=1, Preço=10.00 (Dia 10)
Evento registrado: Produto=3, Qtd=1, Preço=10.00 (Dia 10)
Evento registrado: Produto=5, Qtd=1, Preço=10.00 (Dia 10)
Evento registrado: Produto=5, Qtd=1, Preço=10.00 (Dia 10)
Evento registrado: Produto=4, Qtd=1, Preço=10.00 (Dia 10)
Evento registrado: Produto=3, Qtd=1, Preço=10.00 (Dia 10)
Evento registrado: Produto=1, Qtd=1, Preço=10.00 (Dia 10)
Evento registrado: Produto=1, Qtd=1, Preço=10.00 (Dia 10)
Evento registrado: Produto=5, Qtd=1, Preço=10.00 (Dia 10)
Evento registrado: Produto=2, Qtd=1, Preço=10.00 (Dia 10)
Evento registrado: Produto=3, Qtd=1, Preço=10.00 (Dia 10)
Evento registrado: Produto=2, Qtd=1, Preço=10.00 (Dia 10)
Evento registrado: Produto=1, Qtd=1, Preço=10.00 (Dia 10)
Evento registrado: Produto=2, Qtd=1, Preço=10.00 (Dia 10)
Evento registrado: Produto=2, Qtd=1, Preço=10.00 (Dia 10)
Evento registrado: Produto=4, Qtd=1, Preço=10.00 (Dia 10)
Evento registrado: Produto=1, Qtd=1, Preço=10.00 (Dia 10)
Evento registrado: Produto=5, Qtd=1, Preço=10.00 (Dia 10)
Evento registrado: Produto=4, Qtd=1, Preço=10.00 (Dia 10)
Evento registrado: Produto=4, Qtd=1, Preço=10.00 (Dia 10)
Evento registrado: Produto=5, Qtd=1, Preço=10.00 (Dia 10)
Evento registrado: Produto=4, Qtd=1, Preço=10.00 (Dia 10)
Evento registrado: Produto=3, Qtd=1, Preço=10.00 (Dia 10)
Evento registrado: Produto=3, Qtd=1, Preço=10.00 (Dia 10)
Evento registrado: Produto=3, Qtd=1, Preço=10.00 (Dia 10)
Evento registrado: Produto=1, Qtd=1, Preço=10.00 (Dia 10)
Evento registrado: Produto=1, Qtd=1, Preço=10.00 (Dia 10)
Evento registrado: Produto=2, Qtd=1, Preço=10.00 (Dia 10)
Evento registrado: Produto=2, Qtd=1, Preço=10.00 (Dia 10)
Evento registrado: Produto=5, Qtd=1, Preço=10.00 (Dia 10)
Evento registrado: Produto=2, Qtd=1, Preço=10.00 (Dia 10)
Evento registrado: Produto=3, Qtd=1, Preço=10.00 (Dia 10)
Evento registrado: Produto=1, Qtd=1, Preço=10.00 (Dia 10)
Evento registrado: Produto=5, Qtd=1, Preço=10.00 (Dia 10)
Evento registrado: Produto=2, Qtd=1, Preço=10.00 (Dia 10)
Evento registrado: Produto=4, Qtd=1, Preço=10.00 (Dia 10)
Evento registrado: Produto=4, Qtd=1, Preço=10.00 (Dia 10)
Evento registrado: Produto=4, Qtd=1, Preço=10.00 (Dia 10)
Evento registrado: Produto=4, Qtd=1, Preço=10.00 (Dia 10)
Evento registrado: Produto=3, Qtd=1, Preço=10.00 (Dia 10)
Evento registrado: Produto=5, Qtd=1, Preço=10.00 (Dia 10)
Evento registrado: Produto=2, Qtd=1, Preço=10.00 (Dia 10)
Evento registrado: Produto=5, Qtd=1, Preço=10.00 (Dia 10)
Evento registrado: Produto=3, Qtd=1, Preço=10.00 (Dia 10)
Evento registrado: Produto=1, Qtd=1, Preço=10.00 (Dia 10)
Evento registrado: Produto=5, Qtd=1, Preço=10.00 (Dia 10)
Evento registrado: Produto=3, Qtd=1, Preço=10.00 (Dia 10)
Evento registrado: Produto=3, Qtd=1, Preço=10.00 (Dia 10)
Evento registrado: Produto=2, Qtd=1, Preço=10.00 (Dia 10)
Evento registrado: Produto=1, Qtd=1, Preço=10.00 (Dia 10)
Evento registrado: Produto=2, Qtd=1, Preço=10.00 (Dia 10)
Evento registrado: Produto=5, Qtd=1, Preço=10.00 (Dia 10)
Evento registrado: Produto=1, Qtd=1, Preço=10.00 (Dia 10)
Evento registrado: Produto=1, Qtd=1, Preço=10.00 (Dia 10)
Evento registrado: Produto=2, Qtd=1, Preço=10.00 (Dia 10)
Evento registrado: Produto=4, Qtd=1, Preço=10.00 (Dia 10)
Evento registrado: Produto=1, Qtd=1, Preço=10.00 (Dia 10)
Evento registrado: Produto=4, Qtd=1, Preço=10.00 (Dia 10)
Evento registrado: Produto=3, Qtd=1, Preço=10.00 (Dia 10)
Evento registrado: Produto=5, Qtd=1, Preço=10.00 (Dia 10)
Evento registrado: Produto=5, Qtd=1, Preço=10.00 (Dia 10)
Evento registrado: Produto=1, Qtd=1, Preço=10.00 (Dia 10)
Evento registrado: Produto=2, Qtd=1, Preço=10.00 (Dia 10)
Evento registrado: Produto=3, Qtd=1, Preço=10.00 (Dia 10)
Evento registrado: Produto=3, Qtd=1, Preço=10.00 (Dia 10)
Evento registrado: Produto=1, Qtd=1, Preço=10.00 (Dia 10)
Evento registrado: Produto=4, Qtd=1, Preço=10.00 (Dia 10)
Evento registrado: Produto=3, Qtd=1, Preço=10.00 (Dia 10)
Evento registrado: Produto=5, Qtd=1, Preço=10.00 (Dia 10)
Evento registrado: Produto=5, Qtd=1, Preço=10.00 (Dia 10)
Evento registrado: Produto=1, Qtd=1, Preço=10.00 (Dia 10)
Evento registrado: Produto=2, Qtd=1, Preço=10.00 (Dia 10)
Evento registrado: Produto=2, Qtd=1, Preço=10.00 (Dia 10)
Evento registrado: Produto=4, Qtd=1, Preço=10.00 (Dia 10)
Evento registrado: Produto=2, Qtd=1, Preço=10.00 (Dia 10)
Evento registrado: Produto=1, Qtd=1, Preço=10.00 (Dia 10)
Evento registrado: Produto=4, Qtd=1, Preço=10.00 (Dia 10)
Evento registrado: Produto=4, Qtd=1, Preço=10.00 (Dia 10)
Evento registrado: Produto=2, Qtd=1, Preço=10.00 (Dia 10)
Evento registrado: Produto=5, Qtd=1, Preço=10.00 (Dia 10)
Evento registrado: Produto=3, Qtd=1, Preço=10.00 (Dia 10)
Evento registrado: Produto=5, Qtd=1, Preço=10.00 (Dia 10)
Evento registrado: Produto=3, Qtd=1, Preço=10.00 (Dia 10)
Evento registrado: Produto=3, Qtd=1, Preço=10.00 (Dia 10)
Evento registrado: Produto=4, Qtd=1, Preço=10.00 (Dia 10)
Evento registrado: Produto=2, Qtd=1, Preço=10.00 (Dia 10)
Evento registrado: Produto=1, Qtd=1, Preço=10.00 (Dia 10)
Evento registrado: Produto=1, Qtd=1, Preço=10.00 (Dia 10)
Evento registrado: Produto=3, Qtd=1, Preço=10.00 (Dia 10)
Evento registrado: Produto=5, Qtd=1, Preço=10.00 (Dia 10)
Evento registrado: Produto=5, Qtd=1, Preço=10.00 (Dia 10)
Evento registrado: Produto=2, Qtd=1, Preço=10.00 (Dia 10)
Evento registrado: Produto=4, Qtd=1, Preço=10.00 (Dia 10)
Evento registrado: Produto=2, Qtd=1, Preço=10.00 (Dia 10)
Evento registrado: Produto=1, Qtd=1, Preço=10.00 (Dia 10)
Evento registrado: Produto=4, Qtd=1, Preço=10.00 (Dia 10)
Evento registrado: Produto=4, Qtd=1, Preço=10.00 (Dia 10)
Evento registrado: Produto=2, Qtd=1, Preço=10.00 (Dia 10)
Evento registrado: Produto=5, Qtd=1, Preço=10.00 (Dia 10)
Evento registrado: Produto=5, Qtd=1, Preço=10.00 (Dia 10)
Evento registrado: Produto=1, Qtd=1, Preço=10.00 (Dia 10)
Evento registrado: Produto=3, Qtd=1, Preço=10.00 (Dia 10)
Evento registrado: Produto=4, Qtd=1, Preço=10.00 (Dia 10)
Evento registrado: Produto=4, Qtd=1, Preço=10.00 (Dia 10)
Evento registrado: Produto=5, Qtd=1, Preço=10.00 (Dia 10)
Evento registrado: Produto=1, Qtd=1, Preço=10.00 (Dia 10)
Evento registrado: Produto=3, Qtd=1, Preço=10.00 (Dia 10)
Evento registrado: Produto=5, Qtd=1, Preço=10.00 (Dia 10)
Evento registrado: Produto=2, Qtd=1, Preço=10.00 (Dia 10)
Evento registrado: Produto=1, Qtd=1, Preço=10.00 (Dia 10)
Evento registrado: Produto=3, Qtd=1, Preço=10.00 (Dia 10)
Evento registrado: Produto=1, Qtd=1, Preço=10.00 (Dia 10)
Evento registrado: Produto=3, Qtd=1, Preço=10.00 (Dia 10)
Evento registrado: Produto=2, Qtd=1, Preço=10.00 (Dia 10)
Evento registrado: Produto=2, Qtd=1, Preço=10.00 (Dia 10)
Evento registrado: Produto=5, Qtd=1, Preço=10.00 (Dia 10)
Evento registrado: Produto=4, Qtd=1, Preço=10.00 (Dia 10)
Evento registrado: Produto=4, Qtd=1, Preço=10.00 (Dia 10)
Evento registrado: Produto=2, Qtd=1, Preço=10.00 (Dia 10)
Evento registrado: Produto=1, Qtd=1, Preço=10.00 (Dia 10)
Evento registrado: Produto=5, Qtd=1, Preço=10.00 (Dia 10)
Evento registrado: Produto=4, Qtd=1, Preço=10.00 (Dia 10)
Evento registrado: Produto=3, Qtd=1, Preço=10.00 (Dia 10)
Evento registrado: Produto=1, Qtd=1, Preço=10.00 (Dia 10)
Evento registrado: Produto=5, Qtd=1, Preço=10.00 (Dia 10)
Evento registrado: Produto=3, Qtd=1, Preço=10.00 (Dia 10)
Evento registrado: Produto=2, Qtd=1, Preço=10.00 (Dia 10)
Evento registrado: Produto=3, Qtd=1, Preço=10.00 (Dia 10)
Evento registrado: Produto=5, Qtd=1, Preço=10.00 (Dia 10)
Evento registrado: Produto=1, Qtd=1, Preço=10.00 (Dia 10)
Evento registrado: Produto=2, Qtd=1, Preço=10.00 (Dia 10)
Evento registrado: Produto=4, Qtd=1, Preço=10.00 (Dia 10)
Evento registrado: Produto=1, Qtd=1, Preço=10.00 (Dia 10)
Evento registrado: Produto=3, Qtd=1, Preço=10.00 (Dia 10)
Evento registrado: Produto=2, Qtd=1, Preço=10.00 (Dia 10)
Evento registrado: Produto=4, Qtd=1, Preço=10.00 (Dia 10)
Evento registrado: Produto=2, Qtd=1, Preço=10.00 (Dia 10)
Evento registrado: Produto=5, Qtd=1, Preço=10.00 (Dia 10)
Evento registrado: Produto=5, Qtd=1, Preço=10.00 (Dia 10)
Evento registrado: Produto=4, Qtd=1, Preço=10.00 (Dia 10)
Evento registrado: Produto=1, Qtd=1, Preço=10.00 (Dia 10)
Evento registrado: Produto=2, Qtd=1, Preço=10.00 (Dia 10)
Evento registrado: Produto=3, Qtd=1, Preço=10.00 (Dia 10)
Evento registrado: Produto=4, Qtd=1, Preço=10.00 (Dia 10)
Evento registrado: Produto=3, Qtd=1, Preço=10.00 (Dia 10)
Evento registrado: Produto=5, Qtd=1, Preço=10.00 (Dia 10)
Evento registrado: Produto=1, Qtd=1, Preço=10.00 (Dia 10)
Evento registrado: Produto=2, Qtd=1, Preço=10.00 (Dia 10)
Evento registrado: Produto=3, Qtd=1, Preço=10.00 (Dia 10)
Evento registrado: Produto=4, Qtd=1, Preço=10.00 (Dia 10)
Evento registrado: Produto=1, Qtd=1, Preço=10.00 (Dia 10)
Evento registrado: Produto=2, Qtd=1, Preço=10.00 (Dia 10)
Evento registrado: Produto=3, Qtd=1, Preço=10.00 (Dia 10)
Evento registrado: Produto=1, Qtd=1, Preço=10.00 (Dia 10)
Evento registrado: Produto=5, Qtd=1, Preço=10.00 (Dia 10)
Evento registrado: Produto=4, Qtd=1, Preço=10.00 (Dia 10)
Evento registrado: Produto=5, Qtd=1, Preço=10.00 (Dia 10)
Evento registrado: Produto=2, Qtd=1, Preço=10.00 (Dia 10)
Evento registrado: Produto=4, Qtd=1, Preço=10.00 (Dia 10)
Evento registrado: Produto=1, Qtd=1, Preço=10.00 (Dia 10)
Evento registrado: Produto=4, Qtd=1, Preço=10.00 (Dia 10)
Evento registrado: Produto=2, Qtd=1, Preço=10.00 (Dia 10)
Evento registrado: Produto=1, Qtd=1, Preço=10.00 (Dia 10)
Evento registrado: Produto=5, Qtd=1, Preço=10.00 (Dia 10)
Evento registrado: Produto=3, Qtd=1, Preço=10.00 (Dia 10)
Evento registrado: Produto=4, Qtd=1, Preço=10.00 (Dia 10)
Evento registrado: Produto=5, Qtd=1, Preço=10.00 (Dia 10)
Evento registrado: Produto=3, Qtd=1, Preço=10.00 (Dia 10)
Evento registrado: Produto=3, Qtd=1, Preço=10.00 (Dia 10)
Evento registrado: Produto=1, Qtd=1, Preço=10.00 (Dia 10)
Evento registrado: Produto=2, Qtd=1, Preço=10.00 (Dia 10)
Evento registrado: Produto=2, Qtd=1, Preço=10.00 (Dia 10)
Evento registrado: Produto=1, Qtd=1, Preço=10.00 (Dia 10)
Evento registrado: Produto=3, Qtd=1, Preço=10.00 (Dia 10)
Evento registrado: Produto=5, Qtd=1, Preço=10.00 (Dia 10)
Evento registrado: Produto=5, Qtd=1, Preço=10.00 (Dia 10)
Evento registrado: Produto=4, Qtd=1, Preço=10.00 (Dia 10)
Evento registrado: Produto=2, Qtd=1, Preço=10.00 (Dia 10)
Evento registrado: Produto=1, Qtd=1, Preço=10.00 (Dia 10)
Evento registrado: Produto=4, Qtd=1, Preço=10.00 (Dia 10)
Evento registrado: Produto=2, Qtd=1, Preço=10.00 (Dia 10)
Evento registrado: Produto=4, Qtd=1, Preço=10.00 (Dia 10)
Evento registrado: Produto=2, Qtd=1, Preço=10.00 (Dia 10)
Evento registrado: Produto=3, Qtd=1, Preço=10.00 (Dia 10)
Evento registrado: Produto=5, Qtd=1, Preço=10.00 (Dia 10)
Evento registrado: Produto=3, Qtd=1, Preço=10.00 (Dia 10)
Evento registrado: Produto=1, Qtd=1, Preço=10.00 (Dia 10)
Evento registrado: Produto=5, Qtd=1, Preço=10.00 (Dia 10)
Evento registrado: Produto=1, Qtd=1, Preço=10.00 (Dia 10)
Evento registrado: Produto=3, Qtd=1, Preço=10.00 (Dia 10)
Evento registrado: Produto=2, Qtd=1, Preço=10.00 (Dia 10)
Evento registrado: Produto=4, Qtd=1, Preço=10.00 (Dia 10)
Evento registrado: Produto=3, Qtd=1, Preço=10.00 (Dia 10)
Evento registrado: Produto=1, Qtd=1, Preço=10.00 (Dia 10)
Evento registrado: Produto=5, Qtd=1, Preço=10.00 (Dia 10)
Evento registrado: Produto=4, Qtd=1, Preço=10.00 (Dia 10)
Evento registrado: Produto=5, Qtd=1, Preço=10.00 (Dia 10)
Evento registrado: Produto=4, Qtd=1, Preço=10.00 (Dia 10)
Evento registrado: Produto=2, Qtd=1, Preço=10.00 (Dia 10)
Evento registrado: Produto=4, Qtd=1, Preço=10.00 (Dia 10)
Evento registrado: Produto=1, Qtd=1, Preço=10.00 (Dia 10)
Evento registrado: Produto=2, Qtd=1, Preço=10.00 (Dia 10)
Evento registrado: Produto=1, Qtd=1, Preço=10.00 (Dia 10)
Evento registrado: Produto=5, Qtd=1, Preço=10.00 (Dia 10)
Evento registrado: Produto=5, Qtd=1, Preço=10.00 (Dia 10)
Evento registrado: Produto=3, Qtd=1, Preço=10.00 (Dia 10)
Evento registrado: Produto=2, Qtd=1, Preço=10.00 (Dia 10)
Evento registrado: Produto=4, Qtd=1, Preço=10.00 (Dia 10)
Evento registrado: Produto=1, Qtd=1, Preço=10.00 (Dia 10)
Evento registrado: Produto=3, Qtd=1, Preço=10.00 (Dia 10)
Evento registrado: Produto=2, Qtd=1, Preço=10.00 (Dia 10)
Evento registrado: Produto=5, Qtd=1, Preço=10.00 (Dia 10)
Evento registrado: Produto=1, Qtd=1, Preço=10.00 (Dia 10)
Evento registrado: Produto=3, Qtd=1, Preço=10.00 (Dia 10)
Evento registrado: Produto=3, Qtd=1, Preço=10.00 (Dia 10)
Evento registrado: Produto=4, Qtd=1, Preço=10.00 (Dia 10)
Evento registrado: Produto=5, Qtd=1, Preço=10.00 (Dia 10)
Evento registrado: Produto=1, Qtd=1, Preço=10.00 (Dia 10)
Evento registrado: Produto=4, Qtd=1, Preço=10.00 (Dia 10)
Evento registrado: Produto=2, Qtd=1, Preço=10.00 (Dia 10)
Evento registrado: Produto=3, Qtd=1, Preço=10.00 (Dia 10)
Evento registrado: Produto=4, Qtd=1, Preço=10.00 (Dia 10)
Evento registrado: Produto=4, Qtd=1, Preço=10.00 (Dia 10)
Evento registrado: Produto=3, Qtd=1, Preço=10.00 (Dia 10)
Evento registrado: Produto=2, Qtd=1, Preço=10.00 (Dia 10)
Evento registrado: Produto=5, Qtd=1, Preço=10.00 (Dia 10)
Evento registrado: Produto=5, Qtd=1, Preço=10.00 (Dia 10)
Evento registrado: Produto=2, Qtd=1, Preço=10.00 (Dia 10)
Evento registrado: Produto=3, Qtd=1, Preço=10.00 (Dia 10)
Evento registrado: Produto=1, Qtd=1, Preço=10.00 (Dia 10)
Evento registrado: Produto=1, Qtd=1, Preço=10.00 (Dia 10)
Evento registrado: Produto=2, Qtd=1, Preço=10.00 (Dia 10)
Evento registrado: Produto=3, Qtd=1, Preço=10.00 (Dia 10)
Evento registrado: Produto=5, Qtd=1, Preço=10.00 (Dia 10)
Evento registrado: Produto=1, Qtd=1, Preço=10.00 (Dia 10)
Evento registrado: Produto=4, Qtd=1, Preço=10.00 (Dia 10)
Evento registrado: Produto=4, Qtd=1, Preço=10.00 (Dia 10)
Evento registrado: Produto=4, Qtd=1, Preço=10.00 (Dia 10)
Evento registrado: Produto=3, Qtd=1, Preço=10.00 (Dia 10)
Evento registrado: Produto=1, Qtd=1, Preço=10.00 (Dia 10)
Evento registrado: Produto=5, Qtd=1, Preço=10.00 (Dia 10)
Evento registrado: Produto=3, Qtd=1, Preço=10.00 (Dia 10)
Evento registrado: Produto=1, Qtd=1, Preço=10.00 (Dia 10)
Evento registrado: Produto=2, Qtd=1, Preço=10.00 (Dia 10)
Evento registrado: Produto=1, Qtd=1, Preço=10.00 (Dia 10)
Evento registrado: Produto=4, Qtd=1, Preço=10.00 (Dia 10)
Evento registrado: Produto=3, Qtd=1, Preço=10.00 (Dia 10)
Evento registrado: Produto=5, Qtd=1, Preço=10.00 (Dia 10)
Evento registrado: Produto=2, Qtd=1, Preço=10.00 (Dia 10)
Evento registrado: Produto=2, Qtd=1, Preço=10.00 (Dia 10)
Evento registrado: Produto=2, Qtd=1, Preço=10.00 (Dia 10)
Evento registrado: Produto=1, Qtd=1, Preço=10.00 (Dia 10)
Evento registrado: Produto=5, Qtd=1, Preço=10.00 (Dia 10)
Evento registrado: Produto=5, Qtd=1, Preço=10.00 (Dia 10)
Evento registrado: Produto=3, Qtd=1, Preço=10.00 (Dia 10)
Evento registrado: Produto=4, Qtd=1, Preço=10.00 (Dia 10)
Evento registrado: Produto=4, Qtd=1, Preço=10.00 (Dia 10)
Evento registrado: Produto=3, Qtd=1, Preço=10.00 (Dia 10)
Evento registrado: Produto=3, Qtd=1, Preço=10.00 (Dia 10)
Evento registrado: Produto=5, Qtd=1, Preço=10.00 (Dia 10)
Evento registrado: Produto=2, Qtd=1, Preço=10.00 (Dia 10)
Evento registrado: Produto=4, Qtd=1, Preço=10.00 (Dia 10)
Evento registrado: Produto=1, Qtd=1, Preço=10.00 (Dia 10)
Evento registrado: Produto=1, Qtd=1, Preço=10.00 (Dia 10)
Evento registrado: Produto=3, Qtd=1, Preço=10.00 (Dia 10)
Evento registrado: Produto=5, Qtd=1, Preço=10.00 (Dia 10)
Evento registrado: Produto=2, Qtd=1, Preço=10.00 (Dia 10)
Evento registrado: Produto=1, Qtd=1, Preço=10.00 (Dia 10)
Evento registrado: Produto=2, Qtd=1, Preço=10.00 (Dia 10)
Evento registrado: Produto=1, Qtd=1, Preço=10.00 (Dia 10)
Evento registrado: Produto=2, Qtd=1, Preço=10.00 (Dia 10)
Evento registrado: Produto=4, Qtd=1, Preço=10.00 (Dia 10)
Evento registrado: Produto=3, Qtd=1, Preço=10.00 (Dia 10)
Evento registrado: Produto=5, Qtd=1, Preço=10.00 (Dia 10)
Evento registrado: Produto=5, Qtd=1, Preço=10.00 (Dia 10)
Evento registrado: Produto=4, Qtd=1, Preço=10.00 (Dia 10)
Evento registrado: Produto=5, Qtd=1, Preço=10.00 (Dia 10)
Evento registrado: Produto=4, Qtd=1, Preço=10.00 (Dia 10)
Evento registrado: Produto=3, Qtd=1, Preço=10.00 (Dia 10)
Evento registrado: Produto=1, Qtd=1, Preço=10.00 (Dia 10)
Evento registrado: Produto=2, Qtd=1, Preço=10.00 (Dia 10)
Evento registrado: Produto=5, Qtd=1, Preço=10.00 (Dia 10)
Evento registrado: Produto=1, Qtd=1, Preço=10.00 (Dia 10)
Evento registrado: Produto=3, Qtd=1, Preço=10.00 (Dia 10)
Evento registrado: Produto=2, Qtd=1, Preço=10.00 (Dia 10)
Evento registrado: Produto=3, Qtd=1, Preço=10.00 (Dia 10)
Evento registrado: Produto=2, Qtd=1, Preço=10.00 (Dia 10)
Evento registrado: Produto=1, Qtd=1, Preço=10.00 (Dia 10)
Evento registrado: Produto=4, Qtd=1, Preço=10.00 (Dia 10)
Evento registrado: Produto=4, Qtd=1, Preço=10.00 (Dia 10)
Evento registrado: Produto=3, Qtd=1, Preço=10.00 (Dia 10)
Evento registrado: Produto=2, Qtd=1, Preço=10.00 (Dia 10)
Evento registrado: Produto=1, Qtd=1, Preço=10.00 (Dia 10)
Evento registrado: Produto=5, Qtd=1, Preço=10.00 (Dia 10)
Evento registrado: Produto=5, Qtd=1, Preço=10.00 (Dia 10)
Evento registrado: Produto=5, Qtd=1, Preço=10.00 (Dia 10)
Evento registrado: Produto=3, Qtd=1, Preço=10.00 (Dia 10)
Evento registrado: Produto=4, Qtd=1, Preço=10.00 (Dia 10)
Evento registrado: Produto=4, Qtd=1, Preço=10.00 (Dia 10)
Evento registrado: Produto=5, Qtd=1, Preço=10.00 (Dia 10)
Evento registrado: Produto=2, Qtd=1, Preço=10.00 (Dia 10)
Evento registrado: Produto=2, Qtd=1, Preço=10.00 (Dia 10)
Evento registrado: Produto=3, Qtd=1, Preço=10.00 (Dia 10)
Evento registrado: Produto=1, Qtd=1, Preço=10.00 (Dia 10)
Evento registrado: Produto=4, Qtd=1, Preço=10.00 (Dia 10)
Evento registrado: Produto=1, Qtd=1, Preço=10.00 (Dia 10)
Evento registrado: Produto=5, Qtd=1, Preço=10.00 (Dia 10)
Evento registrado: Produto=4, Qtd=1, Preço=10.00 (Dia 10)
Evento registrado: Produto=1, Qtd=1, Preço=10.00 (Dia 10)
Evento registrado: Produto=3, Qtd=1, Preço=10.00 (Dia 10)
Evento registrado: Produto=3, Qtd=1, Preço=10.00 (Dia 10)
Evento registrado: Produto=2, Qtd=1, Preço=10.00 (Dia 10)
Evento registrado: Produto=5, Qtd=1, Preço=10.00 (Dia 10)
Evento registrado: Produto=1, Qtd=1, Preço=10.00 (Dia 10)
Evento registrado: Produto=2, Qtd=1, Preço=10.00 (Dia 10)
Evento registrado: Produto=3, Qtd=1, Preço=10.00 (Dia 10)
Evento registrado: Produto=4, Qtd=1, Preço=10.00 (Dia 10)
Evento registrado: Produto=2, Qtd=1, Preço=10.00 (Dia 10)
Evento registrado: Produto=5, Qtd=1, Preço=10.00 (Dia 10)
Evento registrado: Produto=2, Qtd=1, Preço=10.00 (Dia 10)
Evento registrado: Produto=4, Qtd=1, Preço=10.00 (Dia 10)
Evento registrado: Produto=5, Qtd=1, Preço=10.00 (Dia 10)
Evento registrado: Produto=2, Qtd=1, Preço=10.00 (Dia 10)
Evento registrado: Produto=1, Qtd=1, Preço=10.00 (Dia 10)
Evento registrado: Produto=5, Qtd=1, Preço=10.00 (Dia 10)
Evento registrado: Produto=1, Qtd=1, Preço=10.00 (Dia 10)
Evento registrado: Produto=1, Qtd=1, Preço=10.00 (Dia 10)
Evento registrado: Produto=4, Qtd=1, Preço=10.00 (Dia 10)
Evento registrado: Produto=4, Qtd=1, Preço=10.00 (Dia 10)
Evento registrado: Produto=3, Qtd=1, Preço=10.00 (Dia 10)
Evento registrado: Produto=1, Qtd=1, Preço=10.00 (Dia 10)
Evento registrado: Produto=3, Qtd=1, Preço=10.00 (Dia 10)
Evento registrado: Produto=3, Qtd=1, Preço=10.00 (Dia 10)
Evento registrado: Produto=5, Qtd=1, Preço=10.00 (Dia 10)
Evento registrado: Produto=2, Qtd=1, Preço=10.00 (Dia 10)
Evento registrado: Produto=2, Qtd=1, Preço=10.00 (Dia 10)
Evento registrado: Produto=3, Qtd=1, Preço=10.00 (Dia 10)
Evento registrado: Produto=5, Qtd=1, Preço=10.00 (Dia 10)
Evento registrado: Produto=1, Qtd=1, Preço=10.00 (Dia 10)
Evento registrado: Produto=4, Qtd=1, Preço=10.00 (Dia 10)
Evento registrado: Produto=5, Qtd=1, Preço=10.00 (Dia 10)
Evento registrado: Produto=2, Qtd=1, Preço=10.00 (Dia 10)
Evento registrado: Produto=3, Qtd=1, Preço=10.00 (Dia 10)
Evento registrado: Produto=3, Qtd=1, Preço=10.00 (Dia 10)
Evento registrado: Produto=4, Qtd=1, Preço=10.00 (Dia 10)
Evento registrado: Produto=5, Qtd=1, Preço=10.00 (Dia 10)
Evento registrado: Produto=5, Qtd=1, Preço=10.00 (Dia 10)
Evento registrado: Produto=1, Qtd=1, Preço=10.00 (Dia 10)
Evento registrado: Produto=1, Qtd=1, Preço=10.00 (Dia 10)
Evento registrado: Produto=4, Qtd=1, Preço=10.00 (Dia 10)
Evento registrado: Produto=4, Qtd=1, Preço=10.00 (Dia 10)
Evento registrado: Produto=2, Qtd=1, Preço=10.00 (Dia 10)
Evento registrado: Produto=1, Qtd=1, Preço=10.00 (Dia 10)
Evento registrado: Produto=3, Qtd=1, Preço=10.00 (Dia 10)
Evento registrado: Produto=2, Qtd=1, Preço=10.00 (Dia 10)
Evento registrado: Produto=4, Qtd=1, Preço=10.00 (Dia 10)
Evento registrado: Produto=5, Qtd=1, Preço=10.00 (Dia 10)
Evento registrado: Produto=3, Qtd=1, Preço=10.00 (Dia 10)
Evento registrado: Produto=2, Qtd=1, Preço=10.00 (Dia 10)
Evento registrado: Produto=2, Qtd=1, Preço=10.00 (Dia 10)
Evento registrado: Produto=3, Qtd=1, Preço=10.00 (Dia 10)
Evento registrado: Produto=3, Qtd=1, Preço=10.00 (Dia 10)
Evento registrado: Produto=1, Qtd=1, Preço=10.00 (Dia 10)
Evento registrado: Produto=4, Qtd=1, Preço=10.00 (Dia 10)
Evento registrado: Produto=2, Qtd=1, Preço=10.00 (Dia 10)
Evento registrado: Produto=5, Qtd=1, Preço=10.00 (Dia 10)
Evento registrado: Produto=3, Qtd=1, Preço=10.00 (Dia 10)
Evento registrado: Produto=4, Qtd=1, Preço=10.00 (Dia 10)
Evento registrado: Produto=4, Qtd=1, Preço=10.00 (Dia 10)
Evento registrado: Produto=2, Qtd=1, Preço=10.00 (Dia 10)
Evento registrado: Produto=5, Qtd=1, Preço=10.00 (Dia 10)
Evento registrado: Produto=1, Qtd=1, Preço=10.00 (Dia 10)
Evento registrado: Produto=1, Qtd=1, Preço=10.00 (Dia 10)
Evento registrado: Produto=5, Qtd=1, Preço=10.00 (Dia 10)
Evento registrado: Produto=1, Qtd=1, Preço=10.00 (Dia 10)
Evento registrado: Produto=4, Qtd=1, Preço=10.00 (Dia 10)
Evento registrado: Produto=5, Qtd=1, Preço=10.00 (Dia 10)
Evento registrado: Produto=3, Qtd=1, Preço=10.00 (Dia 10)
Evento registrado: Produto=3, Qtd=1, Preço=10.00 (Dia 10)
Evento registrado: Produto=2, Qtd=1, Preço=10.00 (Dia 10)
Evento registrado: Produto=2, Qtd=1, Preço=10.00 (Dia 10)
Evento registrado: Produto=4, Qtd=1, Preço=10.00 (Dia 10)
Evento registrado: Produto=2, Qtd=1, Preço=10.00 (Dia 10)
Evento registrado: Produto=5, Qtd=1, Preço=10.00 (Dia 10)
Evento registrado: Produto=4, Qtd=1, Preço=10.00 (Dia 10)
Evento registrado: Produto=5, Qtd=1, Preço=10.00 (Dia 10)
Evento registrado: Produto=4, Qtd=1, Preço=10.00 (Dia 10)
Evento registrado: Produto=1, Qtd=1, Preço=10.00 (Dia 10)
Evento registrado: Produto=1, Qtd=1, Preço=10.00 (Dia 10)
Evento registrado: Produto=5, Qtd=1, Preço=10.00 (Dia 10)
Evento registrado: Produto=1, Qtd=1, Preço=10.00 (Dia 10)
Evento registrado: Produto=2, Qtd=1, Preço=10.00 (Dia 10)
Evento registrado: Produto=3, Qtd=1, Preço=10.00 (Dia 10)
Evento registrado: Produto=1, Qtd=1, Preço=10.00 (Dia 10)
Evento registrado: Produto=3, Qtd=1, Preço=10.00 (Dia 10)
Evento registrado: Produto=3, Qtd=1, Preço=10.00 (Dia 10)
Evento registrado: Produto=2, Qtd=1, Preço=10.00 (Dia 10)
Evento registrado: Produto=3, Qtd=1, Preço=10.00 (Dia 10)
Evento registrado: Produto=2, Qtd=1, Preço=10.00 (Dia 10)
Evento registrado: Produto=4, Qtd=1, Preço=10.00 (Dia 10)
Evento registrado: Produto=4, Qtd=1, Preço=10.00 (Dia 10)
Evento registrado: Produto=2, Qtd=1, Preço=10.00 (Dia 10)
Evento registrado: Produto=1, Qtd=1, Preço=10.00 (Dia 10)
Evento registrado: Produto=5, Qtd=1, Preço=10.00 (Dia 10)
Evento registrado: Produto=5, Qtd=1, Preço=10.00 (Dia 10)
Evento registrado: Produto=2, Qtd=1, Preço=10.00 (Dia 10)
Evento registrado: Produto=4, Qtd=1, Preço=10.00 (Dia 10)
Evento registrado: Produto=4, Qtd=1, Preço=10.00 (Dia 10)
Evento registrado: Produto=1, Qtd=1, Preço=10.00 (Dia 10)
Evento registrado: Produto=1, Qtd=1, Preço=10.00 (Dia 10)
Evento registrado: Produto=5, Qtd=1, Preço=10.00 (Dia 10)
Evento registrado: Produto=5, Qtd=1, Preço=10.00 (Dia 10)
Evento registrado: Produto=3, Qtd=1, Preço=10.00 (Dia 10)
Evento registrado: Produto=1, Qtd=1, Preço=10.00 (Dia 10)
Evento registrado: Produto=3, Qtd=1, Preço=10.00 (Dia 10)
Evento registrado: Produto=2, Qtd=1, Preço=10.00 (Dia 10)
Evento registrado: Produto=2, Qtd=1, Preço=10.00 (Dia 10)
Evento registrado: Produto=4, Qtd=1, Preço=10.00 (Dia 10)
Evento registrado: Produto=5, Qtd=1, Preço=10.00 (Dia 10)
Evento registrado: Produto=4, Qtd=1, Preço=10.00 (Dia 10)
Evento registrado: Produto=1, Qtd=1, Preço=10.00 (Dia 10)
Evento registrado: Produto=4, Qtd=1, Preço=10.00 (Dia 10)
Evento registrado: Produto=5, Qtd=1, Preço=10.00 (Dia 10)
Evento registrado: Produto=5, Qtd=1, Preço=10.00 (Dia 10)
Evento registrado: Produto=2, Qtd=1, Preço=10.00 (Dia 10)
Evento registrado: Produto=3, Qtd=1, Preço=10.00 (Dia 10)
Evento registrado: Produto=3, Qtd=1, Preço=10.00 (Dia 10)
Evento registrado: Produto=2, Qtd=1, Preço=10.00 (Dia 10)
Evento registrado: Produto=4, Qtd=1, Preço=10.00 (Dia 10)
Evento registrado: Produto=5, Qtd=1, Preço=10.00 (Dia 10)
Evento registrado: Produto=1, Qtd=1, Preço=10.00 (Dia 10)
Evento registrado: Produto=3, Qtd=1, Preço=10.00 (Dia 10)
Evento registrado: Produto=1, Qtd=1, Preço=10.00 (Dia 10)
Evento registrado: Produto=3, Qtd=1, Preço=10.00 (Dia 10)
Evento registrado: Produto=1, Qtd=1, Preço=10.00 (Dia 10)
Evento registrado: Produto=2, Qtd=1, Preço=10.00 (Dia 10)
Evento registrado: Produto=2, Qtd=1, Preço=10.00 (Dia 10)
Evento registrado: Produto=4, Qtd=1, Preço=10.00 (Dia 10)
Evento registrado: Produto=5, Qtd=1, Preço=10.00 (Dia 10)
Evento registrado: Produto=1, Qtd=1, Preço=10.00 (Dia 10)
Evento registrado: Produto=4, Qtd=1, Preço=10.00 (Dia 10)
Evento registrado: Produto=4, Qtd=1, Preço=10.00 (Dia 10)
Evento registrado: Produto=5, Qtd=1, Preço=10.00 (Dia 10)
Evento registrado: Produto=2, Qtd=1, Preço=10.00 (Dia 10)
Evento registrado: Produto=3, Qtd=1, Preço=10.00 (Dia 10)
Evento registrado: Produto=2, Qtd=1, Preço=10.00 (Dia 10)
Evento registrado: Produto=1, Qtd=1, Preço=10.00 (Dia 10)
Evento registrado: Produto=4, Qtd=1, Preço=10.00 (Dia 10)
Evento registrado: Produto=3, Qtd=1, Preço=10.00 (Dia 10)
Evento registrado: Produto=1, Qtd=1, Preço=10.00 (Dia 10)
Evento registrado: Produto=5, Qtd=1, Preço=10.00 (Dia 10)
Evento registrado: Produto=3, Qtd=1, Preço=10.00 (Dia 10)
Evento registrado: Produto=1, Qtd=1, Preço=10.00 (Dia 10)
Evento registrado: Produto=5, Qtd=1, Preço=10.00 (Dia 10)
Evento registrado: Produto=3, Qtd=1, Preço=10.00 (Dia 10)
Evento registrado: Produto=2, Qtd=1, Preço=10.00 (Dia 10)
Evento registrado: Produto=2, Qtd=1, Preço=10.00 (Dia 10)
Evento registrado: Produto=4, Qtd=1, Preço=10.00 (Dia 10)
Evento registrado: Produto=1, Qtd=1, Preço=10.00 (Dia 10)
Evento registrado: Produto=5, Qtd=1, Preço=10.00 (Dia 10)
Evento registrado: Produto=4, Qtd=1, Preço=10.00 (Dia 10)
Evento registrado: Produto=1, Qtd=1, Preço=10.00 (Dia 10)
Evento registrado: Produto=2, Qtd=1, Preço=10.00 (Dia 10)
Evento registrado: Produto=5, Qtd=1, Preço=10.00 (Dia 10)
Evento registrado: Produto=3, Qtd=1, Preço=10.00 (Dia 10)
Evento registrado: Produto=5, Qtd=1, Preço=10.00 (Dia 10)
Evento registrado: Produto=2, Qtd=1, Preço=10.00 (Dia 10)
Evento registrado: Produto=3, Qtd=1, Preço=10.00 (Dia 10)
Evento registrado: Produto=1, Qtd=1, Preço=10.00 (Dia 10)
Evento registrado: Produto=4, Qtd=1, Preço=10.00 (Dia 10)
Evento registrado: Produto=3, Qtd=1, Preço=10.00 (Dia 10)
Evento registrado: Produto=5, Qtd=1, Preço=10.00 (Dia 10)
Evento registrado: Produto=1, Qtd=1, Preço=10.00 (Dia 10)
Evento registrado: Produto=4, Qtd=1, Preço=10.00 (Dia 10)
Evento registrado: Produto=3, Qtd=1, Preço=10.00 (Dia 10)
Evento registrado: Produto=2, Qtd=1, Preço=10.00 (Dia 10)
Evento registrado: Produto=2, Qtd=1, Preço=10.00 (Dia 10)
Evento registrado: Produto=4, Qtd=1, Preço=10.00 (Dia 10)
Evento registrado: Produto=1, Qtd=1, Preço=10.00 (Dia 10)
Evento registrado: Produto=4, Qtd=1, Preço=10.00 (Dia 10)
Evento registrado: Produto=5, Qtd=1, Preço=10.00 (Dia 10)
Evento registrado: Produto=3, Qtd=1, Preço=10.00 (Dia 10)
Evento registrado: Produto=5, Qtd=1, Preço=10.00 (Dia 10)
Evento registrado: Produto=1, Qtd=1, Preço=10.00 (Dia 10)
Evento registrado: Produto=3, Qtd=1, Preço=10.00 (Dia 10)
Evento registrado: Produto=5, Qtd=1, Preço=10.00 (Dia 10)
Evento registrado: Produto=2, Qtd=1, Preço=10.00 (Dia 10)
Evento registrado: Produto=1, Qtd=1, Preço=10.00 (Dia 10)
Evento registrado: Produto=2, Qtd=1, Preço=10.00 (Dia 10)
Evento registrado: Produto=4, Qtd=1, Preço=10.00 (Dia 10)
Evento registrado: Produto=1, Qtd=1, Preço=10.00 (Dia 10)
Evento registrado: Produto=5, Qtd=1, Preço=10.00 (Dia 10)
Evento registrado: Produto=4, Qtd=1, Preço=10.00 (Dia 10)
Evento registrado: Produto=3, Qtd=1, Preço=10.00 (Dia 10)
Evento registrado: Produto=3, Qtd=1, Preço=10.00 (Dia 10)
Evento registrado: Produto=5, Qtd=1, Preço=10.00 (Dia 10)
Evento registrado: Produto=4, Qtd=1, Preço=10.00 (Dia 10)
Evento registrado: Produto=2, Qtd=1, Preço=10.00 (Dia 10)
Evento registrado: Produto=5, Qtd=1, Preço=10.00 (Dia 10)
Evento registrado: Produto=3, Qtd=1, Preço=10.00 (Dia 10)
Evento registrado: Produto=4, Qtd=1, Preço=10.00 (Dia 10)
Evento registrado: Produto=1, Qtd=1, Preço=10.00 (Dia 10)
Evento registrado: Produto=1, Qtd=1, Preço=10.00 (Dia 10)
Evento registrado: Produto=3, Qtd=1, Preço=10.00 (Dia 10)
Evento registrado: Produto=2, Qtd=1, Preço=10.00 (Dia 10)
Evento registrado: Produto=5, Qtd=1, Preço=10.00 (Dia 10)
Evento registrado: Produto=2, Qtd=1, Preço=10.00 (Dia 10)
Evento registrado: Produto=5, Qtd=1, Preço=10.00 (Dia 10)
Evento registrado: Produto=1, Qtd=1, Preço=10.00 (Dia 10)
Evento registrado: Produto=4, Qtd=1, Preço=10.00 (Dia 10)
Evento registrado: Produto=2, Qtd=1, Preço=10.00 (Dia 10)
Evento registrado: Produto=4, Qtd=1, Preço=10.00 (Dia 10)
Evento registrado: Produto=3, Qtd=1, Preço=10.00 (Dia 10)
Evento registrado: Produto=3, Qtd=1, Preço=10.00 (Dia 10)
Evento registrado: Produto=1, Qtd=1, Preço=10.00 (Dia 10)
Evento registrado: Produto=2, Qtd=1, Preço=10.00 (Dia 10)
Evento registrado: Produto=1, Qtd=1, Preço=10.00 (Dia 10)
Evento registrado: Produto=1, Qtd=1, Preço=10.00 (Dia 10)
Evento registrado: Produto=5, Qtd=1, Preço=10.00 (Dia 10)
Evento registrado: Produto=1, Qtd=1, Preço=10.00 (Dia 10)
Evento registrado: Produto=5, Qtd=1, Preço=10.00 (Dia 10)
Evento registrado: Produto=2, Qtd=1, Preço=10.00 (Dia 10)
Evento registrado: Produto=5, Qtd=1, Preço=10.00 (Dia 10)
Evento registrado: Produto=4, Qtd=1, Preço=10.00 (Dia 10)
Evento registrado: Produto=4, Qtd=1, Preço=10.00 (Dia 10)
Evento registrado: Produto=2, Qtd=1, Preço=10.00 (Dia 10)
Evento registrado: Produto=3, Qtd=1, Preço=10.00 (Dia 10)
Evento registrado: Produto=4, Qtd=1, Preço=10.00 (Dia 10)
Evento registrado: Produto=3, Qtd=1, Preço=10.00 (Dia 10)
Evento registrado: Produto=3, Qtd=1, Preço=10.00 (Dia 10)
Evento registrado: Produto=3, Qtd=1, Preço=10.00 (Dia 10)
Evento registrado: Produto=4, Qtd=1, Preço=10.00 (Dia 10)
Evento registrado: Produto=1, Qtd=1, Preço=10.00 (Dia 10)
Evento registrado: Produto=2, Qtd=1, Preço=10.00 (Dia 10)
Evento registrado: Produto=5, Qtd=1, Preço=10.00 (Dia 10)
Evento registrado: Produto=2, Qtd=1, Preço=10.00 (Dia 10)
Evento registrado: Produto=1, Qtd=1, Preço=10.00 (Dia 10)
Evento registrado: Produto=5, Qtd=1, Preço=10.00 (Dia 10)
Evento registrado: Produto=5, Qtd=1, Preço=10.00 (Dia 10)
Evento registrado: Produto=2, Qtd=1, Preço=10.00 (Dia 10)
Evento registrado: Produto=4, Qtd=1, Preço=10.00 (Dia 10)
Evento registrado: Produto=1, Qtd=1, Preço=10.00 (Dia 10)
Evento registrado: Produto=1, Qtd=1, Preço=10.00 (Dia 10)
Evento registrado: Produto=2, Qtd=1, Preço=10.00 (Dia 10)
Evento registrado: Produto=4, Qtd=1, Preço=10.00 (Dia 10)
Evento registrado: Produto=3, Qtd=1, Preço=10.00 (Dia 10)
Evento registrado: Produto=4, Qtd=1, Preço=10.00 (Dia 10)
Evento registrado: Produto=3, Qtd=1, Preço=10.00 (Dia 10)
Evento registrado: Produto=5, Qtd=1, Preço=10.00 (Dia 10)
Evento registrado: Produto=3, Qtd=1, Preço=10.00 (Dia 10)
Evento registrado: Produto=2, Qtd=1, Preço=10.00 (Dia 10)
Evento registrado: Produto=1, Qtd=1, Preço=10.00 (Dia 10)
Evento registrado: Produto=5, Qtd=1, Preço=10.00 (Dia 10)
Evento registrado: Produto=4, Qtd=1, Preço=10.00 (Dia 10)
Evento registrado: Produto=3, Qtd=1, Preço=10.00 (Dia 10)
Evento registrado: Produto=2, Qtd=1, Preço=10.00 (Dia 10)
Evento registrado: Produto=2, Qtd=1, Preço=10.00 (Dia 10)
Evento registrado: Produto=5, Qtd=1, Preço=10.00 (Dia 10)
Evento registrado: Produto=2, Qtd=1, Preço=10.00 (Dia 10)
Evento registrado: Produto=5, Qtd=1, Preço=10.00 (Dia 10)
Evento registrado: Produto=4, Qtd=1, Preço=10.00 (Dia 10)
Evento registrado: Produto=1, Qtd=1, Preço=10.00 (Dia 10)
Evento registrado: Produto=1, Qtd=1, Preço=10.00 (Dia 10)
Evento registrado: Produto=1, Qtd=1, Preço=10.00 (Dia 10)
Evento registrado: Produto=5, Qtd=1, Preço=10.00 (Dia 10)
Evento registrado: Produto=4, Qtd=1, Preço=10.00 (Dia 10)
Evento registrado: Produto=3, Qtd=1, Preço=10.00 (Dia 10)
Evento registrado: Produto=3, Qtd=1, Preço=10.00 (Dia 10)
Evento registrado: Produto=4, Qtd=1, Preço=10.00 (Dia 10)
Evento registrado: Produto=5, Qtd=1, Preço=10.00 (Dia 10)
Evento registrado: Produto=3, Qtd=1, Preço=10.00 (Dia 10)
Evento registrado: Produto=3, Qtd=1, Preço=10.00 (Dia 10)
Evento registrado: Produto=4, Qtd=1, Preço=10.00 (Dia 10)
Evento registrado: Produto=1, Qtd=1, Preço=10.00 (Dia 10)
Evento registrado: Produto=2, Qtd=1, Preço=10.00 (Dia 10)
Evento registrado: Produto=5, Qtd=1, Preço=10.00 (Dia 10)
Evento registrado: Produto=2, Qtd=1, Preço=10.00 (Dia 10)
Evento registrado: Produto=3, Qtd=1, Preço=10.00 (Dia 10)
Evento registrado: Produto=3, Qtd=1, Preço=10.00 (Dia 10)
Evento registrado: Produto=1, Qtd=1, Preço=10.00 (Dia 10)
Evento registrado: Produto=1, Qtd=1, Preço=10.00 (Dia 10)
Evento registrado: Produto=4, Qtd=1, Preço=10.00 (Dia 10)
Evento registrado: Produto=5, Qtd=1, Preço=10.00 (Dia 10)
Evento registrado: Produto=5, Qtd=1, Preço=10.00 (Dia 10)
Evento registrado: Produto=2, Qtd=1, Preço=10.00 (Dia 10)
Evento registrado: Produto=4, Qtd=1, Preço=10.00 (Dia 10)
Evento registrado: Produto=4, Qtd=1, Preço=10.00 (Dia 10)
Evento registrado: Produto=2, Qtd=1, Preço=10.00 (Dia 10)
Evento registrado: Produto=1, Qtd=1, Preço=10.00 (Dia 10)
Evento registrado: Produto=2, Qtd=1, Preço=10.00 (Dia 10)
Evento registrado: Produto=4, Qtd=1, Preço=10.00 (Dia 10)
Evento registrado: Produto=3, Qtd=1, Preço=10.00 (Dia 10)
Evento registrado: Produto=1, Qtd=1, Preço=10.00 (Dia 10)
Evento registrado: Produto=3, Qtd=1, Preço=10.00 (Dia 10)
Evento registrado: Produto=5, Qtd=1, Preço=10.00 (Dia 10)
Evento registrado: Produto=5, Qtd=1, Preço=10.00 (Dia 10)
Evento registrado: Produto=3, Qtd=1, Preço=10.00 (Dia 10)
Evento registrado: Produto=3, Qtd=1, Preço=10.00 (Dia 10)
Evento registrado: Produto=2, Qtd=1, Preço=10.00 (Dia 10)
Evento registrado: Produto=1, Qtd=1, Preço=10.00 (Dia 10)
Evento registrado: Produto=5, Qtd=1, Preço=10.00 (Dia 10)
Evento registrado: Produto=2, Qtd=1, Preço=10.00 (Dia 10)
Evento registrado: Produto=1, Qtd=1, Preço=10.00 (Dia 10)
Evento registrado: Produto=5, Qtd=1, Preço=10.00 (Dia 10)
Evento registrado: Produto=1, Qtd=1, Preço=10.00 (Dia 10)
Evento registrado: Produto=2, Qtd=1, Preço=10.00 (Dia 10)
Evento registrado: Produto=4, Qtd=1, Preço=10.00 (Dia 10)
Evento registrado: Produto=4, Qtd=1, Preço=10.00 (Dia 10)
Evento registrado: Produto=4, Qtd=1, Preço=10.00 (Dia 10)
Evento registrado: Produto=2, Qtd=1, Preço=10.00 (Dia 10)
Evento registrado: Produto=1, Qtd=1, Preço=10.00 (Dia 10)
Evento registrado: Produto=4, Qtd=1, Preço=10.00 (Dia 10)
Evento registrado: Produto=5, Qtd=1, Preço=10.00 (Dia 10)
Evento registrado: Produto=3, Qtd=1, Preço=10.00 (Dia 10)
Evento registrado: Produto=3, Qtd=1, Preço=10.00 (Dia 10)
Evento registrado: Produto=3, Qtd=1, Preço=10.00 (Dia 10)
Evento registrado: Produto=2, Qtd=1, Preço=10.00 (Dia 10)
Evento registrado: Produto=2, Qtd=1, Preço=10.00 (Dia 10)
Evento registrado: Produto=4, Qtd=1, Preço=10.00 (Dia 10)
Evento registrado: Produto=1, Qtd=1, Preço=10.00 (Dia 10)
Evento registrado: Produto=5, Qtd=1, Preço=10.00 (Dia 10)
Evento registrado: Produto=1, Qtd=1, Preço=10.00 (Dia 10)
Evento registrado: Produto=3, Qtd=1, Preço=10.00 (Dia 10)
Evento registrado: Produto=5, Qtd=1, Preço=10.00 (Dia 10)
Evento registrado: Produto=1, Qtd=1, Preço=10.00 (Dia 10)
Evento registrado: Produto=5, Qtd=1, Preço=10.00 (Dia 10)
Evento registrado: Produto=2, Qtd=1, Preço=10.00 (Dia 10)
Evento registrado: Produto=4, Qtd=1, Preço=10.00 (Dia 10)
Evento registrado: Produto=4, Qtd=1, Preço=10.00 (Dia 10)
Evento registrado: Produto=4, Qtd=1, Preço=10.00 (Dia 10)
Evento registrado: Produto=2, Qtd=1, Preço=10.00 (Dia 10)
Evento registrado: Produto=1, Qtd=1, Preço=10.00 (Dia 10)
Evento registrado: Produto=3, Qtd=1, Preço=10.00 (Dia 10)
Evento registrado: Produto=5, Qtd=1, Preço=10.00 (Dia 10)
Evento registrado: Produto=3, Qtd=1, Preço=10.00 (Dia 10)
Evento registrado: Produto=3, Qtd=1, Preço=10.00 (Dia 10)
Evento registrado: Produto=2, Qtd=1, Preço=10.00 (Dia 10)
Evento registrado: Produto=5, Qtd=1, Preço=10.00 (Dia 10)
Evento registrado: Produto=5, Qtd=1, Preço=10.00 (Dia 10)
Evento registrado: Produto=4, Qtd=1, Preço=10.00 (Dia 10)
Evento registrado: Produto=1, Qtd=1, Preço=10.00 (Dia 10)
Evento registrado: Produto=1, Qtd=1, Preço=10.00 (Dia 10)
Evento registrado: Produto=1, Qtd=1, Preço=10.00 (Dia 10)
Evento registrado: Produto=4, Qtd=1, Preço=10.00 (Dia 10)
Evento registrado: Produto=2, Qtd=1, Preço=10.00 (Dia 10)
Evento registrado: Produto=2, Qtd=1, Preço=10.00 (Dia 10)
Evento registrado: Produto=4, Qtd=1, Preço=10.00 (Dia 10)
Evento registrado: Produto=5, Qtd=1, Preço=10.00 (Dia 10)
Evento registrado: Produto=3, Qtd=1, Preço=10.00 (Dia 10)
Evento registrado: Produto=1, Qtd=1, Preço=10.00 (Dia 10)
Evento registrado: Produto=2, Qtd=1, Preço=10.00 (Dia 10)
Evento registrado: Produto=4, Qtd=1, Preço=10.00 (Dia 10)
Evento registrado: Produto=3, Qtd=1, Preço=10.00 (Dia 10)
Evento registrado: Produto=5, Qtd=1, Preço=10.00 (Dia 10)
Evento registrado: Produto=3, Qtd=1, Preço=10.00 (Dia 10)
Evento registrado: Produto=5, Qtd=1, Preço=10.00 (Dia 10)
Evento registrado: Produto=5, Qtd=1, Preço=10.00 (Dia 10)
Evento registrado: Produto=1, Qtd=1, Preço=10.00 (Dia 10)
Evento registrado: Produto=3, Qtd=1, Preço=10.00 (Dia 10)
Evento registrado: Produto=1, Qtd=1, Preço=10.00 (Dia 10)
Evento registrado: Produto=4, Qtd=1, Preço=10.00 (Dia 10)
Evento registrado: Produto=4, Qtd=1, Preço=10.00 (Dia 10)
Evento registrado: Produto=2, Qtd=1, Preço=10.00 (Dia 10)
Evento registrado: Produto=2, Qtd=1, Preço=10.00 (Dia 10)
Evento registrado: Produto=2, Qtd=1, Preço=10.00 (Dia 10)
Evento registrado: Produto=4, Qtd=1, Preço=10.00 (Dia 10)
Evento registrado: Produto=5, Qtd=1, Preço=10.00 (Dia 10)
Evento registrado: Produto=1, Qtd=1, Preço=10.00 (Dia 10)
Evento registrado: Produto=3, Qtd=1, Preço=10.00 (Dia 10)
Evento registrado: Produto=2, Qtd=1, Preço=10.00 (Dia 10)
Evento registrado: Produto=5, Qtd=1, Preço=10.00 (Dia 10)
Evento registrado: Produto=3, Qtd=1, Preço=10.00 (Dia 10)
Evento registrado: Produto=3, Qtd=1, Preço=10.00 (Dia 10)
Evento registrado: Produto=4, Qtd=1, Preço=10.00 (Dia 10)
Evento registrado: Produto=1, Qtd=1, Preço=10.00 (Dia 10)
Evento registrado: Produto=5, Qtd=1, Preço=10.00 (Dia 10)
Evento registrado: Produto=1, Qtd=1, Preço=10.00 (Dia 10)
Evento registrado: Produto=2, Qtd=1, Preço=10.00 (Dia 10)
Evento registrado: Produto=1, Qtd=1, Preço=10.00 (Dia 10)
Evento registrado: Produto=2, Qtd=1, Preço=10.00 (Dia 10)
Evento registrado: Produto=4, Qtd=1, Preço=10.00 (Dia 10)
Evento registrado: Produto=5, Qtd=1, Preço=10.00 (Dia 10)
Evento registrado: Produto=5, Qtd=1, Preço=10.00 (Dia 10)
Evento registrado: Produto=4, Qtd=1, Preço=10.00 (Dia 10)
Evento registrado: Produto=3, Qtd=1, Preço=10.00 (Dia 10)
Evento registrado: Produto=3, Qtd=1, Preço=10.00 (Dia 10)
Evento registrado: Produto=2, Qtd=1, Preço=10.00 (Dia 10)
Evento registrado: Produto=1, Qtd=1, Preço=10.00 (Dia 10)
Evento registrado: Produto=4, Qtd=1, Preço=10.00 (Dia 10)
Evento registrado: Produto=5, Qtd=1, Preço=10.00 (Dia 10)
Evento registrado: Produto=2, Qtd=1, Preço=10.00 (Dia 10)
Evento registrado: Produto=4, Qtd=1, Preço=10.00 (Dia 10)
Evento registrado: Produto=3, Qtd=1, Preço=10.00 (Dia 10)
Evento registrado: Produto=1, Qtd=1, Preço=10.00 (Dia 10)
Evento registrado: Produto=3, Qtd=1, Preço=10.00 (Dia 10)
Evento registrado: Produto=1, Qtd=1, Preço=10.00 (Dia 10)
Evento registrado: Produto=5, Qtd=1, Preço=10.00 (Dia 10)
Evento registrado: Produto=1, Qtd=1, Preço=10.00 (Dia 10)
Evento registrado: Produto=4, Qtd=1, Preço=10.00 (Dia 10)
Evento registrado: Produto=2, Qtd=1, Preço=10.00 (Dia 10)
Evento registrado: Produto=2, Qtd=1, Preço=10.00 (Dia 10)
Evento registrado: Produto=1, Qtd=1, Preço=10.00 (Dia 10)
Evento registrado: Produto=4, Qtd=1, Preço=10.00 (Dia 10)
Evento registrado: Produto=5, Qtd=1, Preço=10.00 (Dia 10)
Evento registrado: Produto=2, Qtd=1, Preço=10.00 (Dia 10)
Evento registrado: Produto=4, Qtd=1, Preço=10.00 (Dia 10)
Evento registrado: Produto=5, Qtd=1, Preço=10.00 (Dia 10)
Evento registrado: Produto=3, Qtd=1, Preço=10.00 (Dia 10)
Evento registrado: Produto=3, Qtd=1, Preço=10.00 (Dia 10)
Evento registrado: Produto=5, Qtd=1, Preço=10.00 (Dia 10)
Evento registrado: Produto=1, Qtd=1, Preço=10.00 (Dia 10)
Evento registrado: Produto=3, Qtd=1, Preço=10.00 (Dia 10)
Evento registrado: Produto=2, Qtd=1, Preço=10.00 (Dia 10)
Evento registrado: Produto=3, Qtd=1, Preço=10.00 (Dia 10)
Evento registrado: Produto=4, Qtd=1, Preço=10.00 (Dia 10)
Evento registrado: Produto=5, Qtd=1, Preço=10.00 (Dia 10)
Evento registrado: Produto=1, Qtd=1, Preço=10.00 (Dia 10)
Evento registrado: Produto=2, Qtd=1, Preço=10.00 (Dia 10)
Evento registrado: Produto=1, Qtd=1, Preço=10.00 (Dia 10)
Evento registrado: Produto=4, Qtd=1, Preço=10.00 (Dia 10)
Evento registrado: Produto=4, Qtd=1, Preço=10.00 (Dia 10)
Evento registrado: Produto=2, Qtd=1, Preço=10.00 (Dia 10)
Evento registrado: Produto=3, Qtd=1, Preço=10.00 (Dia 10)
Evento registrado: Produto=2, Qtd=1, Preço=10.00 (Dia 10)
Evento registrado: Produto=3, Qtd=1, Preço=10.00 (Dia 10)
Evento registrado: Produto=4, Qtd=1, Preço=10.00 (Dia 10)
Evento registrado: Produto=1, Qtd=1, Preço=10.00 (Dia 10)
Evento registrado: Produto=5, Qtd=1, Preço=10.00 (Dia 10)
Evento registrado: Produto=5, Qtd=1, Preço=10.00 (Dia 10)
Evento registrado: Produto=5, Qtd=1, Preço=10.00 (Dia 10)
Evento registrado: Produto=3, Qtd=1, Preço=10.00 (Dia 10)
Evento registrado: Produto=1, Qtd=1, Preço=10.00 (Dia 10)
Evento registrado: Produto=2, Qtd=1, Preço=10.00 (Dia 10)
Evento registrado: Produto=4, Qtd=1, Preço=10.00 (Dia 10)
Evento registrado: Produto=3, Qtd=1, Preço=10.00 (Dia 10)
Evento registrado: Produto=3, Qtd=1, Preço=10.00 (Dia 10)
Evento registrado: Produto=1, Qtd=1, Preço=10.00 (Dia 10)
Evento registrado: Produto=5, Qtd=1, Preço=10.00 (Dia 10)
Evento registrado: Produto=2, Qtd=1, Preço=10.00 (Dia 10)
Evento registrado: Produto=1, Qtd=1, Preço=10.00 (Dia 10)
Evento registrado: Produto=5, Qtd=1, Preço=10.00 (Dia 10)
Evento registrado: Produto=3, Qtd=1, Preço=10.00 (Dia 10)
Evento registrado: Produto=4, Qtd=1, Preço=10.00 (Dia 10)
Evento registrado: Produto=4, Qtd=1, Preço=10.00 (Dia 10)
Evento registrado: Produto=1, Qtd=1, Preço=10.00 (Dia 10)
Evento registrado: Produto=2, Qtd=1, Preço=10.00 (Dia 10)
Evento registrado: Produto=4, Qtd=1, Preço=10.00 (Dia 10)
Evento registrado: Produto=2, Qtd=1, Preço=10.00 (Dia 10)
Evento registrado: Produto=5, Qtd=1, Preço=10.00 (Dia 10)
Evento registrado: Produto=3, Qtd=1, Preço=10.00 (Dia 10)
Evento registrado: Produto=5, Qtd=1, Preço=10.00 (Dia 10)
Evento registrado: Produto=4, Qtd=1, Preço=10.00 (Dia 10)
Evento registrado: Produto=3, Qtd=1, Preço=10.00 (Dia 10)
Evento registrado: Produto=1, Qtd=1, Preço=10.00 (Dia 10)
Evento registrado: Produto=2, Qtd=1, Preço=10.00 (Dia 10)
Evento registrado: Produto=4, Qtd=1, Preço=10.00 (Dia 10)
Evento registrado: Produto=2, Qtd=1, Preço=10.00 (Dia 10)
Evento registrado: Produto=5, Qtd=1, Preço=10.00 (Dia 10)
Evento registrado: Produto=1, Qtd=1, Preço=10.00 (Dia 10)
Evento registrado: Produto=2, Qtd=1, Preço=10.00 (Dia 10)
Evento registrado: Produto=4, Qtd=1, Preço=10.00 (Dia 10)
Evento registrado: Produto=3, Qtd=1, Preço=10.00 (Dia 10)
Evento registrado: Produto=1, Qtd=1, Preço=10.00 (Dia 10)
Evento registrado: Produto=4, Qtd=1, Preço=10.00 (Dia 10)
Evento registrado: Produto=2, Qtd=1, Preço=10.00 (Dia 10)
Evento registrado: Produto=5, Qtd=1, Preço=10.00 (Dia 10)
Evento registrado: Produto=3, Qtd=1, Preço=10.00 (Dia 10)
Evento registrado: Produto=5, Qtd=1, Preço=10.00 (Dia 10)
Evento registrado: Produto=1, Qtd=1, Preço=10.00 (Dia 10)
Evento registrado: Produto=5, Qtd=1, Preço=10.00 (Dia 10)
Evento registrado: Produto=3, Qtd=1, Preço=10.00 (Dia 10)
Evento registrado: Produto=3, Qtd=1, Preço=10.00 (Dia 10)
Evento registrado: Produto=4, Qtd=1, Preço=10.00 (Dia 10)
Evento registrado: Produto=2, Qtd=1, Preço=10.00 (Dia 10)
Evento registrado: Produto=1, Qtd=1, Preço=10.00 (Dia 10)
Evento registrado: Produto=4, Qtd=1, Preço=10.00 (Dia 10)
Evento registrado: Produto=1, Qtd=1, Preço=10.00 (Dia 10)
Evento registrado: Produto=3, Qtd=1, Preço=10.00 (Dia 10)
Evento registrado: Produto=4, Qtd=1, Preço=10.00 (Dia 10)
Evento registrado: Produto=2, Qtd=1, Preço=10.00 (Dia 10)
Evento registrado: Produto=2, Qtd=1, Preço=10.00 (Dia 10)
Evento registrado: Produto=5, Qtd=1, Preço=10.00 (Dia 10)
Evento registrado: Produto=3, Qtd=1, Preço=10.00 (Dia 10)
Evento registrado: Produto=5, Qtd=1, Preço=10.00 (Dia 10)
Evento registrado: Produto=1, Qtd=1, Preço=10.00 (Dia 10)
Evento registrado: Produto=5, Qtd=1, Preço=10.00 (Dia 10)
Evento registrado: Produto=1, Qtd=1, Preço=10.00 (Dia 10)
Evento registrado: Produto=2, Qtd=1, Preço=10.00 (Dia 10)
Evento registrado: Produto=4, Qtd=1, Preço=10.00 (Dia 10)
Evento registrado: Produto=5, Qtd=1, Preço=10.00 (Dia 10)
Evento registrado: Produto=3, Qtd=1, Preço=10.00 (Dia 10)
Evento registrado: Produto=4, Qtd=1, Preço=10.00 (Dia 10)
Evento registrado: Produto=1, Qtd=1, Preço=10.00 (Dia 10)
Evento registrado: Produto=2, Qtd=1, Preço=10.00 (Dia 10)
Evento registrado: Produto=3, Qtd=1, Preço=10.00 (Dia 10)
Evento registrado: Produto=4, Qtd=1, Preço=10.00 (Dia 10)
Evento registrado: Produto=5, Qtd=1, Preço=10.00 (Dia 10)
Evento registrado: Produto=1, Qtd=1, Preço=10.00 (Dia 10)
Evento registrado: Produto=2, Qtd=1, Preço=10.00 (Dia 10)
Evento registrado: Produto=3, Qtd=1, Preço=10.00 (Dia 10)
Evento registrado: Produto=1, Qtd=1, Preço=10.00 (Dia 10)
Evento registrado: Produto=2, Qtd=1, Preço=10.00 (Dia 10)
Evento registrado: Produto=3, Qtd=1, Preço=10.00 (Dia 10)
Evento registrado: Produto=5, Qtd=1, Preço=10.00 (Dia 10)
Evento registrado: Produto=1, Qtd=1, Preço=10.00 (Dia 10)
Evento registrado: Produto=4, Qtd=1, Preço=10.00 (Dia 10)
Evento registrado: Produto=2, Qtd=1, Preço=10.00 (Dia 10)
Evento registrado: Produto=4, Qtd=1, Preço=10.00 (Dia 10)
Evento registrado: Produto=5, Qtd=1, Preço=10.00 (Dia 10)
Evento registrado: Produto=5, Qtd=1, Preço=10.00 (Dia 10)
Evento registrado: Produto=3, Qtd=1, Preço=10.00 (Dia 10)
Evento registrado: Produto=4, Qtd=1, Preço=10.00 (Dia 10)
Evento registrado: Produto=1, Qtd=1, Preço=10.00 (Dia 10)
Evento registrado: Produto=2, Qtd=1, Preço=10.00 (Dia 10)
Evento registrado: Produto=3, Qtd=1, Preço=10.00 (Dia 10)
Evento registrado: Produto=2, Qtd=1, Preço=10.00 (Dia 10)
Evento registrado: Produto=1, Qtd=1, Preço=10.00 (Dia 10)
Evento registrado: Produto=2, Qtd=1, Preço=10.00 (Dia 10)
Evento registrado: Produto=4, Qtd=1, Preço=10.00 (Dia 10)
Evento registrado: Produto=1, Qtd=1, Preço=10.00 (Dia 10)
Evento registrado: Produto=3, Qtd=1, Preço=10.00 (Dia 10)
Evento registrado: Produto=5, Qtd=1, Preço=10.00 (Dia 10)
Evento registrado: Produto=4, Qtd=1, Preço=10.00 (Dia 10)
Evento registrado: Produto=1, Qtd=1, Preço=10.00 (Dia 10)
Evento registrado: Produto=4, Qtd=1, Preço=10.00 (Dia 10)
Evento registrado: Produto=5, Qtd=1, Preço=10.00 (Dia 10)
Evento registrado: Produto=3, Qtd=1, Preço=10.00 (Dia 10)
Evento registrado: Produto=2, Qtd=1, Preço=10.00 (Dia 10)
Evento registrado: Produto=3, Qtd=1, Preço=10.00 (Dia 10)
Evento registrado: Produto=5, Qtd=1, Preço=10.00 (Dia 10)
Evento registrado: Produto=4, Qtd=1, Preço=10.00 (Dia 10)
Evento registrado: Produto=2, Qtd=1, Preço=10.00 (Dia 10)
Evento registrado: Produto=1, Qtd=1, Preço=10.00 (Dia 10)
Evento registrado: Produto=5, Qtd=1, Preço=10.00 (Dia 10)
Evento registrado: Produto=3, Qtd=1, Preço=10.00 (Dia 10)
Evento registrado: Produto=2, Qtd=1, Preço=10.00 (Dia 10)
Evento registrado: Produto=5, Qtd=1, Preço=10.00 (Dia 10)
Evento registrado: Produto=2, Qtd=1, Preço=10.00 (Dia 10)
Evento registrado: Produto=5, Qtd=1, Preço=10.00 (Dia 10)
Evento registrado: Produto=1, Qtd=1, Preço=10.00 (Dia 10)
Evento registrado: Produto=4, Qtd=1, Preço=10.00 (Dia 10)
Evento registrado: Produto=3, Qtd=1, Preço=10.00 (Dia 10)
Evento registrado: Produto=1, Qtd=1, Preço=10.00 (Dia 10)
Evento registrado: Produto=4, Qtd=1, Preço=10.00 (Dia 10)
Evento registrado: Produto=3, Qtd=1, Preço=10.00 (Dia 10)
Evento registrado: Produto=1, Qtd=1, Preço=10.00 (Dia 10)
Evento registrado: Produto=2, Qtd=1, Preço=10.00 (Dia 10)
Evento registrado: Produto=5, Qtd=1, Preço=10.00 (Dia 10)
Evento registrado: Produto=3, Qtd=1, Preço=10.00 (Dia 10)
Evento registrado: Produto=2, Qtd=1, Preço=10.00 (Dia 10)
Evento registrado: Produto=4, Qtd=1, Preço=10.00 (Dia 10)
Evento registrado: Produto=1, Qtd=1, Preço=10.00 (Dia 10)
Evento registrado: Produto=3, Qtd=1, Preço=10.00 (Dia 10)
Evento registrado: Produto=4, Qtd=1, Preço=10.00 (Dia 10)
Evento registrado: Produto=5, Qtd=1, Preço=10.00 (Dia 10)
Evento registrado: Produto=2, Qtd=1, Preço=10.00 (Dia 10)
Evento registrado: Produto=2, Qtd=1, Preço=10.00 (Dia 10)
Evento registrado: Produto=1, Qtd=1, Preço=10.00 (Dia 10)
Evento registrado: Produto=5, Qtd=1, Preço=10.00 (Dia 10)
Evento registrado: Produto=3, Qtd=1, Preço=10.00 (Dia 10)
Evento registrado: Produto=4, Qtd=1, Preço=10.00 (Dia 10)
Evento registrado: Produto=5, Qtd=1, Preço=10.00 (Dia 10)
Evento registrado: Produto=5, Qtd=1, Preço=10.00 (Dia 10)
Evento registrado: Produto=1, Qtd=1, Preço=10.00 (Dia 10)
Evento registrado: Produto=1, Qtd=1, Preço=10.00 (Dia 10)
Evento registrado: Produto=3, Qtd=1, Preço=10.00 (Dia 10)
Evento registrado: Produto=2, Qtd=1, Preço=10.00 (Dia 10)
Evento registrado: Produto=4, Qtd=1, Preço=10.00 (Dia 10)
Evento registrado: Produto=3, Qtd=1, Preço=10.00 (Dia 10)
Evento registrado: Produto=3, Qtd=1, Preço=10.00 (Dia 10)
Evento registrado: Produto=1, Qtd=1, Preço=10.00 (Dia 10)
Evento registrado: Produto=2, Qtd=1, Preço=10.00 (Dia 10)
Evento registrado: Produto=4, Qtd=1, Preço=10.00 (Dia 10)
Evento registrado: Produto=5, Qtd=1, Preço=10.00 (Dia 10)
Evento registrado: Produto=4, Qtd=1, Preço=10.00 (Dia 10)
Evento registrado: Produto=5, Qtd=1, Preço=10.00 (Dia 10)
Evento registrado: Produto=4, Qtd=1, Preço=10.00 (Dia 10)
Evento registrado: Produto=2, Qtd=1, Preço=10.00 (Dia 10)
Evento registrado: Produto=3, Qtd=1, Preço=10.00 (Dia 10)
Evento registrado: Produto=4, Qtd=1, Preço=10.00 (Dia 10)
Evento registrado: Produto=1, Qtd=1, Preço=10.00 (Dia 10)
Evento registrado: Produto=2, Qtd=1, Preço=10.00 (Dia 10)
Evento registrado: Produto=1, Qtd=1, Preço=10.00 (Dia 10)
Evento registrado: Produto=4, Qtd=1, Preço=10.00 (Dia 10)
Evento registrado: Produto=3, Qtd=1, Preço=10.00 (Dia 10)
Evento registrado: Produto=3, Qtd=1, Preço=10.00 (Dia 10)
Evento registrado: Produto=4, Qtd=1, Preço=10.00 (Dia 10)
Evento registrado: Produto=3, Qtd=1, Preço=10.00 (Dia 10)
Evento registrado: Produto=2, Qtd=1, Preço=10.00 (Dia 10)
Evento registrado: Produto=5, Qtd=1, Preço=10.00 (Dia 10)
Evento registrado: Produto=5, Qtd=1, Preço=10.00 (Dia 10)
Evento registrado: Produto=1, Qtd=1, Preço=10.00 (Dia 10)
Evento registrado: Produto=1, Qtd=1, Preço=10.00 (Dia 10)
Evento registrado: Produto=5, Qtd=1, Preço=10.00 (Dia 10)
Evento registrado: Produto=2, Qtd=1, Preço=10.00 (Dia 10)
Evento registrado: Produto=1, Qtd=1, Preço=10.00 (Dia 10)
Evento registrado: Produto=2, Qtd=1, Preço=10.00 (Dia 10)
Evento registrado: Produto=4, Qtd=1, Preço=10.00 (Dia 10)
Evento registrado: Produto=5, Qtd=1, Preço=10.00 (Dia 10)
Evento registrado: Produto=3, Qtd=1, Preço=10.00 (Dia 10)
Evento registrado: Produto=1, Qtd=1, Preço=10.00 (Dia 10)
Evento registrado: Produto=5, Qtd=1, Preço=10.00 (Dia 10)
Evento registrado: Produto=2, Qtd=1, Preço=10.00 (Dia 10)
Evento registrado: Produto=4, Qtd=1, Preço=10.00 (Dia 10)
Evento registrado: Produto=1, Qtd=1, Preço=10.00 (Dia 10)
Evento registrado: Produto=5, Qtd=1, Preço=10.00 (Dia 10)
Evento registrado: Produto=4, Qtd=1, Preço=10.00 (Dia 10)
Evento registrado: Produto=2, Qtd=1, Preço=10.00 (Dia 10)
Evento registrado: Produto=2, Qtd=1, Preço=10.00 (Dia 10)
Evento registrado: Produto=3, Qtd=1, Preço=10.00 (Dia 10)
Evento registrado: Produto=1, Qtd=1, Preço=10.00 (Dia 10)
Evento registrado: Produto=4, Qtd=1, Preço=10.00 (Dia 10)
Evento registrado: Produto=3, Qtd=1, Preço=10.00 (Dia 10)
Evento registrado: Produto=5, Qtd=1, Preço=10.00 (Dia 10)
Evento registrado: Produto=3, Qtd=1, Preço=10.00 (Dia 10)
Evento registrado: Produto=2, Qtd=1, Preço=10.00 (Dia 10)
Evento registrado: Produto=2, Qtd=1, Preço=10.00 (Dia 10)
Evento registrado: Produto=1, Qtd=1, Preço=10.00 (Dia 10)
Evento registrado: Produto=2, Qtd=1, Preço=10.00 (Dia 10)
Evento registrado: Produto=1, Qtd=1, Preço=10.00 (Dia 10)
Evento registrado: Produto=2, Qtd=1, Preço=10.00 (Dia 10)
Evento registrado: Produto=4, Qtd=1, Preço=10.00 (Dia 10)
Evento registrado: Produto=1, Qtd=1, Preço=10.00 (Dia 10)
Evento registrado: Produto=4, Qtd=1, Preço=10.00 (Dia 10)
Evento registrado: Produto=5, Qtd=1, Preço=10.00 (Dia 10)
Evento registrado: Produto=5, Qtd=1, Preço=10.00 (Dia 10)
Evento registrado: Produto=1, Qtd=1, Preço=10.00 (Dia 10)
Evento registrado: Produto=3, Qtd=1, Preço=10.00 (Dia 10)
Evento registrado: Produto=5, Qtd=1, Preço=10.00 (Dia 10)
Evento registrado: Produto=4, Qtd=1, Preço=10.00 (Dia 10)
Evento registrado: Produto=3, Qtd=1, Preço=10.00 (Dia 10)
Evento registrado: Produto=3, Qtd=1, Preço=10.00 (Dia 10)
Evento registrado: Produto=4, Qtd=1, Preço=10.00 (Dia 10)
Evento registrado: Produto=5, Qtd=1, Preço=10.00 (Dia 10)
Evento registrado: Produto=3, Qtd=1, Preço=10.00 (Dia 10)
Evento registrado: Produto=2, Qtd=1, Preço=10.00 (Dia 10)
Evento registrado: Produto=1, Qtd=1, Preço=10.00 (Dia 10)
Evento registrado: Produto=1, Qtd=1, Preço=10.00 (Dia 10)
Evento registrado: Produto=4, Qtd=1, Preço=10.00 (Dia 10)
Evento registrado: Produto=2, Qtd=1, Preço=10.00 (Dia 10)
Evento registrado: Produto=1, Qtd=1, Preço=10.00 (Dia 10)
Evento registrado: Produto=3, Qtd=1, Preço=10.00 (Dia 10)
Evento registrado: Produto=5, Qtd=1, Preço=10.00 (Dia 10)
Evento registrado: Produto=1, Qtd=1, Preço=10.00 (Dia 10)
Evento registrado: Produto=3, Qtd=1, Preço=10.00 (Dia 10)
Evento registrado: Produto=5, Qtd=1, Preço=10.00 (Dia 10)
Evento registrado: Produto=5, Qtd=1, Preço=10.00 (Dia 10)
Evento registrado: Produto=5, Qtd=1, Preço=10.00 (Dia 10)
Evento registrado: Produto=3, Qtd=1, Preço=10.00 (Dia 10)
Evento registrado: Produto=3, Qtd=1, Preço=10.00 (Dia 10)
Evento registrado: Produto=4, Qtd=1, Preço=10.00 (Dia 10)
Evento registrado: Produto=4, Qtd=1, Preço=10.00 (Dia 10)
Evento registrado: Produto=2, Qtd=1, Preço=10.00 (Dia 10)
Evento registrado: Produto=2, Qtd=1, Preço=10.00 (Dia 10)
Evento registrado: Produto=4, Qtd=1, Preço=10.00 (Dia 10)
Evento registrado: Produto=1, Qtd=1, Preço=10.00 (Dia 10)
Evento registrado: Produto=1, Qtd=1, Preço=10.00 (Dia 10)
Evento registrado: Produto=2, Qtd=1, Preço=10.00 (Dia 10)
Evento registrado: Produto=1, Qtd=1, Preço=10.00 (Dia 10)
Evento registrado: Produto=5, Qtd=1, Preço=10.00 (Dia 10)
Evento registrado: Produto=1, Qtd=1, Preço=10.00 (Dia 10)
Evento registrado: Produto=3, Qtd=1, Preço=10.00 (Dia 10)
Evento registrado: Produto=2, Qtd=1, Preço=10.00 (Dia 10)
Evento registrado: Produto=5, Qtd=1, Preço=10.00 (Dia 10)
Evento registrado: Produto=5, Qtd=1, Preço=10.00 (Dia 10)
Evento registrado: Produto=5, Qtd=1, Preço=10.00 (Dia 10)
Evento registrado: Produto=2, Qtd=1, Preço=10.00 (Dia 10)
Evento registrado: Produto=4, Qtd=1, Preço=10.00 (Dia 10)
Evento registrado: Produto=2, Qtd=1, Preço=10.00 (Dia 10)
Evento registrado: Produto=3, Qtd=1, Preço=10.00 (Dia 10)
Evento registrado: Produto=3, Qtd=1, Preço=10.00 (Dia 10)
Evento registrado: Produto=4, Qtd=1, Preço=10.00 (Dia 10)
Evento registrado: Produto=4, Qtd=1, Preço=10.00 (Dia 10)
Evento registrado: Produto=4, Qtd=1, Preço=10.00 (Dia 10)
Evento registrado: Produto=3, Qtd=1, Preço=10.00 (Dia 10)
Evento registrado: Produto=2, Qtd=1, Preço=10.00 (Dia 10)
Evento registrado: Produto=1, Qtd=1, Preço=10.00 (Dia 10)
Evento registrado: Produto=1, Qtd=1, Preço=10.00 (Dia 10)
Evento registrado: Produto=1, Qtd=1, Preço=10.00 (Dia 10)
Evento registrado: Produto=2, Qtd=1, Preço=10.00 (Dia 10)
Evento registrado: Produto=1, Qtd=1, Preço=10.00 (Dia 10)
Evento registrado: Produto=5, Qtd=1, Preço=10.00 (Dia 10)
Evento registrado: Produto=5, Qtd=1, Preço=10.00 (Dia 10)
Evento registrado: Produto=5, Qtd=1, Preço=10.00 (Dia 10)
Evento registrado: Produto=2, Qtd=1, Preço=10.00 (Dia 10)
Evento registrado: Produto=5, Qtd=1, Preço=10.00 (Dia 10)
Evento registrado: Produto=3, Qtd=1, Preço=10.00 (Dia 10)
Evento registrado: Produto=3, Qtd=1, Preço=10.00 (Dia 10)
Evento registrado: Produto=4, Qtd=1, Preço=10.00 (Dia 10)
Evento registrado: Produto=4, Qtd=1, Preço=10.00 (Dia 10)
Evento registrado: Produto=2, Qtd=1, Preço=10.00 (Dia 10)
Evento registrado: Produto=3, Qtd=1, Preço=10.00 (Dia 10)
Evento registrado: Produto=4, Qtd=1, Preço=10.00 (Dia 10)
Evento registrado: Produto=4, Qtd=1, Preço=10.00 (Dia 10)
Evento registrado: Produto=3, Qtd=1, Preço=10.00 (Dia 10)
Evento registrado: Produto=5, Qtd=1, Preço=10.00 (Dia 10)
Evento registrado: Produto=1, Qtd=1, Preço=10.00 (Dia 10)
Evento registrado: Produto=1, Qtd=1, Preço=10.00 (Dia 10)
Evento registrado: Produto=5, Qtd=1, Preço=10.00 (Dia 10)
Evento registrado: Produto=5, Qtd=1, Preço=10.00 (Dia 10)
Evento registrado: Produto=4, Qtd=1, Preço=10.00 (Dia 10)
Evento registrado: Produto=2, Qtd=1, Preço=10.00 (Dia 10)
Evento registrado: Produto=3, Qtd=1, Preço=10.00 (Dia 10)
Evento registrado: Produto=5, Qtd=1, Preço=10.00 (Dia 10)
Evento registrado: Produto=4, Qtd=1, Preço=10.00 (Dia 10)
Evento registrado: Produto=2, Qtd=1, Preço=10.00 (Dia 10)
Evento registrado: Produto=3, Qtd=1, Preço=10.00 (Dia 10)
Evento registrado: Produto=4, Qtd=1, Preço=10.00 (Dia 10)
Evento registrado: Produto=1, Qtd=1, Preço=10.00 (Dia 10)
Evento registrado: Produto=2, Qtd=1, Preço=10.00 (Dia 10)
Evento registrado: Produto=1, Qtd=1, Preço=10.00 (Dia 10)
Evento registrado: Produto=3, Qtd=1, Preço=10.00 (Dia 10)
Evento registrado: Produto=3, Qtd=1, Preço=10.00 (Dia 10)
Evento registrado: Produto=2, Qtd=1, Preço=10.00 (Dia 10)
Evento registrado: Produto=4, Qtd=1, Preço=10.00 (Dia 10)
Evento registrado: Produto=1, Qtd=1, Preço=10.00 (Dia 10)
Evento registrado: Produto=5, Qtd=1, Preço=10.00 (Dia 10)
Evento registrado: Produto=4, Qtd=1, Preço=10.00 (Dia 10)
Evento registrado: Produto=2, Qtd=1, Preço=10.00 (Dia 10)
Evento registrado: Produto=1, Qtd=1, Preço=10.00 (Dia 10)
Evento registrado: Produto=3, Qtd=1, Preço=10.00 (Dia 10)
Evento registrado: Produto=4, Qtd=1, Preço=10.00 (Dia 10)
Evento registrado: Produto=4, Qtd=1, Preço=10.00 (Dia 10)
Evento registrado: Produto=1, Qtd=1, Preço=10.00 (Dia 10)
Evento registrado: Produto=3, Qtd=1, Preço=10.00 (Dia 10)
Evento registrado: Produto=5, Qtd=1, Preço=10.00 (Dia 10)
Evento registrado: Produto=1, Qtd=1, Preço=10.00 (Dia 10)
Evento registrado: Produto=5, Qtd=1, Preço=10.00 (Dia 10)
Evento registrado: Produto=2, Qtd=1, Preço=10.00 (Dia 10)
Evento registrado: Produto=2, Qtd=1, Preço=10.00 (Dia 10)
Evento registrado: Produto=3, Qtd=1, Preço=10.00 (Dia 10)
Evento registrado: Produto=5, Qtd=1, Preço=10.00 (Dia 10)
Evento registrado: Produto=4, Qtd=1, Preço=10.00 (Dia 10)
Evento registrado: Produto=2, Qtd=1, Preço=10.00 (Dia 10)
Evento registrado: Produto=3, Qtd=1, Preço=10.00 (Dia 10)
Evento registrado: Produto=5, Qtd=1, Preço=10.00 (Dia 10)
Evento registrado: Produto=1, Qtd=1, Preço=10.00 (Dia 10)
Evento registrado: Produto=4, Qtd=1, Preço=10.00 (Dia 10)
Evento registrado: Produto=2, Qtd=1, Preço=10.00 (Dia 10)
Evento registrado: Produto=3, Qtd=1, Preço=10.00 (Dia 10)
Evento registrado: Produto=3, Qtd=1, Preço=10.00 (Dia 10)
Evento registrado: Produto=2, Qtd=1, Preço=10.00 (Dia 10)
Evento registrado: Produto=5, Qtd=1, Preço=10.00 (Dia 10)
Evento registrado: Produto=4, Qtd=1, Preço=10.00 (Dia 10)
Evento registrado: Produto=5, Qtd=1, Preço=10.00 (Dia 10)
Evento registrado: Produto=3, Qtd=1, Preço=10.00 (Dia 10)
Evento registrado: Produto=1, Qtd=1, Preço=10.00 (Dia 10)
Evento registrado: Produto=1, Qtd=1, Preço=10.00 (Dia 10)
Evento registrado: Produto=4, Qtd=1, Preço=10.00 (Dia 10)
Evento registrado: Produto=5, Qtd=1, Preço=10.00 (Dia 10)
Evento registrado: Produto=2, Qtd=1, Preço=10.00 (Dia 10)
Evento registrado: Produto=4, Qtd=1, Preço=10.00 (Dia 10)
Evento registrado: Produto=2, Qtd=1, Preço=10.00 (Dia 10)
Evento registrado: Produto=1, Qtd=1, Preço=10.00 (Dia 10)
Evento registrado: Produto=3, Qtd=1, Preço=10.00 (Dia 10)
Evento registrado: Produto=4, Qtd=1, Preço=10.00 (Dia 10)
Evento registrado: Produto=2, Qtd=1, Preço=10.00 (Dia 10)
Evento registrado: Produto=5, Qtd=1, Preço=10.00 (Dia 10)
Evento registrado: Produto=1, Qtd=1, Preço=10.00 (Dia 10)
Evento registrado: Produto=3, Qtd=1, Preço=10.00 (Dia 10)
Evento registrado: Produto=4, Qtd=1, Preço=10.00 (Dia 10)
Evento registrado: Produto=3, Qtd=1, Preço=10.00 (Dia 10)
Evento registrado: Produto=2, Qtd=1, Preço=10.00 (Dia 10)
Evento registrado: Produto=1, Qtd=1, Preço=10.00 (Dia 10)
Evento registrado: Produto=1, Qtd=1, Preço=10.00 (Dia 10)
Evento registrado: Produto=2, Qtd=1, Preço=10.00 (Dia 10)
Evento registrado: Produto=4, Qtd=1, Preço=10.00 (Dia 10)
Evento registrado: Produto=5, Qtd=1, Preço=10.00 (Dia 10)
Evento registrado: Produto=3, Qtd=1, Preço=10.00 (Dia 10)
Evento registrado: Produto=1, Qtd=1, Preço=10.00 (Dia 10)
Evento registrado: Produto=5, Qtd=1, Preço=10.00 (Dia 10)
Evento registrado: Produto=5, Qtd=1, Preço=10.00 (Dia 10)
Evento registrado: Produto=4, Qtd=1, Preço=10.00 (Dia 10)
Evento registrado: Produto=2, Qtd=1, Preço=10.00 (Dia 10)
Evento registrado: Produto=3, Qtd=1, Preço=10.00 (Dia 10)
Evento registrado: Produto=1, Qtd=1, Preço=10.00 (Dia 10)
Evento registrado: Produto=2, Qtd=1, Preço=10.00 (Dia 10)
Evento registrado: Produto=1, Qtd=1, Preço=10.00 (Dia 10)
Evento registrado: Produto=4, Qtd=1, Preço=10.00 (Dia 10)
Evento registrado: Produto=5, Qtd=1, Preço=10.00 (Dia 10)
Evento registrado: Produto=5, Qtd=1, Preço=10.00 (Dia 10)
Evento registrado: Produto=2, Qtd=1, Preço=10.00 (Dia 10)
Evento registrado: Produto=3, Qtd=1, Preço=10.00 (Dia 10)
Evento registrado: Produto=5, Qtd=1, Preço=10.00 (Dia 10)
Evento registrado: Produto=4, Qtd=1, Preço=10.00 (Dia 10)
Evento registrado: Produto=3, Qtd=1, Preço=10.00 (Dia 10)
Evento registrado: Produto=4, Qtd=1, Preço=10.00 (Dia 10)
Evento registrado: Produto=3, Qtd=1, Preço=10.00 (Dia 10)
Evento registrado: Produto=5, Qtd=1, Preço=10.00 (Dia 10)
Evento registrado: Produto=4, Qtd=1, Preço=10.00 (Dia 10)
Evento registrado: Produto=2, Qtd=1, Preço=10.00 (Dia 10)
Evento registrado: Produto=1, Qtd=1, Preço=10.00 (Dia 10)
Evento registrado: Produto=3, Qtd=1, Preço=10.00 (Dia 10)
Evento registrado: Produto=2, Qtd=1, Preço=10.00 (Dia 10)
Evento registrado: Produto=1, Qtd=1, Preço=10.00 (Dia 10)
Evento registrado: Produto=4, Qtd=1, Preço=10.00 (Dia 10)
Evento registrado: Produto=4, Qtd=1, Preço=10.00 (Dia 10)
Evento registrado: Produto=1, Qtd=1, Preço=10.00 (Dia 10)
Evento registrado: Produto=5, Qtd=1, Preço=10.00 (Dia 10)
Evento registrado: Produto=1, Qtd=1, Preço=10.00 (Dia 10)
Evento registrado: Produto=2, Qtd=1, Preço=10.00 (Dia 10)
Evento registrado: Produto=3, Qtd=1, Preço=10.00 (Dia 10)
Evento registrado: Produto=3, Qtd=1, Preço=10.00 (Dia 10)
Evento registrado: Produto=3, Qtd=1, Preço=10.00 (Dia 10)
Evento registrado: Produto=2, Qtd=1, Preço=10.00 (Dia 10)
Evento registrado: Produto=5, Qtd=1, Preço=10.00 (Dia 10)
Evento registrado: Produto=2, Qtd=1, Preço=10.00 (Dia 10)
Evento registrado: Produto=4, Qtd=1, Preço=10.00 (Dia 10)
Evento registrado: Produto=2, Qtd=1, Preço=10.00 (Dia 10)
Evento registrado: Produto=5, Qtd=1, Preço=10.00 (Dia 10)
Evento registrado: Produto=4, Qtd=1, Preço=10.00 (Dia 10)
Evento registrado: Produto=3, Qtd=1, Preço=10.00 (Dia 10)
Evento registrado: Produto=1, Qtd=1, Preço=10.00 (Dia 10)
Evento registrado: Produto=1, Qtd=1, Preço=10.00 (Dia 10)
Evento registrado: Produto=5, Qtd=1, Preço=10.00 (Dia 10)
Evento registrado: Produto=1, Qtd=1, Preço=10.00 (Dia 10)
Evento registrado: Produto=3, Qtd=1, Preço=10.00 (Dia 10)
Evento registrado: Produto=5, Qtd=1, Preço=10.00 (Dia 10)
Evento registrado: Produto=4, Qtd=1, Preço=10.00 (Dia 10)
Evento registrado: Produto=3, Qtd=1, Preço=10.00 (Dia 10)
Evento registrado: Produto=2, Qtd=1, Preço=10.00 (Dia 10)
Evento registrado: Produto=2, Qtd=1, Preço=10.00 (Dia 10)
Evento registrado: Produto=2, Qtd=1, Preço=10.00 (Dia 10)
Evento registrado: Produto=3, Qtd=1, Preço=10.00 (Dia 10)
Evento registrado: Produto=5, Qtd=1, Preço=10.00 (Dia 10)
Evento registrado: Produto=4, Qtd=1, Preço=10.00 (Dia 10)
Evento registrado: Produto=4, Qtd=1, Preço=10.00 (Dia 10)
Evento registrado: Produto=5, Qtd=1, Preço=10.00 (Dia 10)
Evento registrado: Produto=1, Qtd=1, Preço=10.00 (Dia 10)
Evento registrado: Produto=2, Qtd=1, Preço=10.00 (Dia 10)
Evento registrado: Produto=1, Qtd=1, Preço=10.00 (Dia 10)
Evento registrado: Produto=5, Qtd=1, Preço=10.00 (Dia 10)
Evento registrado: Produto=4, Qtd=1, Preço=10.00 (Dia 10)
Evento registrado: Produto=1, Qtd=1, Preço=10.00 (Dia 10)
Evento registrado: Produto=3, Qtd=1, Preço=10.00 (Dia 10)
Evento registrado: Produto=1, Qtd=1, Preço=10.00 (Dia 10)
Evento registrado: Produto=4, Qtd=1, Preço=10.00 (Dia 10)
Evento registrado: Produto=1, Qtd=1, Preço=10.00 (Dia 10)
Evento registrado: Produto=4, Qtd=1, Preço=10.00 (Dia 10)
Evento registrado: Produto=3, Qtd=1, Preço=10.00 (Dia 10)
Evento registrado: Produto=3, Qtd=1, Preço=10.00 (Dia 10)
Evento registrado: Produto=2, Qtd=1, Preço=10.00 (Dia 10)
Evento registrado: Produto=4, Qtd=1, Preço=10.00 (Dia 10)
Evento registrado: Produto=2, Qtd=1, Preço=10.00 (Dia 10)
Evento registrado: Produto=5, Qtd=1, Preço=10.00 (Dia 10)
Evento registrado: Produto=2, Qtd=1, Preço=10.00 (Dia 10)
Evento registrado: Produto=5, Qtd=1, Preço=10.00 (Dia 10)
Evento registrado: Produto=5, Qtd=1, Preço=10.00 (Dia 10)
Evento registrado: Produto=1, Qtd=1, Preço=10.00 (Dia 10)
Evento registrado: Produto=3, Qtd=1, Preço=10.00 (Dia 10)
Evento registrado: Produto=4, Qtd=1, Preço=10.00 (Dia 10)
Evento registrado: Produto=3, Qtd=1, Preço=10.00 (Dia 10)
Evento registrado: Produto=5, Qtd=1, Preço=10.00 (Dia 10)
Evento registrado: Produto=2, Qtd=1, Preço=10.00 (Dia 10)
Evento registrado: Produto=1, Qtd=1, Preço=10.00 (Dia 10)
Evento registrado: Produto=5, Qtd=1, Preço=10.00 (Dia 10)
Evento registrado: Produto=1, Qtd=1, Preço=10.00 (Dia 10)
Evento registrado: Produto=2, Qtd=1, Preço=10.00 (Dia 10)
Evento registrado: Produto=4, Qtd=1, Preço=10.00 (Dia 10)
Evento registrado: Produto=3, Qtd=1, Preço=10.00 (Dia 10)
Evento registrado: Produto=3, Qtd=1, Preço=10.00 (Dia 10)
Evento registrado: Produto=5, Qtd=1, Preço=10.00 (Dia 10)
Evento registrado: Produto=2, Qtd=1, Preço=10.00 (Dia 10)
Evento registrado: Produto=1, Qtd=1, Preço=10.00 (Dia 10)
Evento registrado: Produto=4, Qtd=1, Preço=10.00 (Dia 10)
Evento registrado: Produto=4, Qtd=1, Preço=10.00 (Dia 10)
Evento registrado: Produto=3, Qtd=1, Preço=10.00 (Dia 10)
Evento registrado: Produto=1, Qtd=1, Preço=10.00 (Dia 10)
Evento registrado: Produto=2, Qtd=1, Preço=10.00 (Dia 10)
Evento registrado: Produto=4, Qtd=1, Preço=10.00 (Dia 10)
Evento registrado: Produto=3, Qtd=1, Preço=10.00 (Dia 10)
Evento registrado: Produto=5, Qtd=1, Preço=10.00 (Dia 10)
Evento registrado: Produto=5, Qtd=1, Preço=10.00 (Dia 10)
Evento registrado: Produto=2, Qtd=1, Preço=10.00 (Dia 10)
Evento registrado: Produto=1, Qtd=1, Preço=10.00 (Dia 10)
Evento registrado: Produto=1, Qtd=1, Preço=10.00 (Dia 10)
Evento registrado: Produto=2, Qtd=1, Preço=10.00 (Dia 10)
Evento registrado: Produto=3, Qtd=1, Preço=10.00 (Dia 10)
Evento registrado: Produto=4, Qtd=1, Preço=10.00 (Dia 10)
Evento registrado: Produto=1, Qtd=1, Preço=10.00 (Dia 10)
Evento registrado: Produto=5, Qtd=1, Preço=10.00 (Dia 10)
Evento registrado: Produto=1, Qtd=1, Preço=10.00 (Dia 10)
Evento registrado: Produto=3, Qtd=1, Preço=10.00 (Dia 10)
Evento registrado: Produto=5, Qtd=1, Preço=10.00 (Dia 10)
Evento registrado: Produto=5, Qtd=1, Preço=10.00 (Dia 10)
Evento registrado: Produto=3, Qtd=1, Preço=10.00 (Dia 10)
Evento registrado: Produto=4, Qtd=1, Preço=10.00 (Dia 10)
Evento registrado: Produto=2, Qtd=1, Preço=10.00 (Dia 10)
Evento registrado: Produto=3, Qtd=1, Preço=10.00 (Dia 10)
Evento registrado: Produto=4, Qtd=1, Preço=10.00 (Dia 10)
Evento registrado: Produto=5, Qtd=1, Preço=10.00 (Dia 10)
Evento registrado: Produto=2, Qtd=1, Preço=10.00 (Dia 10)
Evento registrado: Produto=4, Qtd=1, Preço=10.00 (Dia 10)
Evento registrado: Produto=1, Qtd=1, Preço=10.00 (Dia 10)
Evento registrado: Produto=2, Qtd=1, Preço=10.00 (Dia 10)
Evento registrado: Produto=5, Qtd=1, Preço=10.00 (Dia 10)
Evento registrado: Produto=4, Qtd=1, Preço=10.00 (Dia 10)
Evento registrado: Produto=1, Qtd=1, Preço=10.00 (Dia 10)
Evento registrado: Produto=2, Qtd=1, Preço=10.00 (Dia 10)
Evento registrado: Produto=1, Qtd=1, Preço=10.00 (Dia 10)
Evento registrado: Produto=5, Qtd=1, Preço=10.00 (Dia 10)
Evento registrado: Produto=4, Qtd=1, Preço=10.00 (Dia 10)
Evento registrado: Produto=1, Qtd=1, Preço=10.00 (Dia 10)
Evento registrado: Produto=3, Qtd=1, Preço=10.00 (Dia 10)
Evento registrado: Produto=3, Qtd=1, Preço=10.00 (Dia 10)
Evento registrado: Produto=4, Qtd=1, Preço=10.00 (Dia 10)
Evento registrado: Produto=5, Qtd=1, Preço=10.00 (Dia 10)
Evento registrado: Produto=4, Qtd=1, Preço=10.00 (Dia 10)
Evento registrado: Produto=2, Qtd=1, Preço=10.00 (Dia 10)
Evento registrado: Produto=3, Qtd=1, Preço=10.00 (Dia 10)
Evento registrado: Produto=1, Qtd=1, Preço=10.00 (Dia 10)
Evento registrado: Produto=2, Qtd=1, Preço=10.00 (Dia 10)
Evento registrado: Produto=3, Qtd=1, Preço=10.00 (Dia 10)
Evento registrado: Produto=2, Qtd=1, Preço=10.00 (Dia 10)
Evento registrado: Produto=5, Qtd=1, Preço=10.00 (Dia 10)
Evento registrado: Produto=5, Qtd=1, Preço=10.00 (Dia 10)
Evento registrado: Produto=4, Qtd=1, Preço=10.00 (Dia 10)
Evento registrado: Produto=1, Qtd=1, Preço=10.00 (Dia 10)
Evento registrado: Produto=1, Qtd=1, Preço=10.00 (Dia 10)
Evento registrado: Produto=1, Qtd=1, Preço=10.00 (Dia 10)
Evento registrado: Produto=4, Qtd=1, Preço=10.00 (Dia 10)
Evento registrado: Produto=2, Qtd=1, Preço=10.00 (Dia 10)
Evento registrado: Produto=3, Qtd=1, Preço=10.00 (Dia 10)
Evento registrado: Produto=2, Qtd=1, Preço=10.00 (Dia 10)
Evento registrado: Produto=5, Qtd=1, Preço=10.00 (Dia 10)
Evento registrado: Produto=1, Qtd=1, Preço=10.00 (Dia 10)
Evento registrado: Produto=5, Qtd=1, Preço=10.00 (Dia 10)
Evento registrado: Produto=4, Qtd=1, Preço=10.00 (Dia 10)
Evento registrado: Produto=2, Qtd=1, Preço=10.00 (Dia 10)
Evento registrado: Produto=3, Qtd=1, Preço=10.00 (Dia 10)
Evento registrado: Produto=4, Qtd=1, Preço=10.00 (Dia 10)
Evento registrado: Produto=5, Qtd=1, Preço=10.00 (Dia 10)
Evento registrado: Produto=3, Qtd=1, Preço=10.00 (Dia 10)
Evento registrado: Produto=3, Qtd=1, Preço=10.00 (Dia 10)
Evento registrado: Produto=2, Qtd=1, Preço=10.00 (Dia 10)
Evento registrado: Produto=1, Qtd=1, Preço=10.00 (Dia 10)
Evento registrado: Produto=3, Qtd=1, Preço=10.00 (Dia 10)
Evento registrado: Produto=4, Qtd=1, Preço=10.00 (Dia 10)
Evento registrado: Produto=2, Qtd=1, Preço=10.00 (Dia 10)
Evento registrado: Produto=1, Qtd=1, Preço=10.00 (Dia 10)
Evento registrado: Produto=1, Qtd=1, Preço=10.00 (Dia 10)
Evento registrado: Produto=5, Qtd=1, Preço=10.00 (Dia 10)
Evento registrado: Produto=5, Qtd=1, Preço=10.00 (Dia 10)
Evento registrado: Produto=4, Qtd=1, Preço=10.00 (Dia 10)
Evento registrado: Produto=3, Qtd=1, Preço=10.00 (Dia 10)
Evento registrado: Produto=4, Qtd=1, Preço=10.00 (Dia 10)
Evento registrado: Produto=5, Qtd=1, Preço=10.00 (Dia 10)
Evento registrado: Produto=4, Qtd=1, Preço=10.00 (Dia 10)
Evento registrado: Produto=5, Qtd=1, Preço=10.00 (Dia 10)
Evento registrado: Produto=1, Qtd=1, Preço=10.00 (Dia 10)
Evento registrado: Produto=2, Qtd=1, Preço=10.00 (Dia 10)
Evento registrado: Produto=2, Qtd=1, Preço=10.00 (Dia 10)
Evento registrado: Produto=3, Qtd=1, Preço=10.00 (Dia 10)
Evento registrado: Produto=3, Qtd=1, Preço=10.00 (Dia 10)
Evento registrado: Produto=2, Qtd=1, Preço=10.00 (Dia 10)
Evento registrado: Produto=4, Qtd=1, Preço=10.00 (Dia 10)
Evento registrado: Produto=1, Qtd=1, Preço=10.00 (Dia 10)
Evento registrado: Produto=1, Qtd=1, Preço=10.00 (Dia 10)
Evento registrado: Produto=2, Qtd=1, Preço=10.00 (Dia 10)
Evento registrado: Produto=3, Qtd=1, Preço=10.00 (Dia 10)
Evento registrado: Produto=1, Qtd=1, Preço=10.00 (Dia 10)
Evento registrado: Produto=4, Qtd=1, Preço=10.00 (Dia 10)
Evento registrado: Produto=5, Qtd=1, Preço=10.00 (Dia 10)
Evento registrado: Produto=5, Qtd=1, Preço=10.00 (Dia 10)
Evento registrado: Produto=4, Qtd=1, Preço=10.00 (Dia 10)
Evento registrado: Produto=1, Qtd=1, Preço=10.00 (Dia 10)
Evento registrado: Produto=3, Qtd=1, Preço=10.00 (Dia 10)
Evento registrado: Produto=2, Qtd=1, Preço=10.00 (Dia 10)
Evento registrado: Produto=3, Qtd=1, Preço=10.00 (Dia 10)
Evento registrado: Produto=4, Qtd=1, Preço=10.00 (Dia 10)
Evento registrado: Produto=2, Qtd=1, Preço=10.00 (Dia 10)
Evento registrado: Produto=3, Qtd=1, Preço=10.00 (Dia 10)
Evento registrado: Produto=5, Qtd=1, Preço=10.00 (Dia 10)
Evento registrado: Produto=5, Qtd=1, Preço=10.00 (Dia 10)
Evento registrado: Produto=2, Qtd=1, Preço=10.00 (Dia 10)
Evento registrado: Produto=3, Qtd=1, Preço=10.00 (Dia 10)
Evento registrado: Produto=1, Qtd=1, Preço=10.00 (Dia 10)
Evento registrado: Produto=4, Qtd=1, Preço=10.00 (Dia 10)
Evento registrado: Produto=2, Qtd=1, Preço=10.00 (Dia 10)
Evento registrado: Produto=1, Qtd=1, Preço=10.00 (Dia 10)
Evento registrado: Produto=5, Qtd=1, Preço=10.00 (Dia 10)
Evento registrado: Produto=4, Qtd=1, Preço=10.00 (Dia 10)
Evento registrado: Produto=5, Qtd=1, Preço=10.00 (Dia 10)
Evento registrado: Produto=4, Qtd=1, Preço=10.00 (Dia 10)
Evento registrado: Produto=3, Qtd=1, Preço=10.00 (Dia 10)
Evento registrado: Produto=3, Qtd=1, Preço=10.00 (Dia 10)
Evento registrado: Produto=3, Qtd=1, Preço=10.00 (Dia 10)
Evento registrado: Produto=1, Qtd=1, Preço=10.00 (Dia 10)
Evento registrado: Produto=1, Qtd=1, Preço=10.00 (Dia 10)
Evento registrado: Produto=2, Qtd=1, Preço=10.00 (Dia 10)
Evento registrado: Produto=5, Qtd=1, Preço=10.00 (Dia 10)
Evento registrado: Produto=2, Qtd=1, Preço=10.00 (Dia 10)
Evento registrado: Produto=4, Qtd=1, Preço=10.00 (Dia 10)
Evento registrado: Produto=5, Qtd=1, Preço=10.00 (Dia 10)
Evento registrado: Produto=2, Qtd=1, Preço=10.00 (Dia 10)
Evento registrado: Produto=1, Qtd=1, Preço=10.00 (Dia 10)
Evento registrado: Produto=3, Qtd=1, Preço=10.00 (Dia 10)
Evento registrado: Produto=4, Qtd=1, Preço=10.00 (Dia 10)
Evento registrado: Produto=4, Qtd=1, Preço=10.00 (Dia 10)
Evento registrado: Produto=1, Qtd=1, Preço=10.00 (Dia 10)
Evento registrado: Produto=2, Qtd=1, Preço=10.00 (Dia 10)
Evento registrado: Produto=2, Qtd=1, Preço=10.00 (Dia 10)
Evento registrado: Produto=5, Qtd=1, Preço=10.00 (Dia 10)
Evento registrado: Produto=5, Qtd=1, Preço=10.00 (Dia 10)
Evento registrado: Produto=4, Qtd=1, Preço=10.00 (Dia 10)
Evento registrado: Produto=1, Qtd=1, Preço=10.00 (Dia 10)
Evento registrado: Produto=3, Qtd=1, Preço=10.00 (Dia 10)
Evento registrado: Produto=5, Qtd=1, Preço=10.00 (Dia 10)
Evento registrado: Produto=3, Qtd=1, Preço=10.00 (Dia 10)
Evento registrado: Produto=1, Qtd=1, Preço=10.00 (Dia 10)
Evento registrado: Produto=2, Qtd=1, Preço=10.00 (Dia 10)
Evento registrado: Produto=2, Qtd=1, Preço=10.00 (Dia 10)
Evento registrado: Produto=3, Qtd=1, Preço=10.00 (Dia 10)
Evento registrado: Produto=5, Qtd=1, Preço=10.00 (Dia 10)
Evento registrado: Produto=4, Qtd=1, Preço=10.00 (Dia 10)
Evento registrado: Produto=4, Qtd=1, Preço=10.00 (Dia 10)
Evento registrado: Produto=3, Qtd=1, Preço=10.00 (Dia 10)
Evento registrado: Produto=4, Qtd=1, Preço=10.00 (Dia 10)
Evento registrado: Produto=1, Qtd=1, Preço=10.00 (Dia 10)
Evento registrado: Produto=5, Qtd=1, Preço=10.00 (Dia 10)
Evento registrado: Produto=5, Qtd=1, Preço=10.00 (Dia 10)
Evento registrado: Produto=2, Qtd=1, Preço=10.00 (Dia 10)
Evento registrado: Produto=1, Qtd=1, Preço=10.00 (Dia 10)
Evento registrado: Produto=5, Qtd=1, Preço=10.00 (Dia 10)
Evento registrado: Produto=1, Qtd=1, Preço=10.00 (Dia 10)
Evento registrado: Produto=3, Qtd=1, Preço=10.00 (Dia 10)
Evento registrado: Produto=1, Qtd=1, Preço=10.00 (Dia 10)
Evento registrado: Produto=2, Qtd=1, Preço=10.00 (Dia 10)
Evento registrado: Produto=2, Qtd=1, Preço=10.00 (Dia 10)
Evento registrado: Produto=3, Qtd=1, Preço=10.00 (Dia 10)
Evento registrado: Produto=5, Qtd=1, Preço=10.00 (Dia 10)
Evento registrado: Produto=2, Qtd=1, Preço=10.00 (Dia 10)
Evento registrado: Produto=3, Qtd=1, Preço=10.00 (Dia 10)
Evento registrado: Produto=4, Qtd=1, Preço=10.00 (Dia 10)
Evento registrado: Produto=4, Qtd=1, Preço=10.00 (Dia 10)
Evento registrado: Produto=3, Qtd=1, Preço=10.00 (Dia 10)
Evento registrado: Produto=5, Qtd=1, Preço=10.00 (Dia 10)
Evento registrado: Produto=5, Qtd=1, Preço=10.00 (Dia 10)
Evento registrado: Produto=2, Qtd=1, Preço=10.00 (Dia 10)
Evento registrado: Produto=2, Qtd=1, Preço=10.00 (Dia 10)
Evento registrado: Produto=5, Qtd=1, Preço=10.00 (Dia 10)
Evento registrado: Produto=4, Qtd=1, Preço=10.00 (Dia 10)
Evento registrado: Produto=5, Qtd=1, Preço=10.00 (Dia 10)
Evento registrado: Produto=4, Qtd=1, Preço=10.00 (Dia 10)
Evento registrado: Produto=3, Qtd=1, Preço=10.00 (Dia 10)
Evento registrado: Produto=2, Qtd=1, Preço=10.00 (Dia 10)
Evento registrado: Produto=1, Qtd=1, Preço=10.00 (Dia 10)
Evento registrado: Produto=4, Qtd=1, Preço=10.00 (Dia 10)
Evento registrado: Produto=3, Qtd=1, Preço=10.00 (Dia 10)
Evento registrado: Produto=1, Qtd=1, Preço=10.00 (Dia 10)
Evento registrado: Produto=4, Qtd=1, Preço=10.00 (Dia 10)
Evento registrado: Produto=1, Qtd=1, Preço=10.00 (Dia 10)
Evento registrado: Produto=2, Qtd=1, Preço=10.00 (Dia 10)
Evento registrado: Produto=1, Qtd=1, Preço=10.00 (Dia 10)
Evento registrado: Produto=3, Qtd=1, Preço=10.00 (Dia 10)
Evento registrado: Produto=5, Qtd=1, Preço=10.00 (Dia 10)
Evento registrado: Produto=1, Qtd=1, Preço=10.00 (Dia 10)
Evento registrado: Produto=2, Qtd=1, Preço=10.00 (Dia 10)
Evento registrado: Produto=5, Qtd=1, Preço=10.00 (Dia 10)
Evento registrado: Produto=2, Qtd=1, Preço=10.00 (Dia 10)
Evento registrado: Produto=4, Qtd=1, Preço=10.00 (Dia 10)
Evento registrado: Produto=3, Qtd=1, Preço=10.00 (Dia 10)
Evento registrado: Produto=5, Qtd=1, Preço=10.00 (Dia 10)
Evento registrado: Produto=1, Qtd=1, Preço=10.00 (Dia 10)
Evento registrado: Produto=1, Qtd=1, Preço=10.00 (Dia 10)
Evento registrado: Produto=2, Qtd=1, Preço=10.00 (Dia 10)
Evento registrado: Produto=4, Qtd=1, Preço=10.00 (Dia 10)
Evento registrado: Produto=3, Qtd=1, Preço=10.00 (Dia 10)
Evento registrado: Produto=2, Qtd=1, Preço=10.00 (Dia 10)
Evento registrado: Produto=4, Qtd=1, Preço=10.00 (Dia 10)
Evento registrado: Produto=3, Qtd=1, Preço=10.00 (Dia 10)
Evento registrado: Produto=5, Qtd=1, Preço=10.00 (Dia 10)
Evento registrado: Produto=4, Qtd=1, Preço=10.00 (Dia 10)
Evento registrado: Produto=1, Qtd=1, Preço=10.00 (Dia 10)
Evento registrado: Produto=3, Qtd=1, Preço=10.00 (Dia 10)
Evento registrado: Produto=4, Qtd=1, Preço=10.00 (Dia 10)
Evento registrado: Produto=2, Qtd=1, Preço=10.00 (Dia 10)
Evento registrado: Produto=5, Qtd=1, Preço=10.00 (Dia 10)
Evento registrado: Produto=2, Qtd=1, Preço=10.00 (Dia 10)
Evento registrado: Produto=3, Qtd=1, Preço=10.00 (Dia 10)
Evento registrado: Produto=1, Qtd=1, Preço=10.00 (Dia 10)
Evento registrado: Produto=5, Qtd=1, Preço=10.00 (Dia 10)
Evento registrado: Produto=1, Qtd=1, Preço=10.00 (Dia 10)
Evento registrado: Produto=1, Qtd=1, Preço=10.00 (Dia 10)
Evento registrado: Produto=2, Qtd=1, Preço=10.00 (Dia 10)
Evento registrado: Produto=4, Qtd=1, Preço=10.00 (Dia 10)
Evento registrado: Produto=3, Qtd=1, Preço=10.00 (Dia 10)
Evento registrado: Produto=5, Qtd=1, Preço=10.00 (Dia 10)
Evento registrado: Produto=2, Qtd=1, Preço=10.00 (Dia 10)
Evento registrado: Produto=4, Qtd=1, Preço=10.00 (Dia 10)
Evento registrado: Produto=1, Qtd=1, Preço=10.00 (Dia 10)
Evento registrado: Produto=4, Qtd=1, Preço=10.00 (Dia 10)
Evento registrado: Produto=3, Qtd=1, Preço=10.00 (Dia 10)
Evento registrado: Produto=5, Qtd=1, Preço=10.00 (Dia 10)
Evento registrado: Produto=3, Qtd=1, Preço=10.00 (Dia 10)
Evento registrado: Produto=4, Qtd=1, Preço=10.00 (Dia 10)
Evento registrado: Produto=2, Qtd=1, Preço=10.00 (Dia 10)
Evento registrado: Produto=2, Qtd=1, Preço=10.00 (Dia 10)
Evento registrado: Produto=5, Qtd=1, Preço=10.00 (Dia 10)
Evento registrado: Produto=3, Qtd=1, Preço=10.00 (Dia 10)
Evento registrado: Produto=1, Qtd=1, Preço=10.00 (Dia 10)
Evento registrado: Produto=4, Qtd=1, Preço=10.00 (Dia 10)
Evento registrado: Produto=2, Qtd=1, Preço=10.00 (Dia 10)
Evento registrado: Produto=5, Qtd=1, Preço=10.00 (Dia 10)
Evento registrado: Produto=1, Qtd=1, Preço=10.00 (Dia 10)
Evento registrado: Produto=1, Qtd=1, Preço=10.00 (Dia 10)
Evento registrado: Produto=3, Qtd=1, Preço=10.00 (Dia 10)
Evento registrado: Produto=2, Qtd=1, Preço=10.00 (Dia 10)
Evento registrado: Produto=5, Qtd=1, Preço=10.00 (Dia 10)
Evento registrado: Produto=4, Qtd=1, Preço=10.00 (Dia 10)
Evento registrado: Produto=1, Qtd=1, Preço=10.00 (Dia 10)
Evento registrado: Produto=5, Qtd=1, Preço=10.00 (Dia 10)
Evento registrado: Produto=3, Qtd=1, Preço=10.00 (Dia 10)
Evento registrado: Produto=4, Qtd=1, Preço=10.00 (Dia 10)
Evento registrado: Produto=3, Qtd=1, Preço=10.00 (Dia 10)
Evento registrado: Produto=4, Qtd=1, Preço=10.00 (Dia 10)
Evento registrado: Produto=2, Qtd=1, Preço=10.00 (Dia 10)
Evento registrado: Produto=3, Qtd=1, Preço=10.00 (Dia 10)
Evento registrado: Produto=5, Qtd=1, Preço=10.00 (Dia 10)
Evento registrado: Produto=4, Qtd=1, Preço=10.00 (Dia 10)
Evento registrado: Produto=2, Qtd=1, Preço=10.00 (Dia 10)
Evento registrado: Produto=5, Qtd=1, Preço=10.00 (Dia 10)
Evento registrado: Produto=1, Qtd=1, Preço=10.00 (Dia 10)
Evento registrado: Produto=1, Qtd=1, Preço=10.00 (Dia 10)
Evento registrado: Produto=1, Qtd=1, Preço=10.00 (Dia 10)
Evento registrado: Produto=2, Qtd=1, Preço=10.00 (Dia 10)
Evento registrado: Produto=3, Qtd=1, Preço=10.00 (Dia 10)
Evento registrado: Produto=5, Qtd=1, Preço=10.00 (Dia 10)
Evento registrado: Produto=2, Qtd=1, Preço=10.00 (Dia 10)
Evento registrado: Produto=4, Qtd=1, Preço=10.00 (Dia 10)
Evento registrado: Produto=5, Qtd=1, Preço=10.00 (Dia 10)
Evento registrado: Produto=1, Qtd=1, Preço=10.00 (Dia 10)
Evento registrado: Produto=3, Qtd=1, Preço=10.00 (Dia 10)
Evento registrado: Produto=4, Qtd=1, Preço=10.00 (Dia 10)
Evento registrado: Produto=3, Qtd=1, Preço=10.00 (Dia 10)
Evento registrado: Produto=4, Qtd=1, Preço=10.00 (Dia 10)
Evento registrado: Produto=2, Qtd=1, Preço=10.00 (Dia 10)
Evento registrado: Produto=3, Qtd=1, Preço=10.00 (Dia 10)
Evento registrado: Produto=4, Qtd=1, Preço=10.00 (Dia 10)
Evento registrado: Produto=1, Qtd=1, Preço=10.00 (Dia 10)
Evento registrado: Produto=1, Qtd=1, Preço=10.00 (Dia 10)
Evento registrado: Produto=5, Qtd=1, Preço=10.00 (Dia 10)
Evento registrado: Produto=3, Qtd=1, Preço=10.00 (Dia 10)
Evento registrado: Produto=2, Qtd=1, Preço=10.00 (Dia 10)
Evento registrado: Produto=5, Qtd=1, Preço=10.00 (Dia 10)
Evento registrado: Produto=2, Qtd=1, Preço=10.00 (Dia 10)
Evento registrado: Produto=1, Qtd=1, Preço=10.00 (Dia 10)
Evento registrado: Produto=3, Qtd=1, Preço=10.00 (Dia 10)
Evento registrado: Produto=2, Qtd=1, Preço=10.00 (Dia 10)
Evento registrado: Produto=1, Qtd=1, Preço=10.00 (Dia 10)
Evento registrado: Produto=5, Qtd=1, Preço=10.00 (Dia 10)
Evento registrado: Produto=4, Qtd=1, Preço=10.00 (Dia 10)
Evento registrado: Produto=5, Qtd=1, Preço=10.00 (Dia 10)
Evento registrado: Produto=4, Qtd=1, Preço=10.00 (Dia 10)
Evento registrado: Produto=3, Qtd=1, Preço=10.00 (Dia 10)
Evento registrado: Produto=1, Qtd=1, Preço=10.00 (Dia 10)
Evento registrado: Produto=2, Qtd=1, Preço=10.00 (Dia 10)
Evento registrado: Produto=2, Qtd=1, Preço=10.00 (Dia 10)
Evento registrado: Produto=1, Qtd=1, Preço=10.00 (Dia 10)
Evento registrado: Produto=4, Qtd=1, Preço=10.00 (Dia 10)
Evento registrado: Produto=3, Qtd=1, Preço=10.00 (Dia 10)
Evento registrado: Produto=3, Qtd=1, Preço=10.00 (Dia 10)
Evento registrado: Produto=4, Qtd=1, Preço=10.00 (Dia 10)
Evento registrado: Produto=5, Qtd=1, Preço=10.00 (Dia 10)
Evento registrado: Produto=2, Qtd=1, Preço=10.00 (Dia 10)
Evento registrado: Produto=3, Qtd=1, Preço=10.00 (Dia 10)
Evento registrado: Produto=1, Qtd=1, Preço=10.00 (Dia 10)
Evento registrado: Produto=5, Qtd=1, Preço=10.00 (Dia 10)
Evento registrado: Produto=1, Qtd=1, Preço=10.00 (Dia 10)
Evento registrado: Produto=5, Qtd=1, Preço=10.00 (Dia 10)
Evento registrado: Produto=5, Qtd=1, Preço=10.00 (Dia 10)
Evento registrado: Produto=4, Qtd=1, Preço=10.00 (Dia 10)
Evento registrado: Produto=4, Qtd=1, Preço=10.00 (Dia 10)
Evento registrado: Produto=2, Qtd=1, Preço=10.00 (Dia 10)
Evento registrado: Produto=3, Qtd=1, Preço=10.00 (Dia 10)
Evento registrado: Produto=2, Qtd=1, Preço=10.00 (Dia 10)
Evento registrado: Produto=1, Qtd=1, Preço=10.00 (Dia 10)
Evento registrado: Produto=4, Qtd=1, Preço=10.00 (Dia 10)
Evento registrado: Produto=1, Qtd=1, Preço=10.00 (Dia 10)
Evento registrado: Produto=3, Qtd=1, Preço=10.00 (Dia 10)
Evento registrado: Produto=2, Qtd=1, Preço=10.00 (Dia 10)
Evento registrado: Produto=3, Qtd=1, Preço=10.00 (Dia 10)
Evento registrado: Produto=5, Qtd=1, Preço=10.00 (Dia 10)
Evento registrado: Produto=4, Qtd=1, Preço=10.00 (Dia 10)
Evento registrado: Produto=1, Qtd=1, Preço=10.00 (Dia 10)
Evento registrado: Produto=5, Qtd=1, Preço=10.00 (Dia 10)
Evento registrado: Produto=4, Qtd=1, Preço=10.00 (Dia 10)
Evento registrado: Produto=5, Qtd=1, Preço=10.00 (Dia 10)
Evento registrado: Produto=1, Qtd=1, Preço=10.00 (Dia 10)
Evento registrado: Produto=5, Qtd=1, Preço=10.00 (Dia 10)
Evento registrado: Produto=2, Qtd=1, Preço=10.00 (Dia 10)
Evento registrado: Produto=3, Qtd=1, Preço=10.00 (Dia 10)
Evento registrado: Produto=2, Qtd=1, Preço=10.00 (Dia 10)
Evento registrado: Produto=4, Qtd=1, Preço=10.00 (Dia 10)
Evento registrado: Produto=3, Qtd=1, Preço=10.00 (Dia 10)
Evento registrado: Produto=3, Qtd=1, Preço=10.00 (Dia 10)
Evento registrado: Produto=3, Qtd=1, Preço=10.00 (Dia 10)
Evento registrado: Produto=1, Qtd=1, Preço=10.00 (Dia 10)
Evento registrado: Produto=4, Qtd=1, Preço=10.00 (Dia 10)
Evento registrado: Produto=1, Qtd=1, Preço=10.00 (Dia 10)
Evento registrado: Produto=5, Qtd=1, Preço=10.00 (Dia 10)
Evento registrado: Produto=2, Qtd=1, Preço=10.00 (Dia 10)
Evento registrado: Produto=2, Qtd=1, Preço=10.00 (Dia 10)
Evento registrado: Produto=5, Qtd=1, Preço=10.00 (Dia 10)
Evento registrado: Produto=1, Qtd=1, Preço=10.00 (Dia 10)
Evento registrado: Produto=2, Qtd=1, Preço=10.00 (Dia 10)
Evento registrado: Produto=4, Qtd=1, Preço=10.00 (Dia 10)
Evento registrado: Produto=5, Qtd=1, Preço=10.00 (Dia 10)
Evento registrado: Produto=1, Qtd=1, Preço=10.00 (Dia 10)
Evento registrado: Produto=4, Qtd=1, Preço=10.00 (Dia 10)
Evento registrado: Produto=5, Qtd=1, Preço=10.00 (Dia 10)
Evento registrado: Produto=2, Qtd=1, Preço=10.00 (Dia 10)
Evento registrado: Produto=3, Qtd=1, Preço=10.00 (Dia 10)
Evento registrado: Produto=4, Qtd=1, Preço=10.00 (Dia 10)
Evento registrado: Produto=3, Qtd=1, Preço=10.00 (Dia 10)
Evento registrado: Produto=2, Qtd=1, Preço=10.00 (Dia 10)
Evento registrado: Produto=5, Qtd=1, Preço=10.00 (Dia 10)
Evento registrado: Produto=1, Qtd=1, Preço=10.00 (Dia 10)
Evento registrado: Produto=1, Qtd=1, Preço=10.00 (Dia 10)
Evento registrado: Produto=5, Qtd=1, Preço=10.00 (Dia 10)
Evento registrado: Produto=1, Qtd=1, Preço=10.00 (Dia 10)
Evento registrado: Produto=5, Qtd=1, Preço=10.00 (Dia 10)
Evento registrado: Produto=5, Qtd=1, Preço=10.00 (Dia 10)
Evento registrado: Produto=2, Qtd=1, Preço=10.00 (Dia 10)
Evento registrado: Produto=4, Qtd=1, Preço=10.00 (Dia 10)
Evento registrado: Produto=3, Qtd=1, Preço=10.00 (Dia 10)
Evento registrado: Produto=3, Qtd=1, Preço=10.00 (Dia 10)
Evento registrado: Produto=4, Qtd=1, Preço=10.00 (Dia 10)
Evento registrado: Produto=2, Qtd=1, Preço=10.00 (Dia 10)
Evento registrado: Produto=4, Qtd=1, Preço=10.00 (Dia 10)
Evento registrado: Produto=1, Qtd=1, Preço=10.00 (Dia 10)
Evento registrado: Produto=3, Qtd=1, Preço=10.00 (Dia 10)
Evento registrado: Produto=2, Qtd=1, Preço=10.00 (Dia 10)
Evento registrado: Produto=4, Qtd=1, Preço=10.00 (Dia 10)
Evento registrado: Produto=3, Qtd=1, Preço=10.00 (Dia 10)
Evento registrado: Produto=2, Qtd=1, Preço=10.00 (Dia 10)
Evento registrado: Produto=1, Qtd=1, Preço=10.00 (Dia 10)
Evento registrado: Produto=5, Qtd=1, Preço=10.00 (Dia 10)
Evento registrado: Produto=4, Qtd=1, Preço=10.00 (Dia 10)
Evento registrado: Produto=5, Qtd=1, Preço=10.00 (Dia 10)
Evento registrado: Produto=5, Qtd=1, Preço=10.00 (Dia 10)
Evento registrado: Produto=3, Qtd=1, Preço=10.00 (Dia 10)
Evento registrado: Produto=1, Qtd=1, Preço=10.00 (Dia 10)
Evento registrado: Produto=3, Qtd=1, Preço=10.00 (Dia 10)
Evento registrado: Produto=5, Qtd=1, Preço=10.00 (Dia 10)
Evento registrado: Produto=3, Qtd=1, Preço=10.00 (Dia 10)
Evento registrado: Produto=1, Qtd=1, Preço=10.00 (Dia 10)
Evento registrado: Produto=1, Qtd=1, Preço=10.00 (Dia 10)
Evento registrado: Produto=2, Qtd=1, Preço=10.00 (Dia 10)
Evento registrado: Produto=2, Qtd=1, Preço=10.00 (Dia 10)
Evento registrado: Produto=4, Qtd=1, Preço=10.00 (Dia 10)
Evento registrado: Produto=4, Qtd=1, Preço=10.00 (Dia 10)
Evento registrado: Produto=4, Qtd=1, Preço=10.00 (Dia 10)
Evento registrado: Produto=2, Qtd=1, Preço=10.00 (Dia 10)
Evento registrado: Produto=3, Qtd=1, Preço=10.00 (Dia 10)
Evento registrado: Produto=1, Qtd=1, Preço=10.00 (Dia 10)
Evento registrado: Produto=3, Qtd=1, Preço=10.00 (Dia 10)
Evento registrado: Produto=2, Qtd=1, Preço=10.00 (Dia 10)
Evento registrado: Produto=2, Qtd=1, Preço=10.00 (Dia 10)
Evento registrado: Produto=2, Qtd=1, Preço=10.00 (Dia 10)
Evento registrado: Produto=1, Qtd=1, Preço=10.00 (Dia 10)
Evento registrado: Produto=4, Qtd=1, Preço=10.00 (Dia 10)
Evento registrado: Produto=4, Qtd=1, Preço=10.00 (Dia 10)
Evento registrado: Produto=3, Qtd=1, Preço=10.00 (Dia 10)
Evento registrado: Produto=5, Qtd=1, Preço=10.00 (Dia 10)
Evento registrado: Produto=5, Qtd=1, Preço=10.00 (Dia 10)
Evento registrado: Produto=1, Qtd=1, Preço=10.00 (Dia 10)
Evento registrado: Produto=3, Qtd=1, Preço=10.00 (Dia 10)
Evento registrado: Produto=5, Qtd=1, Preço=10.00 (Dia 10)
Evento registrado: Produto=4, Qtd=1, Preço=10.00 (Dia 10)
Evento registrado: Produto=4, Qtd=1, Preço=10.00 (Dia 10)
Evento registrado: Produto=2, Qtd=1, Preço=10.00 (Dia 10)
Evento registrado: Produto=1, Qtd=1, Preço=10.00 (Dia 10)
Evento registrado: Produto=5, Qtd=1, Preço=10.00 (Dia 10)
Evento registrado: Produto=3, Qtd=1, Preço=10.00 (Dia 10)
Evento registrado: Produto=1, Qtd=1, Preço=10.00 (Dia 10)
Evento registrado: Produto=3, Qtd=1, Preço=10.00 (Dia 10)
Evento registrado: Produto=5, Qtd=1, Preço=10.00 (Dia 10)
Evento registrado: Produto=1, Qtd=1, Preço=10.00 (Dia 10)
Evento registrado: Produto=2, Qtd=1, Preço=10.00 (Dia 10)
Evento registrado: Produto=2, Qtd=1, Preço=10.00 (Dia 10)
Evento registrado: Produto=4, Qtd=1, Preço=10.00 (Dia 10)
Evento registrado: Produto=2, Qtd=1, Preço=10.00 (Dia 10)
Evento registrado: Produto=3, Qtd=1, Preço=10.00 (Dia 10)
Evento registrado: Produto=3, Qtd=1, Preço=10.00 (Dia 10)
Evento registrado: Produto=2, Qtd=1, Preço=10.00 (Dia 10)
Evento registrado: Produto=4, Qtd=1, Preço=10.00 (Dia 10)
Evento registrado: Produto=1, Qtd=1, Preço=10.00 (Dia 10)
Evento registrado: Produto=4, Qtd=1, Preço=10.00 (Dia 10)
Evento registrado: Produto=5, Qtd=1, Preço=10.00 (Dia 10)
Evento registrado: Produto=5, Qtd=1, Preço=10.00 (Dia 10)
Evento registrado: Produto=5, Qtd=1, Preço=10.00 (Dia 10)
Evento registrado: Produto=1, Qtd=1, Preço=10.00 (Dia 10)
Evento registrado: Produto=4, Qtd=1, Preço=10.00 (Dia 10)
Evento registrado: Produto=3, Qtd=1, Preço=10.00 (Dia 10)
Evento registrado: Produto=3, Qtd=1, Preço=10.00 (Dia 10)
Evento registrado: Produto=1, Qtd=1, Preço=10.00 (Dia 10)
Evento registrado: Produto=4, Qtd=1, Preço=10.00 (Dia 10)
Evento registrado: Produto=2, Qtd=1, Preço=10.00 (Dia 10)
Evento registrado: Produto=1, Qtd=1, Preço=10.00 (Dia 10)
Evento registrado: Produto=4, Qtd=1, Preço=10.00 (Dia 10)
Evento registrado: Produto=2, Qtd=1, Preço=10.00 (Dia 10)
Evento registrado: Produto=4, Qtd=1, Preço=10.00 (Dia 10)
Evento registrado: Produto=3, Qtd=1, Preço=10.00 (Dia 10)
Evento registrado: Produto=3, Qtd=1, Preço=10.00 (Dia 10)
Evento registrado: Produto=1, Qtd=1, Preço=10.00 (Dia 10)
Evento registrado: Produto=5, Qtd=1, Preço=10.00 (Dia 10)
Evento registrado: Produto=5, Qtd=1, Preço=10.00 (Dia 10)
Evento registrado: Produto=2, Qtd=1, Preço=10.00 (Dia 10)
Evento registrado: Produto=5, Qtd=1, Preço=10.00 (Dia 10)
Evento registrado: Produto=1, Qtd=1, Preço=10.00 (Dia 10)
Evento registrado: Produto=4, Qtd=1, Preço=10.00 (Dia 10)
Evento registrado: Produto=2, Qtd=1, Preço=10.00 (Dia 10)
Evento registrado: Produto=3, Qtd=1, Preço=10.00 (Dia 10)
Evento registrado: Produto=5, Qtd=1, Preço=10.00 (Dia 10)
Evento registrado: Produto=3, Qtd=1, Preço=10.00 (Dia 10)
Evento registrado: Produto=1, Qtd=1, Preço=10.00 (Dia 10)
Evento registrado: Produto=4, Qtd=1, Preço=10.00 (Dia 10)
Evento registrado: Produto=2, Qtd=1, Preço=10.00 (Dia 10)
Evento registrado: Produto=1, Qtd=1, Preço=10.00 (Dia 10)
Evento registrado: Produto=4, Qtd=1, Preço=10.00 (Dia 10)
Evento registrado: Produto=5, Qtd=1, Preço=10.00 (Dia 10)
Evento registrado: Produto=4, Qtd=1, Preço=10.00 (Dia 10)
Evento registrado: Produto=1, Qtd=1, Preço=10.00 (Dia 10)
Evento registrado: Produto=2, Qtd=1, Preço=10.00 (Dia 10)
Evento registrado: Produto=3, Qtd=1, Preço=10.00 (Dia 10)
Evento registrado: Produto=2, Qtd=1, Preço=10.00 (Dia 10)
Evento registrado: Produto=4, Qtd=1, Preço=10.00 (Dia 10)
Evento registrado: Produto=3, Qtd=1, Preço=10.00 (Dia 10)
Evento registrado: Produto=1, Qtd=1, Preço=10.00 (Dia 10)
Evento registrado: Produto=5, Qtd=1, Preço=10.00 (Dia 10)
Evento registrado: Produto=2, Qtd=1, Preço=10.00 (Dia 10)
Evento registrado: Produto=5, Qtd=1, Preço=10.00 (Dia 10)
Evento registrado: Produto=5, Qtd=1, Preço=10.00 (Dia 10)
Evento registrado: Produto=3, Qtd=1, Preço=10.00 (Dia 10)
Evento registrado: Produto=3, Qtd=1, Preço=10.00 (Dia 10)
Evento registrado: Produto=4, Qtd=1, Preço=10.00 (Dia 10)
Evento registrado: Produto=1, Qtd=1, Preço=10.00 (Dia 10)
Evento registrado: Produto=4, Qtd=1, Preço=10.00 (Dia 10)
Evento registrado: Produto=5, Qtd=1, Preço=10.00 (Dia 10)
Evento registrado: Produto=2, Qtd=1, Preço=10.00 (Dia 10)
Evento registrado: Produto=5, Qtd=1, Preço=10.00 (Dia 10)
Evento registrado: Produto=4, Qtd=1, Preço=10.00 (Dia 10)
Evento registrado: Produto=4, Qtd=1, Preço=10.00 (Dia 10)
Evento registrado: Produto=3, Qtd=1, Preço=10.00 (Dia 10)
Evento registrado: Produto=1, Qtd=1, Preço=10.00 (Dia 10)
Evento registrado: Produto=2, Qtd=1, Preço=10.00 (Dia 10)
Evento registrado: Produto=2, Qtd=1, Preço=10.00 (Dia 10)
Evento registrado: Produto=3, Qtd=1, Preço=10.00 (Dia 10)
Evento registrado: Produto=1, Qtd=1, Preço=10.00 (Dia 10)
Evento registrado: Produto=5, Qtd=1, Preço=10.00 (Dia 10)
Evento registrado: Produto=2, Qtd=1, Preço=10.00 (Dia 10)
Evento registrado: Produto=5, Qtd=1, Preço=10.00 (Dia 10)
Evento registrado: Produto=1, Qtd=1, Preço=10.00 (Dia 10)
Evento registrado: Produto=3, Qtd=1, Preço=10.00 (Dia 10)
Evento registrado: Produto=3, Qtd=1, Preço=10.00 (Dia 10)
Evento registrado: Produto=4, Qtd=1, Preço=10.00 (Dia 10)
Evento registrado: Produto=2, Qtd=1, Preço=10.00 (Dia 10)
Evento registrado: Produto=4, Qtd=1, Preço=10.00 (Dia 10)
Evento registrado: Produto=5, Qtd=1, Preço=10.00 (Dia 10)
Evento registrado: Produto=2, Qtd=1, Preço=10.00 (Dia 10)
Evento registrado: Produto=4, Qtd=1, Preço=10.00 (Dia 10)
Evento registrado: Produto=4, Qtd=1, Preço=10.00 (Dia 10)
Evento registrado: Produto=3, Qtd=1, Preço=10.00 (Dia 10)
Evento registrado: Produto=5, Qtd=1, Preço=10.00 (Dia 10)
Evento registrado: Produto=1, Qtd=1, Preço=10.00 (Dia 10)
Evento registrado: Produto=2, Qtd=1, Preço=10.00 (Dia 10)
Evento registrado: Produto=2, Qtd=1, Preço=10.00 (Dia 10)
Evento registrado: Produto=5, Qtd=1, Preço=10.00 (Dia 10)
Evento registrado: Produto=1, Qtd=1, Preço=10.00 (Dia 10)
Evento registrado: Produto=3, Qtd=1, Preço=10.00 (Dia 10)
Evento registrado: Produto=5, Qtd=1, Preço=10.00 (Dia 10)
Evento registrado: Produto=3, Qtd=1, Preço=10.00 (Dia 10)
Evento registrado: Produto=1, Qtd=1, Preço=10.00 (Dia 10)
Evento registrado: Produto=1, Qtd=1, Preço=10.00 (Dia 10)
Evento registrado: Produto=5, Qtd=1, Preço=10.00 (Dia 10)
Evento registrado: Produto=2, Qtd=1, Preço=10.00 (Dia 10)
Evento registrado: Produto=3, Qtd=1, Preço=10.00 (Dia 10)
Evento registrado: Produto=4, Qtd=1, Preço=10.00 (Dia 10)
Evento registrado: Produto=4, Qtd=1, Preço=10.00 (Dia 10)
Evento registrado: Produto=2, Qtd=1, Preço=10.00 (Dia 10)
Evento registrado: Produto=5, Qtd=1, Preço=10.00 (Dia 10)
Evento registrado: Produto=1, Qtd=1, Preço=10.00 (Dia 10)
Evento registrado: Produto=4, Qtd=1, Preço=10.00 (Dia 10)
Evento registrado: Produto=3, Qtd=1, Preço=10.00 (Dia 10)
Evento registrado: Produto=2, Qtd=1, Preço=10.00 (Dia 10)
Evento registrado: Produto=3, Qtd=1, Preço=10.00 (Dia 10)
Evento registrado: Produto=2, Qtd=1, Preço=10.00 (Dia 10)
Evento registrado: Produto=1, Qtd=1, Preço=10.00 (Dia 10)
Evento registrado: Produto=3, Qtd=1, Preço=10.00 (Dia 10)
Evento registrado: Produto=1, Qtd=1, Preço=10.00 (Dia 10)
Evento registrado: Produto=1, Qtd=1, Preço=10.00 (Dia 10)
Evento registrado: Produto=5, Qtd=1, Preço=10.00 (Dia 10)
Evento registrado: Produto=5, Qtd=1, Preço=10.00 (Dia 10)
Evento registrado: Produto=4, Qtd=1, Preço=10.00 (Dia 10)
Evento registrado: Produto=3, Qtd=1, Preço=10.00 (Dia 10)
Evento registrado: Produto=1, Qtd=1, Preço=10.00 (Dia 10)
Evento registrado: Produto=2, Qtd=1, Preço=10.00 (Dia 10)
Evento registrado: Produto=4, Qtd=1, Preço=10.00 (Dia 10)
Evento registrado: Produto=3, Qtd=1, Preço=10.00 (Dia 10)
Evento registrado: Produto=4, Qtd=1, Preço=10.00 (Dia 10)
Evento registrado: Produto=2, Qtd=1, Preço=10.00 (Dia 10)
Evento registrado: Produto=3, Qtd=1, Preço=10.00 (Dia 10)
Evento registrado: Produto=2, Qtd=1, Preço=10.00 (Dia 10)
Evento registrado: Produto=1, Qtd=1, Preço=10.00 (Dia 10)
Evento registrado: Produto=5, Qtd=1, Preço=10.00 (Dia 10)
Evento registrado: Produto=4, Qtd=1, Preço=10.00 (Dia 10)
Evento registrado: Produto=4, Qtd=1, Preço=10.00 (Dia 10)
Evento registrado: Produto=1, Qtd=1, Preço=10.00 (Dia 10)
Evento registrado: Produto=5, Qtd=1, Preço=10.00 (Dia 10)
Evento registrado: Produto=2, Qtd=1, Preço=10.00 (Dia 10)
Evento registrado: Produto=1, Qtd=1, Preço=10.00 (Dia 10)
Evento registrado: Produto=5, Qtd=1, Preço=10.00 (Dia 10)
Evento registrado: Produto=5, Qtd=1, Preço=10.00 (Dia 10)
Evento registrado: Produto=3, Qtd=1, Preço=10.00 (Dia 10)
Evento registrado: Produto=4, Qtd=1, Preço=10.00 (Dia 10)
Evento registrado: Produto=1, Qtd=1, Preço=10.00 (Dia 10)
Evento registrado: Produto=2, Qtd=1, Preço=10.00 (Dia 10)
Evento registrado: Produto=2, Qtd=1, Preço=10.00 (Dia 10)
Evento registrado: Produto=5, Qtd=1, Preço=10.00 (Dia 10)
Evento registrado: Produto=5, Qtd=1, Preço=10.00 (Dia 10)
Evento registrado: Produto=1, Qtd=1, Preço=10.00 (Dia 10)
Evento registrado: Produto=3, Qtd=1, Preço=10.00 (Dia 10)
Evento registrado: Produto=2, Qtd=1, Preço=10.00 (Dia 10)
Evento registrado: Produto=3, Qtd=1, Preço=10.00 (Dia 10)
Evento registrado: Produto=1, Qtd=1, Preço=10.00 (Dia 10)
Evento registrado: Produto=1, Qtd=1, Preço=10.00 (Dia 10)
Evento registrado: Produto=4, Qtd=1, Preço=10.00 (Dia 10)
Evento registrado: Produto=5, Qtd=1, Preço=10.00 (Dia 10)
Evento registrado: Produto=3, Qtd=1, Preço=10.00 (Dia 10)
Evento registrado: Produto=2, Qtd=1, Preço=10.00 (Dia 10)
Evento registrado: Produto=4, Qtd=1, Preço=10.00 (Dia 10)
Evento registrado: Produto=5, Qtd=1, Preço=10.00 (Dia 10)
Evento registrado: Produto=3, Qtd=1, Preço=10.00 (Dia 10)
Evento registrado: Produto=4, Qtd=1, Preço=10.00 (Dia 10)
Evento registrado: Produto=1, Qtd=1, Preço=10.00 (Dia 10)
Evento registrado: Produto=1, Qtd=1, Preço=10.00 (Dia 10)
Evento registrado: Produto=5, Qtd=1, Preço=10.00 (Dia 10)
Evento registrado: Produto=5, Qtd=1, Preço=10.00 (Dia 10)
Evento registrado: Produto=2, Qtd=1, Preço=10.00 (Dia 10)
Evento registrado: Produto=2, Qtd=1, Preço=10.00 (Dia 10)
Evento registrado: Produto=3, Qtd=1, Preço=10.00 (Dia 10)
Evento registrado: Produto=5, Qtd=1, Preço=10.00 (Dia 10)
Evento registrado: Produto=1, Qtd=1, Preço=10.00 (Dia 10)
Evento registrado: Produto=3, Qtd=1, Preço=10.00 (Dia 10)
Evento registrado: Produto=4, Qtd=1, Preço=10.00 (Dia 10)
Evento registrado: Produto=1, Qtd=1, Preço=10.00 (Dia 10)
Evento registrado: Produto=3, Qtd=1, Preço=10.00 (Dia 10)
Evento registrado: Produto=3, Qtd=1, Preço=10.00 (Dia 10)
Evento registrado: Produto=2, Qtd=1, Preço=10.00 (Dia 10)
Evento registrado: Produto=5, Qtd=1, Preço=10.00 (Dia 10)
Evento registrado: Produto=4, Qtd=1, Preço=10.00 (Dia 10)
Evento registrado: Produto=4, Qtd=1, Preço=10.00 (Dia 10)
Evento registrado: Produto=4, Qtd=1, Preço=10.00 (Dia 10)
Evento registrado: Produto=2, Qtd=1, Preço=10.00 (Dia 10)
Evento registrado: Produto=1, Qtd=1, Preço=10.00 (Dia 10)
Evento registrado: Produto=1, Qtd=1, Preço=10.00 (Dia 10)
Evento registrado: Produto=3, Qtd=1, Preço=10.00 (Dia 10)
Evento registrado: Produto=3, Qtd=1, Preço=10.00 (Dia 10)
Evento registrado: Produto=1, Qtd=1, Preço=10.00 (Dia 10)
Evento registrado: Produto=5, Qtd=1, Preço=10.00 (Dia 10)
Evento registrado: Produto=5, Qtd=1, Preço=10.00 (Dia 10)
Evento registrado: Produto=2, Qtd=1, Preço=10.00 (Dia 10)
Evento registrado: Produto=1, Qtd=1, Preço=10.00 (Dia 10)
Evento registrado: Produto=5, Qtd=1, Preço=10.00 (Dia 10)
Evento registrado: Produto=5, Qtd=1, Preço=10.00 (Dia 10)
Evento registrado: Produto=3, Qtd=1, Preço=10.00 (Dia 10)
Evento registrado: Produto=3, Qtd=1, Preço=10.00 (Dia 10)
Evento registrado: Produto=2, Qtd=1, Preço=10.00 (Dia 10)
Evento registrado: Produto=2, Qtd=1, Preço=10.00 (Dia 10)
Evento registrado: Produto=2, Qtd=1, Preço=10.00 (Dia 10)
Evento registrado: Produto=4, Qtd=1, Preço=10.00 (Dia 10)
Evento registrado: Produto=4, Qtd=1, Preço=10.00 (Dia 10)
Evento registrado: Produto=4, Qtd=1, Preço=10.00 (Dia 10)
Evento registrado: Produto=4, Qtd=1, Preço=10.00 (Dia 10)
Evento registrado: Produto=1, Qtd=1, Preço=10.00 (Dia 10)
Evento registrado: Produto=1, Qtd=1, Preço=10.00 (Dia 10)
Evento registrado: Produto=3, Qtd=1, Preço=10.00 (Dia 10)
Evento registrado: Produto=2, Qtd=1, Preço=10.00 (Dia 10)
Evento registrado: Produto=5, Qtd=1, Preço=10.00 (Dia 10)
Evento registrado: Produto=3, Qtd=1, Preço=10.00 (Dia 10)
Evento registrado: Produto=1, Qtd=1, Preço=10.00 (Dia 10)
Evento registrado: Produto=2, Qtd=1, Preço=10.00 (Dia 10)
Evento registrado: Produto=2, Qtd=1, Preço=10.00 (Dia 10)
Evento registrado: Produto=1, Qtd=1, Preço=10.00 (Dia 10)
Evento registrado: Produto=4, Qtd=1, Preço=10.00 (Dia 10)
Evento registrado: Produto=5, Qtd=1, Preço=10.00 (Dia 10)
Evento registrado: Produto=5, Qtd=1, Preço=10.00 (Dia 10)
Evento registrado: Produto=4, Qtd=1, Preço=10.00 (Dia 10)
Evento registrado: Produto=4, Qtd=1, Preço=10.00 (Dia 10)
Evento registrado: Produto=3, Qtd=1, Preço=10.00 (Dia 10)
Evento registrado: Produto=2, Qtd=1, Preço=10.00 (Dia 10)
Evento registrado: Produto=4, Qtd=1, Preço=10.00 (Dia 10)
Evento registrado: Produto=5, Qtd=1, Preço=10.00 (Dia 10)
Evento registrado: Produto=3, Qtd=1, Preço=10.00 (Dia 10)
Evento registrado: Produto=1, Qtd=1, Preço=10.00 (Dia 10)
Evento registrado: Produto=1, Qtd=1, Preço=10.00 (Dia 10)
Evento registrado: Produto=5, Qtd=1, Preço=10.00 (Dia 10)
Evento registrado: Produto=2, Qtd=1, Preço=10.00 (Dia 10)
Evento registrado: Produto=5, Qtd=1, Preço=10.00 (Dia 10)
Evento registrado: Produto=4, Qtd=1, Preço=10.00 (Dia 10)
Evento registrado: Produto=3, Qtd=1, Preço=10.00 (Dia 10)
Evento registrado: Produto=5, Qtd=1, Preço=10.00 (Dia 10)
Evento registrado: Produto=1, Qtd=1, Preço=10.00 (Dia 10)
Evento registrado: Produto=1, Qtd=1, Preço=10.00 (Dia 10)
Evento registrado: Produto=4, Qtd=1, Preço=10.00 (Dia 10)
Evento registrado: Produto=3, Qtd=1, Preço=10.00 (Dia 10)
Evento registrado: Produto=4, Qtd=1, Preço=10.00 (Dia 10)
Evento registrado: Produto=4, Qtd=1, Preço=10.00 (Dia 10)
Evento registrado: Produto=2, Qtd=1, Preço=10.00 (Dia 10)
Evento registrado: Produto=5, Qtd=1, Preço=10.00 (Dia 10)
Evento registrado: Produto=2, Qtd=1, Preço=10.00 (Dia 10)
Evento registrado: Produto=3, Qtd=1, Preço=10.00 (Dia 10)
Evento registrado: Produto=3, Qtd=1, Preço=10.00 (Dia 10)
Evento registrado: Produto=2, Qtd=1, Preço=10.00 (Dia 10)
Evento registrado: Produto=1, Qtd=1, Preço=10.00 (Dia 10)
Evento registrado: Produto=1, Qtd=1, Preço=10.00 (Dia 10)
Evento registrado: Produto=2, Qtd=1, Preço=10.00 (Dia 10)
Evento registrado: Produto=5, Qtd=1, Preço=10.00 (Dia 10)
Evento registrado: Produto=5, Qtd=1, Preço=10.00 (Dia 10)
Evento registrado: Produto=4, Qtd=1, Preço=10.00 (Dia 10)
Evento registrado: Produto=5, Qtd=1, Preço=10.00 (Dia 10)
Evento registrado: Produto=3, Qtd=1, Preço=10.00 (Dia 10)
Evento registrado: Produto=1, Qtd=1, Preço=10.00 (Dia 10)
Evento registrado: Produto=4, Qtd=1, Preço=10.00 (Dia 10)
Evento registrado: Produto=3, Qtd=1, Preço=10.00 (Dia 10)
Evento registrado: Produto=4, Qtd=1, Preço=10.00 (Dia 10)
Evento registrado: Produto=3, Qtd=1, Preço=10.00 (Dia 10)
Evento registrado: Produto=2, Qtd=1, Preço=10.00 (Dia 10)
Evento registrado: Produto=5, Qtd=1, Preço=10.00 (Dia 10)
Evento registrado: Produto=2, Qtd=1, Preço=10.00 (Dia 10)
Evento registrado: Produto=1, Qtd=1, Preço=10.00 (Dia 10)
Evento registrado: Produto=4, Qtd=1, Preço=10.00 (Dia 10)
Evento registrado: Produto=2, Qtd=1, Preço=10.00 (Dia 10)
Evento registrado: Produto=3, Qtd=1, Preço=10.00 (Dia 10)
Evento registrado: Produto=2, Qtd=1, Preço=10.00 (Dia 10)
Evento registrado: Produto=1, Qtd=1, Preço=10.00 (Dia 10)
Evento registrado: Produto=3, Qtd=1, Preço=10.00 (Dia 10)
Evento registrado: Produto=5, Qtd=1, Preço=10.00 (Dia 10)
Evento registrado: Produto=4, Qtd=1, Preço=10.00 (Dia 10)
Evento registrado: Produto=4, Qtd=1, Preço=10.00 (Dia 10)
Evento registrado: Produto=5, Qtd=1, Preço=10.00 (Dia 10)
Evento registrado: Produto=2, Qtd=1, Preço=10.00 (Dia 10)
Evento registrado: Produto=1, Qtd=1, Preço=10.00 (Dia 10)
Evento registrado: Produto=4, Qtd=1, Preço=10.00 (Dia 10)
Evento registrado: Produto=1, Qtd=1, Preço=10.00 (Dia 10)
Evento registrado: Produto=5, Qtd=1, Preço=10.00 (Dia 10)
Evento registrado: Produto=1, Qtd=1, Preço=10.00 (Dia 10)
Evento registrado: Produto=3, Qtd=1, Preço=10.00 (Dia 10)
Evento registrado: Produto=2, Qtd=1, Preço=10.00 (Dia 10)
Evento registrado: Produto=3, Qtd=1, Preço=10.00 (Dia 10)
Evento registrado: Produto=2, Qtd=1, Preço=10.00 (Dia 10)
Evento registrado: Produto=4, Qtd=1, Preço=10.00 (Dia 10)
Evento registrado: Produto=3, Qtd=1, Preço=10.00 (Dia 10)
Evento registrado: Produto=5, Qtd=1, Preço=10.00 (Dia 10)
Evento registrado: Produto=5, Qtd=1, Preço=10.00 (Dia 10)
Evento registrado: Produto=1, Qtd=1, Preço=10.00 (Dia 10)
Evento registrado: Produto=4, Qtd=1, Preço=10.00 (Dia 10)
Evento registrado: Produto=4, Qtd=1, Preço=10.00 (Dia 10)
Evento registrado: Produto=3, Qtd=1, Preço=10.00 (Dia 10)
Evento registrado: Produto=5, Qtd=1, Preço=10.00 (Dia 10)
Evento registrado: Produto=4, Qtd=1, Preço=10.00 (Dia 10)
Evento registrado: Produto=2, Qtd=1, Preço=10.00 (Dia 10)
Evento registrado: Produto=3, Qtd=1, Preço=10.00 (Dia 10)
Evento registrado: Produto=5, Qtd=1, Preço=10.00 (Dia 10)
Evento registrado: Produto=4, Qtd=1, Preço=10.00 (Dia 10)
Evento registrado: Produto=2, Qtd=1, Preço=10.00 (Dia 10)
Evento registrado: Produto=1, Qtd=1, Preço=10.00 (Dia 10)
Evento registrado: Produto=2, Qtd=1, Preço=10.00 (Dia 10)
Evento registrado: Produto=2, Qtd=1, Preço=10.00 (Dia 10)
Evento registrado: Produto=3, Qtd=1, Preço=10.00 (Dia 10)
Evento registrado: Produto=1, Qtd=1, Preço=10.00 (Dia 10)
Evento registrado: Produto=5, Qtd=1, Preço=10.00 (Dia 10)
Evento registrado: Produto=1, Qtd=1, Preço=10.00 (Dia 10)
Evento registrado: Produto=3, Qtd=1, Preço=10.00 (Dia 10)
Evento registrado: Produto=5, Qtd=1, Preço=10.00 (Dia 10)
Evento registrado: Produto=4, Qtd=1, Preço=10.00 (Dia 10)
Evento registrado: Produto=2, Qtd=1, Preço=10.00 (Dia 10)
Evento registrado: Produto=3, Qtd=1, Preço=10.00 (Dia 10)
Evento registrado: Produto=1, Qtd=1, Preço=10.00 (Dia 10)
Evento registrado: Produto=5, Qtd=1, Preço=10.00 (Dia 10)
Evento registrado: Produto=1, Qtd=1, Preço=10.00 (Dia 10)
Evento registrado: Produto=3, Qtd=1, Preço=10.00 (Dia 10)
Evento registrado: Produto=5, Qtd=1, Preço=10.00 (Dia 10)
Evento registrado: Produto=4, Qtd=1, Preço=10.00 (Dia 10)
Evento registrado: Produto=2, Qtd=1, Preço=10.00 (Dia 10)
Evento registrado: Produto=2, Qtd=1, Preço=10.00 (Dia 10)
Evento registrado: Produto=3, Qtd=1, Preço=10.00 (Dia 10)
Evento registrado: Produto=4, Qtd=1, Preço=10.00 (Dia 10)
Evento registrado: Produto=4, Qtd=1, Preço=10.00 (Dia 10)
Evento registrado: Produto=2, Qtd=1, Preço=10.00 (Dia 10)
Evento registrado: Produto=3, Qtd=1, Preço=10.00 (Dia 10)
Evento registrado: Produto=1, Qtd=1, Preço=10.00 (Dia 10)
Evento registrado: Produto=1, Qtd=1, Preço=10.00 (Dia 10)
Evento registrado: Produto=5, Qtd=1, Preço=10.00 (Dia 10)
Evento registrado: Produto=5, Qtd=1, Preço=10.00 (Dia 10)
Evento registrado: Produto=3, Qtd=1, Preço=10.00 (Dia 10)
Evento registrado: Produto=4, Qtd=1, Preço=10.00 (Dia 10)
Evento registrado: Produto=3, Qtd=1, Preço=10.00 (Dia 10)
Evento registrado: Produto=2, Qtd=1, Preço=10.00 (Dia 10)
Evento registrado: Produto=1, Qtd=1, Preço=10.00 (Dia 10)
Evento registrado: Produto=4, Qtd=1, Preço=10.00 (Dia 10)
Evento registrado: Produto=5, Qtd=1, Preço=10.00 (Dia 10)
Evento registrado: Produto=2, Qtd=1, Preço=10.00 (Dia 10)
Evento registrado: Produto=4, Qtd=1, Preço=10.00 (Dia 10)
Evento registrado: Produto=3, Qtd=1, Preço=10.00 (Dia 10)
Evento registrado: Produto=5, Qtd=1, Preço=10.00 (Dia 10)
Evento registrado: Produto=2, Qtd=1, Preço=10.00 (Dia 10)
Evento registrado: Produto=1, Qtd=1, Preço=10.00 (Dia 10)
Evento registrado: Produto=4, Qtd=1, Preço=10.00 (Dia 10)
Evento registrado: Produto=1, Qtd=1, Preço=10.00 (Dia 10)
Evento registrado: Produto=1, Qtd=1, Preço=10.00 (Dia 10)
Evento registrado: Produto=2, Qtd=1, Preço=10.00 (Dia 10)
Evento registrado: Produto=5, Qtd=1, Preço=10.00 (Dia 10)
Evento registrado: Produto=3, Qtd=1, Preço=10.00 (Dia 10)
Evento registrado: Produto=3, Qtd=1, Preço=10.00 (Dia 10)
Evento registrado: Produto=2, Qtd=1, Preço=10.00 (Dia 10)
Evento registrado: Produto=3, Qtd=1, Preço=10.00 (Dia 10)
Evento registrado: Produto=1, Qtd=1, Preço=10.00 (Dia 10)
Evento registrado: Produto=2, Qtd=1, Preço=10.00 (Dia 10)
Evento registrado: Produto=5, Qtd=1, Preço=10.00 (Dia 10)
Evento registrado: Produto=3, Qtd=1, Preço=10.00 (Dia 10)
Evento registrado: Produto=4, Qtd=1, Preço=10.00 (Dia 10)
Evento registrado: Produto=4, Qtd=1, Preço=10.00 (Dia 10)
Evento registrado: Produto=2, Qtd=1, Preço=10.00 (Dia 10)
Evento registrado: Produto=1, Qtd=1, Preço=10.00 (Dia 10)
Evento registrado: Produto=4, Qtd=1, Preço=10.00 (Dia 10)
Evento registrado: Produto=5, Qtd=1, Preço=10.00 (Dia 10)
Evento registrado: Produto=5, Qtd=1, Preço=10.00 (Dia 10)
Evento registrado: Produto=4, Qtd=1, Preço=10.00 (Dia 10)
Evento registrado: Produto=5, Qtd=1, Preço=10.00 (Dia 10)
Evento registrado: Produto=3, Qtd=1, Preço=10.00 (Dia 10)
Evento registrado: Produto=1, Qtd=1, Preço=10.00 (Dia 10)
Evento registrado: Produto=2, Qtd=1, Preço=10.00 (Dia 10)
Evento registrado: Produto=1, Qtd=1, Preço=10.00 (Dia 10)
Evento registrado: Produto=3, Qtd=1, Preço=10.00 (Dia 10)
Evento registrado: Produto=3, Qtd=1, Preço=10.00 (Dia 10)
Evento registrado: Produto=2, Qtd=1, Preço=10.00 (Dia 10)
Evento registrado: Produto=4, Qtd=1, Preço=10.00 (Dia 10)
Evento registrado: Produto=3, Qtd=1, Preço=10.00 (Dia 10)
Evento registrado: Produto=1, Qtd=1, Preço=10.00 (Dia 10)
Evento registrado: Produto=4, Qtd=1, Preço=10.00 (Dia 10)
Evento registrado: Produto=5, Qtd=1, Preço=10.00 (Dia 10)
Evento registrado: Produto=2, Qtd=1, Preço=10.00 (Dia 10)
Evento registrado: Produto=1, Qtd=1, Preço=10.00 (Dia 10)
Evento registrado: Produto=3, Qtd=1, Preço=10.00 (Dia 10)
Evento registrado: Produto=2, Qtd=1, Preço=10.00 (Dia 10)
Evento registrado: Produto=1, Qtd=1, Preço=10.00 (Dia 10)
Evento registrado: Produto=2, Qtd=1, Preço=10.00 (Dia 10)
Evento registrado: Produto=4, Qtd=1, Preço=10.00 (Dia 10)
Evento registrado: Produto=5, Qtd=1, Preço=10.00 (Dia 10)
Evento registrado: Produto=5, Qtd=1, Preço=10.00 (Dia 10)
Evento registrado: Produto=5, Qtd=1, Preço=10.00 (Dia 10)
Evento registrado: Produto=1, Qtd=1, Preço=10.00 (Dia 10)
Evento registrado: Produto=4, Qtd=1, Preço=10.00 (Dia 10)
Evento registrado: Produto=3, Qtd=1, Preço=10.00 (Dia 10)
Evento registrado: Produto=2, Qtd=1, Preço=10.00 (Dia 10)
Evento registrado: Produto=1, Qtd=1, Preço=10.00 (Dia 10)
Evento registrado: Produto=4, Qtd=1, Preço=10.00 (Dia 10)
Evento registrado: Produto=1, Qtd=1, Preço=10.00 (Dia 10)
Evento registrado: Produto=4, Qtd=1, Preço=10.00 (Dia 10)
Evento registrado: Produto=3, Qtd=1, Preço=10.00 (Dia 10)
Evento registrado: Produto=1, Qtd=1, Preço=10.00 (Dia 10)
Evento registrado: Produto=3, Qtd=1, Preço=10.00 (Dia 10)
Evento registrado: Produto=2, Qtd=1, Preço=10.00 (Dia 10)
Evento registrado: Produto=1, Qtd=1, Preço=10.00 (Dia 10)
Evento registrado: Produto=2, Qtd=1, Preço=10.00 (Dia 10)
Evento registrado: Produto=5, Qtd=1, Preço=10.00 (Dia 10)
Evento registrado: Produto=5, Qtd=1, Preço=10.00 (Dia 10)
Evento registrado: Produto=3, Qtd=1, Preço=10.00 (Dia 10)
Evento registrado: Produto=5, Qtd=1, Preço=10.00 (Dia 10)
Evento registrado: Produto=2, Qtd=1, Preço=10.00 (Dia 10)
Evento registrado: Produto=5, Qtd=1, Preço=10.00 (Dia 10)
Evento registrado: Produto=4, Qtd=1, Preço=10.00 (Dia 10)
Evento registrado: Produto=4, Qtd=1, Preço=10.00 (Dia 10)
Evento registrado: Produto=1, Qtd=1, Preço=10.00 (Dia 10)
Evento registrado: Produto=4, Qtd=1, Preço=10.00 (Dia 10)
Evento registrado: Produto=1, Qtd=1, Preço=10.00 (Dia 10)
Evento registrado: Produto=3, Qtd=1, Preço=10.00 (Dia 10)
Evento registrado: Produto=2, Qtd=1, Preço=10.00 (Dia 10)
Evento registrado: Produto=4, Qtd=1, Preço=10.00 (Dia 10)
Evento registrado: Produto=1, Qtd=1, Preço=10.00 (Dia 10)
Evento registrado: Produto=1, Qtd=1, Preço=10.00 (Dia 10)
Evento registrado: Produto=5, Qtd=1, Preço=10.00 (Dia 10)
Evento registrado: Produto=2, Qtd=1, Preço=10.00 (Dia 10)
Evento registrado: Produto=2, Qtd=1, Preço=10.00 (Dia 10)
Evento registrado: Produto=5, Qtd=1, Preço=10.00 (Dia 10)
Evento registrado: Produto=5, Qtd=1, Preço=10.00 (Dia 10)
Evento registrado: Produto=3, Qtd=1, Preço=10.00 (Dia 10)
Evento registrado: Produto=3, Qtd=1, Preço=10.00 (Dia 10)
Evento registrado: Produto=3, Qtd=1, Preço=10.00 (Dia 10)
Evento registrado: Produto=2, Qtd=1, Preço=10.00 (Dia 10)
Evento registrado: Produto=5, Qtd=1, Preço=10.00 (Dia 10)
Evento registrado: Produto=4, Qtd=1, Preço=10.00 (Dia 10)
Evento registrado: Produto=4, Qtd=1, Preço=10.00 (Dia 10)
Evento registrado: Produto=1, Qtd=1, Preço=10.00 (Dia 10)
Evento registrado: Produto=2, Qtd=1, Preço=10.00 (Dia 10)
Evento registrado: Produto=3, Qtd=1, Preço=10.00 (Dia 10)
Evento registrado: Produto=4, Qtd=1, Preço=10.00 (Dia 10)
Evento registrado: Produto=1, Qtd=1, Preço=10.00 (Dia 10)
Evento registrado: Produto=5, Qtd=1, Preço=10.00 (Dia 10)
Evento registrado: Produto=1, Qtd=1, Preço=10.00 (Dia 10)
Evento registrado: Produto=5, Qtd=1, Preço=10.00 (Dia 10)
Evento registrado: Produto=2, Qtd=1, Preço=10.00 (Dia 10)
Evento registrado: Produto=2, Qtd=1, Preço=10.00 (Dia 10)
Evento registrado: Produto=2, Qtd=1, Preço=10.00 (Dia 10)
Evento registrado: Produto=3, Qtd=1, Preço=10.00 (Dia 10)
Evento registrado: Produto=5, Qtd=1, Preço=10.00 (Dia 10)
Evento registrado: Produto=4, Qtd=1, Preço=10.00 (Dia 10)
Evento registrado: Produto=3, Qtd=1, Preço=10.00 (Dia 10)
Evento registrado: Produto=4, Qtd=1, Preço=10.00 (Dia 10)
Evento registrado: Produto=3, Qtd=1, Preço=10.00 (Dia 10)
Evento registrado: Produto=1, Qtd=1, Preço=10.00 (Dia 10)
Evento registrado: Produto=5, Qtd=1, Preço=10.00 (Dia 10)
Evento registrado: Produto=4, Qtd=1, Preço=10.00 (Dia 10)
Evento registrado: Produto=1, Qtd=1, Preço=10.00 (Dia 10)
Evento registrado: Produto=2, Qtd=1, Preço=10.00 (Dia 10)
Evento registrado: Produto=1, Qtd=1, Preço=10.00 (Dia 10)
Evento registrado: Produto=5, Qtd=1, Preço=10.00 (Dia 10)
Evento registrado: Produto=4, Qtd=1, Preço=10.00 (Dia 10)
Evento registrado: Produto=2, Qtd=1, Preço=10.00 (Dia 10)
Evento registrado: Produto=5, Qtd=1, Preço=10.00 (Dia 10)
Evento registrado: Produto=3, Qtd=1, Preço=10.00 (Dia 10)
Evento registrado: Produto=3, Qtd=1, Preço=10.00 (Dia 10)
Evento registrado: Produto=1, Qtd=1, Preço=10.00 (Dia 10)
Evento registrado: Produto=3, Qtd=1, Preço=10.00 (Dia 10)
Evento registrado: Produto=2, Qtd=1, Preço=10.00 (Dia 10)
Evento registrado: Produto=4, Qtd=1, Preço=10.00 (Dia 10)
Evento registrado: Produto=2, Qtd=1, Preço=10.00 (Dia 10)
Evento registrado: Produto=5, Qtd=1, Preço=10.00 (Dia 10)
Evento registrado: Produto=4, Qtd=1, Preço=10.00 (Dia 10)
Evento registrado: Produto=1, Qtd=1, Preço=10.00 (Dia 10)
Evento registrado: Produto=5, Qtd=1, Preço=10.00 (Dia 10)
Evento registrado: Produto=3, Qtd=1, Preço=10.00 (Dia 10)
Evento registrado: Produto=4, Qtd=1, Preço=10.00 (Dia 10)
Evento registrado: Produto=1, Qtd=1, Preço=10.00 (Dia 10)
Evento registrado: Produto=4, Qtd=1, Preço=10.00 (Dia 10)
Evento registrado: Produto=2, Qtd=1, Preço=10.00 (Dia 10)
Evento registrado: Produto=2, Qtd=1, Preço=10.00 (Dia 10)
Evento registrado: Produto=3, Qtd=1, Preço=10.00 (Dia 10)
Evento registrado: Produto=5, Qtd=1, Preço=10.00 (Dia 10)
Evento registrado: Produto=3, Qtd=1, Preço=10.00 (Dia 10)
Evento registrado: Produto=4, Qtd=1, Preço=10.00 (Dia 10)
Evento registrado: Produto=1, Qtd=1, Preço=10.00 (Dia 10)
Evento registrado: Produto=2, Qtd=1, Preço=10.00 (Dia 10)
Evento registrado: Produto=1, Qtd=1, Preço=10.00 (Dia 10)
Evento registrado: Produto=4, Qtd=1, Preço=10.00 (Dia 10)
Evento registrado: Produto=5, Qtd=1, Preço=10.00 (Dia 10)
Evento registrado: Produto=3, Qtd=1, Preço=10.00 (Dia 10)
Evento registrado: Produto=2, Qtd=1, Preço=10.00 (Dia 10)
Evento registrado: Produto=5, Qtd=1, Preço=10.00 (Dia 10)
Evento registrado: Produto=4, Qtd=1, Preço=10.00 (Dia 10)
Evento registrado: Produto=5, Qtd=1, Preço=10.00 (Dia 10)
Evento registrado: Produto=3, Qtd=1, Preço=10.00 (Dia 10)
Evento registrado: Produto=1, Qtd=1, Preço=10.00 (Dia 10)
Evento registrado: Produto=1, Qtd=1, Preço=10.00 (Dia 10)
Evento registrado: Produto=4, Qtd=1, Preço=10.00 (Dia 10)
Evento registrado: Produto=2, Qtd=1, Preço=10.00 (Dia 10)
Evento registrado: Produto=3, Qtd=1, Preço=10.00 (Dia 10)
Evento registrado: Produto=4, Qtd=1, Preço=10.00 (Dia 10)
Evento registrado: Produto=3, Qtd=1, Preço=10.00 (Dia 10)
Evento registrado: Produto=1, Qtd=1, Preço=10.00 (Dia 10)
Evento registrado: Produto=5, Qtd=1, Preço=10.00 (Dia 10)
Evento registrado: Produto=2, Qtd=1, Preço=10.00 (Dia 10)
Evento registrado: Produto=5, Qtd=1, Preço=10.00 (Dia 10)
Evento registrado: Produto=2, Qtd=1, Preço=10.00 (Dia 10)
Evento registrado: Produto=5, Qtd=1, Preço=10.00 (Dia 10)
Evento registrado: Produto=5, Qtd=1, Preço=10.00 (Dia 10)
Evento registrado: Produto=3, Qtd=1, Preço=10.00 (Dia 10)
Evento registrado: Produto=1, Qtd=1, Preço=10.00 (Dia 10)
Evento registrado: Produto=3, Qtd=1, Preço=10.00 (Dia 10)
Evento registrado: Produto=4, Qtd=1, Preço=10.00 (Dia 10)
Evento registrado: Produto=2, Qtd=1, Preço=10.00 (Dia 10)
Evento registrado: Produto=1, Qtd=1, Preço=10.00 (Dia 10)
Evento registrado: Produto=4, Qtd=1, Preço=10.00 (Dia 10)
Evento registrado: Produto=1, Qtd=1, Preço=10.00 (Dia 10)
Evento registrado: Produto=3, Qtd=1, Preço=10.00 (Dia 10)
Evento registrado: Produto=4, Qtd=1, Preço=10.00 (Dia 10)
Evento registrado: Produto=2, Qtd=1, Preço=10.00 (Dia 10)
Evento registrado: Produto=4, Qtd=1, Preço=10.00 (Dia 10)
Evento registrado: Produto=2, Qtd=1, Preço=10.00 (Dia 10)
Evento registrado: Produto=3, Qtd=1, Preço=10.00 (Dia 10)
Evento registrado: Produto=5, Qtd=1, Preço=10.00 (Dia 10)
Evento registrado: Produto=5, Qtd=1, Preço=10.00 (Dia 10)
Evento registrado: Produto=3, Qtd=1, Preço=10.00 (Dia 10)
Evento registrado: Produto=2, Qtd=1, Preço=10.00 (Dia 10)
Evento registrado: Produto=5, Qtd=1, Preço=10.00 (Dia 10)
Evento registrado: Produto=1, Qtd=1, Preço=10.00 (Dia 10)
Evento registrado: Produto=4, Qtd=1, Preço=10.00 (Dia 10)
Evento registrado: Produto=1, Qtd=1, Preço=10.00 (Dia 10)
Evento registrado: Produto=1, Qtd=1, Preço=10.00 (Dia 10)
Evento registrado: Produto=2, Qtd=1, Preço=10.00 (Dia 10)
Evento registrado: Produto=5, Qtd=1, Preço=10.00 (Dia 10)
Evento registrado: Produto=3, Qtd=1, Preço=10.00 (Dia 10)
Evento registrado: Produto=4, Qtd=1, Preço=10.00 (Dia 10)
Evento registrado: Produto=1, Qtd=1, Preço=10.00 (Dia 10)
Evento registrado: Produto=3, Qtd=1, Preço=10.00 (Dia 10)
Evento registrado: Produto=5, Qtd=1, Preço=10.00 (Dia 10)
Evento registrado: Produto=2, Qtd=1, Preço=10.00 (Dia 10)
Evento registrado: Produto=2, Qtd=1, Preço=10.00 (Dia 10)
Evento registrado: Produto=1, Qtd=1, Preço=10.00 (Dia 10)
Evento registrado: Produto=5, Qtd=1, Preço=10.00 (Dia 10)
Evento registrado: Produto=3, Qtd=1, Preço=10.00 (Dia 10)
Evento registrado: Produto=3, Qtd=1, Preço=10.00 (Dia 10)
Evento registrado: Produto=4, Qtd=1, Preço=10.00 (Dia 10)
Evento registrado: Produto=4, Qtd=1, Preço=10.00 (Dia 10)
Evento registrado: Produto=1, Qtd=1, Preço=10.00 (Dia 10)
Evento registrado: Produto=4, Qtd=1, Preço=10.00 (Dia 10)
Evento registrado: Produto=5, Qtd=1, Preço=10.00 (Dia 10)
Evento registrado: Produto=5, Qtd=1, Preço=10.00 (Dia 10)
Evento registrado: Produto=2, Qtd=1, Preço=10.00 (Dia 10)
Evento registrado: Produto=2, Qtd=1, Preço=10.00 (Dia 10)
Evento registrado: Produto=3, Qtd=1, Preço=10.00 (Dia 10)
Evento registrado: Produto=4, Qtd=1, Preço=10.00 (Dia 10)
Evento registrado: Produto=1, Qtd=1, Preço=10.00 (Dia 10)
Evento registrado: Produto=2, Qtd=1, Preço=10.00 (Dia 10)
Evento registrado: Produto=4, Qtd=1, Preço=10.00 (Dia 10)
Evento registrado: Produto=1, Qtd=1, Preço=10.00 (Dia 10)
Evento registrado: Produto=1, Qtd=1, Preço=10.00 (Dia 10)
Evento registrado: Produto=5, Qtd=1, Preço=10.00 (Dia 10)
Evento registrado: Produto=3, Qtd=1, Preço=10.00 (Dia 10)
Evento registrado: Produto=2, Qtd=1, Preço=10.00 (Dia 10)
Evento registrado: Produto=3, Qtd=1, Preço=10.00 (Dia 10)
Evento registrado: Produto=5, Qtd=1, Preço=10.00 (Dia 10)
Evento registrado: Produto=1, Qtd=1, Preço=10.00 (Dia 10)
Evento registrado: Produto=4, Qtd=1, Preço=10.00 (Dia 10)
Evento registrado: Produto=5, Qtd=1, Preço=10.00 (Dia 10)
Evento registrado: Produto=3, Qtd=1, Preço=10.00 (Dia 10)
Evento registrado: Produto=5, Qtd=1, Preço=10.00 (Dia 10)
Evento registrado: Produto=3, Qtd=1, Preço=10.00 (Dia 10)
Evento registrado: Produto=4, Qtd=1, Preço=10.00 (Dia 10)
Evento registrado: Produto=2, Qtd=1, Preço=10.00 (Dia 10)
Evento registrado: Produto=2, Qtd=1, Preço=10.00 (Dia 10)
Evento registrado: Produto=1, Qtd=1, Preço=10.00 (Dia 10)
Evento registrado: Produto=4, Qtd=1, Preço=10.00 (Dia 10)
Evento registrado: Produto=5, Qtd=1, Preço=10.00 (Dia 10)
Evento registrado: Produto=2, Qtd=1, Preço=10.00 (Dia 10)
Evento registrado: Produto=4, Qtd=1, Preço=10.00 (Dia 10)
Evento registrado: Produto=1, Qtd=1, Preço=10.00 (Dia 10)
Evento registrado: Produto=2, Qtd=1, Preço=10.00 (Dia 10)
Evento registrado: Produto=1, Qtd=1, Preço=10.00 (Dia 10)
Evento registrado: Produto=3, Qtd=1, Preço=10.00 (Dia 10)
Evento registrado: Produto=4, Qtd=1, Preço=10.00 (Dia 10)
Evento registrado: Produto=2, Qtd=1, Preço=10.00 (Dia 10)
Evento registrado: Produto=1, Qtd=1, Preço=10.00 (Dia 10)
Evento registrado: Produto=5, Qtd=1, Preço=10.00 (Dia 10)
Evento registrado: Produto=1, Qtd=1, Preço=10.00 (Dia 10)
Evento registrado: Produto=3, Qtd=1, Preço=10.00 (Dia 10)
Evento registrado: Produto=3, Qtd=1, Preço=10.00 (Dia 10)
Evento registrado: Produto=3, Qtd=1, Preço=10.00 (Dia 10)
Evento registrado: Produto=4, Qtd=1, Preço=10.00 (Dia 10)
Evento registrado: Produto=5, Qtd=1, Preço=10.00 (Dia 10)
Evento registrado: Produto=5, Qtd=1, Preço=10.00 (Dia 10)
Evento registrado: Produto=2, Qtd=1, Preço=10.00 (Dia 10)
Evento registrado: Produto=4, Qtd=1, Preço=10.00 (Dia 10)
Evento registrado: Produto=2, Qtd=1, Preço=10.00 (Dia 10)
Evento registrado: Produto=2, Qtd=1, Preço=10.00 (Dia 10)
Evento registrado: Produto=3, Qtd=1, Preço=10.00 (Dia 10)
Evento registrado: Produto=1, Qtd=1, Preço=10.00 (Dia 10)
Evento registrado: Produto=4, Qtd=1, Preço=10.00 (Dia 10)
Evento registrado: Produto=3, Qtd=1, Preço=10.00 (Dia 10)
Evento registrado: Produto=2, Qtd=1, Preço=10.00 (Dia 10)
Evento registrado: Produto=1, Qtd=1, Preço=10.00 (Dia 10)
Evento registrado: Produto=1, Qtd=1, Preço=10.00 (Dia 10)
Evento registrado: Produto=4, Qtd=1, Preço=10.00 (Dia 10)
Evento registrado: Produto=1, Qtd=1, Preço=10.00 (Dia 10)
Evento registrado: Produto=5, Qtd=1, Preço=10.00 (Dia 10)
Evento registrado: Produto=4, Qtd=1, Preço=10.00 (Dia 10)
Evento registrado: Produto=4, Qtd=1, Preço=10.00 (Dia 10)
Evento registrado: Produto=3, Qtd=1, Preço=10.00 (Dia 10)
Evento registrado: Produto=5, Qtd=1, Preço=10.00 (Dia 10)
Evento registrado: Produto=3, Qtd=1, Preço=10.00 (Dia 10)
Evento registrado: Produto=5, Qtd=1, Preço=10.00 (Dia 10)
Evento registrado: Produto=2, Qtd=1, Preço=10.00 (Dia 10)
Evento registrado: Produto=5, Qtd=1, Preço=10.00 (Dia 10)
Evento registrado: Produto=3, Qtd=1, Preço=10.00 (Dia 10)
Evento registrado: Produto=3, Qtd=1, Preço=10.00 (Dia 10)
Evento registrado: Produto=3, Qtd=1, Preço=10.00 (Dia 10)
Evento registrado: Produto=4, Qtd=1, Preço=10.00 (Dia 10)
Evento registrado: Produto=2, Qtd=1, Preço=10.00 (Dia 10)
Evento registrado: Produto=5, Qtd=1, Preço=10.00 (Dia 10)
Evento registrado: Produto=1, Qtd=1, Preço=10.00 (Dia 10)
Evento registrado: Produto=1, Qtd=1, Preço=10.00 (Dia 10)
Evento registrado: Produto=5, Qtd=1, Preço=10.00 (Dia 10)
Evento registrado: Produto=2, Qtd=1, Preço=10.00 (Dia 10)
Evento registrado: Produto=1, Qtd=1, Preço=10.00 (Dia 10)
Evento registrado: Produto=1, Qtd=1, Preço=10.00 (Dia 10)
Evento registrado: Produto=4, Qtd=1, Preço=10.00 (Dia 10)
Evento registrado: Produto=2, Qtd=1, Preço=10.00 (Dia 10)
Evento registrado: Produto=5, Qtd=1, Preço=10.00 (Dia 10)
Evento registrado: Produto=3, Qtd=1, Preço=10.00 (Dia 10)
Evento registrado: Produto=4, Qtd=1, Preço=10.00 (Dia 10)
Evento registrado: Produto=4, Qtd=1, Preço=10.00 (Dia 10)
Evento registrado: Produto=2, Qtd=1, Preço=10.00 (Dia 10)
Evento registrado: Produto=5, Qtd=1, Preço=10.00 (Dia 10)
Evento registrado: Produto=4, Qtd=1, Preço=10.00 (Dia 10)
Evento registrado: Produto=1, Qtd=1, Preço=10.00 (Dia 10)
Evento registrado: Produto=5, Qtd=1, Preço=10.00 (Dia 10)
Evento registrado: Produto=5, Qtd=1, Preço=10.00 (Dia 10)
Evento registrado: Produto=3, Qtd=1, Preço=10.00 (Dia 10)
Evento registrado: Produto=2, Qtd=1, Preço=10.00 (Dia 10)
Evento registrado: Produto=2, Qtd=1, Preço=10.00 (Dia 10)
Evento registrado: Produto=2, Qtd=1, Preço=10.00 (Dia 10)
Evento registrado: Produto=3, Qtd=1, Preço=10.00 (Dia 10)
Evento registrado: Produto=3, Qtd=1, Preço=10.00 (Dia 10)
Evento registrado: Produto=5, Qtd=1, Preço=10.00 (Dia 10)
Evento registrado: Produto=4, Qtd=1, Preço=10.00 (Dia 10)
Evento registrado: Produto=2, Qtd=1, Preço=10.00 (Dia 10)
Evento registrado: Produto=3, Qtd=1, Preço=10.00 (Dia 10)
Evento registrado: Produto=4, Qtd=1, Preço=10.00 (Dia 10)
Evento registrado: Produto=4, Qtd=1, Preço=10.00 (Dia 10)
Evento registrado: Produto=1, Qtd=1, Preço=10.00 (Dia 10)
Evento registrado: Produto=5, Qtd=1, Preço=10.00 (Dia 10)
Evento registrado: Produto=1, Qtd=1, Preço=10.00 (Dia 10)
Evento registrado: Produto=1, Qtd=1, Preço=10.00 (Dia 10)
Evento registrado: Produto=4, Qtd=1, Preço=10.00 (Dia 10)
Evento registrado: Produto=3, Qtd=1, Preço=10.00 (Dia 10)
Evento registrado: Produto=5, Qtd=1, Preço=10.00 (Dia 10)
Evento registrado: Produto=2, Qtd=1, Preço=10.00 (Dia 10)
Evento registrado: Produto=2, Qtd=1, Preço=10.00 (Dia 10)
Evento registrado: Produto=2, Qtd=1, Preço=10.00 (Dia 10)
Evento registrado: Produto=2, Qtd=1, Preço=10.00 (Dia 10)
Evento registrado: Produto=5, Qtd=1, Preço=10.00 (Dia 10)
Evento registrado: Produto=3, Qtd=1, Preço=10.00 (Dia 10)
Evento registrado: Produto=4, Qtd=1, Preço=10.00 (Dia 10)
Evento registrado: Produto=1, Qtd=1, Preço=10.00 (Dia 10)
Evento registrado: Produto=4, Qtd=1, Preço=10.00 (Dia 10)
Evento registrado: Produto=3, Qtd=1, Preço=10.00 (Dia 10)
Evento registrado: Produto=1, Qtd=1, Preço=10.00 (Dia 10)
Evento registrado: Produto=5, Qtd=1, Preço=10.00 (Dia 10)
Evento registrado: Produto=1, Qtd=1, Preço=10.00 (Dia 10)
Evento registrado: Produto=4, Qtd=1, Preço=10.00 (Dia 10)
Evento registrado: Produto=1, Qtd=1, Preço=10.00 (Dia 10)
Evento registrado: Produto=3, Qtd=1, Preço=10.00 (Dia 10)
Evento registrado: Produto=5, Qtd=1, Preço=10.00 (Dia 10)
Evento registrado: Produto=5, Qtd=1, Preço=10.00 (Dia 10)
Evento registrado: Produto=5, Qtd=1, Preço=10.00 (Dia 10)
Evento registrado: Produto=2, Qtd=1, Preço=10.00 (Dia 10)
Evento registrado: Produto=1, Qtd=1, Preço=10.00 (Dia 10)
Evento registrado: Produto=2, Qtd=1, Preço=10.00 (Dia 10)
Evento registrado: Produto=2, Qtd=1, Preço=10.00 (Dia 10)
Evento registrado: Produto=4, Qtd=1, Preço=10.00 (Dia 10)
Evento registrado: Produto=3, Qtd=1, Preço=10.00 (Dia 10)
Evento registrado: Produto=1, Qtd=1, Preço=10.00 (Dia 10)
Evento registrado: Produto=4, Qtd=1, Preço=10.00 (Dia 10)
Evento registrado: Produto=2, Qtd=1, Preço=10.00 (Dia 10)
Evento registrado: Produto=1, Qtd=1, Preço=10.00 (Dia 10)
Evento registrado: Produto=4, Qtd=1, Preço=10.00 (Dia 10)
Evento registrado: Produto=3, Qtd=1, Preço=10.00 (Dia 10)
Evento registrado: Produto=4, Qtd=1, Preço=10.00 (Dia 10)
Evento registrado: Produto=3, Qtd=1, Preço=10.00 (Dia 10)
Evento registrado: Produto=5, Qtd=1, Preço=10.00 (Dia 10)
Evento registrado: Produto=3, Qtd=1, Preço=10.00 (Dia 10)
Evento registrado: Produto=5, Qtd=1, Preço=10.00 (Dia 10)
Evento registrado: Produto=1, Qtd=1, Preço=10.00 (Dia 10)
Evento registrado: Produto=2, Qtd=1, Preço=10.00 (Dia 10)
Evento registrado: Produto=5, Qtd=1, Preço=10.00 (Dia 10)
Evento registrado: Produto=2, Qtd=1, Preço=10.00 (Dia 10)
Evento registrado: Produto=4, Qtd=1, Preço=10.00 (Dia 10)
Evento registrado: Produto=4, Qtd=1, Preço=10.00 (Dia 10)
Evento registrado: Produto=3, Qtd=1, Preço=10.00 (Dia 10)
Evento registrado: Produto=1, Qtd=1, Preço=10.00 (Dia 10)
Evento registrado: Produto=2, Qtd=1, Preço=10.00 (Dia 10)
Evento registrado: Produto=5, Qtd=1, Preço=10.00 (Dia 10)
Evento registrado: Produto=2, Qtd=1, Preço=10.00 (Dia 10)
Evento registrado: Produto=3, Qtd=1, Preço=10.00 (Dia 10)
Evento registrado: Produto=4, Qtd=1, Preço=10.00 (Dia 10)
Evento registrado: Produto=4, Qtd=1, Preço=10.00 (Dia 10)
Evento registrado: Produto=1, Qtd=1, Preço=10.00 (Dia 10)
Evento registrado: Produto=5, Qtd=1, Preço=10.00 (Dia 10)
Evento registrado: Produto=1, Qtd=1, Preço=10.00 (Dia 10)
Evento registrado: Produto=5, Qtd=1, Preço=10.00 (Dia 10)
Evento registrado: Produto=3, Qtd=1, Preço=10.00 (Dia 10)
Evento registrado: Produto=1, Qtd=1, Preço=10.00 (Dia 10)
Evento registrado: Produto=3, Qtd=1, Preço=10.00 (Dia 10)
Evento registrado: Produto=4, Qtd=1, Preço=10.00 (Dia 10)
Evento registrado: Produto=5, Qtd=1, Preço=10.00 (Dia 10)
Evento registrado: Produto=2, Qtd=1, Preço=10.00 (Dia 10)
Evento registrado: Produto=5, Qtd=1, Preço=10.00 (Dia 10)
Evento registrado: Produto=4, Qtd=1, Preço=10.00 (Dia 10)
Evento registrado: Produto=4, Qtd=1, Preço=10.00 (Dia 10)
Evento registrado: Produto=3, Qtd=1, Preço=10.00 (Dia 10)
Evento registrado: Produto=1, Qtd=1, Preço=10.00 (Dia 10)
Evento registrado: Produto=5, Qtd=1, Preço=10.00 (Dia 10)
Evento registrado: Produto=2, Qtd=1, Preço=10.00 (Dia 10)
Evento registrado: Produto=5, Qtd=1, Preço=10.00 (Dia 10)
Evento registrado: Produto=2, Qtd=1, Preço=10.00 (Dia 10)
Evento registrado: Produto=3, Qtd=1, Preço=10.00 (Dia 10)
Evento registrado: Produto=4, Qtd=1, Preço=10.00 (Dia 10)
Evento registrado: Produto=1, Qtd=1, Preço=10.00 (Dia 10)
Evento registrado: Produto=1, Qtd=1, Preço=10.00 (Dia 10)
Evento registrado: Produto=1, Qtd=1, Preço=10.00 (Dia 10)
Evento registrado: Produto=3, Qtd=1, Preço=10.00 (Dia 10)
Evento registrado: Produto=3, Qtd=1, Preço=10.00 (Dia 10)
Evento registrado: Produto=2, Qtd=1, Preço=10.00 (Dia 10)
Evento registrado: Produto=1, Qtd=1, Preço=10.00 (Dia 10)
Evento registrado: Produto=1, Qtd=1, Preço=10.00 (Dia 10)
Evento registrado: Produto=5, Qtd=1, Preço=10.00 (Dia 10)
Evento registrado: Produto=2, Qtd=1, Preço=10.00 (Dia 10)
Evento registrado: Produto=1, Qtd=1, Preço=10.00 (Dia 10)
Evento registrado: Produto=4, Qtd=1, Preço=10.00 (Dia 10)
Evento registrado: Produto=5, Qtd=1, Preço=10.00 (Dia 10)
Evento registrado: Produto=2, Qtd=1, Preço=10.00 (Dia 10)
Evento registrado: Produto=5, Qtd=1, Preço=10.00 (Dia 10)
Evento registrado: Produto=3, Qtd=1, Preço=10.00 (Dia 10)
Evento registrado: Produto=2, Qtd=1, Preço=10.00 (Dia 10)
Evento registrado: Produto=4, Qtd=1, Preço=10.00 (Dia 10)
Evento registrado: Produto=3, Qtd=1, Preço=10.00 (Dia 10)
Evento registrado: Produto=1, Qtd=1, Preço=10.00 (Dia 10)
Evento registrado: Produto=4, Qtd=1, Preço=10.00 (Dia 10)
Evento registrado: Produto=5, Qtd=1, Preço=10.00 (Dia 10)
Evento registrado: Produto=3, Qtd=1, Preço=10.00 (Dia 10)
Evento registrado: Produto=4, Qtd=1, Preço=10.00 (Dia 10)
Evento registrado: Produto=3, Qtd=1, Preço=10.00 (Dia 10)
Evento registrado: Produto=2, Qtd=1, Preço=10.00 (Dia 10)
Evento registrado: Produto=1, Qtd=1, Preço=10.00 (Dia 10)
Evento registrado: Produto=1, Qtd=1, Preço=10.00 (Dia 10)
Evento registrado: Produto=3, Qtd=1, Preço=10.00 (Dia 10)
Evento registrado: Produto=5, Qtd=1, Preço=10.00 (Dia 10)
Evento registrado: Produto=4, Qtd=1, Preço=10.00 (Dia 10)
Evento registrado: Produto=4, Qtd=1, Preço=10.00 (Dia 10)
Evento registrado: Produto=2, Qtd=1, Preço=10.00 (Dia 10)
Evento registrado: Produto=3, Qtd=1, Preço=10.00 (Dia 10)
Evento registrado: Produto=5, Qtd=1, Preço=10.00 (Dia 10)
Evento registrado: Produto=2, Qtd=1, Preço=10.00 (Dia 10)
Evento registrado: Produto=4, Qtd=1, Preço=10.00 (Dia 10)
Evento registrado: Produto=4, Qtd=1, Preço=10.00 (Dia 10)
Evento registrado: Produto=2, Qtd=1, Preço=10.00 (Dia 10)
Evento registrado: Produto=1, Qtd=1, Preço=10.00 (Dia 10)
Evento registrado: Produto=5, Qtd=1, Preço=10.00 (Dia 10)
Evento registrado: Produto=5, Qtd=1, Preço=10.00 (Dia 10)
Evento registrado: Produto=2, Qtd=1, Preço=10.00 (Dia 10)
Evento registrado: Produto=3, Qtd=1, Preço=10.00 (Dia 10)
Evento registrado: Produto=3, Qtd=1, Preço=10.00 (Dia 10)
Evento registrado: Produto=1, Qtd=1, Preço=10.00 (Dia 10)
Evento registrado: Produto=4, Qtd=1, Preço=10.00 (Dia 10)
Evento registrado: Produto=3, Qtd=1, Preço=10.00 (Dia 10)
Evento registrado: Produto=3, Qtd=1, Preço=10.00 (Dia 10)
Evento registrado: Produto=1, Qtd=1, Preço=10.00 (Dia 10)
Evento registrado: Produto=2, Qtd=1, Preço=10.00 (Dia 10)
Evento registrado: Produto=5, Qtd=1, Preço=10.00 (Dia 10)
Evento registrado: Produto=4, Qtd=1, Preço=10.00 (Dia 10)
Evento registrado: Produto=1, Qtd=1, Preço=10.00 (Dia 10)
Evento registrado: Produto=2, Qtd=1, Preço=10.00 (Dia 10)
Evento registrado: Produto=5, Qtd=1, Preço=10.00 (Dia 10)
Evento registrado: Produto=4, Qtd=1, Preço=10.00 (Dia 10)
Evento registrado: Produto=1, Qtd=1, Preço=10.00 (Dia 10)
Evento registrado: Produto=5, Qtd=1, Preço=10.00 (Dia 10)
Evento registrado: Produto=3, Qtd=1, Preço=10.00 (Dia 10)
Evento registrado: Produto=2, Qtd=1, Preço=10.00 (Dia 10)
Evento registrado: Produto=5, Qtd=1, Preço=10.00 (Dia 10)
Evento registrado: Produto=3, Qtd=1, Preço=10.00 (Dia 10)
Evento registrado: Produto=4, Qtd=1, Preço=10.00 (Dia 10)
Evento registrado: Produto=1, Qtd=1, Preço=10.00 (Dia 10)
Evento registrado: Produto=2, Qtd=1, Preço=10.00 (Dia 10)
Evento registrado: Produto=4, Qtd=1, Preço=10.00 (Dia 10)
Evento registrado: Produto=1, Qtd=1, Preço=10.00 (Dia 10)
Evento registrado: Produto=1, Qtd=1, Preço=10.00 (Dia 10)
Evento registrado: Produto=3, Qtd=1, Preço=10.00 (Dia 10)
Evento registrado: Produto=5, Qtd=1, Preço=10.00 (Dia 10)
Evento registrado: Produto=4, Qtd=1, Preço=10.00 (Dia 10)
Evento registrado: Produto=2, Qtd=1, Preço=10.00 (Dia 10)
Evento registrado: Produto=2, Qtd=1, Preço=10.00 (Dia 10)
Evento registrado: Produto=1, Qtd=1, Preço=10.00 (Dia 10)
Evento registrado: Produto=4, Qtd=1, Preço=10.00 (Dia 10)
Evento registrado: Produto=3, Qtd=1, Preço=10.00 (Dia 10)
Evento registrado: Produto=4, Qtd=1, Preço=10.00 (Dia 10)
Evento registrado: Produto=2, Qtd=1, Preço=10.00 (Dia 10)
Evento registrado: Produto=3, Qtd=1, Preço=10.00 (Dia 10)
Evento registrado: Produto=5, Qtd=1, Preço=10.00 (Dia 10)
Evento registrado: Produto=3, Qtd=1, Preço=10.00 (Dia 10)
Evento registrado: Produto=2, Qtd=1, Preço=10.00 (Dia 10)
Evento registrado: Produto=1, Qtd=1, Preço=10.00 (Dia 10)
Evento registrado: Produto=5, Qtd=1, Preço=10.00 (Dia 10)
Evento registrado: Produto=5, Qtd=1, Preço=10.00 (Dia 10)
Evento registrado: Produto=3, Qtd=1, Preço=10.00 (Dia 10)
Evento registrado: Produto=4, Qtd=1, Preço=10.00 (Dia 10)
Evento registrado: Produto=5, Qtd=1, Preço=10.00 (Dia 10)
Evento registrado: Produto=4, Qtd=1, Preço=10.00 (Dia 10)
Evento registrado: Produto=1, Qtd=1, Preço=10.00 (Dia 10)
Evento registrado: Produto=1, Qtd=1, Preço=10.00 (Dia 10)
Evento registrado: Produto=4, Qtd=1, Preço=10.00 (Dia 10)
Evento registrado: Produto=2, Qtd=1, Preço=10.00 (Dia 10)
Evento registrado: Produto=2, Qtd=1, Preço=10.00 (Dia 10)
Evento registrado: Produto=3, Qtd=1, Preço=10.00 (Dia 10)
Evento registrado: Produto=3, Qtd=1, Preço=10.00 (Dia 10)
Evento registrado: Produto=1, Qtd=1, Preço=10.00 (Dia 10)
Evento registrado: Produto=3, Qtd=1, Preço=10.00 (Dia 10)
Evento registrado: Produto=2, Qtd=1, Preço=10.00 (Dia 10)
Evento registrado: Produto=5, Qtd=1, Preço=10.00 (Dia 10)
Evento registrado: Produto=5, Qtd=1, Preço=10.00 (Dia 10)
Evento registrado: Produto=2, Qtd=1, Preço=10.00 (Dia 10)
Evento registrado: Produto=5, Qtd=1, Preço=10.00 (Dia 10)
Evento registrado: Produto=4, Qtd=1, Preço=10.00 (Dia 10)
Evento registrado: Produto=1, Qtd=1, Preço=10.00 (Dia 10)
Evento registrado: Produto=5, Qtd=1, Preço=10.00 (Dia 10)
Evento registrado: Produto=3, Qtd=1, Preço=10.00 (Dia 10)
Evento registrado: Produto=4, Qtd=1, Preço=10.00 (Dia 10)
Evento registrado: Produto=4, Qtd=1, Preço=10.00 (Dia 10)
Evento registrado: Produto=2, Qtd=1, Preço=10.00 (Dia 10)
Evento registrado: Produto=4, Qtd=1, Preço=10.00 (Dia 10)
Evento registrado: Produto=3, Qtd=1, Preço=10.00 (Dia 10)
Evento registrado: Produto=3, Qtd=1, Preço=10.00 (Dia 10)
Evento registrado: Produto=2, Qtd=1, Preço=10.00 (Dia 10)
Evento registrado: Produto=1, Qtd=1, Preço=10.00 (Dia 10)
Evento registrado: Produto=1, Qtd=1, Preço=10.00 (Dia 10)
Evento registrado: Produto=1, Qtd=1, Preço=10.00 (Dia 10)
Evento registrado: Produto=3, Qtd=1, Preço=10.00 (Dia 10)
Evento registrado: Produto=2, Qtd=1, Preço=10.00 (Dia 10)
Evento registrado: Produto=2, Qtd=1, Preço=10.00 (Dia 10)
Evento registrado: Produto=4, Qtd=1, Preço=10.00 (Dia 10)
Evento registrado: Produto=5, Qtd=1, Preço=10.00 (Dia 10)
Evento registrado: Produto=5, Qtd=1, Preço=10.00 (Dia 10)
Evento registrado: Produto=5, Qtd=1, Preço=10.00 (Dia 10)
Evento registrado: Produto=1, Qtd=1, Preço=10.00 (Dia 10)
Evento registrado: Produto=3, Qtd=1, Preço=10.00 (Dia 10)
Evento registrado: Produto=3, Qtd=1, Preço=10.00 (Dia 10)
Evento registrado: Produto=5, Qtd=1, Preço=10.00 (Dia 10)
Evento registrado: Produto=4, Qtd=1, Preço=10.00 (Dia 10)
Evento registrado: Produto=4, Qtd=1, Preço=10.00 (Dia 10)
Evento registrado: Produto=4, Qtd=1, Preço=10.00 (Dia 10)
Evento registrado: Produto=2, Qtd=1, Preço=10.00 (Dia 10)
Evento registrado: Produto=2, Qtd=1, Preço=10.00 (Dia 10)
Evento registrado: Produto=4, Qtd=1, Preço=10.00 (Dia 10)
Evento registrado: Produto=1, Qtd=1, Preço=10.00 (Dia 10)
Evento registrado: Produto=1, Qtd=1, Preço=10.00 (Dia 10)
Evento registrado: Produto=3, Qtd=1, Preço=10.00 (Dia 10)
Evento registrado: Produto=2, Qtd=1, Preço=10.00 (Dia 10)
Evento registrado: Produto=5, Qtd=1, Preço=10.00 (Dia 10)
Evento registrado: Produto=1, Qtd=1, Preço=10.00 (Dia 10)
Evento registrado: Produto=1, Qtd=1, Preço=10.00 (Dia 10)
Evento registrado: Produto=2, Qtd=1, Preço=10.00 (Dia 10)
Evento registrado: Produto=5, Qtd=1, Preço=10.00 (Dia 10)
Evento registrado: Produto=3, Qtd=1, Preço=10.00 (Dia 10)
Evento registrado: Produto=5, Qtd=1, Preço=10.00 (Dia 10)
Evento registrado: Produto=3, Qtd=1, Preço=10.00 (Dia 10)
Evento registrado: Produto=4, Qtd=1, Preço=10.00 (Dia 10)
Evento registrado: Produto=3, Qtd=1, Preço=10.00 (Dia 10)
Evento registrado: Produto=4, Qtd=1, Preço=10.00 (Dia 10)
Evento registrado: Produto=5, Qtd=1, Preço=10.00 (Dia 10)
Evento registrado: Produto=1, Qtd=1, Preço=10.00 (Dia 10)
Evento registrado: Produto=3, Qtd=1, Preço=10.00 (Dia 10)
Evento registrado: Produto=3, Qtd=1, Preço=10.00 (Dia 10)
Evento registrado: Produto=1, Qtd=1, Preço=10.00 (Dia 10)
Evento registrado: Produto=2, Qtd=1, Preço=10.00 (Dia 10)
Evento registrado: Produto=1, Qtd=1, Preço=10.00 (Dia 10)
Evento registrado: Produto=5, Qtd=1, Preço=10.00 (Dia 10)
Evento registrado: Produto=5, Qtd=1, Preço=10.00 (Dia 10)
Evento registrado: Produto=2, Qtd=1, Preço=10.00 (Dia 10)
Evento registrado: Produto=4, Qtd=1, Preço=10.00 (Dia 10)
Evento registrado: Produto=2, Qtd=1, Preço=10.00 (Dia 10)
Evento registrado: Produto=1, Qtd=1, Preço=10.00 (Dia 10)
Evento registrado: Produto=4, Qtd=1, Preço=10.00 (Dia 10)
Evento registrado: Produto=2, Qtd=1, Preço=10.00 (Dia 10)
Evento registrado: Produto=5, Qtd=1, Preço=10.00 (Dia 10)
Evento registrado: Produto=4, Qtd=1, Preço=10.00 (Dia 10)
Evento registrado: Produto=4, Qtd=1, Preço=10.00 (Dia 10)
Evento registrado: Produto=3, Qtd=1, Preço=10.00 (Dia 10)
Evento registrado: Produto=3, Qtd=1, Preço=10.00 (Dia 10)
Evento registrado: Produto=5, Qtd=1, Preço=10.00 (Dia 10)
Evento registrado: Produto=1, Qtd=1, Preço=10.00 (Dia 10)
Evento registrado: Produto=4, Qtd=1, Preço=10.00 (Dia 10)
Evento registrado: Produto=1, Qtd=1, Preço=10.00 (Dia 10)
Evento registrado: Produto=3, Qtd=1, Preço=10.00 (Dia 10)
Evento registrado: Produto=2, Qtd=1, Preço=10.00 (Dia 10)
Evento registrado: Produto=3, Qtd=1, Preço=10.00 (Dia 10)
Evento registrado: Produto=5, Qtd=1, Preço=10.00 (Dia 10)
Evento registrado: Produto=1, Qtd=1, Preço=10.00 (Dia 10)
Evento registrado: Produto=2, Qtd=1, Preço=10.00 (Dia 10)
Evento registrado: Produto=1, Qtd=1, Preço=10.00 (Dia 10)
Evento registrado: Produto=2, Qtd=1, Preço=10.00 (Dia 10)
Evento registrado: Produto=2, Qtd=1, Preço=10.00 (Dia 10)
Evento registrado: Produto=5, Qtd=1, Preço=10.00 (Dia 10)
Evento registrado: Produto=4, Qtd=1, Preço=10.00 (Dia 10)
Evento registrado: Produto=5, Qtd=1, Preço=10.00 (Dia 10)
Evento registrado: Produto=1, Qtd=1, Preço=10.00 (Dia 10)
Evento registrado: Produto=4, Qtd=1, Preço=10.00 (Dia 10)
Evento registrado: Produto=1, Qtd=1, Preço=10.00 (Dia 10)
Evento registrado: Produto=4, Qtd=1, Preço=10.00 (Dia 10)
Evento registrado: Produto=4, Qtd=1, Preço=10.00 (Dia 10)
Evento registrado: Produto=3, Qtd=1, Preço=10.00 (Dia 10)
Evento registrado: Produto=3, Qtd=1, Preço=10.00 (Dia 10)
Evento registrado: Produto=5, Qtd=1, Preço=10.00 (Dia 10)
Evento registrado: Produto=3, Qtd=1, Preço=10.00 (Dia 10)
Evento registrado: Produto=3, Qtd=1, Preço=10.00 (Dia 10)
Evento registrado: Produto=1, Qtd=1, Preço=10.00 (Dia 10)
Evento registrado: Produto=2, Qtd=1, Preço=10.00 (Dia 10)
Evento registrado: Produto=2, Qtd=1, Preço=10.00 (Dia 10)
Evento registrado: Produto=2, Qtd=1, Preço=10.00 (Dia 10)
Evento registrado: Produto=4, Qtd=1, Preço=10.00 (Dia 10)
Evento registrado: Produto=2, Qtd=1, Preço=10.00 (Dia 10)
Evento registrado: Produto=1, Qtd=1, Preço=10.00 (Dia 10)
Evento registrado: Produto=5, Qtd=1, Preço=10.00 (Dia 10)
Evento registrado: Produto=5, Qtd=1, Preço=10.00 (Dia 10)
Evento registrado: Produto=5, Qtd=1, Preço=10.00 (Dia 10)
Evento registrado: Produto=1, Qtd=1, Preço=10.00 (Dia 10)
Evento registrado: Produto=3, Qtd=1, Preço=10.00 (Dia 10)
Evento registrado: Produto=1, Qtd=1, Preço=10.00 (Dia 10)
Evento registrado: Produto=3, Qtd=1, Preço=10.00 (Dia 10)
Evento registrado: Produto=3, Qtd=1, Preço=10.00 (Dia 10)
Evento registrado: Produto=4, Qtd=1, Preço=10.00 (Dia 10)
Evento registrado: Produto=5, Qtd=1, Preço=10.00 (Dia 10)
Evento registrado: Produto=3, Qtd=1, Preço=10.00 (Dia 10)
Evento registrado: Produto=1, Qtd=1, Preço=10.00 (Dia 10)
Evento registrado: Produto=4, Qtd=1, Preço=10.00 (Dia 10)
Evento registrado: Produto=2, Qtd=1, Preço=10.00 (Dia 10)
Evento registrado: Produto=2, Qtd=1, Preço=10.00 (Dia 10)
Evento registrado: Produto=4, Qtd=1, Preço=10.00 (Dia 10)
Evento registrado: Produto=2, Qtd=1, Preço=10.00 (Dia 10)
Evento registrado: Produto=4, Qtd=1, Preço=10.00 (Dia 10)
Evento registrado: Produto=5, Qtd=1, Preço=10.00 (Dia 10)
Evento registrado: Produto=2, Qtd=1, Preço=10.00 (Dia 10)
Evento registrado: Produto=5, Qtd=1, Preço=10.00 (Dia 10)
Evento registrado: Produto=1, Qtd=1, Preço=10.00 (Dia 10)
Evento registrado: Produto=5, Qtd=1, Preço=10.00 (Dia 10)
Evento registrado: Produto=1, Qtd=1, Preço=10.00 (Dia 10)
Evento registrado: Produto=3, Qtd=1, Preço=10.00 (Dia 10)
Evento registrado: Produto=3, Qtd=1, Preço=10.00 (Dia 10)
Evento registrado: Produto=2, Qtd=1, Preço=10.00 (Dia 10)
Evento registrado: Produto=3, Qtd=1, Preço=10.00 (Dia 10)
Evento registrado: Produto=4, Qtd=1, Preço=10.00 (Dia 10)
Evento registrado: Produto=1, Qtd=1, Preço=10.00 (Dia 10)
Evento registrado: Produto=2, Qtd=1, Preço=10.00 (Dia 10)
Evento registrado: Produto=1, Qtd=1, Preço=10.00 (Dia 10)
Evento registrado: Produto=5, Qtd=1, Preço=10.00 (Dia 10)
Evento registrado: Produto=5, Qtd=1, Preço=10.00 (Dia 10)
Evento registrado: Produto=1, Qtd=1, Preço=10.00 (Dia 10)
Evento registrado: Produto=2, Qtd=1, Preço=10.00 (Dia 10)
Evento registrado: Produto=4, Qtd=1, Preço=10.00 (Dia 10)
Evento registrado: Produto=5, Qtd=1, Preço=10.00 (Dia 10)
Evento registrado: Produto=3, Qtd=1, Preço=10.00 (Dia 10)
Evento registrado: Produto=4, Qtd=1, Preço=10.00 (Dia 10)
Evento registrado: Produto=2, Qtd=1, Preço=10.00 (Dia 10)
Evento registrado: Produto=4, Qtd=1, Preço=10.00 (Dia 10)
Evento registrado: Produto=5, Qtd=1, Preço=10.00 (Dia 10)
Evento registrado: Produto=3, Qtd=1, Preço=10.00 (Dia 10)
Evento registrado: Produto=2, Qtd=1, Preço=10.00 (Dia 10)
Evento registrado: Produto=1, Qtd=1, Preço=10.00 (Dia 10)
Evento registrado: Produto=5, Qtd=1, Preço=10.00 (Dia 10)
Evento registrado: Produto=1, Qtd=1, Preço=10.00 (Dia 10)
Evento registrado: Produto=2, Qtd=1, Preço=10.00 (Dia 10)
Evento registrado: Produto=3, Qtd=1, Preço=10.00 (Dia 10)
Evento registrado: Produto=4, Qtd=1, Preço=10.00 (Dia 10)
Evento registrado: Produto=1, Qtd=1, Preço=10.00 (Dia 10)
Evento registrado: Produto=3, Qtd=1, Preço=10.00 (Dia 10)
Evento registrado: Produto=5, Qtd=1, Preço=10.00 (Dia 10)
Evento registrado: Produto=2, Qtd=1, Preço=10.00 (Dia 10)
Evento registrado: Produto=4, Qtd=1, Preço=10.00 (Dia 10)
Evento registrado: Produto=5, Qtd=1, Preço=10.00 (Dia 10)
Evento registrado: Produto=4, Qtd=1, Preço=10.00 (Dia 10)
Evento registrado: Produto=3, Qtd=1, Preço=10.00 (Dia 10)
Evento registrado: Produto=1, Qtd=1, Preço=10.00 (Dia 10)
Evento registrado: Produto=2, Qtd=1, Preço=10.00 (Dia 10)
Evento registrado: Produto=4, Qtd=1, Preço=10.00 (Dia 10)
Evento registrado: Produto=5, Qtd=1, Preço=10.00 (Dia 10)
Evento registrado: Produto=3, Qtd=1, Preço=10.00 (Dia 10)
Evento registrado: Produto=5, Qtd=1, Preço=10.00 (Dia 10)
Evento registrado: Produto=2, Qtd=1, Preço=10.00 (Dia 10)
Evento registrado: Produto=3, Qtd=1, Preço=10.00 (Dia 10)
Evento registrado: Produto=1, Qtd=1, Preço=10.00 (Dia 10)
Evento registrado: Produto=1, Qtd=1, Preço=10.00 (Dia 10)
Evento registrado: Produto=2, Qtd=1, Preço=10.00 (Dia 10)
Evento registrado: Produto=1, Qtd=1, Preço=10.00 (Dia 10)
Evento registrado: Produto=5, Qtd=1, Preço=10.00 (Dia 10)
Evento registrado: Produto=2, Qtd=1, Preço=10.00 (Dia 10)
Evento registrado: Produto=4, Qtd=1, Preço=10.00 (Dia 10)
Evento registrado: Produto=3, Qtd=1, Preço=10.00 (Dia 10)
Evento registrado: Produto=4, Qtd=1, Preço=10.00 (Dia 10)
Evento registrado: Produto=5, Qtd=1, Preço=10.00 (Dia 10)
Evento registrado: Produto=3, Qtd=1, Preço=10.00 (Dia 10)
Evento registrado: Produto=4, Qtd=1, Preço=10.00 (Dia 10)
Evento registrado: Produto=4, Qtd=1, Preço=10.00 (Dia 10)
Evento registrado: Produto=2, Qtd=1, Preço=10.00 (Dia 10)
Evento registrado: Produto=1, Qtd=1, Preço=10.00 (Dia 10)
Evento registrado: Produto=5, Qtd=1, Preço=10.00 (Dia 10)
Evento registrado: Produto=2, Qtd=1, Preço=10.00 (Dia 10)
Evento registrado: Produto=2, Qtd=1, Preço=10.00 (Dia 10)
Evento registrado: Produto=3, Qtd=1, Preço=10.00 (Dia 10)
Evento registrado: Produto=5, Qtd=1, Preço=10.00 (Dia 10)
Evento registrado: Produto=3, Qtd=1, Preço=10.00 (Dia 10)
Evento registrado: Produto=5, Qtd=1, Preço=10.00 (Dia 10)
Evento registrado: Produto=4, Qtd=1, Preço=10.00 (Dia 10)
Evento registrado: Produto=2, Qtd=1, Preço=10.00 (Dia 10)
Evento registrado: Produto=4, Qtd=1, Preço=10.00 (Dia 10)
Evento registrado: Produto=4, Qtd=1, Preço=10.00 (Dia 10)
Evento registrado: Produto=2, Qtd=1, Preço=10.00 (Dia 10)
Evento registrado: Produto=1, Qtd=1, Preço=10.00 (Dia 10)
Evento registrado: Produto=4, Qtd=1, Preço=10.00 (Dia 10)
Evento registrado: Produto=3, Qtd=1, Preço=10.00 (Dia 10)
Evento registrado: Produto=5, Qtd=1, Preço=10.00 (Dia 10)
Evento registrado: Produto=3, Qtd=1, Preço=10.00 (Dia 10)
Evento registrado: Produto=1, Qtd=1, Preço=10.00 (Dia 10)
Evento registrado: Produto=1, Qtd=1, Preço=10.00 (Dia 10)
Evento registrado: Produto=1, Qtd=1, Preço=10.00 (Dia 10)
Evento registrado: Produto=5, Qtd=1, Preço=10.00 (Dia 10)
Evento registrado: Produto=3, Qtd=1, Preço=10.00 (Dia 10)
Evento registrado: Produto=3, Qtd=1, Preço=10.00 (Dia 10)
Evento registrado: Produto=4, Qtd=1, Preço=10.00 (Dia 10)
Evento registrado: Produto=4, Qtd=1, Preço=10.00 (Dia 10)
Evento registrado: Produto=5, Qtd=1, Preço=10.00 (Dia 10)
Evento registrado: Produto=2, Qtd=1, Preço=10.00 (Dia 10)
Evento registrado: Produto=5, Qtd=1, Preço=10.00 (Dia 10)
Evento registrado: Produto=2, Qtd=1, Preço=10.00 (Dia 10)
Evento registrado: Produto=4, Qtd=1, Preço=10.00 (Dia 10)
Evento registrado: Produto=2, Qtd=1, Preço=10.00 (Dia 10)
Evento registrado: Produto=5, Qtd=1, Preço=10.00 (Dia 10)
Evento registrado: Produto=1, Qtd=1, Preço=10.00 (Dia 10)
Evento registrado: Produto=2, Qtd=1, Preço=10.00 (Dia 10)
Evento registrado: Produto=1, Qtd=1, Preço=10.00 (Dia 10)
Evento registrado: Produto=1, Qtd=1, Preço=10.00 (Dia 10)
Evento registrado: Produto=3, Qtd=1, Preço=10.00 (Dia 10)
Evento registrado: Produto=3, Qtd=1, Preço=10.00 (Dia 10)
Evento registrado: Produto=1, Qtd=1, Preço=10.00 (Dia 10)
Evento registrado: Produto=4, Qtd=1, Preço=10.00 (Dia 10)
Evento registrado: Produto=5, Qtd=1, Preço=10.00 (Dia 10)
Evento registrado: Produto=4, Qtd=1, Preço=10.00 (Dia 10)
Evento registrado: Produto=3, Qtd=1, Preço=10.00 (Dia 10)
Evento registrado: Produto=5, Qtd=1, Preço=10.00 (Dia 10)
Evento registrado: Produto=2, Qtd=1, Preço=10.00 (Dia 10)
Evento registrado: Produto=2, Qtd=1, Preço=10.00 (Dia 10)
Evento registrado: Produto=2, Qtd=1, Preço=10.00 (Dia 10)
Evento registrado: Produto=3, Qtd=1, Preço=10.00 (Dia 10)
Evento registrado: Produto=1, Qtd=1, Preço=10.00 (Dia 10)
Evento registrado: Produto=4, Qtd=1, Preço=10.00 (Dia 10)
Evento registrado: Produto=1, Qtd=1, Preço=10.00 (Dia 10)
Evento registrado: Produto=4, Qtd=1, Preço=10.00 (Dia 10)
Evento registrado: Produto=1, Qtd=1, Preço=10.00 (Dia 10)
Evento registrado: Produto=4, Qtd=1, Preço=10.00 (Dia 10)
Evento registrado: Produto=5, Qtd=1, Preço=10.00 (Dia 10)
Evento registrado: Produto=2, Qtd=1, Preço=10.00 (Dia 10)
Evento registrado: Produto=3, Qtd=1, Preço=10.00 (Dia 10)
Evento registrado: Produto=1, Qtd=1, Preço=10.00 (Dia 10)
Evento registrado: Produto=5, Qtd=1, Preço=10.00 (Dia 10)
Evento registrado: Produto=5, Qtd=1, Preço=10.00 (Dia 10)
Evento registrado: Produto=3, Qtd=1, Preço=10.00 (Dia 10)
Evento registrado: Produto=3, Qtd=1, Preço=10.00 (Dia 10)
Evento registrado: Produto=2, Qtd=1, Preço=10.00 (Dia 10)
Evento registrado: Produto=1, Qtd=1, Preço=10.00 (Dia 10)
Evento registrado: Produto=5, Qtd=1, Preço=10.00 (Dia 10)
Evento registrado: Produto=2, Qtd=1, Preço=10.00 (Dia 10)
Evento registrado: Produto=2, Qtd=1, Preço=10.00 (Dia 10)
Evento registrado: Produto=1, Qtd=1, Preço=10.00 (Dia 10)
Evento registrado: Produto=1, Qtd=1, Preço=10.00 (Dia 10)
Evento registrado: Produto=5, Qtd=1, Preço=10.00 (Dia 10)
Evento registrado: Produto=1, Qtd=1, Preço=10.00 (Dia 10)
Evento registrado: Produto=4, Qtd=1, Preço=10.00 (Dia 10)
Evento registrado: Produto=4, Qtd=1, Preço=10.00 (Dia 10)
Evento registrado: Produto=5, Qtd=1, Preço=10.00 (Dia 10)
Evento registrado: Produto=4, Qtd=1, Preço=10.00 (Dia 10)
Evento registrado: Produto=4, Qtd=1, Preço=10.00 (Dia 10)
Evento registrado: Produto=3, Qtd=1, Preço=10.00 (Dia 10)
Evento registrado: Produto=5, Qtd=1, Preço=10.00 (Dia 10)
Evento registrado: Produto=2, Qtd=1, Preço=10.00 (Dia 10)
Evento registrado: Produto=3, Qtd=1, Preço=10.00 (Dia 10)
Evento registrado: Produto=3, Qtd=1, Preço=10.00 (Dia 10)
Evento registrado: Produto=3, Qtd=1, Preço=10.00 (Dia 10)
Evento registrado: Produto=2, Qtd=1, Preço=10.00 (Dia 10)
Evento registrado: Produto=5, Qtd=1, Preço=10.00 (Dia 10)
Evento registrado: Produto=1, Qtd=1, Preço=10.00 (Dia 10)
Evento registrado: Produto=1, Qtd=1, Preço=10.00 (Dia 10)
Evento registrado: Produto=4, Qtd=1, Preço=10.00 (Dia 10)
Evento registrado: Produto=1, Qtd=1, Preço=10.00 (Dia 10)
Evento registrado: Produto=2, Qtd=1, Preço=10.00 (Dia 10)
Evento registrado: Produto=2, Qtd=1, Preço=10.00 (Dia 10)
Evento registrado: Produto=3, Qtd=1, Preço=10.00 (Dia 10)
Evento registrado: Produto=2, Qtd=1, Preço=10.00 (Dia 10)
Evento registrado: Produto=5, Qtd=1, Preço=10.00 (Dia 10)
Evento registrado: Produto=3, Qtd=1, Preço=10.00 (Dia 10)
Evento registrado: Produto=4, Qtd=1, Preço=10.00 (Dia 10)
Evento registrado: Produto=5, Qtd=1, Preço=10.00 (Dia 10)
Evento registrado: Produto=4, Qtd=1, Preço=10.00 (Dia 10)
Evento registrado: Produto=4, Qtd=1, Preço=10.00 (Dia 10)
Evento registrado: Produto=5, Qtd=1, Preço=10.00 (Dia 10)
Evento registrado: Produto=3, Qtd=1, Preço=10.00 (Dia 10)
Evento registrado: Produto=1, Qtd=1, Preço=10.00 (Dia 10)
Evento registrado: Produto=4, Qtd=1, Preço=10.00 (Dia 10)
Evento registrado: Produto=2, Qtd=1, Preço=10.00 (Dia 10)
Evento registrado: Produto=1, Qtd=1, Preço=10.00 (Dia 10)
Evento registrado: Produto=2, Qtd=1, Preço=10.00 (Dia 10)
Evento registrado: Produto=1, Qtd=1, Preço=10.00 (Dia 10)
Evento registrado: Produto=2, Qtd=1, Preço=10.00 (Dia 10)
Evento registrado: Produto=5, Qtd=1, Preço=10.00 (Dia 10)
Evento registrado: Produto=2, Qtd=1, Preço=10.00 (Dia 10)
Evento registrado: Produto=3, Qtd=1, Preço=10.00 (Dia 10)
Evento registrado: Produto=5, Qtd=1, Preço=10.00 (Dia 10)
Evento registrado: Produto=3, Qtd=1, Preço=10.00 (Dia 10)
Evento registrado: Produto=4, Qtd=1, Preço=10.00 (Dia 10)
Evento registrado: Produto=3, Qtd=1, Preço=10.00 (Dia 10)
Evento registrado: Produto=4, Qtd=1, Preço=10.00 (Dia 10)
Evento registrado: Produto=1, Qtd=1, Preço=10.00 (Dia 10)
Evento registrado: Produto=3, Qtd=1, Preço=10.00 (Dia 10)
Evento registrado: Produto=5, Qtd=1, Preço=10.00 (Dia 10)
Evento registrado: Produto=4, Qtd=1, Preço=10.00 (Dia 10)
Evento registrado: Produto=5, Qtd=1, Preço=10.00 (Dia 10)
Evento registrado: Produto=1, Qtd=1, Preço=10.00 (Dia 10)
Evento registrado: Produto=4, Qtd=1, Preço=10.00 (Dia 10)
Evento registrado: Produto=2, Qtd=1, Preço=10.00 (Dia 10)
Evento registrado: Produto=5, Qtd=1, Preço=10.00 (Dia 10)
Evento registrado: Produto=2, Qtd=1, Preço=10.00 (Dia 10)
Evento registrado: Produto=2, Qtd=1, Preço=10.00 (Dia 10)
Evento registrado: Produto=1, Qtd=1, Preço=10.00 (Dia 10)
Evento registrado: Produto=4, Qtd=1, Preço=10.00 (Dia 10)
Evento registrado: Produto=5, Qtd=1, Preço=10.00 (Dia 10)
Evento registrado: Produto=3, Qtd=1, Preço=10.00 (Dia 10)
Evento registrado: Produto=3, Qtd=1, Preço=10.00 (Dia 10)
Evento registrado: Produto=3, Qtd=1, Preço=10.00 (Dia 10)
Evento registrado: Produto=5, Qtd=1, Preço=10.00 (Dia 10)
Evento registrado: Produto=1, Qtd=1, Preço=10.00 (Dia 10)
Evento registrado: Produto=3, Qtd=1, Preço=10.00 (Dia 10)
Evento registrado: Produto=4, Qtd=1, Preço=10.00 (Dia 10)
Evento registrado: Produto=1, Qtd=1, Preço=10.00 (Dia 10)
Evento registrado: Produto=5, Qtd=1, Preço=10.00 (Dia 10)
Evento registrado: Produto=4, Qtd=1, Preço=10.00 (Dia 10)
Evento registrado: Produto=1, Qtd=1, Preço=10.00 (Dia 10)
Evento registrado: Produto=2, Qtd=1, Preço=10.00 (Dia 10)
Evento registrado: Produto=3, Qtd=1, Preço=10.00 (Dia 10)
Evento registrado: Produto=5, Qtd=1, Preço=10.00 (Dia 10)
Evento registrado: Produto=5, Qtd=1, Preço=10.00 (Dia 10)
Evento registrado: Produto=2, Qtd=1, Preço=10.00 (Dia 10)
Evento registrado: Produto=4, Qtd=1, Preço=10.00 (Dia 10)
Evento registrado: Produto=2, Qtd=1, Preço=10.00 (Dia 10)
Evento registrado: Produto=3, Qtd=1, Preço=10.00 (Dia 10)
Evento registrado: Produto=1, Qtd=1, Preço=10.00 (Dia 10)
Evento registrado: Produto=3, Qtd=1, Preço=10.00 (Dia 10)
Evento registrado: Produto=4, Qtd=1, Preço=10.00 (Dia 10)
Evento registrado: Produto=4, Qtd=1, Preço=10.00 (Dia 10)
Evento registrado: Produto=2, Qtd=1, Preço=10.00 (Dia 10)
Evento registrado: Produto=4, Qtd=1, Preço=10.00 (Dia 10)
Evento registrado: Produto=1, Qtd=1, Preço=10.00 (Dia 10)
Evento registrado: Produto=5, Qtd=1, Preço=10.00 (Dia 10)
Evento registrado: Produto=2, Qtd=1, Preço=10.00 (Dia 10)
Evento registrado: Produto=5, Qtd=1, Preço=10.00 (Dia 10)
Evento registrado: Produto=1, Qtd=1, Preço=10.00 (Dia 10)
Evento registrado: Produto=3, Qtd=1, Preço=10.00 (Dia 10)
Evento registrado: Produto=1, Qtd=1, Preço=10.00 (Dia 10)
Evento registrado: Produto=3, Qtd=1, Preço=10.00 (Dia 10)
Evento registrado: Produto=2, Qtd=1, Preço=10.00 (Dia 10)
Evento registrado: Produto=4, Qtd=1, Preço=10.00 (Dia 10)
Evento registrado: Produto=2, Qtd=1, Preço=10.00 (Dia 10)
Evento registrado: Produto=4, Qtd=1, Preço=10.00 (Dia 10)
Evento registrado: Produto=1, Qtd=1, Preço=10.00 (Dia 10)
Evento registrado: Produto=3, Qtd=1, Preço=10.00 (Dia 10)
Evento registrado: Produto=4, Qtd=1, Preço=10.00 (Dia 10)
Evento registrado: Produto=5, Qtd=1, Preço=10.00 (Dia 10)
Evento registrado: Produto=5, Qtd=1, Preço=10.00 (Dia 10)
Evento registrado: Produto=1, Qtd=1, Preço=10.00 (Dia 10)
Evento registrado: Produto=2, Qtd=1, Preço=10.00 (Dia 10)
Evento registrado: Produto=3, Qtd=1, Preço=10.00 (Dia 10)
Evento registrado: Produto=4, Qtd=1, Preço=10.00 (Dia 10)
Evento registrado: Produto=1, Qtd=1, Preço=10.00 (Dia 10)
Evento registrado: Produto=5, Qtd=1, Preço=10.00 (Dia 10)
Evento registrado: Produto=2, Qtd=1, Preço=10.00 (Dia 10)
Evento registrado: Produto=1, Qtd=1, Preço=10.00 (Dia 10)
Evento registrado: Produto=3, Qtd=1, Preço=10.00 (Dia 10)
Evento registrado: Produto=5, Qtd=1, Preço=10.00 (Dia 10)
Evento registrado: Produto=3, Qtd=1, Preço=10.00 (Dia 10)
Evento registrado: Produto=4, Qtd=1, Preço=10.00 (Dia 10)
Evento registrado: Produto=2, Qtd=1, Preço=10.00 (Dia 10)
Evento registrado: Produto=5, Qtd=1, Preço=10.00 (Dia 10)
Evento registrado: Produto=3, Qtd=1, Preço=10.00 (Dia 10)
Evento registrado: Produto=2, Qtd=1, Preço=10.00 (Dia 10)
Evento registrado: Produto=3, Qtd=1, Preço=10.00 (Dia 10)
Evento registrado: Produto=4, Qtd=1, Preço=10.00 (Dia 10)
Evento registrado: Produto=5, Qtd=1, Preço=10.00 (Dia 10)
Evento registrado: Produto=5, Qtd=1, Preço=10.00 (Dia 10)
Evento registrado: Produto=1, Qtd=1, Preço=10.00 (Dia 10)
Evento registrado: Produto=2, Qtd=1, Preço=10.00 (Dia 10)
Evento registrado: Produto=5, Qtd=1, Preço=10.00 (Dia 10)
Evento registrado: Produto=1, Qtd=1, Preço=10.00 (Dia 10)
Evento registrado: Produto=4, Qtd=1, Preço=10.00 (Dia 10)
Evento registrado: Produto=1, Qtd=1, Preço=10.00 (Dia 10)
Evento registrado: Produto=2, Qtd=1, Preço=10.00 (Dia 10)
Evento registrado: Produto=4, Qtd=1, Preço=10.00 (Dia 10)
Evento registrado: Produto=1, Qtd=1, Preço=10.00 (Dia 10)
Evento registrado: Produto=3, Qtd=1, Preço=10.00 (Dia 10)
Evento registrado: Produto=4, Qtd=1, Preço=10.00 (Dia 10)
Evento registrado: Produto=5, Qtd=1, Preço=10.00 (Dia 10)
Evento registrado: Produto=3, Qtd=1, Preço=10.00 (Dia 10)
Evento registrado: Produto=3, Qtd=1, Preço=10.00 (Dia 10)
Evento registrado: Produto=5, Qtd=1, Preço=10.00 (Dia 10)
Evento registrado: Produto=3, Qtd=1, Preço=10.00 (Dia 10)
Evento registrado: Produto=2, Qtd=1, Preço=10.00 (Dia 10)
Evento registrado: Produto=1, Qtd=1, Preço=10.00 (Dia 10)
Evento registrado: Produto=1, Qtd=1, Preço=10.00 (Dia 10)
Evento registrado: Produto=2, Qtd=1, Preço=10.00 (Dia 10)
Evento registrado: Produto=1, Qtd=1, Preço=10.00 (Dia 10)
Evento registrado: Produto=2, Qtd=1, Preço=10.00 (Dia 10)
Evento registrado: Produto=1, Qtd=1, Preço=10.00 (Dia 10)
Evento registrado: Produto=5, Qtd=1, Preço=10.00 (Dia 10)
Evento registrado: Produto=3, Qtd=1, Preço=10.00 (Dia 10)
Evento registrado: Produto=2, Qtd=1, Preço=10.00 (Dia 10)
Evento registrado: Produto=5, Qtd=1, Preço=10.00 (Dia 10)
Evento registrado: Produto=4, Qtd=1, Preço=10.00 (Dia 10)
Evento registrado: Produto=4, Qtd=1, Preço=10.00 (Dia 10)
Evento registrado: Produto=4, Qtd=1, Preço=10.00 (Dia 10)
Evento registrado: Produto=4, Qtd=1, Preço=10.00 (Dia 10)
Evento registrado: Produto=5, Qtd=1, Preço=10.00 (Dia 10)
Evento registrado: Produto=3, Qtd=1, Preço=10.00 (Dia 10)
Evento registrado: Produto=3, Qtd=1, Preço=10.00 (Dia 10)
Evento registrado: Produto=2, Qtd=1, Preço=10.00 (Dia 10)
Evento registrado: Produto=5, Qtd=1, Preço=10.00 (Dia 10)
Evento registrado: Produto=2, Qtd=1, Preço=10.00 (Dia 10)
Evento registrado: Produto=5, Qtd=1, Preço=10.00 (Dia 10)
Evento registrado: Produto=1, Qtd=1, Preço=10.00 (Dia 10)
Evento registrado: Produto=4, Qtd=1, Preço=10.00 (Dia 10)
Evento registrado: Produto=1, Qtd=1, Preço=10.00 (Dia 10)
Evento registrado: Produto=3, Qtd=1, Preço=10.00 (Dia 10)
Evento registrado: Produto=4, Qtd=1, Preço=10.00 (Dia 10)
Evento registrado: Produto=4, Qtd=1, Preço=10.00 (Dia 10)
Evento registrado: Produto=3, Qtd=1, Preço=10.00 (Dia 10)
Evento registrado: Produto=2, Qtd=1, Preço=10.00 (Dia 10)
Evento registrado: Produto=1, Qtd=1, Preço=10.00 (Dia 10)
Evento registrado: Produto=1, Qtd=1, Preço=10.00 (Dia 10)
Evento registrado: Produto=2, Qtd=1, Preço=10.00 (Dia 10)
Evento registrado: Produto=5, Qtd=1, Preço=10.00 (Dia 10)
Evento registrado: Produto=3, Qtd=1, Preço=10.00 (Dia 10)
Evento registrado: Produto=2, Qtd=1, Preço=10.00 (Dia 10)
Evento registrado: Produto=2, Qtd=1, Preço=10.00 (Dia 10)
Evento registrado: Produto=2, Qtd=1, Preço=10.00 (Dia 10)
Evento registrado: Produto=5, Qtd=1, Preço=10.00 (Dia 10)
Evento registrado: Produto=1, Qtd=1, Preço=10.00 (Dia 10)
Evento registrado: Produto=4, Qtd=1, Preço=10.00 (Dia 10)
Evento registrado: Produto=5, Qtd=1, Preço=10.00 (Dia 10)
Evento registrado: Produto=3, Qtd=1, Preço=10.00 (Dia 10)
Evento registrado: Produto=1, Qtd=1, Preço=10.00 (Dia 10)
Evento registrado: Produto=1, Qtd=1, Preço=10.00 (Dia 10)
Evento registrado: Produto=1, Qtd=1, Preço=10.00 (Dia 10)
Evento registrado: Produto=4, Qtd=1, Preço=10.00 (Dia 10)
Evento registrado: Produto=4, Qtd=1, Preço=10.00 (Dia 10)
Evento registrado: Produto=3, Qtd=1, Preço=10.00 (Dia 10)
Evento registrado: Produto=4, Qtd=1, Preço=10.00 (Dia 10)
Evento registrado: Produto=3, Qtd=1, Preço=10.00 (Dia 10)
Evento registrado: Produto=2, Qtd=1, Preço=10.00 (Dia 10)
Evento registrado: Produto=5, Qtd=1, Preço=10.00 (Dia 10)
Evento registrado: Produto=5, Qtd=1, Preço=10.00 (Dia 10)
Evento registrado: Produto=3, Qtd=1, Preço=10.00 (Dia 10)
Evento registrado: Produto=2, Qtd=1, Preço=10.00 (Dia 10)
Evento registrado: Produto=2, Qtd=1, Preço=10.00 (Dia 10)
Evento registrado: Produto=5, Qtd=1, Preço=10.00 (Dia 10)
Evento registrado: Produto=2, Qtd=1, Preço=10.00 (Dia 10)
Evento registrado: Produto=4, Qtd=1, Preço=10.00 (Dia 10)
Evento registrado: Produto=1, Qtd=1, Preço=10.00 (Dia 10)
Evento registrado: Produto=1, Qtd=1, Preço=10.00 (Dia 10)
Evento registrado: Produto=5, Qtd=1, Preço=10.00 (Dia 10)
Evento registrado: Produto=1, Qtd=1, Preço=10.00 (Dia 10)
Evento registrado: Produto=4, Qtd=1, Preço=10.00 (Dia 10)
Evento registrado: Produto=1, Qtd=1, Preço=10.00 (Dia 10)
Evento registrado: Produto=4, Qtd=1, Preço=10.00 (Dia 10)
Evento registrado: Produto=3, Qtd=1, Preço=10.00 (Dia 10)
Evento registrado: Produto=3, Qtd=1, Preço=10.00 (Dia 10)
Evento registrado: Produto=3, Qtd=1, Preço=10.00 (Dia 10)
Evento registrado: Produto=4, Qtd=1, Preço=10.00 (Dia 10)
Evento registrado: Produto=5, Qtd=1, Preço=10.00 (Dia 10)
Evento registrado: Produto=2, Qtd=1, Preço=10.00 (Dia 10)
Evento registrado: Produto=5, Qtd=1, Preço=10.00 (Dia 10)
Evento registrado: Produto=5, Qtd=1, Preço=10.00 (Dia 10)
Evento registrado: Produto=2, Qtd=1, Preço=10.00 (Dia 10)
Evento registrado: Produto=5, Qtd=1, Preço=10.00 (Dia 10)
Evento registrado: Produto=3, Qtd=1, Preço=10.00 (Dia 10)
Evento registrado: Produto=4, Qtd=1, Preço=10.00 (Dia 10)
Evento registrado: Produto=4, Qtd=1, Preço=10.00 (Dia 10)
Evento registrado: Produto=5, Qtd=1, Preço=10.00 (Dia 10)
Evento registrado: Produto=1, Qtd=1, Preço=10.00 (Dia 10)
Evento registrado: Produto=2, Qtd=1, Preço=10.00 (Dia 10)
Evento registrado: Produto=1, Qtd=1, Preço=10.00 (Dia 10)
Evento registrado: Produto=4, Qtd=1, Preço=10.00 (Dia 10)
Evento registrado: Produto=3, Qtd=1, Preço=10.00 (Dia 10)
Evento registrado: Produto=4, Qtd=1, Preço=10.00 (Dia 10)
Evento registrado: Produto=3, Qtd=1, Preço=10.00 (Dia 10)
Evento registrado: Produto=5, Qtd=1, Preço=10.00 (Dia 10)
Evento registrado: Produto=2, Qtd=1, Preço=10.00 (Dia 10)
Evento registrado: Produto=2, Qtd=1, Preço=10.00 (Dia 10)
Evento registrado: Produto=1, Qtd=1, Preço=10.00 (Dia 10)
Evento registrado: Produto=3, Qtd=1, Preço=10.00 (Dia 10)
Evento registrado: Produto=1, Qtd=1, Preço=10.00 (Dia 10)
Evento registrado: Produto=5, Qtd=1, Preço=10.00 (Dia 10)
Evento registrado: Produto=2, Qtd=1, Preço=10.00 (Dia 10)
Evento registrado: Produto=5, Qtd=1, Preço=10.00 (Dia 10)
Evento registrado: Produto=5, Qtd=1, Preço=10.00 (Dia 10)
Evento registrado: Produto=1, Qtd=1, Preço=10.00 (Dia 10)
Evento registrado: Produto=1, Qtd=1, Preço=10.00 (Dia 10)
Evento registrado: Produto=3, Qtd=1, Preço=10.00 (Dia 10)
Evento registrado: Produto=2, Qtd=1, Preço=10.00 (Dia 10)
Evento registrado: Produto=4, Qtd=1, Preço=10.00 (Dia 10)
Evento registrado: Produto=4, Qtd=1, Preço=10.00 (Dia 10)
Evento registrado: Produto=2, Qtd=1, Preço=10.00 (Dia 10)
Evento registrado: Produto=3, Qtd=1, Preço=10.00 (Dia 10)
Evento registrado: Produto=5, Qtd=1, Preço=10.00 (Dia 10)
Evento registrado: Produto=3, Qtd=1, Preço=10.00 (Dia 10)
Evento registrado: Produto=2, Qtd=1, Preço=10.00 (Dia 10)
Evento registrado: Produto=1, Qtd=1, Preço=10.00 (Dia 10)
Evento registrado: Produto=3, Qtd=1, Preço=10.00 (Dia 10)
Evento registrado: Produto=4, Qtd=1, Preço=10.00 (Dia 10)
Evento registrado: Produto=1, Qtd=1, Preço=10.00 (Dia 10)
Evento registrado: Produto=4, Qtd=1, Preço=10.00 (Dia 10)
Evento registrado: Produto=5, Qtd=1, Preço=10.00 (Dia 10)
Evento registrado: Produto=1, Qtd=1, Preço=10.00 (Dia 10)
Evento registrado: Produto=3, Qtd=1, Preço=10.00 (Dia 10)
Evento registrado: Produto=5, Qtd=1, Preço=10.00 (Dia 10)
Evento registrado: Produto=2, Qtd=1, Preço=10.00 (Dia 10)
Evento registrado: Produto=5, Qtd=1, Preço=10.00 (Dia 10)
Evento registrado: Produto=4, Qtd=1, Preço=10.00 (Dia 10)
Evento registrado: Produto=1, Qtd=1, Preço=10.00 (Dia 10)
Evento registrado: Produto=2, Qtd=1, Preço=10.00 (Dia 10)
Evento registrado: Produto=4, Qtd=1, Preço=10.00 (Dia 10)
Evento registrado: Produto=3, Qtd=1, Preço=10.00 (Dia 10)
Evento registrado: Produto=1, Qtd=1, Preço=10.00 (Dia 10)
Evento registrado: Produto=2, Qtd=1, Preço=10.00 (Dia 10)
Evento registrado: Produto=3, Qtd=1, Preço=10.00 (Dia 10)
Evento registrado: Produto=3, Qtd=1, Preço=10.00 (Dia 10)
Evento registrado: Produto=5, Qtd=1, Preço=10.00 (Dia 10)
Evento registrado: Produto=4, Qtd=1, Preço=10.00 (Dia 10)
Evento registrado: Produto=4, Qtd=1, Preço=10.00 (Dia 10)
Evento registrado: Produto=1, Qtd=1, Preço=10.00 (Dia 10)
Evento registrado: Produto=2, Qtd=1, Preço=10.00 (Dia 10)
Evento registrado: Produto=5, Qtd=1, Preço=10.00 (Dia 10)
Evento registrado: Produto=1, Qtd=1, Preço=10.00 (Dia 10)
Evento registrado: Produto=4, Qtd=1, Preço=10.00 (Dia 10)
Evento registrado: Produto=2, Qtd=1, Preço=10.00 (Dia 10)
Evento registrado: Produto=5, Qtd=1, Preço=10.00 (Dia 10)
Evento registrado: Produto=5, Qtd=1, Preço=10.00 (Dia 10)
Evento registrado: Produto=2, Qtd=1, Preço=10.00 (Dia 10)
Evento registrado: Produto=1, Qtd=1, Preço=10.00 (Dia 10)
Evento registrado: Produto=3, Qtd=1, Preço=10.00 (Dia 10)
Evento registrado: Produto=4, Qtd=1, Preço=10.00 (Dia 10)
Evento registrado: Produto=1, Qtd=1, Preço=10.00 (Dia 10)
Evento registrado: Produto=3, Qtd=1, Preço=10.00 (Dia 10)
Evento registrado: Produto=2, Qtd=1, Preço=10.00 (Dia 10)
Evento registrado: Produto=3, Qtd=1, Preço=10.00 (Dia 10)
Evento registrado: Produto=4, Qtd=1, Preço=10.00 (Dia 10)
Evento registrado: Produto=3, Qtd=1, Preço=10.00 (Dia 10)
Evento registrado: Produto=2, Qtd=1, Preço=10.00 (Dia 10)
Evento registrado: Produto=5, Qtd=1, Preço=10.00 (Dia 10)
Evento registrado: Produto=1, Qtd=1, Preço=10.00 (Dia 10)
Evento registrado: Produto=4, Qtd=1, Preço=10.00 (Dia 10)
Evento registrado: Produto=4, Qtd=1, Preço=10.00 (Dia 10)
Evento registrado: Produto=5, Qtd=1, Preço=10.00 (Dia 10)
Evento registrado: Produto=5, Qtd=1, Preço=10.00 (Dia 10)
Evento registrado: Produto=2, Qtd=1, Preço=10.00 (Dia 10)
Evento registrado: Produto=1, Qtd=1, Preço=10.00 (Dia 10)
Evento registrado: Produto=5, Qtd=1, Preço=10.00 (Dia 10)
Evento registrado: Produto=1, Qtd=1, Preço=10.00 (Dia 10)
Evento registrado: Produto=3, Qtd=1, Preço=10.00 (Dia 10)
Evento registrado: Produto=1, Qtd=1, Preço=10.00 (Dia 10)
Evento registrado: Produto=2, Qtd=1, Preço=10.00 (Dia 10)
Evento registrado: Produto=4, Qtd=1, Preço=10.00 (Dia 10)
Evento registrado: Produto=3, Qtd=1, Preço=10.00 (Dia 10)
Evento registrado: Produto=1, Qtd=1, Preço=10.00 (Dia 10)
Evento registrado: Produto=3, Qtd=1, Preço=10.00 (Dia 10)
Evento registrado: Produto=2, Qtd=1, Preço=10.00 (Dia 10)
Evento registrado: Produto=4, Qtd=1, Preço=10.00 (Dia 10)
Evento registrado: Produto=4, Qtd=1, Preço=10.00 (Dia 10)
Evento registrado: Produto=2, Qtd=1, Preço=10.00 (Dia 10)
Evento registrado: Produto=3, Qtd=1, Preço=10.00 (Dia 10)
Evento registrado: Produto=5, Qtd=1, Preço=10.00 (Dia 10)
Evento registrado: Produto=4, Qtd=1, Preço=10.00 (Dia 10)
Evento registrado: Produto=1, Qtd=1, Preço=10.00 (Dia 10)
Evento registrado: Produto=5, Qtd=1, Preço=10.00 (Dia 10)
Evento registrado: Produto=2, Qtd=1, Preço=10.00 (Dia 10)
Evento registrado: Produto=5, Qtd=1, Preço=10.00 (Dia 10)
Evento registrado: Produto=5, Qtd=1, Preço=10.00 (Dia 10)
Evento registrado: Produto=1, Qtd=1, Preço=10.00 (Dia 10)
Evento registrado: Produto=2, Qtd=1, Preço=10.00 (Dia 10)
Evento registrado: Produto=1, Qtd=1, Preço=10.00 (Dia 10)
Evento registrado: Produto=4, Qtd=1, Preço=10.00 (Dia 10)
Evento registrado: Produto=3, Qtd=1, Preço=10.00 (Dia 10)
Evento registrado: Produto=3, Qtd=1, Preço=10.00 (Dia 10)
Evento registrado: Produto=3, Qtd=1, Preço=10.00 (Dia 10)
Evento registrado: Produto=4, Qtd=1, Preço=10.00 (Dia 10)
Evento registrado: Produto=2, Qtd=1, Preço=10.00 (Dia 10)
Evento registrado: Produto=1, Qtd=1, Preço=10.00 (Dia 10)
Evento registrado: Produto=2, Qtd=1, Preço=10.00 (Dia 10)
Evento registrado: Produto=3, Qtd=1, Preço=10.00 (Dia 10)
Evento registrado: Produto=4, Qtd=1, Preço=10.00 (Dia 10)
Evento registrado: Produto=5, Qtd=1, Preço=10.00 (Dia 10)
Evento registrado: Produto=2, Qtd=1, Preço=10.00 (Dia 10)
Evento registrado: Produto=1, Qtd=1, Preço=10.00 (Dia 10)
Evento registrado: Produto=4, Qtd=1, Preço=10.00 (Dia 10)
Evento registrado: Produto=5, Qtd=1, Preço=10.00 (Dia 10)
Evento registrado: Produto=5, Qtd=1, Preço=10.00 (Dia 10)
Evento registrado: Produto=1, Qtd=1, Preço=10.00 (Dia 10)
Evento registrado: Produto=3, Qtd=1, Preço=10.00 (Dia 10)
Evento registrado: Produto=2, Qtd=1, Preço=10.00 (Dia 10)
Evento registrado: Produto=3, Qtd=1, Preço=10.00 (Dia 10)
Evento registrado: Produto=4, Qtd=1, Preço=10.00 (Dia 10)
Evento registrado: Produto=4, Qtd=1, Preço=10.00 (Dia 10)
Evento registrado: Produto=3, Qtd=1, Preço=10.00 (Dia 10)
Evento registrado: Produto=2, Qtd=1, Preço=10.00 (Dia 10)
Evento registrado: Produto=2, Qtd=1, Preço=10.00 (Dia 10)
Evento registrado: Produto=1, Qtd=1, Preço=10.00 (Dia 10)
Evento registrado: Produto=5, Qtd=1, Preço=10.00 (Dia 10)
Evento registrado: Produto=4, Qtd=1, Preço=10.00 (Dia 10)
Evento registrado: Produto=1, Qtd=1, Preço=10.00 (Dia 10)
Evento registrado: Produto=5, Qtd=1, Preço=10.00 (Dia 10)
Evento registrado: Produto=3, Qtd=1, Preço=10.00 (Dia 10)
Evento registrado: Produto=2, Qtd=1, Preço=10.00 (Dia 10)
Evento registrado: Produto=2, Qtd=1, Preço=10.00 (Dia 10)
Evento registrado: Produto=5, Qtd=1, Preço=10.00 (Dia 10)
Evento registrado: Produto=3, Qtd=1, Preço=10.00 (Dia 10)
Evento registrado: Produto=1, Qtd=1, Preço=10.00 (Dia 10)
Evento registrado: Produto=1, Qtd=1, Preço=10.00 (Dia 10)
Evento registrado: Produto=5, Qtd=1, Preço=10.00 (Dia 10)
Evento registrado: Produto=3, Qtd=1, Preço=10.00 (Dia 10)
Evento registrado: Produto=4, Qtd=1, Preço=10.00 (Dia 10)
Evento registrado: Produto=1, Qtd=1, Preço=10.00 (Dia 10)
Evento registrado: Produto=4, Qtd=1, Preço=10.00 (Dia 10)
Evento registrado: Produto=3, Qtd=1, Preço=10.00 (Dia 10)
Evento registrado: Produto=5, Qtd=1, Preço=10.00 (Dia 10)
Evento registrado: Produto=4, Qtd=1, Preço=10.00 (Dia 10)
Evento registrado: Produto=5, Qtd=1, Preço=10.00 (Dia 10)
Evento registrado: Produto=2, Qtd=1, Preço=10.00 (Dia 10)
Evento registrado: Produto=2, Qtd=1, Preço=10.00 (Dia 10)
Evento registrado: Produto=4, Qtd=1, Preço=10.00 (Dia 10)
Evento registrado: Produto=1, Qtd=1, Preço=10.00 (Dia 10)
Evento registrado: Produto=3, Qtd=1, Preço=10.00 (Dia 10)
Evento registrado: Produto=2, Qtd=1, Preço=10.00 (Dia 10)
Evento registrado: Produto=2, Qtd=1, Preço=10.00 (Dia 10)
Evento registrado: Produto=3, Qtd=1, Preço=10.00 (Dia 10)
Evento registrado: Produto=5, Qtd=1, Preço=10.00 (Dia 10)
Evento registrado: Produto=5, Qtd=1, Preço=10.00 (Dia 10)
Evento registrado: Produto=3, Qtd=1, Preço=10.00 (Dia 10)
Evento registrado: Produto=1, Qtd=1, Preço=10.00 (Dia 10)
Evento registrado: Produto=4, Qtd=1, Preço=10.00 (Dia 10)
Evento registrado: Produto=2, Qtd=1, Preço=10.00 (Dia 10)
Evento registrado: Produto=3, Qtd=1, Preço=10.00 (Dia 10)
Evento registrado: Produto=2, Qtd=1, Preço=10.00 (Dia 10)
Evento registrado: Produto=5, Qtd=1, Preço=10.00 (Dia 10)
Evento registrado: Produto=5, Qtd=1, Preço=10.00 (Dia 10)
Evento registrado: Produto=4, Qtd=1, Preço=10.00 (Dia 10)
Evento registrado: Produto=1, Qtd=1, Preço=10.00 (Dia 10)
Evento registrado: Produto=1, Qtd=1, Preço=10.00 (Dia 10)
Evento registrado: Produto=4, Qtd=1, Preço=10.00 (Dia 10)
Evento registrado: Produto=1, Qtd=1, Preço=10.00 (Dia 10)
Evento registrado: Produto=3, Qtd=1, Preço=10.00 (Dia 10)
Evento registrado: Produto=4, Qtd=1, Preço=10.00 (Dia 10)
Evento registrado: Produto=2, Qtd=1, Preço=10.00 (Dia 10)
Evento registrado: Produto=3, Qtd=1, Preço=10.00 (Dia 10)
Evento registrado: Produto=2, Qtd=1, Preço=10.00 (Dia 10)
Evento registrado: Produto=1, Qtd=1, Preço=10.00 (Dia 10)
Evento registrado: Produto=4, Qtd=1, Preço=10.00 (Dia 10)
Evento registrado: Produto=5, Qtd=1, Preço=10.00 (Dia 10)
Evento registrado: Produto=3, Qtd=1, Preço=10.00 (Dia 10)
Evento registrado: Produto=1, Qtd=1, Preço=10.00 (Dia 10)
Evento registrado: Produto=2, Qtd=1, Preço=10.00 (Dia 10)
Evento registrado: Produto=3, Qtd=1, Preço=10.00 (Dia 10)
Evento registrado: Produto=5, Qtd=1, Preço=10.00 (Dia 10)
Evento registrado: Produto=2, Qtd=1, Preço=10.00 (Dia 10)
Evento registrado: Produto=4, Qtd=1, Preço=10.00 (Dia 10)
Evento registrado: Produto=3, Qtd=1, Preço=10.00 (Dia 10)
Evento registrado: Produto=5, Qtd=1, Preço=10.00 (Dia 10)
Evento registrado: Produto=4, Qtd=1, Preço=10.00 (Dia 10)
Evento registrado: Produto=1, Qtd=1, Preço=10.00 (Dia 10)
Evento registrado: Produto=1, Qtd=1, Preço=10.00 (Dia 10)
Evento registrado: Produto=4, Qtd=1, Preço=10.00 (Dia 10)
Evento registrado: Produto=5, Qtd=1, Preço=10.00 (Dia 10)
Evento registrado: Produto=5, Qtd=1, Preço=10.00 (Dia 10)
Evento registrado: Produto=2, Qtd=1, Preço=10.00 (Dia 10)
Evento registrado: Produto=1, Qtd=1, Preço=10.00 (Dia 10)
Evento registrado: Produto=4, Qtd=1, Preço=10.00 (Dia 10)
Evento registrado: Produto=3, Qtd=1, Preço=10.00 (Dia 10)
Evento registrado: Produto=3, Qtd=1, Preço=10.00 (Dia 10)
Evento registrado: Produto=2, Qtd=1, Preço=10.00 (Dia 10)
Evento registrado: Produto=3, Qtd=1, Preço=10.00 (Dia 10)
Evento registrado: Produto=1, Qtd=1, Preço=10.00 (Dia 10)
Evento registrado: Produto=5, Qtd=1, Preço=10.00 (Dia 10)
Evento registrado: Produto=3, Qtd=1, Preço=10.00 (Dia 10)
Evento registrado: Produto=1, Qtd=1, Preço=10.00 (Dia 10)
Evento registrado: Produto=4, Qtd=1, Preço=10.00 (Dia 10)
Evento registrado: Produto=5, Qtd=1, Preço=10.00 (Dia 10)
Evento registrado: Produto=2, Qtd=1, Preço=10.00 (Dia 10)
Evento registrado: Produto=2, Qtd=1, Preço=10.00 (Dia 10)
Evento registrado: Produto=4, Qtd=1, Preço=10.00 (Dia 10)
Evento registrado: Produto=1, Qtd=1, Preço=10.00 (Dia 10)
Evento registrado: Produto=4, Qtd=1, Preço=10.00 (Dia 10)
Evento registrado: Produto=5, Qtd=1, Preço=10.00 (Dia 10)
Evento registrado: Produto=2, Qtd=1, Preço=10.00 (Dia 10)
Evento registrado: Produto=2, Qtd=1, Preço=10.00 (Dia 10)
Evento registrado: Produto=4, Qtd=1, Preço=10.00 (Dia 10)
Evento registrado: Produto=5, Qtd=1, Preço=10.00 (Dia 10)
Evento registrado: Produto=3, Qtd=1, Preço=10.00 (Dia 10)
Evento registrado: Produto=3, Qtd=1, Preço=10.00 (Dia 10)
Evento registrado: Produto=1, Qtd=1, Preço=10.00 (Dia 10)
Evento registrado: Produto=3, Qtd=1, Preço=10.00 (Dia 10)
Evento registrado: Produto=5, Qtd=1, Preço=10.00 (Dia 10)
Evento registrado: Produto=2, Qtd=1, Preço=10.00 (Dia 10)
Evento registrado: Produto=4, Qtd=1, Preço=10.00 (Dia 10)
Evento registrado: Produto=4, Qtd=1, Preço=10.00 (Dia 10)
Evento registrado: Produto=1, Qtd=1, Preço=10.00 (Dia 10)
Evento registrado: Produto=1, Qtd=1, Preço=10.00 (Dia 10)
Evento registrado: Produto=5, Qtd=1, Preço=10.00 (Dia 10)
Evento registrado: Produto=3, Qtd=1, Preço=10.00 (Dia 10)
Evento registrado: Produto=5, Qtd=1, Preço=10.00 (Dia 10)
Evento registrado: Produto=4, Qtd=1, Preço=10.00 (Dia 10)
Evento registrado: Produto=2, Qtd=1, Preço=10.00 (Dia 10)
Evento registrado: Produto=1, Qtd=1, Preço=10.00 (Dia 10)
Evento registrado: Produto=2, Qtd=1, Preço=10.00 (Dia 10)
Evento registrado: Produto=3, Qtd=1, Preço=10.00 (Dia 10)
Evento registrado: Produto=4, Qtd=1, Preço=10.00 (Dia 10)
Evento registrado: Produto=5, Qtd=1, Preço=10.00 (Dia 10)
Evento registrado: Produto=2, Qtd=1, Preço=10.00 (Dia 10)
Evento registrado: Produto=3, Qtd=1, Preço=10.00 (Dia 10)
Evento registrado: Produto=3, Qtd=1, Preço=10.00 (Dia 10)
Evento registrado: Produto=5, Qtd=1, Preço=10.00 (Dia 10)
Evento registrado: Produto=5, Qtd=1, Preço=10.00 (Dia 10)
Evento registrado: Produto=1, Qtd=1, Preço=10.00 (Dia 10)
Evento registrado: Produto=2, Qtd=1, Preço=10.00 (Dia 10)
Evento registrado: Produto=4, Qtd=1, Preço=10.00 (Dia 10)
Evento registrado: Produto=4, Qtd=1, Preço=10.00 (Dia 10)
Evento registrado: Produto=4, Qtd=1, Preço=10.00 (Dia 10)
Evento registrado: Produto=1, Qtd=1, Preço=10.00 (Dia 10)
Evento registrado: Produto=1, Qtd=1, Preço=10.00 (Dia 10)
Evento registrado: Produto=5, Qtd=1, Preço=10.00 (Dia 10)
Evento registrado: Produto=2, Qtd=1, Preço=10.00 (Dia 10)
Evento registrado: Produto=3, Qtd=1, Preço=10.00 (Dia 10)
Evento registrado: Produto=1, Qtd=1, Preço=10.00 (Dia 10)
Evento registrado: Produto=4, Qtd=1, Preço=10.00 (Dia 10)
Evento registrado: Produto=3, Qtd=1, Preço=10.00 (Dia 10)
Evento registrado: Produto=5, Qtd=1, Preço=10.00 (Dia 10)
Evento registrado: Produto=2, Qtd=1, Preço=10.00 (Dia 10)
Evento registrado: Produto=3, Qtd=1, Preço=10.00 (Dia 10)
Evento registrado: Produto=1, Qtd=1, Preço=10.00 (Dia 10)
Evento registrado: Produto=1, Qtd=1, Preço=10.00 (Dia 10)
Evento registrado: Produto=3, Qtd=1, Preço=10.00 (Dia 10)
Evento registrado: Produto=4, Qtd=1, Preço=10.00 (Dia 10)
Evento registrado: Produto=4, Qtd=1, Preço=10.00 (Dia 10)
Evento registrado: Produto=5, Qtd=1, Preço=10.00 (Dia 10)
Evento registrado: Produto=5, Qtd=1, Preço=10.00 (Dia 10)
Evento registrado: Produto=2, Qtd=1, Preço=10.00 (Dia 10)
Evento registrado: Produto=2, Qtd=1, Preço=10.00 (Dia 10)
Evento registrado: Produto=4, Qtd=1, Preço=10.00 (Dia 10)
Evento registrado: Produto=2, Qtd=1, Preço=10.00 (Dia 10)
Evento registrado: Produto=3, Qtd=1, Preço=10.00 (Dia 10)
Evento registrado: Produto=1, Qtd=1, Preço=10.00 (Dia 10)
Evento registrado: Produto=1, Qtd=1, Preço=10.00 (Dia 10)
Evento registrado: Produto=5, Qtd=1, Preço=10.00 (Dia 10)
Evento registrado: Produto=1, Qtd=1, Preço=10.00 (Dia 10)
Evento registrado: Produto=3, Qtd=1, Preço=10.00 (Dia 10)
Evento registrado: Produto=4, Qtd=1, Preço=10.00 (Dia 10)
Evento registrado: Produto=5, Qtd=1, Preço=10.00 (Dia 10)
Evento registrado: Produto=2, Qtd=1, Preço=10.00 (Dia 10)
Evento registrado: Produto=4, Qtd=1, Preço=10.00 (Dia 10)
Evento registrado: Produto=1, Qtd=1, Preço=10.00 (Dia 10)
Evento registrado: Produto=2, Qtd=1, Preço=10.00 (Dia 10)
Evento registrado: Produto=2, Qtd=1, Preço=10.00 (Dia 10)
Evento registrado: Produto=4, Qtd=1, Preço=10.00 (Dia 10)
Evento registrado: Produto=2, Qtd=1, Preço=10.00 (Dia 10)
Evento registrado: Produto=5, Qtd=1, Preço=10.00 (Dia 10)
Evento registrado: Produto=3, Qtd=1, Preço=10.00 (Dia 10)
Evento registrado: Produto=3, Qtd=1, Preço=10.00 (Dia 10)
Evento registrado: Produto=5, Qtd=1, Preço=10.00 (Dia 10)
Evento registrado: Produto=1, Qtd=1, Preço=10.00 (Dia 10)
Evento registrado: Produto=1, Qtd=1, Preço=10.00 (Dia 10)
Evento registrado: Produto=4, Qtd=1, Preço=10.00 (Dia 10)
Evento registrado: Produto=3, Qtd=1, Preço=10.00 (Dia 10)
Evento registrado: Produto=5, Qtd=1, Preço=10.00 (Dia 10)
Evento registrado: Produto=3, Qtd=1, Preço=10.00 (Dia 10)
Evento registrado: Produto=4, Qtd=1, Preço=10.00 (Dia 10)
Evento registrado: Produto=2, Qtd=1, Preço=10.00 (Dia 10)
Evento registrado: Produto=2, Qtd=1, Preço=10.00 (Dia 10)
Evento registrado: Produto=1, Qtd=1, Preço=10.00 (Dia 10)
Evento registrado: Produto=4, Qtd=1, Preço=10.00 (Dia 10)
Evento registrado: Produto=1, Qtd=1, Preço=10.00 (Dia 10)
Evento registrado: Produto=2, Qtd=1, Preço=10.00 (Dia 10)
Evento registrado: Produto=3, Qtd=1, Preço=10.00 (Dia 10)
Evento registrado: Produto=5, Qtd=1, Preço=10.00 (Dia 10)
Evento registrado: Produto=1, Qtd=1, Preço=10.00 (Dia 10)
Evento registrado: Produto=2, Qtd=1, Preço=10.00 (Dia 10)
Evento registrado: Produto=5, Qtd=1, Preço=10.00 (Dia 10)
Evento registrado: Produto=4, Qtd=1, Preço=10.00 (Dia 10)
Evento registrado: Produto=1, Qtd=1, Preço=10.00 (Dia 10)
Evento registrado: Produto=3, Qtd=1, Preço=10.00 (Dia 10)
Evento registrado: Produto=3, Qtd=1, Preço=10.00 (Dia 10)
Evento registrado: Produto=5, Qtd=1, Preço=10.00 (Dia 10)
Evento registrado: Produto=5, Qtd=1, Preço=10.00 (Dia 10)
Evento registrado: Produto=4, Qtd=1, Preço=10.00 (Dia 10)
Evento registrado: Produto=2, Qtd=1, Preço=10.00 (Dia 10)
Evento registrado: Produto=2, Qtd=1, Preço=10.00 (Dia 10)
Evento registrado: Produto=4, Qtd=1, Preço=10.00 (Dia 10)
Evento registrado: Produto=4, Qtd=1, Preço=10.00 (Dia 10)
Evento registrado: Produto=1, Qtd=1, Preço=10.00 (Dia 10)
Evento registrado: Produto=4, Qtd=1, Preço=10.00 (Dia 10)
Evento registrado: Produto=1, Qtd=1, Preço=10.00 (Dia 10)
Evento registrado: Produto=5, Qtd=1, Preço=10.00 (Dia 10)
Evento registrado: Produto=3, Qtd=1, Preço=10.00 (Dia 10)
Evento registrado: Produto=5, Qtd=1, Preço=10.00 (Dia 10)
Evento registrado: Produto=3, Qtd=1, Preço=10.00 (Dia 10)
Evento registrado: Produto=1, Qtd=1, Preço=10.00 (Dia 10)
Evento registrado: Produto=5, Qtd=1, Preço=10.00 (Dia 10)
Evento registrado: Produto=2, Qtd=1, Preço=10.00 (Dia 10)
Evento registrado: Produto=3, Qtd=1, Preço=10.00 (Dia 10)
Evento registrado: Produto=3, Qtd=1, Preço=10.00 (Dia 10)
Evento registrado: Produto=2, Qtd=1, Preço=10.00 (Dia 10)
Evento registrado: Produto=4, Qtd=1, Preço=10.00 (Dia 10)
Evento registrado: Produto=1, Qtd=1, Preço=10.00 (Dia 10)
Evento registrado: Produto=5, Qtd=1, Preço=10.00 (Dia 10)
Evento registrado: Produto=2, Qtd=1, Preço=10.00 (Dia 10)
Evento registrado: Produto=2, Qtd=1, Preço=10.00 (Dia 10)
Evento registrado: Produto=4, Qtd=1, Preço=10.00 (Dia 10)
Evento registrado: Produto=4, Qtd=1, Preço=10.00 (Dia 10)
Evento registrado: Produto=1, Qtd=1, Preço=10.00 (Dia 10)
Evento registrado: Produto=4, Qtd=1, Preço=10.00 (Dia 10)
Evento registrado: Produto=3, Qtd=1, Preço=10.00 (Dia 10)
Evento registrado: Produto=5, Qtd=1, Preço=10.00 (Dia 10)
Evento registrado: Produto=5, Qtd=1, Preço=10.00 (Dia 10)
Evento registrado: Produto=1, Qtd=1, Preço=10.00 (Dia 10)
Evento registrado: Produto=2, Qtd=1, Preço=10.00 (Dia 10)
Evento registrado: Produto=5, Qtd=1, Preço=10.00 (Dia 10)
Evento registrado: Produto=3, Qtd=1, Preço=10.00 (Dia 10)
Evento registrado: Produto=2, Qtd=1, Preço=10.00 (Dia 10)
Evento registrado: Produto=3, Qtd=1, Preço=10.00 (Dia 10)
Evento registrado: Produto=1, Qtd=1, Preço=10.00 (Dia 10)
Evento registrado: Produto=4, Qtd=1, Preço=10.00 (Dia 10)
Evento registrado: Produto=3, Qtd=1, Preço=10.00 (Dia 10)
Evento registrado: Produto=1, Qtd=1, Preço=10.00 (Dia 10)
Evento registrado: Produto=5, Qtd=1, Preço=10.00 (Dia 10)
Evento registrado: Produto=4, Qtd=1, Preço=10.00 (Dia 10)
Evento registrado: Produto=4, Qtd=1, Preço=10.00 (Dia 10)
Evento registrado: Produto=1, Qtd=1, Preço=10.00 (Dia 10)
Evento registrado: Produto=5, Qtd=1, Preço=10.00 (Dia 10)
Evento registrado: Produto=2, Qtd=1, Preço=10.00 (Dia 10)
Evento registrado: Produto=3, Qtd=1, Preço=10.00 (Dia 10)
Evento registrado: Produto=5, Qtd=1, Preço=10.00 (Dia 10)
Evento registrado: Produto=2, Qtd=1, Preço=10.00 (Dia 10)
Evento registrado: Produto=4, Qtd=1, Preço=10.00 (Dia 10)
Evento registrado: Produto=3, Qtd=1, Preço=10.00 (Dia 10)
Evento registrado: Produto=1, Qtd=1, Preço=10.00 (Dia 10)
Evento registrado: Produto=3, Qtd=1, Preço=10.00 (Dia 10)
Evento registrado: Produto=5, Qtd=1, Preço=10.00 (Dia 10)
Evento registrado: Produto=1, Qtd=1, Preço=10.00 (Dia 10)
Evento registrado: Produto=3, Qtd=1, Preço=10.00 (Dia 10)
Evento registrado: Produto=1, Qtd=1, Preço=10.00 (Dia 10)
Evento registrado: Produto=2, Qtd=1, Preço=10.00 (Dia 10)
Evento registrado: Produto=4, Qtd=1, Preço=10.00 (Dia 10)
Evento registrado: Produto=5, Qtd=1, Preço=10.00 (Dia 10)
Evento registrado: Produto=2, Qtd=1, Preço=10.00 (Dia 10)
Evento registrado: Produto=5, Qtd=1, Preço=10.00 (Dia 10)
Evento registrado: Produto=1, Qtd=1, Preço=10.00 (Dia 10)
Evento registrado: Produto=5, Qtd=1, Preço=10.00 (Dia 10)
Evento registrado: Produto=3, Qtd=1, Preço=10.00 (Dia 10)
Evento registrado: Produto=2, Qtd=1, Preço=10.00 (Dia 10)
Evento registrado: Produto=4, Qtd=1, Preço=10.00 (Dia 10)
Evento registrado: Produto=2, Qtd=1, Preço=10.00 (Dia 10)
Evento registrado: Produto=4, Qtd=1, Preço=10.00 (Dia 10)
Evento registrado: Produto=3, Qtd=1, Preço=10.00 (Dia 10)
Evento registrado: Produto=4, Qtd=1, Preço=10.00 (Dia 10)
Evento registrado: Produto=1, Qtd=1, Preço=10.00 (Dia 10)
Evento registrado: Produto=3, Qtd=1, Preço=10.00 (Dia 10)
Evento registrado: Produto=3, Qtd=1, Preço=10.00 (Dia 10)
Evento registrado: Produto=1, Qtd=1, Preço=10.00 (Dia 10)
Evento registrado: Produto=2, Qtd=1, Preço=10.00 (Dia 10)
Evento registrado: Produto=5, Qtd=1, Preço=10.00 (Dia 10)
Evento registrado: Produto=4, Qtd=1, Preço=10.00 (Dia 10)
Evento registrado: Produto=2, Qtd=1, Preço=10.00 (Dia 10)
Evento registrado: Produto=1, Qtd=1, Preço=10.00 (Dia 10)
Evento registrado: Produto=5, Qtd=1, Preço=10.00 (Dia 10)
Evento registrado: Produto=5, Qtd=1, Preço=10.00 (Dia 10)
Evento registrado: Produto=1, Qtd=1, Preço=10.00 (Dia 10)
Evento registrado: Produto=3, Qtd=1, Preço=10.00 (Dia 10)
Evento registrado: Produto=2, Qtd=1, Preço=10.00 (Dia 10)
Evento registrado: Produto=4, Qtd=1, Preço=10.00 (Dia 10)
Evento registrado: Produto=2, Qtd=1, Preço=10.00 (Dia 10)
Evento registrado: Produto=5, Qtd=1, Preço=10.00 (Dia 10)
Evento registrado: Produto=4, Qtd=1, Preço=10.00 (Dia 10)
Evento registrado: Produto=3, Qtd=1, Preço=10.00 (Dia 10)
Evento registrado: Produto=3, Qtd=1, Preço=10.00 (Dia 10)
Evento registrado: Produto=3, Qtd=1, Preço=10.00 (Dia 10)
Evento registrado: Produto=4, Qtd=1, Preço=10.00 (Dia 10)
Evento registrado: Produto=1, Qtd=1, Preço=10.00 (Dia 10)
Evento registrado: Produto=1, Qtd=1, Preço=10.00 (Dia 10)
Evento registrado: Produto=4, Qtd=1, Preço=10.00 (Dia 10)
Evento registrado: Produto=2, Qtd=1, Preço=10.00 (Dia 10)
Evento registrado: Produto=5, Qtd=1, Preço=10.00 (Dia 10)
Evento registrado: Produto=5, Qtd=1, Preço=10.00 (Dia 10)
Evento registrado: Produto=2, Qtd=1, Preço=10.00 (Dia 10)
Evento registrado: Produto=1, Qtd=1, Preço=10.00 (Dia 10)
Evento registrado: Produto=3, Qtd=1, Preço=10.00 (Dia 10)
Evento registrado: Produto=2, Qtd=1, Preço=10.00 (Dia 10)
Evento registrado: Produto=1, Qtd=1, Preço=10.00 (Dia 10)
Evento registrado: Produto=4, Qtd=1, Preço=10.00 (Dia 10)
Evento registrado: Produto=4, Qtd=1, Preço=10.00 (Dia 10)
Evento registrado: Produto=2, Qtd=1, Preço=10.00 (Dia 10)
Evento registrado: Produto=5, Qtd=1, Preço=10.00 (Dia 10)
Evento registrado: Produto=3, Qtd=1, Preço=10.00 (Dia 10)
Evento registrado: Produto=1, Qtd=1, Preço=10.00 (Dia 10)
Evento registrado: Produto=4, Qtd=1, Preço=10.00 (Dia 10)
Evento registrado: Produto=5, Qtd=1, Preço=10.00 (Dia 10)
Evento registrado: Produto=4, Qtd=1, Preço=10.00 (Dia 10)
Evento registrado: Produto=2, Qtd=1, Preço=10.00 (Dia 10)
Evento registrado: Produto=1, Qtd=1, Preço=10.00 (Dia 10)
Evento registrado: Produto=3, Qtd=1, Preço=10.00 (Dia 10)
Evento registrado: Produto=2, Qtd=1, Preço=10.00 (Dia 10)
Evento registrado: Produto=5, Qtd=1, Preço=10.00 (Dia 10)
Evento registrado: Produto=1, Qtd=1, Preço=10.00 (Dia 10)
Evento registrado: Produto=3, Qtd=1, Preço=10.00 (Dia 10)
Evento registrado: Produto=5, Qtd=1, Preço=10.00 (Dia 10)
Evento registrado: Produto=5, Qtd=1, Preço=10.00 (Dia 10)
Evento registrado: Produto=4, Qtd=1, Preço=10.00 (Dia 10)
Evento registrado: Produto=4, Qtd=1, Preço=10.00 (Dia 10)
Evento registrado: Produto=2, Qtd=1, Preço=10.00 (Dia 10)
Evento registrado: Produto=3, Qtd=1, Preço=10.00 (Dia 10)
Evento registrado: Produto=1, Qtd=1, Preço=10.00 (Dia 10)
Evento registrado: Produto=3, Qtd=1, Preço=10.00 (Dia 10)
Evento registrado: Produto=1, Qtd=1, Preço=10.00 (Dia 10)
Evento registrado: Produto=5, Qtd=1, Preço=10.00 (Dia 10)
Evento registrado: Produto=1, Qtd=1, Preço=10.00 (Dia 10)
Evento registrado: Produto=1, Qtd=1, Preço=10.00 (Dia 10)
Evento registrado: Produto=5, Qtd=1, Preço=10.00 (Dia 10)
Evento registrado: Produto=2, Qtd=1, Preço=10.00 (Dia 10)
Evento registrado: Produto=2, Qtd=1, Preço=10.00 (Dia 10)
Evento registrado: Produto=4, Qtd=1, Preço=10.00 (Dia 10)
Evento registrado: Produto=4, Qtd=1, Preço=10.00 (Dia 10)
Evento registrado: Produto=3, Qtd=1, Preço=10.00 (Dia 10)
Evento registrado: Produto=2, Qtd=1, Preço=10.00 (Dia 10)
Evento registrado: Produto=3, Qtd=1, Preço=10.00 (Dia 10)
Evento registrado: Produto=5, Qtd=1, Preço=10.00 (Dia 10)
Evento registrado: Produto=4, Qtd=1, Preço=10.00 (Dia 10)
Evento registrado: Produto=5, Qtd=1, Preço=10.00 (Dia 10)
Evento registrado: Produto=3, Qtd=1, Preço=10.00 (Dia 10)
Evento registrado: Produto=2, Qtd=1, Preço=10.00 (Dia 10)
Evento registrado: Produto=2, Qtd=1, Preço=10.00 (Dia 10)
Evento registrado: Produto=1, Qtd=1, Preço=10.00 (Dia 10)
Evento registrado: Produto=1, Qtd=1, Preço=10.00 (Dia 10)
Evento registrado: Produto=4, Qtd=1, Preço=10.00 (Dia 10)
Evento registrado: Produto=3, Qtd=1, Preço=10.00 (Dia 10)
Evento registrado: Produto=5, Qtd=1, Preço=10.00 (Dia 10)
Evento registrado: Produto=5, Qtd=1, Preço=10.00 (Dia 10)
Evento registrado: Produto=1, Qtd=1, Preço=10.00 (Dia 10)
Evento registrado: Produto=2, Qtd=1, Preço=10.00 (Dia 10)
Evento registrado: Produto=1, Qtd=1, Preço=10.00 (Dia 10)
Evento registrado: Produto=3, Qtd=1, Preço=10.00 (Dia 10)
Evento registrado: Produto=2, Qtd=1, Preço=10.00 (Dia 10)
Evento registrado: Produto=4, Qtd=1, Preço=10.00 (Dia 10)
Evento registrado: Produto=5, Qtd=1, Preço=10.00 (Dia 10)
Evento registrado: Produto=3, Qtd=1, Preço=10.00 (Dia 10)
Evento registrado: Produto=4, Qtd=1, Preço=10.00 (Dia 10)
Evento registrado: Produto=3, Qtd=1, Preço=10.00 (Dia 10)
Evento registrado: Produto=1, Qtd=1, Preço=10.00 (Dia 10)
Evento registrado: Produto=2, Qtd=1, Preço=10.00 (Dia 10)
Evento registrado: Produto=4, Qtd=1, Preço=10.00 (Dia 10)
Evento registrado: Produto=1, Qtd=1, Preço=10.00 (Dia 10)
Evento registrado: Produto=4, Qtd=1, Preço=10.00 (Dia 10)
Evento registrado: Produto=5, Qtd=1, Preço=10.00 (Dia 10)
Evento registrado: Produto=2, Qtd=1, Preço=10.00 (Dia 10)
Evento registrado: Produto=3, Qtd=1, Preço=10.00 (Dia 10)
Evento registrado: Produto=2, Qtd=1, Preço=10.00 (Dia 10)
Evento registrado: Produto=3, Qtd=1, Preço=10.00 (Dia 10)
Evento registrado: Produto=5, Qtd=1, Preço=10.00 (Dia 10)
Evento registrado: Produto=5, Qtd=1, Preço=10.00 (Dia 10)
Evento registrado: Produto=1, Qtd=1, Preço=10.00 (Dia 10)
Evento registrado: Produto=3, Qtd=1, Preço=10.00 (Dia 10)
Evento registrado: Produto=4, Qtd=1, Preço=10.00 (Dia 10)
Evento registrado: Produto=5, Qtd=1, Preço=10.00 (Dia 10)
Evento registrado: Produto=2, Qtd=1, Preço=10.00 (Dia 10)
Evento registrado: Produto=1, Qtd=1, Preço=10.00 (Dia 10)
Evento registrado: Produto=4, Qtd=1, Preço=10.00 (Dia 10)
Evento registrado: Produto=3, Qtd=1, Preço=10.00 (Dia 10)
Evento registrado: Produto=2, Qtd=1, Preço=10.00 (Dia 10)
Evento registrado: Produto=4, Qtd=1, Preço=10.00 (Dia 10)
Evento registrado: Produto=4, Qtd=1, Preço=10.00 (Dia 10)
Evento registrado: Produto=1, Qtd=1, Preço=10.00 (Dia 10)
Evento registrado: Produto=1, Qtd=1, Preço=10.00 (Dia 10)
Evento registrado: Produto=5, Qtd=1, Preço=10.00 (Dia 10)
Evento registrado: Produto=1, Qtd=1, Preço=10.00 (Dia 10)
Evento registrado: Produto=2, Qtd=1, Preço=10.00 (Dia 10)
Evento registrado: Produto=5, Qtd=1, Preço=10.00 (Dia 10)
Evento registrado: Produto=2, Qtd=1, Preço=10.00 (Dia 10)
Evento registrado: Produto=2, Qtd=1, Preço=10.00 (Dia 10)
Evento registrado: Produto=4, Qtd=1, Preço=10.00 (Dia 10)
Evento registrado: Produto=5, Qtd=1, Preço=10.00 (Dia 10)
Evento registrado: Produto=3, Qtd=1, Preço=10.00 (Dia 10)
Evento registrado: Produto=3, Qtd=1, Preço=10.00 (Dia 10)
Evento registrado: Produto=3, Qtd=1, Preço=10.00 (Dia 10)
Evento registrado: Produto=1, Qtd=1, Preço=10.00 (Dia 10)
Evento registrado: Produto=4, Qtd=1, Preço=10.00 (Dia 10)
Evento registrado: Produto=5, Qtd=1, Preço=10.00 (Dia 10)
Evento registrado: Produto=3, Qtd=1, Preço=10.00 (Dia 10)
Evento registrado: Produto=4, Qtd=1, Preço=10.00 (Dia 10)
Evento registrado: Produto=4, Qtd=1, Preço=10.00 (Dia 10)
Evento registrado: Produto=2, Qtd=1, Preço=10.00 (Dia 10)
Evento registrado: Produto=1, Qtd=1, Preço=10.00 (Dia 10)
Evento registrado: Produto=1, Qtd=1, Preço=10.00 (Dia 10)
Evento registrado: Produto=5, Qtd=1, Preço=10.00 (Dia 10)
Evento registrado: Produto=3, Qtd=1, Preço=10.00 (Dia 10)
Evento registrado: Produto=5, Qtd=1, Preço=10.00 (Dia 10)
Evento registrado: Produto=5, Qtd=1, Preço=10.00 (Dia 10)
Evento registrado: Produto=1, Qtd=1, Preço=10.00 (Dia 10)
Evento registrado: Produto=4, Qtd=1, Preço=10.00 (Dia 10)
Evento registrado: Produto=2, Qtd=1, Preço=10.00 (Dia 10)
Evento registrado: Produto=3, Qtd=1, Preço=10.00 (Dia 10)
Evento registrado: Produto=5, Qtd=1, Preço=10.00 (Dia 10)
Evento registrado: Produto=2, Qtd=1, Preço=10.00 (Dia 10)
Evento registrado: Produto=2, Qtd=1, Preço=10.00 (Dia 10)
Evento registrado: Produto=1, Qtd=1, Preço=10.00 (Dia 10)
Evento registrado: Produto=4, Qtd=1, Preço=10.00 (Dia 10)
Evento registrado: Produto=3, Qtd=1, Preço=10.00 (Dia 10)
Evento registrado: Produto=3, Qtd=1, Preço=10.00 (Dia 10)
Evento registrado: Produto=4, Qtd=1, Preço=10.00 (Dia 10)
Evento registrado: Produto=5, Qtd=1, Preço=10.00 (Dia 10)
Evento registrado: Produto=4, Qtd=1, Preço=10.00 (Dia 10)
Evento registrado: Produto=2, Qtd=1, Preço=10.00 (Dia 10)
Evento registrado: Produto=3, Qtd=1, Preço=10.00 (Dia 10)
Evento registrado: Produto=2, Qtd=1, Preço=10.00 (Dia 10)
Evento registrado: Produto=1, Qtd=1, Preço=10.00 (Dia 10)
Evento registrado: Produto=2, Qtd=1, Preço=10.00 (Dia 10)
Evento registrado: Produto=5, Qtd=1, Preço=10.00 (Dia 10)
Evento registrado: Produto=1, Qtd=1, Preço=10.00 (Dia 10)
Evento registrado: Produto=5, Qtd=1, Preço=10.00 (Dia 10)
Evento registrado: Produto=3, Qtd=1, Preço=10.00 (Dia 10)
Evento registrado: Produto=2, Qtd=1, Preço=10.00 (Dia 10)
Evento registrado: Produto=1, Qtd=1, Preço=10.00 (Dia 10)
Evento registrado: Produto=5, Qtd=1, Preço=10.00 (Dia 10)
Evento registrado: Produto=1, Qtd=1, Preço=10.00 (Dia 10)
Evento registrado: Produto=4, Qtd=1, Preço=10.00 (Dia 10)
Evento registrado: Produto=4, Qtd=1, Preço=10.00 (Dia 10)
Evento registrado: Produto=3, Qtd=1, Preço=10.00 (Dia 10)
Evento registrado: Produto=4, Qtd=1, Preço=10.00 (Dia 10)
Evento registrado: Produto=3, Qtd=1, Preço=10.00 (Dia 10)
Evento registrado: Produto=2, Qtd=1, Preço=10.00 (Dia 10)
Evento registrado: Produto=5, Qtd=1, Preço=10.00 (Dia 10)
Evento registrado: Produto=1, Qtd=1, Preço=10.00 (Dia 10)
Evento registrado: Produto=2, Qtd=1, Preço=10.00 (Dia 10)
Evento registrado: Produto=5, Qtd=1, Preço=10.00 (Dia 10)
Evento registrado: Produto=3, Qtd=1, Preço=10.00 (Dia 10)
Evento registrado: Produto=5, Qtd=1, Preço=10.00 (Dia 10)
Evento registrado: Produto=4, Qtd=1, Preço=10.00 (Dia 10)
Evento registrado: Produto=2, Qtd=1, Preço=10.00 (Dia 10)
Evento registrado: Produto=1, Qtd=1, Preço=10.00 (Dia 10)
Evento registrado: Produto=5, Qtd=1, Preço=10.00 (Dia 10)
Evento registrado: Produto=2, Qtd=1, Preço=10.00 (Dia 10)
Evento registrado: Produto=3, Qtd=1, Preço=10.00 (Dia 10)
Evento registrado: Produto=1, Qtd=1, Preço=10.00 (Dia 10)
Evento registrado: Produto=4, Qtd=1, Preço=10.00 (Dia 10)
Evento registrado: Produto=1, Qtd=1, Preço=10.00 (Dia 10)
Evento registrado: Produto=3, Qtd=1, Preço=10.00 (Dia 10)
Evento registrado: Produto=4, Qtd=1, Preço=10.00 (Dia 10)
Evento registrado: Produto=5, Qtd=1, Preço=10.00 (Dia 10)
Evento registrado: Produto=3, Qtd=1, Preço=10.00 (Dia 10)
Evento registrado: Produto=1, Qtd=1, Preço=10.00 (Dia 10)
Evento registrado: Produto=2, Qtd=1, Preço=10.00 (Dia 10)
Evento registrado: Produto=2, Qtd=1, Preço=10.00 (Dia 10)
Evento registrado: Produto=4, Qtd=1, Preço=10.00 (Dia 10)
Evento registrado: Produto=4, Qtd=1, Preço=10.00 (Dia 10)
Evento registrado: Produto=2, Qtd=1, Preço=10.00 (Dia 10)
Evento registrado: Produto=3, Qtd=1, Preço=10.00 (Dia 10)
Evento registrado: Produto=1, Qtd=1, Preço=10.00 (Dia 10)
Evento registrado: Produto=1, Qtd=1, Preço=10.00 (Dia 10)
Evento registrado: Produto=3, Qtd=1, Preço=10.00 (Dia 10)
Evento registrado: Produto=3, Qtd=1, Preço=10.00 (Dia 10)
Evento registrado: Produto=4, Qtd=1, Preço=10.00 (Dia 10)
Evento registrado: Produto=5, Qtd=1, Preço=10.00 (Dia 10)
Evento registrado: Produto=2, Qtd=1, Preço=10.00 (Dia 10)
Evento registrado: Produto=5, Qtd=1, Preço=10.00 (Dia 10)
Evento registrado: Produto=1, Qtd=1, Preço=10.00 (Dia 10)
Evento registrado: Produto=5, Qtd=1, Preço=10.00 (Dia 10)
Evento registrado: Produto=4, Qtd=1, Preço=10.00 (Dia 10)
Evento registrado: Produto=1, Qtd=1, Preço=10.00 (Dia 10)
Evento registrado: Produto=4, Qtd=1, Preço=10.00 (Dia 10)
Evento registrado: Produto=3, Qtd=1, Preço=10.00 (Dia 10)
Evento registrado: Produto=3, Qtd=1, Preço=10.00 (Dia 10)
Evento registrado: Produto=4, Qtd=1, Preço=10.00 (Dia 10)
Evento registrado: Produto=1, Qtd=1, Preço=10.00 (Dia 10)
Evento registrado: Produto=5, Qtd=1, Preço=10.00 (Dia 10)
Evento registrado: Produto=2, Qtd=1, Preço=10.00 (Dia 10)
Evento registrado: Produto=5, Qtd=1, Preço=10.00 (Dia 10)
Evento registrado: Produto=5, Qtd=1, Preço=10.00 (Dia 10)
Evento registrado: Produto=2, Qtd=1, Preço=10.00 (Dia 10)
Evento registrado: Produto=1, Qtd=1, Preço=10.00 (Dia 10)
Evento registrado: Produto=2, Qtd=1, Preço=10.00 (Dia 10)
Evento registrado: Produto=3, Qtd=1, Preço=10.00 (Dia 10)
Evento registrado: Produto=4, Qtd=1, Preço=10.00 (Dia 10)
Evento registrado: Produto=5, Qtd=1, Preço=10.00 (Dia 10)
Evento registrado: Produto=4, Qtd=1, Preço=10.00 (Dia 10)
Evento registrado: Produto=2, Qtd=1, Preço=10.00 (Dia 10)
Evento registrado: Produto=3, Qtd=1, Preço=10.00 (Dia 10)
Evento registrado: Produto=1, Qtd=1, Preço=10.00 (Dia 10)
Evento registrado: Produto=3, Qtd=1, Preço=10.00 (Dia 10)
Evento registrado: Produto=2, Qtd=1, Preço=10.00 (Dia 10)
Evento registrado: Produto=3, Qtd=1, Preço=10.00 (Dia 10)
Evento registrado: Produto=1, Qtd=1, Preço=10.00 (Dia 10)
Evento registrado: Produto=5, Qtd=1, Preço=10.00 (Dia 10)
Evento registrado: Produto=1, Qtd=1, Preço=10.00 (Dia 10)
Evento registrado: Produto=4, Qtd=1, Preço=10.00 (Dia 10)
Evento registrado: Produto=5, Qtd=1, Preço=10.00 (Dia 10)
Evento registrado: Produto=4, Qtd=1, Preço=10.00 (Dia 10)
Evento registrado: Produto=2, Qtd=1, Preço=10.00 (Dia 10)
Evento registrado: Produto=1, Qtd=1, Preço=10.00 (Dia 10)
Evento registrado: Produto=4, Qtd=1, Preço=10.00 (Dia 10)
Evento registrado: Produto=2, Qtd=1, Preço=10.00 (Dia 10)
Evento registrado: Produto=2, Qtd=1, Preço=10.00 (Dia 10)
Evento registrado: Produto=4, Qtd=1, Preço=10.00 (Dia 10)
Evento registrado: Produto=1, Qtd=1, Preço=10.00 (Dia 10)
Evento registrado: Produto=3, Qtd=1, Preço=10.00 (Dia 10)
Evento registrado: Produto=5, Qtd=1, Preço=10.00 (Dia 10)
Evento registrado: Produto=3, Qtd=1, Preço=10.00 (Dia 10)
Evento registrado: Produto=5, Qtd=1, Preço=10.00 (Dia 10)
Evento registrado: Produto=1, Qtd=1, Preço=10.00 (Dia 10)
Evento registrado: Produto=5, Qtd=1, Preço=10.00 (Dia 10)
Evento registrado: Produto=3, Qtd=1, Preço=10.00 (Dia 10)
Evento registrado: Produto=4, Qtd=1, Preço=10.00 (Dia 10)
Evento registrado: Produto=1, Qtd=1, Preço=10.00 (Dia 10)
Evento registrado: Produto=4, Qtd=1, Preço=10.00 (Dia 10)
Evento registrado: Produto=1, Qtd=1, Preço=10.00 (Dia 10)
Evento registrado: Produto=2, Qtd=1, Preço=10.00 (Dia 10)
Evento registrado: Produto=2, Qtd=1, Preço=10.00 (Dia 10)
Evento registrado: Produto=2, Qtd=1, Preço=10.00 (Dia 10)
Evento registrado: Produto=4, Qtd=1, Preço=10.00 (Dia 10)
Evento registrado: Produto=3, Qtd=1, Preço=10.00 (Dia 10)
Evento registrado: Produto=3, Qtd=1, Preço=10.00 (Dia 10)
Evento registrado: Produto=5, Qtd=1, Preço=10.00 (Dia 10)
Evento registrado: Produto=1, Qtd=1, Preço=10.00 (Dia 10)
Evento registrado: Produto=4, Qtd=1, Preço=10.00 (Dia 10)
Evento registrado: Produto=3, Qtd=1, Preço=10.00 (Dia 10)
Evento registrado: Produto=2, Qtd=1, Preço=10.00 (Dia 10)
Evento registrado: Produto=5, Qtd=1, Preço=10.00 (Dia 10)
Evento registrado: Produto=5, Qtd=1, Preço=10.00 (Dia 10)
Evento registrado: Produto=1, Qtd=1, Preço=10.00 (Dia 10)
Evento registrado: Produto=4, Qtd=1, Preço=10.00 (Dia 10)
Evento registrado: Produto=3, Qtd=1, Preço=10.00 (Dia 10)
Evento registrado: Produto=5, Qtd=1, Preço=10.00 (Dia 10)
Evento registrado: Produto=5, Qtd=1, Preço=10.00 (Dia 10)
Evento registrado: Produto=4, Qtd=1, Preço=10.00 (Dia 10)
Evento registrado: Produto=2, Qtd=1, Preço=10.00 (Dia 10)
Evento registrado: Produto=4, Qtd=1, Preço=10.00 (Dia 10)
Evento registrado: Produto=1, Qtd=1, Preço=10.00 (Dia 10)
Evento registrado: Produto=5, Qtd=1, Preço=10.00 (Dia 10)
Evento registrado: Produto=3, Qtd=1, Preço=10.00 (Dia 10)
Evento registrado: Produto=2, Qtd=1, Preço=10.00 (Dia 10)
Evento registrado: Produto=4, Qtd=1, Preço=10.00 (Dia 10)
Evento registrado: Produto=2, Qtd=1, Preço=10.00 (Dia 10)
Evento registrado: Produto=3, Qtd=1, Preço=10.00 (Dia 10)
Evento registrado: Produto=5, Qtd=1, Preço=10.00 (Dia 10)
Evento registrado: Produto=1, Qtd=1, Preço=10.00 (Dia 10)
Evento registrado: Produto=1, Qtd=1, Preço=10.00 (Dia 10)
Evento registrado: Produto=2, Qtd=1, Preço=10.00 (Dia 10)
Evento registrado: Produto=3, Qtd=1, Preço=10.00 (Dia 10)
Evento registrado: Produto=4, Qtd=1, Preço=10.00 (Dia 10)
Evento registrado: Produto=4, Qtd=1, Preço=10.00 (Dia 10)
Evento registrado: Produto=3, Qtd=1, Preço=10.00 (Dia 10)
Evento registrado: Produto=5, Qtd=1, Preço=10.00 (Dia 10)
Evento registrado: Produto=5, Qtd=1, Preço=10.00 (Dia 10)
Evento registrado: Produto=5, Qtd=1, Preço=10.00 (Dia 10)
Evento registrado: Produto=4, Qtd=1, Preço=10.00 (Dia 10)
Evento registrado: Produto=3, Qtd=1, Preço=10.00 (Dia 10)
Evento registrado: Produto=2, Qtd=1, Preço=10.00 (Dia 10)
Evento registrado: Produto=1, Qtd=1, Preço=10.00 (Dia 10)
Evento registrado: Produto=5, Qtd=1, Preço=10.00 (Dia 10)
Evento registrado: Produto=3, Qtd=1, Preço=10.00 (Dia 10)
Evento registrado: Produto=2, Qtd=1, Preço=10.00 (Dia 10)
Evento registrado: Produto=1, Qtd=1, Preço=10.00 (Dia 10)
Evento registrado: Produto=4, Qtd=1, Preço=10.00 (Dia 10)
Evento registrado: Produto=1, Qtd=1, Preço=10.00 (Dia 10)
Evento registrado: Produto=2, Qtd=1, Preço=10.00 (Dia 10)
Evento registrado: Produto=1, Qtd=1, Preço=10.00 (Dia 10)
Evento registrado: Produto=2, Qtd=1, Preço=10.00 (Dia 10)
Evento registrado: Produto=3, Qtd=1, Preço=10.00 (Dia 10)
Evento registrado: Produto=5, Qtd=1, Preço=10.00 (Dia 10)
Evento registrado: Produto=4, Qtd=1, Preço=10.00 (Dia 10)
Evento registrado: Produto=5, Qtd=1, Preço=10.00 (Dia 10)
Evento registrado: Produto=3, Qtd=1, Preço=10.00 (Dia 10)
Evento registrado: Produto=5, Qtd=1, Preço=10.00 (Dia 10)
Evento registrado: Produto=5, Qtd=1, Preço=10.00 (Dia 10)
Evento registrado: Produto=3, Qtd=1, Preço=10.00 (Dia 10)
Evento registrado: Produto=4, Qtd=1, Preço=10.00 (Dia 10)
Evento registrado: Produto=2, Qtd=1, Preço=10.00 (Dia 10)
Evento registrado: Produto=4, Qtd=1, Preço=10.00 (Dia 10)
Evento registrado: Produto=3, Qtd=1, Preço=10.00 (Dia 10)
Evento registrado: Produto=2, Qtd=1, Preço=10.00 (Dia 10)
Evento registrado: Produto=2, Qtd=1, Preço=10.00 (Dia 10)
Evento registrado: Produto=1, Qtd=1, Preço=10.00 (Dia 10)
Evento registrado: Produto=1, Qtd=1, Preço=10.00 (Dia 10)
Evento registrado: Produto=2, Qtd=1, Preço=10.00 (Dia 10)
Evento registrado: Produto=1, Qtd=1, Preço=10.00 (Dia 10)
Evento registrado: Produto=4, Qtd=1, Preço=10.00 (Dia 10)
Evento registrado: Produto=3, Qtd=1, Preço=10.00 (Dia 10)
Evento registrado: Produto=1, Qtd=1, Preço=10.00 (Dia 10)
Evento registrado: Produto=5, Qtd=1, Preço=10.00 (Dia 10)
Evento registrado: Produto=4, Qtd=1, Preço=10.00 (Dia 10)
Evento registrado: Produto=5, Qtd=1, Preço=10.00 (Dia 10)
Evento registrado: Produto=2, Qtd=1, Preço=10.00 (Dia 10)
Evento registrado: Produto=4, Qtd=1, Preço=10.00 (Dia 10)
Evento registrado: Produto=5, Qtd=1, Preço=10.00 (Dia 10)
Evento registrado: Produto=3, Qtd=1, Preço=10.00 (Dia 10)
Evento registrado: Produto=2, Qtd=1, Preço=10.00 (Dia 10)
Evento registrado: Produto=5, Qtd=1, Preço=10.00 (Dia 10)
Evento registrado: Produto=4, Qtd=1, Preço=10.00 (Dia 10)
Evento registrado: Produto=1, Qtd=1, Preço=10.00 (Dia 10)
Evento registrado: Produto=1, Qtd=1, Preço=10.00 (Dia 10)
Evento registrado: Produto=3, Qtd=1, Preço=10.00 (Dia 10)
Evento registrado: Produto=2, Qtd=1, Preço=10.00 (Dia 10)
Evento registrado: Produto=1, Qtd=1, Preço=10.00 (Dia 10)
Evento registrado: Produto=2, Qtd=1, Preço=10.00 (Dia 10)
Evento registrado: Produto=3, Qtd=1, Preço=10.00 (Dia 10)
Evento registrado: Produto=4, Qtd=1, Preço=10.00 (Dia 10)
Evento registrado: Produto=1, Qtd=1, Preço=10.00 (Dia 10)
Evento registrado: Produto=3, Qtd=1, Preço=10.00 (Dia 10)
Evento registrado: Produto=5, Qtd=1, Preço=10.00 (Dia 10)
Evento registrado: Produto=3, Qtd=1, Preço=10.00 (Dia 10)
Evento registrado: Produto=4, Qtd=1, Preço=10.00 (Dia 10)
Evento registrado: Produto=5, Qtd=1, Preço=10.00 (Dia 10)
Evento registrado: Produto=3, Qtd=1, Preço=10.00 (Dia 10)
Evento registrado: Produto=1, Qtd=1, Preço=10.00 (Dia 10)
Evento registrado: Produto=2, Qtd=1, Preço=10.00 (Dia 10)
Evento registrado: Produto=2, Qtd=1, Preço=10.00 (Dia 10)
Evento registrado: Produto=1, Qtd=1, Preço=10.00 (Dia 10)
Evento registrado: Produto=4, Qtd=1, Preço=10.00 (Dia 10)
Evento registrado: Produto=2, Qtd=1, Preço=10.00 (Dia 10)
Evento registrado: Produto=1, Qtd=1, Preço=10.00 (Dia 10)
Evento registrado: Produto=1, Qtd=1, Preço=10.00 (Dia 10)
Evento registrado: Produto=3, Qtd=1, Preço=10.00 (Dia 10)
Evento registrado: Produto=4, Qtd=1, Preço=10.00 (Dia 10)
Evento registrado: Produto=2, Qtd=1, Preço=10.00 (Dia 10)
Evento registrado: Produto=5, Qtd=1, Preço=10.00 (Dia 10)
Evento registrado: Produto=4, Qtd=1, Preço=10.00 (Dia 10)
Evento registrado: Produto=3, Qtd=1, Preço=10.00 (Dia 10)
Evento registrado: Produto=5, Qtd=1, Preço=10.00 (Dia 10)
Evento registrado: Produto=4, Qtd=1, Preço=10.00 (Dia 10)
Evento registrado: Produto=5, Qtd=1, Preço=10.00 (Dia 10)
Evento registrado: Produto=5, Qtd=1, Preço=10.00 (Dia 10)
Evento registrado: Produto=3, Qtd=1, Preço=10.00 (Dia 10)
Evento registrado: Produto=2, Qtd=1, Preço=10.00 (Dia 10)
Evento registrado: Produto=1, Qtd=1, Preço=10.00 (Dia 10)
Evento registrado: Produto=1, Qtd=1, Preço=10.00 (Dia 10)
Evento registrado: Produto=2, Qtd=1, Preço=10.00 (Dia 10)
Evento registrado: Produto=1, Qtd=1, Preço=10.00 (Dia 10)
Evento registrado: Produto=3, Qtd=1, Preço=10.00 (Dia 10)
Evento registrado: Produto=1, Qtd=1, Preço=10.00 (Dia 10)
Evento registrado: Produto=2, Qtd=1, Preço=10.00 (Dia 10)
Evento registrado: Produto=5, Qtd=1, Preço=10.00 (Dia 10)
Evento registrado: Produto=4, Qtd=1, Preço=10.00 (Dia 10)
Evento registrado: Produto=4, Qtd=1, Preço=10.00 (Dia 10)
Evento registrado: Produto=4, Qtd=1, Preço=10.00 (Dia 10)
Evento registrado: Produto=3, Qtd=1, Preço=10.00 (Dia 10)
Evento registrado: Produto=3, Qtd=1, Preço=10.00 (Dia 10)
Evento registrado: Produto=5, Qtd=1, Preço=10.00 (Dia 10)
Evento registrado: Produto=2, Qtd=1, Preço=10.00 (Dia 10)
Evento registrado: Produto=5, Qtd=1, Preço=10.00 (Dia 10)
Evento registrado: Produto=5, Qtd=1, Preço=10.00 (Dia 10)
Evento registrado: Produto=2, Qtd=1, Preço=10.00 (Dia 10)
Evento registrado: Produto=4, Qtd=1, Preço=10.00 (Dia 10)
Evento registrado: Produto=1, Qtd=1, Preço=10.00 (Dia 10)
Evento registrado: Produto=3, Qtd=1, Preço=10.00 (Dia 10)
Evento registrado: Produto=4, Qtd=1, Preço=10.00 (Dia 10)
Evento registrado: Produto=1, Qtd=1, Preço=10.00 (Dia 10)
Evento registrado: Produto=2, Qtd=1, Preço=10.00 (Dia 10)
Evento registrado: Produto=4, Qtd=1, Preço=10.00 (Dia 10)
Evento registrado: Produto=2, Qtd=1, Preço=10.00 (Dia 10)
Evento registrado: Produto=3, Qtd=1, Preço=10.00 (Dia 10)
Evento registrado: Produto=4, Qtd=1, Preço=10.00 (Dia 10)
Evento registrado: Produto=5, Qtd=1, Preço=10.00 (Dia 10)
Evento registrado: Produto=1, Qtd=1, Preço=10.00 (Dia 10)
Evento registrado: Produto=3, Qtd=1, Preço=10.00 (Dia 10)
Evento registrado: Produto=5, Qtd=1, Preço=10.00 (Dia 10)
Evento registrado: Produto=3, Qtd=1, Preço=10.00 (Dia 10)
Evento registrado: Produto=1, Qtd=1, Preço=10.00 (Dia 10)
Evento registrado: Produto=2, Qtd=1, Preço=10.00 (Dia 10)
Evento registrado: Produto=5, Qtd=1, Preço=10.00 (Dia 10)
Evento registrado: Produto=4, Qtd=1, Preço=10.00 (Dia 10)
Evento registrado: Produto=2, Qtd=1, Preço=10.00 (Dia 10)
Evento registrado: Produto=1, Qtd=1, Preço=10.00 (Dia 10)
Evento registrado: Produto=3, Qtd=1, Preço=10.00 (Dia 10)
Evento registrado: Produto=5, Qtd=1, Preço=10.00 (Dia 10)
Evento registrado: Produto=4, Qtd=1, Preço=10.00 (Dia 10)
Evento registrado: Produto=4, Qtd=1, Preço=10.00 (Dia 10)
Evento registrado: Produto=3, Qtd=1, Preço=10.00 (Dia 10)
Evento registrado: Produto=2, Qtd=1, Preço=10.00 (Dia 10)
Evento registrado: Produto=1, Qtd=1, Preço=10.00 (Dia 10)
Evento registrado: Produto=5, Qtd=1, Preço=10.00 (Dia 10)
Evento registrado: Produto=4, Qtd=1, Preço=10.00 (Dia 10)
Evento registrado: Produto=5, Qtd=1, Preço=10.00 (Dia 10)
Evento registrado: Produto=1, Qtd=1, Preço=10.00 (Dia 10)
Evento registrado: Produto=2, Qtd=1, Preço=10.00 (Dia 10)
Evento registrado: Produto=1, Qtd=1, Preço=10.00 (Dia 10)
Evento registrado: Produto=2, Qtd=1, Preço=10.00 (Dia 10)
Evento registrado: Produto=3, Qtd=1, Preço=10.00 (Dia 10)
Evento registrado: Produto=3, Qtd=1, Preço=10.00 (Dia 10)
Evento registrado: Produto=1, Qtd=1, Preço=10.00 (Dia 10)
Evento registrado: Produto=5, Qtd=1, Preço=10.00 (Dia 10)
Evento registrado: Produto=4, Qtd=1, Preço=10.00 (Dia 10)
Evento registrado: Produto=3, Qtd=1, Preço=10.00 (Dia 10)
Evento registrado: Produto=1, Qtd=1, Preço=10.00 (Dia 10)
Evento registrado: Produto=2, Qtd=1, Preço=10.00 (Dia 10)
Evento registrado: Produto=4, Qtd=1, Preço=10.00 (Dia 10)
Evento registrado: Produto=2, Qtd=1, Preço=10.00 (Dia 10)
Evento registrado: Produto=4, Qtd=1, Preço=10.00 (Dia 10)
Evento registrado: Produto=2, Qtd=1, Preço=10.00 (Dia 10)
Evento registrado: Produto=2, Qtd=1, Preço=10.00 (Dia 10)
Evento registrado: Produto=1, Qtd=1, Preço=10.00 (Dia 10)
Evento registrado: Produto=5, Qtd=1, Preço=10.00 (Dia 10)
Evento registrado: Produto=5, Qtd=1, Preço=10.00 (Dia 10)
Evento registrado: Produto=5, Qtd=1, Preço=10.00 (Dia 10)
Evento registrado: Produto=1, Qtd=1, Preço=10.00 (Dia 10)
Evento registrado: Produto=3, Qtd=1, Preço=10.00 (Dia 10)
Evento registrado: Produto=3, Qtd=1, Preço=10.00 (Dia 10)
Evento registrado: Produto=3, Qtd=1, Preço=10.00 (Dia 10)
Evento registrado: Produto=4, Qtd=1, Preço=10.00 (Dia 10)
Evento registrado: Produto=1, Qtd=1, Preço=10.00 (Dia 10)
Evento registrado: Produto=2, Qtd=1, Preço=10.00 (Dia 10)
Evento registrado: Produto=5, Qtd=1, Preço=10.00 (Dia 10)
Evento registrado: Produto=4, Qtd=1, Preço=10.00 (Dia 10)
Evento registrado: Produto=4, Qtd=1, Preço=10.00 (Dia 10)
Evento registrado: Produto=2, Qtd=1, Preço=10.00 (Dia 10)
Evento registrado: Produto=4, Qtd=1, Preço=10.00 (Dia 10)
Evento registrado: Produto=3, Qtd=1, Preço=10.00 (Dia 10)
Evento registrado: Produto=2, Qtd=1, Preço=10.00 (Dia 10)
Evento registrado: Produto=3, Qtd=1, Preço=10.00 (Dia 10)
Evento registrado: Produto=1, Qtd=1, Preço=10.00 (Dia 10)
Evento registrado: Produto=2, Qtd=1, Preço=10.00 (Dia 10)
Evento registrado: Produto=1, Qtd=1, Preço=10.00 (Dia 10)
Evento registrado: Produto=5, Qtd=1, Preço=10.00 (Dia 10)
Evento registrado: Produto=3, Qtd=1, Preço=10.00 (Dia 10)
Evento registrado: Produto=5, Qtd=1, Preço=10.00 (Dia 10)
Evento registrado: Produto=4, Qtd=1, Preço=10.00 (Dia 10)
Evento registrado: Produto=5, Qtd=1, Preço=10.00 (Dia 10)
Evento registrado: Produto=1, Qtd=1, Preço=10.00 (Dia 10)
Evento registrado: Produto=3, Qtd=1, Preço=10.00 (Dia 10)
Evento registrado: Produto=2, Qtd=1, Preço=10.00 (Dia 10)
Evento registrado: Produto=3, Qtd=1, Preço=10.00 (Dia 10)
Evento registrado: Produto=5, Qtd=1, Preço=10.00 (Dia 10)
Evento registrado: Produto=4, Qtd=1, Preço=10.00 (Dia 10)
Evento registrado: Produto=4, Qtd=1, Preço=10.00 (Dia 10)
Evento registrado: Produto=1, Qtd=1, Preço=10.00 (Dia 10)
Evento registrado: Produto=4, Qtd=1, Preço=10.00 (Dia 10)
Evento registrado: Produto=2, Qtd=1, Preço=10.00 (Dia 10)
Evento registrado: Produto=5, Qtd=1, Preço=10.00 (Dia 10)
Evento registrado: Produto=4, Qtd=1, Preço=10.00 (Dia 10)
Evento registrado: Produto=2, Qtd=1, Preço=10.00 (Dia 10)
Evento registrado: Produto=3, Qtd=1, Preço=10.00 (Dia 10)
Evento registrado: Produto=2, Qtd=1, Preço=10.00 (Dia 10)
Evento registrado: Produto=5, Qtd=1, Preço=10.00 (Dia 10)
Evento registrado: Produto=5, Qtd=1, Preço=10.00 (Dia 10)
Evento registrado: Produto=1, Qtd=1, Preço=10.00 (Dia 10)
Evento registrado: Produto=3, Qtd=1, Preço=10.00 (Dia 10)
Evento registrado: Produto=3, Qtd=1, Preço=10.00 (Dia 10)
Evento registrado: Produto=1, Qtd=1, Preço=10.00 (Dia 10)
Evento registrado: Produto=1, Qtd=1, Preço=10.00 (Dia 10)
Evento registrado: Produto=3, Qtd=1, Preço=10.00 (Dia 10)
Evento registrado: Produto=5, Qtd=1, Preço=10.00 (Dia 10)
Evento registrado: Produto=4, Qtd=1, Preço=10.00 (Dia 10)
Evento registrado: Produto=2, Qtd=1, Preço=10.00 (Dia 10)
Evento registrado: Produto=2, Qtd=1, Preço=10.00 (Dia 10)
Evento registrado: Produto=5, Qtd=1, Preço=10.00 (Dia 10)
Evento registrado: Produto=2, Qtd=1, Preço=10.00 (Dia 10)
Evento registrado: Produto=4, Qtd=1, Preço=10.00 (Dia 10)
Evento registrado: Produto=5, Qtd=1, Preço=10.00 (Dia 10)
Evento registrado: Produto=1, Qtd=1, Preço=10.00 (Dia 10)
Evento registrado: Produto=1, Qtd=1, Preço=10.00 (Dia 10)
Evento registrado: Produto=1, Qtd=1, Preço=10.00 (Dia 10)
Evento registrado: Produto=2, Qtd=1, Preço=10.00 (Dia 10)
Evento registrado: Produto=3, Qtd=1, Preço=10.00 (Dia 10)
Evento registrado: Produto=1, Qtd=1, Preço=10.00 (Dia 10)
Evento registrado: Produto=4, Qtd=1, Preço=10.00 (Dia 10)
Evento registrado: Produto=3, Qtd=1, Preço=10.00 (Dia 10)
Evento registrado: Produto=5, Qtd=1, Preço=10.00 (Dia 10)
Evento registrado: Produto=4, Qtd=1, Preço=10.00 (Dia 10)
Evento registrado: Produto=3, Qtd=1, Preço=10.00 (Dia 10)
Evento registrado: Produto=5, Qtd=1, Preço=10.00 (Dia 10)
Evento registrado: Produto=3, Qtd=1, Preço=10.00 (Dia 10)
Evento registrado: Produto=2, Qtd=1, Preço=10.00 (Dia 10)
Evento registrado: Produto=5, Qtd=1, Preço=10.00 (Dia 10)
Evento registrado: Produto=2, Qtd=1, Preço=10.00 (Dia 10)
Evento registrado: Produto=5, Qtd=1, Preço=10.00 (Dia 10)
Evento registrado: Produto=2, Qtd=1, Preço=10.00 (Dia 10)
Evento registrado: Produto=4, Qtd=1, Preço=10.00 (Dia 10)
Evento registrado: Produto=3, Qtd=1, Preço=10.00 (Dia 10)
Evento registrado: Produto=2, Qtd=1, Preço=10.00 (Dia 10)
Evento registrado: Produto=1, Qtd=1, Preço=10.00 (Dia 10)
Evento registrado: Produto=1, Qtd=1, Preço=10.00 (Dia 10)
Evento registrado: Produto=3, Qtd=1, Preço=10.00 (Dia 10)
Evento registrado: Produto=1, Qtd=1, Preço=10.00 (Dia 10)
Evento registrado: Produto=3, Qtd=1, Preço=10.00 (Dia 10)
Evento registrado: Produto=4, Qtd=1, Preço=10.00 (Dia 10)
Evento registrado: Produto=1, Qtd=1, Preço=10.00 (Dia 10)
Evento registrado: Produto=5, Qtd=1, Preço=10.00 (Dia 10)
Evento registrado: Produto=4, Qtd=1, Preço=10.00 (Dia 10)
Evento registrado: Produto=4, Qtd=1, Preço=10.00 (Dia 10)
Evento registrado: Produto=5, Qtd=1, Preço=10.00 (Dia 10)
Evento registrado: Produto=3, Qtd=1, Preço=10.00 (Dia 10)
Evento registrado: Produto=5, Qtd=1, Preço=10.00 (Dia 10)
Evento registrado: Produto=3, Qtd=1, Preço=10.00 (Dia 10)
Evento registrado: Produto=1, Qtd=1, Preço=10.00 (Dia 10)
Evento registrado: Produto=2, Qtd=1, Preço=10.00 (Dia 10)
Evento registrado: Produto=4, Qtd=1, Preço=10.00 (Dia 10)
Evento registrado: Produto=1, Qtd=1, Preço=10.00 (Dia 10)
Evento registrado: Produto=4, Qtd=1, Preço=10.00 (Dia 10)
Evento registrado: Produto=5, Qtd=1, Preço=10.00 (Dia 10)
Evento registrado: Produto=1, Qtd=1, Preço=10.00 (Dia 10)
Evento registrado: Produto=2, Qtd=1, Preço=10.00 (Dia 10)
Evento registrado: Produto=2, Qtd=1, Preço=10.00 (Dia 10)
Evento registrado: Produto=2, Qtd=1, Preço=10.00 (Dia 10)
Evento registrado: Produto=3, Qtd=1, Preço=10.00 (Dia 10)
Evento registrado: Produto=5, Qtd=1, Preço=10.00 (Dia 10)
Evento registrado: Produto=1, Qtd=1, Preço=10.00 (Dia 10)
Evento registrado: Produto=3, Qtd=1, Preço=10.00 (Dia 10)
Evento registrado: Produto=4, Qtd=1, Preço=10.00 (Dia 10)
Evento registrado: Produto=4, Qtd=1, Preço=10.00 (Dia 10)
Evento registrado: Produto=5, Qtd=1, Preço=10.00 (Dia 10)
Evento registrado: Produto=1, Qtd=1, Preço=10.00 (Dia 10)
Evento registrado: Produto=5, Qtd=1, Preço=10.00 (Dia 10)
Evento registrado: Produto=2, Qtd=1, Preço=10.00 (Dia 10)
Evento registrado: Produto=5, Qtd=1, Preço=10.00 (Dia 10)
Evento registrado: Produto=3, Qtd=1, Preço=10.00 (Dia 10)
Evento registrado: Produto=3, Qtd=1, Preço=10.00 (Dia 10)
Evento registrado: Produto=1, Qtd=1, Preço=10.00 (Dia 10)
Evento registrado: Produto=2, Qtd=1, Preço=10.00 (Dia 10)
Evento registrado: Produto=2, Qtd=1, Preço=10.00 (Dia 10)
Evento registrado: Produto=3, Qtd=1, Preço=10.00 (Dia 10)
Evento registrado: Produto=1, Qtd=1, Preço=10.00 (Dia 10)
Evento registrado: Produto=3, Qtd=1, Preço=10.00 (Dia 10)
Evento registrado: Produto=4, Qtd=1, Preço=10.00 (Dia 10)
Evento registrado: Produto=2, Qtd=1, Preço=10.00 (Dia 10)
Evento registrado: Produto=1, Qtd=1, Preço=10.00 (Dia 10)
Evento registrado: Produto=5, Qtd=1, Preço=10.00 (Dia 10)
Evento registrado: Produto=4, Qtd=1, Preço=10.00 (Dia 10)
Evento registrado: Produto=4, Qtd=1, Preço=10.00 (Dia 10)
Evento registrado: Produto=4, Qtd=1, Preço=10.00 (Dia 10)
Evento registrado: Produto=1, Qtd=1, Preço=10.00 (Dia 10)
Evento registrado: Produto=1, Qtd=1, Preço=10.00 (Dia 10)
Evento registrado: Produto=5, Qtd=1, Preço=10.00 (Dia 10)
Evento registrado: Produto=5, Qtd=1, Preço=10.00 (Dia 10)
Evento registrado: Produto=3, Qtd=1, Preço=10.00 (Dia 10)
Evento registrado: Produto=2, Qtd=1, Preço=10.00 (Dia 10)
Evento registrado: Produto=3, Qtd=1, Preço=10.00 (Dia 10)
Evento registrado: Produto=2, Qtd=1, Preço=10.00 (Dia 10)
Evento registrado: Produto=5, Qtd=1, Preço=10.00 (Dia 10)
Evento registrado: Produto=2, Qtd=1, Preço=10.00 (Dia 10)
Evento registrado: Produto=1, Qtd=1, Preço=10.00 (Dia 10)
Evento registrado: Produto=4, Qtd=1, Preço=10.00 (Dia 10)
Evento registrado: Produto=3, Qtd=1, Preço=10.00 (Dia 10)
Evento registrado: Produto=2, Qtd=1, Preço=10.00 (Dia 10)
Evento registrado: Produto=3, Qtd=1, Preço=10.00 (Dia 10)
Evento registrado: Produto=5, Qtd=1, Preço=10.00 (Dia 10)
Evento registrado: Produto=1, Qtd=1, Preço=10.00 (Dia 10)
Evento registrado: Produto=4, Qtd=1, Preço=10.00 (Dia 10)
Evento registrado: Produto=4, Qtd=1, Preço=10.00 (Dia 10)
Evento registrado: Produto=4, Qtd=1, Preço=10.00 (Dia 10)
Evento registrado: Produto=1, Qtd=1, Preço=10.00 (Dia 10)
Evento registrado: Produto=2, Qtd=1, Preço=10.00 (Dia 10)
Evento registrado: Produto=5, Qtd=1, Preço=10.00 (Dia 10)
Evento registrado: Produto=1, Qtd=1, Preço=10.00 (Dia 10)
Evento registrado: Produto=3, Qtd=1, Preço=10.00 (Dia 10)
Evento registrado: Produto=4, Qtd=1, Preço=10.00 (Dia 10)
Evento registrado: Produto=2, Qtd=1, Preço=10.00 (Dia 10)
Evento registrado: Produto=5, Qtd=1, Preço=10.00 (Dia 10)
Evento registrado: Produto=1, Qtd=1, Preço=10.00 (Dia 10)
Evento registrado: Produto=5, Qtd=1, Preço=10.00 (Dia 10)
Evento registrado: Produto=5, Qtd=1, Preço=10.00 (Dia 10)
Evento registrado: Produto=3, Qtd=1, Preço=10.00 (Dia 10)
Evento registrado: Produto=1, Qtd=1, Preço=10.00 (Dia 10)
Evento registrado: Produto=2, Qtd=1, Preço=10.00 (Dia 10)
Evento registrado: Produto=3, Qtd=1, Preço=10.00 (Dia 10)
Evento registrado: Produto=3, Qtd=1, Preço=10.00 (Dia 10)
Evento registrado: Produto=4, Qtd=1, Preço=10.00 (Dia 10)
Evento registrado: Produto=4, Qtd=1, Preço=10.00 (Dia 10)
Evento registrado: Produto=4, Qtd=1, Preço=10.00 (Dia 10)
Evento registrado: Produto=2, Qtd=1, Preço=10.00 (Dia 10)
Evento registrado: Produto=1, Qtd=1, Preço=10.00 (Dia 10)
Evento registrado: Produto=2, Qtd=1, Preço=10.00 (Dia 10)
Evento registrado: Produto=3, Qtd=1, Preço=10.00 (Dia 10)
Evento registrado: Produto=1, Qtd=1, Preço=10.00 (Dia 10)
Evento registrado: Produto=5, Qtd=1, Preço=10.00 (Dia 10)
Evento registrado: Produto=5, Qtd=1, Preço=10.00 (Dia 10)
Evento registrado: Produto=2, Qtd=1, Preço=10.00 (Dia 10)
Evento registrado: Produto=1, Qtd=1, Preço=10.00 (Dia 10)
Evento registrado: Produto=4, Qtd=1, Preço=10.00 (Dia 10)
Evento registrado: Produto=3, Qtd=1, Preço=10.00 (Dia 10)
Evento registrado: Produto=4, Qtd=1, Preço=10.00 (Dia 10)
Evento registrado: Produto=2, Qtd=1, Preço=10.00 (Dia 10)
Evento registrado: Produto=1, Qtd=1, Preço=10.00 (Dia 10)
Evento registrado: Produto=5, Qtd=1, Preço=10.00 (Dia 10)
Evento registrado: Produto=5, Qtd=1, Preço=10.00 (Dia 10)
Evento registrado: Produto=3, Qtd=1, Preço=10.00 (Dia 10)
Evento registrado: Produto=3, Qtd=1, Preço=10.00 (Dia 10)
Evento registrado: Produto=4, Qtd=1, Preço=10.00 (Dia 10)
Evento registrado: Produto=4, Qtd=1, Preço=10.00 (Dia 10)
Evento registrado: Produto=2, Qtd=1, Preço=10.00 (Dia 10)
Evento registrado: Produto=3, Qtd=1, Preço=10.00 (Dia 10)
Evento registrado: Produto=3, Qtd=1, Preço=10.00 (Dia 10)
Evento registrado: Produto=2, Qtd=1, Preço=10.00 (Dia 10)
Evento registrado: Produto=1, Qtd=1, Preço=10.00 (Dia 10)
Evento registrado: Produto=2, Qtd=1, Preço=10.00 (Dia 10)
Evento registrado: Produto=4, Qtd=1, Preço=10.00 (Dia 10)
Evento registrado: Produto=5, Qtd=1, Preço=10.00 (Dia 10)
Evento registrado: Produto=5, Qtd=1, Preço=10.00 (Dia 10)
Evento registrado: Produto=3, Qtd=1, Preço=10.00 (Dia 10)
Evento registrado: Produto=1, Qtd=1, Preço=10.00 (Dia 10)
Evento registrado: Produto=2, Qtd=1, Preço=10.00 (Dia 10)
Evento registrado: Produto=4, Qtd=1, Preço=10.00 (Dia 10)
Evento registrado: Produto=5, Qtd=1, Preço=10.00 (Dia 10)
Evento registrado: Produto=1, Qtd=1, Preço=10.00 (Dia 10)
Evento registrado: Produto=1, Qtd=1, Preço=10.00 (Dia 10)
Evento registrado: Produto=2, Qtd=1, Preço=10.00 (Dia 10)
Evento registrado: Produto=4, Qtd=1, Preço=10.00 (Dia 10)
Evento registrado: Produto=5, Qtd=1, Preço=10.00 (Dia 10)
Evento registrado: Produto=3, Qtd=1, Preço=10.00 (Dia 10)
Evento registrado: Produto=4, Qtd=1, Preço=10.00 (Dia 10)
Evento registrado: Produto=2, Qtd=1, Preço=10.00 (Dia 10)
Evento registrado: Produto=1, Qtd=1, Preço=10.00 (Dia 10)
Evento registrado: Produto=2, Qtd=1, Preço=10.00 (Dia 10)
Evento registrado: Produto=5, Qtd=1, Preço=10.00 (Dia 10)
Evento registrado: Produto=1, Qtd=1, Preço=10.00 (Dia 10)
Evento registrado: Produto=4, Qtd=1, Preço=10.00 (Dia 10)
Evento registrado: Produto=3, Qtd=1, Preço=10.00 (Dia 10)
Evento registrado: Produto=3, Qtd=1, Preço=10.00 (Dia 10)
Evento registrado: Produto=2, Qtd=1, Preço=10.00 (Dia 10)
Evento registrado: Produto=4, Qtd=1, Preço=10.00 (Dia 10)
Evento registrado: Produto=1, Qtd=1, Preço=10.00 (Dia 10)
Evento registrado: Produto=4, Qtd=1, Preço=10.00 (Dia 10)
Evento registrado: Produto=3, Qtd=1, Preço=10.00 (Dia 10)
Evento registrado: Produto=5, Qtd=1, Preço=10.00 (Dia 10)
Evento registrado: Produto=2, Qtd=1, Preço=10.00 (Dia 10)
Evento registrado: Produto=5, Qtd=1, Preço=10.00 (Dia 10)
Evento registrado: Produto=5, Qtd=1, Preço=10.00 (Dia 10)
Evento registrado: Produto=3, Qtd=1, Preço=10.00 (Dia 10)
Evento registrado: Produto=4, Qtd=1, Preço=10.00 (Dia 10)
Evento registrado: Produto=1, Qtd=1, Preço=10.00 (Dia 10)
Evento registrado: Produto=1, Qtd=1, Preço=10.00 (Dia 10)
Evento registrado: Produto=5, Qtd=1, Preço=10.00 (Dia 10)
Evento registrado: Produto=1, Qtd=1, Preço=10.00 (Dia 10)
Evento registrado: Produto=2, Qtd=1, Preço=10.00 (Dia 10)
Evento registrado: Produto=2, Qtd=1, Preço=10.00 (Dia 10)
Evento registrado: Produto=3, Qtd=1, Preço=10.00 (Dia 10)
Evento registrado: Produto=1, Qtd=1, Preço=10.00 (Dia 10)
Evento registrado: Produto=2, Qtd=1, Preço=10.00 (Dia 10)
Evento registrado: Produto=4, Qtd=1, Preço=10.00 (Dia 10)
Evento registrado: Produto=1, Qtd=1, Preço=10.00 (Dia 10)
Evento registrado: Produto=5, Qtd=1, Preço=10.00 (Dia 10)
Evento registrado: Produto=5, Qtd=1, Preço=10.00 (Dia 10)
Evento registrado: Produto=3, Qtd=1, Preço=10.00 (Dia 10)
Evento registrado: Produto=4, Qtd=1, Preço=10.00 (Dia 10)
Evento registrado: Produto=3, Qtd=1, Preço=10.00 (Dia 10)
Evento registrado: Produto=4, Qtd=1, Preço=10.00 (Dia 10)
Evento registrado: Produto=2, Qtd=1, Preço=10.00 (Dia 10)
Evento registrado: Produto=4, Qtd=1, Preço=10.00 (Dia 10)
Evento registrado: Produto=5, Qtd=1, Preço=10.00 (Dia 10)
Evento registrado: Produto=3, Qtd=1, Preço=10.00 (Dia 10)
Evento registrado: Produto=1, Qtd=1, Preço=10.00 (Dia 10)
Evento registrado: Produto=2, Qtd=1, Preço=10.00 (Dia 10)
Evento registrado: Produto=5, Qtd=1, Preço=10.00 (Dia 10)
Evento registrado: Produto=1, Qtd=1, Preço=10.00 (Dia 10)
Evento registrado: Produto=3, Qtd=1, Preço=10.00 (Dia 10)
Evento registrado: Produto=2, Qtd=1, Preço=10.00 (Dia 10)
Evento registrado: Produto=4, Qtd=1, Preço=10.00 (Dia 10)
Evento registrado: Produto=3, Qtd=1, Preço=10.00 (Dia 10)
Evento registrado: Produto=5, Qtd=1, Preço=10.00 (Dia 10)
Evento registrado: Produto=1, Qtd=1, Preço=10.00 (Dia 10)
Evento registrado: Produto=5, Qtd=1, Preço=10.00 (Dia 10)
Evento registrado: Produto=3, Qtd=1, Preço=10.00 (Dia 10)
Evento registrado: Produto=5, Qtd=1, Preço=10.00 (Dia 10)
Evento registrado: Produto=2, Qtd=1, Preço=10.00 (Dia 10)
Evento registrado: Produto=4, Qtd=1, Preço=10.00 (Dia 10)
Evento registrado: Produto=4, Qtd=1, Preço=10.00 (Dia 10)
Evento registrado: Produto=4, Qtd=1, Preço=10.00 (Dia 10)
Evento registrado: Produto=1, Qtd=1, Preço=10.00 (Dia 10)
Evento registrado: Produto=2, Qtd=1, Preço=10.00 (Dia 10)
Evento registrado: Produto=3, Qtd=1, Preço=10.00 (Dia 10)
Evento registrado: Produto=1, Qtd=1, Preço=10.00 (Dia 10)
Evento registrado: Produto=2, Qtd=1, Preço=10.00 (Dia 10)
Evento registrado: Produto=1, Qtd=1, Preço=10.00 (Dia 10)
Evento registrado: Produto=2, Qtd=1, Preço=10.00 (Dia 10)
Evento registrado: Produto=3, Qtd=1, Preço=10.00 (Dia 10)
Evento registrado: Produto=4, Qtd=1, Preço=10.00 (Dia 10)
Evento registrado: Produto=5, Qtd=1, Preço=10.00 (Dia 10)
Evento registrado: Produto=3, Qtd=1, Preço=10.00 (Dia 10)
Evento registrado: Produto=4, Qtd=1, Preço=10.00 (Dia 10)
Evento registrado: Produto=5, Qtd=1, Preço=10.00 (Dia 10)
Evento registrado: Produto=2, Qtd=1, Preço=10.00 (Dia 10)
Evento registrado: Produto=5, Qtd=1, Preço=10.00 (Dia 10)
Evento registrado: Produto=4, Qtd=1, Preço=10.00 (Dia 10)
Evento registrado: Produto=3, Qtd=1, Preço=10.00 (Dia 10)
Evento registrado: Produto=4, Qtd=1, Preço=10.00 (Dia 10)
Evento registrado: Produto=2, Qtd=1, Preço=10.00 (Dia 10)
Evento registrado: Produto=1, Qtd=1, Preço=10.00 (Dia 10)
Evento registrado: Produto=1, Qtd=1, Preço=10.00 (Dia 10)
Evento registrado: Produto=5, Qtd=1, Preço=10.00 (Dia 10)
Evento registrado: Produto=3, Qtd=1, Preço=10.00 (Dia 10)
Evento registrado: Produto=3, Qtd=1, Preço=10.00 (Dia 10)
Evento registrado: Produto=1, Qtd=1, Preço=10.00 (Dia 10)
Evento registrado: Produto=2, Qtd=1, Preço=10.00 (Dia 10)
Evento registrado: Produto=4, Qtd=1, Preço=10.00 (Dia 10)
Evento registrado: Produto=1, Qtd=1, Preço=10.00 (Dia 10)
Evento registrado: Produto=4, Qtd=1, Preço=10.00 (Dia 10)
Evento registrado: Produto=2, Qtd=1, Preço=10.00 (Dia 10)
Evento registrado: Produto=2, Qtd=1, Preço=10.00 (Dia 10)
Evento registrado: Produto=5, Qtd=1, Preço=10.00 (Dia 10)
Evento registrado: Produto=5, Qtd=1, Preço=10.00 (Dia 10)
Evento registrado: Produto=4, Qtd=1, Preço=10.00 (Dia 10)
Evento registrado: Produto=5, Qtd=1, Preço=10.00 (Dia 10)
Evento registrado: Produto=1, Qtd=1, Preço=10.00 (Dia 10)
Evento registrado: Produto=1, Qtd=1, Preço=10.00 (Dia 10)
Evento registrado: Produto=3, Qtd=1, Preço=10.00 (Dia 10)
Evento registrado: Produto=5, Qtd=1, Preço=10.00 (Dia 10)
Evento registrado: Produto=4, Qtd=1, Preço=10.00 (Dia 10)
Evento registrado: Produto=2, Qtd=1, Preço=10.00 (Dia 10)
Evento registrado: Produto=3, Qtd=1, Preço=10.00 (Dia 10)
Evento registrado: Produto=3, Qtd=1, Preço=10.00 (Dia 10)
Evento registrado: Produto=3, Qtd=1, Preço=10.00 (Dia 10)
Evento registrado: Produto=5, Qtd=1, Preço=10.00 (Dia 10)
Evento registrado: Produto=2, Qtd=1, Preço=10.00 (Dia 10)
Evento registrado: Produto=4, Qtd=1, Preço=10.00 (Dia 10)
Evento registrado: Produto=2, Qtd=1, Preço=10.00 (Dia 10)
Evento registrado: Produto=4, Qtd=1, Preço=10.00 (Dia 10)
Evento registrado: Produto=5, Qtd=1, Preço=10.00 (Dia 10)
Evento registrado: Produto=1, Qtd=1, Preço=10.00 (Dia 10)
Evento registrado: Produto=1, Qtd=1, Preço=10.00 (Dia 10)
Evento registrado: Produto=2, Qtd=1, Preço=10.00 (Dia 10)
Evento registrado: Produto=2, Qtd=1, Preço=10.00 (Dia 10)
Evento registrado: Produto=3, Qtd=1, Preço=10.00 (Dia 10)
Evento registrado: Produto=5, Qtd=1, Preço=10.00 (Dia 10)
Evento registrado: Produto=5, Qtd=1, Preço=10.00 (Dia 10)
Evento registrado: Produto=4, Qtd=1, Preço=10.00 (Dia 10)
Evento registrado: Produto=3, Qtd=1, Preço=10.00 (Dia 10)
Evento registrado: Produto=4, Qtd=1, Preço=10.00 (Dia 10)
Evento registrado: Produto=3, Qtd=1, Preço=10.00 (Dia 10)
Evento registrado: Produto=1, Qtd=1, Preço=10.00 (Dia 10)
Evento registrado: Produto=1, Qtd=1, Preço=10.00 (Dia 10)
Evento registrado: Produto=5, Qtd=1, Preço=10.00 (Dia 10)
Evento registrado: Produto=4, Qtd=1, Preço=10.00 (Dia 10)
Evento registrado: Produto=2, Qtd=1, Preço=10.00 (Dia 10)
Evento registrado: Produto=4, Qtd=1, Preço=10.00 (Dia 10)
Evento registrado: Produto=1, Qtd=1, Preço=10.00 (Dia 10)
Evento registrado: Produto=2, Qtd=1, Preço=10.00 (Dia 10)
Evento registrado: Produto=1, Qtd=1, Preço=10.00 (Dia 10)
Evento registrado: Produto=2, Qtd=1, Preço=10.00 (Dia 10)
Evento registrado: Produto=4, Qtd=1, Preço=10.00 (Dia 10)
Evento registrado: Produto=4, Qtd=1, Preço=10.00 (Dia 10)
Evento registrado: Produto=5, Qtd=1, Preço=10.00 (Dia 10)
Evento registrado: Produto=5, Qtd=1, Preço=10.00 (Dia 10)
Evento registrado: Produto=3, Qtd=1, Preço=10.00 (Dia 10)
Evento registrado: Produto=3, Qtd=1, Preço=10.00 (Dia 10)
Evento registrado: Produto=3, Qtd=1, Preço=10.00 (Dia 10)
Evento registrado: Produto=2, Qtd=1, Preço=10.00 (Dia 10)
Evento registrado: Produto=3, Qtd=1, Preço=10.00 (Dia 10)
Evento registrado: Produto=1, Qtd=1, Preço=10.00 (Dia 10)
Evento registrado: Produto=1, Qtd=1, Preço=10.00 (Dia 10)
Evento registrado: Produto=5, Qtd=1, Preço=10.00 (Dia 10)
Evento registrado: Produto=2, Qtd=1, Preço=10.00 (Dia 10)
Evento registrado: Produto=4, Qtd=1, Preço=10.00 (Dia 10)
Evento registrado: Produto=4, Qtd=1, Preço=10.00 (Dia 10)
Evento registrado: Produto=4, Qtd=1, Preço=10.00 (Dia 10)
Evento registrado: Produto=4, Qtd=1, Preço=10.00 (Dia 10)
Evento registrado: Produto=3, Qtd=1, Preço=10.00 (Dia 10)
Evento registrado: Produto=2, Qtd=1, Preço=10.00 (Dia 10)
Evento registrado: Produto=3, Qtd=1, Preço=10.00 (Dia 10)
Evento registrado: Produto=1, Qtd=1, Preço=10.00 (Dia 10)
Evento registrado: Produto=5, Qtd=1, Preço=10.00 (Dia 10)
Evento registrado: Produto=2, Qtd=1, Preço=10.00 (Dia 10)
Evento registrado: Produto=1, Qtd=1, Preço=10.00 (Dia 10)
Evento registrado: Produto=5, Qtd=1, Preço=10.00 (Dia 10)
Evento registrado: Produto=3, Qtd=1, Preço=10.00 (Dia 10)
Evento registrado: Produto=1, Qtd=1, Preço=10.00 (Dia 10)
Evento registrado: Produto=3, Qtd=1, Preço=10.00 (Dia 10)
Evento registrado: Produto=2, Qtd=1, Preço=10.00 (Dia 10)
Evento registrado: Produto=5, Qtd=1, Preço=10.00 (Dia 10)
Evento registrado: Produto=1, Qtd=1, Preço=10.00 (Dia 10)
Evento registrado: Produto=5, Qtd=1, Preço=10.00 (Dia 10)
Evento registrado: Produto=2, Qtd=1, Preço=10.00 (Dia 10)
Evento registrado: Produto=4, Qtd=1, Preço=10.00 (Dia 10)
Evento registrado: Produto=3, Qtd=1, Preço=10.00 (Dia 10)
Evento registrado: Produto=4, Qtd=1, Preço=10.00 (Dia 10)
Evento registrado: Produto=4, Qtd=1, Preço=10.00 (Dia 10)
Evento registrado: Produto=3, Qtd=1, Preço=10.00 (Dia 10)
Evento registrado: Produto=1, Qtd=1, Preço=10.00 (Dia 10)
Evento registrado: Produto=2, Qtd=1, Preço=10.00 (Dia 10)
Evento registrado: Produto=4, Qtd=1, Preço=10.00 (Dia 10)
Evento registrado: Produto=3, Qtd=1, Preço=10.00 (Dia 10)
Evento registrado: Produto=5, Qtd=1, Preço=10.00 (Dia 10)
Evento registrado: Produto=5, Qtd=1, Preço=10.00 (Dia 10)
Evento registrado: Produto=2, Qtd=1, Preço=10.00 (Dia 10)
Evento registrado: Produto=1, Qtd=1, Preço=10.00 (Dia 10)
Evento registrado: Produto=1, Qtd=1, Preço=10.00 (Dia 10)
Evento registrado: Produto=5, Qtd=1, Preço=10.00 (Dia 10)
Evento registrado: Produto=1, Qtd=1, Preço=10.00 (Dia 10)
Evento registrado: Produto=3, Qtd=1, Preço=10.00 (Dia 10)
Evento registrado: Produto=2, Qtd=1, Preço=10.00 (Dia 10)
Evento registrado: Produto=5, Qtd=1, Preço=10.00 (Dia 10)
Evento registrado: Produto=4, Qtd=1, Preço=10.00 (Dia 10)
Evento registrado: Produto=1, Qtd=1, Preço=10.00 (Dia 10)
Evento registrado: Produto=2, Qtd=1, Preço=10.00 (Dia 10)
Evento registrado: Produto=1, Qtd=1, Preço=10.00 (Dia 10)
Evento registrado: Produto=4, Qtd=1, Preço=10.00 (Dia 10)
Evento registrado: Produto=3, Qtd=1, Preço=10.00 (Dia 10)
Evento registrado: Produto=1, Qtd=1, Preço=10.00 (Dia 10)
Evento registrado: Produto=5, Qtd=1, Preço=10.00 (Dia 10)
Evento registrado: Produto=2, Qtd=1, Preço=10.00 (Dia 10)
Evento registrado: Produto=3, Qtd=1, Preço=10.00 (Dia 10)
Evento registrado: Produto=3, Qtd=1, Preço=10.00 (Dia 10)
Evento registrado: Produto=2, Qtd=1, Preço=10.00 (Dia 10)
Evento registrado: Produto=5, Qtd=1, Preço=10.00 (Dia 10)
Evento registrado: Produto=4, Qtd=1, Preço=10.00 (Dia 10)
Evento registrado: Produto=4, Qtd=1, Preço=10.00 (Dia 10)
Evento registrado: Produto=3, Qtd=1, Preço=10.00 (Dia 10)
Evento registrado: Produto=5, Qtd=1, Preço=10.00 (Dia 10)
Evento registrado: Produto=5, Qtd=1, Preço=10.00 (Dia 10)
Evento registrado: Produto=2, Qtd=1, Preço=10.00 (Dia 10)
Evento registrado: Produto=1, Qtd=1, Preço=10.00 (Dia 10)
Evento registrado: Produto=4, Qtd=1, Preço=10.00 (Dia 10)
Evento registrado: Produto=5, Qtd=1, Preço=10.00 (Dia 10)
Evento registrado: Produto=2, Qtd=1, Preço=10.00 (Dia 10)
Evento registrado: Produto=3, Qtd=1, Preço=10.00 (Dia 10)
Evento registrado: Produto=3, Qtd=1, Preço=10.00 (Dia 10)
Evento registrado: Produto=1, Qtd=1, Preço=10.00 (Dia 10)
Evento registrado: Produto=2, Qtd=1, Preço=10.00 (Dia 10)
Evento registrado: Produto=4, Qtd=1, Preço=10.00 (Dia 10)
Evento registrado: Produto=2, Qtd=1, Preço=10.00 (Dia 10)
Evento registrado: Produto=3, Qtd=1, Preço=10.00 (Dia 10)
Evento registrado: Produto=5, Qtd=1, Preço=10.00 (Dia 10)
Evento registrado: Produto=4, Qtd=1, Preço=10.00 (Dia 10)
Evento registrado: Produto=1, Qtd=1, Preço=10.00 (Dia 10)
Evento registrado: Produto=3, Qtd=1, Preço=10.00 (Dia 10)
Evento registrado: Produto=2, Qtd=1, Preço=10.00 (Dia 10)
Evento registrado: Produto=5, Qtd=1, Preço=10.00 (Dia 10)
Evento registrado: Produto=1, Qtd=1, Preço=10.00 (Dia 10)
Evento registrado: Produto=5, Qtd=1, Preço=10.00 (Dia 10)
Evento registrado: Produto=4, Qtd=1, Preço=10.00 (Dia 10)
Evento registrado: Produto=1, Qtd=1, Preço=10.00 (Dia 10)
Evento registrado: Produto=3, Qtd=1, Preço=10.00 (Dia 10)
Evento registrado: Produto=4, Qtd=1, Preço=10.00 (Dia 10)
Evento registrado: Produto=5, Qtd=1, Preço=10.00 (Dia 10)
Evento registrado: Produto=5, Qtd=1, Preço=10.00 (Dia 10)
Evento registrado: Produto=2, Qtd=1, Preço=10.00 (Dia 10)
Evento registrado: Produto=4, Qtd=1, Preço=10.00 (Dia 10)
Evento registrado: Produto=2, Qtd=1, Preço=10.00 (Dia 10)
Evento registrado: Produto=2, Qtd=1, Preço=10.00 (Dia 10)
Evento registrado: Produto=5, Qtd=1, Preço=10.00 (Dia 10)
Evento registrado: Produto=3, Qtd=1, Preço=10.00 (Dia 10)
Evento registrado: Produto=2, Qtd=1, Preço=10.00 (Dia 10)
Evento registrado: Produto=3, Qtd=1, Preço=10.00 (Dia 10)
Evento registrado: Produto=1, Qtd=1, Preço=10.00 (Dia 10)
Evento registrado: Produto=3, Qtd=1, Preço=10.00 (Dia 10)
Evento registrado: Produto=4, Qtd=1, Preço=10.00 (Dia 10)
Evento registrado: Produto=4, Qtd=1, Preço=10.00 (Dia 10)
Evento registrado: Produto=1, Qtd=1, Preço=10.00 (Dia 10)
Evento registrado: Produto=5, Qtd=1, Preço=10.00 (Dia 10)
Evento registrado: Produto=1, Qtd=1, Preço=10.00 (Dia 10)
Evento registrado: Produto=1, Qtd=1, Preço=10.00 (Dia 10)
Evento registrado: Produto=2, Qtd=1, Preço=10.00 (Dia 10)
Evento registrado: Produto=2, Qtd=1, Preço=10.00 (Dia 10)
Evento registrado: Produto=5, Qtd=1, Preço=10.00 (Dia 10)
Evento registrado: Produto=3, Qtd=1, Preço=10.00 (Dia 10)
Evento registrado: Produto=5, Qtd=1, Preço=10.00 (Dia 10)
Evento registrado: Produto=4, Qtd=1, Preço=10.00 (Dia 10)
Evento registrado: Produto=5, Qtd=1, Preço=10.00 (Dia 10)
Evento registrado: Produto=3, Qtd=1, Preço=10.00 (Dia 10)
Evento registrado: Produto=2, Qtd=1, Preço=10.00 (Dia 10)
Evento registrado: Produto=1, Qtd=1, Preço=10.00 (Dia 10)
Evento registrado: Produto=3, Qtd=1, Preço=10.00 (Dia 10)
Evento registrado: Produto=3, Qtd=1, Preço=10.00 (Dia 10)
Evento registrado: Produto=4, Qtd=1, Preço=10.00 (Dia 10)
Evento registrado: Produto=1, Qtd=1, Preço=10.00 (Dia 10)
Evento registrado: Produto=4, Qtd=1, Preço=10.00 (Dia 10)
Evento registrado: Produto=1, Qtd=1, Preço=10.00 (Dia 10)
Evento registrado: Produto=4, Qtd=1, Preço=10.00 (Dia 10)
Evento registrado: Produto=1, Qtd=1, Preço=10.00 (Dia 10)
Evento registrado: Produto=5, Qtd=1, Preço=10.00 (Dia 10)
Evento registrado: Produto=2, Qtd=1, Preço=10.00 (Dia 10)
Evento registrado: Produto=2, Qtd=1, Preço=10.00 (Dia 10)
Evento registrado: Produto=2, Qtd=1, Preço=10.00 (Dia 10)
Evento registrado: Produto=3, Qtd=1, Preço=10.00 (Dia 10)
Evento registrado: Produto=3, Qtd=1, Preço=10.00 (Dia 10)
Evento registrado: Produto=3, Qtd=1, Preço=10.00 (Dia 10)
Evento registrado: Produto=3, Qtd=1, Preço=10.00 (Dia 10)
Evento registrado: Produto=1, Qtd=1, Preço=10.00 (Dia 10)
Evento registrado: Produto=4, Qtd=1, Preço=10.00 (Dia 10)
Evento registrado: Produto=5, Qtd=1, Preço=10.00 (Dia 10)
Evento registrado: Produto=1, Qtd=1, Preço=10.00 (Dia 10)
Evento registrado: Produto=5, Qtd=1, Preço=10.00 (Dia 10)
Evento registrado: Produto=4, Qtd=1, Preço=10.00 (Dia 10)
Evento registrado: Produto=4, Qtd=1, Preço=10.00 (Dia 10)
Evento registrado: Produto=4, Qtd=1, Preço=10.00 (Dia 10)
Evento registrado: Produto=5, Qtd=1, Preço=10.00 (Dia 10)
Evento registrado: Produto=5, Qtd=1, Preço=10.00 (Dia 10)
Evento registrado: Produto=1, Qtd=1, Preço=10.00 (Dia 10)
Evento registrado: Produto=2, Qtd=1, Preço=10.00 (Dia 10)
Evento registrado: Produto=2, Qtd=1, Preço=10.00 (Dia 10)
Evento registrado: Produto=1, Qtd=1, Preço=10.00 (Dia 10)
Evento registrado: Produto=3, Qtd=1, Preço=10.00 (Dia 10)
Evento registrado: Produto=2, Qtd=1, Preço=10.00 (Dia 10)
Evento registrado: Produto=1, Qtd=1, Preço=10.00 (Dia 10)
Evento registrado: Produto=3, Qtd=1, Preço=10.00 (Dia 10)
Evento registrado: Produto=5, Qtd=1, Preço=10.00 (Dia 10)
Evento registrado: Produto=2, Qtd=1, Preço=10.00 (Dia 10)
Evento registrado: Produto=3, Qtd=1, Preço=10.00 (Dia 10)
Evento registrado: Produto=4, Qtd=1, Preço=10.00 (Dia 10)
Evento registrado: Produto=4, Qtd=1, Preço=10.00 (Dia 10)
Evento registrado: Produto=3, Qtd=1, Preço=10.00 (Dia 10)
Evento registrado: Produto=5, Qtd=1, Preço=10.00 (Dia 10)
Evento registrado: Produto=2, Qtd=1, Preço=10.00 (Dia 10)
Evento registrado: Produto=1, Qtd=1, Preço=10.00 (Dia 10)
Evento registrado: Produto=4, Qtd=1, Preço=10.00 (Dia 10)
Evento registrado: Produto=1, Qtd=1, Preço=10.00 (Dia 10)
Evento registrado: Produto=2, Qtd=1, Preço=10.00 (Dia 10)
Evento registrado: Produto=5, Qtd=1, Preço=10.00 (Dia 10)
Evento registrado: Produto=5, Qtd=1, Preço=10.00 (Dia 10)
Evento registrado: Produto=4, Qtd=1, Preço=10.00 (Dia 10)
Evento registrado: Produto=1, Qtd=1, Preço=10.00 (Dia 10)
Evento registrado: Produto=5, Qtd=1, Preço=10.00 (Dia 10)
Evento registrado: Produto=3, Qtd=1, Preço=10.00 (Dia 10)
Evento registrado: Produto=3, Qtd=1, Preço=10.00 (Dia 10)
Evento registrado: Produto=2, Qtd=1, Preço=10.00 (Dia 10)
Evento registrado: Produto=4, Qtd=1, Preço=10.00 (Dia 10)
Evento registrado: Produto=1, Qtd=1, Preço=10.00 (Dia 10)
Evento registrado: Produto=5, Qtd=1, Preço=10.00 (Dia 10)
Evento registrado: Produto=1, Qtd=1, Preço=10.00 (Dia 10)
Evento registrado: Produto=3, Qtd=1, Preço=10.00 (Dia 10)
Evento registrado: Produto=5, Qtd=1, Preço=10.00 (Dia 10)
Evento registrado: Produto=4, Qtd=1, Preço=10.00 (Dia 10)
Evento registrado: Produto=4, Qtd=1, Preço=10.00 (Dia 10)
Evento registrado: Produto=3, Qtd=1, Preço=10.00 (Dia 10)
Evento registrado: Produto=4, Qtd=1, Preço=10.00 (Dia 10)
Evento registrado: Produto=2, Qtd=1, Preço=10.00 (Dia 10)
Evento registrado: Produto=1, Qtd=1, Preço=10.00 (Dia 10)
Evento registrado: Produto=5, Qtd=1, Preço=10.00 (Dia 10)
Evento registrado: Produto=1, Qtd=1, Preço=10.00 (Dia 10)
Evento registrado: Produto=2, Qtd=1, Preço=10.00 (Dia 10)
Evento registrado: Produto=2, Qtd=1, Preço=10.00 (Dia 10)
Evento registrado: Produto=1, Qtd=1, Preço=10.00 (Dia 10)
Evento registrado: Produto=5, Qtd=1, Preço=10.00 (Dia 10)
Evento registrado: Produto=3, Qtd=1, Preço=10.00 (Dia 10)
Evento registrado: Produto=5, Qtd=1, Preço=10.00 (Dia 10)
Evento registrado: Produto=1, Qtd=1, Preço=10.00 (Dia 10)
Evento registrado: Produto=3, Qtd=1, Preço=10.00 (Dia 10)
Evento registrado: Produto=1, Qtd=1, Preço=10.00 (Dia 10)
Evento registrado: Produto=4, Qtd=1, Preço=10.00 (Dia 10)
Evento registrado: Produto=5, Qtd=1, Preço=10.00 (Dia 10)
Evento registrado: Produto=4, Qtd=1, Preço=10.00 (Dia 10)
Evento registrado: Produto=3, Qtd=1, Preço=10.00 (Dia 10)
Evento registrado: Produto=5, Qtd=1, Preço=10.00 (Dia 10)
Evento registrado: Produto=2, Qtd=1, Preço=10.00 (Dia 10)
Evento registrado: Produto=4, Qtd=1, Preço=10.00 (Dia 10)
Evento registrado: Produto=1, Qtd=1, Preço=10.00 (Dia 10)
Evento registrado: Produto=2, Qtd=1, Preço=10.00 (Dia 10)
Evento registrado: Produto=3, Qtd=1, Preço=10.00 (Dia 10)
Evento registrado: Produto=2, Qtd=1, Preço=10.00 (Dia 10)
Evento registrado: Produto=4, Qtd=1, Preço=10.00 (Dia 10)
Evento registrado: Produto=2, Qtd=1, Preço=10.00 (Dia 10)
ConnectionPool fechado
ConnectionPool fechado
ConnectionPool fechado
Desconectado do servidor
ConnectionPool fechado
Desconectado do servidor
ConnectionPool fechado
ConnectionPool fechado
ConnectionPool fechado
ConnectionPool fechado
Desconectado do servidor
Desconectado do servidor
ConnectionPool fechado
ConnectionPool fechado
Desconectado do servidor
ConnectionPool fechado
ConnectionPool fechado
Desconectado do servidor
ConnectionPool fechado
ConnectionPool fechado
Desconectado do servidor
ConnectionPool fechado
ConnectionPool fechado
ConnectionPool fechado
Desconectado do servidor
ConnectionPool fechado
ConnectionPool fechado
Desconectado do servidor
ConnectionPool fechado
ConnectionPool fechado
Desconectado do servidor
ConnectionPool fechado
ConnectionPool fechado
Desconectado do servidor
ConnectionPool fechado
ConnectionPool fechado
Desconectado do servidor
Cliente desconectado: /127.0.0.1
Cliente desconectado: /127.0.0.1
ConnectionPool fechado
ConnectionPool fechado
Desconectado do servidor
[Server] Cliente removido: /127.0.0.1 (Restantes: 19)
Cliente desconectado: /127.0.0.1
ConnectionPool fechado
ConnectionPool fechado
Desconectado do servidor
Cliente desconectado: /127.0.0.1
Cliente desconectado: /127.0.0.1
[Server] Cliente removido: /127.0.0.1 (Restantes: 18)
ConnectionPool fechado
ConnectionPool fechado
Desconectado do servidor
Cliente desconectado: /127.0.0.1
[Server] Cliente removido: /127.0.0.1 (Restantes: 17)
Cliente desconectado: /127.0.0.1
Cliente desconectado: /127.0.0.1
[Server] Cliente removido: /127.0.0.1 (Restantes: 16)
ConnectionPool fechado
ConnectionPool fechado
ConnectionPool fechado
Desconectado do servidor
Cliente desconectado: /127.0.0.1
ConnectionPool fechado
Desconectado do servidor
Cliente desconectado: /127.0.0.1
[Server] Cliente removido: /127.0.0.1 (Restantes: 15)
Cliente desconectado: /127.0.0.1
[Server] Cliente removido: /127.0.0.1 (Restantes: 14)
Cliente desconectado: /127.0.0.1
[Server] Cliente removido: /127.0.0.1 (Restantes: 13)
ConnectionPool fechado
ConnectionPool fechado
Desconectado do servidor
Cliente desconectado: /127.0.0.1
Cliente desconectado: /127.0.0.1
Cliente desconectado: /127.0.0.1
[Server] Cliente removido: /127.0.0.1 (Restantes: 12)
ConnectionPool fechado
ConnectionPool fechado
Desconectado do servidor
[Server] Cliente removido: /127.0.0.1 (Restantes: 11)
Cliente desconectado: /127.0.0.1
[Server] Cliente removido: /127.0.0.1 (Restantes: 10)
ConnectionPool fechado
Desconectado do servidor
Cliente desconectado: /127.0.0.1
[Server] Cliente removido: /127.0.0.1 (Restantes: 9)
[Server] Cliente removido: /127.0.0.1 (Restantes: 8)
Cliente desconectado: /127.0.0.1
[Server] Cliente removido: /127.0.0.1 (Restantes: 7)
Cliente desconectado: /127.0.0.1
Cliente desconectado: /127.0.0.1
[Server] Cliente removido: /127.0.0.1 (Restantes: 6)
[Server] Cliente removido: /127.0.0.1 (Restantes: 5)
[Server] Cliente removido: /127.0.0.1 (Restantes: 4)
[Server] Cliente removido: /127.0.0.1 (Restantes: 3)
[Server] Cliente removido: /127.0.0.1 (Restantes: 2)
[Server] Cliente removido: /127.0.0.1 (Restantes: 1)
[Server] Cliente removido: /127.0.0.1 (Restantes: 0)
[Sustentado] Taxa sucesso: 100.0%

==================================================
  ENCERRANDO SERVIDOR
==================================================

[0/4] Notificando clientes...

========================================
Notificando 0 clientes sobre shutdown...
========================================
Notificados 0 clientes
ServerSocket fechado.

[1/4] Fechando sockets de clientes...
Nenhum socket de cliente para fechar.

[2/4] Encerrando client handlers...
  Chamando shutdown em Client Handler Pool...
  Aguardando término de Client Handler Pool (timeout: 5s)...
  ✓ Client Handler Pool encerrada com sucesso.

[3/5] Processando requests pendentes...
✓ Todas requests pendentes foram processadas.

[4/4] Cleanup concluído.
==================================================
  SERVIDOR ENCERRADO COM SUCESSO
==================================================

DeadlockMonitor parado
Encerrando RequestDispatcher...
RequestDispatcher encerrado
[[1;34mINFO[m] [1;32mTests run: [0;1;32m4[m, Failures: 0, Errors: 0, Skipped: 0, Time elapsed: 41.86 s -- in testes.[1mStressTest[m
[[1;34mINFO[m] Running testes.[1mConnectionPoolTest[m
ConnectionPool fechado
ConnectionPool fechado
ConnectionPool fechado
ConnectionPool fechado
ConnectionPool fechado
ConnectionPool fechado
[[1;34mINFO[m] [1;32mTests run: [0;1;32m6[m, Failures: 0, Errors: 0, Skipped: 0, Time elapsed: 0.474 s -- in testes.[1mConnectionPoolTest[m
[[1;34mINFO[m] Running testes.[1mPerformanceMetricsTest[m
[[1;34mINFO[m] [1;32mTests run: [0;1;32m15[m, Failures: 0, Errors: 0, Skipped: 0, Time elapsed: 0.553 s -- in testes.[1mPerformanceMetricsTest[m
[[1;34mINFO[m] Running testes.[1mCacheManagerTest[m
Dia 0 salvo: 5 produtos
Dia 1 salvo: 5 produtos
Dia 2 salvo: 5 produtos
Dia 3 salvo: 5 produtos
Dia 4 salvo: 5 produtos
Dia 5 salvo: 5 produtos
Dia 6 salvo: 5 produtos
Dia 7 salvo: 5 produtos
Dia 8 salvo: 5 produtos
Dia 9 salvo: 5 produtos
Dia 0 carregado: 5 produtos
Carregada série dia 0 para memória (1/5)
Agregações do dia 0 removidas da cache
Série do dia 0 removida da memória
Dia 0 carregado: 5 produtos
Carregada série dia 0 para memória (1/5)
Dia 0 carregado: 5 produtos
Carregada série dia 0 para memória (1/5)
Dia 1 carregado: 5 produtos
Carregada série dia 1 para memória (2/5)
Dia 2 carregado: 5 produtos
Carregada série dia 2 para memória (3/5)
Dia 3 carregado: 5 produtos
Carregada série dia 3 para memória (4/5)
Dia 4 carregado: 5 produtos
Carregada série dia 4 para memória (5/5)
Dia 0 carregado: 5 produtos
Carregada série dia 0 para memória (1/3)
Dia 1 carregado: 5 produtos
Carregada série dia 1 para memória (2/3)
Dia 2 carregado: 5 produtos
Carregada série dia 2 para memória (3/3)
Dia 0 carregado: 5 produtos
Carregada série dia 0 para memória (1/5)
Dia 1 carregado: 5 produtos
Carregada série dia 1 para memória (2/5)
Dia 2 carregado: 5 produtos
Carregada série dia 2 para memória (3/5)
Dia 0 carregado: 5 produtos
Carregada série dia 0 para memória (1/5)
Dia 0 carregado: 5 produtos
Carregada série dia 0 para memória (1/5)
[[1;34mINFO[m] [1;32mTests run: [0;1;32m6[m, Failures: 0, Errors: 0, Skipped: 0, Time elapsed: 0.021 s -- in testes.[1mCacheManagerTest[m
Persistindo utilizadores antes de encerrar...
Persistindo utilizadores antes de encerrar...
Persistindo utilizadores antes de encerrar...
[[1;34mINFO[m] 
[[1;34mINFO[m] Results:
[[1;34mINFO[m] 
[[1;34mINFO[m] [1;32mTests run: 75, Failures: 0, Errors: 0, Skipped: 0[m
[[1;34mINFO[m] 
[[1;34mINFO[m] [1m------------------------------------------------------------------------[m
[[1;34mINFO[m] [1;32mBUILD SUCCESS[m
[[1;34mINFO[m] [1m------------------------------------------------------------------------[m
[[1;34mINFO[m] Total time:  01:24 min
[[1;34mINFO[m] Finished at: 2026-01-09T18:52:30Z
[[1;34mINFO[m] [1m------------------------------------------------------------------------[m
